09-19 16:45:47.644  2032  2032 V libnb   : enter native_bridge2_getTrampoline Java_com_hyphenate_chat_adapter_EMAChatConfig_nativeSetCallbackNet__Lcom_hyphenate_chat_adapter_EMANetCallback_2, trampoline_addr 0x0
09-19 16:45:47.644  2032  2032 V libnb   : enter native_bridge2_getTrampoline Java_com_hyphenate_chat_adapter_EMAChatConfig_nativeSetCallbackNet, trampoline_addr 0x0
09-19 16:45:47.644  2032  2032 V libnb   : enter native_bridge2_getTrampoline Java_com_hyphenate_chat_adapter_EMAChatConfig_nativeSetCallbackNet__Lcom_hyphenate_chat_adapter_EMANetCallback_2, trampoline_addr 0x0
09-19 16:45:47.644  2032  2032 V libnb   : enter native_bridge2_getTrampoline Java_com_hyphenate_chat_adapter_EMAChatConfig_nativeSetCallbackNet, trampoline_addr 0x0
09-19 16:45:47.644  2032  2032 V libnb   : enter native_bridge2_getTrampoline Java_com_hyphenate_chat_adapter_EMAChatConfig_nativeSetCallbackNet__Lcom_hyphenate_chat_adapter_EMANetCallback_2, trampoline_addr 0x0
09-19 16:45:47.644  2032  2032 V libnb   : enter native_bridge2_getTrampoline Java_com_hyphenate_chat_adapter_EMAChatConfig_nativeSetCallbackNet, trampoline_addr 0xb91b52a4
09-19 16:45:47.646  2032  2032 E EMClient: is autoLogin : true
09-19 16:45:47.646  2032  2032 E EMClient: lastLoginUser : love132275343127906
09-19 16:45:47.646  2032  2032 E EMClient: hyphenate SDK is initialized with version : 3.9.1.2
09-19 16:45:47.647  2032  2032 V libnb   : enter native_bridge2_getTrampoline Java_com_hyphenate_chat_adapter_EMASessionManager_nativeGetEncryptionKey, trampoline_addr 0x0
09-19 16:45:47.647  2032  2032 V libnb   : enter native_bridge2_getTrampoline Java_com_hyphenate_chat_adapter_EMASessionManager_nativeGetEncryptionKey__Ljava_lang_String_2, trampoline_addr 0x0
09-19 16:45:47.647  2032  2032 V libnb   : enter native_bridge2_getTrampoline Java_com_hyphenate_chat_adapter_EMASessionManager_nativeGetEncryptionKey, trampoline_addr 0x0
09-19 16:45:47.647  2032  2032 V libnb   : enter native_bridge2_getTrampoline Java_com_hyphenate_chat_adapter_EMASessionManager_nativeGetEncryptionKey__Ljava_lang_String_2, trampoline_addr 0x0
09-19 16:45:47.647  2032  2032 V libnb   : enter native_bridge2_getTrampoline Java_com_hyphenate_chat_adapter_EMASessionManager_nativeGetEncryptionKey, trampoline_addr 0x0
09-19 16:45:47.647  2032  2032 V libnb   : enter native_bridge2_getTrampoline Java_com_hyphenate_chat_adapter_EMASessionManager_nativeGetEncryptionKey__Ljava_lang_String_2, trampoline_addr 0x0
09-19 16:45:47.647  2032  2032 V libnb   : enter native_bridge2_getTrampoline Java_com_hyphenate_chat_adapter_EMASessionManager_nativeGetEncryptionKey, trampoline_addr 0xb91b526c
09-19 16:45:47.648  2032  2032 V libnb   : enter native_bridge2_getTrampoline Java_com_hyphenate_chat_adapter_EMAChatConfig_nativeSetDebugMode, trampoline_addr 0x0
09-19 16:45:47.648  2032  2032 V libnb   : enter native_bridge2_getTrampoline Java_com_hyphenate_chat_adapter_EMAChatConfig_nativeSetDebugMode__Z, trampoline_addr 0x0
09-19 16:45:47.648  2032  2032 V libnb   : enter native_bridge2_getTrampoline Java_com_hyphenate_chat_adapter_EMAChatConfig_nativeSetDebugMode, trampoline_addr 0x0
09-19 16:45:47.648  2032  2032 V libnb   : enter native_bridge2_getTrampoline Java_com_hyphenate_chat_adapter_EMAChatConfig_nativeSetDebugMode__Z, trampoline_addr 0x0
09-19 16:45:47.648  2032  2032 V libnb   : enter native_bridge2_getTrampoline Java_com_hyphenate_chat_adapter_EMAChatConfig_nativeSetDebugMode, trampoline_addr 0x0
09-19 16:45:47.648  2032  2032 V libnb   : enter native_bridge2_getTrampoline Java_com_hyphenate_chat_adapter_EMAChatConfig_nativeSetDebugMode__Z, trampoline_addr 0x0
09-19 16:45:47.648  2032  2032 V libnb   : enter native_bridge2_getTrampoline Java_com_hyphenate_chat_adapter_EMAChatConfig_nativeSetDebugMode, trampoline_addr 0xb91b5234
09-19 16:45:47.650  2032  2139 V libnb   : enter native_bridge2_getTrampoline Java_com_hyphenate_chat_adapter_EMAChatConfig_nativeOpenDatabase, trampoline_addr 0x0
09-19 16:45:47.650  2032  2139 V libnb   : enter native_bridge2_getTrampoline Java_com_hyphenate_chat_adapter_EMAChatConfig_nativeOpenDatabase__Ljava_lang_String_2, trampoline_addr 0x0
09-19 16:45:47.650  2032  2139 V libnb   : enter native_bridge2_getTrampoline Java_com_hyphenate_chat_adapter_EMAChatConfig_nativeOpenDatabase, trampoline_addr 0x0
09-19 16:45:47.650  2032  2139 V libnb   : enter native_bridge2_getTrampoline Java_com_hyphenate_chat_adapter_EMAChatConfig_nativeOpenDatabase__Ljava_lang_String_2, trampoline_addr 0x0
09-19 16:45:47.650  2032  2139 V libnb   : enter native_bridge2_getTrampoline Java_com_hyphenate_chat_adapter_EMAChatConfig_nativeOpenDatabase, trampoline_addr 0x0
09-19 16:45:47.650  2032  2139 V libnb   : enter native_bridge2_getTrampoline Java_com_hyphenate_chat_adapter_EMAChatConfig_nativeOpenDatabase__Ljava_lang_String_2, trampoline_addr 0x0
09-19 16:45:47.650  2032  2139 V libnb   : enter native_bridge2_getTrampoline Java_com_hyphenate_chat_adapter_EMAChatConfig_nativeOpenDatabase, trampoline_addr 0xb91b51fc
09-19 16:45:47.651  2032  2032 I MMKV    : <MemoryFile.cpp:97::open> open fd[0x48], /data/user/0/com.litatom.app/files/mmkv/user_conversation_sp
09-19 16:45:47.651  2032  2140 V libnb   : enter native_bridge2_getTrampoline Java_com_hyphenate_chat_adapter_EMAChatClient_native_1isConnected, trampoline_addr 0x0
09-19 16:45:47.651  2032  2140 V libnb   : enter native_bridge2_getTrampoline Java_com_hyphenate_chat_adapter_EMAChatClient_native_1isConnected__, trampoline_addr 0x0
09-19 16:45:47.651  2032  2032 I MMKV    : <MemoryFile.cpp:97::open> open fd[0x49], /data/user/0/com.litatom.app/files/mmkv/user_conversation_sp.crc
09-19 16:45:47.651  2032  2140 V libnb   : enter native_bridge2_getTrampoline Java_com_hyphenate_chat_adapter_EMAChatClient_native_1isConnected, trampoline_addr 0x0
09-19 16:45:47.651  2032  2140 V libnb   : enter native_bridge2_getTrampoline Java_com_hyphenate_chat_adapter_EMAChatClient_native_1isConnected__, trampoline_addr 0x0
09-19 16:45:47.651  2032  2140 V libnb   : enter native_bridge2_getTrampoline Java_com_hyphenate_chat_adapter_EMAChatClient_native_1isConnected, trampoline_addr 0x0
09-19 16:45:47.651  2032  2140 V libnb   : enter native_bridge2_getTrampoline Java_com_hyphenate_chat_adapter_EMAChatClient_native_1isConnected__, trampoline_addr 0x0
09-19 16:45:47.651  2032  2140 V libnb   : enter native_bridge2_getTrampoline Java_com_hyphenate_chat_adapter_EMAChatClient_native_1isConnected, trampoline_addr 0xb91b51c4
09-19 16:45:47.653  2032  2133 D ONE SDK : [2022/09/19 16:45:47:652]: sqlite version: 3.34.1
09-19 16:45:47.654  2032  2133 D ONE SDK : [2022/09/19 16:45:47:654]: sqlite version: 3.34.1
09-19 16:45:47.656  2032  2133 D ONE SDK : [2022/09/19 16:45:47:656]: performMigrationIfNecessary current DB version: 6
09-19 16:45:47.659  2032  2139 V libnb   : enter native_bridge2_getTrampoline Java_com_hyphenate_chat_adapter_EMAGroupManager_nativeLoadAllMyGroupsFromDB, trampoline_addr 0x0
09-19 16:45:47.659  2032  2139 V libnb   : enter native_bridge2_getTrampoline Java_com_hyphenate_chat_adapter_EMAGroupManager_nativeLoadAllMyGroupsFromDB__, trampoline_addr 0x0
09-19 16:45:47.659  2032  2139 V libnb   : enter native_bridge2_getTrampoline Java_com_hyphenate_chat_adapter_EMAGroupManager_nativeLoadAllMyGroupsFromDB, trampoline_addr 0x0
09-19 16:45:47.659  2032  2139 V libnb   : enter native_bridge2_getTrampoline Java_com_hyphenate_chat_adapter_EMAGroupManager_nativeLoadAllMyGroupsFromDB__, trampoline_addr 0x0
09-19 16:45:47.659  2032  2139 V libnb   : enter native_bridge2_getTrampoline Java_com_hyphenate_chat_adapter_EMAGroupManager_nativeLoadAllMyGroupsFromDB, trampoline_addr 0x0
09-19 16:45:47.659  2032  2139 V libnb   : enter native_bridge2_getTrampoline Java_com_hyphenate_chat_adapter_EMAGroupManager_nativeLoadAllMyGroupsFromDB__, trampoline_addr 0x0
09-19 16:45:47.659  2032  2139 V libnb   : enter native_bridge2_getTrampoline Java_com_hyphenate_chat_adapter_EMAGroupManager_nativeLoadAllMyGroupsFromDB, trampoline_addr 0xb91b518c
09-19 16:45:47.659  2032  2139 V libnb   : enter native_bridge2_getTrampoline Java_com_hyphenate_chat_adapter_EMAChatManager_nativeLoadAllConversationsFromDB, trampoline_addr 0x0
09-19 16:45:47.660  2032  2139 V libnb   : enter native_bridge2_getTrampoline Java_com_hyphenate_chat_adapter_EMAChatManager_nativeLoadAllConversationsFromDB__, trampoline_addr 0x0
09-19 16:45:47.660  2032  2139 V libnb   : enter native_bridge2_getTrampoline Java_com_hyphenate_chat_adapter_EMAChatManager_nativeLoadAllConversationsFromDB, trampoline_addr 0x0
09-19 16:45:47.660  2032  2139 V libnb   : enter native_bridge2_getTrampoline Java_com_hyphenate_chat_adapter_EMAChatManager_nativeLoadAllConversationsFromDB__, trampoline_addr 0x0
09-19 16:45:47.660  2032  2139 V libnb   : enter native_bridge2_getTrampoline Java_com_hyphenate_chat_adapter_EMAChatManager_nativeLoadAllConversationsFromDB, trampoline_addr 0x0
09-19 16:45:47.660  2032  2139 V libnb   : enter native_bridge2_getTrampoline Java_com_hyphenate_chat_adapter_EMAChatManager_nativeLoadAllConversationsFromDB__, trampoline_addr 0x0
09-19 16:45:47.660  2032  2139 V libnb   : enter native_bridge2_getTrampoline Java_com_hyphenate_chat_adapter_EMAChatManager_nativeLoadAllConversationsFromDB, trampoline_addr 0xb91b5154
09-19 16:45:47.660  2032  2133 D ONE SDK : [2022/09/19 16:45:47:660]: Java_com_hyphenate_chat_adapter_EMAChatManager_nativeLoadAllConversationsFromDB
09-19 16:45:47.672  2032  2032 I MMKV    : <MMKV_IO.cpp:81::loadFromFile> loading [user_conversation_sp] with 112 actual size, file size 4096, InterProcess 0, meta info version:3
09-19 16:45:47.672  2032  2032 I MMKV    : <MMKV_IO.cpp:86::loadFromFile> loading [user_conversation_sp] with crc 3321123128 sequence 3 version 3
09-19 16:45:47.672  2032  2032 I MMKV    : <MMKV_IO.cpp:130::loadFromFile> loaded [user_conversation_sp] with 2 key-values
09-19 16:45:47.680  2032  2133 D ONE SDK : [2022/09/19 16:45:47:680]: Java_com_hyphenate_chat_adapter_EMAChatManager_nativeLoadAllConversationsFromDB
09-19 16:45:47.681  2032  2032 I MMKV    : <MemoryFile.cpp:97::open> open fd[0x4b], /data/user/0/com.litatom.app/files/mmkv/diamond_sp_v2
09-19 16:45:47.681  2032  2032 I MMKV    : <MemoryFile.cpp:97::open> open fd[0x4c], /data/user/0/com.litatom.app/files/mmkv/diamond_sp_v2.crc
09-19 16:45:47.681  2032  2032 I MMKV    : <MMKV_IO.cpp:81::loadFromFile> loading [diamond_sp_v2] with 0 actual size, file size 4096, InterProcess 0, meta info version:1
09-19 16:45:47.681  2032  2032 I MMKV    : <MMKV_IO.cpp:130::loadFromFile> loaded [diamond_sp_v2] with 0 key-values
09-19 16:45:47.691  2032  2032 I MMKV    : <MemoryFile.cpp:97::open> open fd[0x4e], /data/user/0/com.litatom.app/files/mmkv/lit_web_page_cache
09-19 16:45:47.691  2032  2032 I MMKV    : <MemoryFile.cpp:97::open> open fd[0x50], /data/user/0/com.litatom.app/files/mmkv/lit_web_page_cache.crc
09-19 16:45:47.697  2032  2133 D ONE SDK : [2022/09/19 16:45:47:697]: msgList.size27
09-19 16:45:47.699  2032  2032 I MMKV    : <MMKV_IO.cpp:81::loadFromFile> loading [lit_web_page_cache] with 2335 actual size, file size 8192, InterProcess 0, meta info version:3
09-19 16:45:47.699  2032  2032 I MMKV    : <MMKV_IO.cpp:86::loadFromFile> loading [lit_web_page_cache] with crc 1616446305 sequence 2 version 3
09-19 16:45:47.699  2032  2032 I MMKV    : <MMKV_IO.cpp:130::loadFromFile> loaded [lit_web_page_cache] with 5 key-values
09-19 16:45:47.704  2032  2133 D ONE SDK : [2022/09/19 16:45:47:703]: conversationMap.size:28
09-19 16:45:47.705  2032  2139 V libnb   : enter native_bridge2_getTrampoline Java_com_hyphenate_chat_adapter_EMAConversation_nativeInit, trampoline_addr 0x0
09-19 16:45:47.705  2032  2139 V libnb   : enter native_bridge2_getTrampoline Java_com_hyphenate_chat_adapter_EMAConversation_nativeInit__, trampoline_addr 0x0
09-19 16:45:47.705  2032  2139 V libnb   : enter native_bridge2_getTrampoline Java_com_hyphenate_chat_adapter_EMAConversation_nativeInit, trampoline_addr 0x0
09-19 16:45:47.705  2032  2139 V libnb   : enter native_bridge2_getTrampoline Java_com_hyphenate_chat_adapter_EMAConversation_nativeInit__, trampoline_addr 0x0
09-19 16:45:47.705  2032  2139 V libnb   : enter native_bridge2_getTrampoline Java_com_hyphenate_chat_adapter_EMAConversation_nativeInit, trampoline_addr 0x0
09-19 16:45:47.705  2032  2139 V libnb   : enter native_bridge2_getTrampoline Java_com_hyphenate_chat_adapter_EMAConversation_nativeInit__, trampoline_addr 0x0
09-19 16:45:47.705  2032  2139 V libnb   : enter native_bridge2_getTrampoline Java_com_hyphenate_chat_adapter_EMAConversation_nativeInit, trampoline_addr 0x0
09-19 16:45:47.705  2032  2139 V libnb   : enter native_bridge2_getTrampoline Java_com_hyphenate_chat_adapter_EMAConversation_nativeInit__, trampoline_addr 0xb91b511c
09-19 16:45:47.706  2032  2139 V libnb   : enter native_bridge2_getTrampoline Java_com_hyphenate_chat_adapter_EMAChatConfig_nativeLogE, trampoline_addr 0x0
09-19 16:45:47.706  2032  2139 V libnb   : enter native_bridge2_getTrampoline Java_com_hyphenate_chat_adapter_EMAChatConfig_nativeLogE__Ljava_lang_String_2Ljava_lang_String_2, trampoline_addr 0x0
09-19 16:45:47.706  2032  2139 V libnb   : enter native_bridge2_getTrampoline Java_com_hyphenate_chat_adapter_EMAChatConfig_nativeLogE, trampoline_addr 0x0
09-19 16:45:47.706  2032  2139 V libnb   : enter native_bridge2_getTrampoline Java_com_hyphenate_chat_adapter_EMAChatConfig_nativeLogE__Ljava_lang_String_2Ljava_lang_String_2, trampoline_addr 0x0
09-19 16:45:47.706  2032  2139 V libnb   : enter native_bridge2_getTrampoline Java_com_hyphenate_chat_adapter_EMAChatConfig_nativeLogE, trampoline_addr 0x0
09-19 16:45:47.706  2032  2139 V libnb   : enter native_bridge2_getTrampoline Java_com_hyphenate_chat_adapter_EMAChatConfig_nativeLogE__Ljava_lang_String_2Ljava_lang_String_2, trampoline_addr 0x0
09-19 16:45:47.706  2032  2139 V libnb   : enter native_bridge2_getTrampoline Java_com_hyphenate_chat_adapter_EMAChatConfig_nativeLogE, trampoline_addr 0xb91b50e4
09-19 16:45:47.706  2032  2133 D ONE SDK : [2022/09/19 16:45:47:706]: [EMClient] emchat manager login in process:2032
09-19 16:45:47.706  2032  2140 V libnb   : enter native_bridge2_getTrampoline Java_com_hyphenate_chat_adapter_EMAError_nativeInit, trampoline_addr 0x0
09-19 16:45:47.706  2032  2140 V libnb   : enter native_bridge2_getTrampoline Java_com_hyphenate_chat_adapter_EMAError_nativeInit__, trampoline_addr 0x0
09-19 16:45:47.706  2032  2140 V libnb   : enter native_bridge2_getTrampoline Java_com_hyphenate_chat_adapter_EMAError_nativeInit, trampoline_addr 0x0
09-19 16:45:47.706  2032  2140 V libnb   : enter native_bridge2_getTrampoline Java_com_hyphenate_chat_adapter_EMAError_nativeInit__, trampoline_addr 0x0
09-19 16:45:47.706  2032  2140 V libnb   : enter native_bridge2_getTrampoline Java_com_hyphenate_chat_adapter_EMAError_nativeInit, trampoline_addr 0x0
09-19 16:45:47.706  2032  2140 V libnb   : enter native_bridge2_getTrampoline Java_com_hyphenate_chat_adapter_EMAError_nativeInit__, trampoline_addr 0x0
09-19 16:45:47.706  2032  2140 V libnb   : enter native_bridge2_getTrampoline Java_com_hyphenate_chat_adapter_EMAError_nativeInit, trampoline_addr 0x0
09-19 16:45:47.706  2032  2140 V libnb   : enter native_bridge2_getTrampoline Java_com_hyphenate_chat_adapter_EMAError_nativeInit__, trampoline_addr 0xb91b50ac
09-19 16:45:47.706  2032  2140 V libnb   : enter native_bridge2_getTrampoline Java_com_hyphenate_chat_adapter_EMAChatClient_native_1login, trampoline_addr 0x0
09-19 16:45:47.706  2032  2140 V libnb   : enter native_bridge2_getTrampoline Java_com_hyphenate_chat_adapter_EMAChatClient_native_1login__Ljava_lang_String_2Ljava_lang_String_2ZZLcom_hyphenate_chat_adapter_EMAError_2, trampoline_addr 0x0
09-19 16:45:47.706  2032  2140 V libnb   : enter native_bridge2_getTrampoline Java_com_hyphenate_chat_adapter_EMAChatClient_native_1login, trampoline_addr 0x0
09-19 16:45:47.706  2032  2140 V libnb   : enter native_bridge2_getTrampoline Java_com_hyphenate_chat_adapter_EMAChatClient_native_1login__Ljava_lang_String_2Ljava_lang_String_2ZZLcom_hyphenate_chat_adapter_EMAError_2, trampoline_addr 0x0
09-19 16:45:47.706  2032  2140 V libnb   : enter native_bridge2_getTrampoline Java_com_hyphenate_chat_adapter_EMAChatClient_native_1login, trampoline_addr 0x0
09-19 16:45:47.706  2032  2140 V libnb   : enter native_bridge2_getTrampoline Java_com_hyphenate_chat_adapter_EMAChatClient_native_1login__Ljava_lang_String_2Ljava_lang_String_2ZZLcom_hyphenate_chat_adapter_EMAError_2, trampoline_addr 0x0
09-19 16:45:47.706  2032  2140 V libnb   : enter native_bridge2_getTrampoline Java_com_hyphenate_chat_adapter_EMAChatClient_native_1login, trampoline_addr 0xb91b5074
09-19 16:45:47.706  2032  2133 D ONE SDK : [2022/09/19 16:45:47:706]: [EMClient] emchat manager login in process:2032 threadName:pool-34-thread-2 ID:167
09-19 16:45:47.711  2032  2133 D ONE SDK : [2022/09/19 16:45:47:710]: msgList.size27
09-19 16:45:47.712  2032  2133 D ONE SDK : [2022/09/19 16:45:47:712]: conversationMap.size:28
09-19 16:45:47.713  2032  2133 D ONE SDK : [2022/09/19 16:45:47:712]: autoLogin
09-19 16:45:47.713  2032  2133 D ONE SDK : [2022/09/19 16:45:47:712]: EMSessionManager::login(): is autoLogin? 1 type: 0, id: love132275343127906
09-19 16:45:47.713  2032  2133 D ONE SDK : [2022/09/19 16:45:47:712]: os version: 7.1.2
09-19 16:45:47.717  2032  2133 D ONE SDK : [2022/09/19 16:45:47:717]: current host: domain: mserver-sgp.easemob.com port: 443
09-19 16:45:47.717  2032  2133 D ONE SDK : [2022/09/19 16:45:47:717]: current host: domain: msync-im1-sgp.easemob.com port: 6717
09-19 16:45:47.717  2032  2133 D ONE SDK : [2022/09/19 16:45:47:717]: no im host with priority, using next host
09-19 16:45:47.717  2032  2133 D ONE SDK : [2022/09/19 16:45:47:717]: current host: domain: msync-im1-sgp.easemob.com port: 6717
09-19 16:45:47.719  2032  2133 D ONE SDK : [2022/09/19 16:45:47:719]: httprequest perform: https://mserver-sgp.easemob.com:443/api/v1/sdk/config?appkey=1102190223222824%23lit&version=3.9.1.2
09-19 16:45:47.729  2032  2032 W art     : Before Android 4.1, method double java.util.concurrent.ThreadLocalRandom.internalNextDouble(double, double) would have incorrectly overridden the package-private method in java.util.Random
09-19 16:45:47.729  2032  2032 W art     : Before Android 4.1, method int java.util.concurrent.ThreadLocalRandom.internalNextInt(int, int) would have incorrectly overridden the package-private method in java.util.Random
09-19 16:45:47.729  2032  2032 W art     : Before Android 4.1, method long java.util.concurrent.ThreadLocalRandom.internalNextLong(long, long) would have incorrectly overridden the package-private method in java.util.Random
09-19 16:45:47.730  2032  2133 D ONE SDK : [2022/09/19 16:45:47:730]: token status:  0
09-19 16:45:47.733  2032  2133 D ONE SDK : [2022/09/19 16:45:47:733]: log: level: 2, area: 1, ChatClient::connect() 
09-19 16:45:47.743  2032  2032 I MMKV    : <MemoryFile.cpp:97::open> open fd[0x5e], /data/user/0/com.litatom.app/files/mmkv/lit_string_resource
09-19 16:45:47.744  2032  2032 I MMKV    : <MemoryFile.cpp:97::open> open fd[0x5f], /data/user/0/com.litatom.app/files/mmkv/lit_string_resource.crc
09-19 16:45:47.744  2032  2032 I MMKV    : <MMKV_IO.cpp:81::loadFromFile> loading [lit_string_resource] with 1301 actual size, file size 4096, InterProcess 0, meta info version:3
09-19 16:45:47.744  2032  2032 I MMKV    : <MMKV_IO.cpp:86::loadFromFile> loading [lit_string_resource] with crc 3219267353 sequence 1 version 3
09-19 16:45:47.744  2032  2032 I MMKV    : <MMKV_IO.cpp:130::loadFromFile> loaded [lit_string_resource] with 13 key-values
09-19 16:45:47.749  2032  2133 D ONE SDK : [2022/09/19 16:45:47:749]: log: level: 1, area: 2, connectSocket(): start to connecting...
09-19 16:45:47.757  2032  2032 I MMKV    : <MemoryFile.cpp:97::open> open fd[0x60], /data/user/0/com.litatom.app/files/mmkv/lit_day_night
09-19 16:45:47.758  2032  2032 I MMKV    : <MemoryFile.cpp:97::open> open fd[0x61], /data/user/0/com.litatom.app/files/mmkv/lit_day_night.crc
09-19 16:45:47.758  2032  2032 I MMKV    : <MMKV_IO.cpp:81::loadFromFile> loading [lit_day_night] with 21 actual size, file size 4096, InterProcess 0, meta info version:3
09-19 16:45:47.758  2032  2032 I MMKV    : <MMKV_IO.cpp:86::loadFromFile> loading [lit_day_night] with crc 572047625 sequence 1 version 3
09-19 16:45:47.758  2032  2032 I MMKV    : <MMKV_IO.cpp:130::loadFromFile> loaded [lit_day_night] with 1 key-values
09-19 16:45:47.760  2032  2157 V libnb   : enter native_bridge2_getTrampoline Java_com_litatom_libguard_LibGuard_getSignCode, trampoline_addr 0x0
09-19 16:45:47.760  2032  2157 V libnb   : enter native_bridge2_getTrampoline Java_com_litatom_libguard_LibGuard_getSignCode__Landroid_content_Context_2J, trampoline_addr 0x0
09-19 16:45:47.760  2032  2157 V libnb   : enter native_bridge2_getTrampoline Java_com_litatom_libguard_LibGuard_getSignCode, trampoline_addr 0x0
09-19 16:45:47.760  2032  2157 V libnb   : enter native_bridge2_getTrampoline Java_com_litatom_libguard_LibGuard_getSignCode__Landroid_content_Context_2J, trampoline_addr 0x0
09-19 16:45:47.760  2032  2157 V libnb   : enter native_bridge2_getTrampoline Java_com_litatom_libguard_LibGuard_getSignCode, trampoline_addr 0xb91b503c
09-19 16:45:47.760  2032  2157 V libnb   : enter native_bridge2_getTrampoline Java_com_litatom_libguard_LibGuard_encodeShadowContent, trampoline_addr 0x0
09-19 16:45:47.760  2032  2157 V libnb   : enter native_bridge2_getTrampoline Java_com_litatom_libguard_LibGuard_encodeShadowContent__Ljava_lang_String_2I, trampoline_addr 0x0
09-19 16:45:47.760  2032  2157 V libnb   : enter native_bridge2_getTrampoline Java_com_litatom_libguard_LibGuard_encodeShadowContent, trampoline_addr 0x0
09-19 16:45:47.760  2032  2157 V libnb   : enter native_bridge2_getTrampoline Java_com_litatom_libguard_LibGuard_encodeShadowContent__Ljava_lang_String_2I, trampoline_addr 0x0
09-19 16:45:47.760  2032  2157 V libnb   : enter native_bridge2_getTrampoline Java_com_litatom_libguard_LibGuard_encodeShadowContent, trampoline_addr 0x9ec81fc4
09-19 16:45:47.794  2032  2157 V libnb   : enter native_bridge2_getTrampoline Java_com_litatom_libguard_LibGuard_decodeShadowContent, trampoline_addr 0x0
09-19 16:45:47.794  2032  2157 V libnb   : enter native_bridge2_getTrampoline Java_com_litatom_libguard_LibGuard_decodeShadowContent__Ljava_lang_String_2I, trampoline_addr 0x0
09-19 16:45:47.794  2032  2157 V libnb   : enter native_bridge2_getTrampoline Java_com_litatom_libguard_LibGuard_decodeShadowContent, trampoline_addr 0x0
09-19 16:45:47.794  2032  2157 V libnb   : enter native_bridge2_getTrampoline Java_com_litatom_libguard_LibGuard_decodeShadowContent__Ljava_lang_String_2I, trampoline_addr 0x0
09-19 16:45:47.794  2032  2157 V libnb   : enter native_bridge2_getTrampoline Java_com_litatom_libguard_LibGuard_decodeShadowContent, trampoline_addr 0x9ec81f8c
09-19 16:45:47.807  2032  2041 V libnb   : enter native_bridge2_getTrampoline Java_com_hyphenate_chat_adapter_EMAConversation_nativeFinalize, trampoline_addr 0x0
09-19 16:45:47.807  2032  2041 V libnb   : enter native_bridge2_getTrampoline Java_com_hyphenate_chat_adapter_EMAConversation_nativeFinalize__, trampoline_addr 0x0
09-19 16:45:47.807  2032  2041 V libnb   : enter native_bridge2_getTrampoline Java_com_hyphenate_chat_adapter_EMAConversation_nativeFinalize, trampoline_addr 0x0
09-19 16:45:47.807  2032  2041 V libnb   : enter native_bridge2_getTrampoline Java_com_hyphenate_chat_adapter_EMAConversation_nativeFinalize__, trampoline_addr 0x0
09-19 16:45:47.807  2032  2041 V libnb   : enter native_bridge2_getTrampoline Java_com_hyphenate_chat_adapter_EMAConversation_nativeFinalize, trampoline_addr 0x0
09-19 16:45:47.807  2032  2041 V libnb   : enter native_bridge2_getTrampoline Java_com_hyphenate_chat_adapter_EMAConversation_nativeFinalize__, trampoline_addr 0x0
09-19 16:45:47.807  2032  2041 V libnb   : enter native_bridge2_getTrampoline Java_com_hyphenate_chat_adapter_EMAConversation_nativeFinalize, trampoline_addr 0x9ec81f54
09-19 16:45:47.818  2032  2133 D ONE SDK : [2022/09/19 16:45:47:818]: log: level: 1, area: 2, connectSocket(): connect finished
09-19 16:45:47.818  2032  2133 D ONE SDK : [2022/09/19 16:45:47:818]: log: level: 2, area: 2, connectSocket() OK: fd: 93 Client:172.16.1.15:50747 Server: 161.117.200.216:6717
09-19 16:45:47.825  2032  2032 I MMKV    : <MemoryFile.cpp:97::open> open fd[0x59], /data/user/0/com.litatom.app/files/mmkv/party_chat
09-19 16:45:47.825  2032  2032 I MMKV    : <MemoryFile.cpp:97::open> open fd[0x62], /data/user/0/com.litatom.app/files/mmkv/party_chat.crc
09-19 16:45:47.826  2032  2032 I MMKV    : <MMKV_IO.cpp:81::loadFromFile> loading [party_chat] with 5766 actual size, file size 32768, InterProcess 0, meta info version:3
09-19 16:45:47.826  2032  2032 I MMKV    : <MMKV_IO.cpp:86::loadFromFile> loading [party_chat] with crc 3460088370 sequence 2 version 3
09-19 16:45:47.826  2032  2032 I MMKV    : <MMKV_IO.cpp:130::loadFromFile> loaded [party_chat] with 6 key-values
09-19 16:45:47.827  2032  2032 D EventBus: No subscribers registered for event class b.x.a.t.b1
09-19 16:45:47.827  2032  2032 D EventBus: No subscribers registered for event class t.b.a.i
09-19 16:45:47.855  2032  2032 D BaseActivity: isNightMode ==> false , isSystemDarkOpen ==> false , isFollowSystemMode() ==> false
09-19 16:45:47.866  2032  2032 D DRouterCore: DRouter start load router table sync
09-19 16:45:47.870  1301  1529 I ActivityManager: START u0 {flg=0x10000000 cmp=com.litatom.app/com.lit.app.ui.MainActivity (has extras)} from uid 10038 on display 0
09-19 16:45:47.881  1696  1696 W ContextImpl: Calling a method in the system process without a qualified user: android.app.ContextImpl.startService:1358 android.content.ContextWrapper.startService:613 android.content.ContextWrapper.startService:613 com.android.coreservice.CoreBroadcastReceiver.onReceive:44 android.app.ActivityThread.handleReceiver:3073 
09-19 16:45:47.908  2032  2133 D ONE SDK : [2022/09/19 16:45:47:907]: log: level: 2, area: 1, provision reason: 
09-19 16:45:47.908  2032  2133 D ONE SDK : [2022/09/19 16:45:47:908]: [im login time] 0: 0:177
09-19 16:45:47.908  2032  2133 D ONE SDK : [2022/09/19 16:45:47:908]: notify state change to connection listener error code : 0
09-19 16:45:47.909  2032  2133 D ONE SDK : [2022/09/19 16:45:47:908]: log: level: 2, area: 1, SEND:
09-19 16:45:47.909  2032  2133 D ONE SDK : { verison : MSYNC_V1, compress_algorimth : 0, command : UNREAD, encrypt_type : [ 0 ], payload : {  } }
09-19 16:45:47.909  2032  2133 D ONE SDK : [2022/09/19 16:45:47:908]: EMConnectionListener onConnected
09-19 16:45:47.909  2032  2140 V libnb   : enter native_bridge2_getTrampoline Java_com_hyphenate_chat_adapter_EMAError_nativeErrCode, trampoline_addr 0x0
09-19 16:45:47.909  2032  2140 V libnb   : enter native_bridge2_getTrampoline Java_com_hyphenate_chat_adapter_EMAError_nativeErrCode__, trampoline_addr 0x0
09-19 16:45:47.909  2032  2140 V libnb   : enter native_bridge2_getTrampoline Java_com_hyphenate_chat_adapter_EMAError_nativeErrCode, trampoline_addr 0x0
09-19 16:45:47.909  2032  2140 V libnb   : enter native_bridge2_getTrampoline Java_com_hyphenate_chat_adapter_EMAError_nativeErrCode__, trampoline_addr 0x0
09-19 16:45:47.909  2032  2140 V libnb   : enter native_bridge2_getTrampoline Java_com_hyphenate_chat_adapter_EMAError_nativeErrCode, trampoline_addr 0x0
09-19 16:45:47.909  2032  2140 V libnb   : enter native_bridge2_getTrampoline Java_com_hyphenate_chat_adapter_EMAError_nativeErrCode__, trampoline_addr 0x0
09-19 16:45:47.909  2032  2140 V libnb   : enter native_bridge2_getTrampoline Java_com_hyphenate_chat_adapter_EMAError_nativeErrCode, trampoline_addr 0x9ec81f1c
09-19 16:45:47.916  2032  2032 I MMKV    : <MemoryFile.cpp:97::open> open fd[0x68], /data/user/0/com.litatom.app/files/mmkv/lit_vip_manager
09-19 16:45:47.916  2032  2032 I MMKV    : <MemoryFile.cpp:97::open> open fd[0x6b], /data/user/0/com.litatom.app/files/mmkv/lit_vip_manager.crc
09-19 16:45:47.917  2032  2032 I MMKV    : <MMKV_IO.cpp:81::loadFromFile> loading [lit_vip_manager] with 7663 actual size, file size 8192, InterProcess 1, meta info version:3
09-19 16:45:47.918  2032  2032 I MMKV    : <MMKV_IO.cpp:86::loadFromFile> loading [lit_vip_manager] with crc 1261135365 sequence 1 version 3
09-19 16:45:47.918  2032  2032 I MMKV    : <MMKV_IO.cpp:130::loadFromFile> loaded [lit_vip_manager] with 1 key-values
09-19 16:45:47.925  2032  2140 V libnb   : enter native_bridge2_getTrampoline Java_com_hyphenate_chat_adapter_EMAChatConfig_nativegetAppKey, trampoline_addr 0x0
09-19 16:45:47.926  1696  1696 W ContextImpl: Calling a method in the system process without a qualified user: android.app.ContextImpl.startService:1358 android.content.ContextWrapper.startService:613 android.content.ContextWrapper.startService:613 com.android.coreservice.CoreBroadcastReceiver.onReceive:53 android.app.ActivityThread.handleReceiver:3073 
09-19 16:45:47.926  2032  2140 V libnb   : enter native_bridge2_getTrampoline Java_com_hyphenate_chat_adapter_EMAChatConfig_nativegetAppKey__, trampoline_addr 0x0
09-19 16:45:47.926  2032  2140 V libnb   : enter native_bridge2_getTrampoline Java_com_hyphenate_chat_adapter_EMAChatConfig_nativegetAppKey, trampoline_addr 0x0
09-19 16:45:47.926  2032  2140 V libnb   : enter native_bridge2_getTrampoline Java_com_hyphenate_chat_adapter_EMAChatConfig_nativegetAppKey__, trampoline_addr 0x0
09-19 16:45:47.926  2032  2140 V libnb   : enter native_bridge2_getTrampoline Java_com_hyphenate_chat_adapter_EMAChatConfig_nativegetAppKey, trampoline_addr 0x0
09-19 16:45:47.926  2032  2140 V libnb   : enter native_bridge2_getTrampoline Java_com_hyphenate_chat_adapter_EMAChatConfig_nativegetAppKey__, trampoline_addr 0x0
09-19 16:45:47.926  2032  2140 V libnb   : enter native_bridge2_getTrampoline Java_com_hyphenate_chat_adapter_EMAChatConfig_nativegetAppKey, trampoline_addr 0x9ec81ee4
09-19 16:45:47.932  2032  2140 V libnb   : enter native_bridge2_getTrampoline Java_com_hyphenate_chat_adapter_EMAChatConfig_nativeHasHeartBeatCustomizedParams, trampoline_addr 0x0
09-19 16:45:47.932  2032  2140 V libnb   : enter native_bridge2_getTrampoline Java_com_hyphenate_chat_adapter_EMAChatConfig_nativeHasHeartBeatCustomizedParams__, trampoline_addr 0x0
09-19 16:45:47.932  2032  2140 V libnb   : enter native_bridge2_getTrampoline Java_com_hyphenate_chat_adapter_EMAChatConfig_nativeHasHeartBeatCustomizedParams, trampoline_addr 0x0
09-19 16:45:47.932  2032  2140 V libnb   : enter native_bridge2_getTrampoline Java_com_hyphenate_chat_adapter_EMAChatConfig_nativeHasHeartBeatCustomizedParams__, trampoline_addr 0x0
09-19 16:45:47.932  2032  2140 V libnb   : enter native_bridge2_getTrampoline Java_com_hyphenate_chat_adapter_EMAChatConfig_nativeHasHeartBeatCustomizedParams, trampoline_addr 0x0
09-19 16:45:47.932  2032  2140 V libnb   : enter native_bridge2_getTrampoline Java_com_hyphenate_chat_adapter_EMAChatConfig_nativeHasHeartBeatCustomizedParams__, trampoline_addr 0x0
09-19 16:45:47.932  2032  2140 V libnb   : enter native_bridge2_getTrampoline Java_com_hyphenate_chat_adapter_EMAChatConfig_nativeHasHeartBeatCustomizedParams, trampoline_addr 0x9ec81eac
09-19 16:45:47.947  2032  2140 W GooglePlayServicesUtil: com.litatom.app requires the Google Play Store, but it is missing.
09-19 16:45:47.948  1301  1312 W ActivityManager: Unable to start service Intent { cmp=com.litatom.app/com.hyphenate.chat.EMChatService } U=0: not found
09-19 16:45:47.948  2032  2133 D ONE SDK : [2022/09/19 16:45:47:947]: [EMPushHelper] EMPushHelper register, prefer push type: NORMAL
09-19 16:45:47.948  2032  2133 D ONE SDK : [2022/09/19 16:45:47:948]: [EMNormalPush] startChatService
09-19 16:45:47.948  2032  2133 D ONE SDK : [2022/09/19 16:45:47:948]: [EMNormalPush] scheduleJob
09-19 16:45:47.949  1301  1529 W ActivityManager: Unable to start service Intent { cmp=com.litatom.app/com.hyphenate.chat.EMJobService } U=0: not found
09-19 16:45:47.955  2032  2140 W JobInfo : Specified interval for 11 is +1m0s0ms. Clamped to +15m0s0ms
09-19 16:45:47.955  2032  2140 W JobInfo : Specified flex for 11 is +1m0s0ms. Clamped to +5m0s0ms
09-19 16:45:47.967  2032  2140 D EMClient: hyphenate login onSuccess
09-19 16:45:47.967  2032  2133 D ONE SDK : [2022/09/19 16:45:47:967]: [EMNormalPush] No such service ComponentInfo{com.litatom.app/com.hyphenate.chat.EMJobService}
09-19 16:45:47.968  1121  1138 E Drm     : Failed to find drm plugin
09-19 16:45:47.986  2032  2037 I art     : Do partial code cache collection, code=60KB, data=57KB
09-19 16:45:47.989  2032  2133 D ONE SDK : [2022/09/19 16:45:47:989]: log: level: 1, area: 1, NO unread queue, an response for ping?
09-19 16:45:47.993  2032  2037 I art     : After code cache collection, code=58KB, data=57KB
09-19 16:45:47.993  2032  2037 I art     : Increasing code cache capacity to 256KB
09-19 16:45:48.007  2032  2032 I cr_LibraryLoader: Loaded native library version number "86.0.4240.198"
09-19 16:45:48.019  2032  2041 V libnb   : enter native_bridge2_getTrampoline Java_com_hyphenate_chat_adapter_EMAError_nativeFinalize, trampoline_addr 0x0
09-19 16:45:48.019  2032  2041 V libnb   : enter native_bridge2_getTrampoline Java_com_hyphenate_chat_adapter_EMAError_nativeFinalize__, trampoline_addr 0x0
09-19 16:45:48.019  2032  2041 V libnb   : enter native_bridge2_getTrampoline Java_com_hyphenate_chat_adapter_EMAError_nativeFinalize, trampoline_addr 0x0
09-19 16:45:48.019  2032  2041 V libnb   : enter native_bridge2_getTrampoline Java_com_hyphenate_chat_adapter_EMAError_nativeFinalize__, trampoline_addr 0x0
09-19 16:45:48.019  2032  2041 V libnb   : enter native_bridge2_getTrampoline Java_com_hyphenate_chat_adapter_EMAError_nativeFinalize, trampoline_addr 0x0
09-19 16:45:48.019  2032  2041 V libnb   : enter native_bridge2_getTrampoline Java_com_hyphenate_chat_adapter_EMAError_nativeFinalize__, trampoline_addr 0x0
09-19 16:45:48.019  2032  2041 V libnb   : enter native_bridge2_getTrampoline Java_com_hyphenate_chat_adapter_EMAError_nativeFinalize, trampoline_addr 0x9ec81e74
09-19 16:45:48.019  2032  2032 I cr_CachingUmaRecorder: Flushed 5 samples from 5 histograms.
09-19 16:45:48.048  2032  2032 W ResourceType: For resource 0x7f130606, entry index(1542) is beyond type entryCount(930)
09-19 16:45:48.048  2032  2032 W ResourceType: Failure getting entry for 0x7f130606 (t=18 e=1542) (error -75)
09-19 16:45:48.383  1301  1315 W ActivityManager: Activity pause timeout for ActivityRecord{c2b9b4 u0 com.litatom.app/com.lit.app.ui.SplashActivity t3 f}
09-19 16:45:48.538  2032  2043 W art     : Suspending all threads took: 14.711ms
09-19 16:45:48.546  2032  2043 I art     : Background sticky concurrent mark sweep GC freed 62773(3MB) AllocSpace objects, 54(3MB) LOS objects, 29% free, 10MB/14MB, paused 15.383ms total 257.295ms
09-19 16:45:48.634  2032  2103 W art     : Long monitor contention with owner main (2032) at void Io.run()(chromium-Monochrome.aab-stable-424019821:1) waiters=1 in void java.lang.Object.wait!() for 636ms
09-19 16:45:48.635  2032  2032 D EventBus: No subscribers registered for event class b.x.a.t.r
09-19 16:45:48.635  2032  2032 D EventBus: No subscribers registered for event class t.b.a.i
09-19 16:45:48.673  2032  2032 D EventBus: No subscribers registered for event class b.x.a.t.r
09-19 16:45:48.673  2032  2032 D EventBus: No subscribers registered for event class t.b.a.i
09-19 16:45:48.726  2032  2140 V libnb   : enter native_bridge2_getTrampoline Java_com_hyphenate_chat_adapter_EMAChatClient_native_1onNetworkChanged, trampoline_addr 0x0
09-19 16:45:48.726  2032  2140 V libnb   : enter native_bridge2_getTrampoline Java_com_hyphenate_chat_adapter_EMAChatClient_native_1onNetworkChanged__I, trampoline_addr 0x0
09-19 16:45:48.727  2032  2140 V libnb   : enter native_bridge2_getTrampoline Java_com_hyphenate_chat_adapter_EMAChatClient_native_1onNetworkChanged, trampoline_addr 0x0
09-19 16:45:48.727  2032  2140 V libnb   : enter native_bridge2_getTrampoline Java_com_hyphenate_chat_adapter_EMAChatClient_native_1onNetworkChanged__I, trampoline_addr 0x0
09-19 16:45:48.728  2032  2140 V libnb   : enter native_bridge2_getTrampoline Java_com_hyphenate_chat_adapter_EMAChatClient_native_1onNetworkChanged, trampoline_addr 0x0
09-19 16:45:48.728  2032  2140 V libnb   : enter native_bridge2_getTrampoline Java_com_hyphenate_chat_adapter_EMAChatClient_native_1onNetworkChanged__I, trampoline_addr 0x0
09-19 16:45:48.728  2032  2140 V libnb   : enter native_bridge2_getTrampoline Java_com_hyphenate_chat_adapter_EMAChatClient_native_1onNetworkChanged, trampoline_addr 0x9ec81e3c
09-19 16:45:48.729  2032  2133 D ONE SDK : [2022/09/19 16:45:48:729]: native_1onNetworkChanged: 2
09-19 16:45:48.737  2032  2133 D ONE SDK : [2022/09/19 16:45:48:729]: onNetworkChanged(): 2
09-19 16:45:48.825  2032  2032 I AppCompatViewInflater: app:theme is now deprecated. Please move to using android:theme instead.
09-19 16:45:48.925  2032  2032 W TabLayout: MODE_SCROLLABLE + GRAVITY_FILL is not supported, GRAVITY_START will be used instead
09-19 16:45:48.932  2032  2032 D BaseActivity: isNightMode ==> false , isSystemDarkOpen ==> false , isFollowSystemMode() ==> false
09-19 16:45:48.969  2032  2032 D BaseActivity: isNightMode ==> false , isSystemDarkOpen ==> false , isFollowSystemMode() ==> false
09-19 16:45:48.984  2032  2155 V libnb   : enter native_bridge2_getTrampoline Java_com_hyphenate_chat_adapter_EMAChatManager_nativeGetConversations, trampoline_addr 0x0
09-19 16:45:48.985  2032  2032 W GooglePlayServicesUtil: com.litatom.app requires the Google Play Store, but it is missing.
09-19 16:45:48.989  2032  2155 V libnb   : enter native_bridge2_getTrampoline Java_com_hyphenate_chat_adapter_EMAChatManager_nativeGetConversations__, trampoline_addr 0x0
09-19 16:45:48.989  2032  2155 V libnb   : enter native_bridge2_getTrampoline Java_com_hyphenate_chat_adapter_EMAChatManager_nativeGetConversations, trampoline_addr 0x0
09-19 16:45:48.989  2032  2155 V libnb   : enter native_bridge2_getTrampoline Java_com_hyphenate_chat_adapter_EMAChatManager_nativeGetConversations__, trampoline_addr 0x0
09-19 16:45:48.989  2032  2155 V libnb   : enter native_bridge2_getTrampoline Java_com_hyphenate_chat_adapter_EMAChatManager_nativeGetConversations, trampoline_addr 0x0
09-19 16:45:48.989  2032  2155 V libnb   : enter native_bridge2_getTrampoline Java_com_hyphenate_chat_adapter_EMAChatManager_nativeGetConversations__, trampoline_addr 0x0
09-19 16:45:48.989  2032  2155 V libnb   : enter native_bridge2_getTrampoline Java_com_hyphenate_chat_adapter_EMAChatManager_nativeGetConversations, trampoline_addr 0x9ec81e04
09-19 16:45:48.990  2032  2133 D ONE SDK : [2022/09/19 16:45:48:989]: Java_com_hyphenate_chat_adapter_EMAChatManager_nativeGetConversations 
09-19 16:45:48.990  2032  2155 V libnb   : enter native_bridge2_getTrampoline Java_com_hyphenate_chat_adapter_EMAConversation_nativeConversationType, trampoline_addr 0x0
09-19 16:45:48.990  2032  2155 V libnb   : enter native_bridge2_getTrampoline Java_com_hyphenate_chat_adapter_EMAConversation_nativeConversationType__, trampoline_addr 0x0
09-19 16:45:48.990  2032  2155 V libnb   : enter native_bridge2_getTrampoline Java_com_hyphenate_chat_adapter_EMAConversation_nativeConversationType, trampoline_addr 0x0
09-19 16:45:48.990  2032  2155 V libnb   : enter native_bridge2_getTrampoline Java_com_hyphenate_chat_adapter_EMAConversation_nativeConversationType__, trampoline_addr 0x0
09-19 16:45:48.990  2032  2155 V libnb   : enter native_bridge2_getTrampoline Java_com_hyphenate_chat_adapter_EMAConversation_nativeConversationType, trampoline_addr 0x0
09-19 16:45:48.990  2032  2155 V libnb   : enter native_bridge2_getTrampoline Java_com_hyphenate_chat_adapter_EMAConversation_nativeConversationType__, trampoline_addr 0x0
09-19 16:45:48.990  2032  2155 V libnb   : enter native_bridge2_getTrampoline Java_com_hyphenate_chat_adapter_EMAConversation_nativeConversationType, trampoline_addr 0x9ec81dcc
09-19 16:45:48.991  2032  2133 D ONE SDK : [2022/09/19 16:45:48:991]: Java_com_hyphenate_chat_adapter_EMAChatManager_nativeGetConversations 
09-19 16:45:48.994  2032  2155 V libnb   : enter native_bridge2_getTrampoline Java_com_hyphenate_chat_adapter_EMAConversation_nativeUnreadMessagesCount, trampoline_addr 0x0
09-19 16:45:48.994  2032  2155 V libnb   : enter native_bridge2_getTrampoline Java_com_hyphenate_chat_adapter_EMAConversation_nativeUnreadMessagesCount__, trampoline_addr 0x0
09-19 16:45:48.994  2032  2155 V libnb   : enter native_bridge2_getTrampoline Java_com_hyphenate_chat_adapter_EMAConversation_nativeUnreadMessagesCount, trampoline_addr 0x0
09-19 16:45:48.994  2032  2155 V libnb   : enter native_bridge2_getTrampoline Java_com_hyphenate_chat_adapter_EMAConversation_nativeUnreadMessagesCount__, trampoline_addr 0x0
09-19 16:45:48.994  2032  2155 V libnb   : enter native_bridge2_getTrampoline Java_com_hyphenate_chat_adapter_EMAConversation_nativeUnreadMessagesCount, trampoline_addr 0x0
09-19 16:45:48.994  2032  2155 V libnb   : enter native_bridge2_getTrampoline Java_com_hyphenate_chat_adapter_EMAConversation_nativeUnreadMessagesCount__, trampoline_addr 0x0
09-19 16:45:48.994  2032  2155 V libnb   : enter native_bridge2_getTrampoline Java_com_hyphenate_chat_adapter_EMAConversation_nativeUnreadMessagesCount, trampoline_addr 0x9ec81d94
09-19 16:45:48.995  2032  2155 I MMKV    : <MemoryFile.cpp:97::open> open fd[0x9e], /data/user/0/com.litatom.app/files/mmkv/party_family_sp
09-19 16:45:48.996  2032  2155 I MMKV    : <MemoryFile.cpp:97::open> open fd[0x9f], /data/user/0/com.litatom.app/files/mmkv/party_family_sp.crc
09-19 16:45:49.006  2032  2155 I MMKV    : <MMKV_IO.cpp:81::loadFromFile> loading [party_family_sp] with 924 actual size, file size 8192, InterProcess 0, meta info version:3
09-19 16:45:49.006  2032  2155 I MMKV    : <MMKV_IO.cpp:86::loadFromFile> loading [party_family_sp] with crc 1059495106 sequence 1 version 3
09-19 16:45:49.006  2032  2155 I MMKV    : <MMKV_IO.cpp:130::loadFromFile> loaded [party_family_sp] with 1 key-values
09-19 16:45:49.006  2032  2155 V libnb   : enter native_bridge2_getTrampoline Java_com_hyphenate_chat_adapter_EMAConversation_nativeConversationId, trampoline_addr 0x0
09-19 16:45:49.006  2032  2155 V libnb   : enter native_bridge2_getTrampoline Java_com_hyphenate_chat_adapter_EMAConversation_nativeConversationId__, trampoline_addr 0x0
09-19 16:45:49.006  2032  2155 V libnb   : enter native_bridge2_getTrampoline Java_com_hyphenate_chat_adapter_EMAConversation_nativeConversationId, trampoline_addr 0x0
09-19 16:45:49.007  2032  2155 V libnb   : enter native_bridge2_getTrampoline Java_com_hyphenate_chat_adapter_EMAConversation_nativeConversationId__, trampoline_addr 0x0
09-19 16:45:49.007  2032  2155 V libnb   : enter native_bridge2_getTrampoline Java_com_hyphenate_chat_adapter_EMAConversation_nativeConversationId, trampoline_addr 0x0
09-19 16:45:49.007  2032  2155 V libnb   : enter native_bridge2_getTrampoline Java_com_hyphenate_chat_adapter_EMAConversation_nativeConversationId__, trampoline_addr 0x0
09-19 16:45:49.007  2032  2155 V libnb   : enter native_bridge2_getTrampoline Java_com_hyphenate_chat_adapter_EMAConversation_nativeConversationId, trampoline_addr 0x9ec81d5c
09-19 16:45:49.051  2032  2032 I MMKV    : <MemoryFile.cpp:97::open> open fd[0xa2], /data/user/0/com.litatom.app/files/mmkv/notify_badge_sp
09-19 16:45:49.051  2032  2032 I MMKV    : <MemoryFile.cpp:97::open> open fd[0xa1], /data/user/0/com.litatom.app/files/mmkv/notify_badge_sp.crc
09-19 16:45:49.052  2032  2032 I MMKV    : <MMKV_IO.cpp:81::loadFromFile> loading [notify_badge_sp] with 5671 actual size, file size 8192, InterProcess 0, meta info version:3
09-19 16:45:49.052  2032  2032 I MMKV    : <MMKV_IO.cpp:86::loadFromFile> loading [notify_badge_sp] with crc 4114307769 sequence 1 version 3
09-19 16:45:49.052  2032  2032 I MMKV    : <MMKV_IO.cpp:130::loadFromFile> loaded [notify_badge_sp] with 2 key-values
09-19 16:45:49.073  2032  2209 E WVMExtractor: Failed to open libwvm.so: dlopen failed: library "libwvm.so" not found
09-19 16:45:49.084  1122  1577 I FFmpegExtractor: android-source:0xc6c1e400
09-19 16:45:49.095  1122  1577 D FFmpegExtractor: supported codec (mp3) by official Stagefright
09-19 16:45:49.095  1122  1577 D FFmpegExtractor: ffmpeg detected media content as 'audio/mpeg' with confidence 0.08
09-19 16:45:49.098  2032  2210 V libnb   : enter native_bridge2_getTrampoline Java_com_hyphenate_chat_adapter_EMAChatClient_native_1sendPing, trampoline_addr 0x0
09-19 16:45:49.098  2032  2210 V libnb   : enter native_bridge2_getTrampoline Java_com_hyphenate_chat_adapter_EMAChatClient_native_1sendPing__ZJ, trampoline_addr 0x0
09-19 16:45:49.098  2032  2210 V libnb   : enter native_bridge2_getTrampoline Java_com_hyphenate_chat_adapter_EMAChatClient_native_1sendPing, trampoline_addr 0x0
09-19 16:45:49.098  2032  2210 V libnb   : enter native_bridge2_getTrampoline Java_com_hyphenate_chat_adapter_EMAChatClient_native_1sendPing__ZJ, trampoline_addr 0x0
09-19 16:45:49.098  2032  2210 V libnb   : enter native_bridge2_getTrampoline Java_com_hyphenate_chat_adapter_EMAChatClient_native_1sendPing, trampoline_addr 0x0
09-19 16:45:49.098  2032  2210 V libnb   : enter native_bridge2_getTrampoline Java_com_hyphenate_chat_adapter_EMAChatClient_native_1sendPing__ZJ, trampoline_addr 0x0
09-19 16:45:49.098  2032  2210 V libnb   : enter native_bridge2_getTrampoline Java_com_hyphenate_chat_adapter_EMAChatClient_native_1sendPing, trampoline_addr 0x9ec81d24
09-19 16:45:49.107  1123  1444 I MediaPlayerService: MediaPlayerService::getOMX
09-19 16:45:49.109  2032  2211 I OMXClient: MuxOMX ctor
09-19 16:45:49.117  1120  1120 I OMXMaster: makeComponentInstance(OMX.google.mp3.decoder) in mediacodec process
09-19 16:45:49.137  2032  2037 I art     : Do full code cache collection, code=123KB, data=115KB
09-19 16:45:49.147  2032  2037 I art     : Waiting for a blocking GC JitCodeCache
09-19 16:45:49.164  2032  2037 I art     : WaitForGcToComplete blocked for 16.806ms for cause JitCodeCache
09-19 16:45:49.164  2032  2037 I art     : Starting a blocking GC JitCodeCache
09-19 16:45:49.164  2032  2037 I art     : After code cache collection, code=99KB, data=69KB
09-19 16:45:49.184  2032  2133 D ONE SDK : [2022/09/19 16:45:49:183]: log: level: 1, area: 1, NO unread queue, an response for ping?
09-19 16:45:49.184  2032  2133 D ONE SDK : [2022/09/19 16:45:49:184]: native_1sendPing
09-19 16:45:49.199  1122  1122 I FFmpegExtractor: android-source:0xc397ba00
09-19 16:45:49.200  1122  1122 D FFmpegExtractor: supported codec (mp3) by official Stagefright
09-19 16:45:49.200  1122  1122 D FFmpegExtractor: ffmpeg detected media content as 'audio/mpeg' with confidence 0.08
09-19 16:45:49.201  1123  1139 I MediaPlayerService: MediaPlayerService::getOMX
09-19 16:45:49.202  2032  2216 I OMXClient: MuxOMX ctor
09-19 16:45:49.202  1120  1120 I OMXMaster: makeComponentInstance(OMX.google.mp3.decoder) in mediacodec process
09-19 16:45:49.205  2032  2032 I MMKV    : <MemoryFile.cpp:97::open> open fd[0xa7], /data/user/0/com.litatom.app/files/mmkv/matching_model_sp
09-19 16:45:49.205  2032  2032 I MMKV    : <MemoryFile.cpp:97::open> open fd[0xa8], /data/user/0/com.litatom.app/files/mmkv/matching_model_sp.crc
09-19 16:45:49.219  2032  2032 I MMKV    : <MMKV_IO.cpp:81::loadFromFile> loading [matching_model_sp] with 3103 actual size, file size 16384, InterProcess 0, meta info version:3
09-19 16:45:49.219  2032  2032 I MMKV    : <MMKV_IO.cpp:86::loadFromFile> loading [matching_model_sp] with crc 2959049697 sequence 4 version 3
09-19 16:45:49.219  2032  2032 I MMKV    : <MMKV_IO.cpp:130::loadFromFile> loaded [matching_model_sp] with 6 key-values
09-19 16:45:49.226  2032  2219 V libnb   : enter native_bridge2_isSupported /data/app/com.litatom.app-1/lib/arm/libglide-webp.so
09-19 16:45:49.226  2032  2219 V libnb   : enter native_bridge2_loadLibrary /data/app/com.litatom.app-1/lib/arm/libglide-webp.so
09-19 16:45:49.237  1115  1134 D audio_hw_hal: log_func, out_standby
09-19 16:45:49.237  1115  1134 D audio_hw_hal: raw_close_output_stream, dev=0xc6f0a0c0, stream =0xc6f05140
09-19 16:45:49.237  1115  1134 D audio_hw_hal: raw_close_output_stream, stream=0xc6f05140,  success!
09-19 16:45:49.247  2032  2219 D houdini : [2219] Added shared library /data/app/com.litatom.app-1/lib/arm/libglide-webp.so for ClassLoader by Native Bridge.
09-19 16:45:49.247  2032  2219 V libnb   : enter native_bridge2_getTrampoline JNI_OnLoad, trampoline_addr 0x9ec81cec
09-19 16:45:49.248  2032  2219 I art     : Thread[98,tid=2219,Native,Thread*=0x9a8ca900,peer=0x12c3aaf0,"glide-source-thread-0"] recursive attempt to load library "/data/app/com.litatom.app-1/lib/arm/libglide-webp.so"
09-19 16:45:49.263  1301  1313 D ConnectivityService: requestNetwork for uid/pid:10038/2032 NetworkRequest [ TRACK_DEFAULT id=7, [ Capabilities: INTERNET&NOT_RESTRICTED&TRUSTED&NOT_VPN] ]
09-19 16:45:49.265  1301  1355 D WIFI    : got request NetworkRequest [ TRACK_DEFAULT id=7, [ Capabilities: INTERNET&NOT_RESTRICTED&TRUSTED&NOT_VPN] ] with score 60
09-19 16:45:49.266  1301  1372 D Ethernet: got request NetworkRequest [ TRACK_DEFAULT id=7, [ Capabilities: INTERNET&NOT_RESTRICTED&TRUSTED&NOT_VPN] ] with score 60
09-19 16:45:49.266  1301  1355 D WIFI_UT : got request NetworkRequest [ TRACK_DEFAULT id=7, [ Capabilities: INTERNET&NOT_RESTRICTED&TRUSTED&NOT_VPN] ] with score 60
09-19 16:45:49.267  1426  1426 D PhoneSwitcherNetworkRequstListener: got request NetworkRequest [ TRACK_DEFAULT id=7, [ Capabilities: INTERNET&NOT_RESTRICTED&TRUSTED&NOT_VPN] ] with score 60
09-19 16:45:49.272  2032  2222 W GooglePlayServicesUtil: com.litatom.app requires the Google Play Store, but it is missing.
09-19 16:45:49.277  2032  2133 D ONE SDK : [2022/09/19 16:45:49:277]: Java_com_hyphenate_chat_adapter_EMAChatManager_nativeGetConversations 
