09-19 16:45:39.501  1301  1529 V InputMethodManagerService: Adding window token: android.os.Binder@d97348f
09-19 16:45:39.501  1734  1734 D Launcher: 11683562 - bindAddScreens()
09-19 16:45:39.501  1734  1734 D Launcher: 11683562 -   orderedScreenIds: 3
09-19 16:45:39.501  1734  1734 D Launcher.Workspace: 11683562 - insertNewWorkspaceScreen(): 3 at index: 0
09-19 16:45:39.503  1696  1696 W ContextImpl: Calling a method in the system process without a qualified user: android.app.ContextImpl.startService:1358 android.content.ContextWrapper.startService:613 android.content.ContextWrapper.startService:613 com.android.coreservice.CoreBroadcastReceiver.onReceive:44 android.app.ActivityThread.handleReceiver:3073 
09-19 16:45:39.504  1696  1696 W ContextImpl: Calling a method in the system process without a qualified user: android.app.ContextImpl.startService:1358 android.content.ContextWrapper.startService:613 android.content.ContextWrapper.startService:613 com.android.coreservice.CoreBroadcastReceiver.onReceive:53 android.app.ActivityThread.handleReceiver:3073 
09-19 16:45:39.506  1696  1696 W ContextImpl: Calling a method in the system process without a qualified user: android.app.ContextImpl.startService:1358 android.content.ContextWrapper.startService:613 android.content.ContextWrapper.startService:613 com.android.coreservice.CoreBroadcastReceiver.onReceive:53 android.app.ActivityThread.handleReceiver:3073 
09-19 16:45:39.507  1696  1696 W ContextImpl: Calling a method in the system process without a qualified user: android.app.ContextImpl.startService:1358 android.content.ContextWrapper.startService:613 android.content.ContextWrapper.startService:613 com.android.coreservice.CoreBroadcastReceiver.onReceive:53 android.app.ActivityThread.handleReceiver:3073 
09-19 16:45:39.509  1696  1696 W ContextImpl: Calling a method in the system process without a qualified user: android.app.ContextImpl.startService:1358 android.content.ContextWrapper.startService:613 android.content.ContextWrapper.startService:613 com.android.coreservice.CoreBroadcastReceiver.onReceive:53 android.app.ActivityThread.handleReceiver:3073 
09-19 16:45:39.510  1696  1696 W ContextImpl: Calling a method in the system process without a qualified user: android.app.ContextImpl.startService:1358 android.content.ContextWrapper.startService:613 android.content.ContextWrapper.startService:613 com.android.coreservice.CoreBroadcastReceiver.onReceive:53 android.app.ActivityThread.handleReceiver:3073 
09-19 16:45:39.519  1701  2001 W MediaScanner: Error opening directory '/oem/media/', skipping: No such file or directory.
09-19 16:45:39.523  2004  2004 D libnativebridge: call UnloadNativeBridge! state=1
09-19 16:45:39.536  2004  2004 I art     : Starting a blocking GC AddRemoveAppImageSpace
09-19 16:45:39.536  2004  2004 W System  : ClassLoader referenced unknown path: /system/app/PinyinIME/lib/x86
09-19 16:45:39.553  1734  1734 W Launcher: setApplicationContext called twice! old=com.android.launcher3.LauncherApplication@2ee9a19 new=com.android.launcher3.LauncherApplication@2ee9a19
09-19 16:45:39.554  1696  1696 W ContextImpl: Calling a method in the system process without a qualified user: android.app.ContextImpl.startService:1358 android.content.ContextWrapper.startService:613 android.content.ContextWrapper.startService:613 com.android.coreservice.CoreBroadcastReceiver.onReceive:53 android.app.ActivityThread.handleReceiver:3073 
09-19 16:45:39.558  1696  1696 W ContextImpl: Calling a method in the system process without a qualified user: android.app.ContextImpl.startService:1358 android.content.ContextWrapper.startService:613 android.content.ContextWrapper.startService:613 com.android.coreservice.CoreBroadcastReceiver.onReceive:53 android.app.ActivityThread.handleReceiver:3073 
09-19 16:45:39.562  1696  1696 W ContextImpl: Calling a method in the system process without a qualified user: android.app.ContextImpl.startService:1358 android.content.ContextWrapper.startService:613 android.content.ContextWrapper.startService:613 com.android.coreservice.CoreBroadcastReceiver.onReceive:53 android.app.ActivityThread.handleReceiver:3073 
09-19 16:45:39.565  1696  1696 W ContextImpl: Calling a method in the system process without a qualified user: android.app.ContextImpl.startService:1358 android.content.ContextWrapper.startService:613 android.content.ContextWrapper.startService:613 com.android.coreservice.CoreBroadcastReceiver.onReceive:53 android.app.ActivityThread.handleReceiver:3073 
09-19 16:45:39.567  1426  1426 I VvmSimChangeReceiver: Received SIM change for invalid subscription id.
09-19 16:45:39.568  1696  1696 W ContextImpl: Calling a method in the system process without a qualified user: android.app.ContextImpl.startService:1358 android.content.ContextWrapper.startService:613 android.content.ContextWrapper.startService:613 com.android.coreservice.CoreBroadcastReceiver.onReceive:53 android.app.ActivityThread.handleReceiver:3073 
09-19 16:45:39.576  1734  1791 D LdShortcut: notifyAllShortcut
09-19 16:45:39.591  1301  1474 W BackupManagerService: dataChanged but no participant pkg='com.android.launcher3' uid=10029
09-19 16:45:39.593  1734  1734 W Launcher: setApplicationContext called twice! old=com.android.launcher3.LauncherApplication@2ee9a19 new=com.android.launcher3.LauncherApplication@2ee9a19
09-19 16:45:39.593  1301  1731 W BackupManagerService: dataChanged but no participant pkg='com.android.launcher3' uid=10029
09-19 16:45:39.593  1696  1696 W ContextImpl: Calling a method in the system process without a qualified user: android.app.ContextImpl.startService:1358 android.content.ContextWrapper.startService:613 android.content.ContextWrapper.startService:613 com.android.coreservice.CoreBroadcastReceiver.onReceive:53 android.app.ActivityThread.handleReceiver:3073 
09-19 16:45:39.595  1696  1696 W ContextImpl: Calling a method in the system process without a qualified user: android.app.ContextImpl.startService:1358 android.content.ContextWrapper.startService:613 android.content.ContextWrapper.startService:613 com.android.coreservice.CoreBroadcastReceiver.onReceive:53 android.app.ActivityThread.handleReceiver:3073 
09-19 16:45:39.595  1301  1716 W BackupManagerService: dataChanged but no participant pkg='com.android.launcher3' uid=10029
09-19 16:45:39.599  1426  2022 D SIP     : [SipPreferences] isReceivingCallsEnabled, option not set; use default value, exception: android.provider.Settings$SettingNotFoundException: sip_receive_calls
09-19 16:45:39.599  1696  1696 W ContextImpl: Calling a method in the system process without a qualified user: android.app.ContextImpl.startService:1358 android.content.ContextWrapper.startService:613 android.content.ContextWrapper.startService:613 com.android.coreservice.CoreBroadcastReceiver.onReceive:53 android.app.ActivityThread.handleReceiver:3073 
09-19 16:45:39.599  1301  1453 W BackupManagerService: dataChanged but no participant pkg='com.android.launcher3' uid=10029
09-19 16:45:39.601  1301  1453 W BackupManagerService: dataChanged but no participant pkg='com.android.launcher3' uid=10029
09-19 16:45:39.603  1301  1529 W BackupManagerService: dataChanged but no participant pkg='com.android.launcher3' uid=10029
09-19 16:45:39.604  1301  1474 W BackupManagerService: dataChanged but no participant pkg='com.android.launcher3' uid=10029
09-19 16:45:39.629  1701  2001 D MediaScanner: Skipping: /storage/emulated/0/Android/data/com.android.chrome/
09-19 16:45:39.629  1701  2001 D MediaScanner: Skipping: /storage/emulated/0/Android/data/com.litatom.app/
09-19 16:45:39.629  1701  2001 D MediaScanner: Skipping: /storage/emulated/0/Android/data/com.android.launcher3/
09-19 16:45:39.629  1701  2001 D MediaScanner: Skipping: /storage/emulated/0/Android/data/com.cyanogenmod.filemanager/
09-19 16:45:39.629  1701  2001 D MediaScanner: Skipping: /storage/emulated/0/Android/data/com.android.flysilkworm/
09-19 16:45:39.629  1701  2001 D MediaScanner: Skipping: /storage/emulated/0/Android/data/com.android.gallery3d/
09-19 16:45:39.773  1115  1115 D audio_hw_hal: adev_set_parameters, kvpairs=A2dpSuspended=false
09-19 16:45:39.878  1822  1822 I CalendarProvider2: Sending notification intent: Intent { act=android.intent.action.PROVIDER_CHANGED dat=content://com.android.calendar flg=0x20000000 }
09-19 16:45:39.878  1822  1822 W ContentResolver: Failed to get type for: content://com.android.calendar (Unknown URL content://com.android.calendar)
09-19 16:45:40.100  1817  1817 D EventBus: No subscribers registered for event class java.lang.Integer
09-19 16:45:40.100  1817  1817 D EventBus: No subscribers registered for event class org.greenrobot.eventbus.h
09-19 16:45:40.270  1301  1322 W WindowManager: App freeze timeout expired.
09-19 16:45:45.972  1734  1734 D LdShortcut: shortcutCmd cmd=7
09-19 16:45:45.972  1301  1366 W AudioTrack: AUDIO_OUTPUT_FLAG_FAST denied by client; transfer 4, track 44100 Hz, output 48000 Hz
09-19 16:45:45.980  1301  1716 I ActivityManager: START u0 {act=android.intent.action.MAIN cat=[android.intent.category.LAUNCHER] flg=0x10200000 cmp=com.litatom.app/com.lit.app.ui.SplashActivity bnds=[540,275][786,533] (has extras)} from uid 10029 on display 0
09-19 16:45:45.985  1696  1696 W ContextImpl: Calling a method in the system process without a qualified user: android.app.ContextImpl.startService:1358 android.content.ContextWrapper.startService:613 android.content.ContextWrapper.startService:613 com.android.coreservice.CoreBroadcastReceiver.onReceive:44 android.app.ActivityThread.handleReceiver:3073 
09-19 16:45:45.990  2032  2032 D libnativebridge: PreInitializeNativeBridge name=zygote instruction_set=arm
09-19 16:45:45.991  2032  2032 I chatty  : uid=10038(com.litatom.app) expire 202 lines
09-19 16:45:45.997  1301  1716 I ActivityManager: Start proc 2032:com.litatom.app/u0a38 for activity com.litatom.app/com.lit.app.ui.SplashActivity
09-19 16:45:46.024  1696  1696 W ContextImpl: Calling a method in the system process without a qualified user: android.app.ContextImpl.startService:1358 android.content.ContextWrapper.startService:613 android.content.ContextWrapper.startService:613 com.android.coreservice.CoreBroadcastReceiver.onReceive:53 android.app.ActivityThread.handleReceiver:3073 
09-19 16:45:46.087  1734  1964 D EGL_adreno: eglMakeCurrent: 0xba504820: ver 3 1 (tinfo 0xa56fd0a0)
09-19 16:45:46.087  1109  1996 I HostConnection: HostConnection::HostConnection: pid=1109, tid=1996, this=0xc5a6ac00
09-19 16:45:46.088  1109  1996 I         : fastpipe: Connect success
09-19 16:45:46.088  1109  1996 D HostConnection: HostRPC::connect sucess: app=/system/bin/surfaceflinger, pid=1109, tid=1996, this=0xc53cbb00
09-19 16:45:46.088  1109  1996 D HostConnection: queryAndSetGLESMaxVersion select gles-version: 3.1 hostGLVersion:46 process:/system/bin/surfaceflinger
09-19 16:45:46.148  1115  1134 D audio_hw_hal: raw_start_output_stream, stream=0xc6f05140, sampleRate=48000, channel=2, bps=16, bufSize=4096
09-19 16:45:46.467  2032  2049 I chatty  : uid=10038(com.litatom.app) expire 1 line
09-19 16:45:46.471  2032  2050 I chatty  : uid=10038(com.litatom.app) GoogleApiHandle expire 2 lines
09-19 16:45:46.472  2032  2051 I chatty  : uid=10038(com.litatom.app) expire 6 lines
09-19 16:45:46.475  2032  2051 E ActivityThread: Failed to find provider info for com.google.android.gms.chimera
09-19 16:45:46.476  2032  2055 I chatty  : uid=10038(com.litatom.app) expire 4 lines
09-19 16:45:46.524  2032  2067 I chatty  : uid=10038(com.litatom.app) TAG expire 1 line
09-19 16:45:46.537  2032  2056 I chatty  : uid=10038(com.litatom.app) expire 5 lines
09-19 16:45:46.560  2032  2079 I chatty  : uid=10038(com.litatom.app) expire 1 line
09-19 16:45:46.634  2032  2083 I chatty  : uid=10038(com.litatom.app) expire 1 line
09-19 16:45:47.366  2032  2037 I chatty  : uid=10038(com.litatom.app) Jit thread pool expire 3 lines
09-19 16:45:47.398  1301  1315 W BroadcastQueue: Permission Denial: broadcasting Intent { act=android.net.conn.CONNECTIVITY_CHANGE flg=0x4000010 (has extras) } from null (pid=-1, uid=-1) requires com.tencent.bugly.BuglyBroadcastReceiver.permission due to registered receiver BroadcastFilter{aa7dc13 u0 ReceiverList{b71eb02 2032 com.litatom.app/10038/u0 remote:396344d}}
09-19 16:45:47.456  2032  2101 I chatty  : uid=10038(com.litatom.app) pool-23-thread- expire 26 lines
09-19 16:45:47.492  2032  2103 I chatty  : uid=10038(com.litatom.app) pool-23-thread- expire 3 lines
09-19 16:45:47.622  2032  2032 V libnb   : enter native_bridge2_getTrampoline Java_com_hyphenate_chat_adapter_EMAChatConfig_nativegetRestServer__, trampoline_addr 0x0
09-19 16:45:47.622  2032  2032 V libnb   : enter native_bridge2_getTrampoline Java_com_hyphenate_chat_adapter_EMAChatConfig_nativegetRestServer, trampoline_addr 0x0
09-19 16:45:47.622  2032  2032 V libnb   : enter native_bridge2_getTrampoline Java_com_hyphenate_chat_adapter_EMAChatConfig_nativegetRestServer__, trampoline_addr 0x0
09-19 16:45:47.622  2032  2032 V libnb   : enter native_bridge2_getTrampoline Java_com_hyphenate_chat_adapter_EMAChatConfig_nativegetRestServer, trampoline_addr 0xb91b5934
09-19 16:45:47.623  2032  2032 V libnb   : enter native_bridge2_getTrampoline Java_com_hyphenate_chat_adapter_EMAChatConfig_nativesetDeviceUuid, trampoline_addr 0x0
09-19 16:45:47.623  2032  2032 V libnb   : enter native_bridge2_getTrampoline Java_com_hyphenate_chat_adapter_EMAChatConfig_nativesetDeviceUuid__Ljava_lang_String_2, trampoline_addr 0x0
09-19 16:45:47.623  2032  2032 V libnb   : enter native_bridge2_getTrampoline Java_com_hyphenate_chat_adapter_EMAChatConfig_nativesetDeviceUuid, trampoline_addr 0x0
09-19 16:45:47.623  2032  2032 V libnb   : enter native_bridge2_getTrampoline Java_com_hyphenate_chat_adapter_EMAChatConfig_nativesetDeviceUuid__Ljava_lang_String_2, trampoline_addr 0x0
09-19 16:45:47.623  2032  2032 V libnb   : enter native_bridge2_getTrampoline Java_com_hyphenate_chat_adapter_EMAChatConfig_nativesetDeviceUuid, trampoline_addr 0x0
09-19 16:45:47.623  2032  2032 V libnb   : enter native_bridge2_getTrampoline Java_com_hyphenate_chat_adapter_EMAChatConfig_nativesetDeviceUuid__Ljava_lang_String_2, trampoline_addr 0x0
09-19 16:45:47.624  2032  2032 V libnb   : enter native_bridge2_getTrampoline Java_com_hyphenate_chat_adapter_EMAChatConfig_nativesetDeviceUuid, trampoline_addr 0xb91b58fc
09-19 16:45:47.624  2032  2032 V libnb   : enter native_bridge2_getTrampoline Java_com_hyphenate_chat_adapter_EMAChatConfig_nativesetDeviceName, trampoline_addr 0x0
09-19 16:45:47.624  2032  2032 V libnb   : enter native_bridge2_getTrampoline Java_com_hyphenate_chat_adapter_EMAChatConfig_nativesetDeviceName__Ljava_lang_String_2, trampoline_addr 0x0
09-19 16:45:47.624  2032  2032 V libnb   : enter native_bridge2_getTrampoline Java_com_hyphenate_chat_adapter_EMAChatConfig_nativesetDeviceName, trampoline_addr 0x0
09-19 16:45:47.624  2032  2032 V libnb   : enter native_bridge2_getTrampoline Java_com_hyphenate_chat_adapter_EMAChatConfig_nativesetDeviceName__Ljava_lang_String_2, trampoline_addr 0x0
09-19 16:45:47.624  2032  2032 V libnb   : enter native_bridge2_getTrampoline Java_com_hyphenate_chat_adapter_EMAChatConfig_nativesetDeviceName, trampoline_addr 0x0
09-19 16:45:47.624  2032  2032 V libnb   : enter native_bridge2_getTrampoline Java_com_hyphenate_chat_adapter_EMAChatConfig_nativesetDeviceName__Ljava_lang_String_2, trampoline_addr 0x0
09-19 16:45:47.624  2032  2032 V libnb   : enter native_bridge2_getTrampoline Java_com_hyphenate_chat_adapter_EMAChatConfig_nativesetDeviceName, trampoline_addr 0xb91b58c4
09-19 16:45:47.624  2032  2032 E EMPushHelper: EMPushHelper init, config: EMPushConfig{fcmSenderId='787479292864', hwAppId='null', miAppId='null', miAppKey='null', mzAppId='null', mzAppKey='null', oppoAppKey='null', oppoAppSecret='null', vivoAppId='null', vivoAppKey='null', enabledPushTypes=[FCM]}
09-19 16:45:47.624  2032  2032 V libnb   : enter native_bridge2_getTrampoline Java_com_hyphenate_chat_adapter_EMAChatClient_native_1create, trampoline_addr 0x0
09-19 16:45:47.624  2032  2032 V libnb   : enter native_bridge2_getTrampoline Java_com_hyphenate_chat_adapter_EMAChatClient_native_1create__Lcom_hyphenate_chat_adapter_EMAChatConfig_2, trampoline_addr 0x0
09-19 16:45:47.624  2032  2032 V libnb   : enter native_bridge2_getTrampoline Java_com_hyphenate_chat_adapter_EMAChatClient_native_1create, trampoline_addr 0x0
09-19 16:45:47.624  2032  2032 V libnb   : enter native_bridge2_getTrampoline Java_com_hyphenate_chat_adapter_EMAChatClient_native_1create__Lcom_hyphenate_chat_adapter_EMAChatConfig_2, trampoline_addr 0x0
09-19 16:45:47.624  2032  2032 V libnb   : enter native_bridge2_getTrampoline Java_com_hyphenate_chat_adapter_EMAChatClient_native_1create, trampoline_addr 0x0
09-19 16:45:47.624  2032  2032 V libnb   : enter native_bridge2_getTrampoline Java_com_hyphenate_chat_adapter_EMAChatClient_native_1create__Lcom_hyphenate_chat_adapter_EMAChatConfig_2, trampoline_addr 0x0
09-19 16:45:47.624  2032  2032 V libnb   : enter native_bridge2_getTrampoline Java_com_hyphenate_chat_adapter_EMAChatClient_native_1create, trampoline_addr 0xb91b588c
09-19 16:45:47.633  2032  2032 V libnb   : enter native_bridge2_getTrampoline Java_com_hyphenate_chat_adapter_EMAChatClient_native_1getChatManager, trampoline_addr 0x0
09-19 16:45:47.633  2032  2032 V libnb   : enter native_bridge2_getTrampoline Java_com_hyphenate_chat_adapter_EMAChatClient_native_1getChatManager__, trampoline_addr 0x0
09-19 16:45:47.633  2032  2032 V libnb   : enter native_bridge2_getTrampoline Java_com_hyphenate_chat_adapter_EMAChatClient_native_1getChatManager, trampoline_addr 0x0
09-19 16:45:47.633  2032  2032 V libnb   : enter native_bridge2_getTrampoline Java_com_hyphenate_chat_adapter_EMAChatClient_native_1getChatManager__, trampoline_addr 0x0
09-19 16:45:47.633  2032  2032 V libnb   : enter native_bridge2_getTrampoline Java_com_hyphenate_chat_adapter_EMAChatClient_native_1getChatManager, trampoline_addr 0x0
09-19 16:45:47.633  2032  2032 V libnb   : enter native_bridge2_getTrampoline Java_com_hyphenate_chat_adapter_EMAChatClient_native_1getChatManager__, trampoline_addr 0x0
09-19 16:45:47.633  2032  2032 V libnb   : enter native_bridge2_getTrampoline Java_com_hyphenate_chat_adapter_EMAChatClient_native_1getChatManager, trampoline_addr 0xb91b5854
09-19 16:45:47.634  2032  2032 V libnb   : enter native_bridge2_getTrampoline Java_com_hyphenate_chat_adapter_EMAChatClient_native_1getChatRoomManager, trampoline_addr 0x0
09-19 16:45:47.634  2032  2032 V libnb   : enter native_bridge2_getTrampoline Java_com_hyphenate_chat_adapter_EMAChatClient_native_1getChatRoomManager__, trampoline_addr 0x0
09-19 16:45:47.634  2032  2032 V libnb   : enter native_bridge2_getTrampoline Java_com_hyphenate_chat_adapter_EMAChatClient_native_1getChatRoomManager, trampoline_addr 0x0
09-19 16:45:47.634  2032  2032 V libnb   : enter native_bridge2_getTrampoline Java_com_hyphenate_chat_adapter_EMAChatClient_native_1getChatRoomManager__, trampoline_addr 0x0
09-19 16:45:47.634  2032  2032 V libnb   : enter native_bridge2_getTrampoline Java_com_hyphenate_chat_adapter_EMAChatClient_native_1getChatRoomManager, trampoline_addr 0x0
09-19 16:45:47.634  2032  2032 V libnb   : enter native_bridge2_getTrampoline Java_com_hyphenate_chat_adapter_EMAChatClient_native_1getChatRoomManager__, trampoline_addr 0x0
09-19 16:45:47.634  2032  2032 V libnb   : enter native_bridge2_getTrampoline Java_com_hyphenate_chat_adapter_EMAChatClient_native_1getChatRoomManager, trampoline_addr 0xb91b581c
09-19 16:45:47.634  2032  2032 V libnb   : enter native_bridge2_getTrampoline Java_com_hyphenate_chat_adapter_EMAChatClient_native_1getGroupManager, trampoline_addr 0x0
09-19 16:45:47.634  2032  2032 V libnb   : enter native_bridge2_getTrampoline Java_com_hyphenate_chat_adapter_EMAChatClient_native_1getGroupManager__, trampoline_addr 0x0
09-19 16:45:47.634  2032  2032 V libnb   : enter native_bridge2_getTrampoline Java_com_hyphenate_chat_adapter_EMAChatClient_native_1getGroupManager, trampoline_addr 0x0
09-19 16:45:47.634  2032  2032 V libnb   : enter native_bridge2_getTrampoline Java_com_hyphenate_chat_adapter_EMAChatClient_native_1getGroupManager__, trampoline_addr 0x0
09-19 16:45:47.634  2032  2032 V libnb   : enter native_bridge2_getTrampoline Java_com_hyphenate_chat_adapter_EMAChatClient_native_1getGroupManager, trampoline_addr 0x0
09-19 16:45:47.634  2032  2032 V libnb   : enter native_bridge2_getTrampoline Java_com_hyphenate_chat_adapter_EMAChatClient_native_1getGroupManager__, trampoline_addr 0x0
09-19 16:45:47.634  2032  2032 V libnb   : enter native_bridge2_getTrampoline Java_com_hyphenate_chat_adapter_EMAChatClient_native_1getGroupManager, trampoline_addr 0xb91b57e4
09-19 16:45:47.634  2032  2032 V libnb   : enter native_bridge2_getTrampoline Java_com_hyphenate_chat_adapter_EMAChatClient_native_1getContactManager, trampoline_addr 0x0
09-19 16:45:47.634  2032  2032 V libnb   : enter native_bridge2_getTrampoline Java_com_hyphenate_chat_adapter_EMAChatClient_native_1getContactManager__, trampoline_addr 0x0
09-19 16:45:47.634  2032  2032 V libnb   : enter native_bridge2_getTrampoline Java_com_hyphenate_chat_adapter_EMAChatClient_native_1getContactManager, trampoline_addr 0x0
09-19 16:45:47.634  2032  2032 V libnb   : enter native_bridge2_getTrampoline Java_com_hyphenate_chat_adapter_EMAChatClient_native_1getContactManager__, trampoline_addr 0x0
09-19 16:45:47.634  2032  2032 V libnb   : enter native_bridge2_getTrampoline Java_com_hyphenate_chat_adapter_EMAChatClient_native_1getContactManager, trampoline_addr 0x0
09-19 16:45:47.634  2032  2032 V libnb   : enter native_bridge2_getTrampoline Java_com_hyphenate_chat_adapter_EMAChatClient_native_1getContactManager__, trampoline_addr 0x0
09-19 16:45:47.634  2032  2032 V libnb   : enter native_bridge2_getTrampoline Java_com_hyphenate_chat_adapter_EMAChatClient_native_1getContactManager, trampoline_addr 0xb91b57ac
09-19 16:45:47.634  2032  2032 V libnb   : enter native_bridge2_getTrampoline Java_com_hyphenate_chat_adapter_EMAChatClient_native_1getPushManager, trampoline_addr 0x0
09-19 16:45:47.634  2032  2032 V libnb   : enter native_bridge2_getTrampoline Java_com_hyphenate_chat_adapter_EMAChatClient_native_1getPushManager__, trampoline_addr 0x0
09-19 16:45:47.634  2032  2032 V libnb   : enter native_bridge2_getTrampoline Java_com_hyphenate_chat_adapter_EMAChatClient_native_1getPushManager, trampoline_addr 0x0
09-19 16:45:47.634  2032  2032 V libnb   : enter native_bridge2_getTrampoline Java_com_hyphenate_chat_adapter_EMAChatClient_native_1getPushManager__, trampoline_addr 0x0
09-19 16:45:47.634  2032  2032 V libnb   : enter native_bridge2_getTrampoline Java_com_hyphenate_chat_adapter_EMAChatClient_native_1getPushManager, trampoline_addr 0x0
09-19 16:45:47.634  2032  2032 V libnb   : enter native_bridge2_getTrampoline Java_com_hyphenate_chat_adapter_EMAChatClient_native_1getPushManager__, trampoline_addr 0x0
09-19 16:45:47.635  2032  2032 V libnb   : enter native_bridge2_getTrampoline Java_com_hyphenate_chat_adapter_EMAChatClient_native_1getPushManager, trampoline_addr 0xb91b5774
09-19 16:45:47.635  2032  2032 V libnb   : enter native_bridge2_getTrampoline Java_com_hyphenate_chat_adapter_EMAChatClient_native_1getUserInfoManager, trampoline_addr 0x0
09-19 16:45:47.635  2032  2032 V libnb   : enter native_bridge2_getTrampoline Java_com_hyphenate_chat_adapter_EMAChatClient_native_1getUserInfoManager__, trampoline_addr 0x0
09-19 16:45:47.635  2032  2032 V libnb   : enter native_bridge2_getTrampoline Java_com_hyphenate_chat_adapter_EMAChatClient_native_1getUserInfoManager, trampoline_addr 0x0
09-19 16:45:47.635  2032  2032 V libnb   : enter native_bridge2_getTrampoline Java_com_hyphenate_chat_adapter_EMAChatClient_native_1getUserInfoManager__, trampoline_addr 0x0
09-19 16:45:47.635  2032  2032 V libnb   : enter native_bridge2_getTrampoline Java_com_hyphenate_chat_adapter_EMAChatClient_native_1getUserInfoManager, trampoline_addr 0x0
09-19 16:45:47.635  2032  2032 V libnb   : enter native_bridge2_getTrampoline Java_com_hyphenate_chat_adapter_EMAChatClient_native_1getUserInfoManager__, trampoline_addr 0x0
09-19 16:45:47.635  2032  2032 V libnb   : enter native_bridge2_getTrampoline Java_com_hyphenate_chat_adapter_EMAChatClient_native_1getUserInfoManager, trampoline_addr 0xb91b573c
09-19 16:45:47.635  2032  2032 V libnb   : enter native_bridge2_getTrampoline Java_com_hyphenate_chat_adapter_EMAChatClient_native_1getSessionManager, trampoline_addr 0x0
09-19 16:45:47.635  2032  2032 V libnb   : enter native_bridge2_getTrampoline Java_com_hyphenate_chat_adapter_EMAChatClient_native_1getSessionManager__, trampoline_addr 0x0
09-19 16:45:47.635  2032  2032 V libnb   : enter native_bridge2_getTrampoline Java_com_hyphenate_chat_adapter_EMAChatClient_native_1getSessionManager, trampoline_addr 0x0
09-19 16:45:47.635  2032  2032 V libnb   : enter native_bridge2_getTrampoline Java_com_hyphenate_chat_adapter_EMAChatClient_native_1getSessionManager__, trampoline_addr 0x0
09-19 16:45:47.635  2032  2032 V libnb   : enter native_bridge2_getTrampoline Java_com_hyphenate_chat_adapter_EMAChatClient_native_1getSessionManager, trampoline_addr 0x0
09-19 16:45:47.635  2032  2032 V libnb   : enter native_bridge2_getTrampoline Java_com_hyphenate_chat_adapter_EMAChatClient_native_1getSessionManager__, trampoline_addr 0x0
09-19 16:45:47.635  2032  2032 V libnb   : enter native_bridge2_getTrampoline Java_com_hyphenate_chat_adapter_EMAChatClient_native_1getSessionManager, trampoline_addr 0xb91b5704
09-19 16:45:47.635  2032  2032 V libnb   : enter native_bridge2_getTrampoline Java_com_hyphenate_chat_adapter_EMAChatClient_native_1getTranslateManager, trampoline_addr 0x0
09-19 16:45:47.635  2032  2032 V libnb   : enter native_bridge2_getTrampoline Java_com_hyphenate_chat_adapter_EMAChatClient_native_1getTranslateManager__, trampoline_addr 0x0
09-19 16:45:47.635  2032  2032 V libnb   : enter native_bridge2_getTrampoline Java_com_hyphenate_chat_adapter_EMAChatClient_native_1getTranslateManager, trampoline_addr 0x0
09-19 16:45:47.635  2032  2032 V libnb   : enter native_bridge2_getTrampoline Java_com_hyphenate_chat_adapter_EMAChatClient_native_1getTranslateManager__, trampoline_addr 0x0
09-19 16:45:47.635  2032  2032 V libnb   : enter native_bridge2_getTrampoline Java_com_hyphenate_chat_adapter_EMAChatClient_native_1getTranslateManager, trampoline_addr 0x0
09-19 16:45:47.635  2032  2032 V libnb   : enter native_bridge2_getTrampoline Java_com_hyphenate_chat_adapter_EMAChatClient_native_1getTranslateManager__, trampoline_addr 0x0
09-19 16:45:47.635  2032  2032 V libnb   : enter native_bridge2_getTrampoline Java_com_hyphenate_chat_adapter_EMAChatClient_native_1getTranslateManager, trampoline_addr 0xb91b56cc
09-19 16:45:47.635  2032  2032 V libnb   : enter native_bridge2_getTrampoline Java_com_hyphenate_chat_adapter_EMAChatClient_native_1getPresenceManager, trampoline_addr 0x0
09-19 16:45:47.635  2032  2032 V libnb   : enter native_bridge2_getTrampoline Java_com_hyphenate_chat_adapter_EMAChatClient_native_1getPresenceManager__, trampoline_addr 0x0
09-19 16:45:47.635  2032  2032 V libnb   : enter native_bridge2_getTrampoline Java_com_hyphenate_chat_adapter_EMAChatClient_native_1getPresenceManager, trampoline_addr 0x0
09-19 16:45:47.635  2032  2032 V libnb   : enter native_bridge2_getTrampoline Java_com_hyphenate_chat_adapter_EMAChatClient_native_1getPresenceManager__, trampoline_addr 0x0
09-19 16:45:47.635  2032  2032 V libnb   : enter native_bridge2_getTrampoline Java_com_hyphenate_chat_adapter_EMAChatClient_native_1getPresenceManager, trampoline_addr 0x0
09-19 16:45:47.635  2032  2032 V libnb   : enter native_bridge2_getTrampoline Java_com_hyphenate_chat_adapter_EMAChatClient_native_1getPresenceManager__, trampoline_addr 0x0
09-19 16:45:47.635  2032  2032 V libnb   : enter native_bridge2_getTrampoline Java_com_hyphenate_chat_adapter_EMAChatClient_native_1getPresenceManager, trampoline_addr 0xb91b5694
09-19 16:45:47.635  2032  2032 V libnb   : enter native_bridge2_getTrampoline Java_com_hyphenate_chat_adapter_EMAConnectionListener_nativeInit, trampoline_addr 0x0
09-19 16:45:47.635  2032  2032 V libnb   : enter native_bridge2_getTrampoline Java_com_hyphenate_chat_adapter_EMAConnectionListener_nativeInit__, trampoline_addr 0x0
09-19 16:45:47.635  2032  2032 V libnb   : enter native_bridge2_getTrampoline Java_com_hyphenate_chat_adapter_EMAConnectionListener_nativeInit, trampoline_addr 0x0
09-19 16:45:47.635  2032  2032 V libnb   : enter native_bridge2_getTrampoline Java_com_hyphenate_chat_adapter_EMAConnectionListener_nativeInit__, trampoline_addr 0x0
09-19 16:45:47.635  2032  2032 V libnb   : enter native_bridge2_getTrampoline Java_com_hyphenate_chat_adapter_EMAConnectionListener_nativeInit, trampoline_addr 0x0
09-19 16:45:47.635  2032  2032 V libnb   : enter native_bridge2_getTrampoline Java_com_hyphenate_chat_adapter_EMAConnectionListener_nativeInit__, trampoline_addr 0x0
09-19 16:45:47.635  2032  2032 V libnb   : enter native_bridge2_getTrampoline Java_com_hyphenate_chat_adapter_EMAConnectionListener_nativeInit, trampoline_addr 0xb91b565c
09-19 16:45:47.635  2032  2032 V libnb   : enter native_bridge2_getTrampoline Java_com_hyphenate_chat_adapter_EMAChatClient_native_1addConnectionListener, trampoline_addr 0x0
09-19 16:45:47.635  2032  2032 V libnb   : enter native_bridge2_getTrampoline Java_com_hyphenate_chat_adapter_EMAChatClient_native_1addConnectionListener__Lcom_hyphenate_chat_adapter_EMAConnectionListener_2, trampoline_addr 0x0
09-19 16:45:47.635  2032  2032 V libnb   : enter native_bridge2_getTrampoline Java_com_hyphenate_chat_adapter_EMAChatClient_native_1addConnectionListener, trampoline_addr 0x0
09-19 16:45:47.635  2032  2032 V libnb   : enter native_bridge2_getTrampoline Java_com_hyphenate_chat_adapter_EMAChatClient_native_1addConnectionListener__Lcom_hyphenate_chat_adapter_EMAConnectionListener_2, trampoline_addr 0x0
09-19 16:45:47.635  2032  2032 V libnb   : enter native_bridge2_getTrampoline Java_com_hyphenate_chat_adapter_EMAChatClient_native_1addConnectionListener, trampoline_addr 0x0
09-19 16:45:47.635  2032  2032 V libnb   : enter native_bridge2_getTrampoline Java_com_hyphenate_chat_adapter_EMAChatClient_native_1addConnectionListener__Lcom_hyphenate_chat_adapter_EMAConnectionListener_2, trampoline_addr 0x0
09-19 16:45:47.635  2032  2032 V libnb   : enter native_bridge2_getTrampoline Java_com_hyphenate_chat_adapter_EMAChatClient_native_1addConnectionListener, trampoline_addr 0xb91b5624
09-19 16:45:47.636  2032  2032 V libnb   : enter native_bridge2_getTrampoline Java_com_hyphenate_chat_adapter_EMAMultiDeviceListener_nativeInit, trampoline_addr 0x0
09-19 16:45:47.636  2032  2032 V libnb   : enter native_bridge2_getTrampoline Java_com_hyphenate_chat_adapter_EMAMultiDeviceListener_nativeInit__, trampoline_addr 0x0
09-19 16:45:47.636  2032  2032 V libnb   : enter native_bridge2_getTrampoline Java_com_hyphenate_chat_adapter_EMAMultiDeviceListener_nativeInit, trampoline_addr 0x0
09-19 16:45:47.636  2032  2032 V libnb   : enter native_bridge2_getTrampoline Java_com_hyphenate_chat_adapter_EMAMultiDeviceListener_nativeInit__, trampoline_addr 0x0
09-19 16:45:47.636  2032  2032 V libnb   : enter native_bridge2_getTrampoline Java_com_hyphenate_chat_adapter_EMAMultiDeviceListener_nativeInit, trampoline_addr 0x0
09-19 16:45:47.636  2032  2133 D ONE SDK : [2022/09/19 16:45:47:635]: addConnectionListener
09-19 16:45:47.636  2032  2032 V libnb   : enter native_bridge2_getTrampoline Java_com_hyphenate_chat_adapter_EMAMultiDeviceListener_nativeInit__, trampoline_addr 0x0
09-19 16:45:47.636  2032  2032 V libnb   : enter native_bridge2_getTrampoline Java_com_hyphenate_chat_adapter_EMAMultiDeviceListener_nativeInit, trampoline_addr 0xb91b55ec
09-19 16:45:47.636  2032  2133 D ONE SDK : [2022/09/19 16:45:47:635]: addConnectionCallbackListener
09-19 16:45:47.636  2032  2032 V libnb   : enter native_bridge2_getTrampoline Java_com_hyphenate_chat_adapter_EMAChatClient_native_1addMultiDeviceListener, trampoline_addr 0x0
09-19 16:45:47.636  2032  2032 V libnb   : enter native_bridge2_getTrampoline Java_com_hyphenate_chat_adapter_EMAChatClient_native_1addMultiDeviceListener__Lcom_hyphenate_chat_adapter_EMAMultiDeviceListener_2, trampoline_addr 0x0
09-19 16:45:47.636  2032  2032 V libnb   : enter native_bridge2_getTrampoline Java_com_hyphenate_chat_adapter_EMAChatClient_native_1addMultiDeviceListener, trampoline_addr 0x0
09-19 16:45:47.636  2032  2032 V libnb   : enter native_bridge2_getTrampoline Java_com_hyphenate_chat_adapter_EMAChatClient_native_1addMultiDeviceListener__Lcom_hyphenate_chat_adapter_EMAMultiDeviceListener_2, trampoline_addr 0x0
09-19 16:45:47.636  2032  2032 V libnb   : enter native_bridge2_getTrampoline Java_com_hyphenate_chat_adapter_EMAChatClient_native_1addMultiDeviceListener, trampoline_addr 0x0
09-19 16:45:47.636  2032  2032 V libnb   : enter native_bridge2_getTrampoline Java_com_hyphenate_chat_adapter_EMAChatClient_native_1addMultiDeviceListener__Lcom_hyphenate_chat_adapter_EMAMultiDeviceListener_2, trampoline_addr 0x0
09-19 16:45:47.636  2032  2032 V libnb   : enter native_bridge2_getTrampoline Java_com_hyphenate_chat_adapter_EMAChatClient_native_1addMultiDeviceListener, trampoline_addr 0xb91b55b4
09-19 16:45:47.638  2032  2032 V libnb   : enter native_bridge2_getTrampoline Java_com_hyphenate_chat_adapter_EMAChatManagerListener_nativeInit, trampoline_addr 0x0
09-19 16:45:47.638  2032  2032 V libnb   : enter native_bridge2_getTrampoline Java_com_hyphenate_chat_adapter_EMAChatManagerListener_nativeInit__, trampoline_addr 0x0
09-19 16:45:47.638  2032  2032 V libnb   : enter native_bridge2_getTrampoline Java_com_hyphenate_chat_adapter_EMAChatManagerListener_nativeInit, trampoline_addr 0x0
09-19 16:45:47.638  2032  2032 V libnb   : enter native_bridge2_getTrampoline Java_com_hyphenate_chat_adapter_EMAChatManagerListener_nativeInit__, trampoline_addr 0x0
09-19 16:45:47.638  2032  2032 V libnb   : enter native_bridge2_getTrampoline Java_com_hyphenate_chat_adapter_EMAChatManagerListener_nativeInit, trampoline_addr 0x0
09-19 16:45:47.638  2032  2032 V libnb   : enter native_bridge2_getTrampoline Java_com_hyphenate_chat_adapter_EMAChatManagerListener_nativeInit__, trampoline_addr 0x0
09-19 16:45:47.638  2032  2032 V libnb   : enter native_bridge2_getTrampoline Java_com_hyphenate_chat_adapter_EMAChatManagerListener_nativeInit, trampoline_addr 0xb91b557c
09-19 16:45:47.638  2032  2032 V libnb   : enter native_bridge2_getTrampoline Java_com_hyphenate_chat_adapter_EMABase__1hashCode, trampoline_addr 0x0
09-19 16:45:47.638  2032  2032 V libnb   : enter native_bridge2_getTrampoline Java_com_hyphenate_chat_adapter_EMABase__1hashCode__, trampoline_addr 0x0
09-19 16:45:47.638  2032  2032 V libnb   : enter native_bridge2_getTrampoline Java_com_hyphenate_chat_adapter_EMABase__1hashCode, trampoline_addr 0x0
09-19 16:45:47.638  2032  2032 V libnb   : enter native_bridge2_getTrampoline Java_com_hyphenate_chat_adapter_EMABase__1hashCode__, trampoline_addr 0x0
09-19 16:45:47.638  2032  2032 V libnb   : enter native_bridge2_getTrampoline Java_com_hyphenate_chat_adapter_EMABase__1hashCode, trampoline_addr 0x0
09-19 16:45:47.638  2032  2032 V libnb   : enter native_bridge2_getTrampoline Java_com_hyphenate_chat_adapter_EMABase__1hashCode__, trampoline_addr 0x0
09-19 16:45:47.638  2032  2032 V libnb   : enter native_bridge2_getTrampoline Java_com_hyphenate_chat_adapter_EMABase__1hashCode, trampoline_addr 0xb91b5544
09-19 16:45:47.638  2032  2032 V libnb   : enter native_bridge2_getTrampoline Java_com_hyphenate_chat_adapter_EMAChatManager_nativeAddListener, trampoline_addr 0x0
09-19 16:45:47.638  2032  2032 V libnb   : enter native_bridge2_getTrampoline Java_com_hyphenate_chat_adapter_EMAChatManager_nativeAddListener__Lcom_hyphenate_chat_adapter_EMAChatManagerListener_2, trampoline_addr 0x0
09-19 16:45:47.638  2032  2032 V libnb   : enter native_bridge2_getTrampoline Java_com_hyphenate_chat_adapter_EMAChatManager_nativeAddListener, trampoline_addr 0x0
09-19 16:45:47.638  2032  2032 V libnb   : enter native_bridge2_getTrampoline Java_com_hyphenate_chat_adapter_EMAChatManager_nativeAddListener__Lcom_hyphenate_chat_adapter_EMAChatManagerListener_2, trampoline_addr 0x0
09-19 16:45:47.638  2032  2032 V libnb   : enter native_bridge2_getTrampoline Java_com_hyphenate_chat_adapter_EMAChatManager_nativeAddListener, trampoline_addr 0x0
09-19 16:45:47.638  2032  2032 V libnb   : enter native_bridge2_getTrampoline Java_com_hyphenate_chat_adapter_EMAChatManager_nativeAddListener__Lcom_hyphenate_chat_adapter_EMAChatManagerListener_2, trampoline_addr 0x0
09-19 16:45:47.638  2032  2032 V libnb   : enter native_bridge2_getTrampoline Java_com_hyphenate_chat_adapter_EMAChatManager_nativeAddListener, trampoline_addr 0xb91b550c
09-19 16:45:47.639  2032  2032 V libnb   : enter native_bridge2_getTrampoline Java_com_hyphenate_chat_adapter_EMAContactListener_nativeInit, trampoline_addr 0x0
09-19 16:45:47.639  2032  2032 V libnb   : enter native_bridge2_getTrampoline Java_com_hyphenate_chat_adapter_EMAContactListener_nativeInit__, trampoline_addr 0x0
09-19 16:45:47.639  2032  2032 V libnb   : enter native_bridge2_getTrampoline Java_com_hyphenate_chat_adapter_EMAContactListener_nativeInit, trampoline_addr 0x0
09-19 16:45:47.639  2032  2032 V libnb   : enter native_bridge2_getTrampoline Java_com_hyphenate_chat_adapter_EMAContactListener_nativeInit__, trampoline_addr 0x0
09-19 16:45:47.639  2032  2032 V libnb   : enter native_bridge2_getTrampoline Java_com_hyphenate_chat_adapter_EMAContactListener_nativeInit, trampoline_addr 0x0
09-19 16:45:47.639  2032  2032 V libnb   : enter native_bridge2_getTrampoline Java_com_hyphenate_chat_adapter_EMAContactListener_nativeInit__, trampoline_addr 0x0
09-19 16:45:47.639  2032  2032 V libnb   : enter native_bridge2_getTrampoline Java_com_hyphenate_chat_adapter_EMAContactListener_nativeInit, trampoline_addr 0xb91b54d4
09-19 16:45:47.639  2032  2032 V libnb   : enter native_bridge2_getTrampoline Java_com_hyphenate_chat_adapter_EMAContactManager_nativeInit, trampoline_addr 0x0
09-19 16:45:47.639  2032  2032 V libnb   : enter native_bridge2_getTrampoline Java_com_hyphenate_chat_adapter_EMAContactManager_nativeInit__Lcom_hyphenate_chat_adapter_EMAContactManager_2, trampoline_addr 0x0
09-19 16:45:47.639  2032  2032 V libnb   : enter native_bridge2_getTrampoline Java_com_hyphenate_chat_adapter_EMAContactManager_nativeInit, trampoline_addr 0x0
09-19 16:45:47.639  2032  2032 V libnb   : enter native_bridge2_getTrampoline Java_com_hyphenate_chat_adapter_EMAContactManager_nativeInit__Lcom_hyphenate_chat_adapter_EMAContactManager_2, trampoline_addr 0x0
09-19 16:45:47.639  2032  2032 V libnb   : enter native_bridge2_getTrampoline Java_com_hyphenate_chat_adapter_EMAContactManager_nativeInit, trampoline_addr 0x0
09-19 16:45:47.639  2032  2032 V libnb   : enter native_bridge2_getTrampoline Java_com_hyphenate_chat_adapter_EMAContactManager_nativeInit__Lcom_hyphenate_chat_adapter_EMAContactManager_2, trampoline_addr 0x0
09-19 16:45:47.639  2032  2032 V libnb   : enter native_bridge2_getTrampoline Java_com_hyphenate_chat_adapter_EMAContactManager_nativeInit, trampoline_addr 0xb91b549c
09-19 16:45:47.639  2032  2032 V libnb   : enter native_bridge2_getTrampoline Java_com_hyphenate_chat_adapter_EMAContactManager_nativeRegisterContactListener, trampoline_addr 0x0
09-19 16:45:47.639  2032  2032 V libnb   : enter native_bridge2_getTrampoline Java_com_hyphenate_chat_adapter_EMAContactManager_nativeRegisterContactListener__Lcom_hyphenate_chat_adapter_EMAContactListener_2, trampoline_addr 0x0
09-19 16:45:47.639  2032  2032 V libnb   : enter native_bridge2_getTrampoline Java_com_hyphenate_chat_adapter_EMAContactManager_nativeRegisterContactListener, trampoline_addr 0x0
09-19 16:45:47.639  2032  2032 V libnb   : enter native_bridge2_getTrampoline Java_com_hyphenate_chat_adapter_EMAContactManager_nativeRegisterContactListener__Lcom_hyphenate_chat_adapter_EMAContactListener_2, trampoline_addr 0x0
09-19 16:45:47.639  2032  2032 V libnb   : enter native_bridge2_getTrampoline Java_com_hyphenate_chat_adapter_EMAContactManager_nativeRegisterContactListener, trampoline_addr 0x0
09-19 16:45:47.639  2032  2032 V libnb   : enter native_bridge2_getTrampoline Java_com_hyphenate_chat_adapter_EMAContactManager_nativeRegisterContactListener__Lcom_hyphenate_chat_adapter_EMAContactListener_2, trampoline_addr 0x0
09-19 16:45:47.639  2032  2032 V libnb   : enter native_bridge2_getTrampoline Java_com_hyphenate_chat_adapter_EMAContactManager_nativeRegisterContactListener, trampoline_addr 0xb91b5464
09-19 16:45:47.639  2032  2133 D ONE SDK : [2022/09/19 16:45:47:639]: registerContactListener
09-19 16:45:47.641  2032  2032 V libnb   : enter native_bridge2_getTrampoline Java_com_hyphenate_chat_adapter_EMAGroupManagerListener_nativeInit, trampoline_addr 0x0
09-19 16:45:47.641  2032  2032 V libnb   : enter native_bridge2_getTrampoline Java_com_hyphenate_chat_adapter_EMAGroupManagerListener_nativeInit__, trampoline_addr 0x0
09-19 16:45:47.641  2032  2032 V libnb   : enter native_bridge2_getTrampoline Java_com_hyphenate_chat_adapter_EMAGroupManagerListener_nativeInit, trampoline_addr 0x0
09-19 16:45:47.641  2032  2032 V libnb   : enter native_bridge2_getTrampoline Java_com_hyphenate_chat_adapter_EMAGroupManagerListener_nativeInit__, trampoline_addr 0x0
09-19 16:45:47.641  2032  2032 V libnb   : enter native_bridge2_getTrampoline Java_com_hyphenate_chat_adapter_EMAGroupManagerListener_nativeInit, trampoline_addr 0x0
09-19 16:45:47.641  2032  2032 V libnb   : enter native_bridge2_getTrampoline Java_com_hyphenate_chat_adapter_EMAGroupManagerListener_nativeInit__, trampoline_addr 0x0
09-19 16:45:47.641  2032  2032 V libnb   : enter native_bridge2_getTrampoline Java_com_hyphenate_chat_adapter_EMAGroupManagerListener_nativeInit, trampoline_addr 0xb91b542c
09-19 16:45:47.642  2032  2032 V libnb   : enter native_bridge2_getTrampoline Java_com_hyphenate_chat_adapter_EMAGroupManager_nativeAddListener, trampoline_addr 0x0
09-19 16:45:47.642  2032  2032 V libnb   : enter native_bridge2_getTrampoline Java_com_hyphenate_chat_adapter_EMAGroupManager_nativeAddListener__Lcom_hyphenate_chat_adapter_EMAGroupManagerListener_2, trampoline_addr 0x0
09-19 16:45:47.642  2032  2032 V libnb   : enter native_bridge2_getTrampoline Java_com_hyphenate_chat_adapter_EMAGroupManager_nativeAddListener, trampoline_addr 0x0
09-19 16:45:47.642  2032  2032 V libnb   : enter native_bridge2_getTrampoline Java_com_hyphenate_chat_adapter_EMAGroupManager_nativeAddListener__Lcom_hyphenate_chat_adapter_EMAGroupManagerListener_2, trampoline_addr 0x0
09-19 16:45:47.642  2032  2032 V libnb   : enter native_bridge2_getTrampoline Java_com_hyphenate_chat_adapter_EMAGroupManager_nativeAddListener, trampoline_addr 0x0
09-19 16:45:47.642  2032  2032 V libnb   : enter native_bridge2_getTrampoline Java_com_hyphenate_chat_adapter_EMAGroupManager_nativeAddListener__Lcom_hyphenate_chat_adapter_EMAGroupManagerListener_2, trampoline_addr 0x0
09-19 16:45:47.642  2032  2032 V libnb   : enter native_bridge2_getTrampoline Java_com_hyphenate_chat_adapter_EMAGroupManager_nativeAddListener, trampoline_addr 0xb91b53f4
09-19 16:45:47.643  2032  2032 V libnb   : enter native_bridge2_getTrampoline Java_com_hyphenate_chat_adapter_EMAChatRoomManagerListener_nativeInit, trampoline_addr 0x0
09-19 16:45:47.643  2032  2032 V libnb   : enter native_bridge2_getTrampoline Java_com_hyphenate_chat_adapter_EMAChatRoomManagerListener_nativeInit__, trampoline_addr 0x0
09-19 16:45:47.643  2032  2032 V libnb   : enter native_bridge2_getTrampoline Java_com_hyphenate_chat_adapter_EMAChatRoomManagerListener_nativeInit, trampoline_addr 0x0
09-19 16:45:47.643  2032  2032 V libnb   : enter native_bridge2_getTrampoline Java_com_hyphenate_chat_adapter_EMAChatRoomManagerListener_nativeInit__, trampoline_addr 0x0
09-19 16:45:47.643  2032  2032 V libnb   : enter native_bridge2_getTrampoline Java_com_hyphenate_chat_adapter_EMAChatRoomManagerListener_nativeInit, trampoline_addr 0x0
09-19 16:45:47.643  2032  2032 V libnb   : enter native_bridge2_getTrampoline Java_com_hyphenate_chat_adapter_EMAChatRoomManagerListener_nativeInit__, trampoline_addr 0x0
09-19 16:45:47.643  2032  2032 V libnb   : enter native_bridge2_getTrampoline Java_com_hyphenate_chat_adapter_EMAChatRoomManagerListener_nativeInit, trampoline_addr 0xb91b53bc
09-19 16:45:47.643  2032  2032 V libnb   : enter native_bridge2_getTrampoline Java_com_hyphenate_chat_adapter_EMAChatRoomManager_nativeAddListener, trampoline_addr 0x0
09-19 16:45:47.643  2032  2032 V libnb   : enter native_bridge2_getTrampoline Java_com_hyphenate_chat_adapter_EMAChatRoomManager_nativeAddListener__Lcom_hyphenate_chat_adapter_EMAChatRoomManagerListener_2, trampoline_addr 0x0
09-19 16:45:47.643  2032  2032 V libnb   : enter native_bridge2_getTrampoline Java_com_hyphenate_chat_adapter_EMAChatRoomManager_nativeAddListener, trampoline_addr 0x0
09-19 16:45:47.643  2032  2032 V libnb   : enter native_bridge2_getTrampoline Java_com_hyphenate_chat_adapter_EMAChatRoomManager_nativeAddListener__Lcom_hyphenate_chat_adapter_EMAChatRoomManagerListener_2, trampoline_addr 0x0
09-19 16:45:47.643  2032  2032 V libnb   : enter native_bridge2_getTrampoline Java_com_hyphenate_chat_adapter_EMAChatRoomManager_nativeAddListener, trampoline_addr 0x0
09-19 16:45:47.643  2032  2032 V libnb   : enter native_bridge2_getTrampoline Java_com_hyphenate_chat_adapter_EMAChatRoomManager_nativeAddListener__Lcom_hyphenate_chat_adapter_EMAChatRoomManagerListener_2, trampoline_addr 0x0
09-19 16:45:47.643  2032  2032 V libnb   : enter native_bridge2_getTrampoline Java_com_hyphenate_chat_adapter_EMAChatRoomManager_nativeAddListener, trampoline_addr 0xb91b5384
09-19 16:45:47.644  2032  2032 V libnb   : enter native_bridge2_getTrampoline Java_com_hyphenate_chat_adapter_EMAPresenceManagerListener_nativeInit, trampoline_addr 0x0
09-19 16:45:47.644  2032  2032 V libnb   : enter native_bridge2_getTrampoline Java_com_hyphenate_chat_adapter_EMAPresenceManagerListener_nativeInit__, trampoline_addr 0x0
09-19 16:45:47.644  2032  2032 V libnb   : enter native_bridge2_getTrampoline Java_com_hyphenate_chat_adapter_EMAPresenceManagerListener_nativeInit, trampoline_addr 0x0
09-19 16:45:47.644  2032  2032 V libnb   : enter native_bridge2_getTrampoline Java_com_hyphenate_chat_adapter_EMAPresenceManagerListener_nativeInit__, trampoline_addr 0x0
09-19 16:45:47.644  2032  2032 V libnb   : enter native_bridge2_getTrampoline Java_com_hyphenate_chat_adapter_EMAPresenceManagerListener_nativeInit, trampoline_addr 0x0
09-19 16:45:47.644  2032  2032 V libnb   : enter native_bridge2_getTrampoline Java_com_hyphenate_chat_adapter_EMAPresenceManagerListener_nativeInit__, trampoline_addr 0x0
09-19 16:45:47.644  2032  2032 V libnb   : enter native_bridge2_getTrampoline Java_com_hyphenate_chat_adapter_EMAPresenceManagerListener_nativeInit, trampoline_addr 0xb91b534c
09-19 16:45:47.644  2032  2032 V libnb   : enter native_bridge2_getTrampoline Java_com_hyphenate_chat_adapter_EMAPresenceManager_nativeAddListener, trampoline_addr 0x0
09-19 16:45:47.644  2032  2032 V libnb   : enter native_bridge2_getTrampoline Java_com_hyphenate_chat_adapter_EMAPresenceManager_nativeAddListener__Lcom_hyphenate_chat_adapter_EMAPresenceManagerListener_2, trampoline_addr 0x0
09-19 16:45:47.644  2032  2032 V libnb   : enter native_bridge2_getTrampoline Java_com_hyphenate_chat_adapter_EMAPresenceManager_nativeAddListener, trampoline_addr 0x0
09-19 16:45:47.644  2032  2032 V libnb   : enter native_bridge2_getTrampoline Java_com_hyphenate_chat_adapter_EMAPresenceManager_nativeAddListener__Lcom_hyphenate_chat_adapter_EMAPresenceManagerListener_2, trampoline_addr 0x0
09-19 16:45:47.644  2032  2032 V libnb   : enter native_bridge2_getTrampoline Java_com_hyphenate_chat_adapter_EMAPresenceManager_nativeAddListener, trampoline_addr 0x0
09-19 16:45:47.644  2032  2032 V libnb   : enter native_bridge2_getTrampoline Java_com_hyphenate_chat_adapter_EMAPresenceManager_nativeAddListener__Lcom_hyphenate_chat_adapter_EMAPresenceManagerListener_2, trampoline_addr 0x0
09-19 16:45:47.644  2032  2032 V libnb   : enter native_bridge2_getTrampoline Java_com_hyphenate_chat_adapter_EMAPresenceManager_nativeAddListener, trampoline_addr 0xb91b5314
09-19 16:45:47.644  2032  2133 D ONE SDK : [2022/09/19 16:45:47:644]: Java_com_hyphenate_chat_adapter_EMAPresenceManager_nativeAddListener
09-19 16:45:47.644  2032  2032 V libnb   : enter native_bridge2_getTrampoline Java_com_hyphenate_chat_adapter_EMANetCallback_nativeInit, trampoline_addr 0x0
09-19 16:45:47.644  2032  2032 V libnb   : enter native_bridge2_getTrampoline Java_com_hyphenate_chat_adapter_EMANetCallback_nativeInit__, trampoline_addr 0x0
09-19 16:45:47.644  2032  2032 V libnb   : enter native_bridge2_getTrampoline Java_com_hyphenate_chat_adapter_EMANetCallback_nativeInit, trampoline_addr 0x0
09-19 16:45:47.644  2032  2032 V libnb   : enter native_bridge2_getTrampoline Java_com_hyphenate_chat_adapter_EMANetCallback_nativeInit__, trampoline_addr 0x0
09-19 16:45:47.644  2032  2032 V libnb   : enter native_bridge2_getTrampoline Java_com_hyphenate_chat_adapter_EMANetCallback_nativeInit, trampoline_addr 0x0
09-19 16:45:47.644  2032  2032 V libnb   : enter native_bridge2_getTrampoline Java_com_hyphenate_chat_adapter_EMANetCallback_nativeInit__, trampoline_addr 0x0
09-19 16:45:47.644  2032  2032 V libnb   : enter native_bridge2_getTrampoline Java_com_hyphenate_chat_adapter_EMANetCallback_nativeInit, trampoline_addr 0xb91b52dc
09-19 16:45:47.644  2032  2032 V libnb   : enter native_bridge2_getTrampoline Java_com_hyphenate_chat_adapter_EMAChatConfig_nativeSetCallbackNet, trampoline_addr 0x0
