09-19 16:45:36.564  1301  1301 D ZenLog  : config: cleanUpZenRules,ZenModeConfig[user=0,allowCalls=true,allowRepeatCallers=false,allowMessages=false,allowCallsFrom=contacts,allowMessagesFrom=contacts,allowReminders=true,allowEvents=true,allowWhenScreenOff=true,allowWhenScreenOn=true,automaticRules={4e9f8d0a866b442ea01ed9b9093fa2b7=ZenRule[enabled=false,snoozing=false,name=活动,zenMode=ZEN_MODE_ALARMS,conditionId=condition://android/event?userId=-10000&calendar=&reply=1,condition=Condition[id=condition://android/event?userId=-10000&calendar=&reply=1,summary=...,line1=...,line2=...,icon=0,state=STATE_FALSE,flags=2],component=ComponentInfo{android/com.android.server.notification.EventConditionProvider},id=4e9f8d0a866b442ea01ed9b9093fa2b7,creationTime=1659951736790,enabler=null], 31bbab51d1bb4308b76bb58bb910d6de=ZenRule[enabled=false,snoozing=false,name=周末,zenMode=ZEN_MODE_ALARMS,conditionId=condition://android/schedule?days=6.7&start=23.30&end=10.0&exitAtAlarm=false,condition=Condition[id=condition://android/schedule?days=6.7&start=23.30&end=10.0&exitAtAlarm=false,summary=...,line1=...,line2=...,icon=0,state=STATE_FALSE,flags=2],component=ComponentInfo{android/com.android.server.notification.ScheduleConditionProvider},id=31bbab51d1bb4308b76bb58bb910d6de,creationTime=1659951736790,enabler=null], 82084b374c1c41c28b08e9dee221b2f7=ZenRule[enabled=false,snoozing=false,name=周一至周五夜间,zenMode=ZEN_MODE_ALARMS,conditionId=condition://android/schedule?days=1.2.3.4.5&start=22.0&end=7.0&exitAtAlarm=false,condition=Condition[id=condition://android/schedule?days=1.2.3.4.5&start=22.0&end=7.0&exitAtAlarm=false,summary=...,line1=...,line2=...,icon=0,state=STATE_FALSE,flags=2],component=ComponentInfo{android/com.android.server.notification.ScheduleConditionProvider},id=82084b374c1c41c28b08e9dee221b2f7,creationTime=1659951736790,enabler=null]},manualRule=null],Diff[]
09-19 16:45:36.564  1301  1301 D ZenLog  : set_zen_mode: off,onSystemReady
09-19 16:45:36.564  1301  1373 D EthernetNetworkFactory: starting ipProvisioningThread(eth0): mNetworkInfo=[type: Ethernet[], state: UNKNOWN/IDLE, reason: (unspecified), extra: 00:db:22:20:dd:fd, failover: false, available: true, roaming: false, metered: false]
09-19 16:45:36.565  1115  1368 D PermissionCache: checking android.permission.CAPTURE_AUDIO_HOTWORD for uid=1000 => granted (99 us)
09-19 16:45:36.565  1301  1301 W SoundTriggerHelper: listModules status=0, # of modules=0
09-19 16:45:36.565  1301  1301 D ContextHubSystemService: onBootPhase: PHASE_SYSTEM_SERVICES_READY
09-19 16:45:36.569  1301  1370 I HostConnection: HostConnection::~HostConnection, pid=1301, tid=1370, this=0xb6eed1c0, m_stream=0xa94b45c0
09-19 16:45:36.569  1301  1370 I         : fastpipe: close connect
09-19 16:45:36.569  1301  1370 D AssetAtlas: Rendered atlas in 38.54ms (3.84+34.70ms)
09-19 16:45:36.570  1301  1374 E NetworkManagement: do clearInterfaceAddresses! iface=eth0
09-19 16:45:36.570  1124  1295 D CommandListener: Clearing all IP addresses on eth0
09-19 16:45:36.570  1109  1159 I HostConnection: HostConnection::HostConnection: pid=1109, tid=1159, this=0xc77e9b80
09-19 16:45:36.570  1109  1159 I         : fastpipe: Connect success
09-19 16:45:36.570  1109  1159 D HostConnection: HostRPC::connect sucess: app=/system/bin/surfaceflinger, pid=1109, tid=1159, this=0xc5a5d8c0
09-19 16:45:36.571  1109  1159 D HostConnection: queryAndSetGLESMaxVersion select gles-version: 3.1 hostGLVersion:46 process:/system/bin/surfaceflinger
09-19 16:45:36.573  1301  1301 V UserManagerService: Found /data/user_de/0 with serial number 0
09-19 16:45:36.573  1301  1301 V UserManagerService: Found /data/user/0 with serial number 0
09-19 16:45:36.573  1301  1301 V UserManagerService: Found /data/system_de/0 with serial number 0
09-19 16:45:36.573  1301  1301 V UserManagerService: Found /data/system_ce/0 with serial number 0
09-19 16:45:36.574  1301  1324 W KeyguardServiceDelegate: onScreenTurningOn(): no keyguard service!
09-19 16:45:36.576  1301  1301 I ActivityManager: System now ready
09-19 16:45:36.577  1301  1301 I SystemServer: Making services ready
09-19 16:45:36.577  1301  1301 I SystemServiceManager: Starting phase 550
09-19 16:45:36.588  1301  1311 W art     : Suspending all threads took: 5.734ms
09-19 16:45:36.592  1301  1311 I art     : Background sticky concurrent mark sweep GC freed 13652(874KB) AllocSpace objects, 6(120KB) LOS objects, 7% free, 9MB/10MB, paused 7.359ms total 27.875ms
09-19 16:45:36.597  1301  1301 D BluetoothManagerService: Bluetooth boot completed
09-19 16:45:36.597  1301  1301 E InputMethodManagerService: Ignoring updateSystemUiLocked due to an invalid token. uid:1000 token:null
09-19 16:45:36.597  1301  1301 I InputMethodManagerService: All the enabled IMEs are gone. Reset default enabled IMEs.
09-19 16:45:36.597  1301  1301 W InputMethodUtils: Found no fallback locale. imis=[]
09-19 16:45:36.597  1301  1301 W InputMethodUtils: No software keyboard is found. imis=[] systemLocale=zh_CN fallbackLocale=null
09-19 16:45:36.597  1301  1347 D MountService: Thinking about init, mSystemReady=true, mDaemonConnected=true
09-19 16:45:36.597  1301  1301 W TextServicesManagerService: no available spell checker services found
09-19 16:45:36.598  1301  1347 D MountService: Setting up emulation state, initlocked=false
09-19 16:45:36.598  1301  1347 D CryptdConnector: SND -> {2 cryptfs unlock_user_key 0 0 ! !}
09-19 16:45:36.598  1062  1102 D vold    : e4crypt_unlock_user_key 0 serial=0 token_present=0
09-19 16:45:36.598  1301  1349 D CryptdConnector: RCV <- {200 2 Command succeeded}
09-19 16:45:36.598  1115  1115 D audio_hw_hal: adev_set_parameters, kvpairs=A2dpSuspended=false
09-19 16:45:36.598  1301  1347 D MountService: Thinking about reset, mSystemReady=true, mDaemonConnected=true
09-19 16:45:36.599  1301  1301 I SystemServer: WebViewFactory preparation
09-19 16:45:36.599  1301  1347 D VoldConnector: SND -> {3 volume reset}
09-19 16:45:36.599  1301  1315 I ActivityManager: Force stopping com.android.providers.media appid=10007 user=-1: vold reset
09-19 16:45:36.599  1301  1348 D VoldConnector: RCV <- {651 emulated 7}
09-19 16:45:36.599  1301  1348 D VoldConnector: RCV <- {659 emulated}
09-19 16:45:36.599  1301  1348 D VoldConnector: RCV <- {650 emulated 2 "" ""}
09-19 16:45:36.599  1301  1348 D VoldConnector: RCV <- {654 emulated emulated}
09-19 16:45:36.600  1301  1348 D VoldConnector: RCV <- {651 emulated 0}
09-19 16:45:36.600  1301  1348 D VoldConnector: RCV <- {200 3 Command succeeded}
09-19 16:45:36.600  1301  1347 D VoldConnector: SND -> {4 volume user_added 0 0}
09-19 16:45:36.600  1301  1301 D WebViewFactory: Setting new address space to 169335024
09-19 16:45:36.600  1301  1320 V MountService: Found primary storage at VolumeInfo{emulated}:
09-19 16:45:36.600  1301  1320 V MountService:     type=EMULATED diskId=null partGuid=null mountFlags=0 mountUserId=-1 
09-19 16:45:36.600  1301  1320 V MountService:     state=UNMOUNTED 
09-19 16:45:36.600  1301  1320 V MountService:     fsType=null fsUuid=null fsLabel=null 
09-19 16:45:36.600  1301  1320 V MountService:     path=null internalPath=null 
09-19 16:45:36.600  1301  1348 D VoldConnector: RCV <- {200 4 Command succeeded}
09-19 16:45:36.601  1301  1347 D VoldConnector: SND -> {5 volume mount emulated 3 -1}
09-19 16:45:36.602  1301  1348 D VoldConnector: RCV <- {651 emulated 1}
09-19 16:45:36.602  1301  1348 D VoldConnector: RCV <- {656 emulated /data/media}
09-19 16:45:36.602  1062  1100 V vold    : Waiting for FUSE to spin up...
09-19 16:45:36.602  1301  1348 D VoldConnector: RCV <- {655 emulated /storage/emulated}
09-19 16:45:36.604  1301  1366 D BluetoothManagerService: Trying to bind to profile: 1, while Bluetooth was disabled
09-19 16:45:36.612  1301  1301 I Zygote  : Process: zygote socket opened, supported ABIS: x86,armeabi-v7a,armeabi
09-19 16:45:36.613  1114  1305 I art     : Starting a blocking GC HeapTrim
09-19 16:45:36.616  1380  1380 W sdcard  : Device explicitly enabled sdcardfs
09-19 16:45:36.622  1301  1316 I HostConnection: HostConnection::HostConnection: pid=1301, tid=1316, this=0xb6eed900
09-19 16:45:36.623  1301  1301 I ActivityManager: Start proc 1382:WebViewLoader-x86/1037 [android.webkit.WebViewFactory$RelroFileCreator] for 
09-19 16:45:36.623  1301  1316 I         : fastpipe: Connect success
09-19 16:45:36.623  1301  1316 D HostConnection: HostRPC::connect sucess: app=system_server, pid=1301, tid=1316, this=0xa896d200
09-19 16:45:36.624  1301  1316 D HostConnection: queryAndSetGLESMaxVersion select gles-version: 3.1 hostGLVersion:46 process:system_server
09-19 16:45:36.624  1301  1366 E BluetoothA2dp: Could not bind to Bluetooth A2DP Service with Intent { act=android.bluetooth.IBluetoothA2dp }
09-19 16:45:36.636  1301  1301 I ActivityManager: Start proc 1389:com.android.systemui/u0a17 for service com.android.systemui/.SystemUIService
09-19 16:45:36.636  1382  1382 D libnativebridge: call UnloadNativeBridge! state=1
09-19 16:45:36.636  1115  1136 I AudioFlinger: systemReady
09-19 16:45:36.636  1301  1301 I NetworkManagement: not enabling bandwidth control
09-19 16:45:36.647  1382  1382 V WebViewFactory: RelroFileCreator (64bit = false),  32-bit lib: /system/app/Chrome/Chrome.apk!/lib/x86/libmonochrome.so, 64-bit lib: 
09-19 16:45:36.650  1389  1389 D libnativebridge: call UnloadNativeBridge! state=1
09-19 16:45:36.652  1301  1348 D VoldConnector: RCV <- {651 emulated 2}
09-19 16:45:36.653  1301  1348 D VoldConnector: RCV <- {200 5 Command succeeded}
09-19 16:45:36.668  1301  1396 E WVMExtractor: Failed to open libwvm.so: dlopen failed: library "libwvm.so" not found
09-19 16:45:36.672  1122  1122 W linker  : /system/vendor/lib/libavcodec.so has text relocations. This is wasting memory and prevents security hardening. Please fix.
09-19 16:45:36.674  1301  1301 W NetworkManagement: setDataSaverMode(): already false
09-19 16:45:36.675  1301  1301 W NetworkStats: bandwidth controls disabled, unable to track stats
09-19 16:45:36.675  1301  1301 W NetworkPolicy: bandwidth controls disabled, unable to enforce policy
09-19 16:45:36.679  1122  1122 W linker  : /system/vendor/lib/libavutil.so has text relocations. This is wasting memory and prevents security hardening. Please fix.
09-19 16:45:36.680  1122  1122 W linker  : /system/vendor/lib/libswresample.so has text relocations. This is wasting memory and prevents security hardening. Please fix.
09-19 16:45:36.692  1301  1301 I SystemServiceManager: Starting phase 600
09-19 16:45:36.698  1301  1301 D SensorNotificationService: Cannot obtain dynamic meta sensor, not supported.
09-19 16:45:36.707  1301  1422 D DhcpClient: Receive thread started
09-19 16:45:36.720  1301  1301 D gps_hal : GPS dev open_gps
09-19 16:45:36.720  1301  1301 D gps_hal : GPS dev get_hardware_interface
09-19 16:45:36.720  1301  1301 D gps_hal : serial_gps_get_extension: called name=gps-xtra
09-19 16:45:36.720  1301  1301 D gps_hal : serial_gps_get_extension: called name=agps
09-19 16:45:36.720  1301  1301 D gps_hal : serial_gps_get_extension: called name=gps-ni
09-19 16:45:36.720  1301  1301 D gps_hal : serial_gps_get_extension: called name=gps-debug
09-19 16:45:36.720  1301  1301 D gps_hal : serial_gps_get_extension: called name=agps_ril
09-19 16:45:36.720  1301  1301 D gps_hal : serial_gps_get_extension: called name=gps_geofencing
09-19 16:45:36.720  1301  1301 D gps_hal : serial_gps_get_extension: called name=gps_measurement
09-19 16:45:36.720  1301  1301 D gps_hal : serial_gps_get_extension: called name=gps_navigation_message
09-19 16:45:36.720  1301  1301 D gps_hal : serial_gps_get_extension: called name=gnss_configuration
09-19 16:45:36.722  1301  1301 I GnssLocationProvider: WakeLock acquired by sendMessage(13, 0, null)
09-19 16:45:36.723  1301  1301 W LocationManagerService: no network location provider found
09-19 16:45:36.723  1389  1389 I art     : Starting a blocking GC AddRemoveAppImageSpace
09-19 16:45:36.724  1389  1389 W System  : ClassLoader referenced unknown path: /system/priv-app/SystemUI/lib/x86
09-19 16:45:36.725  1301  1301 E LocationManagerService: no geocoder provider found
09-19 16:45:36.725  1301  1301 E FlpHardwareProvider: Error hw_get_module 'flp': -2
09-19 16:45:36.725  1301  1301 D LocationManagerService: FLP HAL not supported
09-19 16:45:36.725  1301  1301 D LocationManagerService: Unable to bind FLP Geofence proxy.
09-19 16:45:36.725  1301  1301 E ActivityRecognitionHardware: Error hw_get_module: -2
09-19 16:45:36.725  1301  1301 D LocationManagerService: Hardware Activity-Recognition not supported.
09-19 16:45:36.725  1301  1301 E ActivityRecognitionProxy: ServiceWatcher could not start.
09-19 16:45:36.725  1301  1301 D LocationManagerService: Unable to bind ActivityRecognitionProxy.
09-19 16:45:36.726  1301  1301 I GnssLocationProvider: WakeLock acquired by sendMessage(2, 1, null)
09-19 16:45:36.728  1301  1301 I CommonTimeManagementService: No common time service detected on this platform.  Common time services will be unavailable.
09-19 16:45:36.728  1301  1301 I MmsServiceBroker: Delay connecting to MmsService until an API is called
09-19 16:45:36.728  1301  1346 I InputReader: Reconfiguring input devices.  changes=0x00000030
09-19 16:45:36.728  1301  1301 W CameraService_proxy: Could not notify mediaserver, camera service not available.
09-19 16:45:36.729  1301  1301 W VoiceInteractionManagerService: no available voice interaction services found for user 0
09-19 16:45:36.729  1301  1301 W VoiceInteractionManagerService: no available voice recognition services found for user 0
09-19 16:45:36.740  1301  1385 D DhcpClient: Broadcasting DHCPDISCOVER
09-19 16:45:36.740  1301  1301 I ActivityManager: Start proc 1426:com.android.phone/1001 for added application com.android.phone
09-19 16:45:36.741  1301  1314 E GnssLocationProvider: no AGPS interface in set_agps_server
09-19 16:45:36.741  1301  1422 D DhcpClient: Received packet: 00:db:22:20:dd:fd OFFER, ip /172.16.1.15, mask /255.255.255.0, DNS servers: /202.96.209.133 /223.5.5.5 , gateways [/172.16.1.2] lease time 86400, domain null
09-19 16:45:36.747  1123  1123 I MediaPlayerService: MediaPlayerService::getOMX
09-19 16:45:36.749  1123  1123 W linker  : /system/vendor/lib/libavcodec.so has text relocations. This is wasting memory and prevents security hardening. Please fix.
09-19 16:45:36.751  1123  1123 W linker  : /system/vendor/lib/libavutil.so has text relocations. This is wasting memory and prevents security hardening. Please fix.
09-19 16:45:36.751  1123  1123 W linker  : /system/vendor/lib/libswresample.so has text relocations. This is wasting memory and prevents security hardening. Please fix.
09-19 16:45:36.751  1123  1123 W linker  : /system/vendor/lib/libswscale.so has text relocations. This is wasting memory and prevents security hardening. Please fix.
09-19 16:45:36.755  1120  1120 W linker  : /system/vendor/lib/libavcodec.so has text relocations. This is wasting memory and prevents security hardening. Please fix.
09-19 16:45:36.756  1120  1120 W linker  : /system/vendor/lib/libavutil.so has text relocations. This is wasting memory and prevents security hardening. Please fix.
09-19 16:45:36.762  1120  1120 W linker  : /system/vendor/lib/libswresample.so has text relocations. This is wasting memory and prevents security hardening. Please fix.
09-19 16:45:36.762  1120  1120 W linker  : /system/vendor/lib/libswscale.so has text relocations. This is wasting memory and prevents security hardening. Please fix.
09-19 16:45:36.763  1301  1301 I ActivityManager: START u0 {act=android.intent.action.MAIN cat=[android.intent.category.HOME] flg=0x10000100 cmp=com.android.settings/.FallbackHome} from uid 0 on display 0
09-19 16:45:36.764  1301  1301 W System  : ClassLoader referenced unknown path: 
09-19 16:45:36.764  1301  1301 W System  : ClassLoader referenced unknown path: /system/priv-app/Settings/lib/x86
09-19 16:45:36.764  1301  1301 D ApplicationLoaders: ignored Vulkan layer search path /system/priv-app/Settings/lib/x86:/system/priv-app/Settings/Settings.apk!/lib/x86:/system/lib:/vendor/lib for namespace 0xc7ce10d0
09-19 16:45:36.764  1123  1123 I OMXClient: MuxOMX ctor
09-19 16:45:36.765  1123  1123 I MediaPlayerService: MediaPlayerService::getOMX
09-19 16:45:36.766  1123  1123 I OMXClient: MuxOMX ctor
09-19 16:45:36.766  1120  1120 I OMXMaster: makeComponentInstance(OMX.ffmpeg.aac.decoder) in mediacodec process
09-19 16:45:36.766  1120  1120 V FFmpegOMXPlugin: makeComponentInstance 'OMX.ffmpeg.aac.decoder'
09-19 16:45:36.766  1120  1120 D SoftFFmpegAudio: SoftFFmpegAudio component: OMX.ffmpeg.aac.decoder mCodingType: 21
09-19 16:45:36.766  1426  1426 D libnativebridge: call UnloadNativeBridge! state=1
09-19 16:45:36.777  1120  1120 E OMXNodeInstance: getParameter(4600001:ffmpeg.aac.decoder, ??(0x6f400005)) ERROR: UnsupportedIndex(0x8000101a)
09-19 16:45:36.777  1123  1123 W ACodec  : component OMX.ffmpeg.aac.decoder doesn't support profile query.
09-19 16:45:36.778  1123  1123 I MediaPlayerService: MediaPlayerService::getOMX
09-19 16:45:36.778  1123  1123 I OMXClient: MuxOMX ctor
09-19 16:45:36.778  1120  1133 I OMXMaster: makeComponentInstance(OMX.ffmpeg.ac3.decoder) in mediacodec process
09-19 16:45:36.778  1120  1133 V FFmpegOMXPlugin: makeComponentInstance 'OMX.ffmpeg.ac3.decoder'
09-19 16:45:36.778  1120  1133 D SoftFFmpegAudio: SoftFFmpegAudio component: OMX.ffmpeg.ac3.decoder mCodingType: 2130706434
09-19 16:45:36.779  1123  1123 I MediaPlayerService: MediaPlayerService::getOMX
09-19 16:45:36.779  1123  1123 I OMXClient: MuxOMX ctor
09-19 16:45:36.779  1120  1133 I OMXMaster: makeComponentInstance(OMX.ffmpeg.alac.decoder) in mediacodec process
09-19 16:45:36.779  1120  1133 V FFmpegOMXPlugin: makeComponentInstance 'OMX.ffmpeg.alac.decoder'
09-19 16:45:36.779  1120  1133 D SoftFFmpegAudio: SoftFFmpegAudio component: OMX.ffmpeg.alac.decoder mCodingType: 2130706437
09-19 16:45:36.779  1123  1123 I MediaPlayerService: MediaPlayerService::getOMX
09-19 16:45:36.780  1123  1123 I OMXClient: MuxOMX ctor
09-19 16:45:36.780  1120  1133 I OMXMaster: makeComponentInstance(OMX.ffmpeg.ape.decoder) in mediacodec process
09-19 16:45:36.780  1120  1133 V FFmpegOMXPlugin: makeComponentInstance 'OMX.ffmpeg.ape.decoder'
09-19 16:45:36.780  1120  1133 D SoftFFmpegAudio: SoftFFmpegAudio component: OMX.ffmpeg.ape.decoder mCodingType: 2130706435
09-19 16:45:36.780  1123  1123 I MediaPlayerService: MediaPlayerService::getOMX
09-19 16:45:36.780  1123  1123 I OMXClient: MuxOMX ctor
09-19 16:45:36.780  1120  1133 I OMXMaster: makeComponentInstance(OMX.ffmpeg.atrial.decoder) in mediacodec process
09-19 16:45:36.780  1120  1133 V FFmpegOMXPlugin: makeComponentInstance 'OMX.ffmpeg.atrial.decoder'
09-19 16:45:36.781  1120  1133 D SoftFFmpegAudio: SoftFFmpegAudio component: OMX.ffmpeg.atrial.decoder mCodingType: 1
09-19 16:45:36.781  1123  1123 I MediaPlayerService: MediaPlayerService::getOMX
09-19 16:45:36.781  1123  1123 I OMXClient: MuxOMX ctor
09-19 16:45:36.781  1120  1133 I OMXMaster: makeComponentInstance(OMX.ffmpeg.dts.decoder) in mediacodec process
09-19 16:45:36.781  1120  1133 V FFmpegOMXPlugin: makeComponentInstance 'OMX.ffmpeg.dts.decoder'
09-19 16:45:36.781  1120  1133 D SoftFFmpegAudio: SoftFFmpegAudio component: OMX.ffmpeg.dts.decoder mCodingType: 2130706436
09-19 16:45:36.782  1123  1123 W MediaCodecList: ignoring Limit specified outside of a Type
09-19 16:45:36.782  1123  1123 W MediaCodecList: ignoring Limit specified outside of a Type
09-19 16:45:36.782  1123  1123 I MediaPlayerService: MediaPlayerService::getOMX
09-19 16:45:36.782  1123  1123 I OMXClient: MuxOMX ctor
09-19 16:45:36.782  1120  1133 I OMXMaster: makeComponentInstance(OMX.ffmpeg.flac.decoder) in mediacodec process
09-19 16:45:36.782  1120  1133 V FFmpegOMXPlugin: makeComponentInstance 'OMX.ffmpeg.flac.decoder'
09-19 16:45:36.782  1120  1133 D SoftFFmpegAudio: SoftFFmpegAudio component: OMX.ffmpeg.flac.decoder mCodingType: 28
09-19 16:45:36.783  1123  1123 I MediaPlayerService: MediaPlayerService::getOMX
09-19 16:45:36.783  1123  1123 I OMXClient: MuxOMX ctor
09-19 16:45:36.783  1120  1133 I OMXMaster: makeComponentInstance(OMX.ffmpeg.mp2.decoder) in mediacodec process
09-19 16:45:36.783  1120  1133 V FFmpegOMXPlugin: makeComponentInstance 'OMX.ffmpeg.mp2.decoder'
09-19 16:45:36.783  1301  1301 I ActivityManager: Loaded persisted task ids for user 0
09-19 16:45:36.784  1120  1133 D SoftFFmpegAudio: SoftFFmpegAudio component: OMX.ffmpeg.mp2.decoder mCodingType: 2130706433
09-19 16:45:36.786  1123  1123 I MediaPlayerService: MediaPlayerService::getOMX
09-19 16:45:36.786  1123  1123 I OMXClient: MuxOMX ctor
09-19 16:45:36.786  1120  1133 I OMXMaster: makeComponentInstance(OMX.ffmpeg.ra.decoder) in mediacodec process
09-19 16:45:36.786  1120  1133 V FFmpegOMXPlugin: makeComponentInstance 'OMX.ffmpeg.ra.decoder'
09-19 16:45:36.786  1120  1133 D SoftFFmpegAudio: SoftFFmpegAudio component: OMX.ffmpeg.ra.decoder mCodingType: 26
09-19 16:45:36.787  1123  1123 I MediaPlayerService: MediaPlayerService::getOMX
09-19 16:45:36.787  1123  1123 I OMXClient: MuxOMX ctor
09-19 16:45:36.787  1120  1133 I OMXMaster: makeComponentInstance(OMX.ffmpeg.vorbis.decoder) in mediacodec process
09-19 16:45:36.787  1120  1133 V FFmpegOMXPlugin: makeComponentInstance 'OMX.ffmpeg.vorbis.decoder'
09-19 16:45:36.787  1120  1133 D SoftFFmpegAudio: SoftFFmpegAudio component: OMX.ffmpeg.vorbis.decoder mCodingType: 24
09-19 16:45:36.789  1123  1123 I MediaPlayerService: MediaPlayerService::getOMX
09-19 16:45:36.789  1123  1123 I OMXClient: MuxOMX ctor
09-19 16:45:36.789  1120  1133 I OMXMaster: makeComponentInstance(OMX.ffmpeg.wma.decoder) in mediacodec process
09-19 16:45:36.789  1120  1133 V FFmpegOMXPlugin: makeComponentInstance 'OMX.ffmpeg.wma.decoder'
09-19 16:45:36.789  1120  1133 D SoftFFmpegAudio: SoftFFmpegAudio component: OMX.ffmpeg.wma.decoder mCodingType: 25
09-19 16:45:36.790  1123  1123 I MediaPlayerService: MediaPlayerService::getOMX
09-19 16:45:36.790  1123  1123 I OMXClient: MuxOMX ctor
09-19 16:45:36.790  1120  1133 I OMXMaster: makeComponentInstance(OMX.ffmpeg.divx.decoder) in mediacodec process
09-19 16:45:36.790  1120  1133 V FFmpegOMXPlugin: makeComponentInstance 'OMX.ffmpeg.divx.decoder'
09-19 16:45:36.790  1120  1133 D SoftFFmpegVideo: SoftFFmpegVideo component: OMX.ffmpeg.divx.decoder codingType=2130706435 appData: 0xc716f000
09-19 16:45:36.791  1120  1133 D SoftFFmpegVideo: 0xc717f600 initDecoder: 0xc7118000
09-19 16:45:36.797  1120  1120 E OMXNodeInstance: getExtensionIndex(460000c:ffmpeg.divx.decoder, OMX.google.android.index.configureVideoTunnelMode) ERROR: UnsupportedIndex(0x8000101a)
09-19 16:45:36.797  1301  1301 I ActivityManager: Start proc 1464:com.android.settings/1000 for activity com.android.settings/.FallbackHome
09-19 16:45:36.797  1120  1133 W OMXNodeInstance: [460000c:ffmpeg.divx.decoder] component does not support metadata mode; using fallback
09-19 16:45:36.797  1120  1133 D SoftFFmpegVideo: 0xc717f600 deInitDecoder: 0xc7118000
09-19 16:45:36.799  1301  1314 I GnssLocationProvider: WakeLock released by handleMessage(13, 0, null)
09-19 16:45:36.799  1301  1314 I gps_hal : serial_gps_init: called
09-19 16:45:36.799  1301  1314 I gps_hal : gps_callback_command_init: called
09-19 16:45:36.799  1301  1314 I gps_hal : GpsHost::init
09-19 16:45:36.799  1301  1314 E GnssLocationProvider: no AGPS interface in set_agps_server
09-19 16:45:36.799  1123  1123 I MediaPlayerService: MediaPlayerService::getOMX
09-19 16:45:36.799  1301  1301 D ConditionProviders.SCP: onConnected
09-19 16:45:36.799  1301  1301 D ZenLog  : set_zen_mode: off,readXml
09-19 16:45:36.799  1123  1123 I OMXClient: MuxOMX ctor
09-19 16:45:36.799  1120  1133 I OMXMaster: makeComponentInstance(OMX.ffmpeg.flv1.decoder) in mediacodec process
09-19 16:45:36.799  1120  1133 V FFmpegOMXPlugin: makeComponentInstance 'OMX.ffmpeg.flv1.decoder'
09-19 16:45:36.800  1120  1133 D SoftFFmpegVideo: SoftFFmpegVideo component: OMX.ffmpeg.flv1.decoder codingType=2130706434 appData: 0xc716f000
09-19 16:45:36.800  1120  1133 D SoftFFmpegVideo: 0xc717f600 initDecoder: 0xc7118000
09-19 16:45:36.800  1389  1389 V SystemUIService: Starting SystemUI services for user 0.
09-19 16:45:36.800  1120  1120 E OMXNodeInstance: getExtensionIndex(460000d:ffmpeg.flv1.decoder, OMX.google.android.index.configureVideoTunnelMode) ERROR: UnsupportedIndex(0x8000101a)
09-19 16:45:36.800  1120  1133 W OMXNodeInstance: [460000d:ffmpeg.flv1.decoder] component does not support metadata mode; using fallback
09-19 16:45:36.800  1301  1475 D gps_hal : GPS call-back thread startup
09-19 16:45:36.800  1301  1476 I         : fastpipe: Connect success
09-19 16:45:36.801  1301  1301 D ConditionProviders: Subscribing to condition://android/event?userId=-10000&calendar=&reply=1 with ComponentInfo{android/com.android.server.notification.EventConditionProvider}
09-19 16:45:36.801  1301  1301 D ZenLog  : subscribe: condition://android/event?userId=-10000&calendar=&reply=1,ok
09-19 16:45:36.801  1120  1133 D SoftFFmpegVideo: 0xc717f600 deInitDecoder: 0xc7118000
09-19 16:45:36.801  1301  1476 I gps_hal : GpsHost::recv NewLocation 39.915001, 116.403999
09-19 16:45:36.801  1301  1476 D gps_hal :  gps_on_location latitude = 39.915001, longitude = 116.403999 
09-19 16:45:36.801  1301  1301 D ConditionProviders: Subscribing to condition://android/schedule?days=6.7&start=23.30&end=10.0&exitAtAlarm=false with ComponentInfo{android/com.android.server.notification.ScheduleConditionProvider}
09-19 16:45:36.801  1301  1301 D ZenLog  : subscribe: condition://android/schedule?days=6.7&start=23.30&end=10.0&exitAtAlarm=false,ok
09-19 16:45:36.801  1301  1301 D ConditionProviders: Subscribing to condition://android/schedule?days=1.2.3.4.5&start=22.0&end=7.0&exitAtAlarm=false with ComponentInfo{android/com.android.server.notification.ScheduleConditionProvider}
09-19 16:45:36.801  1301  1301 D ZenLog  : subscribe: condition://android/schedule?days=1.2.3.4.5&start=22.0&end=7.0&exitAtAlarm=false,ok
09-19 16:45:36.801  1123  1123 I MediaPlayerService: MediaPlayerService::getOMX
09-19 16:45:36.801  1123  1123 I OMXClient: MuxOMX ctor
09-19 16:45:36.801  1120  1133 I OMXMaster: makeComponentInstance(OMX.ffmpeg.mpeg2.decoder) in mediacodec process
09-19 16:45:36.801  1120  1133 V FFmpegOMXPlugin: makeComponentInstance 'OMX.ffmpeg.mpeg2.decoder'
09-19 16:45:36.801  1120  1133 D SoftFFmpegVideo: SoftFFmpegVideo component: OMX.ffmpeg.mpeg2.decoder codingType=2 appData: 0xc716f000
09-19 16:45:36.801  1120  1133 D SoftFFmpegVideo: 0xc717f600 initDecoder: 0xc7118000
09-19 16:45:36.802  1120  1120 E OMXNodeInstance: getExtensionIndex(460000e:ffmpeg.mpeg2.decoder, OMX.google.android.index.configureVideoTunnelMode) ERROR: UnsupportedIndex(0x8000101a)
09-19 16:45:36.802  1120  1133 W OMXNodeInstance: [460000e:ffmpeg.mpeg2.decoder] component does not support metadata mode; using fallback
09-19 16:45:36.802  1120  1133 D SoftFFmpegVideo: 0xc717f600 deInitDecoder: 0xc7118000
09-19 16:45:36.802  1123  1123 I MediaPlayerService: MediaPlayerService::getOMX
09-19 16:45:36.802  1123  1123 I OMXClient: MuxOMX ctor
09-19 16:45:36.802  1120  1133 I OMXMaster: makeComponentInstance(OMX.ffmpeg.mpeg4.decoder) in mediacodec process
09-19 16:45:36.802  1120  1133 V FFmpegOMXPlugin: makeComponentInstance 'OMX.ffmpeg.mpeg4.decoder'
09-19 16:45:36.802  1120  1133 D SoftFFmpegVideo: SoftFFmpegVideo component: OMX.ffmpeg.mpeg4.decoder codingType=4 appData: 0xc716f000
09-19 16:45:36.802  1120  1133 D SoftFFmpegVideo: 0xc717f600 initDecoder: 0xc7118000
09-19 16:45:36.804  1120  1120 E OMXNodeInstance: getExtensionIndex(460000f:ffmpeg.mpeg4.decoder, OMX.google.android.index.configureVideoTunnelMode) ERROR: UnsupportedIndex(0x8000101a)
09-19 16:45:36.804  1120  1120 W OMXNodeInstance: [460000f:ffmpeg.mpeg4.decoder] component does not support metadata mode; using fallback
09-19 16:45:36.804  1301  1385 D DhcpClient: Got pending lease: IP address 172.16.1.15/24 Gateway 172.16.1.2  DNS servers: [ 202.96.209.133 223.5.5.5 ] Domains  DHCP server /172.16.1.2 Vendor info null lease 86400 seconds
09-19 16:45:36.804  1120  1120 D SoftFFmpegVideo: 0xc717f600 deInitDecoder: 0xc7118000
09-19 16:45:36.804  1123  1123 I MediaPlayerService: MediaPlayerService::getOMX
09-19 16:45:36.804  1123  1123 I OMXClient: MuxOMX ctor
09-19 16:45:36.804  1120  1120 I OMXMaster: makeComponentInstance(OMX.ffmpeg.h263.decoder) in mediacodec process
09-19 16:45:36.804  1120  1120 V FFmpegOMXPlugin: makeComponentInstance 'OMX.ffmpeg.h263.decoder'
09-19 16:45:36.804  1120  1120 D SoftFFmpegVideo: SoftFFmpegVideo component: OMX.ffmpeg.h263.decoder codingType=3 appData: 0xc716f000
09-19 16:45:36.804  1120  1120 D SoftFFmpegVideo: 0xc717f600 initDecoder: 0xc7118000
09-19 16:45:36.805  1120  1483 E OMXNodeInstance: getExtensionIndex(4600010:ffmpeg.h263.decoder, OMX.google.android.index.configureVideoTunnelMode) ERROR: UnsupportedIndex(0x8000101a)
09-19 16:45:36.805  1120  1133 W OMXNodeInstance: [4600010:ffmpeg.h263.decoder] component does not support metadata mode; using fallback
09-19 16:45:36.805  1120  1483 D SoftFFmpegVideo: 0xc717f600 deInitDecoder: 0xc7118000
09-19 16:45:36.806  1123  1123 I MediaPlayerService: MediaPlayerService::getOMX
09-19 16:45:36.806  1123  1123 I OMXClient: MuxOMX ctor
09-19 16:45:36.806  1120  1120 I OMXMaster: makeComponentInstance(OMX.ffmpeg.hevc.decoder) in mediacodec process
09-19 16:45:36.806  1120  1120 V FFmpegOMXPlugin: makeComponentInstance 'OMX.ffmpeg.hevc.decoder'
09-19 16:45:36.806  1120  1120 D SoftFFmpegVideo: SoftFFmpegVideo component: OMX.ffmpeg.hevc.decoder codingType=11 appData: 0xc716f0e0
09-19 16:45:36.806  1120  1120 D SoftFFmpegVideo: 0xc717f200 initDecoder: 0xc7118400
09-19 16:45:36.807  1120  1483 E OMXNodeInstance: getExtensionIndex(4600011:ffmpeg.hevc.decoder, OMX.google.android.index.configureVideoTunnelMode) ERROR: UnsupportedIndex(0x8000101a)
09-19 16:45:36.807  1120  1133 W OMXNodeInstance: [4600011:ffmpeg.hevc.decoder] component does not support metadata mode; using fallback
09-19 16:45:36.807  1120  1483 D SoftFFmpegVideo: 0xc717f200 deInitDecoder: 0xc7118400
09-19 16:45:36.807  1123  1123 I MediaPlayerService: MediaPlayerService::getOMX
09-19 16:45:36.807  1123  1123 I OMXClient: MuxOMX ctor
09-19 16:45:36.807  1120  1120 I OMXMaster: makeComponentInstance(OMX.ffmpeg.vp8.decoder) in mediacodec process
09-19 16:45:36.807  1120  1120 V FFmpegOMXPlugin: makeComponentInstance 'OMX.ffmpeg.vp8.decoder'
09-19 16:45:36.807  1120  1120 D SoftFFmpegVideo: SoftFFmpegVideo component: OMX.ffmpeg.vp8.decoder codingType=9 appData: 0xc716f1c0
09-19 16:45:36.807  1120  1120 D SoftFFmpegVideo: 0xc717f300 initDecoder: 0xc7118800
09-19 16:45:36.808  1120  1483 E OMXNodeInstance: getExtensionIndex(4600012:ffmpeg.vp8.decoder, OMX.google.android.index.configureVideoTunnelMode) ERROR: UnsupportedIndex(0x8000101a)
09-19 16:45:36.808  1120  1133 W OMXNodeInstance: [4600012:ffmpeg.vp8.decoder] component does not support metadata mode; using fallback
09-19 16:45:36.808  1120  1483 D SoftFFmpegVideo: 0xc717f300 deInitDecoder: 0xc7118800
09-19 16:45:36.808  1123  1123 I MediaPlayerService: MediaPlayerService::getOMX
09-19 16:45:36.808  1123  1123 I OMXClient: MuxOMX ctor
09-19 16:45:36.808  1120  1120 I OMXMaster: makeComponentInstance(OMX.ffmpeg.rv.decoder) in mediacodec process
09-19 16:45:36.808  1120  1120 V FFmpegOMXPlugin: makeComponentInstance 'OMX.ffmpeg.rv.decoder'
09-19 16:45:36.808  1120  1120 D SoftFFmpegVideo: SoftFFmpegVideo component: OMX.ffmpeg.rv.decoder codingType=6 appData: 0xc716f2a0
09-19 16:45:36.808  1120  1120 D SoftFFmpegVideo: 0xc717fc00 initDecoder: 0xc7118c00
09-19 16:45:36.809  1120  1483 E OMXNodeInstance: getExtensionIndex(4600013:ffmpeg.rv.decoder, OMX.google.android.index.configureVideoTunnelMode) ERROR: UnsupportedIndex(0x8000101a)
09-19 16:45:36.809  1120  1133 W OMXNodeInstance: [4600013:ffmpeg.rv.decoder] component does not support metadata mode; using fallback
09-19 16:45:36.809  1120  1483 D SoftFFmpegVideo: 0xc717fc00 deInitDecoder: 0xc7118c00
09-19 16:45:36.809  1123  1123 I MediaPlayerService: MediaPlayerService::getOMX
09-19 16:45:36.809  1123  1123 I OMXClient: MuxOMX ctor
09-19 16:45:36.810  1120  1120 I OMXMaster: makeComponentInstance(OMX.ffmpeg.vc1.decoder) in mediacodec process
09-19 16:45:36.810  1120  1120 V FFmpegOMXPlugin: makeComponentInstance 'OMX.ffmpeg.vc1.decoder'
09-19 16:45:36.810  1120  1120 D SoftFFmpegVideo: SoftFFmpegVideo component: OMX.ffmpeg.vc1.decoder codingType=2130706433 appData: 0xc716f380
09-19 16:45:36.810  1120  1120 D SoftFFmpegVideo: 0xc717fd00 initDecoder: 0xc7119000
09-19 16:45:36.810  1120  1483 E OMXNodeInstance: getExtensionIndex(4600014:ffmpeg.vc1.decoder, OMX.google.android.index.configureVideoTunnelMode) ERROR: UnsupportedIndex(0x8000101a)
09-19 16:45:36.810  1120  1133 W OMXNodeInstance: [4600014:ffmpeg.vc1.decoder] component does not support metadata mode; using fallback
09-19 16:45:36.810  1120  1483 D SoftFFmpegVideo: 0xc717fd00 deInitDecoder: 0xc7119000
09-19 16:45:36.810  1123  1123 I MediaPlayerService: MediaPlayerService::getOMX
09-19 16:45:36.810  1123  1123 I OMXClient: MuxOMX ctor
09-19 16:45:36.811  1120  1120 I OMXMaster: makeComponentInstance(OMX.ffmpeg.vtrial.decoder) in mediacodec process
09-19 16:45:36.811  1120  1120 V FFmpegOMXPlugin: makeComponentInstance 'OMX.ffmpeg.vtrial.decoder'
09-19 16:45:36.811  1120  1120 D SoftFFmpegVideo: SoftFFmpegVideo component: OMX.ffmpeg.vtrial.decoder codingType=1 appData: 0xc716f460
09-19 16:45:36.811  1120  1120 D SoftFFmpegVideo: 0xc717fe00 initDecoder: 0xc7119400
09-19 16:45:36.811  1120  1483 E OMXNodeInstance: getExtensionIndex(4600015:ffmpeg.vtrial.decoder, OMX.google.android.index.configureVideoTunnelMode) ERROR: UnsupportedIndex(0x8000101a)
09-19 16:45:36.811  1120  1133 W OMXNodeInstance: [4600015:ffmpeg.vtrial.decoder] component does not support metadata mode; using fallback
09-19 16:45:36.812  1120  1483 D SoftFFmpegVideo: 0xc717fe00 deInitDecoder: 0xc7119400
09-19 16:45:36.812  1123  1123 I MediaPlayerService: MediaPlayerService::getOMX
09-19 16:45:36.812  1123  1123 I OMXClient: MuxOMX ctor
09-19 16:45:36.812  1120  1120 I OMXMaster: makeComponentInstance(OMX.ffmpeg.wmv.decoder) in mediacodec process
09-19 16:45:36.812  1120  1120 V FFmpegOMXPlugin: makeComponentInstance 'OMX.ffmpeg.wmv.decoder'
09-19 16:45:36.812  1120  1120 D SoftFFmpegVideo: SoftFFmpegVideo component: OMX.ffmpeg.wmv.decoder codingType=5 appData: 0xc716f540
09-19 16:45:36.812  1120  1120 D SoftFFmpegVideo: 0xc717ff00 initDecoder: 0xc7119800
09-19 16:45:36.813  1120  1483 E OMXNodeInstance: getExtensionIndex(4600016:ffmpeg.wmv.decoder, OMX.google.android.index.configureVideoTunnelMode) ERROR: UnsupportedIndex(0x8000101a)
09-19 16:45:36.813  1120  1133 W OMXNodeInstance: [4600016:ffmpeg.wmv.decoder] component does not support metadata mode; using fallback
09-19 16:45:36.813  1120  1483 D SoftFFmpegVideo: 0xc717ff00 deInitDecoder: 0xc7119800
09-19 16:45:36.814  1123  1123 I MediaPlayerService: MediaPlayerService::getOMX
09-19 16:45:36.814  1123  1123 I OMXClient: MuxOMX ctor
09-19 16:45:36.814  1120  1120 I OMXMaster: makeComponentInstance(OMX.google.mp3.decoder) in mediacodec process
09-19 16:45:36.815  1123  1123 I MediaPlayerService: MediaPlayerService::getOMX
09-19 16:45:36.815  1123  1123 I OMXClient: MuxOMX ctor
09-19 16:45:36.815  1120  1483 I OMXMaster: makeComponentInstance(OMX.google.amrnb.decoder) in mediacodec process
09-19 16:45:36.817  1123  1123 I MediaPlayerService: MediaPlayerService::getOMX
09-19 16:45:36.818  1123  1123 I OMXClient: MuxOMX ctor
09-19 16:45:36.818  1120  1133 I OMXMaster: makeComponentInstance(OMX.google.amrwb.decoder) in mediacodec process
09-19 16:45:36.818  1123  1123 I MediaPlayerService: MediaPlayerService::getOMX
09-19 16:45:36.819  1123  1123 I OMXClient: MuxOMX ctor
09-19 16:45:36.819  1120  1120 I OMXMaster: makeComponentInstance(OMX.google.aac.decoder) in mediacodec process
09-19 16:45:36.820  1464  1464 D libnativebridge: call UnloadNativeBridge! state=1
09-19 16:45:36.822  1123  1123 I MediaPlayerService: MediaPlayerService::getOMX
09-19 16:45:36.822  1123  1123 I OMXClient: MuxOMX ctor
09-19 16:45:36.822  1120  1483 I OMXMaster: makeComponentInstance(OMX.google.g711.alaw.decoder) in mediacodec process
09-19 16:45:36.824  1123  1123 I MediaPlayerService: MediaPlayerService::getOMX
09-19 16:45:36.824  1123  1123 I OMXClient: MuxOMX ctor
09-19 16:45:36.824  1120  1133 I OMXMaster: makeComponentInstance(OMX.google.g711.mlaw.decoder) in mediacodec process
09-19 16:45:36.825  1123  1123 I MediaPlayerService: MediaPlayerService::getOMX
09-19 16:45:36.825  1123  1123 I OMXClient: MuxOMX ctor
09-19 16:45:36.825  1120  1120 I OMXMaster: makeComponentInstance(OMX.google.vorbis.decoder) in mediacodec process
09-19 16:45:36.826  1123  1123 I MediaPlayerService: MediaPlayerService::getOMX
09-19 16:45:36.827  1123  1123 I OMXClient: MuxOMX ctor
09-19 16:45:36.827  1120  1483 I OMXMaster: makeComponentInstance(OMX.google.opus.decoder) in mediacodec process
09-19 16:45:36.828  1123  1123 I MediaPlayerService: MediaPlayerService::getOMX
09-19 16:45:36.828  1123  1123 I OMXClient: MuxOMX ctor
09-19 16:45:36.828  1120  1133 I OMXMaster: makeComponentInstance(OMX.google.raw.decoder) in mediacodec process
09-19 16:45:36.829  1123  1123 I MediaPlayerService: MediaPlayerService::getOMX
09-19 16:45:36.829  1123  1123 I OMXClient: MuxOMX ctor
09-19 16:45:36.830  1120  1120 I OMXMaster: makeComponentInstance(OMX.google.aac.encoder) in mediacodec process
09-19 16:45:36.835  1123  1123 I MediaPlayerService: MediaPlayerService::getOMX
09-19 16:45:36.835  1123  1123 I OMXClient: MuxOMX ctor
09-19 16:45:36.835  1120  1483 I OMXMaster: makeComponentInstance(OMX.google.amrnb.encoder) in mediacodec process
09-19 16:45:36.837  1123  1123 I MediaPlayerService: MediaPlayerService::getOMX
09-19 16:45:36.837  1123  1123 I OMXClient: MuxOMX ctor
09-19 16:45:36.837  1120  1133 I OMXMaster: makeComponentInstance(OMX.google.amrwb.encoder) in mediacodec process
09-19 16:45:36.838  1123  1123 I MediaPlayerService: MediaPlayerService::getOMX
09-19 16:45:36.839  1123  1123 I OMXClient: MuxOMX ctor
09-19 16:45:36.839  1120  1120 I OMXMaster: makeComponentInstance(OMX.google.flac.encoder) in mediacodec process
09-19 16:45:36.842  1123  1123 I MediaPlayerService: MediaPlayerService::getOMX
09-19 16:45:36.842  1123  1123 I OMXClient: MuxOMX ctor
09-19 16:45:36.842  1120  1483 I OMXMaster: makeComponentInstance(OMX.google.mpeg4.decoder) in mediacodec process
09-19 16:45:36.850  1120  1483 E OMXNodeInstance: getExtensionIndex(4600024:google.mpeg4.decoder, OMX.google.android.index.configureVideoTunnelMode) ERROR: UnsupportedIndex(0x8000101a)
09-19 16:45:36.850  1120  1133 W OMXNodeInstance: [4600024:google.mpeg4.decoder] component does not support metadata mode; using fallback
09-19 16:45:36.851  1123  1123 I MediaPlayerService: MediaPlayerService::getOMX
09-19 16:45:36.851  1123  1123 I OMXClient: MuxOMX ctor
09-19 16:45:36.851  1120  1120 I OMXMaster: makeComponentInstance(OMX.google.h263.decoder) in mediacodec process
09-19 16:45:36.852  1120  1120 E OMXNodeInstance: getExtensionIndex(4600025:google.h263.decoder, OMX.google.android.index.configureVideoTunnelMode) ERROR: UnsupportedIndex(0x8000101a)
09-19 16:45:36.853  1120  1483 W OMXNodeInstance: [4600025:google.h263.decoder] component does not support metadata mode; using fallback
09-19 16:45:36.853  1301  1314 I GnssLocationProvider: WakeLock released by handleMessage(2, 1, null)
09-19 16:45:36.853  1301  1313 W ActivityManager: Slow operation: 54ms so far, now at attachApplicationLocked: after mServices.attachApplicationLocked
09-19 16:45:36.853  1301  1313 W ActivityManager: Slow operation: 55ms so far, now at attachApplicationLocked: after updateOomAdjLocked
09-19 16:45:36.854  1301  1385 D DhcpClient: Broadcasting DHCPREQUEST ciaddr=0.0.0.0 request=172.16.1.15 serverid=172.16.1.2
09-19 16:45:36.854  1123  1123 I MediaPlayerService: MediaPlayerService::getOMX
09-19 16:45:36.854  1123  1123 I OMXClient: MuxOMX ctor
09-19 16:45:36.854  1120  1133 I OMXMaster: makeComponentInstance(OMX.google.h264.decoder) in mediacodec process
09-19 16:45:36.855  1301  1422 D DhcpClient: Received packet: 00:db:22:20:dd:fd ACK: your new IP /172.16.1.15, netmask /255.255.255.0, gateways [/172.16.1.2] DNS servers: /202.96.209.133 /223.5.5.5 , lease time 86400
09-19 16:45:36.857  1382  1382 I art     : System.exit called, status: 0
09-19 16:45:36.857  1382  1382 I AndroidRuntime: VM exiting with result code 0, cleanup skipped.
09-19 16:45:36.862  1123  1123 W ACodec  : [OMX.google.h264.decoder] stopping checking profiles after 32: 2/8000
09-19 16:45:36.863  1120  1133 E OMXNodeInstance: getExtensionIndex(4600026:google.h264.decoder, OMX.google.android.index.configureVideoTunnelMode) ERROR: UnsupportedIndex(0x8000101a)
09-19 16:45:36.863  1120  1120 W OMXNodeInstance: [4600026:google.h264.decoder] component does not support metadata mode; using fallback
09-19 16:45:36.865  1123  1123 I MediaPlayerService: MediaPlayerService::getOMX
09-19 16:45:36.865  1301  1301 D RttService: SCAN_AVAILABLE : 1
09-19 16:45:36.865  1301  1301 D ZenLog  : set_zen_mode: off,cleanUpZenRules
09-19 16:45:36.865  1301  1385 D DhcpClient: Confirmed lease: IP address 172.16.1.15/24 Gateway 172.16.1.2  DNS servers: [ 202.96.209.133 223.5.5.5 ] Domains  DHCP server /172.16.1.2 Vendor info null lease 86400 seconds
09-19 16:45:36.866  1301  1357 I WifiScanningService: wifi driver unloaded
09-19 16:45:36.866  1301  1358 D RttService: DefaultState got{ when=-1ms what=160513 target=com.android.internal.util.StateMachine$SmHandler }
09-19 16:45:36.866  1301  1374 D IpManager.eth0: warning! assembleLinkProperties error, newLp dns is emptry!
09-19 16:45:36.867  1301  1374 D NetworkManagement: do setInterfaceConfig: eth0 cfg=mHwAddr=null mAddr=172.16.1.15/24 mFlags=[]
09-19 16:45:36.868  1124  1295 D CommandListener: Setting iface cfg
09-19 16:45:36.868  1123  1123 I OMXClient: MuxOMX ctor
09-19 16:45:36.868  1120  1483 I OMXMaster: makeComponentInstance(OMX.qcom.video.decoder.avc) in mediacodec process
09-19 16:45:36.871  1426  1426 I art     : Starting a blocking GC AddRemoveAppImageSpace
09-19 16:45:36.871  1426  1426 W System  : ClassLoader referenced unknown path: /system/priv-app/TeleService/lib/x86
09-19 16:45:36.871  1301  1385 D DhcpClient: Scheduling renewal in 43199s
09-19 16:45:36.871  1301  1385 D DhcpClient: Scheduling rebind in 75599s
09-19 16:45:36.871  1301  1385 D DhcpClient: Scheduling expiry in 86399s
09-19 16:45:36.872  1123  1123 W ACodec  : [OMX.qcom.video.decoder.avc] stopping checking profiles after 32: 2/8000
09-19 16:45:36.873  1120  1483 E OMXNodeInstance: getExtensionIndex(4600027:qcom.decoder.avc, OMX.google.android.index.configureVideoTunnelMode) ERROR: UnsupportedIndex(0x8000101a)
09-19 16:45:36.873  1120  1133 W OMXNodeInstance: [4600027:qcom.decoder.avc] component does not support metadata mode; using fallback
09-19 16:45:36.874  1123  1123 I MediaPlayerService: MediaPlayerService::getOMX
09-19 16:45:36.874  1123  1123 I OMXClient: MuxOMX ctor
09-19 16:45:36.874  1120  1133 I OMXMaster: makeComponentInstance(OMX.google.hevc.decoder) in mediacodec process
09-19 16:45:36.881  1301  1373 D ConnectivityService: registerNetworkAgent NetworkAgentInfo{ ni{[type: Ethernet[], state: CONNECTED/CONNECTED, reason: (unspecified), extra: 00:db:22:20:dd:fd, failover: false, available: true, roaming: false, metered: false]}  network{100}  nethandle{429513165534}  lp{{InterfaceName: eth0 LinkAddresses: [fe80::2db:22ff:fe20:ddfd/64,172.16.1.15/24,]  Routes: [fe80::/64 -> :: eth0,172.16.1.0/24 -> 0.0.0.0 eth0,0.0.0.0/0 -> 172.16.1.2 eth0,] DnsAddresses: [202.96.209.133,223.5.5.5,] Domains: null MTU: 0 TcpBufferSizes: 524288,1048576,3145728,524288,1048576,2097152}}  nc{[ Transports: ETHERNET Capabilities: INTERNET&NOT_RESTRICTED&TRUSTED&NOT_VPN LinkUpBandwidth>=100000Kbps LinkDnBandwidth>=100000Kbps]}  Score{10}  everValidated{false}  lastValidated{false}  created{false} lingering{false} explicitlySelected{false} acceptUnvalidated{false} everCaptivePortalDetected{false} lastCaptivePortalDetected{false} }
09-19 16:45:36.881  1301  1373 D EthernetNetworkFactory: exiting ipProvisioningThread(eth0): mNetworkInfo=[type: Ethernet[], state: CONNECTED/CONNECTED, reason: (unspecified), extra: 00:db:22:20:dd:fd, failover: false, available: true, roaming: false, metered: false]
09-19 16:45:36.881  1301  1359 D ConnectivityService: NetworkAgentInfo [Ethernet () - 100] EVENT_NETWORK_INFO_CHANGED, going from null to CONNECTED
09-19 16:45:36.882  1301  1359 D ConnectivityService: Adding iface eth0 to network 100
09-19 16:45:36.882  1120  1483 E OMXNodeInstance: getExtensionIndex(4600028:google.hevc.decoder, OMX.google.android.index.configureVideoTunnelMode) ERROR: UnsupportedIndex(0x8000101a)
09-19 16:45:36.882  1120  1120 W OMXNodeInstance: [4600028:google.hevc.decoder] component does not support metadata mode; using fallback
09-19 16:45:36.883  1123  1123 I MediaPlayerService: MediaPlayerService::getOMX
09-19 16:45:36.883  1123  1123 I OMXClient: MuxOMX ctor
09-19 16:45:36.883  1120  1133 I OMXMaster: makeComponentInstance(OMX.google.vp8.decoder) in mediacodec process
09-19 16:45:36.886  1120  1483 E OMXNodeInstance: getExtensionIndex(4600029:google.vp8.decoder, OMX.google.android.index.configureVideoTunnelMode) ERROR: UnsupportedIndex(0x8000101a)
09-19 16:45:36.886  1120  1120 W OMXNodeInstance: [4600029:google.vp8.decoder] component does not support metadata mode; using fallback
09-19 16:45:36.887  1123  1123 I MediaPlayerService: MediaPlayerService::getOMX
09-19 16:45:36.887  1123  1123 I OMXClient: MuxOMX ctor
09-19 16:45:36.887  1120  1133 I OMXMaster: makeComponentInstance(OMX.google.vp9.decoder) in mediacodec process
09-19 16:45:36.888  1120  1483 E OMXNodeInstance: getExtensionIndex(460002a:google.vp9.decoder, OMX.google.android.index.configureVideoTunnelMode) ERROR: UnsupportedIndex(0x8000101a)
09-19 16:45:36.888  1120  1120 W OMXNodeInstance: [460002a:google.vp9.decoder] component does not support metadata mode; using fallback
09-19 16:45:36.889  1123  1123 I MediaPlayerService: MediaPlayerService::getOMX
09-19 16:45:36.889  1123  1123 I OMXClient: MuxOMX ctor
09-19 16:45:36.889  1120  1133 I OMXMaster: makeComponentInstance(OMX.google.h263.encoder) in mediacodec process
09-19 16:45:36.892  1120  1133 I SoftMPEG4Encoder: Construct SoftMPEG4Encoder
09-19 16:45:36.892  1123  1123 W ACodec  : do not know color format 0x7f000789 = 2130708361
09-19 16:45:36.892  1120  1483 E OMXNodeInstance: getConfig(460002b:google.h263.encoder, ConfigAndroidIntraRefresh(0x6f60000a)) ERROR: Undefined(0x80001001)
09-19 16:45:36.893  1123  1123 I MediaPlayerService: MediaPlayerService::getOMX
09-19 16:45:36.893  1123  1123 I OMXClient: MuxOMX ctor
09-19 16:45:36.893  1120  1133 I OMXMaster: makeComponentInstance(OMX.google.h264.encoder) in mediacodec process
09-19 16:45:36.896  1389  1389 V MediaRouter: Adding route: RouteInfo{ name=平板电脑, description=null, status=null, category=RouteCategory{ name=null types=ROUTE_TYPE_LIVE_AUDIO ROUTE_TYPE_LIVE_VIDEO  groupable=false }, supportedTypes=ROUTE_TYPE_LIVE_AUDIO ROUTE_TYPE_LIVE_VIDEO , presentationDisplay=null }
09-19 16:45:36.897  1464  1464 I art     : Starting a blocking GC AddRemoveAppImageSpace
09-19 16:45:36.897  1464  1464 W System  : ClassLoader referenced unknown path: /system/priv-app/Settings/lib/x86
09-19 16:45:36.900  1123  1123 W ACodec  : do not know color format 0x7f000789 = 2130708361
09-19 16:45:36.900  1123  1123 I MediaPlayerService: MediaPlayerService::getOMX
09-19 16:45:36.900  1389  1389 V MediaRouter: Updating audio routes: AudioRoutesInfo{ type=SPEAKER }
09-19 16:45:36.901  1301  1359 D ConnectivityService: Setting DNS servers for network 100 to [/202.96.209.133, /223.5.5.5, /119.29.29.29]
09-19 16:45:36.901  1301  1359 D NetworkManagement: do setDnsConfigurationForNetwork netId=100 servers=[202.96.209.133, 223.5.5.5, 119.29.29.29]
09-19 16:45:36.903  1301  1359 D ConnectivityService: Switching to new default network: NetworkAgentInfo{ ni{[type: Ethernet[], state: CONNECTED/CONNECTED, reason: (unspecified), extra: 00:db:22:20:dd:fd, failover: false, available: true, roaming: false, metered: false]}  network{100}  nethandle{429513165534}  lp{{InterfaceName: eth0 LinkAddresses: [fe80::2db:22ff:fe20:ddfd/64,172.16.1.15/24,]  Routes: [fe80::/64 -> :: eth0,172.16.1.0/24 -> 0.0.0.0 eth0,0.0.0.0/0 -> 172.16.1.2 eth0,] DnsAddresses: [202.96.209.133,223.5.5.5,] Domains: null MTU: 0 TcpBufferSizes: 524288,1048576,3145728,524288,1048576,2097152}}  nc{[ Transports: ETHERNET Capabilities: INTERNET&NOT_RESTRICTED&TRUSTED&NOT_VPN&FOREGROUND LinkUpBandwidth>=100000Kbps LinkDnBandwidth>=100000Kbps]}  Score{10}  everValidated{false}  lastValidated{false}  created{true} lingering{false} explicitlySelected{false} acceptUnvalidated{false} everCaptivePortalDetected{false} lastCaptivePortalDetected{false} }
09-19 16:45:36.903  1389  1389 V MediaRouter: Selecting route: RouteInfo{ name=平板电脑, description=null, status=null, category=RouteCategory{ name=null types=ROUTE_TYPE_LIVE_AUDIO ROUTE_TYPE_LIVE_VIDEO  groupable=false }, supportedTypes=ROUTE_TYPE_LIVE_AUDIO ROUTE_TYPE_LIVE_VIDEO , presentationDisplay=null }
09-19 16:45:36.903  1301  1359 D NetworkManagement: do setDefaultNetId! netId=100
09-19 16:45:36.904  1301  1548 D NetworkMonitor/NetworkAgentInfo [Ethernet () - 100]: Validation disabled.
09-19 16:45:36.905  1123  1123 I OMXClient: MuxOMX ctor
09-19 16:45:36.905  1120  1133 I OMXMaster: makeComponentInstance(OMX.google.mpeg4.encoder) in mediacodec process
09-19 16:45:36.905  1120  1133 I SoftMPEG4Encoder: Construct SoftMPEG4Encoder
09-19 16:45:36.906  1301  1359 D ConnectivityService: Sending CONNECTED broadcast for type 9 NetworkAgentInfo [Ethernet () - 100] isDefaultNetwork=true
