09-19 16:45:36.910  1123  1123 W ACodec  : do not know color format 0x7f000789 = 2130708361
09-19 16:45:36.910  1120  1483 E OMXNodeInstance: getConfig(460002d:google.mpeg4.encoder, ConfigAndroidIntraRefresh(0x6f60000a)) ERROR: Undefined(0x80001001)
09-19 16:45:36.911  1123  1123 I MediaPlayerService: MediaPlayerService::getOMX
09-19 16:45:36.911  1123  1123 I OMXClient: MuxOMX ctor
09-19 16:45:36.911  1120  1483 I OMXMaster: makeComponentInstance(OMX.google.vp8.encoder) in mediacodec process
09-19 16:45:36.915  1123  1123 W ACodec  : do not know color format 0x7f000789 = 2130708361
09-19 16:45:36.915  1120  1120 E OMXNodeInstance: getConfig(460002e:google.vp8.encoder, ConfigAndroidIntraRefresh(0x6f60000a)) ERROR: Undefined(0x80001001)
09-19 16:45:36.916  1123  1123 I MediaPlayerService: MediaPlayerService::getOMX
09-19 16:45:36.916  1123  1123 I OMXClient: MuxOMX ctor
09-19 16:45:36.916  1123  1123 W MediaCodecList: unable to open media codecs configuration xml file: /etc/media_codecs_performance.xml
09-19 16:45:36.916  1123  1123 I MediaPlayerService: MediaPlayerService::getOMX
09-19 16:45:36.916  1123  1123 I OMXClient: MuxOMX ctor
09-19 16:45:36.916  1123  1123 W MediaCodecList: unable to open media codecs configuration xml file: /data/misc/media/media_codecs_profiling_results.xml
09-19 16:45:36.917  1123  1444 I MediaPlayerService: MediaPlayerService::getOMX
09-19 16:45:36.917  1301  1431 I OMXClient: MuxOMX ctor
09-19 16:45:36.917  1120  1133 I OMXMaster: makeComponentInstance(OMX.ffmpeg.vorbis.decoder) in mediacodec process
09-19 16:45:36.918  1120  1133 V FFmpegOMXPlugin: makeComponentInstance 'OMX.ffmpeg.vorbis.decoder'
09-19 16:45:36.918  1120  1133 D SoftFFmpegAudio: SoftFFmpegAudio component: OMX.ffmpeg.vorbis.decoder mCodingType: 24
09-19 16:45:36.918  1301  1431 D FFMPEGSoftCodec: No PCM format specified, using 16 bit
09-19 16:45:36.918  1120  1120 D SoftFFmpegAudio: set OMX_IndexParamAudioVorbis, nChannels=2, nSampleRate=44100, nBitRate=0, nMinBitRate=0, nMaxBitRate=0
09-19 16:45:36.921  1120  1567 D SoftFFmpegAudio: begin to open ffmpeg audio decoder(vorbis), mCtx sample_rate: 44100, channels: 2
09-19 16:45:36.924  1120  1567 D SoftFFmpegAudio: open ffmpeg audio decoder(vorbis) success, mCtx sample_rate: 44100, channels: 2, sample_fmt: fltp, bits_per_coded_sample: 0, bits_per_raw_sample: 0
09-19 16:45:36.925  1120  1567 I SoftFFmpegAudio: Create sample rate converter for conversion of 44100 Hz fltp 2 channels(stereo) to 44100 Hz s16 2 channels(stereo)!
09-19 16:45:36.931  1426  1426 W System  : ClassLoader referenced unknown path: /system/priv-app/TelephonyProvider/lib/x86
09-19 16:45:36.931  1426  1426 D ApplicationLoaders: ignored Vulkan layer search path /system/priv-app/TelephonyProvider/lib/x86:/system/lib:/vendor/lib for namespace 0xba580090
09-19 16:45:36.932  1120  1567 D SoftFFmpegAudio: ffmpeg audio decoder eos
09-19 16:45:36.932  1120  1567 D SoftFFmpegAudio: ffmpeg audio decoder fill eos outbuf
09-19 16:45:36.933  1301  1301 I art     : Starting a blocking GC AddRemoveAppImageSpace
09-19 16:45:36.939  1426  1426 D TelephonyProvider: dbh.onOpen: ok, queried table=siminfo
09-19 16:45:36.939  1426  1426 D TelephonyProvider: dbh.onOpen: ok, queried table=carriers
09-19 16:45:36.947  1301  1301 W art     : Suspending all threads took: 14.530ms
09-19 16:45:36.947  1301  1301 W System  : ClassLoader referenced unknown path: /system/priv-app/Telecom/lib/x86
09-19 16:45:36.948  1301  1301 D ApplicationLoaders: ignored Vulkan layer search path /system/priv-app/Telecom/lib/x86:/system/priv-app/Telecom/Telecom.apk!/lib/x86:/system/lib:/vendor/lib for namespace 0xc7ce1110
09-19 16:45:36.949  1301  1359 D ConnectivityService: NetworkAgentInfo [Ethernet () - 100] validation passed
09-19 16:45:36.959  1123  1123 I MediaPlayerService: MediaPlayerService::getOMX
09-19 16:45:36.959  1301  1571 I OMXClient: MuxOMX ctor
09-19 16:45:36.960  1120  1133 I OMXMaster: makeComponentInstance(OMX.ffmpeg.vorbis.decoder) in mediacodec process
09-19 16:45:36.960  1120  1133 V FFmpegOMXPlugin: makeComponentInstance 'OMX.ffmpeg.vorbis.decoder'
09-19 16:45:36.960  1120  1133 D SoftFFmpegAudio: SoftFFmpegAudio component: OMX.ffmpeg.vorbis.decoder mCodingType: 24
09-19 16:45:36.963  1301  1571 D FFMPEGSoftCodec: No PCM format specified, using 16 bit
09-19 16:45:36.965  1120  1120 D SoftFFmpegAudio: set OMX_IndexParamAudioVorbis, nChannels=2, nSampleRate=44100, nBitRate=0, nMinBitRate=0, nMaxBitRate=0
09-19 16:45:36.970  1120  1572 D SoftFFmpegAudio: begin to open ffmpeg audio decoder(vorbis), mCtx sample_rate: 44100, channels: 2
09-19 16:45:36.970  1120  1572 D SoftFFmpegAudio: open ffmpeg audio decoder(vorbis) success, mCtx sample_rate: 44100, channels: 2, sample_fmt: fltp, bits_per_coded_sample: 0, bits_per_raw_sample: 0
09-19 16:45:36.970  1120  1572 I SoftFFmpegAudio: Create sample rate converter for conversion of 44100 Hz fltp 2 channels(stereo) to 44100 Hz s16 2 channels(stereo)!
09-19 16:45:36.972  1389  1575 E WVMExtractor: Failed to open libwvm.so: dlopen failed: library "libwvm.so" not found
09-19 16:45:36.976  1120  1572 D SoftFFmpegAudio: ffmpeg audio decoder eos
09-19 16:45:36.976  1120  1572 D SoftFFmpegAudio: ffmpeg audio decoder fill eos outbuf
09-19 16:45:36.991  1123  1139 I MediaPlayerService: MediaPlayerService::getOMX
09-19 16:45:36.992  1389  1580 I OMXClient: MuxOMX ctor
09-19 16:45:36.992  1120  1133 I OMXMaster: makeComponentInstance(OMX.ffmpeg.vorbis.decoder) in mediacodec process
09-19 16:45:36.992  1120  1133 V FFmpegOMXPlugin: makeComponentInstance 'OMX.ffmpeg.vorbis.decoder'
09-19 16:45:36.992  1120  1133 D SoftFFmpegAudio: SoftFFmpegAudio component: OMX.ffmpeg.vorbis.decoder mCodingType: 24
09-19 16:45:36.993  1389  1580 D FFMPEGSoftCodec: No PCM format specified, using 16 bit
09-19 16:45:36.993  1120  1120 D SoftFFmpegAudio: set OMX_IndexParamAudioVorbis, nChannels=2, nSampleRate=44100, nBitRate=0, nMinBitRate=0, nMaxBitRate=0
09-19 16:45:36.997  1120  1581 D SoftFFmpegAudio: begin to open ffmpeg audio decoder(vorbis), mCtx sample_rate: 44100, channels: 2
09-19 16:45:36.998  1120  1581 D SoftFFmpegAudio: open ffmpeg audio decoder(vorbis) success, mCtx sample_rate: 44100, channels: 2, sample_fmt: fltp, bits_per_coded_sample: 0, bits_per_raw_sample: 0
09-19 16:45:36.998  1120  1581 I SoftFFmpegAudio: Create sample rate converter for conversion of 44100 Hz fltp 2 channels(stereo) to 44100 Hz s16 2 channels(stereo)!
09-19 16:45:37.011  1301  1301 D BluetoothManagerService: Trying to bind to profile: 1, while Bluetooth was disabled
09-19 16:45:37.015  1123  1139 I MediaPlayerService: MediaPlayerService::getOMX
09-19 16:45:37.015  1301  1586 I OMXClient: MuxOMX ctor
09-19 16:45:37.016  1120  1133 I OMXMaster: makeComponentInstance(OMX.ffmpeg.vorbis.decoder) in mediacodec process
09-19 16:45:37.016  1120  1133 V FFmpegOMXPlugin: makeComponentInstance 'OMX.ffmpeg.vorbis.decoder'
09-19 16:45:37.016  1120  1133 D SoftFFmpegAudio: SoftFFmpegAudio component: OMX.ffmpeg.vorbis.decoder mCodingType: 24
09-19 16:45:37.017  1301  1586 D FFMPEGSoftCodec: No PCM format specified, using 16 bit
09-19 16:45:37.017  1301  1301 I Telecom : SystemStateProvider: Registering car mode receiver: android.content.IntentFilter@86e4675: TS.init@AAA
09-19 16:45:37.018  1120  1133 D SoftFFmpegAudio: set OMX_IndexParamAudioVorbis, nChannels=2, nSampleRate=44100, nBitRate=0, nMinBitRate=0, nMaxBitRate=0
09-19 16:45:37.022  1120  1587 D SoftFFmpegAudio: begin to open ffmpeg audio decoder(vorbis), mCtx sample_rate: 44100, channels: 2
09-19 16:45:37.023  1120  1587 D SoftFFmpegAudio: open ffmpeg audio decoder(vorbis) success, mCtx sample_rate: 44100, channels: 2, sample_fmt: fltp, bits_per_coded_sample: 0, bits_per_raw_sample: 0
09-19 16:45:37.024  1120  1587 I SoftFFmpegAudio: Create sample rate converter for conversion of 44100 Hz fltp 2 channels(stereo) to 44100 Hz s16 2 channels(stereo)!
09-19 16:45:37.032  1120  1581 D SoftFFmpegAudio: ffmpeg audio decoder eos
09-19 16:45:37.032  1120  1581 D SoftFFmpegAudio: ffmpeg audio decoder fill eos outbuf
09-19 16:45:37.036  1120  1587 D SoftFFmpegAudio: ffmpeg audio decoder eos
09-19 16:45:37.036  1120  1587 D SoftFFmpegAudio: ffmpeg audio decoder fill eos outbuf
09-19 16:45:37.047  1123  1139 I MediaPlayerService: MediaPlayerService::getOMX
09-19 16:45:37.047  1389  1592 I OMXClient: MuxOMX ctor
09-19 16:45:37.048  1120  1483 I OMXMaster: makeComponentInstance(OMX.ffmpeg.vorbis.decoder) in mediacodec process
09-19 16:45:37.048  1120  1483 V FFmpegOMXPlugin: makeComponentInstance 'OMX.ffmpeg.vorbis.decoder'
09-19 16:45:37.048  1120  1483 D SoftFFmpegAudio: SoftFFmpegAudio component: OMX.ffmpeg.vorbis.decoder mCodingType: 24
09-19 16:45:37.048  1389  1592 D FFMPEGSoftCodec: No PCM format specified, using 16 bit
09-19 16:45:37.049  1120  1120 D SoftFFmpegAudio: set OMX_IndexParamAudioVorbis, nChannels=2, nSampleRate=44100, nBitRate=0, nMinBitRate=0, nMaxBitRate=0
09-19 16:45:37.050  1464  1464 I HostConnection: HostConnection::HostConnection: pid=1464, tid=1464, this=0xbd747040
09-19 16:45:37.051  1464  1464 I         : fastpipe: Connect success
09-19 16:45:37.051  1464  1464 D HostConnection: HostRPC::connect sucess: app=com.android.settings, pid=1464, tid=1464, this=0xb6b74f40
09-19 16:45:37.052  1464  1464 D HostConnection: queryAndSetGLESMaxVersion select gles-version: 3.1 hostGLVersion:46 process:com.android.settings
09-19 16:45:37.052  1464  1464 I         : fastpipe: Connect success
09-19 16:45:37.052  1464  1464 D HostConnection: recv ProcessPuidReply name=com.android.settings puid=3 g_u64CapsFlag=1d
09-19 16:45:37.053  1120  1593 D SoftFFmpegAudio: begin to open ffmpeg audio decoder(vorbis), mCtx sample_rate: 44100, channels: 2
09-19 16:45:37.054  1120  1593 D SoftFFmpegAudio: open ffmpeg audio decoder(vorbis) success, mCtx sample_rate: 44100, channels: 2, sample_fmt: fltp, bits_per_coded_sample: 0, bits_per_raw_sample: 0
09-19 16:45:37.054  1301  1591 I Telecom : Telecom: Non-call EVENT: AUDIO_ROUTE, Entering state QuiescentEarpieceRoute
09-19 16:45:37.059  1120  1593 I SoftFFmpegAudio: Create sample rate converter for conversion of 44100 Hz fltp 2 channels(stereo) to 44100 Hz s16 2 channels(stereo)!
09-19 16:45:37.061  1301  1596 I Telecom : CallAudioModeStateMachine: Message received: null.: TS.init->CAMSM.pM_1@AAA_0
09-19 16:45:37.061  1301  1354 D WifiController: DEFERRED_TOGGLE handled
09-19 16:45:37.061  1123  1139 I MediaPlayerService: MediaPlayerService::getOMX
09-19 16:45:37.061  1301  1355 I LdWifi  : call wifi_load_driver!
09-19 16:45:37.061  1301  1355 D NetworkManagement: setInterfaceDown: wlan0
09-19 16:45:37.061  1301  1355 D NetworkManagement: getInterfaceConfig: wlan0
09-19 16:45:37.061  1301  1595 I OMXClient: MuxOMX ctor
09-19 16:45:37.062  1120  1120 I OMXMaster: makeComponentInstance(OMX.ffmpeg.vorbis.decoder) in mediacodec process
09-19 16:45:37.062  1120  1120 V FFmpegOMXPlugin: makeComponentInstance 'OMX.ffmpeg.vorbis.decoder'
09-19 16:45:37.062  1120  1120 D SoftFFmpegAudio: SoftFFmpegAudio component: OMX.ffmpeg.vorbis.decoder mCodingType: 24
09-19 16:45:37.063  1301  1595 D FFMPEGSoftCodec: No PCM format specified, using 16 bit
09-19 16:45:37.064  1120  1133 D SoftFFmpegAudio: set OMX_IndexParamAudioVorbis, nChannels=2, nSampleRate=44100, nBitRate=0, nMinBitRate=0, nMaxBitRate=0
09-19 16:45:37.065  1301  1355 D WifiMonitor: killSupplicant! p2pSupported=true
09-19 16:45:37.065  1301  1355 E WifiMonitor: killSupplicant p2ptrue init.svc.wpa_supplicant=unknown init.svc.p2p_supplicant=unknown
09-19 16:45:37.068  1120  1597 D SoftFFmpegAudio: begin to open ffmpeg audio decoder(vorbis), mCtx sample_rate: 44100, channels: 2
09-19 16:45:37.069  1120  1597 D SoftFFmpegAudio: open ffmpeg audio decoder(vorbis) success, mCtx sample_rate: 44100, channels: 2, sample_fmt: fltp, bits_per_coded_sample: 0, bits_per_raw_sample: 0
09-19 16:45:37.069  1301  1355 E wifi    : Can not initialize the vendor function pointer table
09-19 16:45:37.069  1301  1355 E WifiNative-HAL: Could not start hal
09-19 16:45:37.069  1301  1355 E WifiStateMachine: Failed to start HAL
09-19 16:45:37.069  1301  1355 W LdWifi  : wifi command unkown!!! cmd=IFNAME=wlan0 LOG_LEVEL INFO
09-19 16:45:37.069  1120  1597 I SoftFFmpegAudio: Create sample rate converter for conversion of 44100 Hz fltp 2 channels(stereo) to 44100 Hz s16 2 channels(stereo)!
09-19 16:45:37.069  1301  1355 D WifiMonitor: startMonitoring(wlan0) with mConnected = false
09-19 16:45:37.072  1120  1593 D SoftFFmpegAudio: ffmpeg audio decoder eos
09-19 16:45:37.072  1120  1593 D SoftFFmpegAudio: ffmpeg audio decoder fill eos outbuf
09-19 16:45:37.074  1120  1597 D SoftFFmpegAudio: ffmpeg audio decoder eos
09-19 16:45:37.074  1120  1597 D SoftFFmpegAudio: ffmpeg audio decoder fill eos outbuf
09-19 16:45:37.078  1301  1599 E ActivityThread: Failed to find provider info for call_log
09-19 16:45:37.081  1301  1301 D BluetoothManagerService: Trying to bind to profile: 1, while Bluetooth was disabled
09-19 16:45:37.085  1123  1139 I MediaPlayerService: MediaPlayerService::getOMX
09-19 16:45:37.085  1301  1602 I OMXClient: MuxOMX ctor
09-19 16:45:37.086  1120  1133 I OMXMaster: makeComponentInstance(OMX.ffmpeg.vorbis.decoder) in mediacodec process
09-19 16:45:37.086  1120  1133 V FFmpegOMXPlugin: makeComponentInstance 'OMX.ffmpeg.vorbis.decoder'
09-19 16:45:37.086  1120  1133 D SoftFFmpegAudio: SoftFFmpegAudio component: OMX.ffmpeg.vorbis.decoder mCodingType: 24
09-19 16:45:37.087  1464  1584 I HostConnection: HostConnection::HostConnection: pid=1464, tid=1584, this=0xbd747280
09-19 16:45:37.088  1464  1584 I         : fastpipe: Connect success
09-19 16:45:37.088  1464  1584 D HostConnection: HostRPC::connect sucess: app=com.android.settings, pid=1464, tid=1584, this=0xb8fc7200
09-19 16:45:37.088  1464  1584 D HostConnection: queryAndSetGLESMaxVersion select gles-version: 3.1 hostGLVersion:46 process:com.android.settings
09-19 16:45:37.088  1301  1602 D FFMPEGSoftCodec: No PCM format specified, using 16 bit
09-19 16:45:37.088  1120  1120 D SoftFFmpegAudio: set OMX_IndexParamAudioVorbis, nChannels=2, nSampleRate=44100, nBitRate=0, nMinBitRate=0, nMaxBitRate=0
09-19 16:45:37.089  1464  1584 I OpenGLRenderer: Initialized EGL, version 1.4
09-19 16:45:37.089  1464  1584 D OpenGLRenderer: Swap behavior 1
09-19 16:45:37.089  1464  1584 I EGL_adreno: eglCreateContext request GLES major-version=2
09-19 16:45:37.091  1120  1603 D SoftFFmpegAudio: begin to open ffmpeg audio decoder(vorbis), mCtx sample_rate: 44100, channels: 2
09-19 16:45:37.092  1120  1603 D SoftFFmpegAudio: open ffmpeg audio decoder(vorbis) success, mCtx sample_rate: 44100, channels: 2, sample_fmt: fltp, bits_per_coded_sample: 0, bits_per_raw_sample: 0
09-19 16:45:37.092  1120  1603 I SoftFFmpegAudio: Create sample rate converter for conversion of 44100 Hz fltp 2 channels(stereo) to 44100 Hz s16 2 channels(stereo)!
09-19 16:45:37.095  1301  1301 I Telecom : Class: TelecomSystem.INSTANCE being set
09-19 16:45:37.095  1301  1301 W ContextImpl: Calling a method in the system process without a qualified user: android.app.ContextImpl.startService:1358 android.content.ContextWrapper.startService:613 com.android.server.telecom.components.TelecomService.initializeTelecomSystem:186 com.android.server.telecom.components.TelecomService.onBind:62 android.app.ActivityThread.handleBindService:3251 
09-19 16:45:37.098  1301  1301 W ContextImpl: Calling a method in the system process without a qualified user: android.app.ContextImpl.startService:1358 com.android.server.content.SyncManager$13.run:658 android.os.Handler.handleCallback:751 android.os.Handler.dispatchMessage:95 android.os.Looper.loop:154 
09-19 16:45:37.111  1301  1301 W System  : ClassLoader referenced unknown path: /system/priv-app/FusedLocation/lib/x86
09-19 16:45:37.112  1464  1584 D EGL_adreno: eglCreateContext: 0xb6e91ea0: maj 3 min 1 rcv 4
09-19 16:45:37.114  1120  1603 D SoftFFmpegAudio: ffmpeg audio decoder eos
09-19 16:45:37.114  1120  1603 D SoftFFmpegAudio: ffmpeg audio decoder fill eos outbuf
09-19 16:45:37.116  1301  1301 D ApplicationLoaders: ignored Vulkan layer search path /system/priv-app/FusedLocation/lib/x86:/system/priv-app/FusedLocation/FusedLocation.apk!/lib/x86:/system/lib:/vendor/lib for namespace 0xc7ce1150
09-19 16:45:37.116  1301  1355 D WifiConfigManager: Loading config and enabling all networks 
09-19 16:45:37.119  1301  1355 W WifiNetworkHistory: Upgrading network 0 to android.uid.system:1000
09-19 16:45:37.119  1301  1355 D WifiConfigManager: loaded 0 passpoint configs
09-19 16:45:37.119  1301  1355 E IpConfigStore: Error parsing configuration: java.io.FileNotFoundException: /data/misc/wifi/ipconfig.txt (No such file or directory)
09-19 16:45:37.119  1389  1389 I vol.Events: writeEvent collection_started
09-19 16:45:37.121  1123  1139 I MediaPlayerService: MediaPlayerService::getOMX
09-19 16:45:37.121  1389  1612 I OMXClient: MuxOMX ctor
09-19 16:45:37.122  1120  1483 I OMXMaster: makeComponentInstance(OMX.ffmpeg.vorbis.decoder) in mediacodec process
09-19 16:45:37.122  1120  1483 V FFmpegOMXPlugin: makeComponentInstance 'OMX.ffmpeg.vorbis.decoder'
09-19 16:45:37.122  1120  1483 D SoftFFmpegAudio: SoftFFmpegAudio component: OMX.ffmpeg.vorbis.decoder mCodingType: 24
09-19 16:45:37.123  1389  1612 D FFMPEGSoftCodec: No PCM format specified, using 16 bit
09-19 16:45:37.124  1120  1133 D SoftFFmpegAudio: set OMX_IndexParamAudioVorbis, nChannels=2, nSampleRate=44100, nBitRate=0, nMinBitRate=0, nMaxBitRate=0
09-19 16:45:37.125  1301  1355 D WifiNative-HAL: Setting external_sim to 1
09-19 16:45:37.125  1301  1355 D WifiStateMachine: Setting OUI to DA-A1-19
09-19 16:45:37.126  1301  1355 I WifiConnectivityManager: PNO settings: min5GHzRssi -82 min24GHzRssi -85 currentConnectionBonus 16 sameNetworkBonus 24 secureNetworkBonus 80 initialScoreMax 100
09-19 16:45:37.126  1301  1355 I WifiConnectivityManager: ConnectivityScanManager initialized and disabled
09-19 16:45:37.126  1301  1355 I WifiConnectivityManager: setUntrustedConnectionAllowed: allowed=false
09-19 16:45:37.126  1301  1355 E WifiLogger: no ring buffers found
09-19 16:45:37.126  1301  1355 E WifiLogger: Failed to start packet fate monitoring
09-19 16:45:37.127  1301  1301 D GpsNetInitiatedHandler: location enabled :true
09-19 16:45:37.128  1389  1611 I vol.Events: writeEvent external_ringer_mode_changed normal
09-19 16:45:37.128  1389  1611 I vol.Events: writeEvent internal_ringer_mode_changed normal
09-19 16:45:37.129  1301  1314 E GnssLocationProvider: no AGPS interface in set_agps_server
09-19 16:45:37.129  1301  1301 I WiredAccessoryManager: notifyWiredAccessoryChanged: when=0 bits= mask=154
09-19 16:45:37.129  1301  1301 V WiredAccessoryManager: newName=h2w newState=0 headsetState=0 prev headsetState=0
09-19 16:45:37.130  1301  1301 E WiredAccessoryManager: No state change.
09-19 16:45:37.130  1301  1301 V WiredAccessoryManager: init()
09-19 16:45:37.130  1464  1584 D EGL_adreno: eglMakeCurrent: 0xb6e91ea0: ver 3 1 (tinfo 0xba514d10)
09-19 16:45:37.130  1120  1613 D SoftFFmpegAudio: begin to open ffmpeg audio decoder(vorbis), mCtx sample_rate: 44100, channels: 2
09-19 16:45:37.131  1464  1584 D HostConnection: ExtendedRCEncoderContext GL_VERSION return OpenGL ES 3.1
09-19 16:45:37.131  1120  1613 D SoftFFmpegAudio: open ffmpeg audio decoder(vorbis) success, mCtx sample_rate: 44100, channels: 2, sample_fmt: fltp, bits_per_coded_sample: 0, bits_per_raw_sample: 0
09-19 16:45:37.131  1120  1613 I SoftFFmpegAudio: Create sample rate converter for conversion of 44100 Hz fltp 2 channels(stereo) to 44100 Hz s16 2 channels(stereo)!
09-19 16:45:37.133  1123  1139 I MediaPlayerService: MediaPlayerService::getOMX
09-19 16:45:37.133  1301  1616 I OMXClient: MuxOMX ctor
09-19 16:45:37.134  1120  1120 I OMXMaster: makeComponentInstance(OMX.ffmpeg.vorbis.decoder) in mediacodec process
09-19 16:45:37.134  1120  1120 V FFmpegOMXPlugin: makeComponentInstance 'OMX.ffmpeg.vorbis.decoder'
09-19 16:45:37.134  1120  1120 D SoftFFmpegAudio: SoftFFmpegAudio component: OMX.ffmpeg.vorbis.decoder mCodingType: 24
09-19 16:45:37.134  1301  1616 D FFMPEGSoftCodec: No PCM format specified, using 16 bit
09-19 16:45:37.135  1120  1120 D SoftFFmpegAudio: set OMX_IndexParamAudioVorbis, nChannels=1, nSampleRate=44100, nBitRate=0, nMinBitRate=0, nMaxBitRate=0
09-19 16:45:37.136  1120  1613 D SoftFFmpegAudio: ffmpeg audio decoder eos
09-19 16:45:37.136  1120  1613 D SoftFFmpegAudio: ffmpeg audio decoder fill eos outbuf
09-19 16:45:37.139  1120  1617 D SoftFFmpegAudio: begin to open ffmpeg audio decoder(vorbis), mCtx sample_rate: 44100, channels: 1
09-19 16:45:37.140  1120  1617 D SoftFFmpegAudio: open ffmpeg audio decoder(vorbis) success, mCtx sample_rate: 44100, channels: 1, sample_fmt: fltp, bits_per_coded_sample: 0, bits_per_raw_sample: 0
09-19 16:45:37.140  1120  1617 I SoftFFmpegAudio: Create sample rate converter for conversion of 44100 Hz fltp 1 channels(mono) to 44100 Hz s16 1 channels(mono)!
09-19 16:45:37.149  1120  1617 D SoftFFmpegAudio: ffmpeg audio decoder eos
09-19 16:45:37.149  1120  1617 D SoftFFmpegAudio: ffmpeg audio decoder fill eos outbuf
09-19 16:45:37.156  1464  1584 E EGL_adreno: tid 1584: eglSurfaceAttrib(1338): error 0x3009 (EGL_BAD_MATCH)
09-19 16:45:37.156  1464  1584 W OpenGLRenderer: Failed to set EGL_SWAP_BEHAVIOR on surface 0xba516380, error=EGL_BAD_MATCH
09-19 16:45:37.158  1301  1355 I WifiConnectivityManager: Set WiFi enabled
09-19 16:45:37.158  1301  1355 I WifiConnectivityManager: scheduleWatchdogTimer
09-19 16:45:37.158  1464  1584 D EGL_adreno: eglMakeCurrent: 0xb6e91ea0: ver 3 1 (tinfo 0xba514d10)
09-19 16:45:37.173  1389  1611 I vol.Events: writeEvent level_changed STREAM_SYSTEM 1
09-19 16:45:37.205  1301  1355 D WifiNative-HAL: Failing getSupportedFeatureset because HAL isn't started
09-19 16:45:37.206  1301  1318 E BatteryStatsService: no controller energy info supplied
09-19 16:45:37.206  1301  1318 E KernelCpuSpeedReader: Failed to read cpu-freq: /sys/devices/system/cpu/cpu0/cpufreq/stats/time_in_state (No such file or directory)
09-19 16:45:37.206  1301  1318 E KernelUidCpuTimeReader: Failed to read uid_cputime: /proc/uid_cputime/show_uid_stat (No such file or directory)
09-19 16:45:37.206  1301  1355 D WifiNative-HAL: Failing getSupportedFeatureset because HAL isn't started
09-19 16:45:37.206  1301  1318 E BatteryStatsService: no controller energy info supplied
09-19 16:45:37.207  1301  1318 E KernelCpuSpeedReader: Failed to read cpu-freq: /sys/devices/system/cpu/cpu0/cpufreq/stats/time_in_state (No such file or directory)
09-19 16:45:37.207  1301  1318 E KernelUidCpuTimeReader: Failed to read uid_cputime: /proc/uid_cputime/show_uid_stat (No such file or directory)
09-19 16:45:37.210  1301  1353 D NetworkManagement: setInterfaceUp: p2p0
09-19 16:45:37.210  1301  1353 D NetworkManagement: getInterfaceConfig: p2p0
09-19 16:45:37.217  1624  1624 E ProbeModule: insmod_by_dep: cannot load module: [netdev-p2p0]
09-19 16:45:37.217  1626  1626 E ProbeModule: insmod_by_dep: cannot load module: [p2p0]
09-19 16:45:37.218  1628  1628 E ProbeModule: insmod_by_dep: cannot load module: [netdev-p2p0]
09-19 16:45:37.218  1630  1630 E ProbeModule: insmod_by_dep: cannot load module: [p2p0]
09-19 16:45:37.218  1632  1632 E ProbeModule: insmod_by_dep: cannot load module: [netdev-p2p0]
09-19 16:45:37.218  1301  1315 W ActivityManager: Unable to start service Intent { flg=0x100 cmp=com.android.systemui/.keyguard.KeyguardService } U=0: not found
09-19 16:45:37.218  1301  1315 V KeyguardServiceDelegate: *** Keyguard: can't bind to ComponentInfo{com.android.systemui/com.android.systemui.keyguard.KeyguardService}
09-19 16:45:37.218  1301  1315 W KeyguardServiceDelegate: onScreenTurningOn(): no keyguard service!
09-19 16:45:37.219  1301  1322 I ActivityManager: Displayed com.android.settings/.FallbackHome: +434ms
09-19 16:45:37.220  1634  1634 E ProbeModule: insmod_by_dep: cannot load module: [p2p0]
09-19 16:45:37.220  1636  1636 E ProbeModule: insmod_by_dep: cannot load module: [netdev-p2p0]
09-19 16:45:37.220  1638  1638 E ProbeModule: insmod_by_dep: cannot load module: [p2p0]
09-19 16:45:37.221  1124  1295 W CommandListener: Failed to retrieve HW addr for p2p0 (No such device)
09-19 16:45:37.221  1301  1353 D NetworkManagement: do setInterfaceConfig: p2p0 cfg=mHwAddr=00:00:00:00:00:00 mAddr=0.0.0.0/0 mFlags=[up]
09-19 16:45:37.221  1124  1295 D CommandListener: Setting iface cfg
09-19 16:45:37.222  1640  1640 E ProbeModule: insmod_by_dep: cannot load module: [netdev-p2p0]
09-19 16:45:37.222  1642  1642 E ProbeModule: insmod_by_dep: cannot load module: [p2p0]
09-19 16:45:37.223  1301  1353 E WifiP2pService: Unable to change interface settings: java.lang.IllegalStateException: command '22 interface setcfg p2p0 0.0.0.0 0 up' failed with '400 22 Failed to clear address (No such device)'
09-19 16:45:37.223  1301  1353 D WifiMonitor: startMonitoring(p2p0) with mConnected = true
09-19 16:45:37.224  1301  1353 W LdWifi  : wifi command unkown!!! cmd=SET persistent_reconnect 1
09-19 16:45:37.224  1301  1353 W LdWifi  : wifi command unkown!!! cmd=SET device_name Android_074a
09-19 16:45:37.224  1301  1353 W LdWifi  : wifi command unkown!!! cmd=SET p2p_ssid_postfix -Android_074a
09-19 16:45:37.224  1301  1353 W LdWifi  : wifi command unkown!!! cmd=SET device_type 10-0050F204-5
09-19 16:45:37.224  1301  1353 W LdWifi  : wifi command unkown!!! cmd=SET config_methods virtual_push_button physical_display keypad
09-19 16:45:37.224  1301  1353 W LdWifi  : wifi command unkown!!! cmd=P2P_SET conc_pref sta
09-19 16:45:37.224  1301  1353 D WifiNative-HAL: p2pGetDeviceAddress
09-19 16:45:37.224  1301  1353 W LdWifi  : wifi command unkown!!! cmd=STATUS
09-19 16:45:37.224  1301  1353 D WifiNative-HAL: p2pGetDeviceAddress returning 
09-19 16:45:37.225  1301  1353 W LdWifi  : wifi command unkown!!! cmd=P2P_FLUSH
09-19 16:45:37.225  1301  1353 W LdWifi  : wifi command unkown!!! cmd=P2P_SERVICE_FLUSH
09-19 16:45:37.225  1301  1353 W LdWifi  : wifi command unkown!!! cmd=LIST_NETWORKS
09-19 16:45:37.231  1301  1301 W VibratorService: Tried to stop vibrating but there is no vibrator device.
09-19 16:45:37.235  1301  1301 D ConditionProviders.SCP: onSubscribe condition://android/schedule?days=6.7&start=23.30&end=10.0&exitAtAlarm=false
09-19 16:45:37.235  1301  1301 D ConditionProviders.SCP: setRegistered true
09-19 16:45:37.237  1301  1301 D ConditionProviders.SCP: notifyCondition condition://android/schedule?days=6.7&start=23.30&end=10.0&exitAtAlarm=false STATE_FALSE reason=!meetsSchedule
09-19 16:45:37.238  1301  1301 D ConditionProviders.SCP: Scheduling evaluate for Mon Sep 19 23:30:00 GMT+08:00 2022 (1663601400000), in +6h44m22s764ms, now=Mon Sep 19 16:45:37 GMT+08:00 2022 (1663577137236)
09-19 16:45:37.238  1389  1611 I vol.Events: writeEvent level_changed STREAM_ALARM 6
09-19 16:45:37.238  1301  1301 D ConditionProviders.SCP: onSubscribe condition://android/schedule?days=1.2.3.4.5&start=22.0&end=7.0&exitAtAlarm=false
09-19 16:45:37.238  1301  1301 D ConditionProviders.SCP: notifyCondition condition://android/schedule?days=6.7&start=23.30&end=10.0&exitAtAlarm=false STATE_FALSE reason=!meetsSchedule
09-19 16:45:37.239  1301  1301 D ConditionProviders.SCP: notifyCondition condition://android/schedule?days=1.2.3.4.5&start=22.0&end=7.0&exitAtAlarm=false STATE_FALSE reason=!meetsSchedule
09-19 16:45:37.239  1301  1301 D ConditionProviders.SCP: Scheduling evaluate for Mon Sep 19 22:00:00 GMT+08:00 2022 (1663596000000), in +5h14m22s762ms, now=Mon Sep 19 16:45:37 GMT+08:00 2022 (1663577137238)
09-19 16:45:37.239  1389  1611 I vol.Events: writeEvent level_changed STREAM_BLUETOOTH_SCO 7
09-19 16:45:37.240  1301  1365 E ActivityThread: Failed to find provider info for com.android.calendar
09-19 16:45:37.240  1301  1365 E ActivityThread: Failed to find provider info for com.android.calendar
09-19 16:45:37.241  1389  1611 I vol.Events: writeEvent level_changed STREAM_MUSIC 2
09-19 16:45:37.241  1389  1611 I vol.Events: writeEvent level_changed STREAM_RING 1
09-19 16:45:37.242  1389  1611 I vol.Events: writeEvent level_changed STREAM_VOICE_CALL 4
09-19 16:45:37.251  1301  1322 I HostConnection: HostConnection::HostConnection: pid=1301, tid=1322, this=0xb6eed880
09-19 16:45:37.252  1301  1322 I         : fastpipe: Connect success
09-19 16:45:37.252  1301  1322 D HostConnection: HostRPC::connect sucess: app=system_server, pid=1301, tid=1322, this=0xa3b1be80
09-19 16:45:37.252  1301  1322 D HostConnection: queryAndSetGLESMaxVersion select gles-version: 3.1 hostGLVersion:46 process:system_server
09-19 16:45:37.257  1426  1426 D PhoneSwitcherNetworkRequstListener: Registering NetworkFactory
09-19 16:45:37.259  1301  1301 I Telecom : WiredHeadsetManager: ACTION_HEADSET_PLUG event, plugged in: false, : WHC.oADA@AAE
09-19 16:45:37.259  1301  1359 D ConnectivityService: Got NetworkFactory Messenger for PhoneSwitcherNetworkRequstListener
09-19 16:45:37.259  1389  1389 I HostConnection: HostConnection::HostConnection: pid=1389, tid=1389, this=0xbd704780
09-19 16:45:37.260  1301  1301 I ActivityManager: user 0 is still locked. Cannot load recents
09-19 16:45:37.260  1389  1389 I         : fastpipe: Connect success
09-19 16:45:37.260  1389  1389 D HostConnection: HostRPC::connect sucess: app=com.android.systemui, pid=1389, tid=1389, this=0xa73dda80
09-19 16:45:37.261  1389  1389 D HostConnection: queryAndSetGLESMaxVersion select gles-version: 3.1 hostGLVersion:46 process:com.android.systemui
09-19 16:45:37.261  1389  1389 I         : fastpipe: Connect success
09-19 16:45:37.262  1389  1389 D HostConnection: recv ProcessPuidReply name=com.android.systemui puid=4 g_u64CapsFlag=1d
09-19 16:45:37.263  1301  1359 D ConnectivityService: Got NetworkFactory Messenger for TelephonyNetworkFactory[0]
09-19 16:45:37.265  1301  1314 I SyncManager: Got SyncJobService instance.
09-19 16:45:37.266  1301  1301 D RttService: SCAN_AVAILABLE : 3
09-19 16:45:37.266  1301  1358 D RttService: DefaultState got{ when=0 what=160512 target=com.android.internal.util.StateMachine$SmHandler }
09-19 16:45:37.268  1301  1301 I FusedLocation: engine started (com.android.location.fused)
09-19 16:45:37.277  1301  1357 I WifiScanningService: wifi driver loaded with scan capabilities: max buckets=16
09-19 16:45:37.278  1426  1648 E ActivityThread: Failed to find provider info for com.android.contacts
09-19 16:45:37.278  1426  1648 W CallerInfoCache: cursor is null
09-19 16:45:37.279  1389  1389 D StorageNotification: Notifying about private volume: VolumeInfo{private}:
09-19 16:45:37.279  1389  1389 D StorageNotification:     type=PRIVATE diskId=null partGuid=null mountFlags=0 mountUserId=-1 
09-19 16:45:37.279  1389  1389 D StorageNotification:     state=MOUNTED 
09-19 16:45:37.279  1389  1389 D StorageNotification:     fsType=null fsUuid=null fsLabel=null 
09-19 16:45:37.279  1389  1389 D StorageNotification:     path=/data internalPath=null 
09-19 16:45:37.290  1426  1426 D CarrierConfigLoader: CarrierConfigLoader has started
09-19 16:45:37.295  1301  1474 D BluetoothManagerService: Trying to bind to profile: 1, while Bluetooth was disabled
09-19 16:45:37.305  1426  1426 I Telephony: TtyManager: updateUiTtyMode -1 -> 0
09-19 16:45:37.313  1301  1301 I GnssLocationProvider: WakeLock acquired by sendMessage(12, 0, null)
09-19 16:45:37.315  1301  1314 E GnssLocationProvider: no AGPS interface in set_agps_server
09-19 16:45:37.315  1301  1314 I GnssLocationProvider: WakeLock released by handleMessage(12, 0, null)
09-19 16:45:37.355  1301  1529 I StatusBarManagerService: registerStatusBar bar=com.android.internal.statusbar.IStatusBar$Stub$Proxy@3be52dd
09-19 16:45:37.580  1426  1426 D PhoneSwitcherNetworkRequstListener: got request NetworkRequest [ REQUEST id=1, [ Capabilities: INTERNET&NOT_RESTRICTED&TRUSTED&NOT_VPN] ] with score 50
09-19 16:45:37.581  1426  1426 D TelephonyDebugService: TelephonyDebugService()
09-19 16:45:37.586  1426  1426 D CarrierConfigLoader: mHandler: 12 phoneId: 0
09-19 16:45:37.595  1426  1426 E PhoneInterfaceManager: [PhoneIntfMgr] getIccId: No UICC
09-19 16:45:37.618  1301  1313 I Telecom : PhoneAccountRegistrar: [ComponentInfo{com.android.phone/com.android.services.telephony.TelephonyConnectionService}, [e0184adedf913b076626646d3f52c3b49c39ad6d], UserHandle{0}(icon: Icon(typ=BITMAP size=58x72) -> Icon(typ=BITMAP size=58x72))]: TSI.rPA@AAM
09-19 16:45:37.619  1301  1313 I Telecom : : Sending phone-account registered intent as user: TSI.rPA@AAM
09-19 16:45:37.620  1426  1426 I Telephony: AccountEntry: Registered phoneAccount: [[ ] PhoneAccount: ComponentInfo{com.android.phone/com.android.services.telephony.TelephonyConnectionService}, [e0184adedf913b076626646d3f52c3b49c39ad6d], UserHandle{0} Capabilities: CallProvider MultiUser PlaceEmerg SimSub  Audio Routes: BESW Schemes: tel voicemail  Extras: null GroupId: [da39a3ee5e6b4b0d3255bfef95601890afd80709]] with handle: ComponentInfo{com.android.phone/com.android.services.telephony.TelephonyConnectionService}, [e0184adedf913b076626646d3f52c3b49c39ad6d], UserHandle{0}
09-19 16:45:37.621  1426  1426 I Telephony: PstnIncomingCallNotifier: Registering: Handler (com.android.internal.telephony.GsmCdmaPhone) {a36587f}
09-19 16:45:37.632  1426  1426 E PhoneInterfaceManager: [PhoneIntfMgr] getIccId: No UICC
09-19 16:45:37.645  1389  1389 E BluetoothInputDevice: Could not bind to Bluetooth HID Service with Intent { act=android.bluetooth.IBluetoothInputDevice }
09-19 16:45:37.648  1389  1389 E BluetoothPan: Could not bind to Bluetooth Pan Service with Intent { act=android.bluetooth.IBluetoothPan }
09-19 16:45:37.648  1389  1389 D LocalBluetoothProfileManager: Adding local MAP profile
09-19 16:45:37.649  1389  1389 D BluetoothMap: Create BluetoothMap proxy object
09-19 16:45:37.651  1389  1389 E BluetoothMap: Could not bind to Bluetooth MAP Service with Intent { act=android.bluetooth.IBluetoothMap }
09-19 16:45:37.655  1301  1453 I Telecom : PhoneAccountRegistrar: [ComponentInfo{com.android.phone/com.android.services.telephony.TelephonyConnectionService}, [e0184adedf913b076626646d3f52c3b49c39ad6d], UserHandle{0}(icon: Icon(typ=BITMAP size=58x72) -> Icon(typ=BITMAP size=58x72))]: TSI.rPA@AAY
09-19 16:45:37.656  1301  1453 I Telecom : : Sending phone-account registered intent as user: TSI.rPA@AAY
09-19 16:45:37.656  1389  1389 E BluetoothPbap: Could not bind to Bluetooth Pbap Service with Intent { act=android.bluetooth.IBluetoothPbap }
09-19 16:45:37.656  1389  1389 D LocalBluetoothProfileManager: LocalBluetoothProfileManager construction complete
09-19 16:45:37.673  1389  1389 I CameraManagerGlobal: Connecting to camera service
09-19 16:45:37.674  1116  1116 I CameraService: getCameraCharacteristics: Switching to HAL1 shim implementation...
09-19 16:45:37.675  1116  1116 D Camera_Factory: CameraFactory::get_camera_info
09-19 16:45:37.675  1116  1116 D Camera_Factory: CameraFactory::getCameraInfo: id = 0, info = 0xcffff458
09-19 16:45:37.675  1116  1116 D Camera_Factory: CameraFactory::getCameraNum: 2
09-19 16:45:37.675  1116  1116 D CameraHardware: CameraHardware::getCameraInfo
09-19 16:45:37.675  1116  1116 I CameraService: CameraService::connect call (PID -1 "cameraserver", camera ID 0) for HAL version default and Camera API version 1
09-19 16:45:37.675  1116  1116 E CameraService: getCameraPriorityFromProcState: Received invalid process state -1 from ActivityManagerService!
09-19 16:45:37.675  1116  1116 D Camera_Factory: CameraFactory::get_number_of_cameras
09-19 16:45:37.675  1116  1116 D Camera_Factory: CameraFactory::getCameraNum: 2
09-19 16:45:37.675  1116  1116 D Camera_Factory: CameraFactory::get_camera_info
09-19 16:45:37.675  1116  1116 D Camera_Factory: CameraFactory::getCameraInfo: id = 0, info = 0xcffff138
09-19 16:45:37.675  1116  1116 D Camera_Factory: CameraFactory::getCameraNum: 2
09-19 16:45:37.675  1116  1116 D CameraHardware: CameraHardware::getCameraInfo
09-19 16:45:37.684  1123  1658 E WVMExtractor: Failed to open libwvm.so: dlopen failed: library "libwvm.so" not found
09-19 16:45:37.693  1123  1657 D NuPlayerDriver: notifyListener_l(0xc7d26b40), (1, 0, 0), loop setting(0, 0)
09-19 16:45:37.704  1123  1659 D NuPlayerDriver: notifyListener_l(0xc7d26ae0), (1, 0, 0), loop setting(0, 0)
09-19 16:45:37.710  1123  1661 D NuPlayerDriver: notifyListener_l(0xc7d26cc0), (1, 0, 0), loop setting(0, 0)
09-19 16:45:37.711  1116  1116 I CameraFlashlight: Opening camera 0
09-19 16:45:37.711  1116  1116 D Camera_Factory: CameraFactory::get_camera_info
09-19 16:45:37.711  1116  1116 D Camera_Factory: CameraFactory::getCameraInfo: id = 0, info = 0xcffff0a8
09-19 16:45:37.711  1116  1116 D Camera_Factory: CameraFactory::getCameraNum: 2
09-19 16:45:37.711  1116  1116 D CameraHardware: CameraHardware::getCameraInfo
09-19 16:45:37.711  1116  1116 D Camera_Factory: CameraFactory::device_open: name = 0
09-19 16:45:37.711  1116  1116 D Camera_Factory: CameraFactory::cameraDeviceOpen: id = 0
09-19 16:45:37.711  1116  1116 D Camera_Factory: CameraFactory::getCameraNum: 2
09-19 16:45:37.711  1116  1116 D CameraHardware: CameraHardware::connectCamera
09-19 16:45:37.711  1116  1116 D CameraHardware: CameraHardware::setCallbacks
09-19 16:45:37.711  1116  1116 D CameraHardware: CameraHardware::enableMsgType: 3085
09-19 16:45:37.711  1116  1116 D CameraHardware: CameraHardware::getParameters
09-19 16:45:37.711  1116  1116 D CameraHardware: CameraHardware::putParameters
09-19 16:45:37.711  1116  1116 D CameraHardware: CameraHardware::disableMsgType: 65535
09-19 16:45:37.711  1116  1116 D CameraHardware: CameraHardware::stopPreview
09-19 16:45:37.711  1116  1116 D CameraHardware: CameraHardware::stopPreviewLocked
09-19 16:45:37.711  1116  1116 D CameraHardware: CameraHardware::stopPreviewLocked: OK
09-19 16:45:37.711  1116  1116 D CameraHardware: CameraHardware::cancelPicture
09-19 16:45:37.711  1116  1116 D CameraHardware: CameraHardware::releaseCamera
09-19 16:45:37.711  1116  1116 I CameraFlashlight: Destroying camera 0
09-19 16:45:37.711  1116  1116 D CameraHardware: CameraHardware::closeCamera
09-19 16:45:37.711  1116  1116 D CameraHardware: CameraHardware::releaseCamera
09-19 16:45:37.711  1116  1116 D Camera_Factory: CameraFactory::get_number_of_cameras
09-19 16:45:37.711  1116  1116 D Camera_Factory: CameraFactory::getCameraNum: 2
09-19 16:45:37.711  1116  1116 I CameraService: disconnect: Disconnected client for camera 0 for PID 1116
09-19 16:45:37.711  1123  1139 D NuPlayerDriver: reset(0xc7d26b40) at state 4
09-19 16:45:37.711  1123  1139 D NuPlayerDriver: notifyListener_l(0xc7d26b40), (8, 0, 0), loop setting(0, 0)
09-19 16:45:37.712  1123  1657 W AMessage: failed to post message as target looper for handler 0 is gone.
09-19 16:45:37.712  1123  1657 D NuPlayerDriver: notifyResetComplete(0xc7d26b40)
09-19 16:45:37.712  1123  1123 D NuPlayerDriver: reset(0xc7d26ae0) at state 4
09-19 16:45:37.712  1123  1123 D NuPlayerDriver: notifyListener_l(0xc7d26ae0), (8, 0, 0), loop setting(0, 0)
09-19 16:45:37.712  1123  1659 W AMessage: failed to post message as target looper for handler 0 is gone.
09-19 16:45:37.712  1123  1659 D NuPlayerDriver: notifyResetComplete(0xc7d26ae0)
09-19 16:45:37.712  1123  1139 D NuPlayerDriver: reset(0xc7d26cc0) at state 4
09-19 16:45:37.712  1123  1139 D NuPlayerDriver: notifyListener_l(0xc7d26cc0), (8, 0, 0), loop setting(0, 0)
09-19 16:45:37.712  1123  1661 W AMessage: failed to post message as target looper for handler 0 is gone.
09-19 16:45:37.712  1123  1661 D NuPlayerDriver: notifyResetComplete(0xc7d26cc0)
09-19 16:45:37.713  1116  1610 I CameraService: getCameraCharacteristics: Switching to HAL1 shim implementation...
09-19 16:45:37.713  1116  1610 D Camera_Factory: CameraFactory::get_camera_info
09-19 16:45:37.713  1116  1610 D Camera_Factory: CameraFactory::getCameraInfo: id = 1, info = 0xc5d82188
09-19 16:45:37.713  1116  1610 D Camera_Factory: CameraFactory::getCameraNum: 2
09-19 16:45:37.713  1116  1610 D CameraHardware: CameraHardware::getCameraInfo
09-19 16:45:37.713  1116  1610 I CameraService: CameraService::connect call (PID -1 "cameraserver", camera ID 1) for HAL version default and Camera API version 1
09-19 16:45:37.713  1116  1610 E CameraService: getCameraPriorityFromProcState: Received invalid process state -1 from ActivityManagerService!
09-19 16:45:37.713  1116  1610 D Camera_Factory: CameraFactory::get_number_of_cameras
09-19 16:45:37.713  1116  1610 D Camera_Factory: CameraFactory::getCameraNum: 2
09-19 16:45:37.713  1116  1610 D Camera_Factory: CameraFactory::get_camera_info
09-19 16:45:37.713  1116  1610 D Camera_Factory: CameraFactory::getCameraInfo: id = 1, info = 0xc5d81e68
09-19 16:45:37.713  1116  1610 D Camera_Factory: CameraFactory::getCameraNum: 2
09-19 16:45:37.713  1116  1610 D CameraHardware: CameraHardware::getCameraInfo
09-19 16:45:37.718  1123  1663 D NuPlayerDriver: notifyListener_l(0xc7d27200), (1, 0, 0), loop setting(0, 0)
09-19 16:45:37.725  1123  1665 D NuPlayerDriver: notifyListener_l(0xc7d26e40), (1, 0, 0), loop setting(0, 0)
09-19 16:45:37.730  1123  1667 D NuPlayerDriver: notifyListener_l(0xc7d26cc0), (1, 0, 0), loop setting(0, 0)
09-19 16:45:37.731  1116  1610 I CameraFlashlight: Opening camera 1
09-19 16:45:37.731  1116  1610 D Camera_Factory: CameraFactory::get_camera_info
09-19 16:45:37.731  1116  1610 D Camera_Factory: CameraFactory::getCameraInfo: id = 1, info = 0xc5d81dd8
09-19 16:45:37.731  1116  1610 D Camera_Factory: CameraFactory::getCameraNum: 2
09-19 16:45:37.731  1116  1610 D CameraHardware: CameraHardware::getCameraInfo
09-19 16:45:37.731  1116  1610 D Camera_Factory: CameraFactory::device_open: name = 1
09-19 16:45:37.731  1116  1610 D Camera_Factory: CameraFactory::cameraDeviceOpen: id = 1
09-19 16:45:37.731  1116  1610 D Camera_Factory: CameraFactory::getCameraNum: 2
09-19 16:45:37.731  1116  1610 D CameraHardware: CameraHardware::connectCamera
09-19 16:45:37.731  1116  1610 D CameraHardware: CameraHardware::setCallbacks
09-19 16:45:37.731  1116  1610 D CameraHardware: CameraHardware::enableMsgType: 3085
09-19 16:45:37.731  1116  1610 D CameraHardware: CameraHardware::getParameters
09-19 16:45:37.731  1116  1610 D CameraHardware: CameraHardware::putParameters
09-19 16:45:37.731  1116  1610 D CameraHardware: CameraHardware::disableMsgType: 65535
09-19 16:45:37.731  1116  1610 D CameraHardware: CameraHardware::stopPreview
09-19 16:45:37.731  1116  1610 D CameraHardware: CameraHardware::stopPreviewLocked
09-19 16:45:37.731  1116  1610 D CameraHardware: CameraHardware::stopPreviewLocked: OK
09-19 16:45:37.731  1116  1610 D CameraHardware: CameraHardware::cancelPicture
09-19 16:45:37.731  1116  1610 D CameraHardware: CameraHardware::releaseCamera
09-19 16:45:37.731  1116  1610 I CameraFlashlight: Destroying camera 1
09-19 16:45:37.731  1116  1610 D CameraHardware: CameraHardware::closeCamera
09-19 16:45:37.731  1116  1610 D CameraHardware: CameraHardware::releaseCamera
09-19 16:45:37.731  1116  1610 D Camera_Factory: CameraFactory::get_number_of_cameras
09-19 16:45:37.731  1116  1610 D Camera_Factory: CameraFactory::getCameraNum: 2
09-19 16:45:37.731  1116  1610 I CameraService: disconnect: Disconnected client for camera 1 for PID 1116
09-19 16:45:37.731  1123  1139 D NuPlayerDriver: reset(0xc7d27200) at state 4
09-19 16:45:37.731  1123  1139 D NuPlayerDriver: notifyListener_l(0xc7d27200), (8, 0, 0), loop setting(0, 0)
09-19 16:45:37.731  1123  1663 W AMessage: failed to post message as target looper for handler 0 is gone.
09-19 16:45:37.731  1123  1663 D NuPlayerDriver: notifyResetComplete(0xc7d27200)
09-19 16:45:37.732  1123  1444 D NuPlayerDriver: reset(0xc7d26e40) at state 4
09-19 16:45:37.732  1123  1444 D NuPlayerDriver: notifyListener_l(0xc7d26e40), (8, 0, 0), loop setting(0, 0)
09-19 16:45:37.732  1123  1665 W AMessage: failed to post message as target looper for handler 0 is gone.
09-19 16:45:37.732  1123  1665 D NuPlayerDriver: notifyResetComplete(0xc7d26e40)
09-19 16:45:37.732  1123  1139 D NuPlayerDriver: reset(0xc7d26cc0) at state 4
09-19 16:45:37.732  1123  1139 D NuPlayerDriver: notifyListener_l(0xc7d26cc0), (8, 0, 0), loop setting(0, 0)
09-19 16:45:37.732  1123  1667 W AMessage: failed to post message as target looper for handler 0 is gone.
09-19 16:45:37.732  1123  1667 D NuPlayerDriver: notifyResetComplete(0xc7d26cc0)
09-19 16:45:37.733  1116  1656 D Camera_Factory: CameraFactory::get_camera_info
09-19 16:45:37.733  1116  1656 D Camera_Factory: CameraFactory::getCameraInfo: id = 0, info = 0xc5c3f338
09-19 16:45:37.733  1116  1656 D Camera_Factory: CameraFactory::getCameraNum: 2
09-19 16:45:37.733  1116  1656 D CameraHardware: CameraHardware::getCameraInfo
09-19 16:45:37.733  1116  1610 D Camera_Factory: CameraFactory::get_camera_info
09-19 16:45:37.733  1116  1610 D Camera_Factory: CameraFactory::getCameraInfo: id = 0, info = 0xc5d82398
09-19 16:45:37.733  1116  1610 D Camera_Factory: CameraFactory::getCameraNum: 2
09-19 16:45:37.733  1116  1610 D CameraHardware: CameraHardware::getCameraInfo
09-19 16:45:37.736  1116  1116 D Camera_Factory: CameraFactory::get_camera_info
09-19 16:45:37.736  1116  1116 D Camera_Factory: CameraFactory::getCameraInfo: id = 1, info = 0xcffff608
09-19 16:45:37.736  1116  1116 D Camera_Factory: CameraFactory::getCameraNum: 2
09-19 16:45:37.736  1116  1116 D CameraHardware: CameraHardware::getCameraInfo
09-19 16:45:37.736  1116  1656 D Camera_Factory: CameraFactory::get_camera_info
09-19 16:45:37.736  1116  1656 D Camera_Factory: CameraFactory::getCameraInfo: id = 1, info = 0xc5c3f398
09-19 16:45:37.736  1116  1656 D Camera_Factory: CameraFactory::getCameraNum: 2
09-19 16:45:37.736  1116  1656 D CameraHardware: CameraHardware::getCameraInfo
09-19 16:45:37.737  1389  1389 I StatusBar: isKeyguardShowing() called before startKeyguard(), returning true
09-19 16:45:37.738  1389  1389 W StatusBar: isKeyguardSecure() called before startKeyguard(), returning false
09-19 16:45:37.738  1389  1389 W StatusBar: java.lang.Throwable
09-19 16:45:37.738  1389  1389 W StatusBar: 	at com.android.systemui.statusbar.BaseStatusBar.isKeyguardSecure(BaseStatusBar.java:2663)
09-19 16:45:37.738  1389  1389 W StatusBar: 	at com.android.systemui.statusbar.BaseStatusBar.isCameraAllowedByAdmin(BaseStatusBar.java:2686)
09-19 16:45:37.738  1389  1389 W StatusBar: 	at com.android.systemui.statusbar.phone.KeyguardBottomAreaView.updateCameraVisibility(KeyguardBottomAreaView.java:309)
09-19 16:45:37.738  1389  1389 W StatusBar: 	at com.android.systemui.statusbar.phone.KeyguardBottomAreaView.setPhoneStatusBar(KeyguardBottomAreaView.java:272)
09-19 16:45:37.738  1389  1389 W StatusBar: 	at com.android.systemui.statusbar.phone.PhoneStatusBar.makeStatusBarView(PhoneStatusBar.java:909)
09-19 16:45:37.738  1389  1389 W StatusBar: 	at com.android.systemui.statusbar.phone.PhoneStatusBar.addStatusBarWindow(PhoneStatusBar.java:3467)
09-19 16:45:37.738  1389  1389 W StatusBar: 	at com.android.systemui.statusbar.phone.PhoneStatusBar.createAndAddWindows(PhoneStatusBar.java:3463)
09-19 16:45:37.738  1389  1389 W StatusBar: 	at com.android.systemui.statusbar.BaseStatusBar.start(BaseStatusBar.java:770)
09-19 16:45:37.738  1389  1389 W StatusBar: 	at com.android.systemui.statusbar.phone.PhoneStatusBar.start(PhoneStatusBar.java:687)
09-19 16:45:37.738  1389  1389 W StatusBar: 	at com.android.systemui.statusbar.SystemBars.createStatusBarFromConfig(SystemBars.java:106)
09-19 16:45:37.738  1389  1389 W StatusBar: 	at com.android.systemui.statusbar.SystemBars.onNoService(SystemBars.java:58)
09-19 16:45:37.738  1389  1389 W StatusBar: 	at com.android.systemui.statusbar.ServiceMonitor.startService(ServiceMonitor.java:230)
09-19 16:45:37.738  1389  1389 W StatusBar: 	at com.android.systemui.statusbar.ServiceMonitor.-wrap5(ServiceMonitor.java)
09-19 16:45:37.738  1389  1389 W StatusBar: 	at com.android.systemui.statusbar.ServiceMonitor$1.handleMessage(ServiceMonitor.java:73)
09-19 16:45:37.738  1389  1389 W StatusBar: 	at android.os.Handler.dispatchMessage(Handler.java:102)
09-19 16:45:37.738  1389  1389 W StatusBar: 	at android.os.Looper.loop(Looper.java:154)
09-19 16:45:37.738  1389  1389 W StatusBar: 	at android.app.ActivityThread.main(ActivityThread.java:6190)
09-19 16:45:37.738  1389  1389 W StatusBar: 	at java.lang.reflect.Method.invoke(Native Method)
09-19 16:45:37.738  1389  1389 W StatusBar: 	at com.android.internal.os.ZygoteInit$MethodAndArgsCaller.run(ZygoteInit.java:892)
09-19 16:45:37.738  1389  1389 W StatusBar: 	at com.android.internal.os.ZygoteInit.main(ZygoteInit.java:782)
09-19 16:45:37.739  1389  1389 I StatusBar: isKeyguardShowing() called before startKeyguard(), returning true
09-19 16:45:37.739  1389  1389 W StatusBar: isKeyguardSecure() called before startKeyguard(), returning false
09-19 16:45:37.739  1389  1389 W StatusBar: java.lang.Throwable
09-19 16:45:37.739  1389  1389 W StatusBar: 	at com.android.systemui.statusbar.BaseStatusBar.isKeyguardSecure(BaseStatusBar.java:2663)
09-19 16:45:37.739  1389  1389 W StatusBar: 	at com.android.systemui.statusbar.BaseStatusBar.isCameraAllowedByAdmin(BaseStatusBar.java:2686)
09-19 16:45:37.739  1389  1389 W StatusBar: 	at com.android.systemui.statusbar.phone.KeyguardBottomAreaView.updateCameraVisibility(KeyguardBottomAreaView.java:309)
09-19 16:45:37.739  1389  1389 W StatusBar: 	at com.android.systemui.statusbar.phone.KeyguardBottomAreaView.setUserSetupComplete(KeyguardBottomAreaView.java:281)
09-19 16:45:37.739  1389  1389 W StatusBar: 	at com.android.systemui.statusbar.phone.PhoneStatusBar.makeStatusBarView(PhoneStatusBar.java:910)
09-19 16:45:37.739  1389  1389 W StatusBar: 	at com.android.systemui.statusbar.phone.PhoneStatusBar.addStatusBarWindow(PhoneStatusBar.java:3467)
09-19 16:45:37.739  1389  1389 W StatusBar: 	at com.android.systemui.statusbar.phone.PhoneStatusBar.createAndAddWindows(PhoneStatusBar.java:3463)
