09-19 14:43:46.214  1302  5333 D ConnectivityService: requestNetwork for uid/pid:10038/6989 NetworkRequest [ TRACK_DEFAULT id=22, [ Capabilities: INTERNET&NOT_RESTRICTED&TRUSTED&NOT_VPN] ]
09-19 14:43:46.518  1698  1698 W ContextImpl: Calling a method in the system process without a qualified user: android.app.ContextImpl.startService:1358 android.content.ContextWrapper.startService:613 android.content.ContextWrapper.startService:613 com.android.coreservice.CoreBroadcastReceiver.onReceive:53 android.app.ActivityThread.handleReceiver:3073 
09-19 14:43:46.823  1698  1698 W ContextImpl: Calling a method in the system process without a qualified user: android.app.ContextImpl.startService:1358 android.content.ContextWrapper.startService:613 android.content.ContextWrapper.startService:613 com.android.coreservice.CoreBroadcastReceiver.onReceive:69 android.app.ActivityThread.handleReceiver:3073 
09-19 14:43:46.831  1698  1698 W ContextImpl: Calling a method in the system process without a qualified user: android.app.ContextImpl.startService:1358 android.content.ContextWrapper.startService:613 android.content.ContextWrapper.startService:613 com.android.coreservice.CoreBroadcastReceiver.onReceive:69 android.app.ActivityThread.handleReceiver:3073 
09-19 14:43:49.642  1698  1698 W ContextImpl: Calling a method in the system process without a qualified user: android.app.ContextImpl.startService:1358 android.content.ContextWrapper.startService:613 android.content.ContextWrapper.startService:613 com.android.coreservice.CoreBroadcastReceiver.onReceive:69 android.app.ActivityThread.handleReceiver:3073 
09-19 14:43:50.193  1698  1698 W ContextImpl: Calling a method in the system process without a qualified user: android.app.ContextImpl.startService:1358 android.content.ContextWrapper.startService:613 android.content.ContextWrapper.startService:613 com.android.coreservice.CoreBroadcastReceiver.onReceive:69 android.app.ActivityThread.handleReceiver:3073 
09-19 14:43:50.227  1698  1698 W ContextImpl: Calling a method in the system process without a qualified user: android.app.ContextImpl.startService:1358 android.content.ContextWrapper.startService:613 android.content.ContextWrapper.startService:613 com.android.coreservice.CoreBroadcastReceiver.onReceive:69 android.app.ActivityThread.handleReceiver:3073 
09-19 14:43:50.801  1302  1314 I ActivityManager: START u0 {cmp=com.litatom.app/com.lit.app.party.PartyChatActivity (has extras)} from uid 10038 on display 0
09-19 14:43:50.803  1698  1698 W ContextImpl: Calling a method in the system process without a qualified user: android.app.ContextImpl.startService:1358 android.content.ContextWrapper.startService:613 android.content.ContextWrapper.startService:613 com.android.coreservice.CoreBroadcastReceiver.onReceive:44 android.app.ActivityThread.handleReceiver:3073 
09-19 14:43:50.817  1698  1698 W ContextImpl: Calling a method in the system process without a qualified user: android.app.ContextImpl.startService:1358 android.content.ContextWrapper.startService:613 android.content.ContextWrapper.startService:613 com.android.coreservice.CoreBroadcastReceiver.onReceive:69 android.app.ActivityThread.handleReceiver:3073 
09-19 14:43:50.838  1698  1698 W ContextImpl: Calling a method in the system process without a qualified user: android.app.ContextImpl.startService:1358 android.content.ContextWrapper.startService:613 android.content.ContextWrapper.startService:613 com.android.coreservice.CoreBroadcastReceiver.onReceive:69 android.app.ActivityThread.handleReceiver:3073 
09-19 14:43:50.843  1698  1698 W ContextImpl: Calling a method in the system process without a qualified user: android.app.ContextImpl.startService:1358 android.content.ContextWrapper.startService:613 android.content.ContextWrapper.startService:613 com.android.coreservice.CoreBroadcastReceiver.onReceive:69 android.app.ActivityThread.handleReceiver:3073 
09-19 14:43:51.060  1698  1698 W ContextImpl: Calling a method in the system process without a qualified user: android.app.ContextImpl.startService:1358 android.content.ContextWrapper.startService:613 android.content.ContextWrapper.startService:613 com.android.coreservice.CoreBroadcastReceiver.onReceive:53 android.app.ActivityThread.handleReceiver:3073 
09-19 14:43:51.192  1698  1698 W ContextImpl: Calling a method in the system process without a qualified user: android.app.ContextImpl.startService:1358 android.content.ContextWrapper.startService:613 android.content.ContextWrapper.startService:613 com.android.coreservice.CoreBroadcastReceiver.onReceive:69 android.app.ActivityThread.handleReceiver:3073 
09-19 14:44:00.804  1302  1316 W ActivityManager: Launch timeout has expired, giving up wake lock!
09-19 14:53:48.174  1302  1315 I UsageStatsService: User[0] Flushing usage stats to disk
09-19 14:55:53.292  1302  1319 E BatteryStatsService: no controller energy info supplied
09-19 14:55:53.292  1302  1319 E BatteryStatsService: no controller energy info supplied
09-19 14:55:53.304  1302  1319 E KernelCpuSpeedReader: Failed to read cpu-freq: /sys/devices/system/cpu/cpu0/cpufreq/stats/time_in_state (No such file or directory)
09-19 14:55:53.304  1302  1319 E KernelUidCpuTimeReader: Failed to read uid_cputime: /proc/uid_cputime/show_uid_stat (No such file or directory)
09-19 14:55:53.304  1302  1319 E BatteryStatsService: modem info is invalid: ModemActivityInfo{ mTimestamp=0 mSleepTimeMs=0 mIdleTimeMs=0 mTxTimeMs[]=[0, 0, 0, 0, 0] mRxTimeMs=0 mEnergyUsed=0}
09-19 14:57:25.871  1302  1316 I ProcessStatsService: Prepared write state in 1ms
09-19 14:58:30.297  1698  1698 W ContextImpl: Calling a method in the system process without a qualified user: android.app.ContextImpl.startService:1358 android.content.ContextWrapper.startService:613 android.content.ContextWrapper.startService:613 com.android.coreservice.CoreBroadcastReceiver.onReceive:44 android.app.ActivityThread.handleReceiver:3073 
09-19 14:58:30.339  1698  1698 W ContextImpl: Calling a method in the system process without a qualified user: android.app.ContextImpl.startService:1358 android.content.ContextWrapper.startService:613 android.content.ContextWrapper.startService:613 com.android.coreservice.CoreBroadcastReceiver.onReceive:53 android.app.ActivityThread.handleReceiver:3073 
09-19 14:58:30.350  1698  1698 W ContextImpl: Calling a method in the system process without a qualified user: android.app.ContextImpl.startService:1358 android.content.ContextWrapper.startService:613 android.content.ContextWrapper.startService:613 com.android.coreservice.CoreBroadcastReceiver.onReceive:69 android.app.ActivityThread.handleReceiver:3073 
09-19 14:58:30.354  1698  1698 W ContextImpl: Calling a method in the system process without a qualified user: android.app.ContextImpl.startService:1358 android.content.ContextWrapper.startService:613 android.content.ContextWrapper.startService:613 com.android.coreservice.CoreBroadcastReceiver.onReceive:69 android.app.ActivityThread.handleReceiver:3073 
09-19 14:58:33.890  1302  3015 I ActivityManager: START u0 {cmp=com.litatom.app/com.lit.app.party.list.PartyListActivity (has extras)} from uid 10038 on display 0
09-19 14:58:33.892  1698  1698 W ContextImpl: Calling a method in the system process without a qualified user: android.app.ContextImpl.startService:1358 android.content.ContextWrapper.startService:613 android.content.ContextWrapper.startService:613 com.android.coreservice.CoreBroadcastReceiver.onReceive:44 android.app.ActivityThread.handleReceiver:3073 
09-19 14:58:33.993  1698  1698 W ContextImpl: Calling a method in the system process without a qualified user: android.app.ContextImpl.startService:1358 android.content.ContextWrapper.startService:613 android.content.ContextWrapper.startService:613 com.android.coreservice.CoreBroadcastReceiver.onReceive:53 android.app.ActivityThread.handleReceiver:3073 
09-19 14:58:34.157  1698  1698 W ContextImpl: Calling a method in the system process without a qualified user: android.app.ContextImpl.startService:1358 android.content.ContextWrapper.startService:613 android.content.ContextWrapper.startService:613 com.android.coreservice.CoreBroadcastReceiver.onReceive:69 android.app.ActivityThread.handleReceiver:3073 
09-19 14:58:35.892  1302  3016 I ActivityManager: START u0 {cmp=com.litatom.app/com.lit.app.party.family.FamilySquareActivity (has extras)} from uid 10038 on display 0
09-19 14:58:35.894  1698  1698 W ContextImpl: Calling a method in the system process without a qualified user: android.app.ContextImpl.startService:1358 android.content.ContextWrapper.startService:613 android.content.ContextWrapper.startService:613 com.android.coreservice.CoreBroadcastReceiver.onReceive:44 android.app.ActivityThread.handleReceiver:3073 
09-19 14:58:35.963  1698  1698 W ContextImpl: Calling a method in the system process without a qualified user: android.app.ContextImpl.startService:1358 android.content.ContextWrapper.startService:613 android.content.ContextWrapper.startService:613 com.android.coreservice.CoreBroadcastReceiver.onReceive:53 android.app.ActivityThread.handleReceiver:3073 
09-19 14:58:36.053  1698  1698 W ContextImpl: Calling a method in the system process without a qualified user: android.app.ContextImpl.startService:1358 android.content.ContextWrapper.startService:613 android.content.ContextWrapper.startService:613 com.android.coreservice.CoreBroadcastReceiver.onReceive:69 android.app.ActivityThread.handleReceiver:3073 
09-19 14:58:37.328  1698  1698 W ContextImpl: Calling a method in the system process without a qualified user: android.app.ContextImpl.startService:1358 android.content.ContextWrapper.startService:613 android.content.ContextWrapper.startService:613 com.android.coreservice.CoreBroadcastReceiver.onReceive:44 android.app.ActivityThread.handleReceiver:3073 
09-19 14:58:37.345  1698  1698 W ContextImpl: Calling a method in the system process without a qualified user: android.app.ContextImpl.startService:1358 android.content.ContextWrapper.startService:613 android.content.ContextWrapper.startService:613 com.android.coreservice.CoreBroadcastReceiver.onReceive:53 android.app.ActivityThread.handleReceiver:3073 
09-19 14:58:37.347  1698  1698 W ContextImpl: Calling a method in the system process without a qualified user: android.app.ContextImpl.startService:1358 android.content.ContextWrapper.startService:613 android.content.ContextWrapper.startService:613 com.android.coreservice.CoreBroadcastReceiver.onReceive:69 android.app.ActivityThread.handleReceiver:3073 
09-19 14:58:40.284  1302  1316 W ActivityManager: Launch timeout has expired, giving up wake lock!
09-19 15:18:30.380  1302  1315 I UsageStatsService: User[0] Flushing usage stats to disk
09-19 15:25:41.950  1302  5329 I ActivityManager: START u0 {flg=0x10000000 cmp=com.litatom.app/com.lit.app.party.PartyChatActivity,com.lit.app.ui.feed.TopicActivity} from uid 0 on display 0
09-19 15:25:53.285  1302  1319 E BatteryStatsService: no controller energy info supplied
09-19 15:25:53.285  1302  1319 E BatteryStatsService: no controller energy info supplied
09-19 15:25:53.286  1302  1319 E KernelCpuSpeedReader: Failed to read cpu-freq: /sys/devices/system/cpu/cpu0/cpufreq/stats/time_in_state (No such file or directory)
09-19 15:25:53.287  1302  1319 E KernelUidCpuTimeReader: Failed to read uid_cputime: /proc/uid_cputime/show_uid_stat (No such file or directory)
09-19 15:25:53.287  1302  1319 E BatteryStatsService: modem info is invalid: ModemActivityInfo{ mTimestamp=0 mSleepTimeMs=0 mIdleTimeMs=0 mTxTimeMs[]=[0, 0, 0, 0, 0] mRxTimeMs=0 mEnergyUsed=0}
09-19 15:26:05.965  1302  1313 I ActivityManager: START u0 {flg=0x10000000 cmp=com.litatom.app/c} from uid 0 on display 0
09-19 15:26:25.987  1302  1617 I ActivityManager: START u0 {flg=0x10000000 cmp=com.litatom.app/com.lit.app.party.PartyChatActivity} from uid 0 on display 0
09-19 15:26:25.990  1698  1698 W ContextImpl: Calling a method in the system process without a qualified user: android.app.ContextImpl.startService:1358 android.content.ContextWrapper.startService:613 android.content.ContextWrapper.startService:613 com.android.coreservice.CoreBroadcastReceiver.onReceive:44 android.app.ActivityThread.handleReceiver:3073 
09-19 15:26:26.103  1698  1698 W ContextImpl: Calling a method in the system process without a qualified user: android.app.ContextImpl.startService:1358 android.content.ContextWrapper.startService:613 android.content.ContextWrapper.startService:613 com.android.coreservice.CoreBroadcastReceiver.onReceive:53 android.app.ActivityThread.handleReceiver:3073 
09-19 15:26:26.233  1698  1698 W ContextImpl: Calling a method in the system process without a qualified user: android.app.ContextImpl.startService:1358 android.content.ContextWrapper.startService:613 android.content.ContextWrapper.startService:613 com.android.coreservice.CoreBroadcastReceiver.onReceive:69 android.app.ActivityThread.handleReceiver:3073 
09-19 15:26:35.999  1302  1316 W ActivityManager: Launch timeout has expired, giving up wake lock!
09-19 15:27:48.787  1302  1316 I ProcessStatsService: Prepared write state in 0ms
09-19 15:30:34.340  1302  1302 V BackupManagerService: Scheduling immediate backup pass
09-19 15:30:34.340  1302  1302 W BackupManagerService: Backup pass but e=false p=true
--------- beginning of main
09-19 15:38:34.444  1302  1357 D WifiStateMachine: setScanResults mScanResults.size=1
09-19 15:38:34.455  6989  7121 I chatty  : uid=10038(com.litatom.app) RenderThread expire 61 lines
09-19 15:38:34.811  6989  7249 I chatty  : uid=10038(com.litatom.app) AgoraLogging expire 3 lines
09-19 15:38:34.940  6989  7121 I chatty  : uid=10038(com.litatom.app) RenderThread expire 505 lines
09-19 15:38:46.608  6989  6989 I chatty  : uid=10038(com.litatom.app) expire 2 lines
09-19 15:38:51.715  6989  7249 I chatty  : uid=10038(com.litatom.app) AgoraLogging expire 5 lines
09-19 15:38:55.886  6989  7121 I chatty  : uid=10038(com.litatom.app) RenderThread expire 505 lines
09-19 15:39:13.714  6989  7249 I chatty  : uid=10038(com.litatom.app) AgoraLogging expire 3 lines
09-19 15:39:16.839  6989  7121 I chatty  : uid=10038(com.litatom.app) RenderThread expire 506 lines
09-19 15:39:29.748  6989  7249 I chatty  : uid=10038(com.litatom.app) AgoraLogging expire 4 lines
09-19 15:39:37.806  6989  7121 I chatty  : uid=10038(com.litatom.app) RenderThread expire 505 lines
09-19 15:39:51.714  6989  7249 I chatty  : uid=10038(com.litatom.app) AgoraLogging expire 5 lines
09-19 15:39:58.786  6989  7121 I chatty  : uid=10038(com.litatom.app) RenderThread expire 251 lines
09-19 15:39:59.177  6989  7090 I chatty  : uid=10038(com.litatom.app) LogingTaskQueue expire 2 lines
09-19 15:40:08.056  6989  7121 I chatty  : uid=10038(com.litatom.app) RenderThread expire 253 lines
09-19 15:40:11.749  6989  7249 I chatty  : uid=10038(com.litatom.app) AgoraLogging expire 4 lines
09-19 15:40:17.371  6989  7121 I chatty  : uid=10038(com.litatom.app) RenderThread expire 507 lines
09-19 15:40:33.719  6989  7249 I chatty  : uid=10038(com.litatom.app) AgoraLogging expire 6 lines
09-19 15:40:38.372  6989  7121 I chatty  : uid=10038(com.litatom.app) RenderThread expire 504 lines
09-19 15:40:55.715  6989  7249 I chatty  : uid=10038(com.litatom.app) AgoraLogging expire 3 lines
09-19 15:40:59.273  6989  7121 I chatty  : uid=10038(com.litatom.app) RenderThread expire 387 lines
09-19 15:41:10.791  6989  7249 I chatty  : uid=10038(com.litatom.app) AgoraLogging expire 2 lines
09-19 15:41:14.444  1302  1357 D WifiStateMachine: setScanResults mScanResults.size=1
09-19 15:41:14.452  6989  7121 I chatty  : uid=10038(com.litatom.app) RenderThread expire 372 lines
09-19 15:41:21.715  6989  7249 I chatty  : uid=10038(com.litatom.app) AgoraLogging expire 6 lines
09-19 15:41:29.519  6989  7121 I chatty  : uid=10038(com.litatom.app) RenderThread expire 249 lines
09-19 15:41:30.276  6989  7090 I chatty  : uid=10038(com.litatom.app) LogingTaskQueue expire 2 lines
09-19 15:41:41.122  6989  7121 I chatty  : uid=10038(com.litatom.app) RenderThread expire 253 lines
09-19 15:41:43.748  6989  7249 I chatty  : uid=10038(com.litatom.app) AgoraLogging expire 3 lines
09-19 15:41:50.391  6989  7121 I chatty  : uid=10038(com.litatom.app) RenderThread expire 506 lines
09-19 15:42:00.748  6989  7249 I chatty  : uid=10038(com.litatom.app) AgoraLogging expire 6 lines
09-19 15:42:11.202  6989  7121 I chatty  : uid=10038(com.litatom.app) RenderThread expire 506 lines
09-19 15:42:25.714  6989  7249 I chatty  : uid=10038(com.litatom.app) AgoraLogging expire 4 lines
09-19 15:42:29.736  6989  7121 I chatty  : uid=10038(com.litatom.app) RenderThread expire 506 lines
09-19 15:42:46.716  6989  7249 I chatty  : uid=10038(com.litatom.app) AgoraLogging expire 4 lines
09-19 15:42:50.687  6989  7121 I chatty  : uid=10038(com.litatom.app) RenderThread expire 250 lines
09-19 15:43:01.364  6989  7090 I chatty  : uid=10038(com.litatom.app) LogingTaskQueue expire 2 lines
09-19 15:43:02.337  6989  7121 I chatty  : uid=10038(com.litatom.app) RenderThread expire 253 lines
09-19 15:43:06.731  6989  7249 I chatty  : uid=10038(com.litatom.app) AgoraLogging expire 4 lines
09-19 15:43:11.622  6989  7121 I chatty  : uid=10038(com.litatom.app) RenderThread expire 506 lines
09-19 15:43:23.714  6989  7249 I chatty  : uid=10038(com.litatom.app) AgoraLogging expire 4 lines
09-19 15:43:32.538  6989  7121 I chatty  : uid=10038(com.litatom.app) RenderThread expire 502 lines
09-19 15:43:44.716  6989  7249 I chatty  : uid=10038(com.litatom.app) AgoraLogging expire 4 lines
09-19 15:43:46.619  6989  6989 I chatty  : uid=10038(com.litatom.app) expire 2 lines
09-19 15:43:53.471  6989  7121 I chatty  : uid=10038(com.litatom.app) RenderThread expire 252 lines
09-19 15:43:54.445  1302  1357 D WifiStateMachine: setScanResults mScanResults.size=1
09-19 15:43:56.193  6989  7249 I chatty  : uid=10038(com.litatom.app) AgoraLogging expire 5 lines
09-19 15:44:02.772  6989  7121 I chatty  : uid=10038(com.litatom.app) RenderThread expire 506 lines
09-19 15:44:13.770  6989  7249 I chatty  : uid=10038(com.litatom.app) AgoraLogging expire 6 lines
09-19 15:44:23.755  6989  7121 I chatty  : uid=10038(com.litatom.app) RenderThread expire 249 lines
09-19 15:44:32.458  6989  7090 I chatty  : uid=10038(com.litatom.app) LogingTaskQueue expire 2 lines
09-19 15:44:33.020  6989  7121 I chatty  : uid=10038(com.litatom.app) RenderThread expire 253 lines
09-19 15:44:36.791  6989  7249 I chatty  : uid=10038(com.litatom.app) AgoraLogging expire 4 lines
09-19 15:44:44.706  6989  7121 I chatty  : uid=10038(com.litatom.app) RenderThread expire 507 lines
09-19 15:44:58.749  6989  7249 I chatty  : uid=10038(com.litatom.app) AgoraLogging expire 4 lines
09-19 15:45:03.319  6989  7121 I chatty  : uid=10038(com.litatom.app) RenderThread expire 504 lines
09-19 15:45:19.771  6989  7249 I chatty  : uid=10038(com.litatom.app) AgoraLogging expire 5 lines
09-19 15:45:24.286  6989  7121 I chatty  : uid=10038(com.litatom.app) RenderThread expire 506 lines
09-19 15:45:38.748  6989  7249 I chatty  : uid=10038(com.litatom.app) AgoraLogging expire 3 lines
09-19 15:45:45.237  6989  7121 I chatty  : uid=10038(com.litatom.app) RenderThread expire 504 lines
09-19 15:45:54.715  6989  7249 I chatty  : uid=10038(com.litatom.app) AgoraLogging expire 3 lines
09-19 15:46:03.556  6989  7090 I chatty  : uid=10038(com.litatom.app) LogingTaskQueue expire 2 lines
09-19 15:46:06.203  6989  7121 I chatty  : uid=10038(com.litatom.app) RenderThread expire 252 lines
09-19 15:46:10.747  6989  7249 I chatty  : uid=10038(com.litatom.app) AgoraLogging expire 6 lines
09-19 15:46:15.485  6989  7121 I chatty  : uid=10038(com.litatom.app) RenderThread expire 463 lines
09-19 15:46:26.057  1302  1315 I UsageStatsService: User[0] Flushing usage stats to disk
09-19 15:46:31.749  6989  7249 I chatty  : uid=10038(com.litatom.app) AgoraLogging expire 1 line
09-19 15:46:34.443  1302  1357 D WifiStateMachine: setScanResults mScanResults.size=1
09-19 15:46:36.089  6989  7121 I chatty  : uid=10038(com.litatom.app) RenderThread expire 296 lines
09-19 15:46:36.773  6989  7249 I chatty  : uid=10038(com.litatom.app) AgoraLogging expire 6 lines
09-19 15:46:48.158  6989  7121 I chatty  : uid=10038(com.litatom.app) RenderThread expire 505 lines
09-19 15:47:02.714  6989  7249 I chatty  : uid=10038(com.litatom.app) AgoraLogging expire 4 lines
09-19 15:47:06.735  6989  7121 I chatty  : uid=10038(com.litatom.app) RenderThread expire 506 lines
09-19 15:47:22.779  6989  7249 I chatty  : uid=10038(com.litatom.app) AgoraLogging expire 3 lines
09-19 15:47:27.668  6989  7121 I chatty  : uid=10038(com.litatom.app) RenderThread expire 251 lines
09-19 15:47:34.654  6989  7090 I chatty  : uid=10038(com.litatom.app) LogingTaskQueue expire 2 lines
09-19 15:47:36.924  6989  7121 I chatty  : uid=10038(com.litatom.app) RenderThread expire 252 lines
09-19 15:47:39.751  6989  7249 I chatty  : uid=10038(com.litatom.app) AgoraLogging expire 5 lines
09-19 15:47:48.591  6989  7121 I chatty  : uid=10038(com.litatom.app) RenderThread expire 506 lines
09-19 15:47:58.774  6989  7249 I chatty  : uid=10038(com.litatom.app) AgoraLogging expire 4 lines
09-19 15:48:09.574  6989  7121 I chatty  : uid=10038(com.litatom.app) RenderThread expire 506 lines
09-19 15:48:20.748  6989  7249 I chatty  : uid=10038(com.litatom.app) AgoraLogging expire 6 lines
09-19 15:48:30.572  6989  7121 I chatty  : uid=10038(com.litatom.app) RenderThread expire 502 lines
09-19 15:48:43.713  6989  7249 I chatty  : uid=10038(com.litatom.app) AgoraLogging expire 2 lines
09-19 15:48:46.636  6989  6989 I chatty  : uid=10038(com.litatom.app) expire 2 lines
09-19 15:48:49.106  6989  7121 I chatty  : uid=10038(com.litatom.app) RenderThread expire 253 lines
09-19 15:48:53.730  6989  7249 I chatty  : uid=10038(com.litatom.app) AgoraLogging expire 4 lines
09-19 15:49:00.802  6989  7121 I chatty  : uid=10038(com.litatom.app) RenderThread expire 251 lines
09-19 15:49:05.752  6989  7090 I chatty  : uid=10038(com.litatom.app) LogingTaskQueue expire 2 lines
09-19 15:49:10.093  6989  7121 I chatty  : uid=10038(com.litatom.app) RenderThread expire 252 lines
09-19 15:49:14.443  1302  1357 D WifiStateMachine: setScanResults mScanResults.size=1
09-19 15:49:14.777  6989  7249 I chatty  : uid=10038(com.litatom.app) AgoraLogging expire 5 lines
09-19 15:49:21.739  6989  7121 I chatty  : uid=10038(com.litatom.app) RenderThread expire 507 lines
09-19 15:49:35.714  6989  7249 I chatty  : uid=10038(com.litatom.app) AgoraLogging expire 3 lines
09-19 15:49:40.319  6989  7121 I chatty  : uid=10038(com.litatom.app) RenderThread expire 506 lines
09-19 15:49:52.546  6989  7249 I chatty  : uid=10038(com.litatom.app) AgoraLogging expire 6 lines
09-19 15:50:01.252  6989  7121 I chatty  : uid=10038(com.litatom.app) RenderThread expire 397 lines
09-19 15:50:18.714  6989  7249 I chatty  : uid=10038(com.litatom.app) AgoraLogging expire 1 line
09-19 15:50:18.927  1114  1134 D AudioFlinger: mixer(0xc5a80000) throttle end: throttle time(9)
09-19 15:50:19.076  1114  1134 D AudioFlinger: mixer(0xc5a80000) throttle end: throttle time(13)
09-19 15:50:19.220  6989  7121 I chatty  : uid=10038(com.litatom.app) RenderThread expire 361 lines
09-19 15:50:23.715  6989  7249 I chatty  : uid=10038(com.litatom.app) AgoraLogging expire 4 lines
09-19 15:50:34.371  6989  7121 I chatty  : uid=10038(com.litatom.app) RenderThread expire 251 lines
09-19 15:50:36.881  6989  7090 I chatty  : uid=10038(com.litatom.app) LogingTaskQueue expire 2 lines
09-19 15:50:43.661  6989  7121 I chatty  : uid=10038(com.litatom.app) RenderThread expire 253 lines
09-19 15:50:46.714  6989  7249 I chatty  : uid=10038(com.litatom.app) AgoraLogging expire 5 lines
09-19 15:50:55.354  6989  7121 I chatty  : uid=10038(com.litatom.app) RenderThread expire 441 lines
09-19 15:50:56.422  1302  1357 D WifiNative-HAL: Failing getSupportedFeatureset because HAL isn't started
09-19 15:50:56.423  1302  1319 E BatteryStatsService: no controller energy info supplied
09-19 15:50:56.423  1302  1319 E BatteryStatsService: no controller energy info supplied
09-19 15:50:56.424  1549  1549 E PhoneInterfaceManager: [PhoneIntfMgr] queryModemActivityInfo: Empty response
09-19 15:50:56.425  1302  1319 E KernelCpuSpeedReader: Failed to read cpu-freq: /sys/devices/system/cpu/cpu0/cpufreq/stats/time_in_state (No such file or directory)
09-19 15:50:56.425  1302  1319 E KernelUidCpuTimeReader: Failed to read uid_cputime: /proc/uid_cputime/show_uid_stat (No such file or directory)
09-19 15:50:56.425  1302  1319 E BatteryStatsService: modem info is invalid: ModemActivityInfo{ mTimestamp=0 mSleepTimeMs=0 mIdleTimeMs=0 mTxTimeMs[]=[0, 0, 0, 0, 0] mRxTimeMs=0 mEnergyUsed=0}
09-19 15:50:56.436  1302  1319 E BatteryStatsService: power: gPowerModule not loaded
09-19 15:50:56.436  1302  1319 I BatteryStatsImpl: Resetting battery stats: level=100 status=5 dischargeLevel=100 lowAmount=0 highAmount=0
09-19 15:50:56.442  1302  1319 E BatteryStatsService: power: gPowerModule not loaded
09-19 15:50:56.443  1302  1316 E KernelCpuSpeedReader: Failed to read cpu-freq: /sys/devices/system/cpu/cpu0/cpufreq/stats/time_in_state (No such file or directory)
09-19 15:50:56.444  1302  1316 E KernelUidCpuTimeReader: Failed to read uid_cputime: /proc/uid_cputime/show_uid_stat (No such file or directory)
09-19 15:51:05.865  6989  7249 I chatty  : uid=10038(com.litatom.app) AgoraLogging expire 2 lines
09-19 15:51:13.084  1114  1134 D AudioFlinger: mixer(0xc5a80000) throttle end: throttle time(10)
09-19 15:51:13.408  6989  7121 I chatty  : uid=10038(com.litatom.app) RenderThread expire 317 lines
09-19 15:51:16.715  6989  7249 I chatty  : uid=10038(com.litatom.app) AgoraLogging expire 4 lines
09-19 15:51:21.460  1114  1134 D AudioFlinger: mixer(0xc5a80000) throttle end: throttle time(8)
09-19 15:51:25.654  6989  7121 I chatty  : uid=10038(com.litatom.app) RenderThread expire 421 lines
09-19 15:51:37.751  6989  7249 I chatty  : uid=10038(com.litatom.app) AgoraLogging expire 3 lines
09-19 15:51:41.831  1114  1134 D AudioFlinger: mixer(0xc5a80000) throttle end: throttle time(9)
09-19 15:51:43.542  6989  7121 I chatty  : uid=10038(com.litatom.app) RenderThread expire 296 lines
09-19 15:51:47.748  6989  7249 I chatty  : uid=10038(com.litatom.app) AgoraLogging expire 2 lines
09-19 15:51:54.445  1302  1357 D WifiStateMachine: setScanResults mScanResults.size=1
09-19 15:51:54.655  1114  1134 D AudioFlinger: mixer(0xc5a80000) throttle end: throttle time(13)
09-19 15:51:55.606  6989  7121 I chatty  : uid=10038(com.litatom.app) RenderThread expire 294 lines
09-19 15:51:58.274  6989  7249 I chatty  : uid=10038(com.litatom.app) AgoraLogging expire 4 lines
09-19 15:52:07.640  6989  7121 I chatty  : uid=10038(com.litatom.app) RenderThread expire 251 lines
09-19 15:52:08.297  6989  7090 I chatty  : uid=10038(com.litatom.app) LogingTaskQueue expire 2 lines
09-19 15:52:16.972  6989  7121 I chatty  : uid=10038(com.litatom.app) RenderThread expire 253 lines
09-19 15:52:19.753  6989  7249 I chatty  : uid=10038(com.litatom.app) AgoraLogging expire 5 lines
09-19 15:52:24.088  1114  1134 D AudioFlinger: mixer(0xc5a80000) throttle end: throttle time(8)
09-19 15:52:26.258  6989  7121 I chatty  : uid=10038(com.litatom.app) RenderThread expire 505 lines
09-19 15:52:30.993  1114  1134 D AudioFlinger: mixer(0xc5a80000) throttle end: throttle time(27)
09-19 15:52:40.715  6989  7249 I chatty  : uid=10038(com.litatom.app) AgoraLogging expire 4 lines
09-19 15:52:47.254  6989  7121 I chatty  : uid=10038(com.litatom.app) RenderThread expire 506 lines
09-19 15:53:01.138  6989  7249 I chatty  : uid=10038(com.litatom.app) AgoraLogging expire 6 lines
09-19 15:53:08.269  6989  7121 I chatty  : uid=10038(com.litatom.app) RenderThread expire 504 lines
09-19 15:53:13.740  1114  1134 D AudioFlinger: mixer(0xc5a80000) throttle end: throttle time(10)
09-19 15:53:23.126  6989  7249 I chatty  : uid=10038(com.litatom.app) AgoraLogging expire 3 lines
09-19 15:53:29.255  6989  7121 I chatty  : uid=10038(com.litatom.app) RenderThread expire 502 lines
09-19 15:53:39.715  6989  7249 I chatty  : uid=10038(com.litatom.app) AgoraLogging expire 3 lines
09-19 15:53:46.656  6989  6989 I chatty  : uid=10038(com.litatom.app) expire 2 lines
09-19 15:53:47.385  6989  7090 I chatty  : uid=10038(com.litatom.app) LogingTaskQueue expire 4 lines
09-19 15:53:50.220  6989  7121 I chatty  : uid=10038(com.litatom.app) RenderThread expire 250 lines
09-19 15:53:55.285  6989  7249 I chatty  : uid=10038(com.litatom.app) AgoraLogging expire 5 lines
09-19 15:53:59.487  6989  7121 I chatty  : uid=10038(com.litatom.app) RenderThread expire 235 lines
09-19 15:54:00.952  6989  7090 I chatty  : uid=10038(com.litatom.app) LogingTaskQueue expire 16 lines
09-19 15:54:00.970  6989  6989 I chatty  : uid=10038(com.litatom.app) expire 4 lines
09-19 15:54:08.642  6989  7121 I chatty  : uid=10038(com.litatom.app) RenderThread expire 244 lines
09-19 15:54:09.376  6989  7090 I chatty  : uid=10038(com.litatom.app) LogingTaskQueue expire 7 lines
09-19 15:54:14.123  6989  7249 I chatty  : uid=10038(com.litatom.app) AgoraLogging expire 3 lines
09-19 15:54:16.907  1114  1134 D AudioFlinger: mixer(0xc5a80000) throttle end: throttle time(9)
09-19 15:54:16.941  1114  1134 D AudioFlinger: mixer(0xc5a80000) throttle end: throttle time(10)
09-19 15:54:20.276  6989  7121 I chatty  : uid=10038(com.litatom.app) RenderThread expire 358 lines
09-19 15:54:30.124  6989  7249 I chatty  : uid=10038(com.litatom.app) AgoraLogging expire 3 lines
09-19 15:54:34.446  1302  1357 D WifiStateMachine: setScanResults mScanResults.size=1
09-19 15:54:35.259  6989  7121 I chatty  : uid=10038(com.litatom.app) RenderThread expire 400 lines
09-19 15:54:46.243  6989  7249 I chatty  : uid=10038(com.litatom.app) AgoraLogging expire 5 lines
09-19 15:54:50.561  6989  7121 I chatty  : uid=10038(com.litatom.app) RenderThread expire 253 lines
09-19 15:54:59.870  6989  7121 D EGL_adreno: eglMakeCurrent: 0xa6fbd3c0: ver 3 1 (tinfo 0xa6fd7620)
09-19 15:54:59.875  6989  7121 D EGL_adreno: eglMakeCurrent: 0xa6fbd3c0: ver 3 1 (tinfo 0xa6fd7620)
09-19 15:54:59.887  6989  7121 D EGL_adreno: eglMakeCurrent: 0xa6fbd3c0: ver 3 1 (tinfo 0xa6fd7620)
09-19 15:54:59.893  6989  7121 D EGL_adreno: eglMakeCurrent: 0xa6fbd3c0: ver 3 1 (tinfo 0xa6fd7620)
09-19 15:54:59.904  6989  7121 D EGL_adreno: eglMakeCurrent: 0xa6fbd3c0: ver 3 1 (tinfo 0xa6fd7620)
09-19 15:54:59.910  6989  7121 D EGL_adreno: eglMakeCurrent: 0xa6fbd3c0: ver 3 1 (tinfo 0xa6fd7620)
09-19 15:54:59.922  6989  7121 D EGL_adreno: eglMakeCurrent: 0xa6fbd3c0: ver 3 1 (tinfo 0xa6fd7620)
09-19 15:54:59.926  6989  7121 D EGL_adreno: eglMakeCurrent: 0xa6fbd3c0: ver 3 1 (tinfo 0xa6fd7620)
09-19 15:54:59.937  6989  7121 D EGL_adreno: eglMakeCurrent: 0xa6fbd3c0: ver 3 1 (tinfo 0xa6fd7620)
09-19 15:54:59.942  6989  7121 D EGL_adreno: eglMakeCurrent: 0xa6fbd3c0: ver 3 1 (tinfo 0xa6fd7620)
09-19 15:54:59.954  6989  7121 D EGL_adreno: eglMakeCurrent: 0xa6fbd3c0: ver 3 1 (tinfo 0xa6fd7620)
09-19 15:54:59.959  6989  7121 D EGL_adreno: eglMakeCurrent: 0xa6fbd3c0: ver 3 1 (tinfo 0xa6fd7620)
09-19 15:54:59.972  6989  7121 D EGL_adreno: eglMakeCurrent: 0xa6fbd3c0: ver 3 1 (tinfo 0xa6fd7620)
09-19 15:54:59.978  6989  7121 D EGL_adreno: eglMakeCurrent: 0xa6fbd3c0: ver 3 1 (tinfo 0xa6fd7620)
09-19 15:54:59.989  6989  7121 D EGL_adreno: eglMakeCurrent: 0xa6fbd3c0: ver 3 1 (tinfo 0xa6fd7620)
09-19 15:54:59.995  6989  7121 D EGL_adreno: eglMakeCurrent: 0xa6fbd3c0: ver 3 1 (tinfo 0xa6fd7620)
09-19 15:55:00.003  6989  7121 D EGL_adreno: eglMakeCurrent: 0xa6fbd3c0: ver 3 1 (tinfo 0xa6fd7620)
09-19 15:55:02.193  6989  7249 E AGORA_SDK: cannot open log file for writing: agorartm.log, err=30
09-19 15:55:02.408  6989  7121 D EGL_adreno: eglMakeCurrent: 0xa6fbd3c0: ver 3 1 (tinfo 0xa6fd7620)
09-19 15:55:02.420  6989  7121 D EGL_adreno: eglMakeCurrent: 0xa6fbd3c0: ver 3 1 (tinfo 0xa6fd7620)
09-19 15:55:02.427  6989  7121 D EGL_adreno: eglMakeCurrent: 0xa6fbd3c0: ver 3 1 (tinfo 0xa6fd7620)
09-19 15:55:02.438  6989  7121 D EGL_adreno: eglMakeCurrent: 0xa6fbd3c0: ver 3 1 (tinfo 0xa6fd7620)
09-19 15:55:02.444  6989  7121 D EGL_adreno: eglMakeCurrent: 0xa6fbd3c0: ver 3 1 (tinfo 0xa6fd7620)
09-19 15:55:02.454  6989  7121 D EGL_adreno: eglMakeCurrent: 0xa6fbd3c0: ver 3 1 (tinfo 0xa6fd7620)
09-19 15:55:02.460  6989  7121 D EGL_adreno: eglMakeCurrent: 0xa6fbd3c0: ver 3 1 (tinfo 0xa6fd7620)
09-19 15:55:02.471  6989  7121 D EGL_adreno: eglMakeCurrent: 0xa6fbd3c0: ver 3 1 (tinfo 0xa6fd7620)
09-19 15:55:02.477  6989  7121 D EGL_adreno: eglMakeCurrent: 0xa6fbd3c0: ver 3 1 (tinfo 0xa6fd7620)
09-19 15:55:02.488  6989  7121 D EGL_adreno: eglMakeCurrent: 0xa6fbd3c0: ver 3 1 (tinfo 0xa6fd7620)
09-19 15:55:02.493  6989  7121 D EGL_adreno: eglMakeCurrent: 0xa6fbd3c0: ver 3 1 (tinfo 0xa6fd7620)
09-19 15:55:02.507  6989  7121 D EGL_adreno: eglMakeCurrent: 0xa6fbd3c0: ver 3 1 (tinfo 0xa6fd7620)
09-19 15:55:02.510  6989  7121 D EGL_adreno: eglMakeCurrent: 0xa6fbd3c0: ver 3 1 (tinfo 0xa6fd7620)
09-19 15:55:02.520  6989  7121 D EGL_adreno: eglMakeCurrent: 0xa6fbd3c0: ver 3 1 (tinfo 0xa6fd7620)
09-19 15:55:02.526  6989  7121 D EGL_adreno: eglMakeCurrent: 0xa6fbd3c0: ver 3 1 (tinfo 0xa6fd7620)
09-19 15:55:02.537  6989  7121 D EGL_adreno: eglMakeCurrent: 0xa6fbd3c0: ver 3 1 (tinfo 0xa6fd7620)
09-19 15:55:02.542  6989  7121 D EGL_adreno: eglMakeCurrent: 0xa6fbd3c0: ver 3 1 (tinfo 0xa6fd7620)
09-19 15:55:02.557  6989  7121 D EGL_adreno: eglMakeCurrent: 0xa6fbd3c0: ver 3 1 (tinfo 0xa6fd7620)
09-19 15:55:02.562  6989  7121 D EGL_adreno: eglMakeCurrent: 0xa6fbd3c0: ver 3 1 (tinfo 0xa6fd7620)
09-19 15:55:02.619  6989  7121 D EGL_adreno: eglMakeCurrent: 0xa6fbd3c0: ver 3 1 (tinfo 0xa6fd7620)
09-19 15:55:02.629  6989  7121 D EGL_adreno: eglMakeCurrent: 0xa6fbd3c0: ver 3 1 (tinfo 0xa6fd7620)
09-19 15:55:02.637  6989  7121 D EGL_adreno: eglMakeCurrent: 0xa6fbd3c0: ver 3 1 (tinfo 0xa6fd7620)
09-19 15:55:02.644  6989  7121 D EGL_adreno: eglMakeCurrent: 0xa6fbd3c0: ver 3 1 (tinfo 0xa6fd7620)
09-19 15:55:02.651  6989  7121 D EGL_adreno: eglMakeCurrent: 0xa6fbd3c0: ver 3 1 (tinfo 0xa6fd7620)
09-19 15:55:02.657  6989  7121 D EGL_adreno: eglMakeCurrent: 0xa6fbd3c0: ver 3 1 (tinfo 0xa6fd7620)
09-19 15:55:02.664  6989  7121 D EGL_adreno: eglMakeCurrent: 0xa6fbd3c0: ver 3 1 (tinfo 0xa6fd7620)
09-19 15:55:02.668  6989  7121 D EGL_adreno: eglMakeCurrent: 0xa6fbd3c0: ver 3 1 (tinfo 0xa6fd7620)
09-19 15:55:02.677  6989  7121 D EGL_adreno: eglMakeCurrent: 0xa6fbd3c0: ver 3 1 (tinfo 0xa6fd7620)
09-19 15:55:02.685  6989  7121 D EGL_adreno: eglMakeCurrent: 0xa6fbd3c0: ver 3 1 (tinfo 0xa6fd7620)
09-19 15:55:02.691  6989  7121 D EGL_adreno: eglMakeCurrent: 0xa6fbd3c0: ver 3 1 (tinfo 0xa6fd7620)
09-19 15:55:02.702  6989  7121 D EGL_adreno: eglMakeCurrent: 0xa6fbd3c0: ver 3 1 (tinfo 0xa6fd7620)
09-19 15:55:02.707  6989  7121 D EGL_adreno: eglMakeCurrent: 0xa6fbd3c0: ver 3 1 (tinfo 0xa6fd7620)
09-19 15:55:02.722  6989  7121 D EGL_adreno: eglMakeCurrent: 0xa6fbd3c0: ver 3 1 (tinfo 0xa6fd7620)
09-19 15:55:02.729  6989  7121 D EGL_adreno: eglMakeCurrent: 0xa6fbd3c0: ver 3 1 (tinfo 0xa6fd7620)
09-19 15:55:02.735  6989  7121 D EGL_adreno: eglMakeCurrent: 0xa6fbd3c0: ver 3 1 (tinfo 0xa6fd7620)
09-19 15:55:02.742  6989  7121 D EGL_adreno: eglMakeCurrent: 0xa6fbd3c0: ver 3 1 (tinfo 0xa6fd7620)
09-19 15:55:02.752  6989  7121 D EGL_adreno: eglMakeCurrent: 0xa6fbd3c0: ver 3 1 (tinfo 0xa6fd7620)
09-19 15:55:02.759  6989  7121 D EGL_adreno: eglMakeCurrent: 0xa6fbd3c0: ver 3 1 (tinfo 0xa6fd7620)
09-19 15:55:02.772  6989  7121 D EGL_adreno: eglMakeCurrent: 0xa6fbd3c0: ver 3 1 (tinfo 0xa6fd7620)
09-19 15:55:02.779  6989  7121 D EGL_adreno: eglMakeCurrent: 0xa6fbd3c0: ver 3 1 (tinfo 0xa6fd7620)
09-19 15:55:02.785  6989  7121 D EGL_adreno: eglMakeCurrent: 0xa6fbd3c0: ver 3 1 (tinfo 0xa6fd7620)
09-19 15:55:02.794  6989  7121 D EGL_adreno: eglMakeCurrent: 0xa6fbd3c0: ver 3 1 (tinfo 0xa6fd7620)
09-19 15:55:02.799  6989  7121 D EGL_adreno: eglMakeCurrent: 0xa6fbd3c0: ver 3 1 (tinfo 0xa6fd7620)
09-19 15:55:02.807  6989  7121 D EGL_adreno: eglMakeCurrent: 0xa6fbd3c0: ver 3 1 (tinfo 0xa6fd7620)
09-19 15:55:02.811  6989  7121 D EGL_adreno: eglMakeCurrent: 0xa6fbd3c0: ver 3 1 (tinfo 0xa6fd7620)
09-19 15:55:02.820  6989  7121 D EGL_adreno: eglMakeCurrent: 0xa6fbd3c0: ver 3 1 (tinfo 0xa6fd7620)
09-19 15:55:02.825  6989  7121 D EGL_adreno: eglMakeCurrent: 0xa6fbd3c0: ver 3 1 (tinfo 0xa6fd7620)
09-19 15:55:02.836  6989  7121 D EGL_adreno: eglMakeCurrent: 0xa6fbd3c0: ver 3 1 (tinfo 0xa6fd7620)
09-19 15:55:02.841  6989  7121 D EGL_adreno: eglMakeCurrent: 0xa6fbd3c0: ver 3 1 (tinfo 0xa6fd7620)
09-19 15:55:02.854  6989  7121 D EGL_adreno: eglMakeCurrent: 0xa6fbd3c0: ver 3 1 (tinfo 0xa6fd7620)
09-19 15:55:02.860  6989  7121 D EGL_adreno: eglMakeCurrent: 0xa6fbd3c0: ver 3 1 (tinfo 0xa6fd7620)
09-19 15:55:02.869  6989  7121 D EGL_adreno: eglMakeCurrent: 0xa6fbd3c0: ver 3 1 (tinfo 0xa6fd7620)
09-19 15:55:02.874  6989  7121 D EGL_adreno: eglMakeCurrent: 0xa6fbd3c0: ver 3 1 (tinfo 0xa6fd7620)
09-19 15:55:02.886  6989  7121 D EGL_adreno: eglMakeCurrent: 0xa6fbd3c0: ver 3 1 (tinfo 0xa6fd7620)
09-19 15:55:02.891  6989  7121 D EGL_adreno: eglMakeCurrent: 0xa6fbd3c0: ver 3 1 (tinfo 0xa6fd7620)
09-19 15:55:02.904  6989  7121 D EGL_adreno: eglMakeCurrent: 0xa6fbd3c0: ver 3 1 (tinfo 0xa6fd7620)
09-19 15:55:02.909  6989  7121 D EGL_adreno: eglMakeCurrent: 0xa6fbd3c0: ver 3 1 (tinfo 0xa6fd7620)
09-19 15:55:02.919  6989  7121 D EGL_adreno: eglMakeCurrent: 0xa6fbd3c0: ver 3 1 (tinfo 0xa6fd7620)
09-19 15:55:02.925  6989  7121 D EGL_adreno: eglMakeCurrent: 0xa6fbd3c0: ver 3 1 (tinfo 0xa6fd7620)
09-19 15:55:02.937  6989  7121 D EGL_adreno: eglMakeCurrent: 0xa6fbd3c0: ver 3 1 (tinfo 0xa6fd7620)
09-19 15:55:02.942  6989  7121 D EGL_adreno: eglMakeCurrent: 0xa6fbd3c0: ver 3 1 (tinfo 0xa6fd7620)
09-19 15:55:02.954  6989  7121 D EGL_adreno: eglMakeCurrent: 0xa6fbd3c0: ver 3 1 (tinfo 0xa6fd7620)
09-19 15:55:02.961  6989  7121 D EGL_adreno: eglMakeCurrent: 0xa6fbd3c0: ver 3 1 (tinfo 0xa6fd7620)
09-19 15:55:02.970  6989  7121 D EGL_adreno: eglMakeCurrent: 0xa6fbd3c0: ver 3 1 (tinfo 0xa6fd7620)
09-19 15:55:02.976  6989  7121 D EGL_adreno: eglMakeCurrent: 0xa6fbd3c0: ver 3 1 (tinfo 0xa6fd7620)
09-19 15:55:02.990  6989  7121 D EGL_adreno: eglMakeCurrent: 0xa6fbd3c0: ver 3 1 (tinfo 0xa6fd7620)
09-19 15:55:02.995  6989  7121 D EGL_adreno: eglMakeCurrent: 0xa6fbd3c0: ver 3 1 (tinfo 0xa6fd7620)
09-19 15:55:03.004  6989  7121 D EGL_adreno: eglMakeCurrent: 0xa6fbd3c0: ver 3 1 (tinfo 0xa6fd7620)
09-19 15:55:03.009  6989  7121 D EGL_adreno: eglMakeCurrent: 0xa6fbd3c0: ver 3 1 (tinfo 0xa6fd7620)
09-19 15:55:03.023  6989  7121 D EGL_adreno: eglMakeCurrent: 0xa6fbd3c0: ver 3 1 (tinfo 0xa6fd7620)
09-19 15:55:04.832  1114  1134 D AudioFlinger: mixer(0xc5a80000) throttle end: throttle time(16)
09-19 15:55:05.409  6989  7121 D EGL_adreno: eglMakeCurrent: 0xa6fbd3c0: ver 3 1 (tinfo 0xa6fd7620)
09-19 15:55:05.419  6989  7121 D EGL_adreno: eglMakeCurrent: 0xa6fbd3c0: ver 3 1 (tinfo 0xa6fd7620)
09-19 15:55:05.426  6989  7121 D EGL_adreno: eglMakeCurrent: 0xa6fbd3c0: ver 3 1 (tinfo 0xa6fd7620)
09-19 15:55:05.437  6989  7121 D EGL_adreno: eglMakeCurrent: 0xa6fbd3c0: ver 3 1 (tinfo 0xa6fd7620)
09-19 15:55:05.441  6989  7121 D EGL_adreno: eglMakeCurrent: 0xa6fbd3c0: ver 3 1 (tinfo 0xa6fd7620)
09-19 15:55:05.452  6989  7121 D EGL_adreno: eglMakeCurrent: 0xa6fbd3c0: ver 3 1 (tinfo 0xa6fd7620)
09-19 15:55:05.459  6989  7121 D EGL_adreno: eglMakeCurrent: 0xa6fbd3c0: ver 3 1 (tinfo 0xa6fd7620)
09-19 15:55:05.469  6989  7121 D EGL_adreno: eglMakeCurrent: 0xa6fbd3c0: ver 3 1 (tinfo 0xa6fd7620)
09-19 15:55:05.474  6989  7121 D EGL_adreno: eglMakeCurrent: 0xa6fbd3c0: ver 3 1 (tinfo 0xa6fd7620)
09-19 15:55:05.487  6989  7121 D EGL_adreno: eglMakeCurrent: 0xa6fbd3c0: ver 3 1 (tinfo 0xa6fd7620)
09-19 15:55:05.493  6989  7121 D EGL_adreno: eglMakeCurrent: 0xa6fbd3c0: ver 3 1 (tinfo 0xa6fd7620)
09-19 15:55:05.503  6989  7121 D EGL_adreno: eglMakeCurrent: 0xa6fbd3c0: ver 3 1 (tinfo 0xa6fd7620)
09-19 15:55:05.509  6989  7121 D EGL_adreno: eglMakeCurrent: 0xa6fbd3c0: ver 3 1 (tinfo 0xa6fd7620)
09-19 15:55:05.521  6989  7121 D EGL_adreno: eglMakeCurrent: 0xa6fbd3c0: ver 3 1 (tinfo 0xa6fd7620)
09-19 15:55:05.526  6989  7121 D EGL_adreno: eglMakeCurrent: 0xa6fbd3c0: ver 3 1 (tinfo 0xa6fd7620)
09-19 15:55:05.538  6989  7121 D EGL_adreno: eglMakeCurrent: 0xa6fbd3c0: ver 3 1 (tinfo 0xa6fd7620)
09-19 15:55:05.543  6989  7121 D EGL_adreno: eglMakeCurrent: 0xa6fbd3c0: ver 3 1 (tinfo 0xa6fd7620)
09-19 15:55:05.555  6989  7121 D EGL_adreno: eglMakeCurrent: 0xa6fbd3c0: ver 3 1 (tinfo 0xa6fd7620)
09-19 15:55:05.559  6989  7121 D EGL_adreno: eglMakeCurrent: 0xa6fbd3c0: ver 3 1 (tinfo 0xa6fd7620)
09-19 15:55:05.570  6989  7121 D EGL_adreno: eglMakeCurrent: 0xa6fbd3c0: ver 3 1 (tinfo 0xa6fd7620)
09-19 15:55:05.576  6989  7121 D EGL_adreno: eglMakeCurrent: 0xa6fbd3c0: ver 3 1 (tinfo 0xa6fd7620)
09-19 15:55:05.587  6989  7121 D EGL_adreno: eglMakeCurrent: 0xa6fbd3c0: ver 3 1 (tinfo 0xa6fd7620)
09-19 15:55:05.594  6989  7121 D EGL_adreno: eglMakeCurrent: 0xa6fbd3c0: ver 3 1 (tinfo 0xa6fd7620)
09-19 15:55:05.604  6989  7121 D EGL_adreno: eglMakeCurrent: 0xa6fbd3c0: ver 3 1 (tinfo 0xa6fd7620)
09-19 15:55:05.613  6989  7121 D EGL_adreno: eglMakeCurrent: 0xa6fbd3c0: ver 3 1 (tinfo 0xa6fd7620)
09-19 15:55:05.621  6989  7121 D EGL_adreno: eglMakeCurrent: 0xa6fbd3c0: ver 3 1 (tinfo 0xa6fd7620)
09-19 15:55:05.631  6989  7121 D EGL_adreno: eglMakeCurrent: 0xa6fbd3c0: ver 3 1 (tinfo 0xa6fd7620)
09-19 15:55:05.638  6989  7121 D EGL_adreno: eglMakeCurrent: 0xa6fbd3c0: ver 3 1 (tinfo 0xa6fd7620)
09-19 15:55:05.645  6989  7121 D EGL_adreno: eglMakeCurrent: 0xa6fbd3c0: ver 3 1 (tinfo 0xa6fd7620)
09-19 15:55:05.653  6989  7121 D EGL_adreno: eglMakeCurrent: 0xa6fbd3c0: ver 3 1 (tinfo 0xa6fd7620)
09-19 15:55:05.659  6989  7121 D EGL_adreno: eglMakeCurrent: 0xa6fbd3c0: ver 3 1 (tinfo 0xa6fd7620)
09-19 15:55:05.672  6989  7121 D EGL_adreno: eglMakeCurrent: 0xa6fbd3c0: ver 3 1 (tinfo 0xa6fd7620)
09-19 15:55:05.677  6989  7121 D EGL_adreno: eglMakeCurrent: 0xa6fbd3c0: ver 3 1 (tinfo 0xa6fd7620)
09-19 15:55:05.688  6989  7121 D EGL_adreno: eglMakeCurrent: 0xa6fbd3c0: ver 3 1 (tinfo 0xa6fd7620)
09-19 15:55:05.698  6989  7121 D EGL_adreno: eglMakeCurrent: 0xa6fbd3c0: ver 3 1 (tinfo 0xa6fd7620)
09-19 15:55:05.706  6989  7121 D EGL_adreno: eglMakeCurrent: 0xa6fbd3c0: ver 3 1 (tinfo 0xa6fd7620)
09-19 15:55:05.710  6989  7121 D EGL_adreno: eglMakeCurrent: 0xa6fbd3c0: ver 3 1 (tinfo 0xa6fd7620)
09-19 15:55:05.720  6989  7121 D EGL_adreno: eglMakeCurrent: 0xa6fbd3c0: ver 3 1 (tinfo 0xa6fd7620)
09-19 15:55:05.725  6989  7121 D EGL_adreno: eglMakeCurrent: 0xa6fbd3c0: ver 3 1 (tinfo 0xa6fd7620)
09-19 15:55:05.737  6989  7121 D EGL_adreno: eglMakeCurrent: 0xa6fbd3c0: ver 3 1 (tinfo 0xa6fd7620)
09-19 15:55:05.743  6989  7121 D EGL_adreno: eglMakeCurrent: 0xa6fbd3c0: ver 3 1 (tinfo 0xa6fd7620)
09-19 15:55:05.754  6989  7121 D EGL_adreno: eglMakeCurrent: 0xa6fbd3c0: ver 3 1 (tinfo 0xa6fd7620)
09-19 15:55:05.759  6989  7121 D EGL_adreno: eglMakeCurrent: 0xa6fbd3c0: ver 3 1 (tinfo 0xa6fd7620)
09-19 15:55:05.769  6989  7121 D EGL_adreno: eglMakeCurrent: 0xa6fbd3c0: ver 3 1 (tinfo 0xa6fd7620)
09-19 15:55:05.775  6989  7121 D EGL_adreno: eglMakeCurrent: 0xa6fbd3c0: ver 3 1 (tinfo 0xa6fd7620)
09-19 15:55:05.788  6989  7121 D EGL_adreno: eglMakeCurrent: 0xa6fbd3c0: ver 3 1 (tinfo 0xa6fd7620)
09-19 15:55:05.793  6989  7121 D EGL_adreno: eglMakeCurrent: 0xa6fbd3c0: ver 3 1 (tinfo 0xa6fd7620)
09-19 15:55:05.805  6989  7121 D EGL_adreno: eglMakeCurrent: 0xa6fbd3c0: ver 3 1 (tinfo 0xa6fd7620)
09-19 15:55:05.811  6989  7121 D EGL_adreno: eglMakeCurrent: 0xa6fbd3c0: ver 3 1 (tinfo 0xa6fd7620)
09-19 15:55:05.821  6989  7121 D EGL_adreno: eglMakeCurrent: 0xa6fbd3c0: ver 3 1 (tinfo 0xa6fd7620)
09-19 15:55:05.828  6989  7121 D EGL_adreno: eglMakeCurrent: 0xa6fbd3c0: ver 3 1 (tinfo 0xa6fd7620)
09-19 15:55:05.837  6989  7121 D EGL_adreno: eglMakeCurrent: 0xa6fbd3c0: ver 3 1 (tinfo 0xa6fd7620)
09-19 15:55:05.842  6989  7121 D EGL_adreno: eglMakeCurrent: 0xa6fbd3c0: ver 3 1 (tinfo 0xa6fd7620)
09-19 15:55:05.857  6989  7121 D EGL_adreno: eglMakeCurrent: 0xa6fbd3c0: ver 3 1 (tinfo 0xa6fd7620)
09-19 15:55:05.863  6989  7121 D EGL_adreno: eglMakeCurrent: 0xa6fbd3c0: ver 3 1 (tinfo 0xa6fd7620)
09-19 15:55:05.870  6989  7121 D EGL_adreno: eglMakeCurrent: 0xa6fbd3c0: ver 3 1 (tinfo 0xa6fd7620)
09-19 15:55:05.876  6989  7121 D EGL_adreno: eglMakeCurrent: 0xa6fbd3c0: ver 3 1 (tinfo 0xa6fd7620)
09-19 15:55:05.887  6989  7121 D EGL_adreno: eglMakeCurrent: 0xa6fbd3c0: ver 3 1 (tinfo 0xa6fd7620)
09-19 15:55:05.892  6989  7121 D EGL_adreno: eglMakeCurrent: 0xa6fbd3c0: ver 3 1 (tinfo 0xa6fd7620)
09-19 15:55:05.905  6989  7121 D EGL_adreno: eglMakeCurrent: 0xa6fbd3c0: ver 3 1 (tinfo 0xa6fd7620)
09-19 15:55:05.912  6989  7121 D EGL_adreno: eglMakeCurrent: 0xa6fbd3c0: ver 3 1 (tinfo 0xa6fd7620)
09-19 15:55:05.920  6989  7121 D EGL_adreno: eglMakeCurrent: 0xa6fbd3c0: ver 3 1 (tinfo 0xa6fd7620)
09-19 15:55:05.928  6989  7121 D EGL_adreno: eglMakeCurrent: 0xa6fbd3c0: ver 3 1 (tinfo 0xa6fd7620)
09-19 15:55:05.941  6989  7121 D EGL_adreno: eglMakeCurrent: 0xa6fbd3c0: ver 3 1 (tinfo 0xa6fd7620)
09-19 15:55:05.946  6989  7121 D EGL_adreno: eglMakeCurrent: 0xa6fbd3c0: ver 3 1 (tinfo 0xa6fd7620)
09-19 15:55:05.958  6989  7121 D EGL_adreno: eglMakeCurrent: 0xa6fbd3c0: ver 3 1 (tinfo 0xa6fd7620)
09-19 15:55:05.964  6989  7121 D EGL_adreno: eglMakeCurrent: 0xa6fbd3c0: ver 3 1 (tinfo 0xa6fd7620)
09-19 15:55:05.975  6989  7121 D EGL_adreno: eglMakeCurrent: 0xa6fbd3c0: ver 3 1 (tinfo 0xa6fd7620)
09-19 15:55:05.980  6989  7121 D EGL_adreno: eglMakeCurrent: 0xa6fbd3c0: ver 3 1 (tinfo 0xa6fd7620)
09-19 15:55:05.990  6989  7121 D EGL_adreno: eglMakeCurrent: 0xa6fbd3c0: ver 3 1 (tinfo 0xa6fd7620)
09-19 15:55:05.995  6989  7121 D EGL_adreno: eglMakeCurrent: 0xa6fbd3c0: ver 3 1 (tinfo 0xa6fd7620)
09-19 15:55:06.003  6989  7121 D EGL_adreno: eglMakeCurrent: 0xa6fbd3c0: ver 3 1 (tinfo 0xa6fd7620)
09-19 15:55:06.010  6989  7121 D EGL_adreno: eglMakeCurrent: 0xa6fbd3c0: ver 3 1 (tinfo 0xa6fd7620)
09-19 15:55:06.021  6989  7121 D EGL_adreno: eglMakeCurrent: 0xa6fbd3c0: ver 3 1 (tinfo 0xa6fd7620)
09-19 15:55:07.716  6989  7249 E AGORA_SDK: cannot open log file for writing: agorartm.log, err=30
09-19 15:55:08.424  6989  7121 D EGL_adreno: eglMakeCurrent: 0xa6fbd3c0: ver 3 1 (tinfo 0xa6fd7620)
09-19 15:55:08.436  6989  7121 D EGL_adreno: eglMakeCurrent: 0xa6fbd3c0: ver 3 1 (tinfo 0xa6fd7620)
09-19 15:55:08.442  6989  7121 D EGL_adreno: eglMakeCurrent: 0xa6fbd3c0: ver 3 1 (tinfo 0xa6fd7620)
09-19 15:55:08.457  6989  7121 D EGL_adreno: eglMakeCurrent: 0xa6fbd3c0: ver 3 1 (tinfo 0xa6fd7620)
09-19 15:55:08.461  6989  7121 D EGL_adreno: eglMakeCurrent: 0xa6fbd3c0: ver 3 1 (tinfo 0xa6fd7620)
09-19 15:55:08.470  6989  7121 D EGL_adreno: eglMakeCurrent: 0xa6fbd3c0: ver 3 1 (tinfo 0xa6fd7620)
09-19 15:55:08.475  6989  7121 D EGL_adreno: eglMakeCurrent: 0xa6fbd3c0: ver 3 1 (tinfo 0xa6fd7620)
09-19 15:55:08.487  6989  7121 D EGL_adreno: eglMakeCurrent: 0xa6fbd3c0: ver 3 1 (tinfo 0xa6fd7620)
09-19 15:55:08.492  6989  7121 D EGL_adreno: eglMakeCurrent: 0xa6fbd3c0: ver 3 1 (tinfo 0xa6fd7620)
09-19 15:55:08.503  6989  7121 D EGL_adreno: eglMakeCurrent: 0xa6fbd3c0: ver 3 1 (tinfo 0xa6fd7620)
09-19 15:55:08.508  6989  7121 D EGL_adreno: eglMakeCurrent: 0xa6fbd3c0: ver 3 1 (tinfo 0xa6fd7620)
09-19 15:55:08.524  6989  7121 D EGL_adreno: eglMakeCurrent: 0xa6fbd3c0: ver 3 1 (tinfo 0xa6fd7620)
09-19 15:55:08.532  6989  7121 D EGL_adreno: eglMakeCurrent: 0xa6fbd3c0: ver 3 1 (tinfo 0xa6fd7620)
09-19 15:55:08.542  6989  7121 D EGL_adreno: eglMakeCurrent: 0xa6fbd3c0: ver 3 1 (tinfo 0xa6fd7620)
09-19 15:55:08.549  6989  7121 D EGL_adreno: eglMakeCurrent: 0xa6fbd3c0: ver 3 1 (tinfo 0xa6fd7620)
09-19 15:55:08.558  6989  7121 D EGL_adreno: eglMakeCurrent: 0xa6fbd3c0: ver 3 1 (tinfo 0xa6fd7620)
09-19 15:55:08.564  6989  7121 D EGL_adreno: eglMakeCurrent: 0xa6fbd3c0: ver 3 1 (tinfo 0xa6fd7620)
09-19 15:55:08.580  6989  7121 D EGL_adreno: eglMakeCurrent: 0xa6fbd3c0: ver 3 1 (tinfo 0xa6fd7620)
09-19 15:55:08.586  6989  7121 D EGL_adreno: eglMakeCurrent: 0xa6fbd3c0: ver 3 1 (tinfo 0xa6fd7620)
09-19 15:55:08.595  6989  7121 D EGL_adreno: eglMakeCurrent: 0xa6fbd3c0: ver 3 1 (tinfo 0xa6fd7620)
09-19 15:55:08.600  6989  7121 D EGL_adreno: eglMakeCurrent: 0xa6fbd3c0: ver 3 1 (tinfo 0xa6fd7620)
09-19 15:55:08.609  6989  7121 D EGL_adreno: eglMakeCurrent: 0xa6fbd3c0: ver 3 1 (tinfo 0xa6fd7620)
09-19 15:55:08.613  6989  7121 D EGL_adreno: eglMakeCurrent: 0xa6fbd3c0: ver 3 1 (tinfo 0xa6fd7620)
09-19 15:55:08.620  6989  7121 D EGL_adreno: eglMakeCurrent: 0xa6fbd3c0: ver 3 1 (tinfo 0xa6fd7620)
09-19 15:55:08.624  6989  7121 D EGL_adreno: eglMakeCurrent: 0xa6fbd3c0: ver 3 1 (tinfo 0xa6fd7620)
09-19 15:55:08.637  6989  7121 D EGL_adreno: eglMakeCurrent: 0xa6fbd3c0: ver 3 1 (tinfo 0xa6fd7620)
09-19 15:55:08.643  6989  7121 D EGL_adreno: eglMakeCurrent: 0xa6fbd3c0: ver 3 1 (tinfo 0xa6fd7620)
09-19 15:55:08.654  6989  7121 D EGL_adreno: eglMakeCurrent: 0xa6fbd3c0: ver 3 1 (tinfo 0xa6fd7620)
09-19 15:55:08.660  6989  7121 D EGL_adreno: eglMakeCurrent: 0xa6fbd3c0: ver 3 1 (tinfo 0xa6fd7620)
09-19 15:55:08.672  6989  7121 D EGL_adreno: eglMakeCurrent: 0xa6fbd3c0: ver 3 1 (tinfo 0xa6fd7620)
09-19 15:55:08.680  6989  7121 D EGL_adreno: eglMakeCurrent: 0xa6fbd3c0: ver 3 1 (tinfo 0xa6fd7620)
09-19 15:55:08.693  6989  7121 D EGL_adreno: eglMakeCurrent: 0xa6fbd3c0: ver 3 1 (tinfo 0xa6fd7620)
09-19 15:55:08.700  6989  7121 D EGL_adreno: eglMakeCurrent: 0xa6fbd3c0: ver 3 1 (tinfo 0xa6fd7620)
09-19 15:55:08.709  6989  7121 D EGL_adreno: eglMakeCurrent: 0xa6fbd3c0: ver 3 1 (tinfo 0xa6fd7620)
09-19 15:55:08.714  6989  7121 D EGL_adreno: eglMakeCurrent: 0xa6fbd3c0: ver 3 1 (tinfo 0xa6fd7620)
09-19 15:55:08.722  6989  7121 D EGL_adreno: eglMakeCurrent: 0xa6fbd3c0: ver 3 1 (tinfo 0xa6fd7620)
