09-19 15:55:33.254  6989  7121 D EGL_adreno: eglMakeCurrent: 0xa6fbd3c0: ver 3 1 (tinfo 0xa6fd7620)
09-19 15:55:33.260  6989  7121 D EGL_adreno: eglMakeCurrent: 0xa6fbd3c0: ver 3 1 (tinfo 0xa6fd7620)
09-19 15:55:33.271  6989  7121 D EGL_adreno: eglMakeCurrent: 0xa6fbd3c0: ver 3 1 (tinfo 0xa6fd7620)
09-19 15:55:33.277  6989  7121 D EGL_adreno: eglMakeCurrent: 0xa6fbd3c0: ver 3 1 (tinfo 0xa6fd7620)
09-19 15:55:33.286  6989  7121 D EGL_adreno: eglMakeCurrent: 0xa6fbd3c0: ver 3 1 (tinfo 0xa6fd7620)
09-19 15:55:33.292  6989  7121 D EGL_adreno: eglMakeCurrent: 0xa6fbd3c0: ver 3 1 (tinfo 0xa6fd7620)
09-19 15:55:33.303  6989  7121 D EGL_adreno: eglMakeCurrent: 0xa6fbd3c0: ver 3 1 (tinfo 0xa6fd7620)
09-19 15:55:33.308  6989  7121 D EGL_adreno: eglMakeCurrent: 0xa6fbd3c0: ver 3 1 (tinfo 0xa6fd7620)
09-19 15:55:33.320  6989  7121 D EGL_adreno: eglMakeCurrent: 0xa6fbd3c0: ver 3 1 (tinfo 0xa6fd7620)
09-19 15:55:33.325  6989  7121 D EGL_adreno: eglMakeCurrent: 0xa6fbd3c0: ver 3 1 (tinfo 0xa6fd7620)
09-19 15:55:33.337  6989  7121 D EGL_adreno: eglMakeCurrent: 0xa6fbd3c0: ver 3 1 (tinfo 0xa6fd7620)
09-19 15:55:33.342  6989  7121 D EGL_adreno: eglMakeCurrent: 0xa6fbd3c0: ver 3 1 (tinfo 0xa6fd7620)
09-19 15:55:33.354  6989  7121 D EGL_adreno: eglMakeCurrent: 0xa6fbd3c0: ver 3 1 (tinfo 0xa6fd7620)
09-19 15:55:33.359  6989  7121 D EGL_adreno: eglMakeCurrent: 0xa6fbd3c0: ver 3 1 (tinfo 0xa6fd7620)
09-19 15:55:33.370  6989  7121 D EGL_adreno: eglMakeCurrent: 0xa6fbd3c0: ver 3 1 (tinfo 0xa6fd7620)
09-19 15:55:33.375  6989  7121 D EGL_adreno: eglMakeCurrent: 0xa6fbd3c0: ver 3 1 (tinfo 0xa6fd7620)
09-19 15:55:33.386  6989  7121 D EGL_adreno: eglMakeCurrent: 0xa6fbd3c0: ver 3 1 (tinfo 0xa6fd7620)
09-19 15:55:33.391  6989  7121 D EGL_adreno: eglMakeCurrent: 0xa6fbd3c0: ver 3 1 (tinfo 0xa6fd7620)
09-19 15:55:33.403  6989  7121 D EGL_adreno: eglMakeCurrent: 0xa6fbd3c0: ver 3 1 (tinfo 0xa6fd7620)
09-19 15:55:33.408  6989  7121 D EGL_adreno: eglMakeCurrent: 0xa6fbd3c0: ver 3 1 (tinfo 0xa6fd7620)
09-19 15:55:33.421  6989  7121 D EGL_adreno: eglMakeCurrent: 0xa6fbd3c0: ver 3 1 (tinfo 0xa6fd7620)
09-19 15:55:33.424  6989  7121 D EGL_adreno: eglMakeCurrent: 0xa6fbd3c0: ver 3 1 (tinfo 0xa6fd7620)
09-19 15:55:33.441  6989  7121 D EGL_adreno: eglMakeCurrent: 0xa6fbd3c0: ver 3 1 (tinfo 0xa6fd7620)
09-19 15:55:33.445  6989  7121 D EGL_adreno: eglMakeCurrent: 0xa6fbd3c0: ver 3 1 (tinfo 0xa6fd7620)
09-19 15:55:33.453  6989  7121 D EGL_adreno: eglMakeCurrent: 0xa6fbd3c0: ver 3 1 (tinfo 0xa6fd7620)
09-19 15:55:33.458  6989  7121 D EGL_adreno: eglMakeCurrent: 0xa6fbd3c0: ver 3 1 (tinfo 0xa6fd7620)
09-19 15:55:33.472  6989  6989 D ViewRootImpl[PartyChatActivity]: changeCanvasOpacity: opaque=false
09-19 15:55:33.474  6989  7121 D EGL_adreno: eglMakeCurrent: 0xa6fbd3c0: ver 3 1 (tinfo 0xa6fd7620)
09-19 15:55:33.478  6989  7121 D EGL_adreno: eglMakeCurrent: 0xa6fbd3c0: ver 3 1 (tinfo 0xa6fd7620)
09-19 15:55:33.486  6989  7121 D EGL_adreno: eglMakeCurrent: 0xa6fbd3c0: ver 3 1 (tinfo 0xa6fd7620)
09-19 15:55:33.491  6989  7121 D EGL_adreno: eglMakeCurrent: 0xa6fbd3c0: ver 3 1 (tinfo 0xa6fd7620)
09-19 15:55:33.503  6989  7121 D EGL_adreno: eglMakeCurrent: 0xa6fbd3c0: ver 3 1 (tinfo 0xa6fd7620)
09-19 15:55:33.509  6989  7121 D EGL_adreno: eglMakeCurrent: 0xa6fbd3c0: ver 3 1 (tinfo 0xa6fd7620)
09-19 15:55:33.520  6989  7121 D EGL_adreno: eglMakeCurrent: 0xa6fbd3c0: ver 3 1 (tinfo 0xa6fd7620)
09-19 15:55:33.525  6989  7121 D EGL_adreno: eglMakeCurrent: 0xa6fbd3c0: ver 3 1 (tinfo 0xa6fd7620)
09-19 15:55:33.536  6989  7121 D EGL_adreno: eglMakeCurrent: 0xa6fbd3c0: ver 3 1 (tinfo 0xa6fd7620)
09-19 15:55:33.541  6989  7121 D EGL_adreno: eglMakeCurrent: 0xa6fbd3c0: ver 3 1 (tinfo 0xa6fd7620)
09-19 15:55:33.554  6989  7121 D EGL_adreno: eglMakeCurrent: 0xa6fbd3c0: ver 3 1 (tinfo 0xa6fd7620)
09-19 15:55:33.558  6989  7121 D EGL_adreno: eglMakeCurrent: 0xa6fbd3c0: ver 3 1 (tinfo 0xa6fd7620)
09-19 15:55:33.570  6989  7121 D EGL_adreno: eglMakeCurrent: 0xa6fbd3c0: ver 3 1 (tinfo 0xa6fd7620)
09-19 15:55:33.613  6989  7121 D EGL_adreno: eglMakeCurrent: 0xa6fbd3c0: ver 3 1 (tinfo 0xa6fd7620)
09-19 15:55:33.620  6989  7121 D EGL_adreno: eglMakeCurrent: 0xa6fbd3c0: ver 3 1 (tinfo 0xa6fd7620)
09-19 15:55:33.991  6989  7121 D EGL_adreno: eglMakeCurrent: 0xa6fbd3c0: ver 3 1 (tinfo 0xa6fd7620)
09-19 15:55:34.004  6989  7121 D EGL_adreno: eglMakeCurrent: 0xa6fbd3c0: ver 3 1 (tinfo 0xa6fd7620)
09-19 15:55:35.124  6989  7249 E AGORA_SDK: cannot open log file for writing: agorartm.log, err=30
09-19 15:55:35.507  6989  7121 D EGL_adreno: eglMakeCurrent: 0xa6fbd3c0: ver 3 1 (tinfo 0xa6fd7620)
09-19 15:55:35.519  6989  7121 D EGL_adreno: eglMakeCurrent: 0xa6fbd3c0: ver 3 1 (tinfo 0xa6fd7620)
09-19 15:55:35.524  6989  7121 D EGL_adreno: eglMakeCurrent: 0xa6fbd3c0: ver 3 1 (tinfo 0xa6fd7620)
09-19 15:55:35.538  6989  7121 D EGL_adreno: eglMakeCurrent: 0xa6fbd3c0: ver 3 1 (tinfo 0xa6fd7620)
09-19 15:55:35.544  6989  7121 D EGL_adreno: eglMakeCurrent: 0xa6fbd3c0: ver 3 1 (tinfo 0xa6fd7620)
09-19 15:55:35.553  6989  7121 D EGL_adreno: eglMakeCurrent: 0xa6fbd3c0: ver 3 1 (tinfo 0xa6fd7620)
09-19 15:55:35.559  6989  7121 D EGL_adreno: eglMakeCurrent: 0xa6fbd3c0: ver 3 1 (tinfo 0xa6fd7620)
09-19 15:55:35.565  6989  7121 D EGL_adreno: eglMakeCurrent: 0xa6fbd3c0: ver 3 1 (tinfo 0xa6fd7620)
09-19 15:55:35.575  6989  7121 D EGL_adreno: eglMakeCurrent: 0xa6fbd3c0: ver 3 1 (tinfo 0xa6fd7620)
09-19 15:55:35.580  6989  7121 D EGL_adreno: eglMakeCurrent: 0xa6fbd3c0: ver 3 1 (tinfo 0xa6fd7620)
09-19 15:55:35.595  6989  7121 D EGL_adreno: eglMakeCurrent: 0xa6fbd3c0: ver 3 1 (tinfo 0xa6fd7620)
09-19 15:55:35.600  6989  7121 D EGL_adreno: eglMakeCurrent: 0xa6fbd3c0: ver 3 1 (tinfo 0xa6fd7620)
09-19 15:55:35.603  6989  7121 D EGL_adreno: eglMakeCurrent: 0xa6fbd3c0: ver 3 1 (tinfo 0xa6fd7620)
09-19 15:55:35.611  6989  7121 D EGL_adreno: eglMakeCurrent: 0xa6fbd3c0: ver 3 1 (tinfo 0xa6fd7620)
09-19 15:55:35.616  6989  7121 D EGL_adreno: eglMakeCurrent: 0xa6fbd3c0: ver 3 1 (tinfo 0xa6fd7620)
09-19 15:55:35.621  6989  7121 D EGL_adreno: eglMakeCurrent: 0xa6fbd3c0: ver 3 1 (tinfo 0xa6fd7620)
09-19 15:55:35.628  6989  7121 D EGL_adreno: eglMakeCurrent: 0xa6fbd3c0: ver 3 1 (tinfo 0xa6fd7620)
09-19 15:55:35.635  6989  7121 D EGL_adreno: eglMakeCurrent: 0xa6fbd3c0: ver 3 1 (tinfo 0xa6fd7620)
09-19 15:55:35.641  6989  7121 D EGL_adreno: eglMakeCurrent: 0xa6fbd3c0: ver 3 1 (tinfo 0xa6fd7620)
09-19 15:55:35.647  6989  7121 D EGL_adreno: eglMakeCurrent: 0xa6fbd3c0: ver 3 1 (tinfo 0xa6fd7620)
09-19 15:55:35.657  6989  7121 D EGL_adreno: eglMakeCurrent: 0xa6fbd3c0: ver 3 1 (tinfo 0xa6fd7620)
09-19 15:55:35.661  6989  7121 D EGL_adreno: eglMakeCurrent: 0xa6fbd3c0: ver 3 1 (tinfo 0xa6fd7620)
09-19 15:55:35.672  6989  7121 D EGL_adreno: eglMakeCurrent: 0xa6fbd3c0: ver 3 1 (tinfo 0xa6fd7620)
09-19 15:55:35.679  6989  7121 D EGL_adreno: eglMakeCurrent: 0xa6fbd3c0: ver 3 1 (tinfo 0xa6fd7620)
09-19 15:55:35.684  6989  7121 D EGL_adreno: eglMakeCurrent: 0xa6fbd3c0: ver 3 1 (tinfo 0xa6fd7620)
09-19 15:55:35.695  6989  7121 D EGL_adreno: eglMakeCurrent: 0xa6fbd3c0: ver 3 1 (tinfo 0xa6fd7620)
09-19 15:55:35.703  6989  7121 D EGL_adreno: eglMakeCurrent: 0xa6fbd3c0: ver 3 1 (tinfo 0xa6fd7620)
09-19 15:55:35.709  6989  7121 D EGL_adreno: eglMakeCurrent: 0xa6fbd3c0: ver 3 1 (tinfo 0xa6fd7620)
09-19 15:55:35.716  6989  7121 D EGL_adreno: eglMakeCurrent: 0xa6fbd3c0: ver 3 1 (tinfo 0xa6fd7620)
09-19 15:55:35.718  6989  7001 I art     : Starting a blocking GC Explicit
09-19 15:55:35.725  6989  7121 D EGL_adreno: eglMakeCurrent: 0xa6fbd3c0: ver 3 1 (tinfo 0xa6fd7620)
09-19 15:55:35.731  6989  7121 D EGL_adreno: eglMakeCurrent: 0xa6fbd3c0: ver 3 1 (tinfo 0xa6fd7620)
09-19 15:55:35.740  6989  7121 D EGL_adreno: eglMakeCurrent: 0xa6fbd3c0: ver 3 1 (tinfo 0xa6fd7620)
09-19 15:55:35.746  6989  7121 D EGL_adreno: eglMakeCurrent: 0xa6fbd3c0: ver 3 1 (tinfo 0xa6fd7620)
09-19 15:55:35.751  6989  7121 D EGL_adreno: eglMakeCurrent: 0xa6fbd3c0: ver 3 1 (tinfo 0xa6fd7620)
09-19 15:55:35.760  6989  7121 D EGL_adreno: eglMakeCurrent: 0xa6fbd3c0: ver 3 1 (tinfo 0xa6fd7620)
09-19 15:55:35.767  6989  7121 D EGL_adreno: eglMakeCurrent: 0xa6fbd3c0: ver 3 1 (tinfo 0xa6fd7620)
09-19 15:55:35.773  6989  7121 D EGL_adreno: eglMakeCurrent: 0xa6fbd3c0: ver 3 1 (tinfo 0xa6fd7620)
09-19 15:55:35.776  6989  7001 I art     : Explicit concurrent mark sweep GC freed 17298(1177KB) AllocSpace objects, 5(264KB) LOS objects, 14% free, 92MB/108MB, paused 1.182ms total 57.962ms
09-19 15:55:35.789  6989  7121 D EGL_adreno: eglMakeCurrent: 0xa6fbd3c0: ver 3 1 (tinfo 0xa6fd7620)
09-19 15:55:35.797  6989  7121 D EGL_adreno: eglMakeCurrent: 0xa6fbd3c0: ver 3 1 (tinfo 0xa6fd7620)
09-19 15:55:35.802  6989  7121 D EGL_adreno: eglMakeCurrent: 0xa6fbd3c0: ver 3 1 (tinfo 0xa6fd7620)
09-19 15:55:35.812  6989  7121 D EGL_adreno: eglMakeCurrent: 0xa6fbd3c0: ver 3 1 (tinfo 0xa6fd7620)
09-19 15:55:35.819  6989  7121 D EGL_adreno: eglMakeCurrent: 0xa6fbd3c0: ver 3 1 (tinfo 0xa6fd7620)
09-19 15:55:35.825  6989  7121 D EGL_adreno: eglMakeCurrent: 0xa6fbd3c0: ver 3 1 (tinfo 0xa6fd7620)
09-19 15:55:35.833  6989  7121 D EGL_adreno: eglMakeCurrent: 0xa6fbd3c0: ver 3 1 (tinfo 0xa6fd7620)
09-19 15:55:35.841  6989  7121 D EGL_adreno: eglMakeCurrent: 0xa6fbd3c0: ver 3 1 (tinfo 0xa6fd7620)
09-19 15:55:35.846  6989  7121 D EGL_adreno: eglMakeCurrent: 0xa6fbd3c0: ver 3 1 (tinfo 0xa6fd7620)
09-19 15:55:35.853  6989  7121 D EGL_adreno: eglMakeCurrent: 0xa6fbd3c0: ver 3 1 (tinfo 0xa6fd7620)
09-19 15:55:35.860  6989  7121 D EGL_adreno: eglMakeCurrent: 0xa6fbd3c0: ver 3 1 (tinfo 0xa6fd7620)
09-19 15:55:35.865  6989  7121 D EGL_adreno: eglMakeCurrent: 0xa6fbd3c0: ver 3 1 (tinfo 0xa6fd7620)
09-19 15:55:35.875  6989  7121 D EGL_adreno: eglMakeCurrent: 0xa6fbd3c0: ver 3 1 (tinfo 0xa6fd7620)
09-19 15:55:35.884  6989  7121 D EGL_adreno: eglMakeCurrent: 0xa6fbd3c0: ver 3 1 (tinfo 0xa6fd7620)
09-19 15:55:35.891  6989  7121 D EGL_adreno: eglMakeCurrent: 0xa6fbd3c0: ver 3 1 (tinfo 0xa6fd7620)
09-19 15:55:35.897  6989  7121 D EGL_adreno: eglMakeCurrent: 0xa6fbd3c0: ver 3 1 (tinfo 0xa6fd7620)
09-19 15:55:35.908  6989  7121 D EGL_adreno: eglMakeCurrent: 0xa6fbd3c0: ver 3 1 (tinfo 0xa6fd7620)
09-19 15:55:35.913  6989  7121 D EGL_adreno: eglMakeCurrent: 0xa6fbd3c0: ver 3 1 (tinfo 0xa6fd7620)
09-19 15:55:35.925  6989  7121 D EGL_adreno: eglMakeCurrent: 0xa6fbd3c0: ver 3 1 (tinfo 0xa6fd7620)
09-19 15:55:35.931  6989  7121 D EGL_adreno: eglMakeCurrent: 0xa6fbd3c0: ver 3 1 (tinfo 0xa6fd7620)
09-19 15:55:35.937  6989  7121 D EGL_adreno: eglMakeCurrent: 0xa6fbd3c0: ver 3 1 (tinfo 0xa6fd7620)
09-19 15:55:35.944  6989  7121 D EGL_adreno: eglMakeCurrent: 0xa6fbd3c0: ver 3 1 (tinfo 0xa6fd7620)
09-19 15:55:35.951  6989  7121 D EGL_adreno: eglMakeCurrent: 0xa6fbd3c0: ver 3 1 (tinfo 0xa6fd7620)
09-19 15:55:35.957  6989  7121 D EGL_adreno: eglMakeCurrent: 0xa6fbd3c0: ver 3 1 (tinfo 0xa6fd7620)
09-19 15:55:35.965  6989  7121 D EGL_adreno: eglMakeCurrent: 0xa6fbd3c0: ver 3 1 (tinfo 0xa6fd7620)
09-19 15:55:35.975  6989  7121 D EGL_adreno: eglMakeCurrent: 0xa6fbd3c0: ver 3 1 (tinfo 0xa6fd7620)
09-19 15:55:35.980  6989  7121 D EGL_adreno: eglMakeCurrent: 0xa6fbd3c0: ver 3 1 (tinfo 0xa6fd7620)
09-19 15:55:35.987  6989  7121 D EGL_adreno: eglMakeCurrent: 0xa6fbd3c0: ver 3 1 (tinfo 0xa6fd7620)
09-19 15:55:35.994  6989  7121 D EGL_adreno: eglMakeCurrent: 0xa6fbd3c0: ver 3 1 (tinfo 0xa6fd7620)
09-19 15:55:35.998  6989  7121 D EGL_adreno: eglMakeCurrent: 0xa6fbd3c0: ver 3 1 (tinfo 0xa6fd7620)
09-19 15:55:36.009  6989  7121 D EGL_adreno: eglMakeCurrent: 0xa6fbd3c0: ver 3 1 (tinfo 0xa6fd7620)
09-19 15:55:36.016  6989  7121 D EGL_adreno: eglMakeCurrent: 0xa6fbd3c0: ver 3 1 (tinfo 0xa6fd7620)
09-19 15:55:36.025  6989  7121 D EGL_adreno: eglMakeCurrent: 0xa6fbd3c0: ver 3 1 (tinfo 0xa6fd7620)
09-19 15:55:36.033  6989  7121 D EGL_adreno: eglMakeCurrent: 0xa6fbd3c0: ver 3 1 (tinfo 0xa6fd7620)
09-19 15:55:36.041  6989  7121 D EGL_adreno: eglMakeCurrent: 0xa6fbd3c0: ver 3 1 (tinfo 0xa6fd7620)
09-19 15:55:36.048  6989  7121 D EGL_adreno: eglMakeCurrent: 0xa6fbd3c0: ver 3 1 (tinfo 0xa6fd7620)
09-19 15:55:36.057  6989  7121 D EGL_adreno: eglMakeCurrent: 0xa6fbd3c0: ver 3 1 (tinfo 0xa6fd7620)
09-19 15:55:36.146  6989  6989 D KeyboardUtils: getDecorViewInvisibleHeight: -1920
09-19 15:55:36.148  6989  6989 I System.out: setTheme = 1
09-19 15:55:36.174  6989  7121 D EGL_adreno: eglMakeCurrent: 0xa6fbd3c0: ver 3 1 (tinfo 0xa6fd7620)
09-19 15:55:36.229  6989  7121 E EGL_adreno: tid 7121: eglSurfaceAttrib(1338): error 0x3009 (EGL_BAD_MATCH)
09-19 15:55:36.230  6989  7121 W OpenGLRenderer: Failed to set EGL_SWAP_BEHAVIOR on surface 0x92178f60, error=EGL_BAD_MATCH
09-19 15:55:36.230  6989  6989 D KeyboardUtils: getDecorViewInvisibleHeight: 0
09-19 15:55:36.234  6989  7121 D EGL_adreno: eglMakeCurrent: 0xa6fbd3c0: ver 3 1 (tinfo 0xa6fd7620)
09-19 15:55:36.239  6989  7121 D EGL_adreno: eglMakeCurrent: 0xa6fbd3c0: ver 3 1 (tinfo 0xa6fd7620)
09-19 15:55:36.249  1698  1698 W ContextImpl: Calling a method in the system process without a qualified user: android.app.ContextImpl.startService:1358 android.content.ContextWrapper.startService:613 android.content.ContextWrapper.startService:613 com.android.coreservice.CoreBroadcastReceiver.onReceive:69 android.app.ActivityThread.handleReceiver:3073 
09-19 15:55:36.250  6989  7121 D EGL_adreno: eglMakeCurrent: 0xa6fbd3c0: ver 3 1 (tinfo 0xa6fd7620)
09-19 15:55:36.252  1698  1698 W ContextImpl: Calling a method in the system process without a qualified user: android.app.ContextImpl.startService:1358 android.content.ContextWrapper.startService:613 android.content.ContextWrapper.startService:613 com.android.coreservice.CoreBroadcastReceiver.onReceive:69 android.app.ActivityThread.handleReceiver:3073 
09-19 15:55:36.262  6989  7121 D EGL_adreno: eglMakeCurrent: 0xa6fbd3c0: ver 3 1 (tinfo 0xa6fd7620)
09-19 15:55:36.295  6989  7121 D EGL_adreno: eglMakeCurrent: 0xa6fbd3c0: ver 3 1 (tinfo 0xa6fd7620)
09-19 15:55:36.297  6989  6989 D KeyboardUtils: getDecorViewInvisibleHeight: 0
09-19 15:55:36.304  1698  1698 W ContextImpl: Calling a method in the system process without a qualified user: android.app.ContextImpl.startService:1358 android.content.ContextWrapper.startService:613 android.content.ContextWrapper.startService:613 com.android.coreservice.CoreBroadcastReceiver.onReceive:69 android.app.ActivityThread.handleReceiver:3073 
09-19 15:55:36.308  1698  1698 W ContextImpl: Calling a method in the system process without a qualified user: android.app.ContextImpl.startService:1358 android.content.ContextWrapper.startService:613 android.content.ContextWrapper.startService:613 com.android.coreservice.CoreBroadcastReceiver.onReceive:69 android.app.ActivityThread.handleReceiver:3073 
09-19 15:55:36.310  1302  5329 D NotificationService: notify pkg=android pid=1302
09-19 15:55:36.312  1302  3019 D NotificationService: notify pkg=android pid=1302
09-19 15:55:36.342  2010  3719 E EGL_adreno: tid 3719: eglSurfaceAttrib(1338): error 0x3009 (EGL_BAD_MATCH)
09-19 15:55:36.342  2010  3719 W OpenGLRenderer: Failed to set EGL_SWAP_BEHAVIOR on surface 0xb8f746c0, error=EGL_BAD_MATCH
09-19 15:55:36.628  1698  1698 W ContextImpl: Calling a method in the system process without a qualified user: android.app.ContextImpl.startService:1358 android.content.ContextWrapper.startService:613 android.content.ContextWrapper.startService:613 com.android.coreservice.CoreBroadcastReceiver.onReceive:69 android.app.ActivityThread.handleReceiver:3073 
09-19 15:55:36.633  1698  1698 W ContextImpl: Calling a method in the system process without a qualified user: android.app.ContextImpl.startService:1358 android.content.ContextWrapper.startService:613 android.content.ContextWrapper.startService:613 com.android.coreservice.CoreBroadcastReceiver.onReceive:69 android.app.ActivityThread.handleReceiver:3073 
09-19 15:55:36.641  6989  6989 W EventBus: Subscriber to unregister was not registered before: class b.x.a.d0.l
09-19 15:55:36.642  6989  6989 W IInputConnectionWrapper: finishComposingText on inactive InputConnection
09-19 15:55:36.642  6989  6989 W IInputConnectionWrapper: finishComposingText on inactive InputConnection
09-19 15:55:37.061  1302  5333 I ActivityManager: Setting hasTopUi=true for pid=1394
09-19 15:55:37.062  1394  1394 D PhoneStatusBar: disable: < expand ICONS* alerts SYSTEM_INFO* back home recent clock search quick_settings >
09-19 15:55:37.073  1302  5329 W VibratorService: Tried to stop vibrating but there is no vibrator device.
09-19 15:55:37.106  1394  1647 D EGL_adreno: eglMakeCurrent: 0xa7012860: ver 3 1 (tinfo 0xa7014600)
09-19 15:55:37.152  1394  1647 E EGL_adreno: tid 1647: eglSurfaceAttrib(1338): error 0x3009 (EGL_BAD_MATCH)
09-19 15:55:37.152  1394  1647 W OpenGLRenderer: Failed to set EGL_SWAP_BEHAVIOR on surface 0xa52212e0, error=EGL_BAD_MATCH
09-19 15:55:37.154  1394  1647 D EGL_adreno: eglMakeCurrent: 0xa7012860: ver 3 1 (tinfo 0xa7014600)
09-19 15:55:38.065  1394  1629 I vol.Events: writeEvent level_changed STREAM_MUSIC 12
09-19 15:55:38.067  1394  1629 I vol.Events: writeEvent active_stream_changed STREAM_MUSIC
09-19 15:55:38.081  1394  1629 I vol.Events: writeEvent key STREAM_MUSIC 12
09-19 15:55:38.095  1394  1394 I vol.Events: writeEvent show_dialog volume_changed keyguard=false
09-19 15:55:38.136  1394  1647 E EGL_adreno: tid 1647: eglSurfaceAttrib(1338): error 0x3009 (EGL_BAD_MATCH)
09-19 15:55:38.136  1394  1647 W OpenGLRenderer: Failed to set EGL_SWAP_BEHAVIOR on surface 0xa4e05120, error=EGL_BAD_MATCH
09-19 15:55:38.141  1394  1647 D EGL_adreno: eglMakeCurrent: 0xa7012860: ver 3 1 (tinfo 0xa7014600)
09-19 15:55:38.559  6989  7121 D EGL_adreno: eglMakeCurrent: 0xa6fbd3c0: ver 3 1 (tinfo 0xa6fd7620)
09-19 15:55:38.575  6989  7121 D EGL_adreno: eglMakeCurrent: 0xa6fbd3c0: ver 3 1 (tinfo 0xa6fd7620)
09-19 15:55:38.580  6989  7121 D EGL_adreno: eglMakeCurrent: 0xa6fbd3c0: ver 3 1 (tinfo 0xa6fd7620)
09-19 15:55:38.590  1394  1647 D EGL_adreno: eglMakeCurrent: 0xa7012860: ver 3 1 (tinfo 0xa7014600)
09-19 15:55:38.593  6989  7121 D EGL_adreno: eglMakeCurrent: 0xa6fbd3c0: ver 3 1 (tinfo 0xa6fd7620)
09-19 15:55:38.597  6989  7121 D EGL_adreno: eglMakeCurrent: 0xa6fbd3c0: ver 3 1 (tinfo 0xa6fd7620)
09-19 15:55:38.612  6989  7121 D EGL_adreno: eglMakeCurrent: 0xa6fbd3c0: ver 3 1 (tinfo 0xa6fd7620)
09-19 15:55:38.617  6989  7121 D EGL_adreno: eglMakeCurrent: 0xa6fbd3c0: ver 3 1 (tinfo 0xa6fd7620)
09-19 15:55:38.631  6989  7121 D EGL_adreno: eglMakeCurrent: 0xa6fbd3c0: ver 3 1 (tinfo 0xa6fd7620)
09-19 15:55:38.635  6989  7121 D EGL_adreno: eglMakeCurrent: 0xa6fbd3c0: ver 3 1 (tinfo 0xa6fd7620)
09-19 15:55:38.648  6989  7121 D EGL_adreno: eglMakeCurrent: 0xa6fbd3c0: ver 3 1 (tinfo 0xa6fd7620)
09-19 15:55:38.654  6989  7121 D EGL_adreno: eglMakeCurrent: 0xa6fbd3c0: ver 3 1 (tinfo 0xa6fd7620)
09-19 15:55:38.666  6989  7121 D EGL_adreno: eglMakeCurrent: 0xa6fbd3c0: ver 3 1 (tinfo 0xa6fd7620)
09-19 15:55:38.679  6989  7121 D EGL_adreno: eglMakeCurrent: 0xa6fbd3c0: ver 3 1 (tinfo 0xa6fd7620)
09-19 15:55:38.686  6989  7121 D EGL_adreno: eglMakeCurrent: 0xa6fbd3c0: ver 3 1 (tinfo 0xa6fd7620)
09-19 15:55:38.693  6989  7121 D EGL_adreno: eglMakeCurrent: 0xa6fbd3c0: ver 3 1 (tinfo 0xa6fd7620)
09-19 15:55:38.702  6989  7121 D EGL_adreno: eglMakeCurrent: 0xa6fbd3c0: ver 3 1 (tinfo 0xa6fd7620)
09-19 15:55:38.709  6989  7121 D EGL_adreno: eglMakeCurrent: 0xa6fbd3c0: ver 3 1 (tinfo 0xa6fd7620)
09-19 15:55:38.721  6989  7121 D EGL_adreno: eglMakeCurrent: 0xa6fbd3c0: ver 3 1 (tinfo 0xa6fd7620)
09-19 15:55:38.727  6989  7121 D EGL_adreno: eglMakeCurrent: 0xa6fbd3c0: ver 3 1 (tinfo 0xa6fd7620)
09-19 15:55:38.741  6989  7121 D EGL_adreno: eglMakeCurrent: 0xa6fbd3c0: ver 3 1 (tinfo 0xa6fd7620)
09-19 15:55:38.747  6989  7121 D EGL_adreno: eglMakeCurrent: 0xa6fbd3c0: ver 3 1 (tinfo 0xa6fd7620)
09-19 15:55:38.758  6989  7121 D EGL_adreno: eglMakeCurrent: 0xa6fbd3c0: ver 3 1 (tinfo 0xa6fd7620)
09-19 15:55:38.763  6989  7121 D EGL_adreno: eglMakeCurrent: 0xa6fbd3c0: ver 3 1 (tinfo 0xa6fd7620)
09-19 15:55:38.775  6989  7121 D EGL_adreno: eglMakeCurrent: 0xa6fbd3c0: ver 3 1 (tinfo 0xa6fd7620)
09-19 15:55:38.781  6989  7121 D EGL_adreno: eglMakeCurrent: 0xa6fbd3c0: ver 3 1 (tinfo 0xa6fd7620)
09-19 15:55:38.792  6989  7121 D EGL_adreno: eglMakeCurrent: 0xa6fbd3c0: ver 3 1 (tinfo 0xa6fd7620)
09-19 15:55:38.797  6989  7121 D EGL_adreno: eglMakeCurrent: 0xa6fbd3c0: ver 3 1 (tinfo 0xa6fd7620)
09-19 15:55:38.808  6989  7121 D EGL_adreno: eglMakeCurrent: 0xa6fbd3c0: ver 3 1 (tinfo 0xa6fd7620)
09-19 15:55:38.814  6989  7121 D EGL_adreno: eglMakeCurrent: 0xa6fbd3c0: ver 3 1 (tinfo 0xa6fd7620)
09-19 15:55:38.825  6989  7121 D EGL_adreno: eglMakeCurrent: 0xa6fbd3c0: ver 3 1 (tinfo 0xa6fd7620)
09-19 15:55:38.829  6989  7121 D EGL_adreno: eglMakeCurrent: 0xa6fbd3c0: ver 3 1 (tinfo 0xa6fd7620)
09-19 15:55:38.837  6989  7121 D EGL_adreno: eglMakeCurrent: 0xa6fbd3c0: ver 3 1 (tinfo 0xa6fd7620)
09-19 15:55:38.844  6989  7121 D EGL_adreno: eglMakeCurrent: 0xa6fbd3c0: ver 3 1 (tinfo 0xa6fd7620)
09-19 15:55:38.851  6989  7121 D EGL_adreno: eglMakeCurrent: 0xa6fbd3c0: ver 3 1 (tinfo 0xa6fd7620)
09-19 15:55:38.857  6989  7121 D EGL_adreno: eglMakeCurrent: 0xa6fbd3c0: ver 3 1 (tinfo 0xa6fd7620)
09-19 15:55:38.864  6989  7121 D EGL_adreno: eglMakeCurrent: 0xa6fbd3c0: ver 3 1 (tinfo 0xa6fd7620)
09-19 15:55:38.870  6989  7121 D EGL_adreno: eglMakeCurrent: 0xa6fbd3c0: ver 3 1 (tinfo 0xa6fd7620)
09-19 15:55:38.878  6989  7121 D EGL_adreno: eglMakeCurrent: 0xa6fbd3c0: ver 3 1 (tinfo 0xa6fd7620)
09-19 15:55:38.882  6989  7121 D EGL_adreno: eglMakeCurrent: 0xa6fbd3c0: ver 3 1 (tinfo 0xa6fd7620)
09-19 15:55:38.892  6989  7121 D EGL_adreno: eglMakeCurrent: 0xa6fbd3c0: ver 3 1 (tinfo 0xa6fd7620)
09-19 15:55:38.897  6989  7121 D EGL_adreno: eglMakeCurrent: 0xa6fbd3c0: ver 3 1 (tinfo 0xa6fd7620)
09-19 15:55:38.908  6989  7121 D EGL_adreno: eglMakeCurrent: 0xa6fbd3c0: ver 3 1 (tinfo 0xa6fd7620)
09-19 15:55:38.914  6989  7121 D EGL_adreno: eglMakeCurrent: 0xa6fbd3c0: ver 3 1 (tinfo 0xa6fd7620)
09-19 15:55:38.925  6989  7121 D EGL_adreno: eglMakeCurrent: 0xa6fbd3c0: ver 3 1 (tinfo 0xa6fd7620)
09-19 15:55:38.931  6989  7121 D EGL_adreno: eglMakeCurrent: 0xa6fbd3c0: ver 3 1 (tinfo 0xa6fd7620)
09-19 15:55:38.941  6989  7121 D EGL_adreno: eglMakeCurrent: 0xa6fbd3c0: ver 3 1 (tinfo 0xa6fd7620)
09-19 15:55:38.946  6989  7121 D EGL_adreno: eglMakeCurrent: 0xa6fbd3c0: ver 3 1 (tinfo 0xa6fd7620)
09-19 15:55:38.954  6989  7121 D EGL_adreno: eglMakeCurrent: 0xa6fbd3c0: ver 3 1 (tinfo 0xa6fd7620)
09-19 15:55:38.959  6989  7121 D EGL_adreno: eglMakeCurrent: 0xa6fbd3c0: ver 3 1 (tinfo 0xa6fd7620)
09-19 15:55:38.971  6989  7121 D EGL_adreno: eglMakeCurrent: 0xa6fbd3c0: ver 3 1 (tinfo 0xa6fd7620)
09-19 15:55:38.977  6989  7121 D EGL_adreno: eglMakeCurrent: 0xa6fbd3c0: ver 3 1 (tinfo 0xa6fd7620)
09-19 15:55:38.986  6989  7121 D EGL_adreno: eglMakeCurrent: 0xa6fbd3c0: ver 3 1 (tinfo 0xa6fd7620)
09-19 15:55:38.992  6989  7121 D EGL_adreno: eglMakeCurrent: 0xa6fbd3c0: ver 3 1 (tinfo 0xa6fd7620)
09-19 15:55:39.004  6989  7121 D EGL_adreno: eglMakeCurrent: 0xa6fbd3c0: ver 3 1 (tinfo 0xa6fd7620)
09-19 15:55:39.009  6989  7121 D EGL_adreno: eglMakeCurrent: 0xa6fbd3c0: ver 3 1 (tinfo 0xa6fd7620)
09-19 15:55:39.022  6989  7121 D EGL_adreno: eglMakeCurrent: 0xa6fbd3c0: ver 3 1 (tinfo 0xa6fd7620)
09-19 15:55:39.027  6989  7121 D EGL_adreno: eglMakeCurrent: 0xa6fbd3c0: ver 3 1 (tinfo 0xa6fd7620)
09-19 15:55:39.040  6989  7121 D EGL_adreno: eglMakeCurrent: 0xa6fbd3c0: ver 3 1 (tinfo 0xa6fd7620)
09-19 15:55:39.045  6989  7121 D EGL_adreno: eglMakeCurrent: 0xa6fbd3c0: ver 3 1 (tinfo 0xa6fd7620)
09-19 15:55:39.054  6989  7121 D EGL_adreno: eglMakeCurrent: 0xa6fbd3c0: ver 3 1 (tinfo 0xa6fd7620)
09-19 15:55:39.059  6989  7121 D EGL_adreno: eglMakeCurrent: 0xa6fbd3c0: ver 3 1 (tinfo 0xa6fd7620)
09-19 15:55:39.072  6989  7121 D EGL_adreno: eglMakeCurrent: 0xa6fbd3c0: ver 3 1 (tinfo 0xa6fd7620)
09-19 15:55:39.076  6989  7121 D EGL_adreno: eglMakeCurrent: 0xa6fbd3c0: ver 3 1 (tinfo 0xa6fd7620)
09-19 15:55:39.092  6989  7121 D EGL_adreno: eglMakeCurrent: 0xa6fbd3c0: ver 3 1 (tinfo 0xa6fd7620)
09-19 15:55:39.098  6989  7121 D EGL_adreno: eglMakeCurrent: 0xa6fbd3c0: ver 3 1 (tinfo 0xa6fd7620)
09-19 15:55:39.114  6989  7121 D EGL_adreno: eglMakeCurrent: 0xa6fbd3c0: ver 3 1 (tinfo 0xa6fd7620)
09-19 15:55:39.121  6989  7121 D EGL_adreno: eglMakeCurrent: 0xa6fbd3c0: ver 3 1 (tinfo 0xa6fd7620)
09-19 15:55:39.129  6989  7121 D EGL_adreno: eglMakeCurrent: 0xa6fbd3c0: ver 3 1 (tinfo 0xa6fd7620)
09-19 15:55:39.134  6989  7121 D EGL_adreno: eglMakeCurrent: 0xa6fbd3c0: ver 3 1 (tinfo 0xa6fd7620)
09-19 15:55:39.146  6989  7121 D EGL_adreno: eglMakeCurrent: 0xa6fbd3c0: ver 3 1 (tinfo 0xa6fd7620)
09-19 15:55:39.151  6989  7121 D EGL_adreno: eglMakeCurrent: 0xa6fbd3c0: ver 3 1 (tinfo 0xa6fd7620)
09-19 15:55:39.162  6989  7121 D EGL_adreno: eglMakeCurrent: 0xa6fbd3c0: ver 3 1 (tinfo 0xa6fd7620)
09-19 15:55:39.167  6989  7121 D EGL_adreno: eglMakeCurrent: 0xa6fbd3c0: ver 3 1 (tinfo 0xa6fd7620)
09-19 15:55:39.177  6989  7121 D EGL_adreno: eglMakeCurrent: 0xa6fbd3c0: ver 3 1 (tinfo 0xa6fd7620)
09-19 15:55:39.592  1394  1394 I vol.Events: writeEvent dismiss_dialog timeout
09-19 15:55:39.594  1394  1629 I vol.Events: writeEvent active_stream_changed UNKNOWN_STREAM_-1
09-19 15:55:39.602  1394  1647 D EGL_adreno: eglMakeCurrent: 0xa7012860: ver 3 1 (tinfo 0xa7014600)
09-19 15:55:39.787  6989  7002 I art     : Starting a blocking GC Explicit
09-19 15:55:39.854  6989  7002 I art     : Explicit concurrent mark sweep GC freed 12930(718KB) AllocSpace objects, 5(136KB) LOS objects, 14% free, 92MB/108MB, paused 913us total 65.945ms
09-19 15:55:39.909  1394  1647 D EGL_adreno: eglMakeCurrent: 0xa7012860: ver 3 1 (tinfo 0xa7014600)
09-19 15:55:40.123  1394  1647 D EGL_adreno: eglMakeCurrent: 0xa7012860: ver 3 1 (tinfo 0xa7014600)
09-19 15:55:40.125  6989  7249 E AGORA_SDK: cannot open log file for writing: agorartm.log, err=30
09-19 15:55:40.272  1302  1643 W InputMethodManagerService: Window already focused, ignoring focus gain of: com.android.internal.view.IInputMethodClient$Stub$Proxy@2e3522e attribute=null, token = android.os.BinderProxy@a60c9cd
09-19 15:55:40.272  1302  3020 I ActivityManager: Setting hasTopUi=false for pid=1394
09-19 15:55:40.274  1394  1394 D PhoneStatusBar: disable: < expand icons* alerts system_info* back home recent clock search quick_settings >
09-19 15:55:40.308  1394  1647 D EGL_adreno: eglMakeCurrent: 0xa7012860: ver 3 1 (tinfo 0xa7014600)
09-19 15:55:40.337  1394  1647 E EGL_adreno: tid 1647: eglSurfaceAttrib(1338): error 0x3009 (EGL_BAD_MATCH)
09-19 15:55:40.337  1394  1647 W OpenGLRenderer: Failed to set EGL_SWAP_BEHAVIOR on surface 0xa45aac00, error=EGL_BAD_MATCH
09-19 15:55:40.340  1394  1647 D EGL_adreno: eglMakeCurrent: 0xa7012860: ver 3 1 (tinfo 0xa7014600)
09-19 15:55:40.641  1698  1698 W ContextImpl: Calling a method in the system process without a qualified user: android.app.ContextImpl.startService:1358 android.content.ContextWrapper.startService:613 android.content.ContextWrapper.startService:613 com.android.coreservice.CoreBroadcastReceiver.onReceive:69 android.app.ActivityThread.handleReceiver:3073 
09-19 15:55:40.643  6989  7121 D EGL_adreno: eglMakeCurrent: 0xa6fbd3c0: ver 3 1 (tinfo 0xa6fd7620)
09-19 15:55:40.654  6989  7121 D EGL_adreno: eglMakeCurrent: 0xa6fbd3c0: ver 3 1 (tinfo 0xa6fd7620)
09-19 15:55:41.575  6989  7121 D EGL_adreno: eglMakeCurrent: 0xa6fbd3c0: ver 3 1 (tinfo 0xa6fd7620)
09-19 15:55:41.596  6989  7121 D EGL_adreno: eglMakeCurrent: 0xa6fbd3c0: ver 3 1 (tinfo 0xa6fd7620)
09-19 15:55:41.600  6989  7121 D EGL_adreno: eglMakeCurrent: 0xa6fbd3c0: ver 3 1 (tinfo 0xa6fd7620)
09-19 15:55:41.614  6989  7121 D EGL_adreno: eglMakeCurrent: 0xa6fbd3c0: ver 3 1 (tinfo 0xa6fd7620)
09-19 15:55:41.619  6989  7121 D EGL_adreno: eglMakeCurrent: 0xa6fbd3c0: ver 3 1 (tinfo 0xa6fd7620)
09-19 15:55:41.638  6989  7121 D EGL_adreno: eglMakeCurrent: 0xa6fbd3c0: ver 3 1 (tinfo 0xa6fd7620)
09-19 15:55:41.646  6989  7121 D EGL_adreno: eglMakeCurrent: 0xa6fbd3c0: ver 3 1 (tinfo 0xa6fd7620)
09-19 15:55:41.658  6989  7121 D EGL_adreno: eglMakeCurrent: 0xa6fbd3c0: ver 3 1 (tinfo 0xa6fd7620)
09-19 15:55:41.664  6989  7121 D EGL_adreno: eglMakeCurrent: 0xa6fbd3c0: ver 3 1 (tinfo 0xa6fd7620)
09-19 15:55:41.675  6989  7121 D EGL_adreno: eglMakeCurrent: 0xa6fbd3c0: ver 3 1 (tinfo 0xa6fd7620)
09-19 15:55:41.680  6989  7121 D EGL_adreno: eglMakeCurrent: 0xa6fbd3c0: ver 3 1 (tinfo 0xa6fd7620)
09-19 15:55:41.690  6989  7121 D EGL_adreno: eglMakeCurrent: 0xa6fbd3c0: ver 3 1 (tinfo 0xa6fd7620)
09-19 15:55:41.695  6989  7121 D EGL_adreno: eglMakeCurrent: 0xa6fbd3c0: ver 3 1 (tinfo 0xa6fd7620)
09-19 15:55:41.711  6989  7121 D EGL_adreno: eglMakeCurrent: 0xa6fbd3c0: ver 3 1 (tinfo 0xa6fd7620)
09-19 15:55:41.715  6989  7121 D EGL_adreno: eglMakeCurrent: 0xa6fbd3c0: ver 3 1 (tinfo 0xa6fd7620)
09-19 15:55:41.725  6989  7121 D EGL_adreno: eglMakeCurrent: 0xa6fbd3c0: ver 3 1 (tinfo 0xa6fd7620)
09-19 15:55:41.729  6989  7121 D EGL_adreno: eglMakeCurrent: 0xa6fbd3c0: ver 3 1 (tinfo 0xa6fd7620)
09-19 15:55:41.741  6989  7121 D EGL_adreno: eglMakeCurrent: 0xa6fbd3c0: ver 3 1 (tinfo 0xa6fd7620)
09-19 15:55:41.746  6989  7121 D EGL_adreno: eglMakeCurrent: 0xa6fbd3c0: ver 3 1 (tinfo 0xa6fd7620)
09-19 15:55:41.757  6989  7121 D EGL_adreno: eglMakeCurrent: 0xa6fbd3c0: ver 3 1 (tinfo 0xa6fd7620)
09-19 15:55:41.762  6989  7121 D EGL_adreno: eglMakeCurrent: 0xa6fbd3c0: ver 3 1 (tinfo 0xa6fd7620)
09-19 15:55:41.775  6989  7121 D EGL_adreno: eglMakeCurrent: 0xa6fbd3c0: ver 3 1 (tinfo 0xa6fd7620)
09-19 15:55:41.779  6989  7121 D EGL_adreno: eglMakeCurrent: 0xa6fbd3c0: ver 3 1 (tinfo 0xa6fd7620)
09-19 15:55:41.792  6989  7121 D EGL_adreno: eglMakeCurrent: 0xa6fbd3c0: ver 3 1 (tinfo 0xa6fd7620)
09-19 15:55:41.796  6989  7121 D EGL_adreno: eglMakeCurrent: 0xa6fbd3c0: ver 3 1 (tinfo 0xa6fd7620)
09-19 15:55:41.804  6989  7121 D EGL_adreno: eglMakeCurrent: 0xa6fbd3c0: ver 3 1 (tinfo 0xa6fd7620)
09-19 15:55:41.810  6989  7121 D EGL_adreno: eglMakeCurrent: 0xa6fbd3c0: ver 3 1 (tinfo 0xa6fd7620)
09-19 15:55:41.817  6989  7121 D EGL_adreno: eglMakeCurrent: 0xa6fbd3c0: ver 3 1 (tinfo 0xa6fd7620)
09-19 15:55:41.824  6989  7121 D EGL_adreno: eglMakeCurrent: 0xa6fbd3c0: ver 3 1 (tinfo 0xa6fd7620)
09-19 15:55:41.831  6989  7121 D EGL_adreno: eglMakeCurrent: 0xa6fbd3c0: ver 3 1 (tinfo 0xa6fd7620)
09-19 15:55:41.836  6989  7121 D EGL_adreno: eglMakeCurrent: 0xa6fbd3c0: ver 3 1 (tinfo 0xa6fd7620)
09-19 15:55:41.844  6989  7121 D EGL_adreno: eglMakeCurrent: 0xa6fbd3c0: ver 3 1 (tinfo 0xa6fd7620)
09-19 15:55:41.849  6989  7121 D EGL_adreno: eglMakeCurrent: 0xa6fbd3c0: ver 3 1 (tinfo 0xa6fd7620)
09-19 15:55:41.858  6989  7121 D EGL_adreno: eglMakeCurrent: 0xa6fbd3c0: ver 3 1 (tinfo 0xa6fd7620)
09-19 15:55:41.863  6989  7121 D EGL_adreno: eglMakeCurrent: 0xa6fbd3c0: ver 3 1 (tinfo 0xa6fd7620)
09-19 15:55:41.872  6989  7121 D EGL_adreno: eglMakeCurrent: 0xa6fbd3c0: ver 3 1 (tinfo 0xa6fd7620)
09-19 15:55:41.878  6989  7121 D EGL_adreno: eglMakeCurrent: 0xa6fbd3c0: ver 3 1 (tinfo 0xa6fd7620)
09-19 15:55:41.888  6989  7121 D EGL_adreno: eglMakeCurrent: 0xa6fbd3c0: ver 3 1 (tinfo 0xa6fd7620)
09-19 15:55:41.894  6989  7121 D EGL_adreno: eglMakeCurrent: 0xa6fbd3c0: ver 3 1 (tinfo 0xa6fd7620)
09-19 15:55:41.904  6989  7121 D EGL_adreno: eglMakeCurrent: 0xa6fbd3c0: ver 3 1 (tinfo 0xa6fd7620)
09-19 15:55:41.909  6989  7121 D EGL_adreno: eglMakeCurrent: 0xa6fbd3c0: ver 3 1 (tinfo 0xa6fd7620)
09-19 15:55:41.921  6989  7121 D EGL_adreno: eglMakeCurrent: 0xa6fbd3c0: ver 3 1 (tinfo 0xa6fd7620)
09-19 15:55:41.925  6989  7121 D EGL_adreno: eglMakeCurrent: 0xa6fbd3c0: ver 3 1 (tinfo 0xa6fd7620)
09-19 15:55:41.938  6989  7121 D EGL_adreno: eglMakeCurrent: 0xa6fbd3c0: ver 3 1 (tinfo 0xa6fd7620)
09-19 15:55:41.944  6989  7121 D EGL_adreno: eglMakeCurrent: 0xa6fbd3c0: ver 3 1 (tinfo 0xa6fd7620)
09-19 15:55:41.954  6989  7121 D EGL_adreno: eglMakeCurrent: 0xa6fbd3c0: ver 3 1 (tinfo 0xa6fd7620)
09-19 15:55:41.960  6989  7121 D EGL_adreno: eglMakeCurrent: 0xa6fbd3c0: ver 3 1 (tinfo 0xa6fd7620)
09-19 15:55:41.971  6989  7121 D EGL_adreno: eglMakeCurrent: 0xa6fbd3c0: ver 3 1 (tinfo 0xa6fd7620)
09-19 15:55:41.976  6989  7121 D EGL_adreno: eglMakeCurrent: 0xa6fbd3c0: ver 3 1 (tinfo 0xa6fd7620)
09-19 15:55:41.991  6989  7121 D EGL_adreno: eglMakeCurrent: 0xa6fbd3c0: ver 3 1 (tinfo 0xa6fd7620)
09-19 15:55:41.997  6989  7121 D EGL_adreno: eglMakeCurrent: 0xa6fbd3c0: ver 3 1 (tinfo 0xa6fd7620)
09-19 15:55:42.008  6989  7121 D EGL_adreno: eglMakeCurrent: 0xa6fbd3c0: ver 3 1 (tinfo 0xa6fd7620)
09-19 15:55:42.013  6989  7121 D EGL_adreno: eglMakeCurrent: 0xa6fbd3c0: ver 3 1 (tinfo 0xa6fd7620)
09-19 15:55:42.025  6989  7121 D EGL_adreno: eglMakeCurrent: 0xa6fbd3c0: ver 3 1 (tinfo 0xa6fd7620)
09-19 15:55:42.030  6989  7121 D EGL_adreno: eglMakeCurrent: 0xa6fbd3c0: ver 3 1 (tinfo 0xa6fd7620)
09-19 15:55:42.041  6989  7121 D EGL_adreno: eglMakeCurrent: 0xa6fbd3c0: ver 3 1 (tinfo 0xa6fd7620)
09-19 15:55:42.045  6989  7121 D EGL_adreno: eglMakeCurrent: 0xa6fbd3c0: ver 3 1 (tinfo 0xa6fd7620)
09-19 15:55:42.054  6989  7121 D EGL_adreno: eglMakeCurrent: 0xa6fbd3c0: ver 3 1 (tinfo 0xa6fd7620)
09-19 15:55:42.060  6989  7121 D EGL_adreno: eglMakeCurrent: 0xa6fbd3c0: ver 3 1 (tinfo 0xa6fd7620)
09-19 15:55:42.071  6989  7121 D EGL_adreno: eglMakeCurrent: 0xa6fbd3c0: ver 3 1 (tinfo 0xa6fd7620)
09-19 15:55:42.077  6989  7121 D EGL_adreno: eglMakeCurrent: 0xa6fbd3c0: ver 3 1 (tinfo 0xa6fd7620)
09-19 15:55:42.089  6989  7121 D EGL_adreno: eglMakeCurrent: 0xa6fbd3c0: ver 3 1 (tinfo 0xa6fd7620)
09-19 15:55:42.093  6989  7121 D EGL_adreno: eglMakeCurrent: 0xa6fbd3c0: ver 3 1 (tinfo 0xa6fd7620)
09-19 15:55:42.105  6989  7121 D EGL_adreno: eglMakeCurrent: 0xa6fbd3c0: ver 3 1 (tinfo 0xa6fd7620)
09-19 15:55:42.110  6989  7121 D EGL_adreno: eglMakeCurrent: 0xa6fbd3c0: ver 3 1 (tinfo 0xa6fd7620)
09-19 15:55:42.121  6989  7121 D EGL_adreno: eglMakeCurrent: 0xa6fbd3c0: ver 3 1 (tinfo 0xa6fd7620)
09-19 15:55:42.125  6989  7121 D EGL_adreno: eglMakeCurrent: 0xa6fbd3c0: ver 3 1 (tinfo 0xa6fd7620)
09-19 15:55:42.140  6989  7121 D EGL_adreno: eglMakeCurrent: 0xa6fbd3c0: ver 3 1 (tinfo 0xa6fd7620)
09-19 15:55:42.146  6989  7121 D EGL_adreno: eglMakeCurrent: 0xa6fbd3c0: ver 3 1 (tinfo 0xa6fd7620)
09-19 15:55:42.155  6989  7121 D EGL_adreno: eglMakeCurrent: 0xa6fbd3c0: ver 3 1 (tinfo 0xa6fd7620)
09-19 15:55:42.161  6989  7121 D EGL_adreno: eglMakeCurrent: 0xa6fbd3c0: ver 3 1 (tinfo 0xa6fd7620)
09-19 15:55:42.171  6989  7121 D EGL_adreno: eglMakeCurrent: 0xa6fbd3c0: ver 3 1 (tinfo 0xa6fd7620)
09-19 15:55:42.172  1698  1698 W ContextImpl: Calling a method in the system process without a qualified user: android.app.ContextImpl.startService:1358 android.content.ContextWrapper.startService:613 android.content.ContextWrapper.startService:613 com.android.coreservice.CoreBroadcastReceiver.onReceive:69 android.app.ActivityThread.handleReceiver:3073 
09-19 15:55:42.176  6989  7121 D EGL_adreno: eglMakeCurrent: 0xa6fbd3c0: ver 3 1 (tinfo 0xa6fd7620)
09-19 15:55:42.184  6989  7121 D EGL_adreno: eglMakeCurrent: 0xa6fbd3c0: ver 3 1 (tinfo 0xa6fd7620)
09-19 15:55:42.190  1698  1698 W ContextImpl: Calling a method in the system process without a qualified user: android.app.ContextImpl.startService:1358 android.content.ContextWrapper.startService:613 android.content.ContextWrapper.startService:613 com.android.coreservice.CoreBroadcastReceiver.onReceive:69 android.app.ActivityThread.handleReceiver:3073 
09-19 15:55:42.191  6989  7121 D EGL_adreno: eglMakeCurrent: 0xa6fbd3c0: ver 3 1 (tinfo 0xa6fd7620)
09-19 15:55:42.296  6989  7121 E EGL_adreno: tid 7121: eglSurfaceAttrib(1338): error 0x3009 (EGL_BAD_MATCH)
09-19 15:55:42.296  6989  7121 W OpenGLRenderer: Failed to set EGL_SWAP_BEHAVIOR on surface 0x96e3d1a0, error=EGL_BAD_MATCH
09-19 15:55:42.300  1698  1698 W ContextImpl: Calling a method in the system process without a qualified user: android.app.ContextImpl.startService:1358 android.content.ContextWrapper.startService:613 android.content.ContextWrapper.startService:613 com.android.coreservice.CoreBroadcastReceiver.onReceive:69 android.app.ActivityThread.handleReceiver:3073 
09-19 15:55:42.305  6989  7121 D EGL_adreno: eglMakeCurrent: 0xa6fbd3c0: ver 3 1 (tinfo 0xa6fd7620)
09-19 15:55:42.339  6989  7121 D EGL_adreno: eglMakeCurrent: 0xa6fbd3c0: ver 3 1 (tinfo 0xa6fd7620)
09-19 15:55:42.351  6989  6989 W IInputConnectionWrapper: finishComposingText on inactive InputConnection
09-19 15:55:42.776  1698  1698 W ContextImpl: Calling a method in the system process without a qualified user: android.app.ContextImpl.startService:1358 android.content.ContextWrapper.startService:613 android.content.ContextWrapper.startService:613 com.android.coreservice.CoreBroadcastReceiver.onReceive:69 android.app.ActivityThread.handleReceiver:3073 
09-19 15:55:42.791  6989  7121 D EGL_adreno: eglMakeCurrent: 0xa6fbd3c0: ver 3 1 (tinfo 0xa6fd7620)
09-19 15:55:42.792  6989  6989 W EventBus: Subscriber to unregister was not registered before: class b.x.a.m0.q3.x
09-19 15:55:42.803  6989  7121 D EGL_adreno: eglMakeCurrent: 0xa6fbd3c0: ver 3 1 (tinfo 0xa6fd7620)
09-19 15:55:43.222  1698  1698 W ContextImpl: Calling a method in the system process without a qualified user: android.app.ContextImpl.startService:1358 android.content.ContextWrapper.startService:613 android.content.ContextWrapper.startService:613 com.android.coreservice.CoreBroadcastReceiver.onReceive:69 android.app.ActivityThread.handleReceiver:3073 
09-19 15:55:43.226  6989  7121 D EGL_adreno: eglMakeCurrent: 0xa6fbd3c0: ver 3 1 (tinfo 0xa6fd7620)
09-19 15:55:43.236  1698  1698 W ContextImpl: Calling a method in the system process without a qualified user: android.app.ContextImpl.startService:1358 android.content.ContextWrapper.startService:613 android.content.ContextWrapper.startService:613 com.android.coreservice.CoreBroadcastReceiver.onReceive:69 android.app.ActivityThread.handleReceiver:3073 
09-19 15:55:43.237  6989  7121 D EGL_adreno: eglMakeCurrent: 0xa6fbd3c0: ver 3 1 (tinfo 0xa6fd7620)
09-19 15:55:43.240  1698  1698 W ContextImpl: Calling a method in the system process without a qualified user: android.app.ContextImpl.startService:1358 android.content.ContextWrapper.startService:613 android.content.ContextWrapper.startService:613 com.android.coreservice.CoreBroadcastReceiver.onReceive:69 android.app.ActivityThread.handleReceiver:3073 
09-19 15:55:43.243  6989  7121 D EGL_adreno: eglMakeCurrent: 0xa6fbd3c0: ver 3 1 (tinfo 0xa6fd7620)
09-19 15:55:43.268  6989  7121 D EGL_adreno: eglMakeCurrent: 0xa6fbd3c0: ver 3 1 (tinfo 0xa6fd7620)
09-19 15:55:43.363  6989  7121 E EGL_adreno: tid 7121: eglSurfaceAttrib(1338): error 0x3009 (EGL_BAD_MATCH)
09-19 15:55:43.363  6989  7121 W OpenGLRenderer: Failed to set EGL_SWAP_BEHAVIOR on surface 0x9ccb6120, error=EGL_BAD_MATCH
09-19 15:55:43.366  1698  1698 W ContextImpl: Calling a method in the system process without a qualified user: android.app.ContextImpl.startService:1358 android.content.ContextWrapper.startService:613 android.content.ContextWrapper.startService:613 com.android.coreservice.CoreBroadcastReceiver.onReceive:69 android.app.ActivityThread.handleReceiver:3073 
09-19 15:55:43.370  6989  7121 D EGL_adreno: eglMakeCurrent: 0xa6fbd3c0: ver 3 1 (tinfo 0xa6fd7620)
09-19 15:55:43.393  6989  6989 W IInputConnectionWrapper: finishComposingText on inactive InputConnection
09-19 15:55:43.395  6989  7121 D EGL_adreno: eglMakeCurrent: 0xa6fbd3c0: ver 3 1 (tinfo 0xa6fd7620)
09-19 15:55:43.401  6989  7121 D EGL_adreno: eglMakeCurrent: 0xa6fbd3c0: ver 3 1 (tinfo 0xa6fd7620)
09-19 15:55:43.415  6989  7121 D EGL_adreno: eglMakeCurrent: 0xa6fbd3c0: ver 3 1 (tinfo 0xa6fd7620)
09-19 15:55:44.127  6989  7001 I art     : Starting a blocking GC Explicit
09-19 15:55:44.192  6989  7001 I art     : Explicit concurrent mark sweep GC freed 15870(924KB) AllocSpace objects, 7(192KB) LOS objects, 14% free, 92MB/108MB, paused 1.094ms total 64.968ms
09-19 15:55:44.286  1698  1698 W ContextImpl: Calling a method in the system process without a qualified user: android.app.ContextImpl.startService:1358 android.content.ContextWrapper.startService:613 android.content.ContextWrapper.startService:613 com.android.coreservice.CoreBroadcastReceiver.onReceive:69 android.app.ActivityThread.handleReceiver:3073 
09-19 15:55:44.290  6989  7121 D EGL_adreno: eglMakeCurrent: 0xa6fbd3c0: ver 3 1 (tinfo 0xa6fd7620)
09-19 15:55:44.291  6989  6989 W EventBus: Subscriber to unregister was not registered before: class b.x.a.m0.q3.x
09-19 15:55:44.303  6989  7121 D EGL_adreno: eglMakeCurrent: 0xa6fbd3c0: ver 3 1 (tinfo 0xa6fd7620)
09-19 15:55:44.574  6989  7121 D EGL_adreno: eglMakeCurrent: 0xa6fbd3c0: ver 3 1 (tinfo 0xa6fd7620)
09-19 15:55:44.588  6989  7121 D EGL_adreno: eglMakeCurrent: 0xa6fbd3c0: ver 3 1 (tinfo 0xa6fd7620)
09-19 15:55:44.593  6989  7121 D EGL_adreno: eglMakeCurrent: 0xa6fbd3c0: ver 3 1 (tinfo 0xa6fd7620)
09-19 15:55:44.604  6989  7121 D EGL_adreno: eglMakeCurrent: 0xa6fbd3c0: ver 3 1 (tinfo 0xa6fd7620)
09-19 15:55:44.611  6989  7121 D EGL_adreno: eglMakeCurrent: 0xa6fbd3c0: ver 3 1 (tinfo 0xa6fd7620)
09-19 15:55:44.626  6989  7121 D EGL_adreno: eglMakeCurrent: 0xa6fbd3c0: ver 3 1 (tinfo 0xa6fd7620)
09-19 15:55:44.631  6989  7121 D EGL_adreno: eglMakeCurrent: 0xa6fbd3c0: ver 3 1 (tinfo 0xa6fd7620)
09-19 15:55:44.641  6989  7121 D EGL_adreno: eglMakeCurrent: 0xa6fbd3c0: ver 3 1 (tinfo 0xa6fd7620)
09-19 15:55:44.647  6989  7121 D EGL_adreno: eglMakeCurrent: 0xa6fbd3c0: ver 3 1 (tinfo 0xa6fd7620)
09-19 15:55:44.658  6989  7121 D EGL_adreno: eglMakeCurrent: 0xa6fbd3c0: ver 3 1 (tinfo 0xa6fd7620)
09-19 15:55:44.664  6989  7121 D EGL_adreno: eglMakeCurrent: 0xa6fbd3c0: ver 3 1 (tinfo 0xa6fd7620)
09-19 15:55:44.675  6989  7121 D EGL_adreno: eglMakeCurrent: 0xa6fbd3c0: ver 3 1 (tinfo 0xa6fd7620)
09-19 15:55:44.680  6989  7121 D EGL_adreno: eglMakeCurrent: 0xa6fbd3c0: ver 3 1 (tinfo 0xa6fd7620)
09-19 15:55:44.690  6989  7121 D EGL_adreno: eglMakeCurrent: 0xa6fbd3c0: ver 3 1 (tinfo 0xa6fd7620)
09-19 15:55:44.695  6989  7121 D EGL_adreno: eglMakeCurrent: 0xa6fbd3c0: ver 3 1 (tinfo 0xa6fd7620)
09-19 15:55:44.705  6989  7121 D EGL_adreno: eglMakeCurrent: 0xa6fbd3c0: ver 3 1 (tinfo 0xa6fd7620)
09-19 15:55:44.711  6989  7121 D EGL_adreno: eglMakeCurrent: 0xa6fbd3c0: ver 3 1 (tinfo 0xa6fd7620)
09-19 15:55:44.726  6989  7121 D EGL_adreno: eglMakeCurrent: 0xa6fbd3c0: ver 3 1 (tinfo 0xa6fd7620)
09-19 15:55:44.731  6989  7121 D EGL_adreno: eglMakeCurrent: 0xa6fbd3c0: ver 3 1 (tinfo 0xa6fd7620)
09-19 15:55:44.750  6989  7121 D EGL_adreno: eglMakeCurrent: 0xa6fbd3c0: ver 3 1 (tinfo 0xa6fd7620)
09-19 15:55:44.758  6989  7121 D EGL_adreno: eglMakeCurrent: 0xa6fbd3c0: ver 3 1 (tinfo 0xa6fd7620)
09-19 15:55:44.766  6989  7121 D EGL_adreno: eglMakeCurrent: 0xa6fbd3c0: ver 3 1 (tinfo 0xa6fd7620)
09-19 15:55:44.774  6989  7121 D EGL_adreno: eglMakeCurrent: 0xa6fbd3c0: ver 3 1 (tinfo 0xa6fd7620)
09-19 15:55:44.781  6989  7121 D EGL_adreno: eglMakeCurrent: 0xa6fbd3c0: ver 3 1 (tinfo 0xa6fd7620)
09-19 15:55:44.788  6989  7121 D EGL_adreno: eglMakeCurrent: 0xa6fbd3c0: ver 3 1 (tinfo 0xa6fd7620)
09-19 15:55:44.796  6989  7121 D EGL_adreno: eglMakeCurrent: 0xa6fbd3c0: ver 3 1 (tinfo 0xa6fd7620)
09-19 15:55:44.802  6989  7121 D EGL_adreno: eglMakeCurrent: 0xa6fbd3c0: ver 3 1 (tinfo 0xa6fd7620)
09-19 15:55:44.811  6989  7121 D EGL_adreno: eglMakeCurrent: 0xa6fbd3c0: ver 3 1 (tinfo 0xa6fd7620)
09-19 15:55:44.817  6989  7121 D EGL_adreno: eglMakeCurrent: 0xa6fbd3c0: ver 3 1 (tinfo 0xa6fd7620)
09-19 15:55:44.827  6989  7121 D EGL_adreno: eglMakeCurrent: 0xa6fbd3c0: ver 3 1 (tinfo 0xa6fd7620)
09-19 15:55:44.832  6989  7121 D EGL_adreno: eglMakeCurrent: 0xa6fbd3c0: ver 3 1 (tinfo 0xa6fd7620)
09-19 15:55:44.841  6989  7121 D EGL_adreno: eglMakeCurrent: 0xa6fbd3c0: ver 3 1 (tinfo 0xa6fd7620)
09-19 15:55:44.846  6989  7121 D EGL_adreno: eglMakeCurrent: 0xa6fbd3c0: ver 3 1 (tinfo 0xa6fd7620)
09-19 15:55:44.855  6989  7121 D EGL_adreno: eglMakeCurrent: 0xa6fbd3c0: ver 3 1 (tinfo 0xa6fd7620)
09-19 15:55:44.860  6989  7121 D EGL_adreno: eglMakeCurrent: 0xa6fbd3c0: ver 3 1 (tinfo 0xa6fd7620)
09-19 15:55:44.871  6989  7121 D EGL_adreno: eglMakeCurrent: 0xa6fbd3c0: ver 3 1 (tinfo 0xa6fd7620)
09-19 15:55:44.876  6989  7121 D EGL_adreno: eglMakeCurrent: 0xa6fbd3c0: ver 3 1 (tinfo 0xa6fd7620)
09-19 15:55:44.889  6989  7121 D EGL_adreno: eglMakeCurrent: 0xa6fbd3c0: ver 3 1 (tinfo 0xa6fd7620)
09-19 15:55:44.894  6989  7121 D EGL_adreno: eglMakeCurrent: 0xa6fbd3c0: ver 3 1 (tinfo 0xa6fd7620)
09-19 15:55:44.904  6989  7121 D EGL_adreno: eglMakeCurrent: 0xa6fbd3c0: ver 3 1 (tinfo 0xa6fd7620)
09-19 15:55:44.908  6989  7121 D EGL_adreno: eglMakeCurrent: 0xa6fbd3c0: ver 3 1 (tinfo 0xa6fd7620)
09-19 15:55:44.921  6989  7121 D EGL_adreno: eglMakeCurrent: 0xa6fbd3c0: ver 3 1 (tinfo 0xa6fd7620)
09-19 15:55:44.926  6989  7121 D EGL_adreno: eglMakeCurrent: 0xa6fbd3c0: ver 3 1 (tinfo 0xa6fd7620)
09-19 15:55:44.937  6989  7121 D EGL_adreno: eglMakeCurrent: 0xa6fbd3c0: ver 3 1 (tinfo 0xa6fd7620)
09-19 15:55:44.942  6989  7121 D EGL_adreno: eglMakeCurrent: 0xa6fbd3c0: ver 3 1 (tinfo 0xa6fd7620)
09-19 15:55:44.952  6989  7121 D EGL_adreno: eglMakeCurrent: 0xa6fbd3c0: ver 3 1 (tinfo 0xa6fd7620)
09-19 15:55:44.957  6989  7121 D EGL_adreno: eglMakeCurrent: 0xa6fbd3c0: ver 3 1 (tinfo 0xa6fd7620)
09-19 15:55:44.970  6989  7121 D EGL_adreno: eglMakeCurrent: 0xa6fbd3c0: ver 3 1 (tinfo 0xa6fd7620)
09-19 15:55:44.976  6989  7121 D EGL_adreno: eglMakeCurrent: 0xa6fbd3c0: ver 3 1 (tinfo 0xa6fd7620)
09-19 15:55:44.987  6989  7121 D EGL_adreno: eglMakeCurrent: 0xa6fbd3c0: ver 3 1 (tinfo 0xa6fd7620)
09-19 15:55:44.992  6989  7121 D EGL_adreno: eglMakeCurrent: 0xa6fbd3c0: ver 3 1 (tinfo 0xa6fd7620)
09-19 15:55:45.004  6989  7121 D EGL_adreno: eglMakeCurrent: 0xa6fbd3c0: ver 3 1 (tinfo 0xa6fd7620)
09-19 15:55:45.009  6989  7121 D EGL_adreno: eglMakeCurrent: 0xa6fbd3c0: ver 3 1 (tinfo 0xa6fd7620)
09-19 15:55:45.020  6989  7121 D EGL_adreno: eglMakeCurrent: 0xa6fbd3c0: ver 3 1 (tinfo 0xa6fd7620)
09-19 15:55:45.025  6989  7121 D EGL_adreno: eglMakeCurrent: 0xa6fbd3c0: ver 3 1 (tinfo 0xa6fd7620)
09-19 15:55:45.038  6989  7121 D EGL_adreno: eglMakeCurrent: 0xa6fbd3c0: ver 3 1 (tinfo 0xa6fd7620)
09-19 15:55:45.043  6989  7121 D EGL_adreno: eglMakeCurrent: 0xa6fbd3c0: ver 3 1 (tinfo 0xa6fd7620)
09-19 15:55:45.054  6989  7121 D EGL_adreno: eglMakeCurrent: 0xa6fbd3c0: ver 3 1 (tinfo 0xa6fd7620)
09-19 15:55:45.059  6989  7121 D EGL_adreno: eglMakeCurrent: 0xa6fbd3c0: ver 3 1 (tinfo 0xa6fd7620)
09-19 15:55:45.070  6989  7121 D EGL_adreno: eglMakeCurrent: 0xa6fbd3c0: ver 3 1 (tinfo 0xa6fd7620)
09-19 15:55:45.075  6989  7121 D EGL_adreno: eglMakeCurrent: 0xa6fbd3c0: ver 3 1 (tinfo 0xa6fd7620)
09-19 15:55:45.088  6989  7121 D EGL_adreno: eglMakeCurrent: 0xa6fbd3c0: ver 3 1 (tinfo 0xa6fd7620)
09-19 15:55:45.092  6989  7121 D EGL_adreno: eglMakeCurrent: 0xa6fbd3c0: ver 3 1 (tinfo 0xa6fd7620)
09-19 15:55:45.104  6989  7121 D EGL_adreno: eglMakeCurrent: 0xa6fbd3c0: ver 3 1 (tinfo 0xa6fd7620)
09-19 15:55:45.111  6989  7121 D EGL_adreno: eglMakeCurrent: 0xa6fbd3c0: ver 3 1 (tinfo 0xa6fd7620)
09-19 15:55:45.121  6989  7121 D EGL_adreno: eglMakeCurrent: 0xa6fbd3c0: ver 3 1 (tinfo 0xa6fd7620)
09-19 15:55:45.126  6989  7121 D EGL_adreno: eglMakeCurrent: 0xa6fbd3c0: ver 3 1 (tinfo 0xa6fd7620)
09-19 15:55:45.137  6989  7121 D EGL_adreno: eglMakeCurrent: 0xa6fbd3c0: ver 3 1 (tinfo 0xa6fd7620)
09-19 15:55:45.141  6989  7121 D EGL_adreno: eglMakeCurrent: 0xa6fbd3c0: ver 3 1 (tinfo 0xa6fd7620)
09-19 15:55:45.154  6989  7121 D EGL_adreno: eglMakeCurrent: 0xa6fbd3c0: ver 3 1 (tinfo 0xa6fd7620)
09-19 15:55:45.159  6989  7121 D EGL_adreno: eglMakeCurrent: 0xa6fbd3c0: ver 3 1 (tinfo 0xa6fd7620)
09-19 15:55:45.171  6989  7121 D EGL_adreno: eglMakeCurrent: 0xa6fbd3c0: ver 3 1 (tinfo 0xa6fd7620)
09-19 15:55:45.174  6989  7121 D EGL_adreno: eglMakeCurrent: 0xa6fbd3c0: ver 3 1 (tinfo 0xa6fd7620)
09-19 15:55:45.187  6989  7121 D EGL_adreno: eglMakeCurrent: 0xa6fbd3c0: ver 3 1 (tinfo 0xa6fd7620)
09-19 15:55:45.414  6989  7121 E EGL_adreno: tid 7121: eglSurfaceAttrib(1338): error 0x3009 (EGL_BAD_MATCH)
09-19 15:55:45.414  6989  7121 W OpenGLRenderer: Failed to set EGL_SWAP_BEHAVIOR on surface 0x96761820, error=EGL_BAD_MATCH
09-19 15:55:45.418  1698  1698 W ContextImpl: Calling a method in the system process without a qualified user: android.app.ContextImpl.startService:1358 android.content.ContextWrapper.startService:613 android.content.ContextWrapper.startService:613 com.android.coreservice.CoreBroadcastReceiver.onReceive:69 android.app.ActivityThread.handleReceiver:3073 
09-19 15:55:45.425  6989  7121 D EGL_adreno: eglMakeCurrent: 0xa6fbd3c0: ver 3 1 (tinfo 0xa6fd7620)
09-19 15:55:45.481  6989  7121 D EGL_adreno: eglMakeCurrent: 0xa6fbd3c0: ver 3 1 (tinfo 0xa6fd7620)
09-19 15:55:45.485  6989  7121 D EGL_adreno: eglMakeCurrent: 0xa6fbd3c0: ver 3 1 (tinfo 0xa6fd7620)
09-19 15:55:45.500  6989  7121 D EGL_adreno: eglMakeCurrent: 0xa6fbd3c0: ver 3 1 (tinfo 0xa6fd7620)
09-19 15:55:45.508  6989  7121 D EGL_adreno: eglMakeCurrent: 0xa6fbd3c0: ver 3 1 (tinfo 0xa6fd7620)
09-19 15:55:45.521  6989  7121 D EGL_adreno: eglMakeCurrent: 0xa6fbd3c0: ver 3 1 (tinfo 0xa6fd7620)
09-19 15:55:45.525  6989  7121 D EGL_adreno: eglMakeCurrent: 0xa6fbd3c0: ver 3 1 (tinfo 0xa6fd7620)
09-19 15:55:45.538  6989  7121 D EGL_adreno: eglMakeCurrent: 0xa6fbd3c0: ver 3 1 (tinfo 0xa6fd7620)
09-19 15:55:45.544  6989  7121 D EGL_adreno: eglMakeCurrent: 0xa6fbd3c0: ver 3 1 (tinfo 0xa6fd7620)
09-19 15:55:45.548  6989  7121 D EGL_adreno: eglMakeCurrent: 0xa6fbd3c0: ver 3 1 (tinfo 0xa6fd7620)
09-19 15:55:45.553  6989  7121 D EGL_adreno: eglMakeCurrent: 0xa6fbd3c0: ver 3 1 (tinfo 0xa6fd7620)
09-19 15:55:45.558  6989  7121 D EGL_adreno: eglMakeCurrent: 0xa6fbd3c0: ver 3 1 (tinfo 0xa6fd7620)
09-19 15:55:45.563  6989  7121 D EGL_adreno: eglMakeCurrent: 0xa6fbd3c0: ver 3 1 (tinfo 0xa6fd7620)
