09-19 11:28:37.389  1698  1698 W ContextImpl: Calling a method in the system process without a qualified user: android.app.ContextImpl.startService:1358 android.content.ContextWrapper.startService:613 android.content.ContextWrapper.startService:613 com.android.coreservice.CoreBroadcastReceiver.onReceive:44 android.app.ActivityThread.handleReceiver:3073 
09-19 11:28:37.390  1698  1698 W ContextImpl: Calling a method in the system process without a qualified user: android.app.ContextImpl.startService:1358 android.content.ContextWrapper.startService:613 android.content.ContextWrapper.startService:613 com.android.coreservice.CoreBroadcastReceiver.onReceive:53 android.app.ActivityThread.handleReceiver:3073 
09-19 11:28:37.430  2080  2313 E EGL_adreno: tid 2313: eglSurfaceAttrib(1338): error 0x3009 (EGL_BAD_MATCH)
09-19 11:28:37.430  2080  2313 W OpenGLRenderer: Failed to set EGL_SWAP_BEHAVIOR on surface 0x9811bbe0, error=EGL_BAD_MATCH
09-19 11:28:37.440  2080  2313 D EGL_adreno: eglMakeCurrent: 0xa6d9b4a0: ver 3 1 (tinfo 0x9b111930)
09-19 11:28:37.446  2080  2313 D EGL_adreno: eglMakeCurrent: 0xa6d9b4a0: ver 3 1 (tinfo 0x9b111930)
09-19 11:28:37.452  1302  1617 I ActivityManager: START u0 {act=android.intent.action.VIEW dat=https://m.facebook.com/... pkg=com.android.chrome cmp=com.android.chrome/com.google.android.apps.chrome.IntentDispatcher (has extras)} from uid 10038 on display 0
09-19 11:28:37.459  1698  1698 W ContextImpl: Calling a method in the system process without a qualified user: android.app.ContextImpl.startService:1358 android.content.ContextWrapper.startService:613 android.content.ContextWrapper.startService:613 com.android.coreservice.CoreBroadcastReceiver.onReceive:53 android.app.ActivityThread.handleReceiver:3073 
09-19 11:28:37.492  2080  2313 E EGL_adreno: tid 2313: eglSurfaceAttrib(1338): error 0x3009 (EGL_BAD_MATCH)
09-19 11:28:37.492  2080  2313 W OpenGLRenderer: Failed to set EGL_SWAP_BEHAVIOR on surface 0xa6cb5f80, error=EGL_BAD_MATCH
09-19 11:28:37.495  2080  2313 D EGL_adreno: eglMakeCurrent: 0xa6d9b4a0: ver 3 1 (tinfo 0x9b111930)
09-19 11:28:37.509  1394  1647 D EGL_adreno: eglMakeCurrent: 0xa7012860: ver 3 1 (tinfo 0xa7014600)
09-19 11:28:37.509  2080  2313 D EGL_adreno: eglMakeCurrent: 0xa6d9b4a0: ver 3 1 (tinfo 0x9b111930)
09-19 11:28:37.511  1302  1323 I ActivityManager: Displayed com.litatom.app/com.facebook.CustomTabMainActivity: +74ms (total +299ms)
09-19 11:28:37.513  1698  1698 W ContextImpl: Calling a method in the system process without a qualified user: android.app.ContextImpl.startService:1358 android.content.ContextWrapper.startService:613 android.content.ContextWrapper.startService:613 com.android.coreservice.CoreBroadcastReceiver.onReceive:69 android.app.ActivityThread.handleReceiver:3073 
09-19 11:28:37.524  2080  2313 D EGL_adreno: eglMakeCurrent: 0xa6d9b4a0: ver 3 1 (tinfo 0x9b111930)
09-19 11:28:37.532  2080  2313 D EGL_adreno: eglMakeCurrent: 0xa6d9b4a0: ver 3 1 (tinfo 0x9b111930)
09-19 11:28:37.554  1394  1647 D EGL_adreno: eglMakeCurrent: 0xa7012860: ver 3 1 (tinfo 0xa7014600)
09-19 11:28:39.740  2080  2313 E EGL_adreno: tid 2313: eglSurfaceAttrib(1338): error 0x3009 (EGL_BAD_MATCH)
09-19 11:28:39.740  2080  2313 W OpenGLRenderer: Failed to set EGL_SWAP_BEHAVIOR on surface 0xa5fe1ae0, error=EGL_BAD_MATCH
09-19 11:28:39.752  1114  1134 D AudioFlinger: mixer(0xc5a80000) throttle end: throttle time(4)
09-19 11:28:39.991  2080  2092 I art     : Starting a blocking GC Explicit
09-19 11:28:40.008  2080  2092 I art     : Explicit concurrent mark sweep GC freed 31022(1555KB) AllocSpace objects, 9(720KB) LOS objects, 40% free, 12MB/21MB, paused 472us total 16.254ms
09-19 11:28:40.231  1302  1313 W InputMethodManagerService: Window already focused, ignoring focus gain of: com.android.internal.view.IInputMethodClient$Stub$Proxy@916c4a0 attribute=null, token = android.os.BinderProxy@f68ec88
09-19 11:28:42.681  1302  1357 D WifiStateMachine: setScanResults mScanResults.size=1
09-19 11:28:42.821  1114  1134 D audio_hw_hal: log_func, out_standby
09-19 11:28:42.821  1114  1134 D audio_hw_hal: raw_close_output_stream, dev=0xc6f0a0c0, stream =0xc6f05140
09-19 11:28:42.821  1114  1134 D audio_hw_hal: raw_close_output_stream, stream=0xc6f05140,  success!
09-19 11:28:43.392  2080  2239 I art     : Starting a blocking GC Explicit
09-19 11:28:43.407  2080  2239 I art     : Explicit concurrent mark sweep GC freed 14578(594KB) AllocSpace objects, 2(40KB) LOS objects, 40% free, 12MB/20MB, paused 400us total 14.681ms
09-19 11:28:43.800  1302  1643 I ActivityManager: Setting hasTopUi=true for pid=1394
09-19 11:28:43.800  1394  1394 D PhoneStatusBar: disable: < expand ICONS* alerts SYSTEM_INFO* back home recent clock search quick_settings >
09-19 11:28:43.820  1394  1647 D EGL_adreno: eglMakeCurrent: 0xa7012860: ver 3 1 (tinfo 0xa7014600)
09-19 11:28:43.821  1109  2378 I HostConnection: HostConnection::HostConnection: pid=1109, tid=2378, this=0xc77d6500
09-19 11:28:43.822  1109  2378 I         : fastpipe: Connect success
09-19 11:28:43.822  1109  2378 D HostConnection: HostRPC::connect sucess: app=/system/bin/surfaceflinger, pid=1109, tid=2378, this=0xc5a8e700
09-19 11:28:43.822  1109  2378 D HostConnection: queryAndSetGLESMaxVersion select gles-version: 3.1 hostGLVersion:46 process:/system/bin/surfaceflinger
09-19 11:28:43.839  1394  1647 E EGL_adreno: tid 1647: eglSurfaceAttrib(1338): error 0x3009 (EGL_BAD_MATCH)
09-19 11:28:43.839  1394  1647 W OpenGLRenderer: Failed to set EGL_SWAP_BEHAVIOR on surface 0xa4fb41c0, error=EGL_BAD_MATCH
09-19 11:28:43.840  1394  1647 D EGL_adreno: eglMakeCurrent: 0xa7012860: ver 3 1 (tinfo 0xa7014600)
09-19 11:28:43.876  1302  1644 W VibratorService: Tried to stop vibrating but there is no vibrator device.
09-19 11:28:44.307  1302  1545 W InputMethodManagerService: Window already focused, ignoring focus gain of: com.android.internal.view.IInputMethodClient$Stub$Proxy@2ff1a1b attribute=null, token = android.os.BinderProxy@f68ec88
09-19 11:28:44.321  1302  1617 I ActivityManager: Setting hasTopUi=false for pid=1394
09-19 11:28:44.321  1394  1394 D PhoneStatusBar: disable: < expand icons* alerts system_info* back home recent clock search quick_settings >
09-19 11:28:44.321  1394  1452 I art     : Do partial code cache collection, code=55KB, data=62KB
09-19 11:28:44.321  1394  1452 I art     : After code cache collection, code=55KB, data=62KB
09-19 11:28:44.321  1394  1452 I art     : Increasing code cache capacity to 256KB
09-19 11:28:44.354  1394  1647 D EGL_adreno: eglMakeCurrent: 0xa7012860: ver 3 1 (tinfo 0xa7014600)
09-19 11:28:44.367  1394  1647 E EGL_adreno: tid 1647: eglSurfaceAttrib(1338): error 0x3009 (EGL_BAD_MATCH)
09-19 11:28:44.367  1394  1647 W OpenGLRenderer: Failed to set EGL_SWAP_BEHAVIOR on surface 0xa45a9640, error=EGL_BAD_MATCH
09-19 11:28:44.369  1394  1647 D EGL_adreno: eglMakeCurrent: 0xa7012860: ver 3 1 (tinfo 0xa7014600)
09-19 11:28:46.790  2080  2346 I art     : Starting a blocking GC Explicit
09-19 11:28:46.805  2080  2346 I art     : Explicit concurrent mark sweep GC freed 7911(402KB) AllocSpace objects, 6(120KB) LOS objects, 40% free, 12MB/20MB, paused 953us total 14.987ms
09-19 11:28:48.316  1114  1134 D audio_hw_hal: raw_start_output_stream, stream=0xc6f05140, sampleRate=48000, channel=2, bps=16, bufSize=4096
09-19 11:28:48.325  2080  2313 E EGL_adreno: tid 2313: eglSurfaceAttrib(1338): error 0x3009 (EGL_BAD_MATCH)
09-19 11:28:48.325  2080  2313 W OpenGLRenderer: Failed to set EGL_SWAP_BEHAVIOR on surface 0xa5fe1ae0, error=EGL_BAD_MATCH
09-19 11:28:48.820  1302  1313 W InputManager: Input event injection from pid 2065 failed.
09-19 11:28:48.820  1302  1643 W InputMethodManagerService: Window already focused, ignoring focus gain of: com.android.internal.view.IInputMethodClient$Stub$Proxy@bbc70f6 attribute=null, token = android.os.BinderProxy@f68ec88
09-19 11:28:48.821  1302  1314 W InputManager: Input event injection from pid 2065 failed.
09-19 11:28:48.822  1302  1617 W InputManager: Input event injection from pid 2065 failed.
09-19 11:28:48.822  1302  1644 W InputManager: Input event injection from pid 2065 failed.
09-19 11:28:48.822  1302  1545 W InputManager: Input event injection from pid 2065 failed.
09-19 11:28:49.840  2080  2313 E EGL_adreno: tid 2313: eglSurfaceAttrib(1338): error 0x3009 (EGL_BAD_MATCH)
09-19 11:28:49.840  2080  2313 W OpenGLRenderer: Failed to set EGL_SWAP_BEHAVIOR on surface 0xa6bd79c0, error=EGL_BAD_MATCH
09-19 11:28:50.191  2080  2239 I art     : Starting a blocking GC Explicit
09-19 11:28:50.205  2080  2239 I art     : Explicit concurrent mark sweep GC freed 6226(236KB) AllocSpace objects, 2(40KB) LOS objects, 39% free, 12MB/20MB, paused 431us total 13.680ms
09-19 11:28:50.333  1302  1314 W InputMethodManagerService: Window already focused, ignoring focus gain of: com.android.internal.view.IInputMethodClient$Stub$Proxy@e52adcd attribute=null, token = android.os.BinderProxy@f68ec88
09-19 11:28:52.357  2080  2313 E EGL_adreno: tid 2313: eglSurfaceAttrib(1338): error 0x3009 (EGL_BAD_MATCH)
09-19 11:28:52.357  2080  2313 W OpenGLRenderer: Failed to set EGL_SWAP_BEHAVIOR on surface 0xa6b18800, error=EGL_BAD_MATCH
09-19 11:28:52.850  1302  1643 W InputMethodManagerService: Window already focused, ignoring focus gain of: com.android.internal.view.IInputMethodClient$Stub$Proxy@c3495d0 attribute=null, token = android.os.BinderProxy@f68ec88
09-19 11:28:53.599  2080  2239 I art     : Starting a blocking GC Explicit
09-19 11:28:53.614  2080  2239 I art     : Explicit concurrent mark sweep GC freed 6330(237KB) AllocSpace objects, 2(40KB) LOS objects, 39% free, 12MB/20MB, paused 502us total 14.996ms
09-19 11:28:55.452  1114  1134 D audio_hw_hal: log_func, out_standby
09-19 11:28:55.452  1114  1134 D audio_hw_hal: raw_close_output_stream, dev=0xc6f0a0c0, stream =0xc6f05140
09-19 11:28:55.452  1114  1134 D audio_hw_hal: raw_close_output_stream, stream=0xc6f05140,  success!
09-19 11:28:55.870  1302  1617 I ActivityManager: START u0 {act=android.intent.action.MAIN cat=[android.intent.category.LAUNCHER] flg=0x10200000 cmp=com.litatom.app/com.lit.app.ui.SplashActivity} from uid 0 on display 0
09-19 11:28:57.025  2080  2346 I art     : Starting a blocking GC Explicit
09-19 11:28:57.038  2080  2346 I art     : Explicit concurrent mark sweep GC freed 6657(254KB) AllocSpace objects, 2(40KB) LOS objects, 40% free, 12MB/20MB, paused 203us total 13.101ms
09-19 11:28:57.965  1302  1317 D sensor_hal: cb_activate handle=0 enabled=0
09-19 11:28:57.968  1302  1317 D sensor_hal: cb_activate handle=0 enabled=1
09-19 11:28:57.968  1302  1317 D sensor_hal: cb_setDelay handle=0 delay-ns=200000000
09-19 11:28:57.993  2065  2065 I art     : System.exit called, status: 0
09-19 11:28:57.993  2065  2065 I AndroidRuntime: VM exiting with result code 0.
09-19 11:29:00.444  2080  2239 I art     : Starting a blocking GC Explicit
09-19 11:29:00.458  2080  2239 I art     : Explicit concurrent mark sweep GC freed 5955(218KB) AllocSpace objects, 2(40KB) LOS objects, 40% free, 12MB/20MB, paused 421us total 13.934ms
09-19 11:31:22.679  1302  1357 D WifiStateMachine: setScanResults mScanResults.size=1
09-19 11:34:02.679  1302  1357 D WifiStateMachine: setScanResults mScanResults.size=1
09-19 11:34:08.557  2756  2756 I appproc : exec app_process! cmdline: /system/bin com.android.commands.wm.Wm size 
09-19 11:34:08.557  2756  2756 D AndroidRuntime: >>>>>> START com.android.internal.os.RuntimeInit uid 0 <<<<<<
09-19 11:34:08.561  2756  2756 D AndroidRuntime: CheckJNI is OFF
09-19 11:34:08.596  2756  2756 D ICU     : No timezone override file found: /data/misc/zoneinfo/current/icu/icu_tzdata.dat
09-19 11:34:08.613  2756  2756 D libnativebridge: PreInitializeNativeBridge name=unknown instruction_set=x86
09-19 11:34:08.613  2756  2756 D libnativebridge: call UnloadNativeBridge! state=1
09-19 11:34:08.628  2756  2756 E memtrack: Couldn't load memtrack module (No such file or directory)
09-19 11:34:08.628  2756  2756 E android.os.Debug: failed to load memtrack module: -2
09-19 11:34:08.629  2756  2756 I Radio-JNI: register_android_hardware_Radio DONE
09-19 11:34:08.643  2756  2756 D AndroidRuntime: Calling main entry com.android.commands.wm.Wm
09-19 11:34:08.644  2756  2756 D AndroidRuntime: Shutting down VM
