09-19 11:28:05.126  1698  1698 W ContextImpl: Calling a method in the system process without a qualified user: android.app.ContextImpl.startService:1358 android.content.ContextWrapper.startService:613 android.content.ContextWrapper.startService:613 com.android.coreservice.CoreBroadcastReceiver.onReceive:69 android.app.ActivityThread.handleReceiver:3073 
09-19 11:28:05.145  2331  2331 W dex2oat : Mismatch between dex2oat instruction set features (ISA: X86 Feature string: smp,ssse3,sse4.1,sse4.2,-avx,-avx2,lock_add,popcnt) and those of dex2oat executable (ISA: X86 Feature string: smp,ssse3,-sse4.1,-sse4.2,-avx,-avx2,-lock_add,-popcnt) for the command line:
09-19 11:28:05.145  2331  2331 W dex2oat : /system/bin/dex2oat --runtime-arg -classpath --runtime-arg & --instruction-set=x86 --instruction-set-features=smp,ssse3,-sse4.1,-sse4.2,-avx,-avx2,-lock_add,-popcnt --runtime-arg -Xrelocate --boot-image=/system/framework/boot.art --runtime-arg -Xms64m --runtime-arg -Xmx512m --instruction-set-variant=silvermont --instruction-set-features=default --dex-file=/data/user/0/com.litatom.app/code_cache/.       --oat-fd=159 --oat-location=/data/user/0/com.litatom.app/code_cache/.     --compiler-filter=speed
09-19 11:28:05.152  2331  2331 I dex2oat : /system/bin/dex2oat --dex-file=/data/user/0/com.litatom.app/code_cache/.       --oat-fd=159 --oat-location=/data/user/0/com.litatom.app/code_cache/.     --compiler-filter=speed
09-19 11:28:05.152  2331  2331 E cutils-trace: Error opening trace file: Permission denied (13)
09-19 11:28:05.161  2080  2080 I MMKV    : <MemoryFile.cpp:97::open> open fd[0xbc], /data/user/0/com.litatom.app/files/mmkv/SpamWordModel_sp
09-19 11:28:05.162  2080  2080 I MMKV    : <MemoryFile.cpp:97::open> open fd[0xbe], /data/user/0/com.litatom.app/files/mmkv/SpamWordModel_sp.crc
09-19 11:28:05.162  2080  2080 I MMKV    : <MMKV_IO.cpp:81::loadFromFile> loading [SpamWordModel_sp] with 131 actual size, file size 4096, InterProcess 0, meta info version:3
09-19 11:28:05.162  2080  2080 I MMKV    : <MMKV_IO.cpp:86::loadFromFile> loading [SpamWordModel_sp] with crc 2707043575 sequence 1 version 3
09-19 11:28:05.162  2080  2080 I MMKV    : <MMKV_IO.cpp:130::loadFromFile> loaded [SpamWordModel_sp] with 2 key-values
09-19 11:28:05.167  2080  2080 I MMKV    : <MemoryFile.cpp:97::open> open fd[0xc1], /data/user/0/com.litatom.app/files/mmkv/lit_pay_model
09-19 11:28:05.168  2080  2080 I MMKV    : <MemoryFile.cpp:97::open> open fd[0xc2], /data/user/0/com.litatom.app/files/mmkv/lit_pay_model.crc
09-19 11:28:05.249  2080  2080 I MMKV    : <MMKV_IO.cpp:81::loadFromFile> loading [lit_pay_model] with 542 actual size, file size 4096, InterProcess 0, meta info version:3
09-19 11:28:05.249  2080  2080 I MMKV    : <MMKV_IO.cpp:86::loadFromFile> loading [lit_pay_model] with crc 1161758765 sequence 1 version 3
09-19 11:28:05.250  2080  2080 I MMKV    : <MMKV_IO.cpp:130::loadFromFile> loaded [lit_pay_model] with 5 key-values
09-19 11:28:05.341  2080  2092 I art     : Starting a blocking GC Explicit
09-19 11:28:05.350  2331  2331 I dex2oat : dex2oat took 206.165ms (threads: 4) arena alloc=415KB (425960B) java alloc=32KB (33024B) native alloc=912KB (934344B) free=879KB (900664B)
09-19 11:28:05.377  2080  2092 I art     : Explicit concurrent mark sweep GC freed 127730(6MB) AllocSpace objects, 12(2MB) LOS objects, 39% free, 15MB/25MB, paused 761us total 35.443ms
09-19 11:28:05.516  2345  2345 W dex2oat : Mismatch between dex2oat instruction set features (ISA: X86 Feature string: smp,ssse3,sse4.1,sse4.2,-avx,-avx2,lock_add,popcnt) and those of dex2oat executable (ISA: X86 Feature string: smp,ssse3,-sse4.1,-sse4.2,-avx,-avx2,-lock_add,-popcnt) for the command line:
09-19 11:28:05.516  2345  2345 W dex2oat : /system/bin/dex2oat --runtime-arg -classpath --runtime-arg & --instruction-set=x86 --instruction-set-features=smp,ssse3,-sse4.1,-sse4.2,-avx,-avx2,-lock_add,-popcnt --runtime-arg -Xrelocate --boot-image=/system/framework/boot.art --runtime-arg -Xms64m --runtime-arg -Xmx512m --instruction-set-variant=silvermont --instruction-set-features=default --dex-file=/data/user/0/com.litatom.app/code_cache/.      --oat-fd=159 --oat-location=/data/user/0/com.litatom.app/code_cache/.    --compiler-filter=speed
09-19 11:28:05.516  2345  2345 I dex2oat : /system/bin/dex2oat --dex-file=/data/user/0/com.litatom.app/code_cache/.      --oat-fd=159 --oat-location=/data/user/0/com.litatom.app/code_cache/.    --compiler-filter=speed
09-19 11:28:05.516  2345  2345 E cutils-trace: Error opening trace file: Permission denied (13)
09-19 11:28:05.551  2080  2080 W GooglePlayServicesUtil: com.litatom.app requires the Google Play Store, but it is missing.
09-19 11:28:05.557  2080  2080 D BaseActivity: isNightMode ==> false , isSystemDarkOpen ==> false , isFollowSystemMode() ==> false
09-19 11:28:05.574  1302  1644 D ConnectivityService: requestNetwork for uid/pid:10038/2080 NetworkRequest [ TRACK_DEFAULT id=8, [ Capabilities: INTERNET&NOT_RESTRICTED&TRUSTED&NOT_VPN] ]
09-19 11:28:05.575  1302  1357 D WIFI    : got request NetworkRequest [ TRACK_DEFAULT id=8, [ Capabilities: INTERNET&NOT_RESTRICTED&TRUSTED&NOT_VPN] ] with score 60
09-19 11:28:05.575  1302  1357 D WIFI_UT : got request NetworkRequest [ TRACK_DEFAULT id=8, [ Capabilities: INTERNET&NOT_RESTRICTED&TRUSTED&NOT_VPN] ] with score 60
09-19 11:28:05.575  1302  1375 D Ethernet: got request NetworkRequest [ TRACK_DEFAULT id=8, [ Capabilities: INTERNET&NOT_RESTRICTED&TRUSTED&NOT_VPN] ] with score 60
09-19 11:28:05.576  1549  1549 D PhoneSwitcherNetworkRequstListener: got request NetworkRequest [ TRACK_DEFAULT id=8, [ Capabilities: INTERNET&NOT_RESTRICTED&TRUSTED&NOT_VPN] ] with score 60
09-19 11:28:05.589  2080  2080 I MMKV    : <MMKV_IO.cpp:367::ensureMemorySize> extending [lit_web_page_cache] file size from 4096 to 8192, incoming size:334, future usage:3208
09-19 11:28:05.602  2345  2345 I dex2oat : dex2oat took 85.982ms (threads: 4) arena alloc=785KB (803976B) java alloc=109KB (112048B) native alloc=1142KB (1170368B) free=1417KB (1451072B)
09-19 11:28:05.639  2080  2080 I MMKV    : <MMKV_IO.cpp:367::ensureMemorySize> extending [SpamWordModel_sp] file size from 4096 to 32768, incoming size:4235, future usage:17480
09-19 11:28:05.677  1302  1617 I ActivityManager: START u0 {cmp=com.litatom.app/com.lit.app.ui.BasicWebActivity (has extras)} from uid 10038 on display 0
09-19 11:28:05.682  1698  1698 W ContextImpl: Calling a method in the system process without a qualified user: android.app.ContextImpl.startService:1358 android.content.ContextWrapper.startService:613 android.content.ContextWrapper.startService:613 com.android.coreservice.CoreBroadcastReceiver.onReceive:44 android.app.ActivityThread.handleReceiver:3073 
09-19 11:28:05.796  2080  2091 I art     : Background partial concurrent mark sweep GC freed 143179(8MB) AllocSpace objects, 6(384KB) LOS objects, 40% free, 13MB/23MB, paused 4.454ms total 130.841ms
09-19 11:28:05.833  2080  2085 I art     : Do full code cache collection, code=250KB, data=202KB
09-19 11:28:05.836  2080  2085 I art     : Starting a blocking GC JitCodeCache
09-19 11:28:05.836  2080  2085 I art     : After code cache collection, code=220KB, data=164KB
09-19 11:28:05.931  2080  2080 I AppCompatViewInflater: app:theme is now deprecated. Please move to using android:theme instead.
09-19 11:28:05.969  2080  2262 W cr_media: Requires BLUETOOTH permission
09-19 11:28:05.995  1698  1698 W ContextImpl: Calling a method in the system process without a qualified user: android.app.ContextImpl.startService:1358 android.content.ContextWrapper.startService:613 android.content.ContextWrapper.startService:613 com.android.coreservice.CoreBroadcastReceiver.onReceive:53 android.app.ActivityThread.handleReceiver:3073 
09-19 11:28:06.019  2080  2371 E libEGL  : validate_display:99 error 3008 (EGL_BAD_DISPLAY)
09-19 11:28:06.021  2080  2371 I HostConnection: HostConnection::HostConnection: pid=2080, tid=2371, this=0x98983200
09-19 11:28:06.022  2080  2371 I         : fastpipe: Connect success
09-19 11:28:06.022  2080  2371 D HostConnection: HostRPC::connect sucess: app=com.litatom.app, pid=2080, tid=2371, this=0x98953740
09-19 11:28:06.022  2080  2371 D HostConnection: queryAndSetGLESMaxVersion select gles-version: 3.1 hostGLVersion:46 process:com.litatom.app
09-19 11:28:06.029  2080  2371 I EGL_adreno: eglCreateContext request GLES major-version=2
09-19 11:28:06.029  2080  2371 I EGL_adreno: eglCreateContext request GLES minor-version=0
09-19 11:28:06.044  2080  2371 D EGL_adreno: eglCreateContext: 0x98102c60: maj 3 min 1 rcv 4
09-19 11:28:06.046  2080  2371 D EGL_adreno: eglMakeCurrent: 0x98102c60: ver 3 1 (tinfo 0x9b0876e0)
09-19 11:28:06.047  2080  2371 D HostConnection: ExtendedRCEncoderContext GL_VERSION return OpenGL ES 3.1
09-19 11:28:06.052  2080  2371 W GLESv2_enc: no support GL_NUM_PROGRAM_BINARY_FORMATS
09-19 11:28:06.138  2080  2313 E EGL_adreno: tid 2313: eglSurfaceAttrib(1338): error 0x3009 (EGL_BAD_MATCH)
09-19 11:28:06.138  2080  2313 W OpenGLRenderer: Failed to set EGL_SWAP_BEHAVIOR on surface 0xa6e2f840, error=EGL_BAD_MATCH
09-19 11:28:06.153  2080  2080 I MMKV    : <MemoryFile.cpp:97::open> open fd[0xd4], /data/user/0/com.litatom.app/files/mmkv/keyboard.common
09-19 11:28:06.154  2080  2080 I MMKV    : <MemoryFile.cpp:97::open> open fd[0xd5], /data/user/0/com.litatom.app/files/mmkv/keyboard.common.crc
09-19 11:28:06.154  2080  2080 I MMKV    : <MMKV_IO.cpp:81::loadFromFile> loading [keyboard.common] with 0 actual size, file size 4096, InterProcess 0, meta info version:0
09-19 11:28:06.155  2080  2080 I MMKV    : <MMKV_IO.cpp:130::loadFromFile> loaded [keyboard.common] with 0 key-values
09-19 11:28:06.159  2080  2371 I EGL_adreno: eglCreateContext request GLES major-version=3
09-19 11:28:06.159  2080  2371 I EGL_adreno: eglCreateContext request GLES minor-version=0
09-19 11:28:06.166  2080  2080 I MMKV    : <MemoryFile.cpp:97::open> open fd[0xdc], /data/user/0/com.litatom.app/files/mmkv/matching_model_sp
09-19 11:28:06.166  2080  2080 I MMKV    : <MemoryFile.cpp:97::open> open fd[0xdd], /data/user/0/com.litatom.app/files/mmkv/matching_model_sp.crc
09-19 11:28:06.167  2080  2080 I MMKV    : <MMKV_IO.cpp:81::loadFromFile> loading [matching_model_sp] with 5355 actual size, file size 8192, InterProcess 0, meta info version:3
09-19 11:28:06.167  2080  2080 I MMKV    : <MMKV_IO.cpp:86::loadFromFile> loading [matching_model_sp] with crc 86216889 sequence 2 version 3
09-19 11:28:06.167  2080  2080 I MMKV    : <MMKV_IO.cpp:130::loadFromFile> loaded [matching_model_sp] with 6 key-values
09-19 11:28:06.176  2080  2371 D EGL_adreno: eglCreateContext: 0x98104280: maj 3 min 0 rcv 3
09-19 11:28:06.180  2080  2371 D EGL_adreno: eglMakeCurrent: 0x98104280: ver 3 0 (tinfo 0x9b0876e0)
09-19 11:28:06.181  2080  2371 D HostConnection: ExtendedRCEncoderContext GL_VERSION return OpenGL ES 3.1
09-19 11:28:06.182  2080  2080 W ViewRootImpl[BasicWebActivity]: Dropping event due to no window focus: MotionEvent { action=ACTION_MOVE, actionButton=0, id[0]=0, x[0]=-1.0, y[0]=4.0, toolType[0]=TOOL_TYPE_UNKNOWN, buttonState=0, metaState=0, flags=0x0, edgeFlags=0x0, pointerCount=1, historySize=19, eventTime=132857, downTime=-1, deviceId=0, source=0x10004 }
09-19 11:28:06.183  2080  2371 E eglCodecCommon: glUtilsParamSize: unknow param 0x000088ef
09-19 11:28:06.187  2080  2313 D EGL_adreno: eglMakeCurrent: 0xa6d9b4a0: ver 3 1 (tinfo 0x9b111930)
09-19 11:28:06.207  2080  2371 E eglCodecCommon: glUtilsParamSize: unknow param 0x000088ef
09-19 11:28:06.210  2080  2371 E eglCodecCommon: glUtilsParamSize: unknow param 0x000088ef
09-19 11:28:06.214  2080  2313 E eglCodecCommon: glUtilsParamSize: unknow param 0x000088ef
09-19 11:28:06.214  2080  2371 E eglCodecCommon: glUtilsParamSize: unknow param 0x000088ef
09-19 11:28:06.223  2080  2371 E eglCodecCommon: glUtilsParamSize: unknow param 0x000088ef
09-19 11:28:06.238  2080  2371 E eglCodecCommon: glUtilsParamSize: unknow param 0x000088ef
09-19 11:28:06.264  2080  2080 W ViewRootImpl[BasicWebActivity]: Dropping event due to no window focus: KeyEvent { action=ACTION_DOWN, keyCode=KEYCODE_DPAD_RIGHT, scanCode=0, metaState=0, flags=0x8, repeatCount=0, eventTime=132858, downTime=132858, deviceId=-1, source=0x101 }
09-19 11:28:06.266  2080  2080 W ViewRootImpl[BasicWebActivity]: Cancelling event due to no window focus: KeyEvent { action=ACTION_UP, keyCode=KEYCODE_DPAD_RIGHT, scanCode=0, metaState=0, flags=0x28, repeatCount=0, eventTime=132914, downTime=132914, deviceId=-1, source=0x101 }
09-19 11:28:06.266  2080  2080 W ViewRootImpl[BasicWebActivity]: Cancelling event due to no window focus: KeyEvent { action=ACTION_UP, keyCode=KEYCODE_DPAD_RIGHT, scanCode=0, metaState=0, flags=0x28, repeatCount=0, eventTime=132914, downTime=132914, deviceId=-1, source=0x101 }
09-19 11:28:06.266  1302  1323 I ActivityManager: Displayed com.litatom.app/com.lit.app.ui.BasicWebActivity: +541ms
09-19 11:28:06.266  2080  2080 W ViewRootImpl[BasicWebActivity]: Cancelling event due to no window focus: KeyEvent { action=ACTION_UP, keyCode=KEYCODE_DPAD_RIGHT, scanCode=0, metaState=0, flags=0x28, repeatCount=0, eventTime=132914, downTime=132914, deviceId=-1, source=0x101 }
09-19 11:28:06.266  2080  2080 W ViewRootImpl[BasicWebActivity]: Cancelling event due to no window focus: KeyEvent { action=ACTION_UP, keyCode=KEYCODE_DPAD_RIGHT, scanCode=0, metaState=0, flags=0x28, repeatCount=0, eventTime=132914, downTime=132914, deviceId=-1, source=0x101 }
09-19 11:28:06.266  2080  2080 W ViewRootImpl[BasicWebActivity]: Cancelling event due to no window focus: KeyEvent { action=ACTION_UP, keyCode=KEYCODE_DPAD_RIGHT, scanCode=0, metaState=0, flags=0x28, repeatCount=0, eventTime=132914, downTime=132914, deviceId=-1, source=0x101 }
09-19 11:28:06.266  2080  2080 W ViewRootImpl[BasicWebActivity]: Cancelling event due to no window focus: KeyEvent { action=ACTION_UP, keyCode=KEYCODE_DPAD_RIGHT, scanCode=0, metaState=0, flags=0x28, repeatCount=0, eventTime=132914, downTime=132914, deviceId=-1, source=0x101 }
09-19 11:28:06.267  2080  2080 W ViewRootImpl[BasicWebActivity]: Cancelling event due to no window focus: KeyEvent { action=ACTION_UP, keyCode=KEYCODE_DPAD_RIGHT, scanCode=0, metaState=0, flags=0x28, repeatCount=0, eventTime=132914, downTime=132914, deviceId=-1, source=0x101 }
09-19 11:28:06.267  2080  2080 W ViewRootImpl[BasicWebActivity]: Cancelling event due to no window focus: KeyEvent { action=ACTION_UP, keyCode=KEYCODE_DPAD_RIGHT, scanCode=0, metaState=0, flags=0x28, repeatCount=0, eventTime=132914, downTime=132914, deviceId=-1, source=0x101 }
09-19 11:28:06.267  2080  2080 W ViewRootImpl[BasicWebActivity]: Cancelling event due to no window focus: KeyEvent { action=ACTION_UP, keyCode=KEYCODE_DPAD_RIGHT, scanCode=0, metaState=0, flags=0x28, repeatCount=0, eventTime=132914, downTime=132914, deviceId=-1, source=0x101 }
09-19 11:28:06.268  1698  1698 W ContextImpl: Calling a method in the system process without a qualified user: android.app.ContextImpl.startService:1358 android.content.ContextWrapper.startService:613 android.content.ContextWrapper.startService:613 com.android.coreservice.CoreBroadcastReceiver.onReceive:69 android.app.ActivityThread.handleReceiver:3073 
09-19 11:28:07.627  2080  2080 W System.err: java.io.FileNotFoundException:  (No such file or directory)
09-19 11:28:07.628  2080  2080 W System.err: 	at java.io.FileInputStream.open(Native Method)
09-19 11:28:07.628  2080  2080 W System.err: 	at java.io.FileInputStream.<init>(FileInputStream.java:146)
09-19 11:28:07.628  2080  2080 W System.err: 	at b.g.a.b.f.e(FileUtils.java:1)
09-19 11:28:07.628  2080  2080 W System.err: 	at b.x.a.n0.l0.e$a.o(DataPreLoader.java:18)
09-19 11:28:07.628  2080  2080 W System.err: 	at b.a.a.a.a$a$e.run(java-style lambda group:3)
09-19 11:28:07.628  2080  2080 W System.err: 	at android.os.Handler.handleCallback(Handler.java:751)
09-19 11:28:07.628  2080  2080 W System.err: 	at android.os.Handler.dispatchMessage(Handler.java:95)
09-19 11:28:07.628  2080  2080 W System.err: 	at android.os.Looper.loop(Looper.java:154)
09-19 11:28:07.628  2080  2080 W System.err: 	at android.app.ActivityThread.main(ActivityThread.java:6190)
09-19 11:28:07.629  2080  2080 W System.err: 	at java.lang.reflect.Method.invoke(Native Method)
09-19 11:28:07.629  2080  2080 W System.err: 	at com.android.internal.os.ZygoteInit$MethodAndArgsCaller.run(ZygoteInit.java:892)
09-19 11:28:07.629  2080  2080 W System.err: 	at com.android.internal.os.ZygoteInit.main(ZygoteInit.java:782)
09-19 11:28:07.632  2080  2080 I Choreographer: Skipped 37 frames!  The application may be doing too much work on its main thread.
09-19 11:28:07.671  1302  1369 W AudioTrack: AUDIO_OUTPUT_FLAG_FAST denied by client; transfer 4, track 44100 Hz, output 48000 Hz
09-19 11:28:07.703  1698  1698 W ContextImpl: Calling a method in the system process without a qualified user: android.app.ContextImpl.startService:1358 android.content.ContextWrapper.startService:613 android.content.ContextWrapper.startService:613 com.android.coreservice.CoreBroadcastReceiver.onReceive:69 android.app.ActivityThread.handleReceiver:3073 
09-19 11:28:07.820  2080  2085 I art     : Do partial code cache collection, code=232KB, data=184KB
09-19 11:28:07.820  2080  2085 I art     : After code cache collection, code=232KB, data=184KB
09-19 11:28:07.820  2080  2085 I art     : Increasing code cache capacity to 1024KB
09-19 11:28:07.831  2080  2207 D ONE SDK : [2022/09/19 11:28:07:830]: current host: domain: mserver-sgp.easemob.com port: 443
09-19 11:28:07.831  2080  2207 D ONE SDK : [2022/09/19 11:28:07:830]: current host: domain: msync-im1-sgp.easemob.com port: 6717
09-19 11:28:07.831  2080  2207 D ONE SDK : [2022/09/19 11:28:07:830]: no im host with priority, using next host
09-19 11:28:07.831  2080  2207 D ONE SDK : [2022/09/19 11:28:07:831]: current host: domain: msync-im1-sgp.easemob.com port: 6717
09-19 11:28:07.833  2080  2207 D ONE SDK : [2022/09/19 11:28:07:832]: httprequest perform: https://mserver-sgp.easemob.com:443/api/v1/sdk/config?appkey=1102190223222824%23lit&version=3.9.1.2
09-19 11:28:07.848  2080  2207 D ONE SDK : [2022/09/19 11:28:07:848]: httprequest perform: https://a1-sgp.easemob.com:443/1102190223222824/lit/token
09-19 11:28:07.854  1114  1134 D audio_hw_hal: raw_start_output_stream, stream=0xc6f05140, sampleRate=48000, channel=2, bps=16, bufSize=4096
09-19 11:28:08.325  2080  2207 D ONE SDK : [2022/09/19 11:28:08:325]: token status:  0
09-19 11:28:08.327  2080  2207 D ONE SDK : [2022/09/19 11:28:08:327]: log: level: 2, area: 1, ChatClient::connect() 
09-19 11:28:08.382  2080  2207 D ONE SDK : [2022/09/19 11:28:08:381]: log: level: 1, area: 2, connectSocket(): start to connecting...
09-19 11:28:08.525  2080  2207 D ONE SDK : [2022/09/19 11:28:08:525]: log: level: 1, area: 2, connectSocket(): connect finished
09-19 11:28:08.525  2080  2207 D ONE SDK : [2022/09/19 11:28:08:525]: log: level: 2, area: 2, connectSocket() OK: fd: 53 Client:172.16.1.15:46782 Server: 161.117.200.216:6717
09-19 11:28:08.710  2080  2267 W chromium: [WARNING:spdy_session.cc(3122)] Received RST for invalid stream3
09-19 11:28:08.710  2080  2267 W chromium: [WARNING:spdy_session.cc(3122)] Received RST for invalid stream1
09-19 11:28:08.724  2080  2207 D ONE SDK : [2022/09/19 11:28:08:724]: log: level: 2, area: 1, provision reason: Sorry, you devices is changed
09-19 11:28:08.725  2080  2207 D ONE SDK : [2022/09/19 11:28:08:724]: notify state change to connection listener error code : 0
09-19 11:28:08.725  2080  2207 D ONE SDK : [2022/09/19 11:28:08:724]: [im login time] 0: 0:398
09-19 11:28:08.726  2080  2207 D ONE SDK : [2022/09/19 11:28:08:725]: EMConnectionListener onConnected
09-19 11:28:08.727  2080  2207 D ONE SDK : [2022/09/19 11:28:08:726]: log: level: 2, area: 1, SEND:
09-19 11:28:08.727  2080  2207 D ONE SDK : { verison : MSYNC_V1, compress_algorimth : 0, command : UNREAD, encrypt_type : [ 0 ], payload : {  } }
09-19 11:28:08.727  2080  2207 D ONE SDK : [2022/09/19 11:28:08:727]: log: level: 2, area: 1, ChatClient::disconnect()
09-19 11:28:08.727  2080  2207 D ONE SDK : [2022/09/19 11:28:08:727]: log: level: 1, area: 2, cleanup() 53
09-19 11:28:08.727  2080  2207 D ONE SDK : [2022/09/19 11:28:08:727]: log: level: 1, area: 2, closeSocket() 53
09-19 11:28:08.727  2080  2207 D ONE SDK : [2022/09/19 11:28:08:727]: log: level: 2, area: 1, handleDisconnect:14
09-19 11:28:08.727  2080  2207 D ONE SDK : [2022/09/19 11:28:08:727]: log: level: 2, area: 1, ChatClient::connect() 
09-19 11:28:08.728  2080  2207 D ONE SDK : [2022/09/19 11:28:08:728]: log: level: 1, area: 2, connectSocket(): start to connecting...
09-19 11:28:08.731  2080  2080 D EventBus: No subscribers registered for event class b.x.a.t.r
09-19 11:28:08.731  2080  2080 D EventBus: No subscribers registered for event class t.b.a.i
09-19 11:28:08.733  2080  2207 D ONE SDK : [2022/09/19 11:28:08:732]: begin logout ..
09-19 11:28:08.733  2080  2207 D ONE SDK : [2022/09/19 11:28:08:732]: logout complete
09-19 11:28:08.737  2080  2214 V libnb   : enter native_bridge2_getTrampoline Java_com_hyphenate_chat_adapter_EMAError_nativeErrCode, trampoline_addr 0x0
09-19 11:28:08.738  2080  2214 V libnb   : enter native_bridge2_getTrampoline Java_com_hyphenate_chat_adapter_EMAError_nativeErrCode__, trampoline_addr 0x0
09-19 11:28:08.738  2080  2214 V libnb   : enter native_bridge2_getTrampoline Java_com_hyphenate_chat_adapter_EMAError_nativeErrCode, trampoline_addr 0x0
09-19 11:28:08.739  2080  2214 V libnb   : enter native_bridge2_getTrampoline Java_com_hyphenate_chat_adapter_EMAError_nativeErrCode__, trampoline_addr 0x0
09-19 11:28:08.739  2080  2214 V libnb   : enter native_bridge2_getTrampoline Java_com_hyphenate_chat_adapter_EMAError_nativeErrCode, trampoline_addr 0x0
09-19 11:28:08.739  2080  2214 V libnb   : enter native_bridge2_getTrampoline Java_com_hyphenate_chat_adapter_EMAError_nativeErrCode__, trampoline_addr 0x0
09-19 11:28:08.740  2080  2214 V libnb   : enter native_bridge2_getTrampoline Java_com_hyphenate_chat_adapter_EMAError_nativeErrCode, trampoline_addr 0x9efaee74
09-19 11:28:08.757  2080  2214 V libnb   : enter native_bridge2_getTrampoline Java_com_hyphenate_chat_adapter_EMAChatConfig_nativegetAppKey, trampoline_addr 0x0
09-19 11:28:08.757  2080  2214 V libnb   : enter native_bridge2_getTrampoline Java_com_hyphenate_chat_adapter_EMAChatConfig_nativegetAppKey__, trampoline_addr 0x0
09-19 11:28:08.757  2080  2214 V libnb   : enter native_bridge2_getTrampoline Java_com_hyphenate_chat_adapter_EMAChatConfig_nativegetAppKey, trampoline_addr 0x0
09-19 11:28:08.757  2080  2214 V libnb   : enter native_bridge2_getTrampoline Java_com_hyphenate_chat_adapter_EMAChatConfig_nativegetAppKey__, trampoline_addr 0x0
09-19 11:28:08.757  2080  2214 V libnb   : enter native_bridge2_getTrampoline Java_com_hyphenate_chat_adapter_EMAChatConfig_nativegetAppKey, trampoline_addr 0x0
09-19 11:28:08.757  2080  2214 V libnb   : enter native_bridge2_getTrampoline Java_com_hyphenate_chat_adapter_EMAChatConfig_nativegetAppKey__, trampoline_addr 0x0
09-19 11:28:08.757  2080  2214 V libnb   : enter native_bridge2_getTrampoline Java_com_hyphenate_chat_adapter_EMAChatConfig_nativegetAppKey, trampoline_addr 0x9efaee3c
09-19 11:28:08.789  2080  2214 V libnb   : enter native_bridge2_getTrampoline Java_com_hyphenate_chat_adapter_EMAChatConfig_nativeHasHeartBeatCustomizedParams, trampoline_addr 0x0
09-19 11:28:08.789  2080  2214 V libnb   : enter native_bridge2_getTrampoline Java_com_hyphenate_chat_adapter_EMAChatConfig_nativeHasHeartBeatCustomizedParams__, trampoline_addr 0x0
09-19 11:28:08.789  2080  2214 V libnb   : enter native_bridge2_getTrampoline Java_com_hyphenate_chat_adapter_EMAChatConfig_nativeHasHeartBeatCustomizedParams, trampoline_addr 0x0
09-19 11:28:08.789  2080  2214 V libnb   : enter native_bridge2_getTrampoline Java_com_hyphenate_chat_adapter_EMAChatConfig_nativeHasHeartBeatCustomizedParams__, trampoline_addr 0x0
09-19 11:28:08.789  2080  2214 V libnb   : enter native_bridge2_getTrampoline Java_com_hyphenate_chat_adapter_EMAChatConfig_nativeHasHeartBeatCustomizedParams, trampoline_addr 0x0
09-19 11:28:08.789  2080  2214 V libnb   : enter native_bridge2_getTrampoline Java_com_hyphenate_chat_adapter_EMAChatConfig_nativeHasHeartBeatCustomizedParams__, trampoline_addr 0x0
09-19 11:28:08.789  2080  2214 V libnb   : enter native_bridge2_getTrampoline Java_com_hyphenate_chat_adapter_EMAChatConfig_nativeHasHeartBeatCustomizedParams, trampoline_addr 0x9efaee04
09-19 11:28:08.789  2080  2213 V libnb   : enter native_bridge2_getTrampoline Java_com_hyphenate_chat_adapter_EMAChatClient_native_1onNetworkChanged, trampoline_addr 0x0
09-19 11:28:08.789  2080  2213 V libnb   : enter native_bridge2_getTrampoline Java_com_hyphenate_chat_adapter_EMAChatClient_native_1onNetworkChanged__I, trampoline_addr 0x0
09-19 11:28:08.789  2080  2213 V libnb   : enter native_bridge2_getTrampoline Java_com_hyphenate_chat_adapter_EMAChatClient_native_1onNetworkChanged, trampoline_addr 0x0
09-19 11:28:08.789  2080  2213 V libnb   : enter native_bridge2_getTrampoline Java_com_hyphenate_chat_adapter_EMAChatClient_native_1onNetworkChanged__I, trampoline_addr 0x0
09-19 11:28:08.789  2080  2213 V libnb   : enter native_bridge2_getTrampoline Java_com_hyphenate_chat_adapter_EMAChatClient_native_1onNetworkChanged, trampoline_addr 0x0
09-19 11:28:08.789  2080  2213 V libnb   : enter native_bridge2_getTrampoline Java_com_hyphenate_chat_adapter_EMAChatClient_native_1onNetworkChanged__I, trampoline_addr 0x0
09-19 11:28:08.789  2080  2213 V libnb   : enter native_bridge2_getTrampoline Java_com_hyphenate_chat_adapter_EMAChatClient_native_1onNetworkChanged, trampoline_addr 0x9efaedcc
09-19 11:28:08.789  2080  2207 D ONE SDK : [2022/09/19 11:28:08:789]: native_1onNetworkChanged: 2
09-19 11:28:08.789  2080  2207 D ONE SDK : [2022/09/19 11:28:08:789]: onNetworkChanged(): 2
09-19 11:28:08.803  2080  2214 W GooglePlayServicesUtil: com.litatom.app requires the Google Play Store, but it is missing.
09-19 11:28:08.803  2080  2207 D ONE SDK : [2022/09/19 11:28:08:803]: [EMPushHelper] EMPushHelper register, prefer push type: NORMAL
09-19 11:28:08.804  2080  2207 D ONE SDK : [2022/09/19 11:28:08:804]: [EMNormalPush] startChatService
09-19 11:28:08.808  1302  1545 W ActivityManager: Unable to start service Intent { cmp=com.litatom.app/com.hyphenate.chat.EMChatService } U=0: not found
09-19 11:28:08.809  2080  2207 D ONE SDK : [2022/09/19 11:28:08:809]: [EMNormalPush] scheduleJob
09-19 11:28:08.809  1302  1313 W ActivityManager: Unable to start service Intent { cmp=com.litatom.app/com.hyphenate.chat.EMJobService } U=0: not found
09-19 11:28:08.811  2080  2214 W JobInfo : Specified interval for 11 is +1m0s0ms. Clamped to +15m0s0ms
09-19 11:28:08.811  2080  2214 W JobInfo : Specified flex for 11 is +1m0s0ms. Clamped to +5m0s0ms
09-19 11:28:08.819  2080  2214 D EMClient: hyphenate login onSuccess
09-19 11:28:08.819  2080  2207 D ONE SDK : [2022/09/19 11:28:08:819]: [EMNormalPush] No such service ComponentInfo{com.litatom.app/com.hyphenate.chat.EMJobService}
09-19 11:28:08.822  2080  2207 D ONE SDK : [2022/09/19 11:28:08:820]: log: level: 1, area: 2, connectSocket(): connect finished
09-19 11:28:08.822  2080  2207 D ONE SDK : [2022/09/19 11:28:08:821]: log: level: 2, area: 2, connectSocket() OK: fd: 53 Client:172.16.1.15:46783 Server: 161.117.200.216:6717
09-19 11:28:08.822  2080  2207 D ONE SDK : [2022/09/19 11:28:08:821]: log: level: 2, area: 1, ChatClient::disconnect()
09-19 11:28:08.822  2080  2207 D ONE SDK : [2022/09/19 11:28:08:821]: log: level: 1, area: 2, cleanup() 53
09-19 11:28:08.822  2080  2207 D ONE SDK : [2022/09/19 11:28:08:821]: log: level: 1, area: 2, closeSocket() 53
09-19 11:28:08.822  2080  2207 D ONE SDK : [2022/09/19 11:28:08:822]: log: level: 2, area: 1, handleDisconnect:14
09-19 11:28:08.822  2080  2207 D ONE SDK : [2022/09/19 11:28:08:822]: log: level: 2, area: 1, ChatClient::disconnect()
09-19 11:28:08.822  2080  2207 D ONE SDK : [2022/09/19 11:28:08:822]: log: level: 1, area: 2, cleanup() -1
09-19 11:28:08.822  2080  2207 D ONE SDK : [2022/09/19 11:28:08:822]: log: level: 2, area: 1, handleDisconnect:14
09-19 11:28:08.905  2080  2089 V libnb   : enter native_bridge2_getTrampoline Java_com_hyphenate_chat_adapter_EMAError_nativeFinalize, trampoline_addr 0x0
09-19 11:28:08.905  2080  2089 V libnb   : enter native_bridge2_getTrampoline Java_com_hyphenate_chat_adapter_EMAError_nativeFinalize__, trampoline_addr 0x0
09-19 11:28:08.905  2080  2089 V libnb   : enter native_bridge2_getTrampoline Java_com_hyphenate_chat_adapter_EMAError_nativeFinalize, trampoline_addr 0x0
09-19 11:28:08.905  2080  2089 V libnb   : enter native_bridge2_getTrampoline Java_com_hyphenate_chat_adapter_EMAError_nativeFinalize__, trampoline_addr 0x0
09-19 11:28:08.905  2080  2089 V libnb   : enter native_bridge2_getTrampoline Java_com_hyphenate_chat_adapter_EMAError_nativeFinalize, trampoline_addr 0x0
09-19 11:28:08.905  2080  2089 V libnb   : enter native_bridge2_getTrampoline Java_com_hyphenate_chat_adapter_EMAError_nativeFinalize__, trampoline_addr 0x0
09-19 11:28:08.905  2080  2089 V libnb   : enter native_bridge2_getTrampoline Java_com_hyphenate_chat_adapter_EMAError_nativeFinalize, trampoline_addr 0x9efaed94
09-19 11:28:08.950  2080  2080 W System.err: java.io.FileNotFoundException:  (No such file or directory)
09-19 11:28:08.951  2080  2080 W System.err: 	at java.io.FileInputStream.open(Native Method)
09-19 11:28:08.951  2080  2080 W System.err: 	at java.io.FileInputStream.<init>(FileInputStream.java:146)
09-19 11:28:08.951  2080  2080 W System.err: 	at b.g.a.b.f.e(FileUtils.java:1)
09-19 11:28:08.951  2080  2080 W System.err: 	at b.x.a.n0.l0.e$a.o(DataPreLoader.java:18)
09-19 11:28:08.951  2080  2080 W System.err: 	at b.a.a.a.a$a$e.run(java-style lambda group:3)
09-19 11:28:08.951  2080  2080 W System.err: 	at android.os.Handler.handleCallback(Handler.java:751)
09-19 11:28:08.951  2080  2080 W System.err: 	at android.os.Handler.dispatchMessage(Handler.java:95)
09-19 11:28:08.951  2080  2080 W System.err: 	at android.os.Looper.loop(Looper.java:154)
09-19 11:28:08.951  2080  2080 W System.err: 	at android.app.ActivityThread.main(ActivityThread.java:6190)
09-19 11:28:08.951  2080  2080 W System.err: 	at java.lang.reflect.Method.invoke(Native Method)
09-19 11:28:08.951  2080  2080 W System.err: 	at com.android.internal.os.ZygoteInit$MethodAndArgsCaller.run(ZygoteInit.java:892)
09-19 11:28:08.951  2080  2080 W System.err: 	at com.android.internal.os.ZygoteInit.main(ZygoteInit.java:782)
09-19 11:28:09.137  2080  2346 I art     : Starting a blocking GC Explicit
09-19 11:28:09.168  2080  2346 I art     : Explicit concurrent mark sweep GC freed 23196(3MB) AllocSpace objects, 27(952KB) LOS objects, 40% free, 13MB/22MB, paused 419us total 20.680ms
09-19 11:28:09.731  2080  2207 D ONE SDK : [2022/09/19 11:28:09:731]: Java_com_hyphenate_chat_adapter_EMAChatManager_nativeGetConversations 
09-19 11:28:09.732  2080  2207 D ONE SDK : [2022/09/19 11:28:09:732]: Java_com_hyphenate_chat_adapter_EMAChatManager_nativeGetConversations 
09-19 11:28:09.742  2080  2080 D EventBus: No subscribers registered for event class b.x.a.t.l0
09-19 11:28:09.742  2080  2080 D EventBus: No subscribers registered for event class t.b.a.i
09-19 11:28:10.945  1114  1134 D audio_hw_hal: log_func, out_standby
09-19 11:28:10.945  1114  1134 D audio_hw_hal: raw_close_output_stream, dev=0xc6f0a0c0, stream =0xc6f05140
09-19 11:28:10.945  1114  1134 D audio_hw_hal: raw_close_output_stream, stream=0xc6f05140,  success!
09-19 11:28:12.609  2080  2346 I art     : Starting a blocking GC Explicit
09-19 11:28:12.627  2080  2346 I art     : Explicit concurrent mark sweep GC freed 16217(790KB) AllocSpace objects, 13(360KB) LOS objects, 39% free, 12MB/21MB, paused 536us total 17.911ms
09-19 11:28:16.084  2080  2092 I art     : Starting a blocking GC Explicit
09-19 11:28:16.097  2080  2092 I art     : Explicit concurrent mark sweep GC freed 10628(667KB) AllocSpace objects, 9(168KB) LOS objects, 40% free, 12MB/21MB, paused 429us total 13.457ms
09-19 11:28:19.499  2080  2346 I art     : Starting a blocking GC Explicit
09-19 11:28:19.512  2080  2346 I art     : Explicit concurrent mark sweep GC freed 5942(223KB) AllocSpace objects, 2(40KB) LOS objects, 40% free, 12MB/21MB, paused 461us total 13.063ms
09-19 11:28:22.898  2080  2092 I art     : Starting a blocking GC Explicit
09-19 11:28:22.912  2080  2092 I art     : Explicit concurrent mark sweep GC freed 5859(216KB) AllocSpace objects, 2(40KB) LOS objects, 40% free, 12MB/21MB, paused 442us total 13.584ms
09-19 11:28:24.886  1114  1134 D audio_hw_hal: raw_start_output_stream, stream=0xc6f05140, sampleRate=48000, channel=2, bps=16, bufSize=4096
09-19 11:28:24.944  1698  1698 W ContextImpl: Calling a method in the system process without a qualified user: android.app.ContextImpl.startService:1358 android.content.ContextWrapper.startService:613 android.content.ContextWrapper.startService:613 com.android.coreservice.CoreBroadcastReceiver.onReceive:44 android.app.ActivityThread.handleReceiver:3073 
09-19 11:28:24.946  1698  1698 W ContextImpl: Calling a method in the system process without a qualified user: android.app.ContextImpl.startService:1358 android.content.ContextWrapper.startService:613 android.content.ContextWrapper.startService:613 com.android.coreservice.CoreBroadcastReceiver.onReceive:53 android.app.ActivityThread.handleReceiver:3073 
09-19 11:28:24.949  2080  2313 D EGL_adreno: eglMakeCurrent: 0xa6d9b4a0: ver 3 1 (tinfo 0x9b111930)
09-19 11:28:24.950  1698  1698 W ContextImpl: Calling a method in the system process without a qualified user: android.app.ContextImpl.startService:1358 android.content.ContextWrapper.startService:613 android.content.ContextWrapper.startService:613 com.android.coreservice.CoreBroadcastReceiver.onReceive:69 android.app.ActivityThread.handleReceiver:3073 
09-19 11:28:24.971  2080  2371 D EGL_adreno: eglMakeCurrent: 0x98104280: ver 3 0 (tinfo 0x9b0876e0)
09-19 11:28:25.896  1302  1313 I ActivityManager: START u0 {cmp=com.litatom.app/com.lit.app.ui.BasicWebActivity (has extras)} from uid 10038 on display 0
09-19 11:28:25.901  2080  2080 W ViewRootImpl[SplashActivity]: Cancelling event due to no window focus: KeyEvent { action=ACTION_UP, keyCode=KEYCODE_DPAD_CENTER, scanCode=0, metaState=0, flags=0x28, repeatCount=0, eventTime=152632, downTime=152617, deviceId=-1, source=0x101 }
09-19 11:28:25.901  2080  2080 W ViewRootImpl[SplashActivity]: Cancelling event due to no window focus: KeyEvent { action=ACTION_UP, keyCode=KEYCODE_DPAD_CENTER, scanCode=0, metaState=0, flags=0x28, repeatCount=0, eventTime=152632, downTime=152617, deviceId=-1, source=0x101 }
09-19 11:28:25.901  2080  2080 W ViewRootImpl[SplashActivity]: Cancelling event due to no window focus: KeyEvent { action=ACTION_UP, keyCode=KEYCODE_DPAD_CENTER, scanCode=0, metaState=0, flags=0x28, repeatCount=0, eventTime=152632, downTime=152617, deviceId=-1, source=0x101 }
09-19 11:28:25.901  1698  1698 W ContextImpl: Calling a method in the system process without a qualified user: android.app.ContextImpl.startService:1358 android.content.ContextWrapper.startService:613 android.content.ContextWrapper.startService:613 com.android.coreservice.CoreBroadcastReceiver.onReceive:44 android.app.ActivityThread.handleReceiver:3073 
09-19 11:28:25.904  2080  2080 W ViewRootImpl[SplashActivity]: Cancelling event due to no window focus: KeyEvent { action=ACTION_UP, keyCode=KEYCODE_DPAD_CENTER, scanCode=0, metaState=0, flags=0x28, repeatCount=0, eventTime=152632, downTime=152617, deviceId=-1, source=0x101 }
09-19 11:28:25.904  2080  2080 W ViewRootImpl[SplashActivity]: Cancelling event due to no window focus: KeyEvent { action=ACTION_UP, keyCode=KEYCODE_DPAD_CENTER, scanCode=0, metaState=0, flags=0x28, repeatCount=0, eventTime=152632, downTime=152617, deviceId=-1, source=0x101 }
09-19 11:28:25.904  2080  2080 W ViewRootImpl[SplashActivity]: Cancelling event due to no window focus: KeyEvent { action=ACTION_UP, keyCode=KEYCODE_DPAD_CENTER, scanCode=0, metaState=0, flags=0x28, repeatCount=0, eventTime=152632, downTime=152617, deviceId=-1, source=0x101 }
09-19 11:28:25.904  2080  2080 W ViewRootImpl[SplashActivity]: Cancelling event due to no window focus: KeyEvent { action=ACTION_UP, keyCode=KEYCODE_DPAD_CENTER, scanCode=0, metaState=0, flags=0x28, repeatCount=0, eventTime=152632, downTime=152617, deviceId=-1, source=0x101 }
09-19 11:28:25.904  2080  2080 W ViewRootImpl[SplashActivity]: Cancelling event due to no window focus: KeyEvent { action=ACTION_UP, keyCode=KEYCODE_DPAD_CENTER, scanCode=0, metaState=0, flags=0x28, repeatCount=0, eventTime=152632, downTime=152617, deviceId=-1, source=0x101 }
09-19 11:28:25.904  2080  2080 W ViewRootImpl[SplashActivity]: Cancelling event due to no window focus: KeyEvent { action=ACTION_UP, keyCode=KEYCODE_DPAD_CENTER, scanCode=0, metaState=0, flags=0x28, repeatCount=0, eventTime=152632, downTime=152617, deviceId=-1, source=0x101 }
09-19 11:28:25.972  2080  2371 D EGL_adreno: eglMakeCurrent: 0x98104280: ver 3 0 (tinfo 0x9b0876e0)
09-19 11:28:25.973  2080  2080 I AppCompatViewInflater: app:theme is now deprecated. Please move to using android:theme instead.
09-19 11:28:25.997  1698  1698 W ContextImpl: Calling a method in the system process without a qualified user: android.app.ContextImpl.startService:1358 android.content.ContextWrapper.startService:613 android.content.ContextWrapper.startService:613 com.android.coreservice.CoreBroadcastReceiver.onReceive:53 android.app.ActivityThread.handleReceiver:3073 
09-19 11:28:26.015  1302  1312 I art     : Background partial concurrent mark sweep GC freed 29069(2MB) AllocSpace objects, 82(2MB) LOS objects, 33% free, 9MB/14MB, paused 6.015ms total 62.927ms
09-19 11:28:26.026  2080  2371 E eglCodecCommon: glUtilsParamSize: unknow param 0x000088ef
09-19 11:28:26.076  2080  2313 E EGL_adreno: tid 2313: eglSurfaceAttrib(1338): error 0x3009 (EGL_BAD_MATCH)
09-19 11:28:26.076  2080  2313 W OpenGLRenderer: Failed to set EGL_SWAP_BEHAVIOR on surface 0x95ae7080, error=EGL_BAD_MATCH
09-19 11:28:26.078  2080  2080 W ViewRootImpl[BasicWebActivity]: Cancelling event due to no window focus: KeyEvent { action=ACTION_UP, keyCode=KEYCODE_DPAD_CENTER, scanCode=0, metaState=0, flags=0x28, repeatCount=0, eventTime=152617, downTime=152617, deviceId=-1, source=0x101 }
09-19 11:28:26.078  2080  2080 W ViewRootImpl[BasicWebActivity]: Cancelling event due to no window focus: KeyEvent { action=ACTION_UP, keyCode=KEYCODE_DPAD_CENTER, scanCode=0, metaState=0, flags=0x28, repeatCount=0, eventTime=152617, downTime=152617, deviceId=-1, source=0x101 }
09-19 11:28:26.078  2080  2080 W ViewRootImpl[BasicWebActivity]: Cancelling event due to no window focus: KeyEvent { action=ACTION_UP, keyCode=KEYCODE_DPAD_CENTER, scanCode=0, metaState=0, flags=0x28, repeatCount=0, eventTime=152617, downTime=152617, deviceId=-1, source=0x101 }
09-19 11:28:26.078  2080  2080 W ViewRootImpl[BasicWebActivity]: Cancelling event due to no window focus: KeyEvent { action=ACTION_UP, keyCode=KEYCODE_DPAD_CENTER, scanCode=0, metaState=0, flags=0x28, repeatCount=0, eventTime=152617, downTime=152617, deviceId=-1, source=0x101 }
09-19 11:28:26.078  2080  2080 W ViewRootImpl[BasicWebActivity]: Cancelling event due to no window focus: KeyEvent { action=ACTION_UP, keyCode=KEYCODE_DPAD_CENTER, scanCode=0, metaState=0, flags=0x28, repeatCount=0, eventTime=152617, downTime=152617, deviceId=-1, source=0x101 }
09-19 11:28:26.078  2080  2080 W ViewRootImpl[BasicWebActivity]: Cancelling event due to no window focus: KeyEvent { action=ACTION_UP, keyCode=KEYCODE_DPAD_CENTER, scanCode=0, metaState=0, flags=0x28, repeatCount=0, eventTime=152617, downTime=152617, deviceId=-1, source=0x101 }
09-19 11:28:26.078  2080  2080 W ViewRootImpl[BasicWebActivity]: Cancelling event due to no window focus: KeyEvent { action=ACTION_UP, keyCode=KEYCODE_DPAD_CENTER, scanCode=0, metaState=0, flags=0x28, repeatCount=0, eventTime=152617, downTime=152617, deviceId=-1, source=0x101 }
09-19 11:28:26.078  2080  2080 W ViewRootImpl[BasicWebActivity]: Cancelling event due to no window focus: KeyEvent { action=ACTION_UP, keyCode=KEYCODE_DPAD_CENTER, scanCode=0, metaState=0, flags=0x28, repeatCount=0, eventTime=152617, downTime=152617, deviceId=-1, source=0x101 }
09-19 11:28:26.078  2080  2080 W ViewRootImpl[BasicWebActivity]: Cancelling event due to no window focus: KeyEvent { action=ACTION_UP, keyCode=KEYCODE_DPAD_CENTER, scanCode=0, metaState=0, flags=0x28, repeatCount=0, eventTime=152617, downTime=152617, deviceId=-1, source=0x101 }
09-19 11:28:26.082  2080  2313 D EGL_adreno: eglMakeCurrent: 0xa6d9b4a0: ver 3 1 (tinfo 0x9b111930)
09-19 11:28:26.088  2080  2313 E eglCodecCommon: glUtilsParamSize: unknow param 0x000088ef
09-19 11:28:26.104  1698  1698 W ContextImpl: Calling a method in the system process without a qualified user: android.app.ContextImpl.startService:1358 android.content.ContextWrapper.startService:613 android.content.ContextWrapper.startService:613 com.android.coreservice.CoreBroadcastReceiver.onReceive:69 android.app.ActivityThread.handleReceiver:3073 
09-19 11:28:26.105  1302  1323 I ActivityManager: Displayed com.litatom.app/com.lit.app.ui.BasicWebActivity: +203ms
09-19 11:28:26.333  2080  2239 I art     : Starting a blocking GC Explicit
09-19 11:28:26.369  2080  2239 I art     : Explicit concurrent mark sweep GC freed 24808(1144KB) AllocSpace objects, 3(60KB) LOS objects, 40% free, 13MB/21MB, paused 1.024ms total 35.891ms
09-19 11:28:27.978  1114  1134 D audio_hw_hal: log_func, out_standby
09-19 11:28:27.978  1114  1134 D audio_hw_hal: raw_close_output_stream, dev=0xc6f0a0c0, stream =0xc6f05140
09-19 11:28:27.979  1114  1134 D audio_hw_hal: raw_close_output_stream, stream=0xc6f05140,  success!
09-19 11:28:28.584  1302  1314 I ActivityManager: START u0 {act=android.intent.action.CALL_BUTTON flg=0x10000000} from uid 10038 on display 0
09-19 11:28:28.585  2080  2080 W PhoneFallbackEventHandler: No activity found for android.intent.action.CALL_BUTTON.
09-19 11:28:29.089  1698  1698 W ContextImpl: Calling a method in the system process without a qualified user: android.app.ContextImpl.startService:1358 android.content.ContextWrapper.startService:613 android.content.ContextWrapper.startService:613 com.android.coreservice.CoreBroadcastReceiver.onReceive:69 android.app.ActivityThread.handleReceiver:3073 
09-19 11:28:29.777  2080  2239 I art     : Starting a blocking GC Explicit
09-19 11:28:29.791  2080  2239 I art     : Explicit concurrent mark sweep GC freed 9618(417KB) AllocSpace objects, 3(80KB) LOS objects, 40% free, 12MB/21MB, paused 411us total 13.932ms
09-19 11:28:31.122  1698  1698 W ContextImpl: Calling a method in the system process without a qualified user: android.app.ContextImpl.startService:1358 android.content.ContextWrapper.startService:613 android.content.ContextWrapper.startService:613 com.android.coreservice.CoreBroadcastReceiver.onReceive:69 android.app.ActivityThread.handleReceiver:3073 
09-19 11:28:32.141  1698  1698 W ContextImpl: Calling a method in the system process without a qualified user: android.app.ContextImpl.startService:1358 android.content.ContextWrapper.startService:613 android.content.ContextWrapper.startService:613 com.android.coreservice.CoreBroadcastReceiver.onReceive:69 android.app.ActivityThread.handleReceiver:3073 
09-19 11:28:33.171  2080  2346 I art     : Starting a blocking GC Explicit
09-19 11:28:33.185  2080  2346 I art     : Explicit concurrent mark sweep GC freed 6034(222KB) AllocSpace objects, 2(40KB) LOS objects, 40% free, 12MB/21MB, paused 447us total 13.695ms
09-19 11:28:33.666  1698  1698 W ContextImpl: Calling a method in the system process without a qualified user: android.app.ContextImpl.startService:1358 android.content.ContextWrapper.startService:613 android.content.ContextWrapper.startService:613 com.android.coreservice.CoreBroadcastReceiver.onReceive:44 android.app.ActivityThread.handleReceiver:3073 
09-19 11:28:33.672  1698  1698 W ContextImpl: Calling a method in the system process without a qualified user: android.app.ContextImpl.startService:1358 android.content.ContextWrapper.startService:613 android.content.ContextWrapper.startService:613 com.android.coreservice.CoreBroadcastReceiver.onReceive:53 android.app.ActivityThread.handleReceiver:3073 
09-19 11:28:33.676  1698  1698 W ContextImpl: Calling a method in the system process without a qualified user: android.app.ContextImpl.startService:1358 android.content.ContextWrapper.startService:613 android.content.ContextWrapper.startService:613 com.android.coreservice.CoreBroadcastReceiver.onReceive:69 android.app.ActivityThread.handleReceiver:3073 
09-19 11:28:33.686  2080  2313 D EGL_adreno: eglMakeCurrent: 0xa6d9b4a0: ver 3 1 (tinfo 0x9b111930)
09-19 11:28:33.708  2080  2371 D EGL_adreno: eglMakeCurrent: 0x98104280: ver 3 0 (tinfo 0x9b0876e0)
09-19 11:28:34.168  2080  2313 D EGL_adreno: eglMakeCurrent: 0xa6d9b4a0: ver 3 1 (tinfo 0x9b111930)
09-19 11:28:34.612  2080  2371 D EGL_adreno: eglMakeCurrent: 0x98104280: ver 3 0 (tinfo 0x9b0876e0)
09-19 11:28:36.174  1114  1134 D audio_hw_hal: raw_start_output_stream, stream=0xc6f05140, sampleRate=48000, channel=2, bps=16, bufSize=4096
09-19 11:28:36.576  2080  2239 I art     : Starting a blocking GC Explicit
09-19 11:28:36.591  2080  2239 I art     : Explicit concurrent mark sweep GC freed 12350(491KB) AllocSpace objects, 2(40KB) LOS objects, 39% free, 12MB/21MB, paused 417us total 14.221ms
09-19 11:28:36.709  1394  1629 I vol.Events: writeEvent active_stream_changed STREAM_RING
09-19 11:28:36.719  1394  1629 I vol.Events: writeEvent key STREAM_RING 1
09-19 11:28:36.726  1394  1394 I vol.Events: writeEvent show_dialog volume_changed keyguard=false
09-19 11:28:36.777  1394  1647 E EGL_adreno: tid 1647: eglSurfaceAttrib(1338): error 0x3009 (EGL_BAD_MATCH)
09-19 11:28:36.778  1394  1647 W OpenGLRenderer: Failed to set EGL_SWAP_BEHAVIOR on surface 0xa4e05a60, error=EGL_BAD_MATCH
09-19 11:28:36.780  1394  1647 D EGL_adreno: eglMakeCurrent: 0xa7012860: ver 3 1 (tinfo 0xa7014600)
09-19 11:28:36.790  1302  1323 W ResourceType: Invalid package identifier when getting bag for resource number 0xffffffff
09-19 11:28:37.200  1394  1394 I vol.Events: writeEvent dismiss_dialog touch_outside
09-19 11:28:37.201  1394  1629 I vol.Events: writeEvent active_stream_changed UNKNOWN_STREAM_-1
09-19 11:28:37.208  1302  1314 I ActivityManager: START u0 {flg=0x10000000 cmp=com.litatom.app/com.lit.app.ui.login.FacebookLoginActivity (has extras)} from uid 10038 on display 0
09-19 11:28:37.210  1698  1698 W ContextImpl: Calling a method in the system process without a qualified user: android.app.ContextImpl.startService:1358 android.content.ContextWrapper.startService:613 android.content.ContextWrapper.startService:613 com.android.coreservice.CoreBroadcastReceiver.onReceive:44 android.app.ActivityThread.handleReceiver:3073 
09-19 11:28:37.238  2080  2080 I AppCompatViewInflater: app:theme is now deprecated. Please move to using android:theme instead.
09-19 11:28:37.241  2080  2080 D BaseActivity: isNightMode ==> false , isSystemDarkOpen ==> false , isFollowSystemMode() ==> false
09-19 11:28:37.250  1302  1644 I ActivityManager: START u0 {act=NATIVE_WITH_FALLBACK cmp=com.litatom.app/com.facebook.FacebookActivity (has extras)} from uid 10038 on display 0
09-19 11:28:37.254  1698  1698 W ContextImpl: Calling a method in the system process without a qualified user: android.app.ContextImpl.startService:1358 android.content.ContextWrapper.startService:613 android.content.ContextWrapper.startService:613 com.android.coreservice.CoreBroadcastReceiver.onReceive:44 android.app.ActivityThread.handleReceiver:3073 
09-19 11:28:37.259  1698  1698 W ContextImpl: Calling a method in the system process without a qualified user: android.app.ContextImpl.startService:1358 android.content.ContextWrapper.startService:613 android.content.ContextWrapper.startService:613 com.android.coreservice.CoreBroadcastReceiver.onReceive:53 android.app.ActivityThread.handleReceiver:3073 
09-19 11:28:37.300  2080  2313 E EGL_adreno: tid 2313: eglSurfaceAttrib(1338): error 0x3009 (EGL_BAD_MATCH)
09-19 11:28:37.300  2080  2313 W OpenGLRenderer: Failed to set EGL_SWAP_BEHAVIOR on surface 0xa6cb5660, error=EGL_BAD_MATCH
09-19 11:28:37.308  2080  2313 D EGL_adreno: eglMakeCurrent: 0xa6d9b4a0: ver 3 1 (tinfo 0x9b111930)
09-19 11:28:37.330  2080  2313 D EGL_adreno: eglMakeCurrent: 0xa6d9b4a0: ver 3 1 (tinfo 0x9b111930)
09-19 11:28:37.361  2080  2080 W com.facebook.internal.c1: Apps that target Android API 30+ (Android 11+) cannot call Facebook native apps unless the package visibility needs are declared. Please follow https://developers.facebook.com/docs/android/troubleshooting/#faq_267321845055988 to make the declaration.
09-19 11:28:37.362  2080  2588 W com.facebook.internal.c1: Apps that target Android API 30+ (Android 11+) cannot call Facebook native apps unless the package visibility needs are declared. Please follow https://developers.facebook.com/docs/android/troubleshooting/#faq_267321845055988 to make the declaration.
09-19 11:28:37.372  1302  1314 I ActivityManager: START u0 {cmp=com.facebook.katana/.ProxyAuth (has extras)} from uid 10038 on display 0
09-19 11:28:37.376  1302  1644 I ActivityManager: START u0 {cmp=com.facebook.wakizashi/com.facebook.katana.ProxyAuth (has extras)} from uid 10038 on display 0
09-19 11:28:37.386  1302  1545 I ActivityManager: START u0 {cmp=com.litatom.app/com.facebook.CustomTabMainActivity (has extras)} from uid 10038 on display 0
