09-19 11:28:02.591  2080  2080 V libnb   : enter native_bridge2_getTrampoline Java_com_hyphenate_chat_adapter_EMAChatConfig_nativeSetCallbackNet__Lcom_hyphenate_chat_adapter_EMANetCallback_2, trampoline_addr 0x0
09-19 11:28:02.591  2080  2080 V libnb   : enter native_bridge2_getTrampoline Java_com_hyphenate_chat_adapter_EMAChatConfig_nativeSetCallbackNet, trampoline_addr 0x0
09-19 11:28:02.591  2080  2080 V libnb   : enter native_bridge2_getTrampoline Java_com_hyphenate_chat_adapter_EMAChatConfig_nativeSetCallbackNet__Lcom_hyphenate_chat_adapter_EMANetCallback_2, trampoline_addr 0x0
09-19 11:28:02.591  2080  2080 V libnb   : enter native_bridge2_getTrampoline Java_com_hyphenate_chat_adapter_EMAChatConfig_nativeSetCallbackNet, trampoline_addr 0x0
09-19 11:28:02.591  2080  2080 V libnb   : enter native_bridge2_getTrampoline Java_com_hyphenate_chat_adapter_EMAChatConfig_nativeSetCallbackNet__Lcom_hyphenate_chat_adapter_EMANetCallback_2, trampoline_addr 0x0
09-19 11:28:02.591  2080  2080 V libnb   : enter native_bridge2_getTrampoline Java_com_hyphenate_chat_adapter_EMAChatConfig_nativeSetCallbackNet, trampoline_addr 0xb91cb2a4
09-19 11:28:02.593  2080  2080 E EMClient: is autoLogin : true
09-19 11:28:02.593  2080  2080 E EMClient: lastLoginUser : love132275343127906
09-19 11:28:02.593  2080  2080 E EMClient: hyphenate SDK is initialized with version : 3.9.1.2
09-19 11:28:02.595  2080  2080 V libnb   : enter native_bridge2_getTrampoline Java_com_hyphenate_chat_adapter_EMASessionManager_nativeGetEncryptionKey, trampoline_addr 0x0
09-19 11:28:02.595  2080  2080 V libnb   : enter native_bridge2_getTrampoline Java_com_hyphenate_chat_adapter_EMASessionManager_nativeGetEncryptionKey__Ljava_lang_String_2, trampoline_addr 0x0
09-19 11:28:02.595  2080  2080 V libnb   : enter native_bridge2_getTrampoline Java_com_hyphenate_chat_adapter_EMASessionManager_nativeGetEncryptionKey, trampoline_addr 0x0
09-19 11:28:02.595  2080  2080 V libnb   : enter native_bridge2_getTrampoline Java_com_hyphenate_chat_adapter_EMASessionManager_nativeGetEncryptionKey__Ljava_lang_String_2, trampoline_addr 0x0
09-19 11:28:02.595  2080  2080 V libnb   : enter native_bridge2_getTrampoline Java_com_hyphenate_chat_adapter_EMASessionManager_nativeGetEncryptionKey, trampoline_addr 0x0
09-19 11:28:02.595  2080  2080 V libnb   : enter native_bridge2_getTrampoline Java_com_hyphenate_chat_adapter_EMASessionManager_nativeGetEncryptionKey__Ljava_lang_String_2, trampoline_addr 0x0
09-19 11:28:02.595  2080  2080 V libnb   : enter native_bridge2_getTrampoline Java_com_hyphenate_chat_adapter_EMASessionManager_nativeGetEncryptionKey, trampoline_addr 0xb91cb26c
09-19 11:28:02.596  2080  2080 V libnb   : enter native_bridge2_getTrampoline Java_com_hyphenate_chat_adapter_EMAChatConfig_nativeSetDebugMode, trampoline_addr 0x0
09-19 11:28:02.596  2080  2080 V libnb   : enter native_bridge2_getTrampoline Java_com_hyphenate_chat_adapter_EMAChatConfig_nativeSetDebugMode__Z, trampoline_addr 0x0
09-19 11:28:02.596  2080  2080 V libnb   : enter native_bridge2_getTrampoline Java_com_hyphenate_chat_adapter_EMAChatConfig_nativeSetDebugMode, trampoline_addr 0x0
09-19 11:28:02.596  2080  2080 V libnb   : enter native_bridge2_getTrampoline Java_com_hyphenate_chat_adapter_EMAChatConfig_nativeSetDebugMode__Z, trampoline_addr 0x0
09-19 11:28:02.596  2080  2080 V libnb   : enter native_bridge2_getTrampoline Java_com_hyphenate_chat_adapter_EMAChatConfig_nativeSetDebugMode, trampoline_addr 0x0
09-19 11:28:02.596  2080  2080 V libnb   : enter native_bridge2_getTrampoline Java_com_hyphenate_chat_adapter_EMAChatConfig_nativeSetDebugMode__Z, trampoline_addr 0x0
09-19 11:28:02.596  2080  2080 V libnb   : enter native_bridge2_getTrampoline Java_com_hyphenate_chat_adapter_EMAChatConfig_nativeSetDebugMode, trampoline_addr 0xb91cb234
09-19 11:28:02.596  2080  2213 V libnb   : enter native_bridge2_getTrampoline Java_com_hyphenate_chat_adapter_EMAChatConfig_nativeOpenDatabase, trampoline_addr 0x0
09-19 11:28:02.597  2080  2213 V libnb   : enter native_bridge2_getTrampoline Java_com_hyphenate_chat_adapter_EMAChatConfig_nativeOpenDatabase__Ljava_lang_String_2, trampoline_addr 0x0
09-19 11:28:02.597  2080  2213 V libnb   : enter native_bridge2_getTrampoline Java_com_hyphenate_chat_adapter_EMAChatConfig_nativeOpenDatabase, trampoline_addr 0x0
09-19 11:28:02.597  2080  2213 V libnb   : enter native_bridge2_getTrampoline Java_com_hyphenate_chat_adapter_EMAChatConfig_nativeOpenDatabase__Ljava_lang_String_2, trampoline_addr 0x0
09-19 11:28:02.597  2080  2213 V libnb   : enter native_bridge2_getTrampoline Java_com_hyphenate_chat_adapter_EMAChatConfig_nativeOpenDatabase, trampoline_addr 0x0
09-19 11:28:02.597  2080  2213 V libnb   : enter native_bridge2_getTrampoline Java_com_hyphenate_chat_adapter_EMAChatConfig_nativeOpenDatabase__Ljava_lang_String_2, trampoline_addr 0x0
09-19 11:28:02.597  2080  2213 V libnb   : enter native_bridge2_getTrampoline Java_com_hyphenate_chat_adapter_EMAChatConfig_nativeOpenDatabase, trampoline_addr 0xb91cb1fc
09-19 11:28:02.597  2080  2214 V libnb   : enter native_bridge2_getTrampoline Java_com_hyphenate_chat_adapter_EMAChatClient_native_1isConnected, trampoline_addr 0x0
09-19 11:28:02.597  2080  2214 V libnb   : enter native_bridge2_getTrampoline Java_com_hyphenate_chat_adapter_EMAChatClient_native_1isConnected__, trampoline_addr 0x0
09-19 11:28:02.597  2080  2214 V libnb   : enter native_bridge2_getTrampoline Java_com_hyphenate_chat_adapter_EMAChatClient_native_1isConnected, trampoline_addr 0x0
09-19 11:28:02.597  2080  2214 V libnb   : enter native_bridge2_getTrampoline Java_com_hyphenate_chat_adapter_EMAChatClient_native_1isConnected__, trampoline_addr 0x0
09-19 11:28:02.597  2080  2214 V libnb   : enter native_bridge2_getTrampoline Java_com_hyphenate_chat_adapter_EMAChatClient_native_1isConnected, trampoline_addr 0x0
09-19 11:28:02.597  2080  2214 V libnb   : enter native_bridge2_getTrampoline Java_com_hyphenate_chat_adapter_EMAChatClient_native_1isConnected__, trampoline_addr 0x0
09-19 11:28:02.597  2080  2214 V libnb   : enter native_bridge2_getTrampoline Java_com_hyphenate_chat_adapter_EMAChatClient_native_1isConnected, trampoline_addr 0xb91cb1c4
09-19 11:28:02.597  2080  2080 I MMKV    : <MemoryFile.cpp:97::open> open fd[0x4a], /data/user/0/com.litatom.app/files/mmkv/user_conversation_sp
09-19 11:28:02.597  2080  2080 I MMKV    : <MemoryFile.cpp:97::open> open fd[0x4b], /data/user/0/com.litatom.app/files/mmkv/user_conversation_sp.crc
09-19 11:28:02.600  2080  2207 D ONE SDK : [2022/09/19 11:28:02:600]: sqlite version: 3.34.1
09-19 11:28:02.601  2080  2207 D ONE SDK : [2022/09/19 11:28:02:601]: sqlite version: 3.34.1
09-19 11:28:02.605  2080  2207 D ONE SDK : [2022/09/19 11:28:02:605]: performMigrationIfNecessary current DB version: 6
09-19 11:28:02.609  2080  2213 V libnb   : enter native_bridge2_getTrampoline Java_com_hyphenate_chat_adapter_EMAGroupManager_nativeLoadAllMyGroupsFromDB, trampoline_addr 0x0
09-19 11:28:02.609  2080  2213 V libnb   : enter native_bridge2_getTrampoline Java_com_hyphenate_chat_adapter_EMAGroupManager_nativeLoadAllMyGroupsFromDB__, trampoline_addr 0x0
09-19 11:28:02.609  2080  2213 V libnb   : enter native_bridge2_getTrampoline Java_com_hyphenate_chat_adapter_EMAGroupManager_nativeLoadAllMyGroupsFromDB, trampoline_addr 0x0
09-19 11:28:02.609  2080  2213 V libnb   : enter native_bridge2_getTrampoline Java_com_hyphenate_chat_adapter_EMAGroupManager_nativeLoadAllMyGroupsFromDB__, trampoline_addr 0x0
09-19 11:28:02.609  2080  2213 V libnb   : enter native_bridge2_getTrampoline Java_com_hyphenate_chat_adapter_EMAGroupManager_nativeLoadAllMyGroupsFromDB, trampoline_addr 0x0
09-19 11:28:02.609  2080  2213 V libnb   : enter native_bridge2_getTrampoline Java_com_hyphenate_chat_adapter_EMAGroupManager_nativeLoadAllMyGroupsFromDB__, trampoline_addr 0x0
09-19 11:28:02.609  2080  2213 V libnb   : enter native_bridge2_getTrampoline Java_com_hyphenate_chat_adapter_EMAGroupManager_nativeLoadAllMyGroupsFromDB, trampoline_addr 0xb91cb18c
09-19 11:28:02.610  2080  2213 V libnb   : enter native_bridge2_getTrampoline Java_com_hyphenate_chat_adapter_EMAChatManager_nativeLoadAllConversationsFromDB, trampoline_addr 0x0
09-19 11:28:02.610  2080  2213 V libnb   : enter native_bridge2_getTrampoline Java_com_hyphenate_chat_adapter_EMAChatManager_nativeLoadAllConversationsFromDB__, trampoline_addr 0x0
09-19 11:28:02.610  2080  2213 V libnb   : enter native_bridge2_getTrampoline Java_com_hyphenate_chat_adapter_EMAChatManager_nativeLoadAllConversationsFromDB, trampoline_addr 0x0
09-19 11:28:02.610  2080  2213 V libnb   : enter native_bridge2_getTrampoline Java_com_hyphenate_chat_adapter_EMAChatManager_nativeLoadAllConversationsFromDB__, trampoline_addr 0x0
09-19 11:28:02.610  2080  2213 V libnb   : enter native_bridge2_getTrampoline Java_com_hyphenate_chat_adapter_EMAChatManager_nativeLoadAllConversationsFromDB, trampoline_addr 0x0
09-19 11:28:02.610  2080  2213 V libnb   : enter native_bridge2_getTrampoline Java_com_hyphenate_chat_adapter_EMAChatManager_nativeLoadAllConversationsFromDB__, trampoline_addr 0x0
09-19 11:28:02.610  2080  2213 V libnb   : enter native_bridge2_getTrampoline Java_com_hyphenate_chat_adapter_EMAChatManager_nativeLoadAllConversationsFromDB, trampoline_addr 0xb91cb154
09-19 11:28:02.610  2080  2207 D ONE SDK : [2022/09/19 11:28:02:610]: Java_com_hyphenate_chat_adapter_EMAChatManager_nativeLoadAllConversationsFromDB
09-19 11:28:02.612  2080  2207 D ONE SDK : [2022/09/19 11:28:02:612]: msgList.size0
09-19 11:28:02.613  2080  2207 D ONE SDK : [2022/09/19 11:28:02:613]: conversationMap.size:0
09-19 11:28:02.613  2080  2213 V libnb   : enter native_bridge2_getTrampoline Java_com_hyphenate_chat_adapter_EMAChatConfig_nativeLogE, trampoline_addr 0x0
09-19 11:28:02.613  2080  2213 V libnb   : enter native_bridge2_getTrampoline Java_com_hyphenate_chat_adapter_EMAChatConfig_nativeLogE__Ljava_lang_String_2Ljava_lang_String_2, trampoline_addr 0x0
09-19 11:28:02.613  2080  2213 V libnb   : enter native_bridge2_getTrampoline Java_com_hyphenate_chat_adapter_EMAChatConfig_nativeLogE, trampoline_addr 0x0
09-19 11:28:02.613  2080  2213 V libnb   : enter native_bridge2_getTrampoline Java_com_hyphenate_chat_adapter_EMAChatConfig_nativeLogE__Ljava_lang_String_2Ljava_lang_String_2, trampoline_addr 0x0
09-19 11:28:02.613  2080  2213 V libnb   : enter native_bridge2_getTrampoline Java_com_hyphenate_chat_adapter_EMAChatConfig_nativeLogE, trampoline_addr 0x0
09-19 11:28:02.613  2080  2213 V libnb   : enter native_bridge2_getTrampoline Java_com_hyphenate_chat_adapter_EMAChatConfig_nativeLogE__Ljava_lang_String_2Ljava_lang_String_2, trampoline_addr 0x0
09-19 11:28:02.613  2080  2213 V libnb   : enter native_bridge2_getTrampoline Java_com_hyphenate_chat_adapter_EMAChatConfig_nativeLogE, trampoline_addr 0xb91cb11c
09-19 11:28:02.613  2080  2207 D ONE SDK : [2022/09/19 11:28:02:613]: [EMClient] emchat manager login in process:2080
09-19 11:28:02.614  2080  2207 D ONE SDK : [2022/09/19 11:28:02:614]: [EMClient] emchat manager login in process:2080 threadName:pool-34-thread-2 ID:167
09-19 11:28:02.614  2080  2214 V libnb   : enter native_bridge2_getTrampoline Java_com_hyphenate_chat_adapter_EMAError_nativeInit, trampoline_addr 0x0
09-19 11:28:02.614  2080  2214 V libnb   : enter native_bridge2_getTrampoline Java_com_hyphenate_chat_adapter_EMAError_nativeInit__, trampoline_addr 0x0
09-19 11:28:02.614  2080  2214 V libnb   : enter native_bridge2_getTrampoline Java_com_hyphenate_chat_adapter_EMAError_nativeInit, trampoline_addr 0x0
09-19 11:28:02.614  2080  2214 V libnb   : enter native_bridge2_getTrampoline Java_com_hyphenate_chat_adapter_EMAError_nativeInit__, trampoline_addr 0x0
09-19 11:28:02.614  2080  2214 V libnb   : enter native_bridge2_getTrampoline Java_com_hyphenate_chat_adapter_EMAError_nativeInit, trampoline_addr 0x0
09-19 11:28:02.614  2080  2214 V libnb   : enter native_bridge2_getTrampoline Java_com_hyphenate_chat_adapter_EMAError_nativeInit__, trampoline_addr 0x0
09-19 11:28:02.614  2080  2214 V libnb   : enter native_bridge2_getTrampoline Java_com_hyphenate_chat_adapter_EMAError_nativeInit, trampoline_addr 0x0
09-19 11:28:02.614  2080  2214 V libnb   : enter native_bridge2_getTrampoline Java_com_hyphenate_chat_adapter_EMAError_nativeInit__, trampoline_addr 0xb91cb0e4
09-19 11:28:02.614  2080  2214 V libnb   : enter native_bridge2_getTrampoline Java_com_hyphenate_chat_adapter_EMAChatClient_native_1login, trampoline_addr 0x0
09-19 11:28:02.614  2080  2214 V libnb   : enter native_bridge2_getTrampoline Java_com_hyphenate_chat_adapter_EMAChatClient_native_1login__Ljava_lang_String_2Ljava_lang_String_2ZZLcom_hyphenate_chat_adapter_EMAError_2, trampoline_addr 0x0
09-19 11:28:02.614  2080  2214 V libnb   : enter native_bridge2_getTrampoline Java_com_hyphenate_chat_adapter_EMAChatClient_native_1login, trampoline_addr 0x0
09-19 11:28:02.614  2080  2214 V libnb   : enter native_bridge2_getTrampoline Java_com_hyphenate_chat_adapter_EMAChatClient_native_1login__Ljava_lang_String_2Ljava_lang_String_2ZZLcom_hyphenate_chat_adapter_EMAError_2, trampoline_addr 0x0
09-19 11:28:02.614  2080  2214 V libnb   : enter native_bridge2_getTrampoline Java_com_hyphenate_chat_adapter_EMAChatClient_native_1login, trampoline_addr 0x0
09-19 11:28:02.614  2080  2214 V libnb   : enter native_bridge2_getTrampoline Java_com_hyphenate_chat_adapter_EMAChatClient_native_1login__Ljava_lang_String_2Ljava_lang_String_2ZZLcom_hyphenate_chat_adapter_EMAError_2, trampoline_addr 0x0
09-19 11:28:02.614  2080  2214 V libnb   : enter native_bridge2_getTrampoline Java_com_hyphenate_chat_adapter_EMAChatClient_native_1login, trampoline_addr 0xb91cb0ac
09-19 11:28:02.614  2080  2207 D ONE SDK : [2022/09/19 11:28:02:614]: autoLogin
09-19 11:28:02.614  2080  2207 D ONE SDK : [2022/09/19 11:28:02:614]: EMSessionManager::login(): is autoLogin? 1 type: 0, id: love132275343127906
09-19 11:28:02.614  2080  2207 D ONE SDK : [2022/09/19 11:28:02:614]: os version: 7.1.2
09-19 11:28:02.615  2080  2207 D ONE SDK : [2022/09/19 11:28:02:615]: buildUrl(): use default address
09-19 11:28:02.615  2080  2207 D ONE SDK : [2022/09/19 11:28:02:615]: buildUrl(): https://rs.easemob.com/easemob/server.json?sdk_version=3.9.1.2&app_key=1102190223222824%23lit&file_version=1
09-19 11:28:02.615  2080  2207 D ONE SDK : [2022/09/19 11:28:02:615]: httprequest perform: https://rs.easemob.com/easemob/server.json?sdk_version=3.9.1.2&app_key=1102190223222824%23lit&file_version=1
09-19 11:28:02.618  2080  2080 I MMKV    : <MMKV_IO.cpp:81::loadFromFile> loading [user_conversation_sp] with 31 actual size, file size 4096, InterProcess 0, meta info version:3
09-19 11:28:02.618  2080  2080 I MMKV    : <MMKV_IO.cpp:86::loadFromFile> loading [user_conversation_sp] with crc 692914165 sequence 2 version 3
09-19 11:28:02.618  2080  2080 I MMKV    : <MMKV_IO.cpp:130::loadFromFile> loaded [user_conversation_sp] with 1 key-values
09-19 11:28:02.624  2080  2207 D ONE SDK : [2022/09/19 11:28:02:624]: Java_com_hyphenate_chat_adapter_EMAChatManager_nativeLoadAllConversationsFromDB
09-19 11:28:02.626  2080  2207 D ONE SDK : [2022/09/19 11:28:02:626]: msgList.size0
09-19 11:28:02.626  2080  2207 D ONE SDK : [2022/09/19 11:28:02:626]: conversationMap.size:0
09-19 11:28:02.627  2080  2080 I MMKV    : <MemoryFile.cpp:97::open> open fd[0x4e], /data/user/0/com.litatom.app/files/mmkv/diamond_sp_v2
09-19 11:28:02.627  2080  2080 I MMKV    : <MemoryFile.cpp:97::open> open fd[0x4f], /data/user/0/com.litatom.app/files/mmkv/diamond_sp_v2.crc
09-19 11:28:02.633  2080  2080 I MMKV    : <MMKV_IO.cpp:81::loadFromFile> loading [diamond_sp_v2] with 0 actual size, file size 4096, InterProcess 0, meta info version:1
09-19 11:28:02.633  2080  2080 I MMKV    : <MMKV_IO.cpp:130::loadFromFile> loaded [diamond_sp_v2] with 0 key-values
09-19 11:28:02.644  2080  2080 I MMKV    : <MemoryFile.cpp:97::open> open fd[0x53], /data/user/0/com.litatom.app/files/mmkv/lit_web_page_cache
09-19 11:28:02.645  2080  2080 I MMKV    : <MemoryFile.cpp:97::open> open fd[0x55], /data/user/0/com.litatom.app/files/mmkv/lit_web_page_cache.crc
09-19 11:28:02.652  2080  2080 I MMKV    : <MMKV_IO.cpp:81::loadFromFile> loading [lit_web_page_cache] with 2670 actual size, file size 4096, InterProcess 0, meta info version:3
09-19 11:28:02.652  2080  2080 I MMKV    : <MMKV_IO.cpp:86::loadFromFile> loading [lit_web_page_cache] with crc 60857577 sequence 1 version 3
09-19 11:28:02.652  2080  2080 I MMKV    : <MMKV_IO.cpp:130::loadFromFile> loaded [lit_web_page_cache] with 4 key-values
09-19 11:28:02.690  2080  2080 W art     : Before Android 4.1, method double java.util.concurrent.ThreadLocalRandom.internalNextDouble(double, double) would have incorrectly overridden the package-private method in java.util.Random
09-19 11:28:02.690  2080  2080 W art     : Before Android 4.1, method int java.util.concurrent.ThreadLocalRandom.internalNextInt(int, int) would have incorrectly overridden the package-private method in java.util.Random
09-19 11:28:02.690  2080  2080 W art     : Before Android 4.1, method long java.util.concurrent.ThreadLocalRandom.internalNextLong(long, long) would have incorrectly overridden the package-private method in java.util.Random
09-19 11:28:02.691  2080  2080 I MMKV    : <MemoryFile.cpp:97::open> open fd[0x5f], /data/user/0/com.litatom.app/files/mmkv/lit_string_resource
09-19 11:28:02.691  2080  2080 I MMKV    : <MemoryFile.cpp:97::open> open fd[0x60], /data/user/0/com.litatom.app/files/mmkv/lit_string_resource.crc
09-19 11:28:02.698  2080  2080 I MMKV    : <MMKV_IO.cpp:81::loadFromFile> loading [lit_string_resource] with 1221 actual size, file size 4096, InterProcess 0, meta info version:3
09-19 11:28:02.698  2080  2080 I MMKV    : <MMKV_IO.cpp:86::loadFromFile> loading [lit_string_resource] with crc 3154353757 sequence 1 version 3
09-19 11:28:02.698  2080  2080 I MMKV    : <MMKV_IO.cpp:130::loadFromFile> loaded [lit_string_resource] with 13 key-values
09-19 11:28:02.711  2080  2080 I MMKV    : <MemoryFile.cpp:97::open> open fd[0x61], /data/user/0/com.litatom.app/files/mmkv/lit_day_night
09-19 11:28:02.711  2080  2080 I MMKV    : <MemoryFile.cpp:97::open> open fd[0x62], /data/user/0/com.litatom.app/files/mmkv/lit_day_night.crc
09-19 11:28:02.712  2080  2080 I MMKV    : <MMKV_IO.cpp:81::loadFromFile> loading [lit_day_night] with 21 actual size, file size 4096, InterProcess 0, meta info version:3
09-19 11:28:02.712  2080  2228 V libnb   : enter native_bridge2_getTrampoline Java_com_litatom_libguard_LibGuard_getSignCode, trampoline_addr 0x0
09-19 11:28:02.712  2080  2080 I MMKV    : <MMKV_IO.cpp:86::loadFromFile> loading [lit_day_night] with crc 572047625 sequence 1 version 3
09-19 11:28:02.712  2080  2228 V libnb   : enter native_bridge2_getTrampoline Java_com_litatom_libguard_LibGuard_getSignCode__Landroid_content_Context_2J, trampoline_addr 0x0
09-19 11:28:02.712  2080  2228 V libnb   : enter native_bridge2_getTrampoline Java_com_litatom_libguard_LibGuard_getSignCode, trampoline_addr 0x0
09-19 11:28:02.712  2080  2228 V libnb   : enter native_bridge2_getTrampoline Java_com_litatom_libguard_LibGuard_getSignCode__Landroid_content_Context_2J, trampoline_addr 0x0
09-19 11:28:02.712  2080  2228 V libnb   : enter native_bridge2_getTrampoline Java_com_litatom_libguard_LibGuard_getSignCode, trampoline_addr 0xb91cb074
09-19 11:28:02.712  2080  2080 I MMKV    : <MMKV_IO.cpp:130::loadFromFile> loaded [lit_day_night] with 1 key-values
09-19 11:28:02.712  2080  2228 V libnb   : enter native_bridge2_getTrampoline Java_com_litatom_libguard_LibGuard_encodeShadowContent, trampoline_addr 0x0
09-19 11:28:02.712  2080  2228 V libnb   : enter native_bridge2_getTrampoline Java_com_litatom_libguard_LibGuard_encodeShadowContent__Ljava_lang_String_2I, trampoline_addr 0x0
09-19 11:28:02.712  2080  2228 V libnb   : enter native_bridge2_getTrampoline Java_com_litatom_libguard_LibGuard_encodeShadowContent, trampoline_addr 0x0
09-19 11:28:02.712  2080  2228 V libnb   : enter native_bridge2_getTrampoline Java_com_litatom_libguard_LibGuard_encodeShadowContent__Ljava_lang_String_2I, trampoline_addr 0x0
09-19 11:28:02.712  2080  2228 V libnb   : enter native_bridge2_getTrampoline Java_com_litatom_libguard_LibGuard_encodeShadowContent, trampoline_addr 0xb91cb03c
09-19 11:28:02.746  2080  2228 V libnb   : enter native_bridge2_getTrampoline Java_com_litatom_libguard_LibGuard_decodeShadowContent, trampoline_addr 0x0
09-19 11:28:02.746  2080  2228 V libnb   : enter native_bridge2_getTrampoline Java_com_litatom_libguard_LibGuard_decodeShadowContent__Ljava_lang_String_2I, trampoline_addr 0x0
09-19 11:28:02.746  2080  2228 V libnb   : enter native_bridge2_getTrampoline Java_com_litatom_libguard_LibGuard_decodeShadowContent, trampoline_addr 0x0
09-19 11:28:02.746  2080  2228 V libnb   : enter native_bridge2_getTrampoline Java_com_litatom_libguard_LibGuard_decodeShadowContent__Ljava_lang_String_2I, trampoline_addr 0x0
09-19 11:28:02.746  2080  2228 V libnb   : enter native_bridge2_getTrampoline Java_com_litatom_libguard_LibGuard_decodeShadowContent, trampoline_addr 0x9efaefc4
09-19 11:28:02.764  2080  2080 I MMKV    : <MemoryFile.cpp:97::open> open fd[0x63], /data/user/0/com.litatom.app/files/mmkv/party_chat
09-19 11:28:02.765  2080  2080 I MMKV    : <MemoryFile.cpp:97::open> open fd[0x64], /data/user/0/com.litatom.app/files/mmkv/party_chat.crc
09-19 11:28:02.766  2080  2080 I MMKV    : <MMKV_IO.cpp:81::loadFromFile> loading [party_chat] with 2871 actual size, file size 8192, InterProcess 0, meta info version:3
09-19 11:28:02.766  2080  2080 I MMKV    : <MMKV_IO.cpp:86::loadFromFile> loading [party_chat] with crc 2730271310 sequence 1 version 3
09-19 11:28:02.766  2080  2080 I MMKV    : <MMKV_IO.cpp:130::loadFromFile> loaded [party_chat] with 2 key-values
09-19 11:28:02.768  2080  2080 D EventBus: No subscribers registered for event class b.x.a.t.b1
09-19 11:28:02.769  2080  2080 D EventBus: No subscribers registered for event class t.b.a.i
09-19 11:28:02.810  2080  2080 D BaseActivity: isNightMode ==> false , isSystemDarkOpen ==> false , isFollowSystemMode() ==> false
09-19 11:28:02.821  2080  2080 D DRouterCore: DRouter start load router table sync
09-19 11:28:02.835  1302  1313 I ActivityManager: START u0 {flg=0x10000000 cmp=com.litatom.app/com.lit.app.ui.MainActivity (has extras)} from uid 10038 on display 0
09-19 11:28:02.840  1698  1698 W ContextImpl: Calling a method in the system process without a qualified user: android.app.ContextImpl.startService:1358 android.content.ContextWrapper.startService:613 android.content.ContextWrapper.startService:613 com.android.coreservice.CoreBroadcastReceiver.onReceive:44 android.app.ActivityThread.handleReceiver:3073 
09-19 11:28:02.856  2080  2080 I MMKV    : <MemoryFile.cpp:97::open> open fd[0x6c], /data/user/0/com.litatom.app/files/mmkv/lit_vip_manager
09-19 11:28:02.857  2080  2080 I MMKV    : <MemoryFile.cpp:97::open> open fd[0x6d], /data/user/0/com.litatom.app/files/mmkv/lit_vip_manager.crc
09-19 11:28:02.857  2080  2080 I MMKV    : <MMKV_IO.cpp:81::loadFromFile> loading [lit_vip_manager] with 1706 actual size, file size 8192, InterProcess 1, meta info version:3
09-19 11:28:02.857  2080  2080 I MMKV    : <MMKV_IO.cpp:86::loadFromFile> loading [lit_vip_manager] with crc 1816686774 sequence 1 version 3
09-19 11:28:02.857  2080  2080 I MMKV    : <MMKV_IO.cpp:130::loadFromFile> loaded [lit_vip_manager] with 1 key-values
09-19 11:28:02.862  1120  1139 E Drm     : Failed to find drm plugin
09-19 11:28:02.872  1698  1698 W ContextImpl: Calling a method in the system process without a qualified user: android.app.ContextImpl.startService:1358 android.content.ContextWrapper.startService:613 android.content.ContextWrapper.startService:613 com.android.coreservice.CoreBroadcastReceiver.onReceive:53 android.app.ActivityThread.handleReceiver:3073 
09-19 11:28:02.886  2080  2085 I art     : Do partial code cache collection, code=61KB, data=54KB
09-19 11:28:02.887  2080  2085 I art     : After code cache collection, code=60KB, data=54KB
09-19 11:28:02.887  2080  2085 I art     : Increasing code cache capacity to 256KB
09-19 11:28:02.933  2080  2080 I cr_LibraryLoader: Loaded native library version number "86.0.4240.198"
09-19 11:28:02.937  2080  2080 I cr_CachingUmaRecorder: Flushed 5 samples from 5 histograms.
09-19 11:28:02.960  2080  2080 W ResourceType: For resource 0x7f130606, entry index(1542) is beyond type entryCount(930)
09-19 11:28:02.960  2080  2080 W ResourceType: Failure getting entry for 0x7f130606 (t=18 e=1542) (error -75)
09-19 11:28:03.341  1302  1316 W ActivityManager: Activity pause timeout for ActivityRecord{6ab4a16 u0 com.litatom.app/com.lit.app.ui.SplashActivity t3 f}
09-19 11:28:03.712  2080  2165 W art     : Long monitor contention with owner main (2080) at void Io.run()(chromium-Monochrome.aab-stable-424019821:1) waiters=1 in void java.lang.Object.wait!() for 804ms
09-19 11:28:03.732  2080  2080 D EventBus: No subscribers registered for event class b.x.a.t.r
09-19 11:28:03.732  2080  2080 D EventBus: No subscribers registered for event class t.b.a.i
09-19 11:28:03.832  2080  2080 D EventBus: No subscribers registered for event class b.x.a.t.a
09-19 11:28:03.832  2080  2080 D EventBus: No subscribers registered for event class t.b.a.i
09-19 11:28:03.855  2080  2278 V libnb   : enter native_bridge2_getTrampoline Java_com_hyphenate_chat_adapter_EMAChatClient_native_1isLogout, trampoline_addr 0x0
09-19 11:28:03.855  2080  2278 V libnb   : enter native_bridge2_getTrampoline Java_com_hyphenate_chat_adapter_EMAChatClient_native_1isLogout__, trampoline_addr 0x0
09-19 11:28:03.855  2080  2278 V libnb   : enter native_bridge2_getTrampoline Java_com_hyphenate_chat_adapter_EMAChatClient_native_1isLogout, trampoline_addr 0x0
09-19 11:28:03.855  2080  2278 V libnb   : enter native_bridge2_getTrampoline Java_com_hyphenate_chat_adapter_EMAChatClient_native_1isLogout__, trampoline_addr 0x0
09-19 11:28:03.876  2080  2278 V libnb   : enter native_bridge2_getTrampoline Java_com_hyphenate_chat_adapter_EMAChatClient_native_1isLogout, trampoline_addr 0x0
09-19 11:28:03.878  2080  2278 V libnb   : enter native_bridge2_getTrampoline Java_com_hyphenate_chat_adapter_EMAChatClient_native_1isLogout__, trampoline_addr 0x0
09-19 11:28:03.879  2080  2278 V libnb   : enter native_bridge2_getTrampoline Java_com_hyphenate_chat_adapter_EMAChatClient_native_1isLogout, trampoline_addr 0x9efaef8c
09-19 11:28:03.882  2080  2207 D ONE SDK : [2022/09/19 11:28:03:882]: [EMPushHelper] EMPushHelper unregister, unbind token: false
09-19 11:28:03.885  2080  2207 D ONE SDK : [2022/09/19 11:28:03:882]: [EMPushHelper] EMPushHelper is not registered previously, return true directly.
09-19 11:28:03.885  2080  2207 D ONE SDK : [2022/09/19 11:28:03:882]: [EMClient] already logout, skip unbind token
09-19 11:28:03.886  2080  2277 V libnb   : enter native_bridge2_getTrampoline Java_com_hyphenate_chat_adapter_EMAChatClient_natvie_1reconnect, trampoline_addr 0x0
09-19 11:28:03.886  2080  2277 V libnb   : enter native_bridge2_getTrampoline Java_com_hyphenate_chat_adapter_EMAChatClient_natvie_1reconnect__, trampoline_addr 0x0
09-19 11:28:03.886  2080  2277 V libnb   : enter native_bridge2_getTrampoline Java_com_hyphenate_chat_adapter_EMAChatClient_natvie_1reconnect, trampoline_addr 0x0
09-19 11:28:03.886  2080  2277 V libnb   : enter native_bridge2_getTrampoline Java_com_hyphenate_chat_adapter_EMAChatClient_natvie_1reconnect__, trampoline_addr 0x0
09-19 11:28:03.886  2080  2277 V libnb   : enter native_bridge2_getTrampoline Java_com_hyphenate_chat_adapter_EMAChatClient_natvie_1reconnect, trampoline_addr 0x0
09-19 11:28:03.886  2080  2277 V libnb   : enter native_bridge2_getTrampoline Java_com_hyphenate_chat_adapter_EMAChatClient_natvie_1reconnect__, trampoline_addr 0x0
09-19 11:28:03.886  2080  2277 V libnb   : enter native_bridge2_getTrampoline Java_com_hyphenate_chat_adapter_EMAChatClient_natvie_1reconnect, trampoline_addr 0x9efaef54
09-19 11:28:03.886  2080  2207 D ONE SDK : [2022/09/19 11:28:03:886]: natvie_1reconnect
09-19 11:28:03.886  2080  2278 V libnb   : enter native_bridge2_getTrampoline Java_com_hyphenate_chat_adapter_EMAChatClient_native_1logout, trampoline_addr 0x0
09-19 11:28:03.886  2080  2278 V libnb   : enter native_bridge2_getTrampoline Java_com_hyphenate_chat_adapter_EMAChatClient_native_1logout__, trampoline_addr 0x0
09-19 11:28:03.886  2080  2278 V libnb   : enter native_bridge2_getTrampoline Java_com_hyphenate_chat_adapter_EMAChatClient_native_1logout, trampoline_addr 0x0
09-19 11:28:03.886  2080  2278 V libnb   : enter native_bridge2_getTrampoline Java_com_hyphenate_chat_adapter_EMAChatClient_native_1logout__, trampoline_addr 0x0
09-19 11:28:03.886  2080  2278 V libnb   : enter native_bridge2_getTrampoline Java_com_hyphenate_chat_adapter_EMAChatClient_native_1logout, trampoline_addr 0x0
09-19 11:28:03.886  2080  2278 V libnb   : enter native_bridge2_getTrampoline Java_com_hyphenate_chat_adapter_EMAChatClient_native_1logout__, trampoline_addr 0x0
09-19 11:28:03.886  2080  2278 V libnb   : enter native_bridge2_getTrampoline Java_com_hyphenate_chat_adapter_EMAChatClient_native_1logout, trampoline_addr 0x9efaef1c
09-19 11:28:03.901  2185  2201 D NetworkSecurityConfig: Using Network Security Config from resource 0_resource_name_obfuscated debugBuild: false
09-19 11:28:03.924  2080  2080 D EventBus: No subscribers registered for event class b.x.a.t.p0
09-19 11:28:03.924  2080  2080 D EventBus: No subscribers registered for event class t.b.a.i
09-19 11:28:03.936  2080  2080 I MMKV    : <MemoryFile.cpp:97::open> open fd[0x92], /data/user/0/com.litatom.app/files/mmkv/talk_group_manager
09-19 11:28:03.936  2080  2080 I MMKV    : <MemoryFile.cpp:97::open> open fd[0x99], /data/user/0/com.litatom.app/files/mmkv/talk_group_manager.crc
09-19 11:28:03.936  2080  2080 I MMKV    : <MMKV_IO.cpp:81::loadFromFile> loading [talk_group_manager] with 0 actual size, file size 4096, InterProcess 0, meta info version:1
09-19 11:28:03.936  2080  2080 I MMKV    : <MMKV_IO.cpp:130::loadFromFile> loaded [talk_group_manager] with 0 key-values
09-19 11:28:03.965  2080  2080 I MMKV    : <MemoryFile.cpp:97::open> open fd[0x9a], /data/user/0/com.litatom.app/files/mmkv/party_family_sp
09-19 11:28:03.965  2080  2080 I MMKV    : <MemoryFile.cpp:97::open> open fd[0x9b], /data/user/0/com.litatom.app/files/mmkv/party_family_sp.crc
09-19 11:28:03.966  2080  2080 I MMKV    : <MMKV_IO.cpp:81::loadFromFile> loading [party_family_sp] with 0 actual size, file size 4096, InterProcess 0, meta info version:1
09-19 11:28:03.966  2080  2080 I MMKV    : <MMKV_IO.cpp:130::loadFromFile> loaded [party_family_sp] with 0 key-values
09-19 11:28:03.966  2080  2080 I MMKV    : <MMKV_IO.cpp:1047::clearAll> cleaning all key-values from [party_family_sp]
09-19 11:28:03.966  2080  2080 I MMKV    : <MMKV_IO.cpp:1054::clearAll> nothing to clear for [party_family_sp]
09-19 11:28:03.967  2080  2080 W System.err: java.lang.ClassNotFoundException: com.lit.app.monitor.LitBlockCanary
09-19 11:28:03.967  2080  2080 W System.err: 	at java.lang.Class.classForName(Native Method)
09-19 11:28:03.967  2080  2080 W System.err: 	at java.lang.Class.forName(Class.java:400)
09-19 11:28:03.967  2080  2080 W System.err: 	at java.lang.Class.forName(Class.java:326)
09-19 11:28:03.967  2080  2080 W System.err: 	at b.x.a.g0.u0.j(LoginModel.java:54)
09-19 11:28:03.967  2080  2080 W System.err: 	at b.x.a.j0.d.b(NetErrorHandler.java:7)
09-19 11:28:03.968  2080  2080 W System.err: 	at b.x.a.j0.c.a(ICallback.java:2)
09-19 11:28:03.968  2080  2080 W System.err: 	at u.a.run(lambda:1)
09-19 11:28:03.968  2080  2080 W System.err: 	at android.os.Handler.handleCallback(Handler.java:751)
09-19 11:28:03.968  2080  2080 W System.err: 	at android.os.Handler.dispatchMessage(Handler.java:95)
09-19 11:28:03.968  2080  2080 W System.err: 	at android.os.Looper.loop(Looper.java:154)
09-19 11:28:03.968  2080  2080 W System.err: 	at android.app.ActivityThread.main(ActivityThread.java:6190)
09-19 11:28:03.968  2080  2080 W System.err: 	at java.lang.reflect.Method.invoke(Native Method)
09-19 11:28:03.968  2080  2080 W System.err: 	at com.android.internal.os.ZygoteInit$MethodAndArgsCaller.run(ZygoteInit.java:892)
09-19 11:28:03.968  2080  2080 W System.err: 	at com.android.internal.os.ZygoteInit.main(ZygoteInit.java:782)
09-19 11:28:03.968  2080  2080 W System.err: Caused by: java.lang.ClassNotFoundException: Didn't find class "com.lit.app.monitor.LitBlockCanary" on path: DexPathList[[zip file "/data/app/com.litatom.app-1/base.apk"],nativeLibraryDirectories=[/data/app/com.litatom.app-1/lib/arm, /data/app/com.litatom.app-1/base.apk!/lib/armeabi-v7a, /system/lib, /vendor/lib]]
09-19 11:28:03.968  2080  2080 W System.err: 	at dalvik.system.BaseDexClassLoader.findClass(BaseDexClassLoader.java:56)
09-19 11:28:03.968  2080  2080 W System.err: 	at java.lang.ClassLoader.loadClass(ClassLoader.java:380)
09-19 11:28:03.968  2080  2080 W System.err: 	at java.lang.ClassLoader.loadClass(ClassLoader.java:312)
09-19 11:28:03.968  2080  2080 W System.err: 	... 14 more
09-19 11:28:03.971  2080  2080 W GooglePlayServicesUtil: com.litatom.app requires the Google Play Store, but it is missing.
09-19 11:28:03.972  2080  2080 W DynamiteModule: Local module descriptor class for com.google.android.gms.auth.api.fallback not found.
09-19 11:28:03.972  2080  2098 W GooglePlayServicesUtil: com.litatom.app requires the Google Play Store, but it is missing.
09-19 11:28:03.972  2080  2098 W GoogleApiManager: The service for com.google.android.gms.auth.api.signin.internal.zbe is not available: ConnectionResult{statusCode=SERVICE_INVALID, resolution=null, message=null}
09-19 11:28:03.982  2080  2098 W GooglePlayServicesUtil: com.litatom.app requires the Google Play Store, but it is missing.
09-19 11:28:03.982  2080  2098 W GoogleApiManager: The service for com.google.android.gms.auth.api.signin.internal.zbe is not available: ConnectionResult{statusCode=SERVICE_INVALID, resolution=null, message=null}
09-19 11:28:03.983  2080  2080 D EventBus: No subscribers registered for event class b.x.a.t0.v0.m
09-19 11:28:03.983  2080  2080 D EventBus: No subscribers registered for event class t.b.a.i
09-19 11:28:04.032  2080  2080 I AppCompatViewInflater: app:theme is now deprecated. Please move to using android:theme instead.
09-19 11:28:04.076  2080  2080 W TabLayout: MODE_SCROLLABLE + GRAVITY_FILL is not supported, GRAVITY_START will be used instead
09-19 11:28:04.083  2080  2080 D BaseActivity: isNightMode ==> false , isSystemDarkOpen ==> false , isFollowSystemMode() ==> false
09-19 11:28:04.133  2080  2080 D BaseActivity: isNightMode ==> false , isSystemDarkOpen ==> false , isFollowSystemMode() ==> false
09-19 11:28:04.146  2080  2080 W GooglePlayServicesUtil: com.litatom.app requires the Google Play Store, but it is missing.
09-19 11:28:04.146  2080  2225 V libnb   : enter native_bridge2_getTrampoline Java_com_hyphenate_chat_adapter_EMAChatManager_nativeGetConversations, trampoline_addr 0x0
09-19 11:28:04.146  2080  2225 V libnb   : enter native_bridge2_getTrampoline Java_com_hyphenate_chat_adapter_EMAChatManager_nativeGetConversations__, trampoline_addr 0x0
09-19 11:28:04.146  2080  2225 V libnb   : enter native_bridge2_getTrampoline Java_com_hyphenate_chat_adapter_EMAChatManager_nativeGetConversations, trampoline_addr 0x0
09-19 11:28:04.146  2080  2225 V libnb   : enter native_bridge2_getTrampoline Java_com_hyphenate_chat_adapter_EMAChatManager_nativeGetConversations__, trampoline_addr 0x0
09-19 11:28:04.146  2080  2225 V libnb   : enter native_bridge2_getTrampoline Java_com_hyphenate_chat_adapter_EMAChatManager_nativeGetConversations, trampoline_addr 0x0
09-19 11:28:04.146  2080  2225 V libnb   : enter native_bridge2_getTrampoline Java_com_hyphenate_chat_adapter_EMAChatManager_nativeGetConversations__, trampoline_addr 0x0
09-19 11:28:04.146  2080  2225 V libnb   : enter native_bridge2_getTrampoline Java_com_hyphenate_chat_adapter_EMAChatManager_nativeGetConversations, trampoline_addr 0x9efaeee4
09-19 11:28:04.146  2080  2207 D ONE SDK : [2022/09/19 11:28:04:146]: Java_com_hyphenate_chat_adapter_EMAChatManager_nativeGetConversations 
09-19 11:28:04.147  2080  2207 D ONE SDK : [2022/09/19 11:28:04:146]: Java_com_hyphenate_chat_adapter_EMAChatManager_nativeGetConversations 
09-19 11:28:04.159  1302  1545 I ActivityManager: START u0 {flg=0x10008000 cmp=com.litatom.app/com.lit.app.ui.SplashActivity} from uid 10038 on display 0
09-19 11:28:04.177  1698  1698 W ContextImpl: Calling a method in the system process without a qualified user: android.app.ContextImpl.startService:1358 android.content.ContextWrapper.startService:613 android.content.ContextWrapper.startService:613 com.android.coreservice.CoreBroadcastReceiver.onReceive:44 android.app.ActivityThread.handleReceiver:3073 
09-19 11:28:04.179  1302  1313 W ActivityManager: Duplicate finish request for ActivityRecord{5d00213 u0 com.litatom.app/com.lit.app.ui.MainActivity t3 f}
09-19 11:28:04.243  2080  2080 I MMKV    : <MemoryFile.cpp:97::open> open fd[0xa1], /data/user/0/com.litatom.app/files/mmkv/notify_badge_sp
09-19 11:28:04.243  2080  2080 I MMKV    : <MemoryFile.cpp:97::open> open fd[0xa3], /data/user/0/com.litatom.app/files/mmkv/notify_badge_sp.crc
09-19 11:28:04.244  2080  2080 I MMKV    : <MMKV_IO.cpp:81::loadFromFile> loading [notify_badge_sp] with 1620 actual size, file size 8192, InterProcess 0, meta info version:3
09-19 11:28:04.244  2080  2080 I MMKV    : <MMKV_IO.cpp:86::loadFromFile> loading [notify_badge_sp] with crc 2729150188 sequence 1 version 3
09-19 11:28:04.244  2080  2080 I MMKV    : <MMKV_IO.cpp:130::loadFromFile> loaded [notify_badge_sp] with 2 key-values
09-19 11:28:04.251  2080  2299 E WVMExtractor: Failed to open libwvm.so: dlopen failed: library "libwvm.so" not found
09-19 11:28:04.254  1121  1530 I FFmpegExtractor: android-source:0xc3b99600
09-19 11:28:04.275  1121  1530 D FFmpegExtractor: supported codec (mp3) by official Stagefright
09-19 11:28:04.276  1121  1530 D FFmpegExtractor: ffmpeg detected media content as 'audio/mpeg' with confidence 0.08
09-19 11:28:04.298  1122  1407 I MediaPlayerService: MediaPlayerService::getOMX
09-19 11:28:04.298  2080  2300 I OMXClient: MuxOMX ctor
09-19 11:28:04.299  1119  1133 I OMXMaster: makeComponentInstance(OMX.google.mp3.decoder) in mediacodec process
09-19 11:28:04.309  1698  1698 W ContextImpl: Calling a method in the system process without a qualified user: android.app.ContextImpl.startService:1358 android.content.ContextWrapper.startService:613 android.content.ContextWrapper.startService:613 com.android.coreservice.CoreBroadcastReceiver.onReceive:53 android.app.ActivityThread.handleReceiver:3073 
09-19 11:28:04.328  1302  1617 I WindowManager: Failed to capture screenshot of Token{7e4dc50 ActivityRecord{5d00213 u0 com.litatom.app/com.lit.app.ui.MainActivity t3 f}} appWin=Window{bc12fa u0 Starting com.litatom.app} drawState=4
09-19 11:28:04.331  2080  2085 I art     : Do full code cache collection, code=125KB, data=112KB
09-19 11:28:04.331  2080  2085 I art     : Starting a blocking GC JitCodeCache
09-19 11:28:04.331  2080  2085 I art     : After code cache collection, code=100KB, data=66KB
09-19 11:28:04.341  2080  2080 D BaseActivity: isNightMode ==> false , isSystemDarkOpen ==> false , isFollowSystemMode() ==> false
09-19 11:28:04.395  2185  2201 I cr_VariationsSeedFetch: Fetched first run seed in 510 ms
09-19 11:28:04.400  2080  2306 W GooglePlayServicesUtil: com.litatom.app requires the Google Play Store, but it is missing.
09-19 11:28:04.409  1121  1136 I FFmpegExtractor: android-source:0xc6c23400
09-19 11:28:04.410  1121  1136 D FFmpegExtractor: supported codec (mp3) by official Stagefright
09-19 11:28:04.410  1121  1136 D FFmpegExtractor: ffmpeg detected media content as 'audio/mpeg' with confidence 0.08
09-19 11:28:04.416  1122  1122 I MediaPlayerService: MediaPlayerService::getOMX
09-19 11:28:04.417  2080  2309 I OMXClient: MuxOMX ctor
09-19 11:28:04.417  1119  1476 I OMXMaster: makeComponentInstance(OMX.google.mp3.decoder) in mediacodec process
09-19 11:28:04.431  2080  2080 D RxDispose: create and collect
09-19 11:28:04.435  1698  1698 W ContextImpl: Calling a method in the system process without a qualified user: android.app.ContextImpl.startService:1358 android.content.ContextWrapper.startService:613 android.content.ContextWrapper.startService:613 com.android.coreservice.CoreBroadcastReceiver.onReceive:53 android.app.ActivityThread.handleReceiver:3073 
09-19 11:28:04.441  1120  1120 E Drm     : Failed to find drm plugin
09-19 11:28:04.488  2080  2080 I HostConnection: HostConnection::HostConnection: pid=2080, tid=2080, this=0x9adf6880
09-19 11:28:04.489  2080  2080 I         : fastpipe: Connect success
09-19 11:28:04.489  2080  2080 D HostConnection: HostRPC::connect sucess: app=com.litatom.app, pid=2080, tid=2080, this=0x9891d2c0
09-19 11:28:04.489  2080  2080 D HostConnection: queryAndSetGLESMaxVersion select gles-version: 3.1 hostGLVersion:46 process:com.litatom.app
09-19 11:28:04.490  2080  2080 I         : fastpipe: Connect success
09-19 11:28:04.490  2080  2080 D HostConnection: recv ProcessPuidReply name=com.litatom.app puid=6 g_u64CapsFlag=1d
09-19 11:28:04.504  2080  2306 W GooglePlayServicesUtil: com.litatom.app requires the Google Play Store, but it is missing.
09-19 11:28:04.527  1302  1323 W WindowManager: Failed looking up window
09-19 11:28:04.527  1302  1323 W WindowManager: java.lang.IllegalArgumentException: Requested window android.view.ViewRootImpl$W@ec0a125 does not exist
09-19 11:28:04.527  1302  1323 W WindowManager: 	at com.android.server.wm.WindowManagerService.windowForClientLocked(WindowManagerService.java:9459)
09-19 11:28:04.527  1302  1323 W WindowManager: 	at com.android.server.wm.WindowManagerService.windowForClientLocked(WindowManagerService.java:9450)
09-19 11:28:04.527  1302  1323 W WindowManager: 	at com.android.server.wm.WindowManagerService.removeWindow(WindowManagerService.java:2410)
09-19 11:28:04.527  1302  1323 W WindowManager: 	at com.android.server.wm.Session.remove(Session.java:202)
09-19 11:28:04.527  1302  1323 W WindowManager: 	at android.view.ViewRootImpl.dispatchDetachedFromWindow(ViewRootImpl.java:3290)
09-19 11:28:04.527  1302  1323 W WindowManager: 	at android.view.ViewRootImpl.doDie(ViewRootImpl.java:5917)
09-19 11:28:04.527  1302  1323 W WindowManager: 	at android.view.ViewRootImpl$ViewRootHandler.handleMessage(ViewRootImpl.java:3626)
09-19 11:28:04.527  1302  1323 W WindowManager: 	at android.os.Handler.dispatchMessage(Handler.java:102)
09-19 11:28:04.527  1302  1323 W WindowManager: 	at android.os.Looper.loop(Looper.java:154)
09-19 11:28:04.527  1302  1323 W WindowManager: 	at android.os.HandlerThread.run(HandlerThread.java:61)
09-19 11:28:04.527  1302  1323 W WindowManager: 	at com.android.server.ServiceThread.run(ServiceThread.java:46)
09-19 11:28:04.583  2080  2080 W ViewRootImpl[SplashActivity]: Dropping event due to no window focus: KeyEvent { action=ACTION_DOWN, keyCode=KEYCODE_VOLUME_DOWN, scanCode=0, metaState=0, flags=0x8, repeatCount=0, eventTime=128375, downTime=128375, deviceId=-1, source=0x101 }
09-19 11:28:04.590  2080  2313 I HostConnection: HostConnection::HostConnection: pid=2080, tid=2313, this=0x9b083ac0
09-19 11:28:04.590  2080  2313 I         : fastpipe: Connect success
09-19 11:28:04.590  2080  2313 D HostConnection: HostRPC::connect sucess: app=com.litatom.app, pid=2080, tid=2313, this=0x97d77680
09-19 11:28:04.596  2080  2313 D HostConnection: queryAndSetGLESMaxVersion select gles-version: 3.1 hostGLVersion:46 process:com.litatom.app
09-19 11:28:04.597  2080  2313 I OpenGLRenderer: Initialized EGL, version 1.4
09-19 11:28:04.597  2080  2313 D OpenGLRenderer: Swap behavior 1
09-19 11:28:04.597  2080  2313 I EGL_adreno: eglCreateContext request GLES major-version=2
09-19 11:28:04.613  2080  2313 D EGL_adreno: eglCreateContext: 0xa6d9b4a0: maj 3 min 1 rcv 4
09-19 11:28:04.616  2080  2313 D EGL_adreno: eglMakeCurrent: 0xa6d9b4a0: ver 3 1 (tinfo 0x9b111930)
09-19 11:28:04.622  2080  2313 D HostConnection: ExtendedRCEncoderContext GL_VERSION return OpenGL ES 3.1
09-19 11:28:04.627  2080  2313 E EGL_adreno: tid 2313: eglSurfaceAttrib(1338): error 0x3009 (EGL_BAD_MATCH)
09-19 11:28:04.627  2080  2313 W OpenGLRenderer: Failed to set EGL_SWAP_BEHAVIOR on surface 0xa60a0e40, error=EGL_BAD_MATCH
09-19 11:28:04.630  2080  2313 D EGL_adreno: eglMakeCurrent: 0xa6d9b4a0: ver 3 1 (tinfo 0x9b111930)
09-19 11:28:04.678  2080  2080 W ViewRootImpl[SplashActivity]: Cancelling event due to no window focus: KeyEvent { action=ACTION_UP, keyCode=KEYCODE_VOLUME_DOWN, scanCode=0, metaState=0, flags=0x28, repeatCount=0, eventTime=131289, downTime=131289, deviceId=-1, source=0x101 }
09-19 11:28:04.678  2080  2080 W ViewRootImpl[SplashActivity]: Cancelling event due to no window focus: KeyEvent { action=ACTION_UP, keyCode=KEYCODE_VOLUME_DOWN, scanCode=0, metaState=0, flags=0x28, repeatCount=0, eventTime=131289, downTime=131289, deviceId=-1, source=0x101 }
09-19 11:28:04.678  2080  2080 W ViewRootImpl[SplashActivity]: Cancelling event due to no window focus: KeyEvent { action=ACTION_UP, keyCode=KEYCODE_VOLUME_DOWN, scanCode=0, metaState=0, flags=0x28, repeatCount=0, eventTime=131289, downTime=131289, deviceId=-1, source=0x101 }
09-19 11:28:04.678  2080  2080 W ViewRootImpl[SplashActivity]: Cancelling event due to no window focus: KeyEvent { action=ACTION_UP, keyCode=KEYCODE_VOLUME_DOWN, scanCode=0, metaState=0, flags=0x28, repeatCount=0, eventTime=131289, downTime=131289, deviceId=-1, source=0x101 }
09-19 11:28:04.679  2080  2080 W ViewRootImpl[SplashActivity]: Cancelling event due to no window focus: KeyEvent { action=ACTION_UP, keyCode=KEYCODE_VOLUME_DOWN, scanCode=0, metaState=0, flags=0x28, repeatCount=0, eventTime=131289, downTime=131289, deviceId=-1, source=0x101 }
09-19 11:28:04.679  2080  2080 W ViewRootImpl[SplashActivity]: Cancelling event due to no window focus: KeyEvent { action=ACTION_UP, keyCode=KEYCODE_VOLUME_DOWN, scanCode=0, metaState=0, flags=0x28, repeatCount=0, eventTime=131289, downTime=131289, deviceId=-1, source=0x101 }
09-19 11:28:04.680  1302  1323 I ActivityManager: Displayed com.litatom.app/com.lit.app.ui.SplashActivity: +359ms (total +3s538ms)
09-19 11:28:04.758  2080  2085 I art     : Do partial code cache collection, code=119KB, data=100KB
09-19 11:28:04.758  2080  2085 I art     : After code cache collection, code=116KB, data=99KB
09-19 11:28:04.758  2080  2085 I art     : Increasing code cache capacity to 512KB
09-19 11:28:04.877  2080  2080 E LitNet  :  
09-19 11:28:04.877  2080  2080 E LitNet  : ┌────────────────────────────────────────────────────────────────────────────────────────────────────────────────
09-19 11:28:04.877  2080  2080 E LitNet  : │ main, b.s.b.f.v.i$a$b.invokeSuspend(LitNet.kt:36)
09-19 11:28:04.877  2080  2080 E LitNet  : ├┄┄┄┄┄┄┄┄┄┄┄┄┄┄┄┄┄┄┄┄┄┄┄┄┄┄┄┄┄┄┄┄┄┄┄┄┄┄┄┄┄┄┄┄┄┄┄┄┄┄┄┄┄┄┄┄┄┄┄┄┄┄┄┄┄┄┄┄┄┄┄┄┄┄┄┄┄┄┄┄┄┄┄┄┄┄┄┄┄┄┄┄┄┄┄┄┄┄┄┄┄┄┄┄┄┄┄┄┄┄┄┄
09-19 11:28:04.877  2080  2080 E LitNet  : │ args[0] = NotifyBadge
09-19 11:28:04.877  2080  2080 E LitNet  : │ args[1] = parseData >>> login time out, please relogin
09-19 11:28:04.877  2080  2080 E LitNet  : └────────────────────────────────────────────────────────────────────────────────────────────────────────────────
09-19 11:28:04.941  1698  1698 W ContextImpl: Calling a method in the system process without a qualified user: android.app.ContextImpl.startService:1358 android.content.ContextWrapper.startService:613 android.content.ContextWrapper.startService:613 com.android.coreservice.CoreBroadcastReceiver.onReceive:69 android.app.ActivityThread.handleReceiver:3073 
09-19 11:28:04.945  2080  2080 V libnb   : enter native_bridge2_getTrampoline Java_com_tencent_mars_xlog_Xlog_appenderClose, trampoline_addr 0x0
09-19 11:28:04.945  2080  2080 V libnb   : enter native_bridge2_getTrampoline Java_com_tencent_mars_xlog_Xlog_appenderClose__, trampoline_addr 0x0
09-19 11:28:04.945  2080  2080 V libnb   : enter native_bridge2_getTrampoline Java_com_tencent_mars_xlog_Xlog_appenderClose, trampoline_addr 0x0
09-19 11:28:04.945  2080  2080 V libnb   : enter native_bridge2_getTrampoline Java_com_tencent_mars_xlog_Xlog_appenderClose__, trampoline_addr 0x0
09-19 11:28:04.945  2080  2080 V libnb   : enter native_bridge2_getTrampoline Java_com_tencent_mars_xlog_Xlog_appenderClose, trampoline_addr 0x0
09-19 11:28:04.945  2080  2080 V libnb   : enter native_bridge2_getTrampoline Java_com_tencent_mars_xlog_Xlog_appenderClose__, trampoline_addr 0x0
09-19 11:28:04.975  2080  2080 V libnb   : enter native_bridge2_getTrampoline Java_com_tencent_mars_xlog_Xlog_appenderClose, trampoline_addr 0x0
09-19 11:28:04.975  2080  2080 V libnb   : enter native_bridge2_getTrampoline Java_com_tencent_mars_xlog_Xlog_appenderClose__, trampoline_addr 0x0
09-19 11:28:04.976  2080  2080 V libnb   : enter native_bridge2_getTrampoline Java_com_tencent_mars_xlog_Xlog_appenderClose, trampoline_addr 0x0
09-19 11:28:04.976  2080  2080 V libnb   : enter native_bridge2_getTrampoline Java_com_tencent_mars_xlog_Xlog_appenderClose__, trampoline_addr 0x0
09-19 11:28:04.976  2080  2080 V libnb   : enter native_bridge2_getTrampoline Java_com_tencent_mars_xlog_Xlog_appenderClose, trampoline_addr 0x9efaeeac
09-19 11:28:04.979  1698  1698 W ContextImpl: Calling a method in the system process without a qualified user: android.app.ContextImpl.startService:1358 android.content.ContextWrapper.startService:613 android.content.ContextWrapper.startService:613 com.android.coreservice.CoreBroadcastReceiver.onReceive:69 android.app.ActivityThread.handleReceiver:3073 
09-19 11:28:05.090  1302  1312 I art     : Background partial concurrent mark sweep GC freed 23651(1686KB) AllocSpace objects, 62(1240KB) LOS objects, 33% free, 10MB/15MB, paused 335us total 209.490ms
