--------- beginning of main
09-19 11:25:53.569  1050  1050 W auditd  : type=2000 audit(0.0:1): initialized
09-19 11:25:55.078  1059  1059 I         : debuggerd: starting
--------- beginning of system
09-19 11:25:55.109  1060  1060 I vold    : Vold 3.0 (the awakening) firing up
09-19 11:25:55.109  1060  1060 V vold    : Detected support for: exfat ext4 iso9660 ntfs vfat
09-19 11:25:55.111  1060  1060 W Vold    : Tearing down stale mount /mnt/temp
09-19 11:25:55.138  1060  1102 D vold    : e4crypt_init_user0
09-19 11:25:55.138  1060  1102 D vold    : e4crypt_prepare_user_storage for volume null, user 0, serial 0, flags 1
09-19 11:25:55.138  1060  1102 D vold    : Preparing: /data/system/users/0
09-19 11:25:55.139  1060  1102 D vold    : Preparing: /data/misc/profiles/cur/0
09-19 11:25:55.139  1060  1102 D vold    : Preparing: /data/misc/profiles/cur/0/foreign-dex
09-19 11:25:55.139  1060  1102 D vold    : Preparing: /data/system_de/0
09-19 11:25:55.139  1060  1102 D vold    : Preparing: /data/misc_de/0
09-19 11:25:55.140  1060  1102 D vold    : Preparing: /data/user_de/0
09-19 11:25:55.140  1060  1102 D vold    : e4crypt_unlock_user_key 0 serial=0 token_present=0
09-19 11:25:55.141     1     1 I vdc     : 200 1063 Command succeeded
09-19 11:25:55.144  1103  1103 I /system/bin/tzdatacheck: tzdata file /data/misc/zoneinfo/current/tzdata does not exist. No action required.
09-19 11:25:55.311  1107  1107 I lowmemorykiller: Using in-kernel low memory killer interface
09-19 11:25:55.411  1115  1115 I cameraserver: ServiceManager: 0xc6ffb000
09-19 11:25:55.412  1115  1115 I CameraService: CameraService started (pid=1115)
09-19 11:25:55.412  1115  1115 I CameraService: CameraService process starting
09-19 11:25:55.412  1115  1115 W BatteryNotifier: batterystats service unavailable!
09-19 11:25:55.412  1115  1115 W BatteryNotifier: batterystats service unavailable!
09-19 11:25:55.413  1114  1114 I         : sMaxFastTracks = 8
09-19 11:25:55.413  1114  1114 I audioserver: ServiceManager: 0xc7d7b000
09-19 11:25:55.413  1114  1114 W BatteryNotifier: batterystats service unavailable!
09-19 11:25:55.413  1114  1114 I AudioFlinger: Using default 3000 mSec as standby time.
09-19 11:25:55.414  1114  1114 I AudioPolicyService: AudioPolicyService CSTOR in new mode
09-19 11:25:55.414  1115  1115 D Camera_Factory: CameraFactory::CameraFactory
09-19 11:25:55.414  1115  1115 D Camera_Factory: CameraFactory::parseConfig: configFile = /etc/camera.cfg
09-19 11:25:55.414  1115  1115 D Camera_Factory: /etc/camera.cfg not found, using camera configuration defaults
09-19 11:25:55.414  1115  1115 D Camera_Factory: CameraFactory::newCameraConfig: 0 -> /dev/video0 (90)
09-19 11:25:55.414  1115  1115 D Camera_Factory: CameraFactory::newCameraConfig: 1 -> /dev/video1 (90)
09-19 11:25:55.414  1115  1115 E cutils-trace: Error opening trace file: Permission denied (13)
09-19 11:25:55.414  1115  1115 D Camera_Factory: CameraFactory::get_number_of_cameras
09-19 11:25:55.414  1115  1115 D Camera_Factory: CameraFactory::getCameraNum: 2
09-19 11:25:55.414  1115  1115 I CameraService: Loaded "Camera Module" camera module
09-19 11:25:55.414  1115  1115 D Camera_Factory: CameraFactory::get_number_of_cameras
09-19 11:25:55.414  1115  1115 D Camera_Factory: CameraFactory::getCameraNum: 2
09-19 11:25:55.414  1115  1115 D Camera_Factory: CameraFactory::get_number_of_cameras
09-19 11:25:55.414  1115  1115 D Camera_Factory: CameraFactory::getCameraNum: 2
09-19 11:25:55.414  1115  1115 I CameraFlashlight: Opening camera 0
09-19 11:25:55.414  1115  1115 D Camera_Factory: CameraFactory::get_camera_info
09-19 11:25:55.414  1115  1115 D Camera_Factory: CameraFactory::getCameraInfo: id = 0, info = 0xcffff768
09-19 11:25:55.414  1115  1115 D Camera_Factory: CameraFactory::getCameraNum: 2
09-19 11:25:55.414  1115  1115 D CameraHardware: CameraHardware::getCameraInfo
09-19 11:25:55.414  1115  1115 D Camera_Factory: CameraFactory::device_open: name = 0
09-19 11:25:55.414  1115  1115 D Camera_Factory: CameraFactory::cameraDeviceOpen: id = 0
09-19 11:25:55.414  1115  1115 D Camera_Factory: CameraFactory::getCameraNum: 2
09-19 11:25:55.414  1115  1115 D CameraHardware: CameraHardware::PowerOn: Power ON camera.
09-19 11:25:55.414  1115  1115 D CameraHardware: CameraHardware::PowerOn: no power_file set
09-19 11:25:55.414  1115  1115 D CameraHardware: CameraHardware::initDefaultParameters
09-19 11:25:55.414  1115  1115 D V4L2Camera: V4L2CameraHost::V4L2CameraHost
09-19 11:25:55.415  1119  1119 I mediacodec: @@@ mediacodecservice starting
09-19 11:25:55.415  1114  1114 E APM::ConfigParsingUtils: replace dynamic sampleRate(44100) failed
09-19 11:25:55.415  1114  1114 I APM::ConfigParsingUtils: loadAudioPolicyConfig() loaded /system/etc/audio_policy.conf
09-19 11:25:55.415  1119  1119 W         : No seccomp filter defined for this architecture.
09-19 11:25:55.433  1114  1114 D audio_hw_hal: raw_device_open, module=0xc7dfa058, name =audio_hw_if, device=0xc6f0a0c0
09-19 11:25:55.434  1114  1114 I         : fastpipe: Connect success
09-19 11:25:55.434  1114  1114 I         : fastpipe: Connect success
09-19 11:25:55.434  1114  1114 I AudioFlinger: loadHwModule() Loaded primary audio interface from Grouper audio HW HAL (audio) handle 10
09-19 11:25:55.434  1114  1114 I AudioFlinger: openOutput(), module 10 Device 2, SamplingRate 48000, Format 0x000001, Channels 3, flags 2
09-19 11:25:55.434  1114  1114 D audio_hw_hal: adev_open_output_stream, flags=0x2
09-19 11:25:55.434  1114  1114 I AudioFlinger: HAL output buffer size 1024 frames, normal sink buffer size 1024 frames
09-19 11:25:55.435  1115  1132 I         : fastpipe: Connect success
09-19 11:25:55.435  1115  1132 D V4L2Camera: V4L2CameraHost::getAvailableFormats from host
09-19 11:25:55.435  1115  1115 D V4L2Camera: V4L2Camera::getAvailableSizes
09-19 11:25:55.435  1115  1115 D V4L2Camera: V4L2Camera::getAvailableFps
09-19 11:25:55.435  1115  1115 I CameraHardware: Default preview size: (1280 x 720), fps:25
09-19 11:25:55.435  1115  1115 I CameraHardware: All available formats: 176x144,240x160,320x200,320x240,352x288,432x320,480x320,640x480,1280x720
09-19 11:25:55.435  1115  1115 I CameraHardware: All available fps: (25,25)
09-19 11:25:55.435  1115  1115 I CameraHardware: Default picture size: (1280 x 720)
09-19 11:25:55.435  1115  1115 D CameraHardware: CameraHardware::setParameters
09-19 11:25:55.435  1115  1115 D CameraHardware: CameraHardware::setParameters: PREVIEW: Size 1280x720, 25 fps, format: yuv422sp
09-19 11:25:55.435  1115  1115 D CameraHardware: CameraHardware::setParameters: PICTURE: Size 1280x720, format: jpeg
09-19 11:25:55.435  1115  1115 D CameraHardware: CameraHardware::setParameters: VIDEO: Size 1280x720, format: yuv420p
09-19 11:25:55.435  1115  1115 D CameraHardware: CameraHardware::initHeapLocked
09-19 11:25:55.435  1115  1115 E CameraHardware: No memory allocator available
09-19 11:25:55.435  1115  1115 D CameraHardware: CameraHardware::setParameters: OK parms=antibanding=auto;antibanding-values=auto;effect=none;effect-values=none;exposure-compensation=6;exposure-compensation-step=0.5;flash-mode=off;flash-mode-values=off;focal-length=4;focus-mode=fixed;focus-mode-values=fixed;horizontal-view-angle=90;jpeg-quality=85;jpeg-thumbnail-size-values=640x480,0x0;max-video-continuous-zoom=0;max-zoom=100;picture-format=jpeg;picture-format-values=jpeg;picture-size=1280x720;picture-size-values=176x144,240x160,320x200,320x240,352x288,432x320,480x320,640x480,1280x720;preferred-preview-size-for-video=640x480;preview-format=yuv422sp;preview-format-values=yuv422i-yuyv,yuv422sp,yuv420sp,yuv420p;preview-fps-range-values=(25,25);preview-frame-rate=25;preview-frame-rate-values=25;preview-size=1280x720;preview-size-values=176x144,240x160,320x200,320x240,352x288,432x320,480x320,640x480,1280x720;rotation=0;rotation-values=0;scene-mode=auto;scene-mode-values=auto;smooth-zoom-supported=false;vertical-view-angle=90;video-frame-format=yuv420p;video-siz
09-19 11:25:55.435  1115  1115 D CameraHardware: CameraHardware::connectCamera
09-19 11:25:55.435  1115  1115 D CameraHardware: CameraHardware::setCallbacks
09-19 11:25:55.435  1115  1115 D CameraHardware: CameraHardware::getParameters
09-19 11:25:55.435  1115  1115 D CameraHardware: CameraHardware::putParameters
09-19 11:25:55.435  1115  1115 I ServiceManager: Waiting for service SurfaceFlinger...
09-19 11:25:55.435  1115  1132 D V4L2Camera: V4L2CameraHost::threadLoop entered.
09-19 11:25:55.453  1121  1121 V MediaUtils: physMem: 3716395008
09-19 11:25:55.453  1121  1121 V MediaUtils: requested limit: 743279000
09-19 11:25:55.453  1121  1121 V MediaUtils: actual limit: 743279000
09-19 11:25:55.453  1121  1121 V MediaUtils: original limits: 4294967295/4294967295
09-19 11:25:55.453  1121  1121 V MediaUtils: new limits: 743279000/4294967295
09-19 11:25:55.453  1121  1121 W /system/bin/mediaextractor: libminijail: allowing syscall: socketcall
09-19 11:25:55.453  1121  1121 W /system/bin/mediaextractor: libminijail: allowing syscall: writev
09-19 11:25:55.453  1121  1121 W /system/bin/mediaextractor: libminijail: allowing syscall: fcntl64
09-19 11:25:55.453  1121  1121 W /system/bin/mediaextractor: libminijail: allowing syscall: clock_gettime
09-19 11:25:55.453  1121  1121 W /system/bin/mediaextractor: libminijail: logging seccomp filter failures
09-19 11:25:55.454  1122  1122 I mediaserver: ServiceManager: 0xc7d3b080
09-19 11:25:55.455  1114  1114 W EffectsFactory: loadLibrary() failed to open /system/vendor/lib/soundfx/libswdap.so
09-19 11:25:55.455  1114  1114 W EffectsFactory: loadLibrary() failed to open /system/vendor/lib/soundfx/libhwdap.so
09-19 11:25:55.455  1114  1114 W EffectsFactory: loadEffect() could not get library proxy
09-19 11:25:55.455  1114  1114 I BufferProvider: found effect "Multichannel Downmix To Stereo" from The Android Open Source Project
09-19 11:25:55.456  1114  1114 I AudioFlinger: Using module 10 has the primary audio interface
09-19 11:25:55.471  1114  1134 I AudioFlinger: AudioFlinger's thread 0xc5a80000 ready to run
09-19 11:25:55.471  1114  1134 W BatteryNotifier: batterystats service unavailable!
09-19 11:25:55.471  1114  1134 D audio_hw_hal: log_func, out_standby
09-19 11:25:55.471  1114  1134 W BatteryNotifier: batterystats service unavailable!
09-19 11:25:55.472  1114  1134 W BatteryNotifier: batterystats service unavailable!
09-19 11:25:55.472  1114  1134 D audio_hw_hal: out_set_parameters, kvpairs=routing=2 stream=0xc6f05140
09-19 11:25:55.472  1114  1134 W AudioFlinger: no wake lock to update, system not ready yet
09-19 11:25:55.472  1114  1134 E cutils-trace: Error opening trace file: Permission denied (13)
09-19 11:25:55.473  1114  1114 D audio_hw_hal: adev_open_input_stream! config->channel_mask=12 rate=48000
09-19 11:25:55.473  1114  1135 I AudioFlinger: AudioFlinger's thread 0xc58c0000 ready to run
09-19 11:25:55.473  1114  1114 D audio_hw_hal: adev_close_input_stream, dev=0xc6f0a0c0, stream=0xc6f051e0
09-19 11:25:55.473  1114  1114 D audio_hw_hal: log_func, do_in_standby
09-19 11:25:55.478  1122  1122 W BatteryNotifier: batterystats service unavailable!
09-19 11:25:55.478  1114  1114 I bt_a2dp_hw: adev_open:  adev_open in A2dp_hw module
09-19 11:25:55.479  1114  1114 I AudioFlinger: loadHwModule() Loaded a2dp audio interface from A2DP Audio HW HAL (audio) handle 18
09-19 11:25:55.480  1114  1114 I AudioFlinger: loadHwModule() Loaded usb audio interface from USB audio HW HAL (audio) handle 26
09-19 11:25:55.480  1114  1114 I RadioService: RadioService
09-19 11:25:55.480  1114  1114 I RadioService: onFirstRef
09-19 11:25:55.480  1114  1114 E RadioService: couldn't load radio module radio.primary (No such file or directory)
09-19 11:25:55.480  1114  1114 E SoundTriggerHwService: couldn't load sound trigger module sound_trigger.primary (No such file or directory)
09-19 11:25:55.480  1120  1120 I mediaserver: ServiceManager: 0xc7dbb080
09-19 11:25:55.533  1117  1117 I         : installd firing up
09-19 11:25:55.543  1105  1105 I         : fastpipe: Connect success
09-19 11:25:55.543  1118  1118 I keystore: Found keymaster0 module Keymaster OpenSSL HAL, version 2
09-19 11:25:55.543  1118  1118 I SoftKeymaster: system/keymaster/soft_keymaster_device.cpp, Line 131: Creating device
09-19 11:25:55.543  1118  1118 D SoftKeymaster: system/keymaster/soft_keymaster_device.cpp, Line 132: Device address: 0xc77f2000
09-19 11:25:55.543  1118  1118 I keystore: Keymaster0 module is software-only.  Using SoftKeymasterDevice instead.
09-19 11:25:55.543  1118  1118 I SoftKeymaster: system/keymaster/soft_keymaster_device.cpp, Line 131: Creating device
09-19 11:25:55.543  1118  1118 D SoftKeymaster: system/keymaster/soft_keymaster_device.cpp, Line 132: Device address: 0xc77f2200
09-19 11:25:55.543  1118  1118 I keystore: SELinux: Keystore SELinux is disabled.
09-19 11:25:55.562  1123  1123 I Netd    : Netd 1.0 starting
09-19 11:25:55.563  1123  1123 D TetherController: Setting IP forward enable = 0
09-19 11:25:55.563  1123  1123 D CommandListener: CommandListener::CommandListener createChildChains
09-19 11:25:55.563  1141  1141 I houdini : houdini enabled
09-19 11:25:55.598  1109  1109 I SurfaceFlinger: SurfaceFlinger is starting
09-19 11:25:55.598  1109  1109 I SurfaceFlinger: SurfaceFlinger's main thread ready to run. Initializing graphics H/W...
09-19 11:25:55.599  1109  1109 I         : fastpipe: Connect success
09-19 11:25:55.606  1126  1126 I ldinit  : start mount vbox share-folder
09-19 11:25:55.648  1109  1109 D libEGL  : loaded /system/lib/egl/libEGL_adreno.so
09-19 11:25:55.649  1126  1126 I ldinit  : finish mount vbox share-folder
09-19 11:25:55.650  1109  1109 D libEGL  : loaded /system/lib/egl/libGLESv1_CM_adreno.so
09-19 11:25:55.671  1109  1109 D libEGL  : loaded /system/lib/egl/libGLESv2_adreno.so
09-19 11:25:55.673  1109  1109 I HostConnection: HostConnection::HostConnection: pid=1109, tid=1109, this=0xc77e90c0
09-19 11:25:55.673  1109  1109 I         : fastpipe: Connect success
09-19 11:25:55.674  1109  1109 D HostConnection: HostRPC::connect sucess: app=/system/bin/surfaceflinger, pid=1109, tid=1109, this=0xc7496980
09-19 11:25:55.676  1109  1109 D HostConnection: queryAndSetGLESMaxVersion select gles-version: 3.1 hostGLVersion:46 process:/system/bin/surfaceflinger
09-19 11:25:55.676  1109  1109 I         : fastpipe: Connect success
09-19 11:25:55.676  1109  1109 D HostConnection: recv ProcessPuidReply name=/system/bin/surfaceflinger puid=1 g_u64CapsFlag=1d
09-19 11:25:55.695  1109  1109 E SurfaceFlinger: hwcomposer module not found
09-19 11:25:55.695  1109  1109 I SurfaceFlinger: EGL information: format=0x1
09-19 11:25:55.695  1109  1109 I SurfaceFlinger: vendor    : Android
09-19 11:25:55.695  1109  1109 I SurfaceFlinger: version   : 1.4 Android META-EGL
09-19 11:25:55.695  1109  1109 I SurfaceFlinger: extensions: EGL_KHR_get_all_proc_addresses EGL_ANDROID_presentation_time EGL_KHR_swap_buffers_with_damage EGL_ANDROID_create_native_client_buffer EGL_ANDROID_front_buffer_auto_refresh EGL_KHR_image EGL_KHR_image_base EGL_KHR_gl_texture_2D_image EGL_KHR_fence_sync EGL_KHR_create_context EGL_ANDROID_image_native_buffer EGL_KHR_wait_sync EGL_ANDROID_recordable 
09-19 11:25:55.695  1109  1109 I SurfaceFlinger: Client API: OpenGL_ES
09-19 11:25:55.695  1109  1109 I SurfaceFlinger: EGLSurface: 8-8-8-8, config=0x11
09-19 11:25:55.695  1109  1109 I EGL_adreno: eglCreateContext request GLES major-version=2
09-19 11:25:55.696  1109  1177 I         : fastpipe: Connect success
09-19 11:25:55.713  1109  1109 D EGL_adreno: eglCreateContext: 0xc77e6480: maj 3 min 1 rcv 4
09-19 11:25:55.728  1109  1109 D EGL_adreno: eglMakeCurrent: 0xc77e6480: ver 3 1 (tinfo 0xc77da710)
09-19 11:25:55.732  1125  1125 I gatekeeperd: Starting gatekeeperd...
09-19 11:25:55.732  1125  1125 W gatekeeperd: falling back to software GateKeeper
09-19 11:25:55.735  1109  1109 D HostConnection: ExtendedRCEncoderContext GL_VERSION return OpenGL ES 3.1
09-19 11:25:55.735  1109  1109 I SurfaceFlinger: OpenGL ES informations: format=0x1
09-19 11:25:55.735  1109  1109 I SurfaceFlinger: vendor    : Qualcomm
09-19 11:25:55.735  1109  1109 I SurfaceFlinger: renderer  : Adreno (TM) 640
09-19 11:25:55.735  1109  1109 I SurfaceFlinger: version   : OpenGL ES 3.1
09-19 11:25:55.735  1109  1109 I SurfaceFlinger: extensions: GL_OES_EGL_image GL_OES_EGL_image_external GL_OES_depth24 GL_OES_depth32 GL_OES_element_index_uint GL_OES_texture_float GL_OES_texture_float_linear GL_OES_compressed_paletted_texture GL_OES_compressed_ETC1_RGB8_texture GL_OES_depth_texture GL_EXT_texture_format_BGRA8888 GL_APPLE_texture_format_BGRA8888 GL_OES_texture_half_float GL_OES_texture_half_float_linear GL_OES_packed_depth_stencil GL_OES_vertex_half_float GL_OES_texture_npot GL_OES_rgb8_rgba8 GL_EXT_color_buffer_float GL_EXT_color_buffer_half_float GL_EXT_robustness GL_OES_EGL_image_external_essl3 GL_OES_vertex_array_object GL_OES_texture_compression_astc GL_KHR_texture_compression_astc_hdr GL_KHR_texture_compression_astc_ldr GL_OES_EGL_sync GL_EXT_copy_image GL_EXT_texture_buffer GL_EXT_draw_buffers_indexed GL_OES_texture_storage_multisample_2d_array GL_OES_sample_shading GL_OES_sample_variables GL_OES_shader_image_atomic GL_OES_shader_multisample_interpolation GL_OES_texture_stencil8 GL_EXT_texture_border_clamp GL_EXT_geometry_shader GL_
09-19 11:25:55.735  1109  1109 I SurfaceFlinger: GL_MAX_TEXTURE_SIZE = 16384
09-19 11:25:55.735  1109  1109 I SurfaceFlinger: GL_MAX_VIEWPORT_DIMS = 16384
09-19 11:25:55.736  1109  1109 D gralloc_default: gralloc_alloc: Creating ashmem region of size 4096, ignore more log...
09-19 11:25:55.753  1109  1109 I gralloc_default: fb_setOrientation: orientation=0
09-19 11:25:55.766  1109  1109 D EGL_adreno: eglMakeCurrent: 0xc77e6480: ver 3 1 (tinfo 0xc77da710)
09-19 11:25:55.834  1109  1109 D SurfaceFlinger: shader cache generated - 24 shaders in 68.350594 ms
09-19 11:25:55.835  1109  1109 D SurfaceFlinger: Set power mode=2, type=0 flinger=0xc77ef000
09-19 11:25:55.923  1123  1123 D CommandListener: CommandListener::CommandListener setupIptablesHooks
09-19 11:25:55.941  1235  1235 E ProbeModule: insmod_by_dep: cannot load module: [ipt_owner]
09-19 11:25:55.942  1237  1237 E ProbeModule: insmod_by_dep: cannot load module: [ipt_owner]
09-19 11:25:55.943  1239  1239 E ProbeModule: insmod_by_dep: cannot load module: [ipt_owner]
09-19 11:25:55.943  1123  1123 E Netd    : /system/bin/iptables-restore failed with res=0, status=256
09-19 11:25:55.945  1242  1242 E ProbeModule: insmod_by_dep: cannot load module: [ip6t_owner]
09-19 11:25:55.946  1244  1244 E ProbeModule: insmod_by_dep: cannot load module: [ip6t_owner]
09-19 11:25:55.947  1246  1246 E ProbeModule: insmod_by_dep: cannot load module: [ip6t_owner]
09-19 11:25:55.947  1123  1123 E Netd    : /system/bin/ip6tables-restore failed with res=0, status=256
09-19 11:25:55.981  1255  1255 E ProbeModule: insmod_by_dep: cannot load module: [ipt_owner]
09-19 11:25:55.982  1257  1257 E ProbeModule: insmod_by_dep: cannot load module: [ipt_owner]
09-19 11:25:55.983  1259  1259 E ProbeModule: insmod_by_dep: cannot load module: [ipt_owner]
09-19 11:25:55.983  1123  1123 E Netd    : /system/bin/iptables-restore failed with res=0, status=256
09-19 11:25:55.996  1262  1262 E ProbeModule: insmod_by_dep: cannot load module: [ip6t_owner]
09-19 11:25:55.997  1264  1264 E ProbeModule: insmod_by_dep: cannot load module: [ip6t_owner]
09-19 11:25:55.998  1266  1266 E ProbeModule: insmod_by_dep: cannot load module: [ip6t_owner]
09-19 11:25:55.998  1123  1123 E Netd    : /system/bin/ip6tables-restore failed with res=0, status=256
09-19 11:25:56.004  1123  1123 V NatController: runCmd(/system/bin/iptables -w -F natctrl_FORWARD) res=0
09-19 11:25:56.006  1123  1123 V NatController: runCmd(/system/bin/ip6tables -w -F natctrl_FORWARD) res=0
09-19 11:25:56.018  1123  1123 V NatController: runCmd(/system/bin/iptables -w -A natctrl_FORWARD -j DROP) res=0
09-19 11:25:56.020  1123  1123 V NatController: runCmd(/system/bin/iptables -w -t nat -F natctrl_nat_POSTROUTING) res=0
09-19 11:25:56.021  1113  1113 I appproc : exec app_process! cmdline: -Xzygote /system/bin --zygote --start-system-server 
09-19 11:25:56.023  1123  1123 V NatController: runCmd(/system/bin/ip6tables -w -t raw -F natctrl_raw_PREROUTING) res=0
09-19 11:25:56.036  1113  1113 D AndroidRuntime: >>>>>> START com.android.internal.os.ZygoteInit uid 0 <<<<<<
09-19 11:25:56.036  1123  1123 V NatController: runCmd(/system/bin/iptables -w -F natctrl_tether_counters) res=1
09-19 11:25:56.038  1123  1123 V NatController: runCmd(/system/bin/ip6tables -w -F natctrl_tether_counters) res=1
09-19 11:25:56.043  1123  1123 V NatController: runCmd(/system/bin/iptables -w -X natctrl_tether_counters) res=1
09-19 11:25:56.045  1123  1123 V NatController: runCmd(/system/bin/ip6tables -w -X natctrl_tether_counters) res=1
09-19 11:25:56.045  1113  1113 D AndroidRuntime: CheckJNI is OFF
09-19 11:25:56.047  1123  1123 V NatController: runCmd(/system/bin/iptables -w -N natctrl_tether_counters) res=0
09-19 11:25:56.059  1123  1123 V NatController: runCmd(/system/bin/ip6tables -w -N natctrl_tether_counters) res=0
09-19 11:25:56.059  1113  1113 I art     : option[0]=-Xzygote
09-19 11:25:56.059  1113  1113 I art     : option[1]=-Xstacktracefile:/data/anr/traces.txt
09-19 11:25:56.059  1113  1113 I art     : option[2]=exit
09-19 11:25:56.059  1113  1113 I art     : option[3]=vfprintf
09-19 11:25:56.060  1113  1113 I art     : option[4]=sensitiveThread
09-19 11:25:56.060  1113  1113 I art     : option[5]=-verbose:gc
09-19 11:25:56.060  1113  1113 I art     : option[6]=-Xms16m
09-19 11:25:56.060  1113  1113 I art     : option[7]=-Xmx256m
09-19 11:25:56.060  1113  1113 I art     : option[8]=-XX:HeapGrowthLimit=192m
09-19 11:25:56.060  1113  1113 I art     : option[9]=-XX:HeapMinFree=512k
09-19 11:25:56.060  1113  1113 I art     : option[10]=-XX:HeapMaxFree=8m
09-19 11:25:56.060  1113  1113 I art     : option[11]=-XX:HeapTargetUtilization=0.75
09-19 11:25:56.060  1113  1113 I art     : option[12]=-Xusejit:true
09-19 11:25:56.060  1113  1113 I art     : option[13]=-Xjitsaveprofilinginfo
09-19 11:25:56.060  1113  1113 I art     : option[14]=-agentlib:jdwp=transport=dt_android_adb,suspend=n,server=y
09-19 11:25:56.060  1113  1113 I art     : option[15]=-Xlockprofthreshold:500
09-19 11:25:56.060  1113  1113 I art     : option[16]=-Ximage-compiler-option
09-19 11:25:56.060  1113  1113 I art     : option[17]=--runtime-arg
09-19 11:25:56.060  1113  1113 I art     : option[18]=-Ximage-compiler-option
09-19 11:25:56.060  1113  1113 I art     : option[19]=-Xms64m
09-19 11:25:56.060  1113  1113 I art     : option[20]=-Ximage-compiler-option
09-19 11:25:56.060  1113  1113 I art     : option[21]=--runtime-arg
09-19 11:25:56.060  1113  1113 I art     : option[22]=-Ximage-compiler-option
09-19 11:25:56.060  1113  1113 I art     : option[23]=-Xmx64m
09-19 11:25:56.060  1113  1113 I art     : option[24]=-Ximage-compiler-option
09-19 11:25:56.060  1113  1113 I art     : option[25]=--image-classes=/system/etc/preloaded-classes
09-19 11:25:56.060  1113  1113 I art     : option[26]=-Ximage-compiler-option
09-19 11:25:56.060  1113  1113 I art     : option[27]=--compiled-classes=/system/etc/compiled-classes
09-19 11:25:56.060  1113  1113 I art     : option[28]=-Xcompiler-option
09-19 11:25:56.060  1113  1113 I art     : option[29]=--runtime-arg
09-19 11:25:56.060  1113  1113 I art     : option[30]=-Xcompiler-option
09-19 11:25:56.060  1113  1113 I art     : option[31]=-Xms64m
09-19 11:25:56.060  1113  1113 I art     : option[32]=-Xcompiler-option
09-19 11:25:56.060  1113  1113 I art     : option[33]=--runtime-arg
09-19 11:25:56.060  1113  1113 I art     : option[34]=-Xcompiler-option
09-19 11:25:56.060  1113  1113 I art     : option[35]=-Xmx512m
09-19 11:25:56.060  1113  1113 I art     : option[36]=-Ximage-compiler-option
09-19 11:25:56.060  1113  1113 I art     : option[37]=--instruction-set-variant=silvermont
09-19 11:25:56.060  1113  1113 I art     : option[38]=-Xcompiler-option
09-19 11:25:56.060  1113  1113 I art     : option[39]=--instruction-set-variant=silvermont
09-19 11:25:56.060  1113  1113 I art     : option[40]=-Ximage-compiler-option
09-19 11:25:56.060  1113  1113 I art     : option[41]=--instruction-set-features=default
09-19 11:25:56.060  1113  1113 I art     : option[42]=-Xcompiler-option
09-19 11:25:56.060  1113  1113 I art     : option[43]=--instruction-set-features=default
09-19 11:25:56.060  1113  1113 I art     : option[44]=-Duser.locale=zh-CN
09-19 11:25:56.060  1113  1113 I art     : option[45]=-XX:NativeBridge=libnb.so
09-19 11:25:56.060  1113  1113 I art     : option[46]=--cpu-abilist=x86,armeabi-v7a,armeabi
09-19 11:25:56.060  1113  1113 I art     : option[47]=-Xfingerprint:google/android_x86/x86:7.1.2/N2G48C/N975FXXU1ASGO:user/release-keys
09-19 11:25:56.062  1123  1123 V NatController: runCmd(/system/bin/iptables -w -t mangle -A natctrl_mangle_FORWARD -p tcp --tcp-flags SYN SYN -j TCPMSS --clamp-mss-to-pmtu) res=0
09-19 11:25:56.062  1123  1123 D CommandListener: CommandListener::CommandListener RouteController::Init
09-19 11:25:56.312  1282  1282 E ProbeModule: insmod_by_dep: cannot load module: [netdev-dummy0]
09-19 11:25:56.313  1284  1284 E ProbeModule: insmod_by_dep: cannot load module: [dummy0]
09-19 11:25:56.313  1123  1123 E Netd    : cannot find interface dummy0
09-19 11:25:56.313  1123  1123 D CommandListener: CommandListener::CommandListener finish construct
09-19 11:25:56.314  1288  1288 E ProbeModule: insmod_by_dep: cannot load module: [net-pf-16-proto-5]
09-19 11:25:56.314  1123  1123 E Netd    : Unable to create netlink socket: Protocol not supported
09-19 11:25:56.314  1123  1123 W Netd    : Unable to open qlog quota socket, check if xt_quota2 can send via UeventHandler
09-19 11:25:56.315  1123  1123 D MDnsDS  : MDnsSdListener::Hander starting up
09-19 11:25:56.315  1123  1291 D MDnsDS  : MDnsSdListener starting to monitor
09-19 11:25:56.315  1123  1291 D MDnsDS  : Going to poll with pollCount 1
09-19 11:25:56.321  1113  1113 D ICU     : No timezone override file found: /data/misc/zoneinfo/current/icu/icu_tzdata.dat
09-19 11:25:56.436  1115  1115 D CameraHardware: CameraHardware::setPreviewWindow: preview_stream_ops: 0xc6f85150
09-19 11:25:56.436  1115  1115 D CameraHardware: CameraHardware::setParameters
09-19 11:25:56.436  1115  1115 D CameraHardware: Trivially accept it. No changes detected
09-19 11:25:56.436  1115  1115 D CameraHardware: CameraHardware::stopPreview
09-19 11:25:56.436  1115  1115 D CameraHardware: CameraHardware::stopPreviewLocked
09-19 11:25:56.436  1115  1115 D CameraHardware: CameraHardware::stopPreviewLocked: OK
09-19 11:25:56.436  1115  1115 D CameraHardware: CameraHardware::setPreviewWindow: preview_stream_ops: 0x0
09-19 11:25:56.436  1115  1115 D CameraHardware: CameraHardware::releaseCamera
09-19 11:25:56.436  1115  1115 I CameraFlashlight: Destroying camera 0
09-19 11:25:56.436  1115  1115 D CameraHardware: CameraHardware::closeCamera
09-19 11:25:56.436  1115  1115 D CameraHardware: CameraHardware::releaseCamera
09-19 11:25:56.436  1115  1115 I CameraFlashlight: Opening camera 1
09-19 11:25:56.436  1115  1115 D Camera_Factory: CameraFactory::get_camera_info
09-19 11:25:56.436  1115  1115 D Camera_Factory: CameraFactory::getCameraInfo: id = 1, info = 0xcffff768
09-19 11:25:56.436  1115  1115 D Camera_Factory: CameraFactory::getCameraNum: 2
09-19 11:25:56.436  1115  1115 D CameraHardware: CameraHardware::getCameraInfo
09-19 11:25:56.436  1115  1115 D Camera_Factory: CameraFactory::device_open: name = 1
09-19 11:25:56.436  1115  1115 D Camera_Factory: CameraFactory::cameraDeviceOpen: id = 1
09-19 11:25:56.436  1115  1115 D Camera_Factory: CameraFactory::getCameraNum: 2
09-19 11:25:56.436  1115  1115 D CameraHardware: CameraHardware::PowerOn: Power ON camera.
09-19 11:25:56.436  1115  1115 D CameraHardware: CameraHardware::PowerOn: no power_file set
09-19 11:25:56.436  1115  1115 D CameraHardware: CameraHardware::initDefaultParameters
09-19 11:25:56.436  1115  1115 D V4L2Camera: V4L2Camera::getAvailableSizes
09-19 11:25:56.436  1115  1115 D V4L2Camera: V4L2Camera::getAvailableFps
09-19 11:25:56.436  1115  1115 I CameraHardware: Default preview size: (1280 x 720), fps:25
09-19 11:25:56.436  1115  1115 I CameraHardware: All available formats: 176x144,240x160,320x200,320x240,352x288,432x320,480x320,640x480,1280x720
09-19 11:25:56.436  1115  1115 I CameraHardware: All available fps: (25,25)
09-19 11:25:56.436  1115  1115 I CameraHardware: Default picture size: (1280 x 720)
09-19 11:25:56.436  1115  1115 D CameraHardware: CameraHardware::setParameters
09-19 11:25:56.436  1115  1115 D CameraHardware: CameraHardware::setParameters: PREVIEW: Size 1280x720, 25 fps, format: yuv422sp
09-19 11:25:56.436  1115  1115 D CameraHardware: CameraHardware::setParameters: PICTURE: Size 1280x720, format: jpeg
09-19 11:25:56.436  1115  1115 D CameraHardware: CameraHardware::setParameters: VIDEO: Size 1280x720, format: yuv420p
09-19 11:25:56.436  1115  1115 D CameraHardware: CameraHardware::initHeapLocked
09-19 11:25:56.436  1115  1115 E CameraHardware: No memory allocator available
09-19 11:25:56.436  1115  1115 D CameraHardware: CameraHardware::setParameters: OK parms=antibanding=auto;antibanding-values=auto;effect=none;effect-values=none;exposure-compensation=6;exposure-compensation-step=0.5;flash-mode=off;flash-mode-values=off;focal-length=4;focus-mode=fixed;focus-mode-values=fixed;horizontal-view-angle=90;jpeg-quality=85;jpeg-thumbnail-size-values=640x480,0x0;max-video-continuous-zoom=0;max-zoom=100;picture-format=jpeg;picture-format-values=jpeg;picture-size=1280x720;picture-size-values=176x144,240x160,320x200,320x240,352x288,432x320,480x320,640x480,1280x720;preferred-preview-size-for-video=640x480;preview-format=yuv422sp;preview-format-values=yuv422i-yuyv,yuv422sp,yuv420sp,yuv420p;preview-fps-range-values=(25,25);preview-frame-rate=25;preview-frame-rate-values=25;preview-size=1280x720;preview-size-values=176x144,240x160,320x200,320x240,352x288,432x320,480x320,640x480,1280x720;rotation=0;rotation-values=0;scene-mode=auto;scene-mode-values=auto;smooth-zoom-supported=false;vertical-view-angle=90;video-frame-format=yuv420p;video-siz
09-19 11:25:56.436  1115  1115 D CameraHardware: CameraHardware::connectCamera
09-19 11:25:56.436  1115  1115 D CameraHardware: CameraHardware::setCallbacks
09-19 11:25:56.436  1115  1115 D CameraHardware: CameraHardware::getParameters
09-19 11:25:56.436  1115  1115 D CameraHardware: CameraHardware::putParameters
09-19 11:25:56.437  1115  1115 D CameraHardware: CameraHardware::setPreviewWindow: preview_stream_ops: 0xc6f85150
09-19 11:25:56.437  1115  1115 D CameraHardware: CameraHardware::setParameters
09-19 11:25:56.437  1115  1115 D CameraHardware: Trivially accept it. No changes detected
09-19 11:25:56.437  1115  1115 D CameraHardware: CameraHardware::stopPreview
09-19 11:25:56.437  1115  1115 D CameraHardware: CameraHardware::stopPreviewLocked
09-19 11:25:56.437  1115  1115 D CameraHardware: CameraHardware::stopPreviewLocked: OK
09-19 11:25:56.437  1115  1115 D CameraHardware: CameraHardware::setPreviewWindow: preview_stream_ops: 0x0
09-19 11:25:56.437  1115  1115 D CameraHardware: CameraHardware::releaseCamera
09-19 11:25:56.437  1115  1115 I CameraFlashlight: Destroying camera 1
09-19 11:25:56.437  1115  1115 D CameraHardware: CameraHardware::closeCamera
09-19 11:25:56.437  1115  1115 D CameraHardware: CameraHardware::releaseCamera
09-19 11:25:56.437  1115  1115 D Camera_Factory: CameraFactory::get_camera_info
09-19 11:25:56.437  1115  1115 D Camera_Factory: CameraFactory::getCameraInfo: id = 0, info = 0xcffff990
09-19 11:25:56.437  1115  1115 D Camera_Factory: CameraFactory::getCameraNum: 2
09-19 11:25:56.437  1115  1115 D CameraHardware: CameraHardware::getCameraInfo
09-19 11:25:56.437  1115  1115 D Camera_Factory: CameraFactory::get_camera_info
09-19 11:25:56.437  1115  1115 D Camera_Factory: CameraFactory::getCameraInfo: id = 1, info = 0xcffff990
09-19 11:25:56.437  1115  1115 D Camera_Factory: CameraFactory::getCameraNum: 2
09-19 11:25:56.437  1115  1115 D CameraHardware: CameraHardware::getCameraInfo
09-19 11:25:56.437  1115  1115 I ServiceManager: Waiting for service media.camera.proxy...
09-19 11:25:56.660  1113  1113 E memtrack: Couldn't load memtrack module (No such file or directory)
09-19 11:25:56.660  1113  1113 E android.os.Debug: failed to load memtrack module: -2
09-19 11:25:56.662  1113  1113 I Radio-JNI: register_android_hardware_Radio DONE
09-19 11:25:56.689  1113  1113 I SamplingProfilerIntegration: Profiling disabled.
09-19 11:25:56.690  1113  1113 D Zygote  : begin preload
09-19 11:25:56.690  1113  1113 I Zygote  : Installing ICU cache reference pinning...
09-19 11:25:56.691  1113  1113 I Zygote  : Preloading ICU data...
09-19 11:25:56.773  1113  1113 I Zygote  : Preloading classes...
09-19 11:25:56.777  1113  1113 W Zygote  : Class not found for preloading: [Landroid.view.Display$ColorTransform;
09-19 11:25:57.034  1113  1113 E Typeface: Error mapping font file /system/fonts/DroidSansFallback.ttf
09-19 11:25:57.805  1115  1115 I ServiceManager: Waiting for service media.camera.proxy...
09-19 11:25:57.813  1113  1113 I art     : Thread[1,tid=1113,Native,Thread*=0xc7c4a400,peer=0x12c080d0,"main"] recursive attempt to load library "/system/lib/libmedia_jni.so"
09-19 11:25:57.814  1113  1113 D MtpDeviceJNI: register_android_mtp_MtpDevice
09-19 11:25:57.814  1113  1113 I art     : Thread[1,tid=1113,Native,Thread*=0xc7c4a400,peer=0x12c080d0,"main"] recursive attempt to load library "/system/lib/libmedia_jni.so"
09-19 11:25:57.814  1113  1113 I art     : Thread[1,tid=1113,Native,Thread*=0xc7c4a400,peer=0x12c080d0,"main"] recursive attempt to load library "/system/lib/libmedia_jni.so"
09-19 11:25:58.395  1113  1113 W linker  : /system/vendor/lib/libavcodec.so has text relocations. This is wasting memory and prevents security hardening. Please fix.
09-19 11:25:58.405  1113  1113 W linker  : /system/vendor/lib/libavutil.so has text relocations. This is wasting memory and prevents security hardening. Please fix.
09-19 11:25:58.406  1113  1113 W linker  : /system/vendor/lib/libswresample.so has text relocations. This is wasting memory and prevents security hardening. Please fix.
09-19 11:25:58.458  1113  1113 W Zygote  : Class not found for preloading: android.view.Display$ColorTransform
09-19 11:25:58.458  1113  1113 W Zygote  : Class not found for preloading: android.view.Display$ColorTransform$1
09-19 11:25:58.477  1114  1134 W BatteryNotifier: batterystats service unavailable!
09-19 11:25:58.509  1113  1113 I System  : Loaded time zone names for "" in 17ms (17ms in ICU)
09-19 11:25:58.514  1113  1113 I System  : Loaded time zone names for "en_US" in 4ms (4ms in ICU)
09-19 11:25:58.522  1113  1113 I System  : Loaded time zone names for "zh_CN" in 7ms (7ms in ICU)
09-19 11:25:58.532  1113  1113 I Zygote  : ...preloaded 4158 classes in 1759ms.
09-19 11:25:58.532  1113  1113 I art     : VMRuntime.preloadDexCaches starting
09-19 11:25:58.559  1113  1113 I art     : VMRuntime.preloadDexCaches strings total=284787 before=39944 after=39944
09-19 11:25:58.559  1113  1113 I art     : VMRuntime.preloadDexCaches types total=23642 before=7884 after=7918
09-19 11:25:58.559  1113  1113 I art     : VMRuntime.preloadDexCaches fields total=112343 before=40965 after=41182
09-19 11:25:58.559  1113  1113 I art     : VMRuntime.preloadDexCaches methods total=197976 before=82551 after=83141
09-19 11:25:58.559  1113  1113 I art     : VMRuntime.preloadDexCaches finished
09-19 11:25:58.560  1113  1113 I Zygote  : Preloading resources...
09-19 11:25:58.578  1113  1113 W Resources: Preloaded drawable resource #0x108025c (android:drawable/dialog_background_material) that varies with configuration!!
09-19 11:25:58.580  1113  1113 W Resources: Preloaded color resource #0x10600ea (android:color/material_grey_800) that varies with configuration!!
09-19 11:25:58.580  1113  1113 W Resources: Preloaded drawable resource #0x10802c9 (android:drawable/floating_popup_background_dark) that varies with configuration!!
09-19 11:25:58.614  1113  1113 I Zygote  : ...preloaded 114 resources in 54ms.
09-19 11:25:58.614  1113  1113 W Resources: Preloaded color resource #0x1060114 (android:color/background_cache_hint_selector_material_dark) that varies with configuration!!
09-19 11:25:58.614  1113  1113 W Resources: Preloaded color resource #0x1060119 (android:color/btn_default_material_dark) that varies with configuration!!
09-19 11:25:58.614  1113  1113 I Zygote  : ...preloaded 41 resources in 1ms.
09-19 11:25:58.615  1113  1113 I Zygote  : ...preloaded 2 resource in 0ms.
09-19 11:25:58.616  1113  1113 D libEGL  : loaded /system/lib/egl/libEGL_adreno.so
09-19 11:25:58.616  1113  1113 D libEGL  : loaded /system/lib/egl/libGLESv1_CM_adreno.so
09-19 11:25:58.618  1113  1113 D libEGL  : loaded /system/lib/egl/libGLESv2_adreno.so
09-19 11:25:58.620  1113  1113 I Zygote  : Preloading shared libraries...
09-19 11:25:58.626  1113  1113 I Zygote  : Uninstalled ICU cache reference pinning...
09-19 11:25:58.628  1113  1113 I Zygote  : Installed AndroidKeyStoreProvider in 2ms.
09-19 11:25:58.633  1113  1113 I Zygote  : Warmed up JCA providers in 5ms.
09-19 11:25:58.633  1113  1113 D Zygote  : end preload
09-19 11:25:58.633  1113  1113 I art     : Starting a blocking GC Explicit
09-19 11:25:58.640  1113  1113 I art     : Explicit concurrent mark sweep GC freed 57310(6MB) AllocSpace objects, 134(2MB) LOS objects, 39% free, 6MB/10MB, paused 94us total 6.669ms
09-19 11:25:58.641  1113  1113 I art     : Starting a blocking GC Explicit
09-19 11:25:58.645  1113  1113 I art     : Explicit concurrent mark sweep GC freed 4895(184KB) AllocSpace objects, 0(0B) LOS objects, 40% free, 6MB/10MB, paused 89us total 3.363ms
09-19 11:25:58.664  1113  1299 I art     : Starting a blocking GC HeapTrim
09-19 11:25:58.666  1113  1113 I art     : Starting a blocking GC Background
09-19 11:25:58.678  1113  1113 I Zygote  : System server process 1302 has been created
09-19 11:25:58.678  1302  1302 D libnativebridge: call UnloadNativeBridge! state=1
09-19 11:25:58.680  1113  1113 I Zygote  : Accepting command socket connections
09-19 11:25:58.682  1302  1302 I InstallerConnection: connecting...
09-19 11:25:58.682  1117  1117 I         : new connection
09-19 11:25:58.688  1302  1302 I InstallerConnection: disconnecting...
09-19 11:25:58.688  1117  1117 E         : eof
09-19 11:25:58.688  1117  1117 E         : failed to read size
09-19 11:25:58.688  1117  1117 I         : closing connection
09-19 11:25:58.706  1302  1302 I SystemServer: Entered the Android system server!
09-19 11:25:58.753  1302  1302 I SystemServiceManager: Starting com.android.server.pm.Installer
09-19 11:25:58.756  1302  1302 I Installer: Waiting for installd to be ready.
09-19 11:25:58.756  1302  1302 I InstallerConnection: connecting...
09-19 11:25:58.756  1117  1117 I         : new connection
09-19 11:25:58.756  1302  1302 I SystemServiceManager: Starting com.android.server.am.ActivityManagerService$Lifecycle
09-19 11:25:58.767  1302  1302 I ActivityManager: Memory class: 192
09-19 11:25:58.812  1115  1115 I ServiceManager: Waiting for service media.camera.proxy...
09-19 11:25:58.824  1302  1302 D BatteryStatsImpl: Reading daily items from /data/system/batterystats-daily.xml
09-19 11:25:58.867  1302  1302 I IntentFirewall: Read new rules (A:0 B:0 S:0)
09-19 11:25:58.874  1302  1302 D AppOps  : AppOpsService published
09-19 11:25:58.874  1302  1302 I SystemServiceManager: Starting com.android.server.power.PowerManagerService
09-19 11:25:58.876  1302  1302 E PowerManagerService-JNI: Couldn't load power module (No such file or directory)
09-19 11:25:58.877  1302  1302 I libsuspend: Selected wakeup count
09-19 11:25:58.879  1302  1302 I SystemServiceManager: Starting com.android.server.lights.LightsService
09-19 11:25:58.881  1302  1302 E lights  : Unable to detect max_brightness. Try to set backlight.max_brightness_file
09-19 11:25:58.881  1302  1302 I SystemServiceManager: Starting com.android.server.display.DisplayManagerService
09-19 11:25:58.884  1302  1302 I SystemServiceManager: Starting phase 100
09-19 11:25:58.896  1302  1323 I DisplayManagerService: Display device added: DisplayDeviceInfo{"内置屏幕": uniqueId="local:0", 1080 x 1920, modeId 1, defaultModeId 1, supportedModes [{id=1, width=1080, height=1920, fps=60.000004}], colorMode 0, supportedColorModes [0], HdrCapabilities android.view.Display$HdrCapabilities@a69d6308, density 480, 480.0 x 480.0 dpi, appVsyncOff 1000000, presDeadline 16666666, touch INTERNAL, rotation 0, type BUILT_IN, state UNKNOWN, FLAG_DEFAULT_DISPLAY, FLAG_ROTATES_WITH_CONTENT, FLAG_SECURE, FLAG_SUPPORTS_PROTECTED_BUFFERS}
09-19 11:25:58.896  1109  1109 D SurfaceFlinger: Set power mode=2, type=0 flinger=0xc77ef000
09-19 11:25:58.896  1109  1109 D SurfaceFlinger: Screen type=0 is already mode=2
09-19 11:25:58.896  1302  1323 I DisplayManagerService: Display device changed state: "内置屏幕", ON
09-19 11:25:58.897  1302  1302 I SystemServer: StartPackageManagerService
09-19 11:25:58.939  1302  1302 D SELinuxMMAC: Using policy file /system/etc/security/mac_permissions.xml
09-19 11:25:58.948  1302  1302 D PackageSettings: Read domain verification for package: com.litatom.app
09-19 11:25:58.973  1302  1327 I libsuspend: open event0(Power Button) ok fd=62
09-19 11:25:58.975  1302  1302 E art     : DexFile_getDexOptNeeded file '/system/framework/org.apache.http.legacy.jar' does not exist
09-19 11:25:58.975  1302  1302 W PackageManager: Library not found: /system/framework/org.apache.http.legacy.jar
09-19 11:25:58.978  1302  1302 D PackageManager: No files in app dir /vendor/overlay
09-19 11:25:58.993  1302  1302 D NativeLibraryHelper: call FindSupportedAbi, param: supportedAbisArray=x86 armeabi-v7a armeabi 
09-19 11:25:58.995  1302  1302 W PackageManager: Failed to parse /system/framework/oat: Missing base APK in /system/framework/oat
09-19 11:25:58.996  1302  1302 W PackageManager: Failed to parse /system/framework/x86: Missing base APK in /system/framework/x86
09-19 11:25:59.011  1302  1302 D NativeLibraryHelper: call FindSupportedAbi, param: supportedAbisArray=x86 armeabi-v7a armeabi 
09-19 11:25:59.025  1302  1302 D NativeLibraryHelper: call FindSupportedAbi, param: supportedAbisArray=x86 armeabi-v7a armeabi 
09-19 11:25:59.034  1302  1302 D NativeLibraryHelper: call FindSupportedAbi, param: supportedAbisArray=x86 armeabi-v7a armeabi 
09-19 11:25:59.041  1302  1302 W PackageParser: No actions in intent filter at /system/priv-app/Contacts/Contacts.apk Binary XML file line #409
09-19 11:25:59.050  1302  1302 D NativeLibraryHelper: call FindSupportedAbi, param: supportedAbisArray=x86 armeabi-v7a armeabi 
09-19 11:25:59.066  1302  1302 D NativeLibraryHelper: call FindSupportedAbi, param: supportedAbisArray=x86 armeabi-v7a armeabi 
09-19 11:25:59.084  1302  1302 D NativeLibraryHelper: call FindSupportedAbi, param: supportedAbisArray=x86 armeabi-v7a armeabi 
09-19 11:25:59.093  1302  1302 D NativeLibraryHelper: call FindSupportedAbi, param: supportedAbisArray=x86 armeabi-v7a armeabi 
09-19 11:25:59.109  1302  1302 D NativeLibraryHelper: call FindSupportedAbi, param: supportedAbisArray=x86 armeabi-v7a armeabi 
09-19 11:25:59.122  1302  1302 D NativeLibraryHelper: call FindSupportedAbi, param: supportedAbisArray=x86 armeabi-v7a armeabi 
09-19 11:25:59.137  1302  1302 D NativeLibraryHelper: call FindSupportedAbi, param: supportedAbisArray=x86 armeabi-v7a armeabi 
09-19 11:25:59.138  1302  1302 W PackageManager: Permission android.permission.DOWNLOAD_WITHOUT_NOTIFICATION from package com.android.providers.downloads in an unknown group android.permission-group.NETWORK
09-19 11:25:59.145  1302  1302 D NativeLibraryHelper: call FindSupportedAbi, param: supportedAbisArray=x86 armeabi-v7a armeabi 
09-19 11:25:59.160  1302  1302 D NativeLibraryHelper: call FindSupportedAbi, param: supportedAbisArray=x86 armeabi-v7a armeabi 
09-19 11:25:59.167  1302  1302 D NativeLibraryHelper: call FindSupportedAbi, param: supportedAbisArray=x86 armeabi-v7a armeabi 
09-19 11:25:59.174  1302  1302 D NativeLibraryHelper: call FindSupportedAbi, param: supportedAbisArray=x86 armeabi-v7a armeabi 
09-19 11:25:59.191  1302  1302 D NativeLibraryHelper: call FindSupportedAbi, param: supportedAbisArray=x86 armeabi-v7a armeabi 
09-19 11:25:59.201  1302  1302 D NativeLibraryHelper: call FindSupportedAbi, param: supportedAbisArray=x86 armeabi-v7a armeabi 
09-19 11:25:59.217  1302  1302 D NativeLibraryHelper: call FindSupportedAbi, param: supportedAbisArray=x86 armeabi-v7a armeabi 
09-19 11:25:59.225  1302  1302 D NativeLibraryHelper: call FindSupportedAbi, param: supportedAbisArray=x86 armeabi-v7a armeabi 
09-19 11:25:59.246  1302  1302 D NativeLibraryHelper: call FindSupportedAbi, param: supportedAbisArray=x86 armeabi-v7a armeabi 
09-19 11:25:59.253  1302  1302 D NativeLibraryHelper: call FindSupportedAbi, param: supportedAbisArray=x86 armeabi-v7a armeabi 
09-19 11:25:59.268  1302  1302 W PackageParser: Ignoring duplicate uses-permissions/uses-permissions-sdk-m: android.permission.USE_CREDENTIALS in package: com.android.settings at: Binary XML file line #56
09-19 11:25:59.268  1302  1302 W PackageParser: Ignoring duplicate uses-permissions/uses-permissions-sdk-m: android.permission.READ_SYNC_SETTINGS in package: com.android.settings at: Binary XML file line #61
09-19 11:25:59.268  1302  1302 W PackageParser: Ignoring duplicate uses-permissions/uses-permissions-sdk-m: android.permission.WRITE_SYNC_SETTINGS in package: com.android.settings at: Binary XML file line #62
09-19 11:25:59.293  1302  1302 D NativeLibraryHelper: call FindSupportedAbi, param: supportedAbisArray=x86 armeabi-v7a armeabi 
09-19 11:25:59.303  1302  1302 D NativeLibraryHelper: call FindSupportedAbi, param: supportedAbisArray=x86 armeabi-v7a armeabi 
09-19 11:25:59.319  1302  1302 D NativeLibraryHelper: call FindSupportedAbi, param: supportedAbisArray=x86 armeabi-v7a armeabi 
09-19 11:25:59.322  1302  1302 W PackageParser: Ignoring duplicate uses-permissions/uses-permissions-sdk-m: android.permission.INSTALL_GRANT_RUNTIME_PERMISSIONS in package: com.android.shell at: Binary XML file line #102
09-19 11:25:59.327  1302  1302 D NativeLibraryHelper: call FindSupportedAbi, param: supportedAbisArray=x86 armeabi-v7a armeabi 
09-19 11:25:59.335  1302  1302 D NativeLibraryHelper: call FindSupportedAbi, param: supportedAbisArray=x86 armeabi-v7a armeabi 
09-19 11:25:59.354  1302  1302 D NativeLibraryHelper: call FindSupportedAbi, param: supportedAbisArray=x86 armeabi-v7a armeabi 
09-19 11:25:59.362  1302  1302 W PackageParser: Ignoring duplicate uses-permissions/uses-permissions-sdk-m: android.permission.CONFIGURE_WIFI_DISPLAY in package: com.android.systemui at: Binary XML file line #123
09-19 11:25:59.371  1302  1302 D NativeLibraryHelper: call FindSupportedAbi, param: supportedAbisArray=x86 armeabi-v7a armeabi 
09-19 11:25:59.394  1302  1302 D NativeLibraryHelper: call FindSupportedAbi, param: supportedAbisArray=x86 armeabi-v7a armeabi 
09-19 11:25:59.405  1302  1302 D NativeLibraryHelper: call FindSupportedAbi, param: supportedAbisArray=x86 armeabi-v7a armeabi 
09-19 11:25:59.422  1302  1302 D NativeLibraryHelper: call FindSupportedAbi, param: supportedAbisArray=x86 armeabi-v7a armeabi 
09-19 11:25:59.429  1302  1302 D NativeLibraryHelper: call FindSupportedAbi, param: supportedAbisArray=x86 armeabi-v7a armeabi 
09-19 11:25:59.439  1302  1302 W PackageParser: Unknown element under <manifest>: module at /system/priv-app/LDAppStore/LDAppStore.apk Binary XML file line #12
09-19 11:25:59.439  1302  1302 W PackageParser: Unknown element under <manifest>: queries at /system/priv-app/LDAppStore/LDAppStore.apk Binary XML file line #58
09-19 11:25:59.454  1302  1302 D NativeLibraryHelper: call FindSupportedAbi, param: supportedAbisArray=x86 armeabi-v7a armeabi 
09-19 11:25:59.462  1302  1302 D NativeLibraryHelper: call FindSupportedAbi, param: supportedAbisArray=x86 armeabi-v7a armeabi 
09-19 11:25:59.468  1302  1302 W PackageParser: No actions in intent filter at /system/app/CMFileManager/CMFileManager.apk Binary XML file line #166
09-19 11:25:59.483  1302  1302 D NativeLibraryHelper: call FindSupportedAbi, param: supportedAbisArray=x86 armeabi-v7a armeabi 
09-19 11:25:59.493  1302  1302 D NativeLibraryHelper: call FindSupportedAbi, param: supportedAbisArray=x86 armeabi-v7a armeabi 
09-19 11:25:59.500  1302  1302 D NativeLibraryHelper: call FindSupportedAbi, param: supportedAbisArray=x86 armeabi-v7a armeabi 
09-19 11:25:59.529  1302  1302 D NativeLibraryHelper: call FindSupportedAbi, param: supportedAbisArray=x86 armeabi-v7a armeabi 
09-19 11:25:59.530  1302  1302 W PackageManager: Permission com.android.chrome.permission.DEBUG from package com.android.chrome in an unknown group android.permission-group.DEVELOPMENT_TOOLS
09-19 11:25:59.539  1302  1302 D NativeLibraryHelper: call FindSupportedAbi, param: supportedAbisArray=x86 armeabi-v7a armeabi 
09-19 11:25:59.540  1302  1302 W PackageManager: Non-privileged app; cap priority to 0; package: com.android.cts.ctsshim activity: com.android.cts.ctsshim.InstallPriority origPrio: 100
09-19 11:25:59.540  1302  1302 W PackageManager: Non-privileged app; cap priority to 0; package: com.android.cts.ctsshim activity: com.android.cts.ctsshim.InstallPriority origPrio: 100
09-19 11:25:59.540  1302  1302 W PackageManager: Non-privileged app; cap priority to 0; package: com.android.cts.ctsshim activity: com.android.cts.ctsshim.InstallPriority origPrio: 100
09-19 11:25:59.540  1302  1302 W PackageManager: Non-privileged app; cap priority to 0; package: com.android.cts.ctsshim activity: com.android.cts.ctsshim.InstallPriority origPrio: 100
