--------- beginning of system
09-19 11:25:55.109  1060  1060 I vold    : Vold 3.0 (the awakening) firing up
09-19 11:25:55.109  1060  1060 V vold    : Detected support for: exfat ext4 iso9660 ntfs vfat
09-19 11:25:55.111  1060  1060 W Vold    : Tearing down stale mount /mnt/temp
09-19 11:25:55.138  1060  1102 D vold    : e4crypt_init_user0
09-19 11:25:55.138  1060  1102 D vold    : e4crypt_prepare_user_storage for volume null, user 0, serial 0, flags 1
09-19 11:25:55.138  1060  1102 D vold    : Preparing: /data/system/users/0
09-19 11:25:55.139  1060  1102 D vold    : Preparing: /data/misc/profiles/cur/0
09-19 11:25:55.139  1060  1102 D vold    : Preparing: /data/misc/profiles/cur/0/foreign-dex
09-19 11:25:55.139  1060  1102 D vold    : Preparing: /data/system_de/0
09-19 11:25:55.139  1060  1102 D vold    : Preparing: /data/misc_de/0
09-19 11:25:55.140  1060  1102 D vold    : Preparing: /data/user_de/0
09-19 11:25:55.140  1060  1102 D vold    : e4crypt_unlock_user_key 0 serial=0 token_present=0
09-19 11:25:58.682  1302  1302 I InstallerConnection: connecting...
09-19 11:25:58.688  1302  1302 I InstallerConnection: disconnecting...
09-19 11:25:58.706  1302  1302 I SystemServer: Entered the Android system server!
09-19 11:25:58.753  1302  1302 I SystemServiceManager: Starting com.android.server.pm.Installer
09-19 11:25:58.756  1302  1302 I Installer: Waiting for installd to be ready.
09-19 11:25:58.756  1302  1302 I InstallerConnection: connecting...
09-19 11:25:58.756  1302  1302 I SystemServiceManager: Starting com.android.server.am.ActivityManagerService$Lifecycle
09-19 11:25:58.767  1302  1302 I ActivityManager: Memory class: 192
09-19 11:25:58.824  1302  1302 D BatteryStatsImpl: Reading daily items from /data/system/batterystats-daily.xml
09-19 11:25:58.867  1302  1302 I IntentFirewall: Read new rules (A:0 B:0 S:0)
09-19 11:25:58.874  1302  1302 D AppOps  : AppOpsService published
09-19 11:25:58.874  1302  1302 I SystemServiceManager: Starting com.android.server.power.PowerManagerService
09-19 11:25:58.879  1302  1302 I SystemServiceManager: Starting com.android.server.lights.LightsService
09-19 11:25:58.881  1302  1302 I SystemServiceManager: Starting com.android.server.display.DisplayManagerService
09-19 11:25:58.884  1302  1302 I SystemServiceManager: Starting phase 100
09-19 11:25:58.896  1302  1323 I DisplayManagerService: Display device added: DisplayDeviceInfo{"内置屏幕": uniqueId="local:0", 1080 x 1920, modeId 1, defaultModeId 1, supportedModes [{id=1, width=1080, height=1920, fps=60.000004}], colorMode 0, supportedColorModes [0], HdrCapabilities android.view.Display$HdrCapabilities@a69d6308, density 480, 480.0 x 480.0 dpi, appVsyncOff 1000000, presDeadline 16666666, touch INTERNAL, rotation 0, type BUILT_IN, state UNKNOWN, FLAG_DEFAULT_DISPLAY, FLAG_ROTATES_WITH_CONTENT, FLAG_SECURE, FLAG_SUPPORTS_PROTECTED_BUFFERS}
09-19 11:25:58.896  1302  1323 I DisplayManagerService: Display device changed state: "内置屏幕", ON
09-19 11:25:58.897  1302  1302 I SystemServer: StartPackageManagerService
09-19 11:25:58.939  1302  1302 D SELinuxMMAC: Using policy file /system/etc/security/mac_permissions.xml
09-19 11:25:58.975  1302  1302 W PackageManager: Library not found: /system/framework/org.apache.http.legacy.jar
09-19 11:25:58.995  1302  1302 W PackageManager: Failed to parse /system/framework/oat: Missing base APK in /system/framework/oat
09-19 11:25:58.996  1302  1302 W PackageManager: Failed to parse /system/framework/x86: Missing base APK in /system/framework/x86
09-19 11:25:59.041  1302  1302 W PackageParser: No actions in intent filter at /system/priv-app/Contacts/Contacts.apk Binary XML file line #409
09-19 11:25:59.138  1302  1302 W PackageManager: Permission android.permission.DOWNLOAD_WITHOUT_NOTIFICATION from package com.android.providers.downloads in an unknown group android.permission-group.NETWORK
09-19 11:25:59.268  1302  1302 W PackageParser: Ignoring duplicate uses-permissions/uses-permissions-sdk-m: android.permission.USE_CREDENTIALS in package: com.android.settings at: Binary XML file line #56
09-19 11:25:59.268  1302  1302 W PackageParser: Ignoring duplicate uses-permissions/uses-permissions-sdk-m: android.permission.READ_SYNC_SETTINGS in package: com.android.settings at: Binary XML file line #61
09-19 11:25:59.268  1302  1302 W PackageParser: Ignoring duplicate uses-permissions/uses-permissions-sdk-m: android.permission.WRITE_SYNC_SETTINGS in package: com.android.settings at: Binary XML file line #62
09-19 11:25:59.322  1302  1302 W PackageParser: Ignoring duplicate uses-permissions/uses-permissions-sdk-m: android.permission.INSTALL_GRANT_RUNTIME_PERMISSIONS in package: com.android.shell at: Binary XML file line #102
09-19 11:25:59.362  1302  1302 W PackageParser: Ignoring duplicate uses-permissions/uses-permissions-sdk-m: android.permission.CONFIGURE_WIFI_DISPLAY in package: com.android.systemui at: Binary XML file line #123
09-19 11:25:59.439  1302  1302 W PackageParser: Unknown element under <manifest>: module at /system/priv-app/LDAppStore/LDAppStore.apk Binary XML file line #12
09-19 11:25:59.439  1302  1302 W PackageParser: Unknown element under <manifest>: queries at /system/priv-app/LDAppStore/LDAppStore.apk Binary XML file line #58
09-19 11:25:59.468  1302  1302 W PackageParser: No actions in intent filter at /system/app/CMFileManager/CMFileManager.apk Binary XML file line #166
09-19 11:25:59.530  1302  1302 W PackageManager: Permission com.android.chrome.permission.DEBUG from package com.android.chrome in an unknown group android.permission-group.DEVELOPMENT_TOOLS
09-19 11:25:59.540  1302  1302 W PackageManager: Non-privileged app; cap priority to 0; package: com.android.cts.ctsshim activity: com.android.cts.ctsshim.InstallPriority origPrio: 100
09-19 11:25:59.540  1302  1302 W PackageManager: Non-privileged app; cap priority to 0; package: com.android.cts.ctsshim activity: com.android.cts.ctsshim.InstallPriority origPrio: 100
09-19 11:25:59.540  1302  1302 W PackageManager: Non-privileged app; cap priority to 0; package: com.android.cts.ctsshim activity: com.android.cts.ctsshim.InstallPriority origPrio: 100
09-19 11:25:59.540  1302  1302 W PackageManager: Non-privileged app; cap priority to 0; package: com.android.cts.ctsshim activity: com.android.cts.ctsshim.InstallPriority origPrio: 100
09-19 11:25:59.540  1302  1302 W PackageManager: Non-privileged app; cap priority to 0; package: com.android.cts.ctsshim activity: com.android.cts.ctsshim.InstallPriority origPrio: 100
09-19 11:25:59.566  1302  1302 W PackageParser: Unknown element under <application>: permission at /system/app/Gallery2/Gallery2.apk Binary XML file line #233
09-19 11:25:59.566  1302  1302 W PackageParser: Unknown element under <application>: permission at /system/app/Gallery2/Gallery2.apk Binary XML file line #236
09-19 11:25:59.604  1302  1302 W PackageManager: Non-privileged app; cap priority to 0; package: com.android.launcher3 activity: com.android.launcher3.Launcher origPrio: 1
09-19 11:25:59.660  1302  1302 W PackageParser: Unknown element under <manifest>: queries at /data/app/com.litatom.app-1/base.apk Binary XML file line #32
09-19 11:25:59.660  1302  1302 W PackageParser: Unknown element under <manifest>: queries at /data/app/com.litatom.app-1/base.apk Binary XML file line #74
09-19 11:25:59.672  1302  1302 E PackageManager: There should probably be exactly one setup wizard; found 0: matches=[]
09-19 11:25:59.672  1302  1302 W PackageManager: Protected action; cap priority to 0; package: com.android.cts.priv.ctsshim activity: com.android.cts.priv.ctsshim.InstallPriority origPrio: 100
09-19 11:25:59.672  1302  1302 W PackageManager: Protected action; cap priority to 0; package: com.android.cts.priv.ctsshim activity: com.android.cts.priv.ctsshim.InstallPriority origPrio: 100
09-19 11:25:59.672  1302  1302 W PackageManager: Protected action; cap priority to 0; package: com.android.cts.priv.ctsshim activity: com.android.cts.priv.ctsshim.InstallPriority origPrio: 100
09-19 11:25:59.672  1302  1302 W PackageManager: Protected action; cap priority to 0; package: com.android.cts.priv.ctsshim activity: com.android.cts.priv.ctsshim.InstallPriority origPrio: 100
09-19 11:25:59.672  1302  1302 W PackageManager: Protected action; cap priority to 0; package: com.android.packageinstaller activity: com.android.packageinstaller.PackageInstallerActivity origPrio: 1
09-19 11:25:59.672  1302  1302 I PackageManager: Adjusting ABI for com.android.providers.downloads to x86 (requirer=com.android.mtp, scannedPackage=null)
09-19 11:25:59.672  1302  1302 I PackageManager: Adjusting ABI for com.android.providers.media to x86 (requirer=com.android.mtp, scannedPackage=null)
09-19 11:25:59.672  1302  1302 I PackageManager: Adjusting ABI for com.android.providers.downloads.ui to x86 (requirer=com.android.mtp, scannedPackage=null)
09-19 11:25:59.672  1302  1302 I PackageManager: Adjusting ABI for com.android.settings to x86 (requirer=android, scannedPackage=null)
09-19 11:25:59.673  1302  1302 I PackageManager: Adjusting ABI for com.android.wallpaperbackup to x86 (requirer=android, scannedPackage=null)
09-19 11:25:59.673  1302  1302 I PackageManager: Adjusting ABI for com.android.keychain to x86 (requirer=android, scannedPackage=null)
09-19 11:25:59.673  1302  1302 I PackageManager: Adjusting ABI for com.android.location.fused to x86 (requirer=android, scannedPackage=null)
09-19 11:25:59.673  1302  1302 I PackageManager: Adjusting ABI for com.android.providers.settings to x86 (requirer=android, scannedPackage=null)
09-19 11:25:59.673  1302  1302 I PackageManager: Adjusting ABI for com.android.coreservice to x86 (requirer=android, scannedPackage=null)
09-19 11:25:59.673  1302  1302 I PackageManager: Adjusting ABI for com.android.server.telecom to x86 (requirer=android, scannedPackage=null)
09-19 11:25:59.674  1302  1302 I PackageManager: Time to scan packages: 0.709 seconds
09-19 11:25:59.674  1302  1302 W PackageManager: Unknown permission com.google.android.googleapps.permission.GOOGLE_AUTH in package com.android.providers.calendar
09-19 11:25:59.674  1302  1302 W PackageManager: Unknown permission com.google.android.googleapps.permission.GOOGLE_AUTH.cl in package com.android.providers.calendar
09-19 11:25:59.674  1302  1302 W PackageManager: Unknown permission com.android.launcher.permission.READ_SETTINGS in package com.android.launcher3
09-19 11:25:59.674  1302  1302 W PackageManager: Unknown permission com.android.launcher.permission.WRITE_SETTINGS in package com.android.launcher3
09-19 11:25:59.674  1302  1302 W PackageManager: Not granting permission android.permission.RECORD_AUDIO to package com.litatom.app because it was previously installed without
09-19 11:25:59.674  1302  1302 W PackageManager: Not granting permission android.permission.CAMERA to package com.litatom.app because it was previously installed without
09-19 11:25:59.674  1302  1302 W PackageManager: Not granting permission android.permission.WRITE_EXTERNAL_STORAGE to package com.litatom.app because it was previously installed without
09-19 11:25:59.674  1302  1302 W PackageManager: Not granting permission android.permission.READ_PHONE_STATE to package com.litatom.app because it was previously installed without
09-19 11:25:59.674  1302  1302 W PackageManager: Not granting permission android.permission.READ_EXTERNAL_STORAGE to package com.litatom.app because it was previously installed without
09-19 11:25:59.674  1302  1302 W PackageManager: Not granting permission android.permission.ACCESS_COARSE_LOCATION to package com.litatom.app because it was previously installed without
09-19 11:25:59.674  1302  1302 W PackageManager: Not granting permission android.permission.ACCESS_FINE_LOCATION to package com.litatom.app because it was previously installed without
09-19 11:25:59.674  1302  1302 W PackageManager: Unknown permission com.google.android.gms.permission.AD_ID in package com.litatom.app
09-19 11:25:59.674  1302  1302 W PackageManager: Unknown permission com.huawei.android.launcher.permission.CHANGE_BADGE in package com.litatom.app
09-19 11:25:59.674  1302  1302 W PackageManager: Unknown permission com.vivo.notification.permission.BADGE_ICON in package com.litatom.app
09-19 11:25:59.674  1302  1302 W PackageManager: Unknown permission android.permission.FOREGROUND_SERVICE in package com.litatom.app
09-19 11:25:59.674  1302  1302 W PackageManager: Unknown permission com.google.android.c2dm.permission.RECEIVE in package com.litatom.app
09-19 11:25:59.674  1302  1302 W PackageManager: Unknown permission com.google.android.finsky.permission.BIND_GET_INSTALL_REFERRER_SERVICE in package com.litatom.app
09-19 11:25:59.674  1302  1302 W PackageManager: Unknown permission com.android.vending.BILLING in package com.litatom.app
09-19 11:25:59.674  1302  1302 W PackageManager: Unknown permission android.permission.FOREGROUND_SERVICE in package com.android.chrome
09-19 11:25:59.674  1302  1302 W PackageManager: Unknown permission android.permission.USE_BIOMETRIC in package com.android.chrome
09-19 11:25:59.674  1302  1302 W PackageManager: Unknown permission com.chrome.permission.DEVICE_EXTRAS in package com.android.chrome
09-19 11:25:59.674  1302  1302 W PackageManager: Unknown permission com.google.android.c2dm.permission.RECEIVE in package com.android.chrome
09-19 11:25:59.674  1302  1302 W PackageManager: Unknown permission com.google.android.apps.now.CURRENT_ACCOUNT_ACCESS in package com.android.chrome
09-19 11:25:59.674  1302  1302 W PackageManager: Unknown permission com.google.android.providers.gsf.permission.READ_GSERVICES in package com.android.chrome
09-19 11:25:59.674  1302  1302 W PackageManager: Unknown permission com.sec.enterprise.knox.MDM_CONTENT_PROVIDER in package com.android.chrome
09-19 11:25:59.674  1302  1302 W PackageManager: Unknown permission android.permission.QUERY_ALL_PACKAGES in package com.android.chrome
09-19 11:25:59.674  1302  1302 W PackageManager: Unknown permission android.permission.FOREGROUND_SERVICE in package com.android.flysilkworm
09-19 11:25:59.674  1302  1302 W PackageManager: Unknown permission android.permission.PREVENT_POWER_KEY in package com.android.flysilkworm
09-19 11:25:59.674  1302  1302 W PackageManager: Unknown permission android.permission.REQUEST_DELETE_PACKAGES in package com.android.flysilkworm
09-19 11:25:59.675  1302  1302 W PackageManager: Not granting permission android.permission.INJECT_EVENTS to package com.android.flysilkworm (protectionLevel=2 flags=0x3858be45)
09-19 11:25:59.675  1302  1302 W PackageManager: Unknown permission android.permission.READ_SETTINGS in package com.android.flysilkworm
09-19 11:25:59.675  1302  1302 W PackageManager: Unknown permission com.google.android.permission.INSTALL_WEARABLE_PACKAGES in package com.android.packageinstaller
09-19 11:25:59.675  1302  1302 W PackageManager: Unknown permission com.cyanogenmod.filemanager.permissions.READ_THEME in package com.cyanogenmod.filemanager
09-19 11:25:59.675  1302  1302 W PackageManager: Unknown permission com.google.android.googleapps.permission.GOOGLE_AUTH in package com.android.settings
09-19 11:25:59.675  1302  1302 W PackageManager: Unknown permission com.android.launcher.permission.READ_SETTINGS in package com.android.settings
09-19 11:25:59.675  1302  1302 W PackageManager: Unknown permission com.android.launcher.permission.WRITE_SETTINGS in package com.android.settings
09-19 11:25:59.675  1302  1302 W PackageManager: Unknown permission com.android.smspush.WAPPUSH_MANAGER_BIND in package com.android.phone
09-19 11:25:59.675  1302  1302 V PackageManager: reconcileAppsData for null u0 0x3
09-19 11:25:59.720  1302  1302 V PackageManager: reconcileAppsData finished 51 packages
09-19 11:25:59.735  1302  1302 D PackageManager: Ephemeral resolver NOT found; no matching intent filters
09-19 11:25:59.735  1302  1302 I PackageManager: Ephemeral deactivated; missing resolver and installer
09-19 11:25:59.743  1302  1302 I SystemServer: StartOtaDexOptService
09-19 11:25:59.743  1302  1302 I SystemServer: StartUserManagerService
09-19 11:25:59.743  1302  1302 I SystemServiceManager: Starting com.android.server.pm.UserManagerService$LifeCycle
09-19 11:25:59.747  1302  1302 I SystemServiceManager: Starting com.android.server.BatteryService
09-19 11:25:59.750  1302  1316 E KernelCpuSpeedReader: Failed to read cpu-freq: /sys/devices/system/cpu/cpu0/cpufreq/stats/time_in_state (No such file or directory)
09-19 11:25:59.750  1302  1316 E KernelUidCpuTimeReader: Failed to read uid_cputime: /proc/uid_cputime/show_uid_stat (No such file or directory)
09-19 11:25:59.751  1302  1302 I SystemServiceManager: Starting com.android.server.usage.UsageStatsService
09-19 11:25:59.758  1302  1302 I SystemServiceManager: Starting com.android.server.webkit.WebViewUpdateService
09-19 11:25:59.760  1302  1302 I SystemServer: Reading configuration...
09-19 11:25:59.760  1302  1302 I SystemServer: StartSchedulingPolicyService
09-19 11:25:59.760  1302  1302 I SystemServiceManager: Starting com.android.server.telecom.TelecomLoaderService
09-19 11:25:59.760  1302  1302 I SystemServer: StartTelephonyRegistry
09-19 11:25:59.762  1302  1302 I SystemServer: StartEntropyMixer
09-19 11:25:59.762  1302  1302 I EntropyMixer: Writing entropy...
09-19 11:25:59.763  1302  1302 I SystemServer: Camera Service
09-19 11:25:59.764  1302  1302 I SystemServiceManager: Starting com.android.server.camera.CameraService
09-19 11:25:59.765  1302  1302 I SystemServer: StartAccountManagerService
09-19 11:25:59.766  1302  1302 I SystemServiceManager: Starting com.android.server.accounts.AccountManagerService$Lifecycle
09-19 11:25:59.769  1302  1302 I SystemServer: StartContentService
09-19 11:25:59.769  1302  1302 I SystemServiceManager: Starting com.android.server.content.ContentService$Lifecycle
09-19 11:25:59.770  1302  1302 I SystemServer: InstallSystemProviders
09-19 11:25:59.803  1302  1302 I SystemServer: StartVibratorService
09-19 11:25:59.804  1302  1302 I SystemServer: StartConsumerIrService
09-19 11:25:59.804  1302  1302 I SystemServer: StartAlarmManagerService
09-19 11:25:59.804  1302  1302 I SystemServiceManager: Starting com.android.server.AlarmManagerService
09-19 11:25:59.806  1302  1302 I SystemServer: InitWatchdog
09-19 11:25:59.806  1302  1302 I SystemServer: StartInputManagerService
09-19 11:25:59.806  1302  1302 I InputManager: Initializing input manager, mUseDevInputEventForAudioJack=true
09-19 11:25:59.808  1302  1302 I SystemServer: StartWindowManagerService
09-19 11:25:59.821  1302  1323 I WindowManager: No existing display settings /data/system/display_settings.xml; starting empty
09-19 11:25:59.830  1302  1302 I SystemServer: StartVrManagerService
09-19 11:25:59.830  1302  1302 I SystemServiceManager: Starting com.android.server.vr.VrManagerService
09-19 11:25:59.837  1302  1302 I InputManager: Starting input manager
09-19 11:25:59.838  1302  1302 I SystemServer: Tab Manager
09-19 11:25:59.839  1302  1302 I SystemServiceManager: Starting com.android.server.BluetoothService
09-19 11:25:59.842  1302  1302 D BluetoothManagerService: Loading stored name and address
09-19 11:25:59.843  1302  1302 D BluetoothManagerService: Stored bluetooth Name=V1824A,Address=AD:18:34:09:39:50
09-19 11:25:59.843  1302  1302 D BluetoothManagerService: Bluetooth persisted state: 0
09-19 11:25:59.843  1302  1302 I SystemServer: ConnectivityMetricsLoggerService
09-19 11:25:59.843  1302  1302 I SystemServiceManager: Starting com.android.server.connectivity.MetricsLoggerService
09-19 11:25:59.844  1302  1302 I SystemServer: IpConnectivityMetrics
09-19 11:25:59.844  1302  1302 I SystemServiceManager: Starting com.android.server.connectivity.IpConnectivityMetrics
09-19 11:25:59.844  1302  1302 I SystemServer: PinnerService
09-19 11:25:59.844  1302  1302 I SystemServiceManager: Starting com.android.server.PinnerService
09-19 11:25:59.845  1302  1302 I SystemServiceManager: Starting com.android.server.InputMethodManagerService$Lifecycle
09-19 11:25:59.847  1302  1302 I InputMethodManagerService: All the enabled IMEs are gone. Reset default enabled IMEs.
09-19 11:25:59.847  1302  1302 W InputMethodUtils: Found no fallback locale. imis=[]
09-19 11:25:59.847  1302  1302 W InputMethodUtils: No software keyboard is found. imis=[] fallbackLocale=null
09-19 11:25:59.847  1302  1302 I SystemServer: StartAccessibilityManagerService
09-19 11:25:59.850  1302  1302 I ActivityManager: Config changes=1df8 {1.0 ?mcc?mnc [zh_CN] ldltr sw360dp w360dp h640dp 480dpi nrml long port ?uimode ?night -touch -keyb/v/h -nav/h s.2}
09-19 11:25:59.851  1302  1323 I ActivityManager: Config changes=400 {1.0 ?mcc?mnc [zh_CN] ldltr sw360dp w360dp h616dp 480dpi nrml long port ?uimode ?night -touch -keyb/v/h -nav/h s.3}
09-19 11:25:59.857  1302  1315 I UsageStatsService: User[0] Rollover scheduled @ 2022-08-28 12:23:17(1661660597906)
09-19 11:25:59.857  1302  1315 I UsageStatsService: User[0] Rolling over usage stats
09-19 11:25:59.858  1302  1315 I UsageStatsService: User[0] Rollover scheduled @ 2022-09-20 11:25:59(1663644359850)
09-19 11:25:59.859  1302  1315 I UsageStatsService: User[0] Rolling over usage stats complete. Took 1 milliseconds
09-19 11:25:59.868  1302  1302 I SystemServiceManager: Starting com.android.server.MountService$Lifecycle
09-19 11:25:59.877  1302  1302 I SystemServiceManager: Starting com.android.server.UiModeManagerService
09-19 11:25:59.877  1302  1349 D MountService: Thinking about init, mSystemReady=false, mDaemonConnected=true
09-19 11:25:59.877  1302  1349 D MountService: Thinking about reset, mSystemReady=false, mDaemonConnected=true
09-19 11:25:59.878  1302  1302 I ActivityManager: Config changes=200 {1.0 ?mcc?mnc [zh_CN] ldltr sw360dp w360dp h616dp 480dpi nrml long port -touch -keyb/v/h -nav/h s.4}
09-19 11:25:59.878  1302  1349 D MountService: Thinking about init, mSystemReady=false, mDaemonConnected=true
09-19 11:25:59.878  1302  1349 D MountService: Thinking about reset, mSystemReady=false, mDaemonConnected=true
09-19 11:25:59.879  1302  1349 D CryptdConnector: SND -> {1 cryptfs getfield SystemLocale}
09-19 11:25:59.879  1302  1302 W PackageManager: No disk maintenance in 1717780879; running immediately
09-19 11:25:59.879  1302  1302 I SystemServer: StartLockSettingsService
09-19 11:25:59.879  1302  1302 I SystemServiceManager: Starting com.android.server.LockSettingsService$Lifecycle
09-19 11:25:59.880  1302  1302 I SystemServiceManager: Starting com.android.server.DeviceIdleController
09-19 11:25:59.882  1302  1302 I SystemServiceManager: Starting com.android.server.devicepolicy.DevicePolicyManagerService$Lifecycle
09-19 11:25:59.884  1302  1302 I SystemServer: StartStatusBarManagerService
09-19 11:25:59.885  1302  1302 I SystemServer: StartClipboardService
09-19 11:25:59.886  1302  1302 I SystemServer: StartNetworkManagementService
09-19 11:25:59.886  1302  1352 I NetworkManagement: onDaemonConnected()
09-19 11:25:59.887  1302  1302 I SystemServiceManager: Starting com.android.server.TextServicesManagerService$Lifecycle
09-19 11:25:59.887  1302  1302 W TextServicesManagerService: no available spell checker services found
09-19 11:25:59.888  1302  1302 I SystemServer: StartNetworkScoreService
09-19 11:25:59.888  1302  1302 I SystemServer: StartNetworkStatsService
09-19 11:25:59.892  1302  1302 I SystemServer: StartNetworkPolicyManagerService
09-19 11:25:59.894  1302  1302 I SystemServer: No Wi-Fi NAN Service (NAN support Not Present)
09-19 11:25:59.901  1302  1302 I SystemServiceManager: Starting com.android.server.wifi.p2p.WifiP2pService
09-19 11:25:59.914  1302  1302 I SystemServiceManager: Starting com.android.server.wifi.WifiService
09-19 11:25:59.937  1302  1351 D CryptdConnector: RCV <- {200 1 -1}
09-19 11:25:59.946  1302  1349 W MountService: No primary storage mounted!
09-19 11:25:59.946  1302  1349 D VoldConnector: SND -> {1 asec list}
09-19 11:25:59.946  1302  1350 D VoldConnector: RCV <- {200 1 asec operation succeeded}
09-19 11:25:59.947  1302  1349 W PackageManager: Unknown permission com.google.android.googleapps.permission.GOOGLE_AUTH in package com.android.providers.calendar
09-19 11:25:59.947  1302  1349 W PackageManager: Unknown permission com.google.android.googleapps.permission.GOOGLE_AUTH.cl in package com.android.providers.calendar
09-19 11:25:59.947  1302  1349 W PackageManager: Unknown permission com.android.launcher.permission.READ_SETTINGS in package com.android.launcher3
09-19 11:25:59.947  1302  1349 W PackageManager: Unknown permission com.android.launcher.permission.WRITE_SETTINGS in package com.android.launcher3
09-19 11:25:59.947  1302  1349 W PackageManager: Not granting permission android.permission.RECORD_AUDIO to package com.litatom.app because it was previously installed without
09-19 11:25:59.947  1302  1349 W PackageManager: Not granting permission android.permission.CAMERA to package com.litatom.app because it was previously installed without
09-19 11:25:59.947  1302  1349 W PackageManager: Not granting permission android.permission.WRITE_EXTERNAL_STORAGE to package com.litatom.app because it was previously installed without
09-19 11:25:59.947  1302  1349 W PackageManager: Not granting permission android.permission.READ_PHONE_STATE to package com.litatom.app because it was previously installed without
09-19 11:25:59.947  1302  1349 W PackageManager: Not granting permission android.permission.READ_EXTERNAL_STORAGE to package com.litatom.app because it was previously installed without
09-19 11:25:59.947  1302  1349 W PackageManager: Not granting permission android.permission.ACCESS_COARSE_LOCATION to package com.litatom.app because it was previously installed without
09-19 11:25:59.947  1302  1349 W PackageManager: Not granting permission android.permission.ACCESS_FINE_LOCATION to package com.litatom.app because it was previously installed without
09-19 11:25:59.947  1302  1349 W PackageManager: Unknown permission com.google.android.gms.permission.AD_ID in package com.litatom.app
09-19 11:25:59.947  1302  1349 W PackageManager: Unknown permission com.huawei.android.launcher.permission.CHANGE_BADGE in package com.litatom.app
09-19 11:25:59.947  1302  1349 W PackageManager: Unknown permission com.vivo.notification.permission.BADGE_ICON in package com.litatom.app
09-19 11:25:59.947  1302  1349 W PackageManager: Unknown permission android.permission.FOREGROUND_SERVICE in package com.litatom.app
09-19 11:25:59.947  1302  1349 W PackageManager: Unknown permission com.google.android.c2dm.permission.RECEIVE in package com.litatom.app
09-19 11:25:59.947  1302  1349 W PackageManager: Unknown permission com.google.android.finsky.permission.BIND_GET_INSTALL_REFERRER_SERVICE in package com.litatom.app
09-19 11:25:59.947  1302  1349 W PackageManager: Unknown permission com.android.vending.BILLING in package com.litatom.app
09-19 11:25:59.947  1302  1349 W PackageManager: Unknown permission android.permission.FOREGROUND_SERVICE in package com.android.chrome
09-19 11:25:59.947  1302  1349 W PackageManager: Unknown permission android.permission.USE_BIOMETRIC in package com.android.chrome
09-19 11:25:59.947  1302  1349 W PackageManager: Unknown permission com.chrome.permission.DEVICE_EXTRAS in package com.android.chrome
09-19 11:25:59.947  1302  1349 W PackageManager: Unknown permission com.google.android.c2dm.permission.RECEIVE in package com.android.chrome
09-19 11:25:59.947  1302  1349 W PackageManager: Unknown permission com.google.android.apps.now.CURRENT_ACCOUNT_ACCESS in package com.android.chrome
09-19 11:25:59.947  1302  1349 W PackageManager: Unknown permission com.google.android.providers.gsf.permission.READ_GSERVICES in package com.android.chrome
09-19 11:25:59.947  1302  1349 W PackageManager: Unknown permission com.sec.enterprise.knox.MDM_CONTENT_PROVIDER in package com.android.chrome
09-19 11:25:59.947  1302  1349 W PackageManager: Unknown permission android.permission.QUERY_ALL_PACKAGES in package com.android.chrome
09-19 11:25:59.947  1302  1349 W PackageManager: Unknown permission android.permission.FOREGROUND_SERVICE in package com.android.flysilkworm
09-19 11:25:59.947  1302  1349 W PackageManager: Unknown permission android.permission.PREVENT_POWER_KEY in package com.android.flysilkworm
09-19 11:25:59.947  1302  1349 W PackageManager: Unknown permission android.permission.REQUEST_DELETE_PACKAGES in package com.android.flysilkworm
09-19 11:25:59.947  1302  1349 W PackageManager: Not granting permission android.permission.INJECT_EVENTS to package com.android.flysilkworm (protectionLevel=2 flags=0x3858be45)
09-19 11:25:59.947  1302  1349 W PackageManager: Unknown permission android.permission.READ_SETTINGS in package com.android.flysilkworm
09-19 11:25:59.947  1302  1349 W PackageManager: Unknown permission com.google.android.permission.INSTALL_WEARABLE_PACKAGES in package com.android.packageinstaller
09-19 11:25:59.947  1302  1349 W PackageManager: Unknown permission com.cyanogenmod.filemanager.permissions.READ_THEME in package com.cyanogenmod.filemanager
09-19 11:25:59.947  1302  1349 W PackageManager: Unknown permission com.google.android.googleapps.permission.GOOGLE_AUTH in package com.android.settings
09-19 11:25:59.947  1302  1349 W PackageManager: Unknown permission com.android.launcher.permission.READ_SETTINGS in package com.android.settings
09-19 11:25:59.947  1302  1349 W PackageManager: Unknown permission com.android.launcher.permission.WRITE_SETTINGS in package com.android.settings
09-19 11:25:59.947  1302  1349 W PackageManager: Unknown permission com.android.smspush.WAPPUSH_MANAGER_BIND in package com.android.phone
09-19 11:25:59.961  1302  1349 W MountService: No primary storage mounted!
09-19 11:25:59.961  1302  1349 D VoldConnector: SND -> {2 asec list}
09-19 11:25:59.961  1302  1350 D VoldConnector: RCV <- {200 2 asec operation succeeded}
09-19 11:25:59.962  1302  1349 I MountService: Running fstrim idle maintenance
09-19 11:25:59.962  1302  1349 D VoldConnector: SND -> {3 fstrim dotrim}
09-19 11:25:59.962  1302  1350 D VoldConnector: RCV <- {200 3 Command succeeded}
09-19 11:25:59.962  1060  1359 D vold    : Starting trim of /cache
09-19 11:25:59.962  1060  1359 W vold    : Trim failed on /cache: Not a typewriter
09-19 11:25:59.962  1302  1350 D VoldConnector: RCV <- {662 /cache -1 -1}
09-19 11:25:59.962  1302  1321 E VoldConnector: Error handling '662 /cache -1 -1': java.lang.NullPointerException: Attempt to invoke virtual method 'void android.os.DropBoxManager.addText(java.lang.String, java.lang.String)' on a null object reference
09-19 11:25:59.963  1302  1302 I SystemServiceManager: Starting com.android.server.wifi.scanner.WifiScanningService
09-19 11:25:59.967  1302  1302 I SystemServiceManager: Starting com.android.server.wifi.RttService
09-19 11:25:59.968  1302  1302 I SystemServiceManager: Starting com.android.server.ethernet.EthernetService
09-19 11:25:59.969  1302  1302 I SystemServer: StartConnectivityService
09-19 11:25:59.971  1302  1302 D ConnectivityService: ConnectivityService starting up
09-19 11:25:59.972  1302  1302 D ConnectivityService: wifiOnly=false
09-19 11:25:59.972  1302  1302 E ConnectivityService: Ignoring protectedNetwork 14
09-19 11:25:59.972  1302  1302 E ConnectivityService: Ignoring protectedNetwork 15
09-19 11:25:59.976  1302  1302 I SystemServer: StartNsdService
09-19 11:25:59.977  1302  1302 I SystemServer: StartUpdateLockService
09-19 11:25:59.978  1302  1302 I SystemServiceManager: Starting com.android.server.RecoverySystemService
09-19 11:25:59.978  1302  1302 I SystemServiceManager: Starting com.android.server.notification.NotificationManagerService
09-19 11:25:59.983  1302  1302 D ConditionProviders.SCP: new ScheduleConditionProvider()
09-19 11:25:59.986  1302  1302 D ZenLog  : config: readXml,ZenModeConfig[user=0,allowCalls=true,allowRepeatCallers=false,allowMessages=false,allowCallsFrom=contacts,allowMessagesFrom=contacts,allowReminders=true,allowEvents=true,allowWhenScreenOff=true,allowWhenScreenOn=true,automaticRules={4e9f8d0a866b442ea01ed9b9093fa2b7=ZenRule[enabled=false,snoozing=false,name=活动,zenMode=ZEN_MODE_ALARMS,conditionId=condition://android/event?userId=-10000&calendar=&reply=1,condition=Condition[id=condition://android/event?userId=-10000&calendar=&reply=1,summary=...,line1=...,line2=...,icon=0,state=STATE_FALSE,flags=2],component=ComponentInfo{android/com.android.server.notification.EventConditionProvider},id=4e9f8d0a866b442ea01ed9b9093fa2b7,creationTime=1659951736790,enabler=null], 31bbab51d1bb4308b76bb58bb910d6de=ZenRule[enabled=false,snoozing=false,name=周末,zenMode=ZEN_MODE_ALARMS,conditionId=condition://android/schedule?days=6.7&start=23.30&end=10.0&exitAtAlarm=false,condition=Condition[id=condition://android/schedule?days=6.7&start=23.30&end=10.0&exitAtAlarm=false,summary=...,line1=...,line2=...,icon=0,state=STATE_FALSE,flags=2],component=ComponentInfo{android/com.android.server.notification.ScheduleConditionProvider},id=31bbab51d1bb4308b76bb58bb910d6de,creationTime=1659951736790,enabler=null], 82084b374c1c41c28b08e9dee221b2f7=ZenRule[enabled=false,snoozing=false,name=周一至周五夜间,zenMode=ZEN_MODE_ALARMS,conditionId=condition://android/schedule?days=1.2.3.4.5&start=22.0&end=7.0&exitAtAlarm=false,condition=Condition[id=condition://android/schedule?days=1.2.3.4.5&start=22.0&end=7.0&exitAtAlarm=false,summary=...,line1=...,line2=...,icon=0,state=STATE_FALSE,flags=2],component=ComponentInfo{android/com.android.server.notification.ScheduleConditionProvider},id=82084b374c1c41c28b08e9dee221b2f7,creationTime=1659951736790,enabler=null]},manualRule=null],Diff[automaticRule[a88b00bf588f419b96023df06aca6ecf]:delete,automaticRule[4e9f8d0a866b442ea01ed9b9093fa2b7]:insert,automaticRule[31bbab51d1bb4308b76bb58bb910d6de]:insert,automaticRule[63316b8dc5574383b0286879ed24456a]:delete,automaticRule[82084b374c1c41c28b08e9dee221b2f7]:insert,automaticRule[fa5ab6971cb64ed696706ea7fad47445]:delete]
09-19 11:25:59.989  1302  1302 D ZenLog  : set_zen_mode: off,init
09-19 11:25:59.990  1302  1302 I SystemServiceManager: Starting com.android.server.storage.DeviceStorageMonitorService
09-19 11:26:00.005  1302  1302 I SystemServer: StartLocationManagerService
09-19 11:26:00.006  1302  1302 I SystemServer: StartCountryDetectorService
09-19 11:26:00.006  1302  1302 I SystemServer: StartSearchManagerService
09-19 11:26:00.006  1302  1302 I SystemServiceManager: Starting com.android.server.search.SearchManagerService$Lifecycle
09-19 11:26:00.027  1302  1347 I ActivityManager: Config changes=38 {1.0 ?mcc?mnc [zh_CN] ldltr sw360dp w360dp h616dp 480dpi nrml long port finger qwerty/v/v -nav/h s.5}
09-19 11:26:00.029  1302  1302 I SystemServiceManager: Starting com.android.server.DropBoxManagerService
09-19 11:26:00.029  1302  1302 I SystemServer: StartWallpaperManagerService
09-19 11:26:00.029  1302  1302 I SystemServiceManager: Starting com.android.server.wallpaper.WallpaperManagerService$Lifecycle
09-19 11:26:00.030  1302  1302 I SystemServer: StartAudioService
09-19 11:26:00.030  1302  1302 I SystemServiceManager: Starting com.android.server.audio.AudioService$Lifecycle
09-19 11:26:00.044  1302  1302 I SystemServiceManager: Starting com.android.server.DockObserver
09-19 11:26:00.044  1302  1302 W DockObserver: This kernel does not have dock station support
09-19 11:26:00.045  1302  1302 I SystemServer: StartWiredAccessoryManager
09-19 11:26:00.047  1302  1302 W WiredAccessoryManager: This kernel does not have usb audio support
09-19 11:26:00.047  1302  1302 W WiredAccessoryManager: This kernel does not have HDMI audio support
09-19 11:26:00.047  1302  1302 I SystemServiceManager: Starting com.android.server.midi.MidiService$Lifecycle
09-19 11:26:00.048  1302  1302 I SystemServiceManager: Starting com.android.server.usb.UsbService$Lifecycle
09-19 11:26:00.055  1302  1302 I SystemServer: StartSerialService
09-19 11:26:00.055  1302  1302 I SystemServiceManager: Starting com.android.server.twilight.TwilightService
09-19 11:26:00.055  1302  1302 I SystemServiceManager: Starting com.android.server.job.JobSchedulerService
09-19 11:26:00.057  1302  1302 D JobStore: Start tag: job-info
09-19 11:26:00.058  1302  1302 I SystemServiceManager: Starting com.android.server.soundtrigger.SoundTriggerService
09-19 11:26:00.058  1302  1302 I SystemServiceManager: Starting com.android.server.backup.BackupManagerService$Lifecycle
09-19 11:26:00.059  1302  1302 I SystemServiceManager: Starting com.android.server.appwidget.AppWidgetService
09-19 11:26:00.063  1302  1302 I SystemServiceManager: Starting com.android.server.voiceinteraction.VoiceInteractionManagerService
09-19 11:26:00.064  1302  1302 I SystemServer: Gesture Launcher Service
09-19 11:26:00.064  1302  1302 I SystemServiceManager: Starting com.android.server.GestureLauncherService
09-19 11:26:00.064  1302  1302 I SystemServiceManager: Starting com.android.server.SensorNotificationService
09-19 11:26:00.064  1302  1302 I SystemServiceManager: Starting com.android.server.ContextHubSystemService
09-19 11:26:00.065  1302  1302 I SystemServer: StartDiskStatsService
09-19 11:26:00.066  1302  1302 I SystemServer: StartSamplingProfilerService
09-19 11:26:00.067  1302  1302 I SystemServer: StartNetworkTimeUpdateService
09-19 11:26:00.067  1302  1302 I SystemServer: StartCommonTimeManagementService
09-19 11:26:00.068  1302  1302 I SystemServer: CertBlacklister
09-19 11:26:00.068  1302  1302 I SystemServiceManager: Starting com.android.server.emergency.EmergencyAffordanceService
09-19 11:26:00.068  1302  1302 I SystemServiceManager: Starting com.android.server.dreams.DreamManagerService
09-19 11:26:00.069  1302  1302 I SystemServer: StartAssetAtlasService
09-19 11:26:00.070  1302  1302 I SystemServiceManager: Starting com.android.server.print.PrintManagerService
09-19 11:26:00.072  1302  1302 I SystemServiceManager: Starting com.android.server.restrictions.RestrictionsManagerService
09-19 11:26:00.072  1302  1302 I SystemServiceManager: Starting com.android.server.media.MediaSessionService
09-19 11:26:00.074  1302  1302 I SystemServiceManager: Starting com.android.server.media.MediaResourceMonitorService
09-19 11:26:00.074  1302  1302 I SystemServer: StartMediaRouterService
09-19 11:26:00.074  1302  1302 I SystemServiceManager: Starting com.android.server.trust.TrustManagerService
09-19 11:26:00.075  1302  1302 I SystemServiceManager: Starting com.android.server.fingerprint.FingerprintService
09-19 11:26:00.076  1302  1302 W FingerprintService: fingerprint service not available
09-19 11:26:00.076  1302  1302 V FingerprintService: Fingerprint HAL id: 0
09-19 11:26:00.076  1302  1302 I SystemServer: StartBackgroundDexOptService
09-19 11:26:00.077  1302  1302 I SystemServiceManager: Starting com.android.server.pm.ShortcutService$Lifecycle
09-19 11:26:00.078  1302  1302 I SystemServiceManager: Starting com.android.server.pm.LauncherAppsService
09-19 11:26:00.078  1302  1302 I SystemServiceManager: Starting com.android.server.media.projection.MediaProjectionManagerService
09-19 11:26:00.081  1302  1302 I SystemServiceManager: Starting com.android.server.MmsServiceBroker
09-19 11:26:00.097  1302  1302 E LockSettingsStorage: Cannot read file java.io.FileNotFoundException: /data/system/gatekeeper.password.key: open failed: ENOENT (No such file or directory)
09-19 11:26:00.098  1302  1302 E LockSettingsStorage: Cannot read file java.io.FileNotFoundException: /data/system/password.key: open failed: ENOENT (No such file or directory)
09-19 11:26:00.098  1302  1302 E LockSettingsStorage: Cannot read file java.io.FileNotFoundException: /data/system/gatekeeper.pattern.key: open failed: ENOENT (No such file or directory)
09-19 11:26:00.098  1302  1302 E LockSettingsStorage: Cannot read file java.io.FileNotFoundException: /data/system/gatekeeper.gesture.key: open failed: ENOENT (No such file or directory)
09-19 11:26:00.098  1302  1302 E LockSettingsStorage: Cannot read file java.io.FileNotFoundException: /data/system/gesture.key: open failed: ENOENT (No such file or directory)
09-19 11:26:00.098  1302  1302 I SystemServiceManager: Starting phase 480
09-19 11:26:00.099  1302  1302 I DevicePolicyManagerService: Set ro.device_owner property to false
09-19 11:26:00.100  1302  1302 I SystemServiceManager: Starting phase 500
09-19 11:26:00.108  1302  1302 I WifiService: WifiService starting up with Wi-Fi enabled
09-19 11:26:00.109  1302  1302 D WifiService: setWifiEnabled: true pid=1302, uid=1000
09-19 11:26:00.111  1302  1362 D ConnectivityService: Got NetworkFactory Messenger for Ethernet
09-19 11:26:00.112  1302  1302 D NetworkManagement: setInterfaceUp: eth0
09-19 11:26:00.112  1302  1302 D NetworkManagement: getInterfaceConfig: eth0
09-19 11:26:00.113  1302  1302 D NetworkManagement: do setInterfaceConfig: eth0 cfg=mHwAddr=00:db:22:20:dd:fd mAddr=0.0.0.0/0 mFlags=[up, multicast, broadcast]
09-19 11:26:00.114  1302  1302 D NetworkManagement: getInterfaceConfig: eth0
09-19 11:26:00.115  1302  1302 D NetworkManagement: getInterfaceConfig: eth0
09-19 11:26:00.116  1302  1302 D ZenLog  : config: cleanUpZenRules,ZenModeConfig[user=0,allowCalls=true,allowRepeatCallers=false,allowMessages=false,allowCallsFrom=contacts,allowMessagesFrom=contacts,allowReminders=true,allowEvents=true,allowWhenScreenOff=true,allowWhenScreenOn=true,automaticRules={4e9f8d0a866b442ea01ed9b9093fa2b7=ZenRule[enabled=false,snoozing=false,name=活动,zenMode=ZEN_MODE_ALARMS,conditionId=condition://android/event?userId=-10000&calendar=&reply=1,condition=Condition[id=condition://android/event?userId=-10000&calendar=&reply=1,summary=...,line1=...,line2=...,icon=0,state=STATE_FALSE,flags=2],component=ComponentInfo{android/com.android.server.notification.EventConditionProvider},id=4e9f8d0a866b442ea01ed9b9093fa2b7,creationTime=1659951736790,enabler=null], 31bbab51d1bb4308b76bb58bb910d6de=ZenRule[enabled=false,snoozing=false,name=周末,zenMode=ZEN_MODE_ALARMS,conditionId=condition://android/schedule?days=6.7&start=23.30&end=10.0&exitAtAlarm=false,condition=Condition[id=condition://android/schedule?days=6.7&start=23.30&end=10.0&exitAtAlarm=false,summary=...,line1=...,line2=...,icon=0,state=STATE_FALSE,flags=2],component=ComponentInfo{android/com.android.server.notification.ScheduleConditionProvider},id=31bbab51d1bb4308b76bb58bb910d6de,creationTime=1659951736790,enabler=null], 82084b374c1c41c28b08e9dee221b2f7=ZenRule[enabled=false,snoozing=false,name=周一至周五夜间,zenMode=ZEN_MODE_ALARMS,conditionId=condition://android/schedule?days=1.2.3.4.5&start=22.0&end=7.0&exitAtAlarm=false,condition=Condition[id=condition://android/schedule?days=1.2.3.4.5&start=22.0&end=7.0&exitAtAlarm=false,summary=...,line1=...,line2=...,icon=0,state=STATE_FALSE,flags=2],component=ComponentInfo{android/com.android.server.notification.ScheduleConditionProvider},id=82084b374c1c41c28b08e9dee221b2f7,creationTime=1659951736790,enabler=null]},manualRule=null],Diff[]
09-19 11:26:00.117  1302  1302 D ZenLog  : set_zen_mode: off,onSystemReady
09-19 11:26:00.120  1302  1302 W SoundTriggerHelper: listModules status=0, # of modules=0
09-19 11:26:00.137  1302  1302 V UserManagerService: Found /data/user_de/0 with serial number 0
09-19 11:26:00.137  1302  1302 V UserManagerService: Found /data/user/0 with serial number 0
09-19 11:26:00.137  1302  1302 V UserManagerService: Found /data/system_de/0 with serial number 0
09-19 11:26:00.137  1302  1302 V UserManagerService: Found /data/system_ce/0 with serial number 0
09-19 11:26:00.139  1302  1325 W KeyguardServiceDelegate: onScreenTurningOn(): no keyguard service!
09-19 11:26:00.141  1302  1302 I ActivityManager: System now ready
09-19 11:26:00.152  1302  1302 I SystemServer: Making services ready
09-19 11:26:00.152  1302  1302 I SystemServiceManager: Starting phase 550
09-19 11:26:00.163  1302  1302 D BluetoothManagerService: Bluetooth boot completed
09-19 11:26:00.163  1302  1302 E InputMethodManagerService: Ignoring updateSystemUiLocked due to an invalid token. uid:1000 token:null
09-19 11:26:00.163  1302  1302 I InputMethodManagerService: All the enabled IMEs are gone. Reset default enabled IMEs.
09-19 11:26:00.163  1302  1302 W InputMethodUtils: Found no fallback locale. imis=[]
09-19 11:26:00.163  1302  1302 W InputMethodUtils: No software keyboard is found. imis=[] systemLocale=zh_CN fallbackLocale=null
09-19 11:26:00.163  1302  1349 D MountService: Thinking about init, mSystemReady=true, mDaemonConnected=true
09-19 11:26:00.163  1302  1302 W TextServicesManagerService: no available spell checker services found
09-19 11:26:00.163  1302  1349 D MountService: Setting up emulation state, initlocked=false
09-19 11:26:00.163  1302  1349 D CryptdConnector: SND -> {2 cryptfs unlock_user_key 0 0 ! !}
09-19 11:26:00.164  1060  1102 D vold    : e4crypt_unlock_user_key 0 serial=0 token_present=0
09-19 11:26:00.164  1302  1351 D CryptdConnector: RCV <- {200 2 Command succeeded}
09-19 11:26:00.164  1302  1349 D MountService: Thinking about reset, mSystemReady=true, mDaemonConnected=true
09-19 11:26:00.164  1302  1349 D VoldConnector: SND -> {4 volume reset}
09-19 11:26:00.164  1302  1316 I ActivityManager: Force stopping com.android.providers.media appid=10007 user=-1: vold reset
09-19 11:26:00.164  1302  1302 I SystemServer: WebViewFactory preparation
09-19 11:26:00.165  1302  1350 D VoldConnector: RCV <- {651 emulated 7}
09-19 11:26:00.165  1302  1350 D VoldConnector: RCV <- {659 emulated}
09-19 11:26:00.165  1302  1350 D VoldConnector: RCV <- {650 emulated 2 "" ""}
09-19 11:26:00.165  1302  1350 D VoldConnector: RCV <- {654 emulated emulated}
09-19 11:26:00.165  1302  1350 D VoldConnector: RCV <- {651 emulated 0}
09-19 11:26:00.165  1302  1350 D VoldConnector: RCV <- {200 4 Command succeeded}
09-19 11:26:00.166  1302  1321 V MountService: Found primary storage at VolumeInfo{emulated}:
09-19 11:26:00.166  1302  1321 V MountService:     type=EMULATED diskId=null partGuid=null mountFlags=0 mountUserId=-1 
09-19 11:26:00.166  1302  1321 V MountService:     state=UNMOUNTED 
09-19 11:26:00.166  1302  1321 V MountService:     fsType=null fsUuid=null fsLabel=null 
09-19 11:26:00.166  1302  1321 V MountService:     path=null internalPath=null 
09-19 11:26:00.166  1302  1349 D VoldConnector: SND -> {5 volume user_added 0 0}
09-19 11:26:00.166  1302  1350 D VoldConnector: RCV <- {200 5 Command succeeded}
09-19 11:26:00.166  1302  1369 D BluetoothManagerService: Trying to bind to profile: 1, while Bluetooth was disabled
09-19 11:26:00.168  1302  1349 D VoldConnector: SND -> {6 volume mount emulated 3 -1}
09-19 11:26:00.168  1302  1350 D VoldConnector: RCV <- {651 emulated 1}
09-19 11:26:00.168  1302  1350 D VoldConnector: RCV <- {656 emulated /data/media}
09-19 11:26:00.168  1060  1101 V vold    : Waiting for FUSE to spin up...
09-19 11:26:00.168  1302  1350 D VoldConnector: RCV <- {655 emulated /storage/emulated}
09-19 11:26:00.191  1302  1302 I ActivityManager: Start proc 1387:WebViewLoader-x86/1037 [android.webkit.WebViewFactory$RelroFileCreator] for 
09-19 11:26:00.202  1302  1302 I ActivityManager: Start proc 1394:com.android.systemui/u0a17 for service com.android.systemui/.SystemUIService
09-19 11:26:00.203  1302  1302 I NetworkManagement: not enabling bandwidth control
09-19 11:26:00.220  1302  1350 D VoldConnector: RCV <- {651 emulated 2}
09-19 11:26:00.222  1302  1350 D VoldConnector: RCV <- {200 6 Command succeeded}
09-19 11:26:00.325  1302  1377 D NetworkManagement: do setInterfaceConfig: eth0 cfg=mHwAddr=null mAddr=172.16.1.15/24 mFlags=[]
09-19 11:26:00.351  1302  1302 W NetworkStats: bandwidth controls disabled, unable to track stats
09-19 11:26:00.351  1302  1302 W NetworkPolicy: bandwidth controls disabled, unable to enforce policy
09-19 11:26:00.356  1302  1376 D ConnectivityService: registerNetworkAgent NetworkAgentInfo{ ni{[type: Ethernet[], state: CONNECTED/CONNECTED, reason: (unspecified), extra: 00:db:22:20:dd:fd, failover: false, available: true, roaming: false, metered: false]}  network{100}  nethandle{429513165534}  lp{{InterfaceName: eth0 LinkAddresses: [fe80::2db:22ff:fe20:ddfd/64,172.16.1.15/24,]  Routes: [fe80::/64 -> :: eth0,172.16.1.0/24 -> 0.0.0.0 eth0,0.0.0.0/0 -> 172.16.1.2 eth0,] DnsAddresses: [202.96.209.133,223.5.5.5,] Domains: null MTU: 0 TcpBufferSizes: 524288,1048576,3145728,524288,1048576,2097152}}  nc{[ Transports: ETHERNET Capabilities: INTERNET&NOT_RESTRICTED&TRUSTED&NOT_VPN LinkUpBandwidth>=100000Kbps LinkDnBandwidth>=100000Kbps]}  Score{10}  everValidated{false}  lastValidated{false}  created{false} lingering{false} explicitlySelected{false} acceptUnvalidated{false} everCaptivePortalDetected{false} lastCaptivePortalDetected{false} }
09-19 11:26:00.356  1302  1362 D ConnectivityService: NetworkAgentInfo [Ethernet () - 100] EVENT_NETWORK_INFO_CHANGED, going from null to CONNECTED
09-19 11:26:00.498  1302  1362 D ConnectivityService: Adding iface eth0 to network 100
09-19 11:26:00.500  1302  1302 I SystemServiceManager: Starting phase 600
09-19 11:26:00.523  1302  1362 D ConnectivityService: Setting DNS servers for network 100 to [/202.96.209.133, /223.5.5.5, /119.29.29.29]
