09-19 16:22:12.019  6989  6989 W ViewRootImpl[PartyChatActivity]: Cancelling event due to no window focus: KeyEvent { action=ACTION_UP, keyCode=KEYCODE_DPAD_LEFT, scanCode=0, metaState=0, flags=0x28, repeatCount=0, eventTime=17778728, downTime=17778728, deviceId=-1, source=0x101 }
09-19 16:22:12.019  6989  6989 W ViewRootImpl[PartyChatActivity]: Cancelling event due to no window focus: KeyEvent { action=ACTION_UP, keyCode=KEYCODE_DPAD_LEFT, scanCode=0, metaState=0, flags=0x28, repeatCount=0, eventTime=17778728, downTime=17778728, deviceId=-1, source=0x101 }
09-19 16:22:12.019  6989  6989 W ViewRootImpl[PartyChatActivity]: Cancelling event due to no window focus: KeyEvent { action=ACTION_UP, keyCode=KEYCODE_DPAD_LEFT, scanCode=0, metaState=0, flags=0x28, repeatCount=0, eventTime=17778728, downTime=17778728, deviceId=-1, source=0x101 }
09-19 16:22:12.019  6989  6989 W ViewRootImpl[PartyChatActivity]: Cancelling event due to no window focus: KeyEvent { action=ACTION_UP, keyCode=KEYCODE_DPAD_LEFT, scanCode=0, metaState=0, flags=0x28, repeatCount=0, eventTime=17778728, downTime=17778728, deviceId=-1, source=0x101 }
09-19 16:22:12.019  6989  6989 W ViewRootImpl[PartyChatActivity]: Cancelling event due to no window focus: KeyEvent { action=ACTION_UP, keyCode=KEYCODE_DPAD_LEFT, scanCode=0, metaState=0, flags=0x28, repeatCount=0, eventTime=17778728, downTime=17778728, deviceId=-1, source=0x101 }
09-19 16:22:12.019  6989  6989 W ViewRootImpl[PartyChatActivity]: Cancelling event due to no window focus: KeyEvent { action=ACTION_UP, keyCode=KEYCODE_DPAD_LEFT, scanCode=0, metaState=0, flags=0x28, repeatCount=0, eventTime=17778728, downTime=17778728, deviceId=-1, source=0x101 }
09-19 16:22:12.019  6989  6989 W ViewRootImpl[PartyChatActivity]: Cancelling event due to no window focus: KeyEvent { action=ACTION_UP, keyCode=KEYCODE_DPAD_LEFT, scanCode=0, metaState=0, flags=0x28, repeatCount=0, eventTime=17778728, downTime=17778728, deviceId=-1, source=0x101 }
09-19 16:22:12.019  6989  6989 W ViewRootImpl[PartyChatActivity]: Cancelling event due to no window focus: KeyEvent { action=ACTION_UP, keyCode=KEYCODE_DPAD_LEFT, scanCode=0, metaState=0, flags=0x28, repeatCount=0, eventTime=17778728, downTime=17778728, deviceId=-1, source=0x101 }
09-19 16:22:12.023  1109  1379 E BufferQueueProducer: [Toast] cancelBuffer: BufferQueue has been abandoned
09-19 16:22:12.090  1302  5331 D NotificationService: notify pkg=android pid=1302
09-19 16:22:12.091  1302  3020 D NotificationService: notify pkg=android pid=1302
09-19 16:22:12.100  2010  3719 E EGL_adreno: tid 3719: eglSurfaceAttrib(1338): error 0x3009 (EGL_BAD_MATCH)
09-19 16:22:12.100  2010  3719 W OpenGLRenderer: Failed to set EGL_SWAP_BEHAVIOR on surface 0xb8f746c0, error=EGL_BAD_MATCH
09-19 16:22:12.202  1394  1629 I vol.Events: writeEvent level_changed STREAM_MUSIC 0
09-19 16:22:12.202  1394  1629 I vol.Events: writeEvent active_stream_changed STREAM_MUSIC
09-19 16:22:12.204  1394  1629 I vol.Events: writeEvent key STREAM_MUSIC 0
09-19 16:22:12.211  1394  1394 I vol.Events: writeEvent show_dialog volume_changed keyguard=false
09-19 16:22:12.268  1394  1647 E EGL_adreno: tid 1647: eglSurfaceAttrib(1338): error 0x3009 (EGL_BAD_MATCH)
09-19 16:22:12.268  1394  1647 W OpenGLRenderer: Failed to set EGL_SWAP_BEHAVIOR on surface 0xa4dfe420, error=EGL_BAD_MATCH
09-19 16:22:12.270  1394  1647 D EGL_adreno: eglMakeCurrent: 0xa7012860: ver 3 1 (tinfo 0xa7014600)
09-19 16:22:12.536  1394  1647 D EGL_adreno: eglMakeCurrent: 0xa7012860: ver 3 1 (tinfo 0xa7014600)
09-19 16:22:12.540  1394  1647 D EGL_adreno: eglMakeCurrent: 0xa7012860: ver 3 1 (tinfo 0xa7014600)
09-19 16:22:12.753  6989  6989 W ViewRootImpl[PartyChatActivity]: Cancelling event due to no window focus: KeyEvent { action=ACTION_UP, keyCode=KEYCODE_DPAD_CENTER, scanCode=0, metaState=0, flags=0x28, repeatCount=0, eventTime=17779467, downTime=17779467, deviceId=-1, source=0x101 }
09-19 16:22:12.753  6989  6989 W ViewRootImpl[PartyChatActivity]: Cancelling event due to no window focus: KeyEvent { action=ACTION_UP, keyCode=KEYCODE_DPAD_CENTER, scanCode=0, metaState=0, flags=0x28, repeatCount=0, eventTime=17779467, downTime=17779467, deviceId=-1, source=0x101 }
09-19 16:22:12.753  6989  6989 W ViewRootImpl[PartyChatActivity]: Cancelling event due to no window focus: KeyEvent { action=ACTION_UP, keyCode=KEYCODE_DPAD_CENTER, scanCode=0, metaState=0, flags=0x28, repeatCount=0, eventTime=17779467, downTime=17779467, deviceId=-1, source=0x101 }
09-19 16:22:12.753  6989  6989 W ViewRootImpl[PartyChatActivity]: Cancelling event due to no window focus: KeyEvent { action=ACTION_UP, keyCode=KEYCODE_DPAD_CENTER, scanCode=0, metaState=0, flags=0x28, repeatCount=0, eventTime=17779467, downTime=17779467, deviceId=-1, source=0x101 }
09-19 16:22:12.753  6989  6989 W ViewRootImpl[PartyChatActivity]: Cancelling event due to no window focus: KeyEvent { action=ACTION_UP, keyCode=KEYCODE_DPAD_CENTER, scanCode=0, metaState=0, flags=0x28, repeatCount=0, eventTime=17779467, downTime=17779467, deviceId=-1, source=0x101 }
09-19 16:22:12.753  6989  6989 W ViewRootImpl[PartyChatActivity]: Cancelling event due to no window focus: KeyEvent { action=ACTION_UP, keyCode=KEYCODE_DPAD_CENTER, scanCode=0, metaState=0, flags=0x28, repeatCount=0, eventTime=17779467, downTime=17779467, deviceId=-1, source=0x101 }
09-19 16:22:12.753  6989  6989 W ViewRootImpl[PartyChatActivity]: Cancelling event due to no window focus: KeyEvent { action=ACTION_UP, keyCode=KEYCODE_DPAD_CENTER, scanCode=0, metaState=0, flags=0x28, repeatCount=0, eventTime=17779467, downTime=17779467, deviceId=-1, source=0x101 }
09-19 16:22:12.753  6989  6989 W ViewRootImpl[PartyChatActivity]: Cancelling event due to no window focus: KeyEvent { action=ACTION_UP, keyCode=KEYCODE_DPAD_CENTER, scanCode=0, metaState=0, flags=0x28, repeatCount=0, eventTime=17779467, downTime=17779467, deviceId=-1, source=0x101 }
09-19 16:22:12.753  6989  6989 W ViewRootImpl[PartyChatActivity]: Cancelling event due to no window focus: KeyEvent { action=ACTION_UP, keyCode=KEYCODE_DPAD_CENTER, scanCode=0, metaState=0, flags=0x28, repeatCount=0, eventTime=17779467, downTime=17779467, deviceId=-1, source=0x101 }
09-19 16:22:12.770  6989  7249 I chatty  : uid=10038(com.litatom.app) AgoraLogging expire 1 line
09-19 16:22:12.850  1302  3019 D NotificationService: notify pkg=android pid=1302
09-19 16:22:12.868  1302  3017 D NotificationService: notify pkg=android pid=1302
09-19 16:22:12.871  1394  1647 D EGL_adreno: eglMakeCurrent: 0xa7012860: ver 3 1 (tinfo 0xa7014600)
09-19 16:22:12.945  2010  3719 E EGL_adreno: tid 3719: eglSurfaceAttrib(1338): error 0x3009 (EGL_BAD_MATCH)
09-19 16:22:12.945  2010  3719 W OpenGLRenderer: Failed to set EGL_SWAP_BEHAVIOR on surface 0xb8f746e0, error=EGL_BAD_MATCH
09-19 16:22:12.985  1394  1394 I vol.Events: writeEvent dismiss_dialog touch_outside
09-19 16:22:12.986  1394  1647 D EGL_adreno: eglMakeCurrent: 0xa7012860: ver 3 1 (tinfo 0xa7014600)
09-19 16:22:12.987  1394  1629 I vol.Events: writeEvent active_stream_changed UNKNOWN_STREAM_-1
09-19 16:22:13.160  1302  5331 D NotificationService: notify pkg=android pid=1302
09-19 16:22:13.162  1302  3018 D NotificationService: notify pkg=android pid=1302
09-19 16:22:13.170  1394  1647 D EGL_adreno: eglMakeCurrent: 0xa7012860: ver 3 1 (tinfo 0xa7014600)
09-19 16:22:13.176  1394  1647 D EGL_adreno: eglMakeCurrent: 0xa7012860: ver 3 1 (tinfo 0xa7014600)
09-19 16:22:13.179  1302  5330 D NotificationService: notify pkg=android pid=1302
09-19 16:22:13.189  1394  1647 D EGL_adreno: eglMakeCurrent: 0xa7012860: ver 3 1 (tinfo 0xa7014600)
09-19 16:22:13.191  1394  1647 D EGL_adreno: eglMakeCurrent: 0xa7012860: ver 3 1 (tinfo 0xa7014600)
09-19 16:22:13.202  1394  1647 D EGL_adreno: eglMakeCurrent: 0xa7012860: ver 3 1 (tinfo 0xa7014600)
09-19 16:22:13.206  1394  1647 D EGL_adreno: eglMakeCurrent: 0xa7012860: ver 3 1 (tinfo 0xa7014600)
09-19 16:22:13.214  1302  1302 D NotificationService: notify pkg=android pid=1302
09-19 16:22:13.218  1394  1647 D EGL_adreno: eglMakeCurrent: 0xa7012860: ver 3 1 (tinfo 0xa7014600)
09-19 16:22:13.223  1394  1647 D EGL_adreno: eglMakeCurrent: 0xa7012860: ver 3 1 (tinfo 0xa7014600)
09-19 16:22:13.237  1394  1647 D EGL_adreno: eglMakeCurrent: 0xa7012860: ver 3 1 (tinfo 0xa7014600)
09-19 16:22:13.240  1394  1647 D EGL_adreno: eglMakeCurrent: 0xa7012860: ver 3 1 (tinfo 0xa7014600)
09-19 16:22:13.293  1394  1647 D EGL_adreno: eglMakeCurrent: 0xa7012860: ver 3 1 (tinfo 0xa7014600)
09-19 16:22:13.505  6989  7121 I chatty  : uid=10038(com.litatom.app) RenderThread expire 233 lines
09-19 16:22:13.552  1394  1647 D EGL_adreno: eglMakeCurrent: 0xa7012860: ver 3 1 (tinfo 0xa7014600)
09-19 16:22:13.559  6989  6989 I chatty  : uid=10038(com.litatom.app) expire 13 lines
09-19 16:22:14.027  6989  7001 I chatty  : uid=10038(com.litatom.app) Binder:6989_1 expire 2 lines
09-19 16:22:14.628  1302  5330 D NotificationService: notify pkg=com.litatom.app pid=1302
09-19 16:22:14.931  6989  7090 I chatty  : uid=10038(com.litatom.app) LogingTaskQueue expire 8 lines
09-19 16:22:15.078  6989  7121 I chatty  : uid=10038(com.litatom.app) RenderThread expire 227 lines
09-19 16:22:15.119  6989  6989 I chatty  : uid=10038(com.litatom.app) expire 25 lines
09-19 16:22:15.199  6989  6989 W ViewRootImpl[UserDetailActivity]: Dropping event due to no window focus: KeyEvent { action=ACTION_DOWN, keyCode=KEYCODE_DPAD_LEFT, scanCode=0, metaState=0, flags=0x8, repeatCount=0, eventTime=17781859, downTime=17781859, deviceId=-1, source=0x101 }
09-19 16:22:15.199  6989  6989 W ViewRootImpl[UserDetailActivity]: Cancelling event due to no window focus: KeyEvent { action=ACTION_UP, keyCode=KEYCODE_DPAD_LEFT, scanCode=0, metaState=0, flags=0x28, repeatCount=0, eventTime=17781884, downTime=17781884, deviceId=-1, source=0x101 }
09-19 16:22:15.199  6989  6989 W ViewRootImpl[UserDetailActivity]: Cancelling event due to no window focus: KeyEvent { action=ACTION_UP, keyCode=KEYCODE_DPAD_LEFT, scanCode=0, metaState=0, flags=0x28, repeatCount=0, eventTime=17781884, downTime=17781884, deviceId=-1, source=0x101 }
09-19 16:22:15.199  6989  6989 W ViewRootImpl[UserDetailActivity]: Cancelling event due to no window focus: KeyEvent { action=ACTION_UP, keyCode=KEYCODE_DPAD_LEFT, scanCode=0, metaState=0, flags=0x28, repeatCount=0, eventTime=17781884, downTime=17781884, deviceId=-1, source=0x101 }
09-19 16:22:15.199  6989  6989 W ViewRootImpl[UserDetailActivity]: Cancelling event due to no window focus: KeyEvent { action=ACTION_UP, keyCode=KEYCODE_DPAD_LEFT, scanCode=0, metaState=0, flags=0x28, repeatCount=0, eventTime=17781884, downTime=17781884, deviceId=-1, source=0x101 }
09-19 16:22:15.199  6989  6989 W ViewRootImpl[UserDetailActivity]: Cancelling event due to no window focus: KeyEvent { action=ACTION_UP, keyCode=KEYCODE_DPAD_LEFT, scanCode=0, metaState=0, flags=0x28, repeatCount=0, eventTime=17781884, downTime=17781884, deviceId=-1, source=0x101 }
09-19 16:22:15.199  6989  6989 W ViewRootImpl[UserDetailActivity]: Cancelling event due to no window focus: KeyEvent { action=ACTION_UP, keyCode=KEYCODE_DPAD_LEFT, scanCode=0, metaState=0, flags=0x28, repeatCount=0, eventTime=17781884, downTime=17781884, deviceId=-1, source=0x101 }
09-19 16:22:15.199  6989  6989 W ViewRootImpl[UserDetailActivity]: Cancelling event due to no window focus: KeyEvent { action=ACTION_UP, keyCode=KEYCODE_DPAD_LEFT, scanCode=0, metaState=0, flags=0x28, repeatCount=0, eventTime=17781884, downTime=17781884, deviceId=-1, source=0x101 }
09-19 16:22:15.199  6989  6989 W ViewRootImpl[UserDetailActivity]: Cancelling event due to no window focus: KeyEvent { action=ACTION_UP, keyCode=KEYCODE_DPAD_LEFT, scanCode=0, metaState=0, flags=0x28, repeatCount=0, eventTime=17781884, downTime=17781884, deviceId=-1, source=0x101 }
09-19 16:22:15.199  6989  6989 W ViewRootImpl[UserDetailActivity]: Cancelling event due to no window focus: KeyEvent { action=ACTION_UP, keyCode=KEYCODE_DPAD_LEFT, scanCode=0, metaState=0, flags=0x28, repeatCount=0, eventTime=17781884, downTime=17781884, deviceId=-1, source=0x101 }
09-19 16:22:15.223  1302  1323 I ActivityManager: Displayed com.litatom.app/com.lit.app.ui.me.UserDetailActivity: +148ms
09-19 16:22:15.257  6989  7000 I chatty  : uid=10038(com.litatom.app) HeapTaskDaemon expire 2 lines
09-19 16:22:15.565  1302  1545 I chatty  : uid=1000(system) Binder:1302_3 expire 2 lines
09-19 16:22:15.839  1302  1323 I ActivityManager: Displayed com.litatom.app/com.lit.app.party.PartyChatActivity: +260ms
09-19 16:22:15.843 14569 14569 I appproc : exec app_process! cmdline: /system/bin com.android.commands.am.Am start -n com.litatom.app/com.lit.app.party.PartyChatActivity 
09-19 16:22:15.843 14569 14569 D AndroidRuntime: >>>>>> START com.android.internal.os.RuntimeInit uid 0 <<<<<<
09-19 16:22:15.844 14569 14569 D AndroidRuntime: CheckJNI is OFF
09-19 16:22:15.878 14569 14569 D ICU     : No timezone override file found: /data/misc/zoneinfo/current/icu/icu_tzdata.dat
09-19 16:22:15.890 14569 14569 D libnativebridge: PreInitializeNativeBridge name=unknown instruction_set=x86
09-19 16:22:15.890 14569 14569 D libnativebridge: call UnloadNativeBridge! state=1
09-19 16:22:15.906 14569 14569 E memtrack: Couldn't load memtrack module (No such file or directory)
09-19 16:22:15.906 14569 14569 E android.os.Debug: failed to load memtrack module: -2
09-19 16:22:15.907 14569 14569 I Radio-JNI: register_android_hardware_Radio DONE
09-19 16:22:15.913 14569 14569 D AndroidRuntime: Calling main entry com.android.commands.am.Am
09-19 16:22:15.923 14569 14569 D AndroidRuntime: Shutting down VM
09-19 16:22:16.183  1302  5332 D NotificationService: notify pkg=android pid=1302
09-19 16:22:16.201  1302  1644 D NotificationService: notify pkg=android pid=1302
09-19 16:22:16.251  2010  3719 E EGL_adreno: tid 3719: eglSurfaceAttrib(1338): error 0x3009 (EGL_BAD_MATCH)
09-19 16:22:16.251  2010  3719 W OpenGLRenderer: Failed to set EGL_SWAP_BEHAVIOR on surface 0xb8f746c0, error=EGL_BAD_MATCH
09-19 16:22:16.923  6989  7121 I chatty  : uid=10038(com.litatom.app) RenderThread expire 235 lines
09-19 16:22:16.934  6989  6989 I chatty  : uid=10038(com.litatom.app) expire 17 lines
09-19 16:22:17.013  1302  1617 D NotificationService: notify pkg=android pid=1302
09-19 16:22:17.015  1302  1643 D NotificationService: notify pkg=android pid=1302
09-19 16:22:17.030  2010  3719 E EGL_adreno: tid 3719: eglSurfaceAttrib(1338): error 0x3009 (EGL_BAD_MATCH)
09-19 16:22:17.030  2010  3719 W OpenGLRenderer: Failed to set EGL_SWAP_BEHAVIOR on surface 0xb8f746e0, error=EGL_BAD_MATCH
09-19 16:22:17.623  6989 13889 I chatty  : uid=10038(com.litatom.app) Binder:6989_6 expire 2 lines
09-19 16:22:17.743  1302  3016 D NotificationService: notify pkg=android pid=1302
09-19 16:22:17.744  1302  1617 D NotificationService: notify pkg=android pid=1302
09-19 16:22:17.770  6989  7249 I chatty  : uid=10038(com.litatom.app) AgoraLogging expire 1 line
09-19 16:22:17.820  2010  3719 E EGL_adreno: tid 3719: eglSurfaceAttrib(1338): error 0x3009 (EGL_BAD_MATCH)
09-19 16:22:17.820  2010  3719 W OpenGLRenderer: Failed to set EGL_SWAP_BEHAVIOR on surface 0xb8f746c0, error=EGL_BAD_MATCH
09-19 16:22:17.839  1302  5330 D NotificationService: notify pkg=android pid=1302
09-19 16:22:18.247  1302  1643 D NotificationService: notify pkg=com.litatom.app pid=1302
09-19 16:22:18.560  6989  7121 I chatty  : uid=10038(com.litatom.app) RenderThread expire 239 lines
09-19 16:22:18.966  6989  6994 I chatty  : uid=10038(com.litatom.app) Jit thread pool expire 1 line
09-19 16:22:19.070  6989  6989 I chatty  : uid=10038(com.litatom.app) expire 18 lines
09-19 16:22:19.909  1394  1629 I vol.Events: writeEvent mute_changed STREAM_MUSIC true
09-19 16:22:19.909  1394  1629 I vol.Events: writeEvent active_stream_changed STREAM_MUSIC
09-19 16:22:19.910  1394  1629 I vol.Events: writeEvent key STREAM_MUSIC 0
09-19 16:22:19.914  1394  1394 I vol.Events: writeEvent show_dialog volume_changed keyguard=false
09-19 16:22:19.951  1394  1647 E EGL_adreno: tid 1647: eglSurfaceAttrib(1338): error 0x3009 (EGL_BAD_MATCH)
09-19 16:22:19.952  1394  1647 W OpenGLRenderer: Failed to set EGL_SWAP_BEHAVIOR on surface 0xa45a6300, error=EGL_BAD_MATCH
09-19 16:22:19.954  1394  1647 D EGL_adreno: eglMakeCurrent: 0xa7012860: ver 3 1 (tinfo 0xa7014600)
09-19 16:22:20.235  6989  7121 I chatty  : uid=10038(com.litatom.app) RenderThread expire 249 lines
09-19 16:22:20.453  1394  1647 D EGL_adreno: eglMakeCurrent: 0xa7012860: ver 3 1 (tinfo 0xa7014600)
09-19 16:22:20.615  1394  1394 I vol.Events: writeEvent dismiss_dialog touch_outside
09-19 16:22:20.616  1394  1629 I vol.Events: writeEvent active_stream_changed UNKNOWN_STREAM_-1
09-19 16:22:20.627  1394  1647 D EGL_adreno: eglMakeCurrent: 0xa7012860: ver 3 1 (tinfo 0xa7014600)
09-19 16:22:20.636  6989  6989 W ViewRootImpl[UserDetailActivity]: Dropping event due to root view being removed: MotionEvent { action=ACTION_UP, actionButton=0, id[0]=0, x[0]=100.09807, y[0]=1349.1249, toolType[0]=TOOL_TYPE_UNKNOWN, buttonState=0, metaState=0, flags=0x0, edgeFlags=0x0, pointerCount=1, historySize=0, eventTime=17787347, downTime=17787346, deviceId=0, source=0x1002 }
09-19 16:22:20.643  1698  1698 I chatty  : uid=1000(system) com.android.coreservice expire 47 lines
09-19 16:22:20.654  1394  1647 D EGL_adreno: eglMakeCurrent: 0xa7012860: ver 3 1 (tinfo 0xa7014600)
09-19 16:22:20.672  1394  1647 D EGL_adreno: eglMakeCurrent: 0xa7012860: ver 3 1 (tinfo 0xa7014600)
09-19 16:22:20.675  1394  1647 D EGL_adreno: eglMakeCurrent: 0xa7012860: ver 3 1 (tinfo 0xa7014600)
09-19 16:22:20.687  1394  1647 D EGL_adreno: eglMakeCurrent: 0xa7012860: ver 3 1 (tinfo 0xa7014600)
09-19 16:22:20.690  1394  1647 D EGL_adreno: eglMakeCurrent: 0xa7012860: ver 3 1 (tinfo 0xa7014600)
09-19 16:22:20.703  1394  1647 D EGL_adreno: eglMakeCurrent: 0xa7012860: ver 3 1 (tinfo 0xa7014600)
09-19 16:22:20.706  1394  1647 D EGL_adreno: eglMakeCurrent: 0xa7012860: ver 3 1 (tinfo 0xa7014600)
09-19 16:22:20.720  1394  1647 D EGL_adreno: eglMakeCurrent: 0xa7012860: ver 3 1 (tinfo 0xa7014600)
09-19 16:22:20.723  1394  1647 D EGL_adreno: eglMakeCurrent: 0xa7012860: ver 3 1 (tinfo 0xa7014600)
09-19 16:22:20.735  1394  1647 D EGL_adreno: eglMakeCurrent: 0xa7012860: ver 3 1 (tinfo 0xa7014600)
09-19 16:22:20.741  1394  1647 D EGL_adreno: eglMakeCurrent: 0xa7012860: ver 3 1 (tinfo 0xa7014600)
09-19 16:22:20.753  1394  1647 D EGL_adreno: eglMakeCurrent: 0xa7012860: ver 3 1 (tinfo 0xa7014600)
09-19 16:22:20.758  1394  1647 D EGL_adreno: eglMakeCurrent: 0xa7012860: ver 3 1 (tinfo 0xa7014600)
09-19 16:22:20.770  1394  1647 D EGL_adreno: eglMakeCurrent: 0xa7012860: ver 3 1 (tinfo 0xa7014600)
09-19 16:22:20.774  1394  1647 D EGL_adreno: eglMakeCurrent: 0xa7012860: ver 3 1 (tinfo 0xa7014600)
09-19 16:22:20.788  1394  1647 D EGL_adreno: eglMakeCurrent: 0xa7012860: ver 3 1 (tinfo 0xa7014600)
09-19 16:22:20.924  1394  1647 D EGL_adreno: eglMakeCurrent: 0xa7012860: ver 3 1 (tinfo 0xa7014600)
09-19 16:22:21.268  6989  7149 I chatty  : uid=10038(com.litatom.app) Binder:6989_3 expire 2 lines
09-19 16:22:21.270 14612 14612 I appproc : exec app_process! cmdline: /system/bin com.android.commands.am.Am start -n com.litatom.app/com.lit.app.party.PartyChatActivity 
09-19 16:22:21.270 14612 14612 D AndroidRuntime: >>>>>> START com.android.internal.os.RuntimeInit uid 0 <<<<<<
09-19 16:22:21.272 14612 14612 D AndroidRuntime: CheckJNI is OFF
09-19 16:22:21.303 14612 14612 D ICU     : No timezone override file found: /data/misc/zoneinfo/current/icu/icu_tzdata.dat
09-19 16:22:21.309 14612 14612 D libnativebridge: PreInitializeNativeBridge name=unknown instruction_set=x86
09-19 16:22:21.309 14612 14612 D libnativebridge: call UnloadNativeBridge! state=1
09-19 16:22:21.314 14612 14612 E memtrack: Couldn't load memtrack module (No such file or directory)
09-19 16:22:21.314 14612 14612 E android.os.Debug: failed to load memtrack module: -2
09-19 16:22:21.315 14612 14612 I Radio-JNI: register_android_hardware_Radio DONE
09-19 16:22:21.323 14612 14612 D AndroidRuntime: Calling main entry com.android.commands.am.Am
09-19 16:22:21.330 14612 14612 D AndroidRuntime: Shutting down VM
09-19 16:22:21.338  1394  1647 D EGL_adreno: eglMakeCurrent: 0xa7012860: ver 3 1 (tinfo 0xa7014600)
09-19 16:22:21.614  6989  6989 W ViewRootImpl[PartyChatActivity]: Dropping event due to no window focus: KeyEvent { action=ACTION_DOWN, keyCode=KEYCODE_NUM_LOCK, scanCode=0, metaState=0, flags=0x8, repeatCount=0, eventTime=17788228, downTime=17788228, deviceId=-1, source=0x101 }
09-19 16:22:21.615  6989  6989 W ViewRootImpl[PartyChatActivity]: Dropping event due to no window focus: KeyEvent { action=ACTION_DOWN, keyCode=KEYCODE_DPAD_CENTER, scanCode=0, metaState=0, flags=0x8, repeatCount=0, eventTime=17788229, downTime=17788229, deviceId=-1, source=0x101 }
09-19 16:22:21.615  6989  6989 W ViewRootImpl[PartyChatActivity]: Cancelling event due to no window focus: KeyEvent { action=ACTION_UP, keyCode=KEYCODE_NUM_LOCK, scanCode=0, metaState=0, flags=0x28, repeatCount=0, eventTime=17788300, downTime=17788300, deviceId=-1, source=0x101 }
09-19 16:22:21.615  6989  6989 W ViewRootImpl[PartyChatActivity]: Cancelling event due to no window focus: KeyEvent { action=ACTION_UP, keyCode=KEYCODE_NUM_LOCK, scanCode=0, metaState=0, flags=0x28, repeatCount=0, eventTime=17788300, downTime=17788300, deviceId=-1, source=0x101 }
09-19 16:22:21.615  6989  6989 W ViewRootImpl[PartyChatActivity]: Cancelling event due to no window focus: KeyEvent { action=ACTION_UP, keyCode=KEYCODE_NUM_LOCK, scanCode=0, metaState=0, flags=0x28, repeatCount=0, eventTime=17788300, downTime=17788300, deviceId=-1, source=0x101 }
09-19 16:22:21.615  6989  6989 W ViewRootImpl[PartyChatActivity]: Cancelling event due to no window focus: KeyEvent { action=ACTION_UP, keyCode=KEYCODE_NUM_LOCK, scanCode=0, metaState=0, flags=0x28, repeatCount=0, eventTime=17788300, downTime=17788300, deviceId=-1, source=0x101 }
09-19 16:22:21.615  6989  6989 W ViewRootImpl[PartyChatActivity]: Cancelling event due to no window focus: KeyEvent { action=ACTION_UP, keyCode=KEYCODE_NUM_LOCK, scanCode=0, metaState=0, flags=0x28, repeatCount=0, eventTime=17788300, downTime=17788300, deviceId=-1, source=0x101 }
09-19 16:22:21.615  6989  6989 W ViewRootImpl[PartyChatActivity]: Cancelling event due to no window focus: KeyEvent { action=ACTION_UP, keyCode=KEYCODE_NUM_LOCK, scanCode=0, metaState=0, flags=0x28, repeatCount=0, eventTime=17788300, downTime=17788300, deviceId=-1, source=0x101 }
09-19 16:22:21.615  6989  6989 W ViewRootImpl[PartyChatActivity]: Cancelling event due to no window focus: KeyEvent { action=ACTION_UP, keyCode=KEYCODE_NUM_LOCK, scanCode=0, metaState=0, flags=0x28, repeatCount=0, eventTime=17788300, downTime=17788300, deviceId=-1, source=0x101 }
09-19 16:22:21.615  6989  6989 W ViewRootImpl[PartyChatActivity]: Cancelling event due to no window focus: KeyEvent { action=ACTION_UP, keyCode=KEYCODE_NUM_LOCK, scanCode=0, metaState=0, flags=0x28, repeatCount=0, eventTime=17788300, downTime=17788300, deviceId=-1, source=0x101 }
09-19 16:22:21.615  6989  6989 W ViewRootImpl[PartyChatActivity]: Cancelling event due to no window focus: KeyEvent { action=ACTION_UP, keyCode=KEYCODE_NUM_LOCK, scanCode=0, metaState=0, flags=0x28, repeatCount=0, eventTime=17788300, downTime=17788300, deviceId=-1, source=0x101 }
09-19 16:22:21.615  6989  6989 W ViewRootImpl[PartyChatActivity]: Dropping event due to no window focus: KeyEvent { action=ACTION_DOWN, keyCode=KEYCODE_DPAD_UP, scanCode=0, metaState=0, flags=0x8, repeatCount=0, eventTime=17788340, downTime=17788340, deviceId=-1, source=0x101 }
09-19 16:22:21.616  6989  6989 W ViewRootImpl[PartyChatActivity]: Cancelling event due to no window focus: KeyEvent { action=ACTION_UP, keyCode=KEYCODE_DPAD_UP, scanCode=0, metaState=0, flags=0x28, repeatCount=0, eventTime=17788347, downTime=17788347, deviceId=-1, source=0x101 }
09-19 16:22:21.616  6989  6989 W ViewRootImpl[PartyChatActivity]: Cancelling event due to no window focus: KeyEvent { action=ACTION_UP, keyCode=KEYCODE_DPAD_UP, scanCode=0, metaState=0, flags=0x28, repeatCount=0, eventTime=17788347, downTime=17788347, deviceId=-1, source=0x101 }
09-19 16:22:21.616  6989  6989 W ViewRootImpl[PartyChatActivity]: Cancelling event due to no window focus: KeyEvent { action=ACTION_UP, keyCode=KEYCODE_DPAD_UP, scanCode=0, metaState=0, flags=0x28, repeatCount=0, eventTime=17788347, downTime=17788347, deviceId=-1, source=0x101 }
09-19 16:22:21.616  6989  6989 W ViewRootImpl[PartyChatActivity]: Cancelling event due to no window focus: KeyEvent { action=ACTION_UP, keyCode=KEYCODE_DPAD_UP, scanCode=0, metaState=0, flags=0x28, repeatCount=0, eventTime=17788347, downTime=17788347, deviceId=-1, source=0x101 }
09-19 16:22:21.616  6989  6989 W ViewRootImpl[PartyChatActivity]: Cancelling event due to no window focus: KeyEvent { action=ACTION_UP, keyCode=KEYCODE_DPAD_UP, scanCode=0, metaState=0, flags=0x28, repeatCount=0, eventTime=17788347, downTime=17788347, deviceId=-1, source=0x101 }
09-19 16:22:21.616  6989  6989 W ViewRootImpl[PartyChatActivity]: Cancelling event due to no window focus: KeyEvent { action=ACTION_UP, keyCode=KEYCODE_DPAD_UP, scanCode=0, metaState=0, flags=0x28, repeatCount=0, eventTime=17788347, downTime=17788347, deviceId=-1, source=0x101 }
09-19 16:22:21.616  6989  6989 W ViewRootImpl[PartyChatActivity]: Cancelling event due to no window focus: KeyEvent { action=ACTION_UP, keyCode=KEYCODE_DPAD_UP, scanCode=0, metaState=0, flags=0x28, repeatCount=0, eventTime=17788347, downTime=17788347, deviceId=-1, source=0x101 }
09-19 16:22:21.617  6989  6989 W ViewRootImpl[PartyChatActivity]: Cancelling event due to no window focus: KeyEvent { action=ACTION_UP, keyCode=KEYCODE_DPAD_UP, scanCode=0, metaState=0, flags=0x28, repeatCount=0, eventTime=17788347, downTime=17788347, deviceId=-1, source=0x101 }
09-19 16:22:21.617  6989  6989 W ViewRootImpl[PartyChatActivity]: Cancelling event due to no window focus: KeyEvent { action=ACTION_UP, keyCode=KEYCODE_DPAD_UP, scanCode=0, metaState=0, flags=0x28, repeatCount=0, eventTime=17788347, downTime=17788347, deviceId=-1, source=0x101 }
09-19 16:22:21.617  6989  6989 W ViewRootImpl[PartyChatActivity]: Cancelling event due to no window focus: KeyEvent { action=ACTION_UP, keyCode=KEYCODE_DPAD_CENTER, scanCode=0, metaState=0, flags=0x28, repeatCount=0, eventTime=17788348, downTime=17788348, deviceId=-1, source=0x101 }
09-19 16:22:21.617  6989  6989 W ViewRootImpl[PartyChatActivity]: Cancelling event due to no window focus: KeyEvent { action=ACTION_UP, keyCode=KEYCODE_DPAD_CENTER, scanCode=0, metaState=0, flags=0x28, repeatCount=0, eventTime=17788348, downTime=17788348, deviceId=-1, source=0x101 }
09-19 16:22:21.617  6989  6989 W ViewRootImpl[PartyChatActivity]: Cancelling event due to no window focus: KeyEvent { action=ACTION_UP, keyCode=KEYCODE_DPAD_CENTER, scanCode=0, metaState=0, flags=0x28, repeatCount=0, eventTime=17788348, downTime=17788348, deviceId=-1, source=0x101 }
09-19 16:22:21.617  6989  6989 W ViewRootImpl[PartyChatActivity]: Cancelling event due to no window focus: KeyEvent { action=ACTION_UP, keyCode=KEYCODE_DPAD_CENTER, scanCode=0, metaState=0, flags=0x28, repeatCount=0, eventTime=17788348, downTime=17788348, deviceId=-1, source=0x101 }
09-19 16:22:21.617  6989  6989 W ViewRootImpl[PartyChatActivity]: Cancelling event due to no window focus: KeyEvent { action=ACTION_UP, keyCode=KEYCODE_DPAD_CENTER, scanCode=0, metaState=0, flags=0x28, repeatCount=0, eventTime=17788348, downTime=17788348, deviceId=-1, source=0x101 }
09-19 16:22:21.617  6989  6989 W ViewRootImpl[PartyChatActivity]: Cancelling event due to no window focus: KeyEvent { action=ACTION_UP, keyCode=KEYCODE_DPAD_CENTER, scanCode=0, metaState=0, flags=0x28, repeatCount=0, eventTime=17788348, downTime=17788348, deviceId=-1, source=0x101 }
09-19 16:22:21.617  6989  6989 W ViewRootImpl[PartyChatActivity]: Cancelling event due to no window focus: KeyEvent { action=ACTION_UP, keyCode=KEYCODE_DPAD_CENTER, scanCode=0, metaState=0, flags=0x28, repeatCount=0, eventTime=17788348, downTime=17788348, deviceId=-1, source=0x101 }
09-19 16:22:21.617  6989  6989 W ViewRootImpl[PartyChatActivity]: Cancelling event due to no window focus: KeyEvent { action=ACTION_UP, keyCode=KEYCODE_DPAD_CENTER, scanCode=0, metaState=0, flags=0x28, repeatCount=0, eventTime=17788348, downTime=17788348, deviceId=-1, source=0x101 }
09-19 16:22:21.617  6989  6989 W ViewRootImpl[PartyChatActivity]: Cancelling event due to no window focus: KeyEvent { action=ACTION_UP, keyCode=KEYCODE_DPAD_CENTER, scanCode=0, metaState=0, flags=0x28, repeatCount=0, eventTime=17788348, downTime=17788348, deviceId=-1, source=0x101 }
09-19 16:22:21.642  1302  1323 I ActivityManager: Displayed com.litatom.app/com.lit.app.party.PartyChatActivity: +235ms
09-19 16:22:21.656  6989  7000 I chatty  : uid=10038(com.litatom.app) HeapTaskDaemon expire 1 line
09-19 16:22:21.672  6989  6989 W ViewRootImpl[PartyChatActivity]: Dropping event due to no window focus: KeyEvent { action=ACTION_DOWN, keyCode=KEYCODE_TV_SATELLITE_CS, scanCode=0, metaState=0, flags=0x8, repeatCount=0, eventTime=17788353, downTime=17788353, deviceId=-1, source=0x101 }
09-19 16:22:22.136  6989  7121 I chatty  : uid=10038(com.litatom.app) RenderThread expire 237 lines
09-19 16:22:22.141  6989  6989 I chatty  : uid=10038(com.litatom.app) expire 17 lines
09-19 16:22:22.777  6989  7249 I chatty  : uid=10038(com.litatom.app) AgoraLogging expire 1 line
09-19 16:22:23.195  6989  6989 W ViewRootImpl[PartyChatActivity]: Dropping event due to no window focus: KeyEvent { action=ACTION_DOWN, keyCode=KEYCODE_TV_AUDIO_DESCRIPTION_MIX_DOWN, scanCode=0, metaState=0, flags=0x8, repeatCount=0, eventTime=17789901, downTime=17789901, deviceId=-1, source=0x101 }
09-19 16:22:23.197  6989  6989 W ViewRootImpl[PartyChatActivity]: Dropping event due to no window focus: KeyEvent { action=ACTION_DOWN, keyCode=KEYCODE_DPAD_CENTER, scanCode=0, metaState=0, flags=0x8, repeatCount=0, eventTime=17789903, downTime=17789903, deviceId=-1, source=0x101 }
09-19 16:22:23.374  1394  1394 D PhoneStatusBar: disable: < expand ICONS* alerts SYSTEM_INFO* back home recent clock search quick_settings >
09-19 16:22:23.387  1394  1647 D EGL_adreno: eglMakeCurrent: 0xa7012860: ver 3 1 (tinfo 0xa7014600)
09-19 16:22:23.411  1394  1647 E EGL_adreno: tid 1647: eglSurfaceAttrib(1338): error 0x3009 (EGL_BAD_MATCH)
09-19 16:22:23.411  1394  1647 W OpenGLRenderer: Failed to set EGL_SWAP_BEHAVIOR on surface 0xa521c860, error=EGL_BAD_MATCH
09-19 16:22:23.415  1394  1647 D EGL_adreno: eglMakeCurrent: 0xa7012860: ver 3 1 (tinfo 0xa7014600)
09-19 16:22:23.447  1302  3018 W VibratorService: Tried to stop vibrating but there is no vibrator device.
09-19 16:22:23.625  6989  7121 I chatty  : uid=10038(com.litatom.app) RenderThread expire 228 lines
09-19 16:22:23.972  1302  1617 I chatty  : uid=1000(system) Binder:1302_4 expire 4 lines
09-19 16:22:23.972  1394  1394 D PhoneStatusBar: disable: < expand icons* alerts system_info* back home recent clock search quick_settings >
09-19 16:22:24.004  1394  1647 D EGL_adreno: eglMakeCurrent: 0xa7012860: ver 3 1 (tinfo 0xa7014600)
09-19 16:22:24.023  1394  1647 E EGL_adreno: tid 1647: eglSurfaceAttrib(1338): error 0x3009 (EGL_BAD_MATCH)
09-19 16:22:24.023  1394  1647 W OpenGLRenderer: Failed to set EGL_SWAP_BEHAVIOR on surface 0xa45a6480, error=EGL_BAD_MATCH
09-19 16:22:24.024  1394  1647 D EGL_adreno: eglMakeCurrent: 0xa7012860: ver 3 1 (tinfo 0xa7014600)
09-19 16:22:24.752  6989 14384 I chatty  : uid=10038(com.litatom.app) ttad_bk_batch_s expire 25 lines
09-19 16:22:24.813  1394  1629 I vol.Events: writeEvent active_stream_changed STREAM_MUSIC
09-19 16:22:24.814  1394  1629 I vol.Events: writeEvent key STREAM_MUSIC 0
09-19 16:22:24.826  1394  1394 I vol.Events: writeEvent show_dialog volume_changed keyguard=false
09-19 16:22:24.865  1394  1647 E EGL_adreno: tid 1647: eglSurfaceAttrib(1338): error 0x3009 (EGL_BAD_MATCH)
09-19 16:22:24.865  1394  1647 W OpenGLRenderer: Failed to set EGL_SWAP_BEHAVIOR on surface 0xa4e055c0, error=EGL_BAD_MATCH
09-19 16:22:24.867  1394  1647 D EGL_adreno: eglMakeCurrent: 0xa7012860: ver 3 1 (tinfo 0xa7014600)
09-19 16:22:24.879  6989  6989 I chatty  : uid=10038(com.litatom.app) expire 4 lines
09-19 16:22:24.891  6989  6989 W ViewRootImpl[PartyChatActivity]: Dropping event due to no window focus: KeyEvent { action=ACTION_DOWN, keyCode=KEYCODE_PROG_GREEN, scanCode=0, metaState=0, flags=0x8, repeatCount=0, eventTime=17791607, downTime=17791607, deviceId=-1, source=0x101 }
09-19 16:22:24.930  6989  6989 W ViewRootImpl[PartyChatActivity]: Cancelling event due to no window focus: KeyEvent { action=ACTION_UP, keyCode=KEYCODE_PROG_GREEN, scanCode=0, metaState=0, flags=0x28, repeatCount=0, eventTime=17791624, downTime=17791624, deviceId=-1, source=0x101 }
09-19 16:22:24.930  6989  6989 W ViewRootImpl[PartyChatActivity]: Cancelling event due to no window focus: KeyEvent { action=ACTION_UP, keyCode=KEYCODE_PROG_GREEN, scanCode=0, metaState=0, flags=0x28, repeatCount=0, eventTime=17791624, downTime=17791624, deviceId=-1, source=0x101 }
09-19 16:22:24.930  6989  6989 W ViewRootImpl[PartyChatActivity]: Cancelling event due to no window focus: KeyEvent { action=ACTION_UP, keyCode=KEYCODE_PROG_GREEN, scanCode=0, metaState=0, flags=0x28, repeatCount=0, eventTime=17791624, downTime=17791624, deviceId=-1, source=0x101 }
09-19 16:22:24.930  6989  6989 W ViewRootImpl[PartyChatActivity]: Cancelling event due to no window focus: KeyEvent { action=ACTION_UP, keyCode=KEYCODE_PROG_GREEN, scanCode=0, metaState=0, flags=0x28, repeatCount=0, eventTime=17791624, downTime=17791624, deviceId=-1, source=0x101 }
09-19 16:22:24.930  6989  6989 W ViewRootImpl[PartyChatActivity]: Cancelling event due to no window focus: KeyEvent { action=ACTION_UP, keyCode=KEYCODE_PROG_GREEN, scanCode=0, metaState=0, flags=0x28, repeatCount=0, eventTime=17791624, downTime=17791624, deviceId=-1, source=0x101 }
09-19 16:22:24.930  6989  6989 W ViewRootImpl[PartyChatActivity]: Cancelling event due to no window focus: KeyEvent { action=ACTION_UP, keyCode=KEYCODE_PROG_GREEN, scanCode=0, metaState=0, flags=0x28, repeatCount=0, eventTime=17791624, downTime=17791624, deviceId=-1, source=0x101 }
09-19 16:22:24.930  6989  6989 W ViewRootImpl[PartyChatActivity]: Cancelling event due to no window focus: KeyEvent { action=ACTION_UP, keyCode=KEYCODE_PROG_GREEN, scanCode=0, metaState=0, flags=0x28, repeatCount=0, eventTime=17791624, downTime=17791624, deviceId=-1, source=0x101 }
09-19 16:22:24.930  6989  6989 W ViewRootImpl[PartyChatActivity]: Cancelling event due to no window focus: KeyEvent { action=ACTION_UP, keyCode=KEYCODE_PROG_GREEN, scanCode=0, metaState=0, flags=0x28, repeatCount=0, eventTime=17791624, downTime=17791624, deviceId=-1, source=0x101 }
09-19 16:22:24.930  6989  6989 W ViewRootImpl[PartyChatActivity]: Cancelling event due to no window focus: KeyEvent { action=ACTION_UP, keyCode=KEYCODE_PROG_GREEN, scanCode=0, metaState=0, flags=0x28, repeatCount=0, eventTime=17791624, downTime=17791624, deviceId=-1, source=0x101 }
09-19 16:22:25.229  6989  7121 I chatty  : uid=10038(com.litatom.app) RenderThread expire 504 lines
09-19 16:22:25.331  1394  1394 I vol.Events: writeEvent dismiss_dialog touch_outside
09-19 16:22:25.332  1394  1629 I vol.Events: writeEvent active_stream_changed UNKNOWN_STREAM_-1
09-19 16:22:25.357  1302  1302 W System.err: java.lang.Exception: show AlertDialog! title=
09-19 16:22:25.365  1302  1302 W System.err: 	at android.app.AlertDialog.show(AlertDialog.java:134)
09-19 16:22:25.365  1302  1302 W System.err: 	at com.android.server.InputMethodManagerService.showInputMethodMenu(InputMethodManagerService.java:3296)
09-19 16:22:25.365  1302  1302 W System.err: 	at com.android.server.InputMethodManagerService.handleMessage(InputMethodManagerService.java:2806)
09-19 16:22:25.365  1302  1302 W System.err: 	at android.os.Handler.dispatchMessage(Handler.java:98)
09-19 16:22:25.365  1302  1302 W System.err: 	at android.os.Looper.loop(Looper.java:154)
09-19 16:22:25.365  1302  1302 W System.err: 	at com.android.server.SystemServer.run(SystemServer.java:364)
09-19 16:22:25.365  1302  1302 W System.err: 	at com.android.server.SystemServer.main(SystemServer.java:225)
09-19 16:22:25.365  1302  1302 W System.err: 	at java.lang.reflect.Method.invoke(Native Method)
09-19 16:22:25.365  1302  1302 W System.err: 	at com.android.internal.os.ZygoteInit$MethodAndArgsCaller.run(ZygoteInit.java:892)
09-19 16:22:25.365  1302  1302 W System.err: 	at com.android.internal.os.ZygoteInit.main(ZygoteInit.java:782)
09-19 16:22:25.386  6989  6989 W ViewRootImpl[PartyChatActivity]: Dropping event due to root view being removed: KeyEvent { action=ACTION_DOWN, keyCode=KEYCODE_PASTE, scanCode=0, metaState=0, flags=0x8, repeatCount=0, eventTime=17792083, downTime=17792083, deviceId=-1, source=0x101 }
09-19 16:22:25.421  1302 14161 I HostConnection: HostConnection::HostConnection: pid=1302, tid=14161, this=0xa92bfec0
09-19 16:22:25.422  1302 14161 I         : fastpipe: Connect success
09-19 16:22:25.422  1302 14161 D HostConnection: HostRPC::connect sucess: app=system_server, pid=1302, tid=14161, this=0xa3e87b40
09-19 16:22:25.423  1302 14161 D HostConnection: queryAndSetGLESMaxVersion select gles-version: 3.1 hostGLVersion:46 process:system_server
09-19 16:22:25.425  1302 14161 I OpenGLRenderer: Initialized EGL, version 1.4
09-19 16:22:25.425  1302 14161 D OpenGLRenderer: Swap behavior 1
09-19 16:22:25.425  1302 14161 I EGL_adreno: eglCreateContext request GLES major-version=2
09-19 16:22:25.464  1302 14161 D EGL_adreno: eglCreateContext: 0xa9184160: maj 3 min 1 rcv 4
09-19 16:22:25.475  1302 14161 D EGL_adreno: eglMakeCurrent: 0xa9184160: ver 3 1 (tinfo 0xa8aabbc0)
09-19 16:22:25.506  1302 14161 E EGL_adreno: tid 14161: eglSurfaceAttrib(1338): error 0x3009 (EGL_BAD_MATCH)
09-19 16:22:25.507  1302 14161 W OpenGLRenderer: Failed to set EGL_SWAP_BEHAVIOR on surface 0xa91bc900, error=EGL_BAD_MATCH
09-19 16:22:25.513  1302 14161 D EGL_adreno: eglMakeCurrent: 0xa9184160: ver 3 1 (tinfo 0xa8aabbc0)
09-19 16:22:25.643  1394  1647 D EGL_adreno: eglMakeCurrent: 0xa7012860: ver 3 1 (tinfo 0xa7014600)
09-19 16:22:25.859  1302 14161 D EGL_adreno: eglMakeCurrent: 0xa9184160: ver 3 1 (tinfo 0xa8aabbc0)
09-19 16:22:25.884  1302  1302 W InputEventReceiver: Attempted to finish an input event but the input event receiver has already been disposed.
09-19 16:22:25.885  1302  1302 W InputEventReceiver: Attempted to finish an input event but the input event receiver has already been disposed.
09-19 16:22:25.885  1302  1302 W InputEventReceiver: Attempted to finish an input event but the input event receiver has already been disposed.
09-19 16:22:25.892  6989  6989 W ViewRootImpl[PartyChatActivity]: Dropping event due to no window focus: KeyEvent { action=ACTION_DOWN, keyCode=KEYCODE_PROG_YELLOW, scanCode=0, metaState=0, flags=0x8, repeatCount=0, eventTime=17792587, downTime=17792587, deviceId=-1, source=0x101 }
09-19 16:22:25.892  6989  6989 W ViewRootImpl[PartyChatActivity]: Dropping event due to no window focus: KeyEvent { action=ACTION_DOWN, keyCode=KEYCODE_NUMPAD_4, scanCode=0, metaState=0, flags=0x8, repeatCount=0, eventTime=17792604, downTime=17792604, deviceId=-1, source=0x101 }
09-19 16:22:25.892  6989  6989 W ViewRootImpl[PartyChatActivity]: Dropping event due to no window focus: KeyEvent { action=ACTION_DOWN, keyCode=KEYCODE_DPAD_LEFT, scanCode=0, metaState=0, flags=0x8, repeatCount=0, eventTime=17792604, downTime=17792604, deviceId=-1, source=0x101 }
09-19 16:22:25.892  6989  6989 W ViewRootImpl[PartyChatActivity]: Cancelling event due to no window focus: KeyEvent { action=ACTION_UP, keyCode=KEYCODE_PROG_YELLOW, scanCode=0, metaState=0, flags=0x28, repeatCount=0, eventTime=17792617, downTime=17792617, deviceId=-1, source=0x101 }
09-19 16:22:25.892  6989  6989 W ViewRootImpl[PartyChatActivity]: Cancelling event due to no window focus: KeyEvent { action=ACTION_UP, keyCode=KEYCODE_PROG_YELLOW, scanCode=0, metaState=0, flags=0x28, repeatCount=0, eventTime=17792617, downTime=17792617, deviceId=-1, source=0x101 }
09-19 16:22:25.892  6989  6989 W ViewRootImpl[PartyChatActivity]: Cancelling event due to no window focus: KeyEvent { action=ACTION_UP, keyCode=KEYCODE_PROG_YELLOW, scanCode=0, metaState=0, flags=0x28, repeatCount=0, eventTime=17792617, downTime=17792617, deviceId=-1, source=0x101 }
09-19 16:22:25.892  6989  6989 W ViewRootImpl[PartyChatActivity]: Cancelling event due to no window focus: KeyEvent { action=ACTION_UP, keyCode=KEYCODE_PROG_YELLOW, scanCode=0, metaState=0, flags=0x28, repeatCount=0, eventTime=17792617, downTime=17792617, deviceId=-1, source=0x101 }
09-19 16:22:25.892  6989  6989 W ViewRootImpl[PartyChatActivity]: Cancelling event due to no window focus: KeyEvent { action=ACTION_UP, keyCode=KEYCODE_PROG_YELLOW, scanCode=0, metaState=0, flags=0x28, repeatCount=0, eventTime=17792617, downTime=17792617, deviceId=-1, source=0x101 }
09-19 16:22:25.893  6989  6989 W ViewRootImpl[PartyChatActivity]: Cancelling event due to no window focus: KeyEvent { action=ACTION_UP, keyCode=KEYCODE_PROG_YELLOW, scanCode=0, metaState=0, flags=0x28, repeatCount=0, eventTime=17792617, downTime=17792617, deviceId=-1, source=0x101 }
09-19 16:22:25.893  6989  6989 W ViewRootImpl[PartyChatActivity]: Cancelling event due to no window focus: KeyEvent { action=ACTION_UP, keyCode=KEYCODE_PROG_YELLOW, scanCode=0, metaState=0, flags=0x28, repeatCount=0, eventTime=17792617, downTime=17792617, deviceId=-1, source=0x101 }
09-19 16:22:25.893  6989  6989 W ViewRootImpl[PartyChatActivity]: Cancelling event due to no window focus: KeyEvent { action=ACTION_UP, keyCode=KEYCODE_PROG_YELLOW, scanCode=0, metaState=0, flags=0x28, repeatCount=0, eventTime=17792617, downTime=17792617, deviceId=-1, source=0x101 }
09-19 16:22:25.893  6989  6989 W ViewRootImpl[PartyChatActivity]: Cancelling event due to no window focus: KeyEvent { action=ACTION_UP, keyCode=KEYCODE_PROG_YELLOW, scanCode=0, metaState=0, flags=0x28, repeatCount=0, eventTime=17792617, downTime=17792617, deviceId=-1, source=0x101 }
09-19 16:22:25.893  6989  6989 W ViewRootImpl[PartyChatActivity]: Cancelling event due to no window focus: KeyEvent { action=ACTION_UP, keyCode=KEYCODE_NUMPAD_4, scanCode=0, metaState=0, flags=0x28, repeatCount=0, eventTime=17792625, downTime=17792625, deviceId=-1, source=0x101 }
09-19 16:22:25.893  6989  6989 W ViewRootImpl[PartyChatActivity]: Cancelling event due to no window focus: KeyEvent { action=ACTION_UP, keyCode=KEYCODE_NUMPAD_4, scanCode=0, metaState=0, flags=0x28, repeatCount=0, eventTime=17792625, downTime=17792625, deviceId=-1, source=0x101 }
09-19 16:22:25.893  6989  6989 W ViewRootImpl[PartyChatActivity]: Cancelling event due to no window focus: KeyEvent { action=ACTION_UP, keyCode=KEYCODE_NUMPAD_4, scanCode=0, metaState=0, flags=0x28, repeatCount=0, eventTime=17792625, downTime=17792625, deviceId=-1, source=0x101 }
09-19 16:22:25.893  6989  6989 W ViewRootImpl[PartyChatActivity]: Cancelling event due to no window focus: KeyEvent { action=ACTION_UP, keyCode=KEYCODE_NUMPAD_4, scanCode=0, metaState=0, flags=0x28, repeatCount=0, eventTime=17792625, downTime=17792625, deviceId=-1, source=0x101 }
09-19 16:22:25.893  6989  6989 W ViewRootImpl[PartyChatActivity]: Cancelling event due to no window focus: KeyEvent { action=ACTION_UP, keyCode=KEYCODE_NUMPAD_4, scanCode=0, metaState=0, flags=0x28, repeatCount=0, eventTime=17792625, downTime=17792625, deviceId=-1, source=0x101 }
09-19 16:22:25.893  6989  6989 W ViewRootImpl[PartyChatActivity]: Cancelling event due to no window focus: KeyEvent { action=ACTION_UP, keyCode=KEYCODE_NUMPAD_4, scanCode=0, metaState=0, flags=0x28, repeatCount=0, eventTime=17792625, downTime=17792625, deviceId=-1, source=0x101 }
09-19 16:22:25.893  6989  6989 W ViewRootImpl[PartyChatActivity]: Cancelling event due to no window focus: KeyEvent { action=ACTION_UP, keyCode=KEYCODE_NUMPAD_4, scanCode=0, metaState=0, flags=0x28, repeatCount=0, eventTime=17792625, downTime=17792625, deviceId=-1, source=0x101 }
09-19 16:22:25.893  6989  6989 W ViewRootImpl[PartyChatActivity]: Cancelling event due to no window focus: KeyEvent { action=ACTION_UP, keyCode=KEYCODE_NUMPAD_4, scanCode=0, metaState=0, flags=0x28, repeatCount=0, eventTime=17792625, downTime=17792625, deviceId=-1, source=0x101 }
09-19 16:22:25.893  6989  6989 W ViewRootImpl[PartyChatActivity]: Cancelling event due to no window focus: KeyEvent { action=ACTION_UP, keyCode=KEYCODE_NUMPAD_4, scanCode=0, metaState=0, flags=0x28, repeatCount=0, eventTime=17792625, downTime=17792625, deviceId=-1, source=0x101 }
09-19 16:22:25.893  6989  6989 W ViewRootImpl[PartyChatActivity]: Cancelling event due to no window focus: KeyEvent { action=ACTION_UP, keyCode=KEYCODE_DPAD_LEFT, scanCode=0, metaState=0, flags=0x28, repeatCount=0, eventTime=17792625, downTime=17792625, deviceId=-1, source=0x101 }
09-19 16:22:25.893  6989  6989 W ViewRootImpl[PartyChatActivity]: Cancelling event due to no window focus: KeyEvent { action=ACTION_UP, keyCode=KEYCODE_DPAD_LEFT, scanCode=0, metaState=0, flags=0x28, repeatCount=0, eventTime=17792625, downTime=17792625, deviceId=-1, source=0x101 }
09-19 16:22:25.893  6989  6989 W ViewRootImpl[PartyChatActivity]: Cancelling event due to no window focus: KeyEvent { action=ACTION_UP, keyCode=KEYCODE_DPAD_LEFT, scanCode=0, metaState=0, flags=0x28, repeatCount=0, eventTime=17792625, downTime=17792625, deviceId=-1, source=0x101 }
09-19 16:22:25.894  6989  6989 W ViewRootImpl[PartyChatActivity]: Cancelling event due to no window focus: KeyEvent { action=ACTION_UP, keyCode=KEYCODE_DPAD_LEFT, scanCode=0, metaState=0, flags=0x28, repeatCount=0, eventTime=17792625, downTime=17792625, deviceId=-1, source=0x101 }
09-19 16:22:25.894  6989  6989 W ViewRootImpl[PartyChatActivity]: Cancelling event due to no window focus: KeyEvent { action=ACTION_UP, keyCode=KEYCODE_DPAD_LEFT, scanCode=0, metaState=0, flags=0x28, repeatCount=0, eventTime=17792625, downTime=17792625, deviceId=-1, source=0x101 }
09-19 16:22:25.894  6989  6989 W ViewRootImpl[PartyChatActivity]: Cancelling event due to no window focus: KeyEvent { action=ACTION_UP, keyCode=KEYCODE_DPAD_LEFT, scanCode=0, metaState=0, flags=0x28, repeatCount=0, eventTime=17792625, downTime=17792625, deviceId=-1, source=0x101 }
09-19 16:22:25.894  6989  6989 W ViewRootImpl[PartyChatActivity]: Cancelling event due to no window focus: KeyEvent { action=ACTION_UP, keyCode=KEYCODE_DPAD_LEFT, scanCode=0, metaState=0, flags=0x28, repeatCount=0, eventTime=17792625, downTime=17792625, deviceId=-1, source=0x101 }
09-19 16:22:25.894  6989  6989 W ViewRootImpl[PartyChatActivity]: Cancelling event due to no window focus: KeyEvent { action=ACTION_UP, keyCode=KEYCODE_DPAD_LEFT, scanCode=0, metaState=0, flags=0x28, repeatCount=0, eventTime=17792625, downTime=17792625, deviceId=-1, source=0x101 }
09-19 16:22:25.894  6989  6989 W ViewRootImpl[PartyChatActivity]: Cancelling event due to no window focus: KeyEvent { action=ACTION_UP, keyCode=KEYCODE_DPAD_LEFT, scanCode=0, metaState=0, flags=0x28, repeatCount=0, eventTime=17792625, downTime=17792625, deviceId=-1, source=0x101 }
09-19 16:22:25.897  6989  6989 W ViewRootImpl[PartyChatActivity]: Dropping event due to no window focus: KeyEvent { action=ACTION_DOWN, keyCode=KEYCODE_DPAD_DOWN, scanCode=0, metaState=0, flags=0x8, repeatCount=0, eventTime=17792628, downTime=17792628, deviceId=-1, source=0x101 }
09-19 16:22:25.897  6989  6989 W ViewRootImpl[PartyChatActivity]: Cancelling event due to no window focus: KeyEvent { action=ACTION_UP, keyCode=KEYCODE_DPAD_DOWN, scanCode=0, metaState=0, flags=0x28, repeatCount=0, eventTime=17792629, downTime=17792629, deviceId=-1, source=0x101 }
09-19 16:22:25.897  6989  6989 W ViewRootImpl[PartyChatActivity]: Cancelling event due to no window focus: KeyEvent { action=ACTION_UP, keyCode=KEYCODE_DPAD_DOWN, scanCode=0, metaState=0, flags=0x28, repeatCount=0, eventTime=17792629, downTime=17792629, deviceId=-1, source=0x101 }
09-19 16:22:25.897  6989  6989 W ViewRootImpl[PartyChatActivity]: Cancelling event due to no window focus: KeyEvent { action=ACTION_UP, keyCode=KEYCODE_DPAD_DOWN, scanCode=0, metaState=0, flags=0x28, repeatCount=0, eventTime=17792629, downTime=17792629, deviceId=-1, source=0x101 }
09-19 16:22:25.897  6989  6989 W ViewRootImpl[PartyChatActivity]: Cancelling event due to no window focus: KeyEvent { action=ACTION_UP, keyCode=KEYCODE_DPAD_DOWN, scanCode=0, metaState=0, flags=0x28, repeatCount=0, eventTime=17792629, downTime=17792629, deviceId=-1, source=0x101 }
09-19 16:22:25.897  6989  6989 W ViewRootImpl[PartyChatActivity]: Cancelling event due to no window focus: KeyEvent { action=ACTION_UP, keyCode=KEYCODE_DPAD_DOWN, scanCode=0, metaState=0, flags=0x28, repeatCount=0, eventTime=17792629, downTime=17792629, deviceId=-1, source=0x101 }
09-19 16:22:25.897  6989  6989 W ViewRootImpl[PartyChatActivity]: Cancelling event due to no window focus: KeyEvent { action=ACTION_UP, keyCode=KEYCODE_DPAD_DOWN, scanCode=0, metaState=0, flags=0x28, repeatCount=0, eventTime=17792629, downTime=17792629, deviceId=-1, source=0x101 }
09-19 16:22:25.897  6989  6989 W ViewRootImpl[PartyChatActivity]: Cancelling event due to no window focus: KeyEvent { action=ACTION_UP, keyCode=KEYCODE_DPAD_DOWN, scanCode=0, metaState=0, flags=0x28, repeatCount=0, eventTime=17792629, downTime=17792629, deviceId=-1, source=0x101 }
09-19 16:22:25.897  6989  6989 W ViewRootImpl[PartyChatActivity]: Cancelling event due to no window focus: KeyEvent { action=ACTION_UP, keyCode=KEYCODE_DPAD_DOWN, scanCode=0, metaState=0, flags=0x28, repeatCount=0, eventTime=17792629, downTime=17792629, deviceId=-1, source=0x101 }
