09-19 16:08:06.482  6989  6989 W ViewRootImpl[PartyChatActivity]: Cancelling event due to no window focus: KeyEvent { action=ACTION_UP, keyCode=KEYCODE_MENU, scanCode=0, metaState=0, flags=0x28, repeatCount=0, eventTime=16933173, downTime=16933173, deviceId=-1, source=0x101 }
09-19 16:08:06.483  6989  6989 W ViewRootImpl[PartyChatActivity]: Cancelling event due to no window focus: KeyEvent { action=ACTION_UP, keyCode=KEYCODE_MENU, scanCode=0, metaState=0, flags=0x28, repeatCount=0, eventTime=16933173, downTime=16933173, deviceId=-1, source=0x101 }
09-19 16:08:06.483  6989  6989 W ViewRootImpl[PartyChatActivity]: Cancelling event due to no window focus: KeyEvent { action=ACTION_UP, keyCode=KEYCODE_MENU, scanCode=0, metaState=0, flags=0x28, repeatCount=0, eventTime=16933173, downTime=16933173, deviceId=-1, source=0x101 }
09-19 16:08:06.483  6989  6989 W ViewRootImpl[PartyChatActivity]: Cancelling event due to no window focus: KeyEvent { action=ACTION_UP, keyCode=KEYCODE_MENU, scanCode=0, metaState=0, flags=0x28, repeatCount=0, eventTime=16933173, downTime=16933173, deviceId=-1, source=0x101 }
09-19 16:08:06.483  6989  6989 W ViewRootImpl[PartyChatActivity]: Cancelling event due to no window focus: KeyEvent { action=ACTION_UP, keyCode=KEYCODE_MENU, scanCode=0, metaState=0, flags=0x28, repeatCount=0, eventTime=16933173, downTime=16933173, deviceId=-1, source=0x101 }
09-19 16:08:06.483  6989  6989 W ViewRootImpl[PartyChatActivity]: Cancelling event due to no window focus: KeyEvent { action=ACTION_UP, keyCode=KEYCODE_MENU, scanCode=0, metaState=0, flags=0x28, repeatCount=0, eventTime=16933173, downTime=16933173, deviceId=-1, source=0x101 }
09-19 16:08:13.822  6989  7149 I chatty  : uid=10038(com.litatom.app) Binder:6989_3 expire 2 lines
09-19 16:08:15.221  6989  6989 I chatty  : uid=10038(com.litatom.app) expire 11 lines
09-19 16:08:15.907  6989  7249 I chatty  : uid=10038(com.litatom.app) AgoraLogging expire 3 lines
09-19 16:08:16.232  6989  7121 I chatty  : uid=10038(com.litatom.app) RenderThread expire 236 lines
09-19 16:08:16.704  6989  6989 W ViewRootImpl[PartyChatActivity]: Cancelling event due to no window focus: KeyEvent { action=ACTION_UP, keyCode=KEYCODE_DPAD_LEFT, scanCode=0, metaState=0, flags=0x28, repeatCount=0, eventTime=16943399, downTime=16943399, deviceId=-1, source=0x101 }
09-19 16:08:16.704  6989  6989 W ViewRootImpl[PartyChatActivity]: Cancelling event due to no window focus: KeyEvent { action=ACTION_UP, keyCode=KEYCODE_DPAD_LEFT, scanCode=0, metaState=0, flags=0x28, repeatCount=0, eventTime=16943399, downTime=16943399, deviceId=-1, source=0x101 }
09-19 16:08:16.704  6989  6989 W ViewRootImpl[PartyChatActivity]: Cancelling event due to no window focus: KeyEvent { action=ACTION_UP, keyCode=KEYCODE_DPAD_LEFT, scanCode=0, metaState=0, flags=0x28, repeatCount=0, eventTime=16943399, downTime=16943399, deviceId=-1, source=0x101 }
09-19 16:08:16.704  6989  6989 W ViewRootImpl[PartyChatActivity]: Cancelling event due to no window focus: KeyEvent { action=ACTION_UP, keyCode=KEYCODE_DPAD_LEFT, scanCode=0, metaState=0, flags=0x28, repeatCount=0, eventTime=16943399, downTime=16943399, deviceId=-1, source=0x101 }
09-19 16:08:16.704  6989  6989 W ViewRootImpl[PartyChatActivity]: Cancelling event due to no window focus: KeyEvent { action=ACTION_UP, keyCode=KEYCODE_DPAD_LEFT, scanCode=0, metaState=0, flags=0x28, repeatCount=0, eventTime=16943399, downTime=16943399, deviceId=-1, source=0x101 }
09-19 16:08:16.704  6989  6989 W ViewRootImpl[PartyChatActivity]: Cancelling event due to no window focus: KeyEvent { action=ACTION_UP, keyCode=KEYCODE_DPAD_LEFT, scanCode=0, metaState=0, flags=0x28, repeatCount=0, eventTime=16943399, downTime=16943399, deviceId=-1, source=0x101 }
09-19 16:08:16.704  6989  6989 W ViewRootImpl[PartyChatActivity]: Cancelling event due to no window focus: KeyEvent { action=ACTION_UP, keyCode=KEYCODE_DPAD_LEFT, scanCode=0, metaState=0, flags=0x28, repeatCount=0, eventTime=16943399, downTime=16943399, deviceId=-1, source=0x101 }
09-19 16:08:16.704  6989  6989 W ViewRootImpl[PartyChatActivity]: Cancelling event due to no window focus: KeyEvent { action=ACTION_UP, keyCode=KEYCODE_DPAD_LEFT, scanCode=0, metaState=0, flags=0x28, repeatCount=0, eventTime=16943399, downTime=16943399, deviceId=-1, source=0x101 }
09-19 16:08:16.704  6989  6989 W ViewRootImpl[PartyChatActivity]: Cancelling event due to no window focus: KeyEvent { action=ACTION_UP, keyCode=KEYCODE_DPAD_LEFT, scanCode=0, metaState=0, flags=0x28, repeatCount=0, eventTime=16943399, downTime=16943399, deviceId=-1, source=0x101 }
09-19 16:08:16.747  1698  1698 I chatty  : uid=1000(system) com.android.coreservice expire 76 lines
09-19 16:08:17.222  1302  3019 D NotificationService: notify pkg=android pid=1302
09-19 16:08:17.230  1302  3018 D NotificationService: notify pkg=android pid=1302
09-19 16:08:17.265  2010  3719 E EGL_adreno: tid 3719: eglSurfaceAttrib(1338): error 0x3009 (EGL_BAD_MATCH)
09-19 16:08:17.266  2010  3719 W OpenGLRenderer: Failed to set EGL_SWAP_BEHAVIOR on surface 0xb8f746c0, error=EGL_BAD_MATCH
09-19 16:08:17.951  6989  8831 I chatty  : uid=10038(com.litatom.app) Binder:6989_4 expire 2 lines
09-19 16:08:19.301  6989  6989 W ViewRootImpl[PartyChatActivity]: Dropping event due to no window focus: KeyEvent { action=ACTION_DOWN, keyCode=KEYCODE_MENU, scanCode=0, metaState=0, flags=0x8, repeatCount=0, eventTime=16945987, downTime=16945987, deviceId=-1, source=0x101 }
09-19 16:08:19.301  6989  6989 W ViewRootImpl[PartyChatActivity]: Cancelling event due to no window focus: KeyEvent { action=ACTION_UP, keyCode=KEYCODE_MENU, scanCode=0, metaState=0, flags=0x28, repeatCount=0, eventTime=16945991, downTime=16945991, deviceId=-1, source=0x101 }
09-19 16:08:19.301  6989  6989 W ViewRootImpl[PartyChatActivity]: Cancelling event due to no window focus: KeyEvent { action=ACTION_UP, keyCode=KEYCODE_MENU, scanCode=0, metaState=0, flags=0x28, repeatCount=0, eventTime=16945991, downTime=16945991, deviceId=-1, source=0x101 }
09-19 16:08:19.301  6989  6989 W ViewRootImpl[PartyChatActivity]: Cancelling event due to no window focus: KeyEvent { action=ACTION_UP, keyCode=KEYCODE_MENU, scanCode=0, metaState=0, flags=0x28, repeatCount=0, eventTime=16945991, downTime=16945991, deviceId=-1, source=0x101 }
09-19 16:08:19.301  6989  6989 W ViewRootImpl[PartyChatActivity]: Cancelling event due to no window focus: KeyEvent { action=ACTION_UP, keyCode=KEYCODE_MENU, scanCode=0, metaState=0, flags=0x28, repeatCount=0, eventTime=16945991, downTime=16945991, deviceId=-1, source=0x101 }
09-19 16:08:19.301  6989  6989 W ViewRootImpl[PartyChatActivity]: Cancelling event due to no window focus: KeyEvent { action=ACTION_UP, keyCode=KEYCODE_MENU, scanCode=0, metaState=0, flags=0x28, repeatCount=0, eventTime=16945991, downTime=16945991, deviceId=-1, source=0x101 }
09-19 16:08:19.301  6989  6989 W ViewRootImpl[PartyChatActivity]: Cancelling event due to no window focus: KeyEvent { action=ACTION_UP, keyCode=KEYCODE_MENU, scanCode=0, metaState=0, flags=0x28, repeatCount=0, eventTime=16945991, downTime=16945991, deviceId=-1, source=0x101 }
09-19 16:08:21.899  6989  6989 W ViewRootImpl[PartyChatActivity]: Dropping event due to root view being removed: KeyEvent { action=ACTION_DOWN, keyCode=KEYCODE_DPAD_LEFT, scanCode=0, metaState=0, flags=0x400, repeatCount=0, eventTime=16948587, downTime=16948587, deviceId=-1, source=0x101 }
09-19 16:08:21.899  6989  6989 W ViewRootImpl[PartyChatActivity]: Dropping event due to root view being removed: KeyEvent { action=ACTION_UP, keyCode=KEYCODE_DPAD_LEFT, scanCode=0, metaState=0, flags=0x400, repeatCount=0, eventTime=16948587, downTime=16948587, deviceId=-1, source=0x101 }
09-19 16:08:21.899  6989  6989 W ViewRootImpl[PartyChatActivity]: Dropping event due to root view being removed: KeyEvent { action=ACTION_DOWN, keyCode=KEYCODE_DPAD_LEFT, scanCode=0, metaState=0, flags=0x400, repeatCount=0, eventTime=16948587, downTime=16948587, deviceId=-1, source=0x101 }
09-19 16:08:21.899  6989  6989 W ViewRootImpl[PartyChatActivity]: Dropping event due to root view being removed: KeyEvent { action=ACTION_UP, keyCode=KEYCODE_DPAD_LEFT, scanCode=0, metaState=0, flags=0x400, repeatCount=0, eventTime=16948587, downTime=16948587, deviceId=-1, source=0x101 }
09-19 16:08:22.066  6989  7002 I chatty  : uid=10038(com.litatom.app) Binder:6989_2 expire 6 lines
09-19 16:08:24.321  6989  7121 I chatty  : uid=10038(com.litatom.app) RenderThread expire 235 lines
09-19 16:08:26.043  6989  6989 I chatty  : uid=10038(com.litatom.app) expire 12 lines
09-19 16:08:26.165  1302  1545 D NotificationService: notify pkg=android pid=1302
09-19 16:08:26.166  1302  5329 D NotificationService: notify pkg=android pid=1302
09-19 16:08:26.189  2010  3719 E EGL_adreno: tid 3719: eglSurfaceAttrib(1338): error 0x3009 (EGL_BAD_MATCH)
09-19 16:08:26.189  2010  3719 W OpenGLRenderer: Failed to set EGL_SWAP_BEHAVIOR on surface 0xb8f746e0, error=EGL_BAD_MATCH
09-19 16:08:27.124  6989  7249 I chatty  : uid=10038(com.litatom.app) AgoraLogging expire 2 lines
09-19 16:08:34.364  6989  8831 I chatty  : uid=10038(com.litatom.app) Binder:6989_4 expire 4 lines
09-19 16:08:34.795  6989  7121 I chatty  : uid=10038(com.litatom.app) RenderThread expire 160 lines
09-19 16:08:36.280  6989  6989 I chatty  : uid=10038(com.litatom.app) expire 5 lines
09-19 16:08:37.715  6989  7249 I chatty  : uid=10038(com.litatom.app) AgoraLogging expire 3 lines
09-19 16:08:38.467  6989  7002 I chatty  : uid=10038(com.litatom.app) Binder:6989_2 expire 2 lines
09-19 16:08:42.580  6989  7001 I chatty  : uid=10038(com.litatom.app) Binder:6989_1 expire 4 lines
09-19 16:08:47.367  1302  5329 D NotificationService: notify pkg=com.litatom.app pid=1302
09-19 16:08:47.407  6989  7121 I chatty  : uid=10038(com.litatom.app) RenderThread expire 294 lines
09-19 16:08:53.494  6989  6989 I chatty  : uid=10038(com.litatom.app) expire 1 line
09-19 16:08:53.715  6989  7249 I chatty  : uid=10038(com.litatom.app) AgoraLogging expire 2 lines
09-19 16:08:54.853  6989  8831 I chatty  : uid=10038(com.litatom.app) Binder:6989_4 expire 2 lines
09-19 16:08:57.035  1114  1134 D AudioFlinger: mixer(0xc5a80000) throttle end: throttle time(2)
09-19 16:08:57.183  1114  1134 D AudioFlinger: mixer(0xc5a80000) throttle end: throttle time(2)
09-19 16:08:59.003  6989  7149 I chatty  : uid=10038(com.litatom.app) Binder:6989_3 expire 4 lines
09-19 16:09:01.178  1114  1134 D AudioFlinger: mixer(0xc5a80000) throttle end: throttle time(10)
09-19 16:09:01.178  1394  1629 I vol.Events: writeEvent mute_changed STREAM_MUSIC true
09-19 16:09:01.184  1394  1629 I vol.Events: writeEvent active_stream_changed STREAM_MUSIC
09-19 16:09:01.185  1394  1629 I vol.Events: writeEvent key STREAM_MUSIC 3
09-19 16:09:01.201  1394  1394 I vol.Events: writeEvent show_dialog volume_changed keyguard=false
09-19 16:09:01.240  1394  1647 E EGL_adreno: tid 1647: eglSurfaceAttrib(1338): error 0x3009 (EGL_BAD_MATCH)
09-19 16:09:01.240  1394  1647 W OpenGLRenderer: Failed to set EGL_SWAP_BEHAVIOR on surface 0xa4e0c8a0, error=EGL_BAD_MATCH
09-19 16:09:01.243  1394  1647 D EGL_adreno: eglMakeCurrent: 0xa7012860: ver 3 1 (tinfo 0xa7014600)
09-19 16:09:01.725  6989  7121 I chatty  : uid=10038(com.litatom.app) RenderThread expire 279 lines
09-19 16:09:02.695  1394  1394 I vol.Events: writeEvent dismiss_dialog timeout
09-19 16:09:02.698  1394  1629 I vol.Events: writeEvent active_stream_changed UNKNOWN_STREAM_-1
09-19 16:09:03.009  1394  1647 D EGL_adreno: eglMakeCurrent: 0xa7012860: ver 3 1 (tinfo 0xa7014600)
09-19 16:09:05.124  6989  7249 I chatty  : uid=10038(com.litatom.app) AgoraLogging expire 3 lines
09-19 16:09:05.773  1394  1629 I vol.Events: writeEvent mute_changed STREAM_MUSIC false
09-19 16:09:05.779  1394  1629 I vol.Events: writeEvent active_stream_changed STREAM_MUSIC
09-19 16:09:05.781  1394  1629 I vol.Events: writeEvent key STREAM_MUSIC 3
09-19 16:09:05.804  1394  1394 I vol.Events: writeEvent show_dialog volume_changed keyguard=false
09-19 16:09:05.840  1394  1647 E EGL_adreno: tid 1647: eglSurfaceAttrib(1338): error 0x3009 (EGL_BAD_MATCH)
09-19 16:09:05.840  1394  1647 W OpenGLRenderer: Failed to set EGL_SWAP_BEHAVIOR on surface 0xa4e0caa0, error=EGL_BAD_MATCH
09-19 16:09:05.857  1394  1647 D EGL_adreno: eglMakeCurrent: 0xa7012860: ver 3 1 (tinfo 0xa7014600)
09-19 16:09:06.789  1394  1394 I vol.Events: writeEvent dismiss_dialog touch_outside
09-19 16:09:06.794  1394  1629 I vol.Events: writeEvent active_stream_changed UNKNOWN_STREAM_-1
09-19 16:09:06.957  6989  6989 I chatty  : uid=10038(com.litatom.app) expire 2 lines
09-19 16:09:07.108  1394  1647 D EGL_adreno: eglMakeCurrent: 0xa7012860: ver 3 1 (tinfo 0xa7014600)
09-19 16:09:07.189  1302  1323 I ActivityManager: Displayed com.litatom.app/com.lit.app.ui.feed.DetailsActivity: +287ms
09-19 16:09:07.269  6989  7001 I chatty  : uid=10038(com.litatom.app) Binder:6989_1 expire 4 lines
09-19 16:09:07.942  6989  7121 I chatty  : uid=10038(com.litatom.app) RenderThread expire 252 lines
09-19 16:09:12.192  6989  7249 I chatty  : uid=10038(com.litatom.app) AgoraLogging expire 3 lines
09-19 16:09:15.192  6989  7121 I chatty  : uid=10038(com.litatom.app) RenderThread expire 240 lines
09-19 16:09:15.327  6989  7002 I chatty  : uid=10038(com.litatom.app) Binder:6989_2 expire 2 lines
09-19 16:09:16.565  6989  6989 I chatty  : uid=10038(com.litatom.app) expire 5 lines
09-19 16:09:16.598  6989  7090 I chatty  : uid=10038(com.litatom.app) LogingTaskQueue expire 2 lines
09-19 16:09:19.411  6989  8831 I chatty  : uid=10038(com.litatom.app) Binder:6989_4 expire 4 lines
09-19 16:09:20.134  1302  1323 I ActivityManager: Displayed com.litatom.app/com.lit.app.ui.feed.DetailsActivity: +242ms
09-19 16:09:20.595  6989  6989 W ViewRootImpl[DetailsActivity]: Dropping event due to no window focus: KeyEvent { action=ACTION_DOWN, keyCode=KEYCODE_DPAD_RIGHT, scanCode=0, metaState=0, flags=0x8, repeatCount=0, eventTime=17007283, downTime=17007283, deviceId=-1, source=0x101 }
09-19 16:09:20.595  6989  6989 W ViewRootImpl[DetailsActivity]: Cancelling event due to no window focus: KeyEvent { action=ACTION_UP, keyCode=KEYCODE_DPAD_RIGHT, scanCode=0, metaState=0, flags=0x28, repeatCount=0, eventTime=17007284, downTime=17007284, deviceId=-1, source=0x101 }
09-19 16:09:20.595  6989  6989 W ViewRootImpl[DetailsActivity]: Cancelling event due to no window focus: KeyEvent { action=ACTION_UP, keyCode=KEYCODE_DPAD_RIGHT, scanCode=0, metaState=0, flags=0x28, repeatCount=0, eventTime=17007284, downTime=17007284, deviceId=-1, source=0x101 }
09-19 16:09:20.595  6989  6989 W ViewRootImpl[DetailsActivity]: Cancelling event due to no window focus: KeyEvent { action=ACTION_UP, keyCode=KEYCODE_DPAD_RIGHT, scanCode=0, metaState=0, flags=0x28, repeatCount=0, eventTime=17007284, downTime=17007284, deviceId=-1, source=0x101 }
09-19 16:09:20.595  6989  6989 W ViewRootImpl[DetailsActivity]: Cancelling event due to no window focus: KeyEvent { action=ACTION_UP, keyCode=KEYCODE_DPAD_RIGHT, scanCode=0, metaState=0, flags=0x28, repeatCount=0, eventTime=17007284, downTime=17007284, deviceId=-1, source=0x101 }
09-19 16:09:20.596  6989  6989 W ViewRootImpl[DetailsActivity]: Cancelling event due to no window focus: KeyEvent { action=ACTION_UP, keyCode=KEYCODE_DPAD_RIGHT, scanCode=0, metaState=0, flags=0x28, repeatCount=0, eventTime=17007284, downTime=17007284, deviceId=-1, source=0x101 }
09-19 16:09:20.596  6989  6989 W ViewRootImpl[DetailsActivity]: Cancelling event due to no window focus: KeyEvent { action=ACTION_UP, keyCode=KEYCODE_DPAD_RIGHT, scanCode=0, metaState=0, flags=0x28, repeatCount=0, eventTime=17007284, downTime=17007284, deviceId=-1, source=0x101 }
09-19 16:09:20.596  6989  6989 W ViewRootImpl[DetailsActivity]: Cancelling event due to no window focus: KeyEvent { action=ACTION_UP, keyCode=KEYCODE_DPAD_RIGHT, scanCode=0, metaState=0, flags=0x28, repeatCount=0, eventTime=17007284, downTime=17007284, deviceId=-1, source=0x101 }
09-19 16:09:20.596  6989  6989 W ViewRootImpl[DetailsActivity]: Cancelling event due to no window focus: KeyEvent { action=ACTION_UP, keyCode=KEYCODE_DPAD_RIGHT, scanCode=0, metaState=0, flags=0x28, repeatCount=0, eventTime=17007284, downTime=17007284, deviceId=-1, source=0x101 }
09-19 16:09:20.596  6989  6989 W ViewRootImpl[DetailsActivity]: Cancelling event due to no window focus: KeyEvent { action=ACTION_UP, keyCode=KEYCODE_DPAD_RIGHT, scanCode=0, metaState=0, flags=0x28, repeatCount=0, eventTime=17007284, downTime=17007284, deviceId=-1, source=0x101 }
09-19 16:09:20.632  1302  1323 I ActivityManager: Displayed com.litatom.app/com.lit.app.ui.feed.DetailsActivity: +229ms
09-19 16:09:21.624  1394  1394 D PhoneStatusBar: disable: < expand ICONS* alerts SYSTEM_INFO* back home recent clock search quick_settings >
09-19 16:09:21.630  1302  3015 W VibratorService: Tried to stop vibrating but there is no vibrator device.
09-19 16:09:21.699  1394  1647 E EGL_adreno: tid 1647: eglSurfaceAttrib(1338): error 0x3009 (EGL_BAD_MATCH)
09-19 16:09:21.699  1394  1647 W OpenGLRenderer: Failed to set EGL_SWAP_BEHAVIOR on surface 0xa45b0800, error=EGL_BAD_MATCH
09-19 16:09:21.704  1394  1647 D EGL_adreno: eglMakeCurrent: 0xa7012860: ver 3 1 (tinfo 0xa7014600)
09-19 16:09:23.105  1394  1394 D PhoneStatusBar: disable: < expand icons* alerts system_info* back home recent clock search quick_settings >
09-19 16:09:23.157  1394  1647 D EGL_adreno: eglMakeCurrent: 0xa7012860: ver 3 1 (tinfo 0xa7014600)
09-19 16:09:23.194  1394  1647 E EGL_adreno: tid 1647: eglSurfaceAttrib(1338): error 0x3009 (EGL_BAD_MATCH)
09-19 16:09:23.194  1394  1647 W OpenGLRenderer: Failed to set EGL_SWAP_BEHAVIOR on surface 0xa4e0caa0, error=EGL_BAD_MATCH
09-19 16:09:23.197  1394  1647 D EGL_adreno: eglMakeCurrent: 0xa7012860: ver 3 1 (tinfo 0xa7014600)
09-19 16:09:23.903  6989  7121 I chatty  : uid=10038(com.litatom.app) RenderThread expire 253 lines
09-19 16:09:27.561  6989  7149 I chatty  : uid=10038(com.litatom.app) Binder:6989_3 expire 2 lines
09-19 16:09:28.044  6989  7121 I chatty  : uid=10038(com.litatom.app) RenderThread expire 251 lines
09-19 16:09:28.156  6989  7249 I chatty  : uid=10038(com.litatom.app) AgoraLogging expire 1 line
09-19 16:09:30.855  1698  1698 I chatty  : uid=1000(system) com.android.coreservice expire 36 lines
09-19 16:09:31.591  6989  7002 I chatty  : uid=10038(com.litatom.app) Binder:6989_2 expire 2 lines
09-19 16:09:32.460  6989  6989 I chatty  : uid=10038(com.litatom.app) expire 2 lines
09-19 16:09:32.570  6989  7121 I chatty  : uid=10038(com.litatom.app) RenderThread expire 251 lines
09-19 16:09:34.124  6989  7249 I chatty  : uid=10038(com.litatom.app) AgoraLogging expire 1 line
09-19 16:09:35.633  6989  7002 I chatty  : uid=10038(com.litatom.app) Binder:6989_2 expire 4 lines
09-19 16:09:38.476  6989  7121 I chatty  : uid=10038(com.litatom.app) RenderThread expire 249 lines
09-19 16:09:40.123  6989  7249 I chatty  : uid=10038(com.litatom.app) AgoraLogging expire 2 lines
09-19 16:09:43.701  6989  7149 I chatty  : uid=10038(com.litatom.app) Binder:6989_3 expire 2 lines
09-19 16:09:44.076  1302  5333 D NotificationService: notify pkg=android pid=1302
09-19 16:09:44.077  1302  5331 D NotificationService: notify pkg=android pid=1302
09-19 16:09:44.113  2010  3719 E EGL_adreno: tid 3719: eglSurfaceAttrib(1338): error 0x3009 (EGL_BAD_MATCH)
09-19 16:09:44.113  2010  3719 W OpenGLRenderer: Failed to set EGL_SWAP_BEHAVIOR on surface 0xb8f746c0, error=EGL_BAD_MATCH
09-19 16:09:46.070  6989  7121 I chatty  : uid=10038(com.litatom.app) RenderThread expire 242 lines
09-19 16:09:46.513 11842 11842 I appproc : exec app_process! cmdline: /system/bin com.android.commands.am.Am start -n com.litatom.app/com.lit.app.party.PartyChatActivity 
09-19 16:09:46.516 11842 11842 D AndroidRuntime: >>>>>> START com.android.internal.os.RuntimeInit uid 0 <<<<<<
09-19 16:09:46.531 11842 11842 D AndroidRuntime: CheckJNI is OFF
09-19 16:09:46.692 11842 11842 D ICU     : No timezone override file found: /data/misc/zoneinfo/current/icu/icu_tzdata.dat
09-19 16:09:46.750 11842 11842 D libnativebridge: PreInitializeNativeBridge name=unknown instruction_set=x86
09-19 16:09:46.751 11842 11842 D libnativebridge: call UnloadNativeBridge! state=1
09-19 16:09:46.800 11842 11842 E memtrack: Couldn't load memtrack module (No such file or directory)
09-19 16:09:46.800 11842 11842 E android.os.Debug: failed to load memtrack module: -2
09-19 16:09:46.805 11842 11842 I Radio-JNI: register_android_hardware_Radio DONE
09-19 16:09:46.868 11842 11842 D AndroidRuntime: Calling main entry com.android.commands.am.Am
09-19 16:09:46.884 11842 11842 D AndroidRuntime: Shutting down VM
09-19 16:09:46.931  6989  6989 I chatty  : uid=10038(com.litatom.app) expire 6 lines
09-19 16:09:47.345  6989  6989 W ViewRootImpl[PartyChatActivity]: Dropping event due to no window focus: KeyEvent { action=ACTION_DOWN, keyCode=KEYCODE_MENU, scanCode=0, metaState=0, flags=0x8, repeatCount=0, eventTime=17033836, downTime=17033836, deviceId=-1, source=0x101 }
09-19 16:09:47.345  6989  6989 W ViewRootImpl[PartyChatActivity]: Cancelling event due to no window focus: KeyEvent { action=ACTION_UP, keyCode=KEYCODE_MENU, scanCode=0, metaState=0, flags=0x28, repeatCount=0, eventTime=17033969, downTime=17033969, deviceId=-1, source=0x101 }
09-19 16:09:47.345  6989  6989 W ViewRootImpl[PartyChatActivity]: Cancelling event due to no window focus: KeyEvent { action=ACTION_UP, keyCode=KEYCODE_MENU, scanCode=0, metaState=0, flags=0x28, repeatCount=0, eventTime=17033969, downTime=17033969, deviceId=-1, source=0x101 }
09-19 16:09:47.345  6989  6989 W ViewRootImpl[PartyChatActivity]: Cancelling event due to no window focus: KeyEvent { action=ACTION_UP, keyCode=KEYCODE_MENU, scanCode=0, metaState=0, flags=0x28, repeatCount=0, eventTime=17033969, downTime=17033969, deviceId=-1, source=0x101 }
09-19 16:09:47.345  6989  6989 W ViewRootImpl[PartyChatActivity]: Cancelling event due to no window focus: KeyEvent { action=ACTION_UP, keyCode=KEYCODE_MENU, scanCode=0, metaState=0, flags=0x28, repeatCount=0, eventTime=17033969, downTime=17033969, deviceId=-1, source=0x101 }
09-19 16:09:47.345  6989  6989 W ViewRootImpl[PartyChatActivity]: Cancelling event due to no window focus: KeyEvent { action=ACTION_UP, keyCode=KEYCODE_MENU, scanCode=0, metaState=0, flags=0x28, repeatCount=0, eventTime=17033969, downTime=17033969, deviceId=-1, source=0x101 }
09-19 16:09:47.346  6989  6989 W ViewRootImpl[PartyChatActivity]: Cancelling event due to no window focus: KeyEvent { action=ACTION_UP, keyCode=KEYCODE_MENU, scanCode=0, metaState=0, flags=0x28, repeatCount=0, eventTime=17033969, downTime=17033969, deviceId=-1, source=0x101 }
09-19 16:09:47.387  1302  1323 I ActivityManager: Displayed com.litatom.app/com.lit.app.party.PartyChatActivity: +495ms
09-19 16:09:47.761  6989  8831 I chatty  : uid=10038(com.litatom.app) Binder:6989_4 expire 2 lines
09-19 16:09:48.362  1302  1643 D NotificationService: notify pkg=com.litatom.app pid=1302
09-19 16:09:49.893  1302  1617 D NotificationService: notify pkg=android pid=1302
09-19 16:09:49.894  1302  3016 D NotificationService: notify pkg=android pid=1302
09-19 16:09:49.916  2010  3719 E EGL_adreno: tid 3719: eglSurfaceAttrib(1338): error 0x3009 (EGL_BAD_MATCH)
09-19 16:09:49.916  2010  3719 W OpenGLRenderer: Failed to set EGL_SWAP_BEHAVIOR on surface 0xb8f746e0, error=EGL_BAD_MATCH
09-19 16:09:50.176  6989  7249 I chatty  : uid=10038(com.litatom.app) AgoraLogging expire 3 lines
09-19 16:09:50.902  1302  3015 D NotificationService: notify pkg=android pid=1302
09-19 16:09:51.866  6989  7001 I chatty  : uid=10038(com.litatom.app) Binder:6989_1 expire 2 lines
09-19 16:09:53.493  2010  2010 W InputService: onEvaluateInputViewShown inputType=0 imeOptions=0
09-19 16:09:53.494  2010  2010 W InputService: onEvaluateInputViewShown inputType=0 imeOptions=0
09-19 16:09:53.494  1302  3019 D NotificationService: notify pkg=android pid=1302
09-19 16:09:54.014  1302  3018 D NotificationService: notify pkg=android pid=1302
09-19 16:09:54.022  1302  3018 D NotificationService: notify pkg=android pid=1302
09-19 16:09:54.064  6989  7121 I chatty  : uid=10038(com.litatom.app) RenderThread expire 233 lines
09-19 16:09:55.537  1302  1313 D NotificationService: notify pkg=android pid=1302
09-19 16:09:56.040  6989  8831 I chatty  : uid=10038(com.litatom.app) Binder:6989_4 expire 2 lines
09-19 16:09:56.883  1302  1316 I chatty  : uid=1000(system) ActivityManager expire 2 lines
09-19 16:09:56.973 11914 11914 I appproc : exec app_process! cmdline: /system/bin com.android.commands.am.Am start -n com.litatom.app/com.lit.app.party.PartyChatActivity 
09-19 16:09:56.973 11914 11914 D AndroidRuntime: >>>>>> START com.android.internal.os.RuntimeInit uid 0 <<<<<<
09-19 16:09:56.975 11914 11914 D AndroidRuntime: CheckJNI is OFF
09-19 16:09:57.032 11914 11914 D ICU     : No timezone override file found: /data/misc/zoneinfo/current/icu/icu_tzdata.dat
09-19 16:09:57.048 11914 11914 D libnativebridge: PreInitializeNativeBridge name=unknown instruction_set=x86
09-19 16:09:57.049 11914 11914 D libnativebridge: call UnloadNativeBridge! state=1
09-19 16:09:57.060  1302  5333 D NotificationService: notify pkg=android pid=1302
09-19 16:09:57.071 11914 11914 E memtrack: Couldn't load memtrack module (No such file or directory)
09-19 16:09:57.071 11914 11914 E android.os.Debug: failed to load memtrack module: -2
09-19 16:09:57.073 11914 11914 I Radio-JNI: register_android_hardware_Radio DONE
09-19 16:09:57.084 11914 11914 D AndroidRuntime: Calling main entry com.android.commands.am.Am
09-19 16:09:57.092  1302  1545 I chatty  : uid=1000(system) Binder:1302_3 expire 1 line
09-19 16:09:57.101 11914 11914 D AndroidRuntime: Shutting down VM
09-19 16:09:57.103  1698  1698 I chatty  : uid=1000(system) com.android.coreservice expire 68 lines
09-19 16:09:57.142  6989  6989 I chatty  : uid=10038(com.litatom.app) expire 16 lines
09-19 16:09:57.208  6989  7249 I chatty  : uid=10038(com.litatom.app) AgoraLogging expire 2 lines
09-19 16:09:57.513  1302  1323 I ActivityManager: Displayed com.litatom.app/com.lit.app.party.PartyChatActivity: +400ms
09-19 16:09:58.137  6989  6989 W ViewRootImpl[PartyChatActivity]: Dropping event due to no window focus: KeyEvent { action=ACTION_DOWN, keyCode=KEYCODE_MENU, scanCode=0, metaState=0, flags=0x8, repeatCount=0, eventTime=17044798, downTime=17044798, deviceId=-1, source=0x101 }
09-19 16:09:58.138  6989  6989 W ViewRootImpl[PartyChatActivity]: Cancelling event due to no window focus: KeyEvent { action=ACTION_UP, keyCode=KEYCODE_MENU, scanCode=0, metaState=0, flags=0x28, repeatCount=0, eventTime=17044799, downTime=17044799, deviceId=-1, source=0x101 }
09-19 16:09:58.138  6989  6989 W ViewRootImpl[PartyChatActivity]: Cancelling event due to no window focus: KeyEvent { action=ACTION_UP, keyCode=KEYCODE_MENU, scanCode=0, metaState=0, flags=0x28, repeatCount=0, eventTime=17044799, downTime=17044799, deviceId=-1, source=0x101 }
09-19 16:09:58.138  6989  6989 W ViewRootImpl[PartyChatActivity]: Cancelling event due to no window focus: KeyEvent { action=ACTION_UP, keyCode=KEYCODE_MENU, scanCode=0, metaState=0, flags=0x28, repeatCount=0, eventTime=17044799, downTime=17044799, deviceId=-1, source=0x101 }
09-19 16:09:58.138  6989  6989 W ViewRootImpl[PartyChatActivity]: Cancelling event due to no window focus: KeyEvent { action=ACTION_UP, keyCode=KEYCODE_MENU, scanCode=0, metaState=0, flags=0x28, repeatCount=0, eventTime=17044799, downTime=17044799, deviceId=-1, source=0x101 }
09-19 16:09:58.138  6989  6989 W ViewRootImpl[PartyChatActivity]: Cancelling event due to no window focus: KeyEvent { action=ACTION_UP, keyCode=KEYCODE_MENU, scanCode=0, metaState=0, flags=0x28, repeatCount=0, eventTime=17044799, downTime=17044799, deviceId=-1, source=0x101 }
09-19 16:09:58.138  6989  6989 W ViewRootImpl[PartyChatActivity]: Cancelling event due to no window focus: KeyEvent { action=ACTION_UP, keyCode=KEYCODE_MENU, scanCode=0, metaState=0, flags=0x28, repeatCount=0, eventTime=17044799, downTime=17044799, deviceId=-1, source=0x101 }
09-19 16:10:00.125  6989  7149 I chatty  : uid=10038(com.litatom.app) Binder:6989_3 expire 4 lines
09-19 16:10:01.752  1302  3016 D NotificationService: notify pkg=android pid=1302
09-19 16:10:01.753  1302  5329 D NotificationService: notify pkg=android pid=1302
09-19 16:10:01.783  2010  3719 E EGL_adreno: tid 3719: eglSurfaceAttrib(1338): error 0x3009 (EGL_BAD_MATCH)
09-19 16:10:01.783  2010  3719 W OpenGLRenderer: Failed to set EGL_SWAP_BEHAVIOR on surface 0xb8f746c0, error=EGL_BAD_MATCH
09-19 16:10:02.767  2010  2010 W InputService: onEvaluateInputViewShown inputType=0 imeOptions=0
09-19 16:10:02.768  2010  2010 W InputService: onEvaluateInputViewShown inputType=0 imeOptions=0
09-19 16:10:02.768  1302  1545 D NotificationService: notify pkg=android pid=1302
09-19 16:10:02.794  1302  1313 D NotificationService: notify pkg=android pid=1302
09-19 16:10:02.798  1302  5332 D NotificationService: notify pkg=android pid=1302
09-19 16:10:03.026  6989  7121 I chatty  : uid=10038(com.litatom.app) RenderThread expire 240 lines
09-19 16:10:04.178  6989  8831 I chatty  : uid=10038(com.litatom.app) Binder:6989_4 expire 4 lines
09-19 16:10:06.320  1302  1643 D NotificationService: notify pkg=android pid=1302
09-19 16:10:06.841  2010  2010 W InputService: onEvaluateInputViewShown inputType=0 imeOptions=0
09-19 16:10:06.841  2010  2010 W InputService: onEvaluateInputViewShown inputType=0 imeOptions=0
09-19 16:10:06.841  1302  1643 D NotificationService: notify pkg=android pid=1302
09-19 16:10:06.853  6989  6989 I chatty  : uid=10038(com.litatom.app) expire 7 lines
09-19 16:10:07.715  6989  7249 I chatty  : uid=10038(com.litatom.app) AgoraLogging expire 4 lines
09-19 16:10:08.388  1302  3016 D NotificationService: notify pkg=android pid=1302
09-19 16:10:08.934  1302  3015 D NotificationService: notify pkg=android pid=1302
09-19 16:10:08.938  1302  5330 D NotificationService: notify pkg=android pid=1302
09-19 16:10:13.557  6989  7121 I chatty  : uid=10038(com.litatom.app) RenderThread expire 234 lines
09-19 16:10:13.632  1394  1629 I vol.Events: writeEvent active_stream_changed STREAM_MUSIC
09-19 16:10:13.633  1394  1629 I vol.Events: writeEvent level_changed STREAM_MUSIC 2
09-19 16:10:13.633  1394  1629 I vol.Events: writeEvent key STREAM_MUSIC 2
09-19 16:10:13.649  1394  1394 I vol.Events: writeEvent show_dialog volume_changed keyguard=false
09-19 16:10:13.689  1394  1647 E EGL_adreno: tid 1647: eglSurfaceAttrib(1338): error 0x3009 (EGL_BAD_MATCH)
09-19 16:10:13.689  1394  1647 W OpenGLRenderer: Failed to set EGL_SWAP_BEHAVIOR on surface 0xa4e0c620, error=EGL_BAD_MATCH
09-19 16:10:13.693  1394  1647 D EGL_adreno: eglMakeCurrent: 0xa7012860: ver 3 1 (tinfo 0xa7014600)
09-19 16:10:14.137  1394  1394 I vol.Events: writeEvent dismiss_dialog touch_outside
09-19 16:10:14.144  1394  1629 I vol.Events: writeEvent active_stream_changed UNKNOWN_STREAM_-1
09-19 16:10:14.460  1394  1647 D EGL_adreno: eglMakeCurrent: 0xa7012860: ver 3 1 (tinfo 0xa7014600)
09-19 16:10:16.385  6989  8831 I chatty  : uid=10038(com.litatom.app) Binder:6989_4 expire 2 lines
09-19 16:10:17.786  6989  6989 I chatty  : uid=10038(com.litatom.app) expire 15 lines
09-19 16:10:19.745  1302  1617 D NotificationService: notify pkg=android pid=1302
09-19 16:10:19.745  1302  1644 D NotificationService: notify pkg=android pid=1302
09-19 16:10:19.795  1394  1647 D EGL_adreno: eglMakeCurrent: 0xa7012860: ver 3 1 (tinfo 0xa7014600)
09-19 16:10:19.805  2010  3719 E EGL_adreno: tid 3719: eglSurfaceAttrib(1338): error 0x3009 (EGL_BAD_MATCH)
09-19 16:10:19.805  2010  3719 W OpenGLRenderer: Failed to set EGL_SWAP_BEHAVIOR on surface 0xb8f746e0, error=EGL_BAD_MATCH
09-19 16:10:20.479  6989  7149 I chatty  : uid=10038(com.litatom.app) Binder:6989_3 expire 2 lines
09-19 16:10:23.280  1302  1643 D NotificationService: notify pkg=android pid=1302
09-19 16:10:23.280  1302  3015 D NotificationService: notify pkg=android pid=1302
09-19 16:10:23.315  2010  3719 E EGL_adreno: tid 3719: eglSurfaceAttrib(1338): error 0x3009 (EGL_BAD_MATCH)
09-19 16:10:23.315  2010  3719 W OpenGLRenderer: Failed to set EGL_SWAP_BEHAVIOR on surface 0xb8f746c0, error=EGL_BAD_MATCH
09-19 16:10:24.284  1302  1347 I chatty  : uid=1000(system) InputDispatcher expire 1 line
09-19 16:10:24.337  6989  7121 I chatty  : uid=10038(com.litatom.app) RenderThread expire 229 lines
09-19 16:10:24.516  6989  7001 I chatty  : uid=10038(com.litatom.app) Binder:6989_1 expire 4 lines
09-19 16:10:24.814  6989  6989 I chatty  : uid=10038(com.litatom.app) expire 4 lines
09-19 16:10:25.305  2010  2010 W InputService: onEvaluateInputViewShown inputType=0 imeOptions=0
09-19 16:10:25.305  2010  2010 W InputService: onEvaluateInputViewShown inputType=0 imeOptions=0
09-19 16:10:25.306  1302  3017 D NotificationService: notify pkg=android pid=1302
09-19 16:10:25.800  1302  5331 I chatty  : uid=1000(system) Binder:1302_F expire 1 line
09-19 16:10:27.381  1302  3017 D NotificationService: notify pkg=android pid=1302
09-19 16:10:28.400  1302  1644 D NotificationService: notify pkg=android pid=1302
09-19 16:10:28.404  1302  3019 D NotificationService: notify pkg=android pid=1302
09-19 16:10:28.713  6989  7249 I chatty  : uid=10038(com.litatom.app) AgoraLogging expire 2 lines
09-19 16:10:28.926  1302  1643 D NotificationService: notify pkg=android pid=1302
09-19 16:10:30.949  1302  3019 D NotificationService: notify pkg=android pid=1302
09-19 16:10:32.695  6989  7002 I chatty  : uid=10038(com.litatom.app) Binder:6989_2 expire 2 lines
09-19 16:10:34.454  1302  1357 D WifiStateMachine: setScanResults mScanResults.size=1
09-19 16:10:34.460  6989  7121 I chatty  : uid=10038(com.litatom.app) RenderThread expire 253 lines
09-19 16:10:34.532  1302  1643 D NotificationService: notify pkg=android pid=1302
09-19 16:10:36.091  6989  6989 I chatty  : uid=10038(com.litatom.app) expire 7 lines
09-19 16:10:36.762  6989  7001 I chatty  : uid=10038(com.litatom.app) Binder:6989_1 expire 2 lines
09-19 16:10:37.597  1302  1545 I chatty  : uid=1000(system) Binder:1302_3 expire 1 line
09-19 16:10:38.111  1698  1698 I chatty  : uid=1000(system) com.android.coreservice expire 24 lines
09-19 16:10:38.111  1302  3017 D NotificationService: notify pkg=android pid=1302
09-19 16:10:38.143  6989  7249 I chatty  : uid=10038(com.litatom.app) AgoraLogging expire 3 lines
09-19 16:10:39.619  1302  5333 D NotificationService: notify pkg=android pid=1302
09-19 16:10:40.792  6989  7002 I chatty  : uid=10038(com.litatom.app) Binder:6989_2 expire 4 lines
09-19 16:10:44.708  1302  3019 I chatty  : uid=1000(system) Binder:1302_B expire 1 line
09-19 16:10:45.397  6989  6989 I chatty  : uid=10038(com.litatom.app) expire 11 lines
09-19 16:10:45.405  6989  7121 I chatty  : uid=10038(com.litatom.app) RenderThread expire 238 lines
09-19 16:10:45.413  1302  5331 D NotificationService: notify pkg=android pid=1302
09-19 16:10:45.415  1302  1314 D NotificationService: notify pkg=android pid=1302
09-19 16:10:45.465  2010  3719 E EGL_adreno: tid 3719: eglSurfaceAttrib(1338): error 0x3009 (EGL_BAD_MATCH)
09-19 16:10:45.465  2010  3719 W OpenGLRenderer: Failed to set EGL_SWAP_BEHAVIOR on surface 0xb8f746e0, error=EGL_BAD_MATCH
09-19 16:10:45.777  6989  6989 W ViewRootImpl[PartyChatActivity]: Dropping event due to root view being removed: KeyEvent { action=ACTION_DOWN, keyCode=KEYCODE_DPAD_UP, scanCode=0, metaState=0, flags=0x400, repeatCount=0, eventTime=17092469, downTime=17092469, deviceId=-1, source=0x101 }
09-19 16:10:45.778  6989  6989 W ViewRootImpl[PartyChatActivity]: Dropping event due to root view being removed: KeyEvent { action=ACTION_UP, keyCode=KEYCODE_DPAD_UP, scanCode=0, metaState=0, flags=0x400, repeatCount=0, eventTime=17092469, downTime=17092469, deviceId=-1, source=0x101 }
09-19 16:10:45.778  6989  6989 W ViewRootImpl[PartyChatActivity]: Dropping event due to root view being removed: KeyEvent { action=ACTION_DOWN, keyCode=KEYCODE_DPAD_UP, scanCode=0, metaState=0, flags=0x400, repeatCount=0, eventTime=17092469, downTime=17092469, deviceId=-1, source=0x101 }
09-19 16:10:45.778  6989  6989 W ViewRootImpl[PartyChatActivity]: Dropping event due to root view being removed: KeyEvent { action=ACTION_UP, keyCode=KEYCODE_DPAD_UP, scanCode=0, metaState=0, flags=0x400, repeatCount=0, eventTime=17092469, downTime=17092469, deviceId=-1, source=0x101 }
09-19 16:10:45.778  6989  6989 W ViewRootImpl[PartyChatActivity]: Dropping event due to root view being removed: KeyEvent { action=ACTION_DOWN, keyCode=KEYCODE_DPAD_UP, scanCode=0, metaState=0, flags=0x400, repeatCount=0, eventTime=17092469, downTime=17092469, deviceId=-1, source=0x101 }
09-19 16:10:45.778  6989  6989 W ViewRootImpl[PartyChatActivity]: Dropping event due to root view being removed: KeyEvent { action=ACTION_UP, keyCode=KEYCODE_DPAD_UP, scanCode=0, metaState=0, flags=0x400, repeatCount=0, eventTime=17092469, downTime=17092469, deviceId=-1, source=0x101 }
09-19 16:10:48.929  6989  7001 I chatty  : uid=10038(com.litatom.app) Binder:6989_1 expire 2 lines
09-19 16:10:49.125  6989  7249 I chatty  : uid=10038(com.litatom.app) AgoraLogging expire 2 lines
09-19 16:10:51.794  1302  1545 D NotificationService: notify pkg=android pid=1302
09-19 16:10:51.794  1302  5329 D NotificationService: notify pkg=android pid=1302
09-19 16:10:51.834  2010  3719 E EGL_adreno: tid 3719: eglSurfaceAttrib(1338): error 0x3009 (EGL_BAD_MATCH)
09-19 16:10:51.834  2010  3719 W OpenGLRenderer: Failed to set EGL_SWAP_BEHAVIOR on surface 0xb8f746c0, error=EGL_BAD_MATCH
09-19 16:10:53.031  6989  7149 I chatty  : uid=10038(com.litatom.app) Binder:6989_3 expire 2 lines
09-19 16:10:53.849  1302  1644 I chatty  : uid=1000(system) Binder:1302_6 expire 1 line
09-19 16:10:53.850  1394  1394 D PhoneStatusBar: disable: < expand ICONS* alerts SYSTEM_INFO* back home recent clock search quick_settings >
09-19 16:10:53.889  1394  1647 D EGL_adreno: eglMakeCurrent: 0xa7012860: ver 3 1 (tinfo 0xa7014600)
09-19 16:10:53.931  1394  1647 E EGL_adreno: tid 1647: eglSurfaceAttrib(1338): error 0x3009 (EGL_BAD_MATCH)
09-19 16:10:53.931  1394  1647 W OpenGLRenderer: Failed to set EGL_SWAP_BEHAVIOR on surface 0xa701c360, error=EGL_BAD_MATCH
09-19 16:10:53.933  1394  1647 D EGL_adreno: eglMakeCurrent: 0xa7012860: ver 3 1 (tinfo 0xa7014600)
09-19 16:10:53.938  1302  5332 I chatty  : uid=1000(system) Binder:1302_10 expire 2 lines
09-19 16:10:53.938  1394  1394 D PhoneStatusBar: disable: < expand icons* alerts system_info* back home recent clock search quick_settings >
09-19 16:10:54.004  1394  1647 D EGL_adreno: eglMakeCurrent: 0xa7012860: ver 3 1 (tinfo 0xa7014600)
09-19 16:10:54.033  1394  1647 E EGL_adreno: tid 1647: eglSurfaceAttrib(1338): error 0x3009 (EGL_BAD_MATCH)
09-19 16:10:54.033  1394  1647 W OpenGLRenderer: Failed to set EGL_SWAP_BEHAVIOR on surface 0xa4e0ce20, error=EGL_BAD_MATCH
09-19 16:10:54.037  1394  1647 D EGL_adreno: eglMakeCurrent: 0xa7012860: ver 3 1 (tinfo 0xa7014600)
09-19 16:10:54.866  1698  1698 I chatty  : uid=1000(system) com.android.coreservice expire 10 lines
09-19 16:10:54.866  1302  3015 D NotificationService: notify pkg=android pid=1302
09-19 16:10:56.219  6989  7121 I chatty  : uid=10038(com.litatom.app) RenderThread expire 103 lines
09-19 16:10:56.401  6989  6989 I chatty  : uid=10038(com.litatom.app) expire 7 lines
09-19 16:10:57.194  6989  7002 I chatty  : uid=10038(com.litatom.app) Binder:6989_2 expire 4 lines
09-19 16:10:59.714  6989  7249 I chatty  : uid=10038(com.litatom.app) AgoraLogging expire 4 lines
09-19 16:11:00.430  1302  1347 I chatty  : uid=1000(system) InputDispatcher expire 1 line
09-19 16:11:08.119  1302  3015 I chatty  : uid=1000(system) Binder:1302_7 expire 1 line
09-19 16:11:10.257 12267 12267 I appproc : exec app_process! cmdline: /system/bin com.android.commands.wm.Wm size 
09-19 16:11:10.257 12267 12267 D AndroidRuntime: >>>>>> START com.android.internal.os.RuntimeInit uid 0 <<<<<<
09-19 16:11:10.261 12267 12267 D AndroidRuntime: CheckJNI is OFF
09-19 16:11:10.324 12267 12267 D ICU     : No timezone override file found: /data/misc/zoneinfo/current/icu/icu_tzdata.dat
09-19 16:11:10.339 12267 12267 D libnativebridge: PreInitializeNativeBridge name=unknown instruction_set=x86
09-19 16:11:10.340 12267 12267 D libnativebridge: call UnloadNativeBridge! state=1
09-19 16:11:10.358 12267 12267 E memtrack: Couldn't load memtrack module (No such file or directory)
09-19 16:11:10.358 12267 12267 E android.os.Debug: failed to load memtrack module: -2
09-19 16:11:10.358 12267 12267 I Radio-JNI: register_android_hardware_Radio DONE
09-19 16:11:10.373 12267 12267 D AndroidRuntime: Calling main entry com.android.commands.wm.Wm
09-19 16:11:10.377 12267 12267 D AndroidRuntime: Shutting down VM
09-19 16:11:11.163 12283 12283 I appproc : exec app_process! cmdline: /system/bin com.android.commands.am.Am start -n com.litatom.app/com.lit.app.party.PartyChatActivity 
09-19 16:11:11.163 12283 12283 D AndroidRuntime: >>>>>> START com.android.internal.os.RuntimeInit uid 0 <<<<<<
09-19 16:11:11.165 12283 12283 D AndroidRuntime: CheckJNI is OFF
09-19 16:11:11.221 12283 12283 D ICU     : No timezone override file found: /data/misc/zoneinfo/current/icu/icu_tzdata.dat
09-19 16:11:11.233 12283 12283 D libnativebridge: PreInitializeNativeBridge name=unknown instruction_set=x86
09-19 16:11:11.233 12283 12283 D libnativebridge: call UnloadNativeBridge! state=1
09-19 16:11:11.247 12283 12283 E memtrack: Couldn't load memtrack module (No such file or directory)
09-19 16:11:11.247 12283 12283 E android.os.Debug: failed to load memtrack module: -2
09-19 16:11:11.248 12283 12283 I Radio-JNI: register_android_hardware_Radio DONE
09-19 16:11:11.261 12283 12283 D AndroidRuntime: Calling main entry com.android.commands.am.Am
09-19 16:11:11.271 12283 12283 D AndroidRuntime: Shutting down VM
09-19 16:11:11.293  6989  7121 I chatty  : uid=10038(com.litatom.app) RenderThread expire 387 lines
09-19 16:11:11.866 12298 12298 I appproc : exec app_process! cmdline: /system/bin com.android.commands.monkey.Monkey -p com.litatom.app --throttle 500 --ignore-timeouts --ignore-crashes --monitor-native-crashes -v -v -v 50000 
09-19 16:11:11.866 12298 12298 D AndroidRuntime: >>>>>> START com.android.internal.os.RuntimeInit uid 0 <<<<<<
09-19 16:11:11.870 12298 12298 D AndroidRuntime: CheckJNI is OFF
09-19 16:11:11.924 12298 12298 D ICU     : No timezone override file found: /data/misc/zoneinfo/current/icu/icu_tzdata.dat
09-19 16:11:11.938 12298 12298 D libnativebridge: PreInitializeNativeBridge name=unknown instruction_set=x86
09-19 16:11:11.938 12298 12298 D libnativebridge: call UnloadNativeBridge! state=1
09-19 16:11:11.952 12298 12298 E memtrack: Couldn't load memtrack module (No such file or directory)
09-19 16:11:11.952 12298 12298 E android.os.Debug: failed to load memtrack module: -2
09-19 16:11:11.954 12298 12298 I Radio-JNI: register_android_hardware_Radio DONE
09-19 16:11:11.962 12298 12298 D AndroidRuntime: Calling main entry com.android.commands.monkey.Monkey
09-19 16:11:12.303  1302  1316 I chatty  : uid=1000(system) ActivityManager expire 1 line
09-19 16:11:12.326  1302  3017 I chatty  : uid=1000(system) Binder:1302_9 expire 1 line
09-19 16:11:14.369  6989  6989 W ViewRootImpl[PartyChatActivity]: Dropping event due to no window focus: KeyEvent { action=ACTION_DOWN, keyCode=KEYCODE_MENU, scanCode=0, metaState=0, flags=0x8, repeatCount=0, eventTime=17121095, downTime=17121095, deviceId=-1, source=0x101 }
09-19 16:11:14.369  6989  6989 W ViewRootImpl[PartyChatActivity]: Cancelling event due to no window focus: KeyEvent { action=ACTION_UP, keyCode=KEYCODE_MENU, scanCode=0, metaState=0, flags=0x28, repeatCount=0, eventTime=17121097, downTime=17121097, deviceId=-1, source=0x101 }
09-19 16:11:14.369  6989  6989 W ViewRootImpl[PartyChatActivity]: Cancelling event due to no window focus: KeyEvent { action=ACTION_UP, keyCode=KEYCODE_MENU, scanCode=0, metaState=0, flags=0x28, repeatCount=0, eventTime=17121097, downTime=17121097, deviceId=-1, source=0x101 }
09-19 16:11:14.369  6989  6989 W ViewRootImpl[PartyChatActivity]: Cancelling event due to no window focus: KeyEvent { action=ACTION_UP, keyCode=KEYCODE_MENU, scanCode=0, metaState=0, flags=0x28, repeatCount=0, eventTime=17121097, downTime=17121097, deviceId=-1, source=0x101 }
09-19 16:11:14.369  6989  6989 W ViewRootImpl[PartyChatActivity]: Cancelling event due to no window focus: KeyEvent { action=ACTION_UP, keyCode=KEYCODE_MENU, scanCode=0, metaState=0, flags=0x28, repeatCount=0, eventTime=17121097, downTime=17121097, deviceId=-1, source=0x101 }
09-19 16:11:14.369  6989  6989 W ViewRootImpl[PartyChatActivity]: Cancelling event due to no window focus: KeyEvent { action=ACTION_UP, keyCode=KEYCODE_MENU, scanCode=0, metaState=0, flags=0x28, repeatCount=0, eventTime=17121097, downTime=17121097, deviceId=-1, source=0x101 }
09-19 16:11:14.369  6989  6989 W ViewRootImpl[PartyChatActivity]: Cancelling event due to no window focus: KeyEvent { action=ACTION_UP, keyCode=KEYCODE_MENU, scanCode=0, metaState=0, flags=0x28, repeatCount=0, eventTime=17121097, downTime=17121097, deviceId=-1, source=0x101 }
09-19 16:11:14.374  1698  1698 I chatty  : uid=1000(system) com.android.coreservice expire 114 lines
09-19 16:11:16.168  6989  7149 I chatty  : uid=10038(com.litatom.app) Binder:6989_3 expire 2 lines
09-19 16:11:16.914  1394  1629 I vol.Events: writeEvent active_stream_changed STREAM_MUSIC
09-19 16:11:16.915  1394  1629 I vol.Events: writeEvent level_changed STREAM_MUSIC 3
09-19 16:11:16.916  1394  1629 I vol.Events: writeEvent key STREAM_MUSIC 3
09-19 16:11:16.931  1394  1394 I vol.Events: writeEvent show_dialog volume_changed keyguard=false
09-19 16:11:16.990  1394  1647 E EGL_adreno: tid 1647: eglSurfaceAttrib(1338): error 0x3009 (EGL_BAD_MATCH)
09-19 16:11:16.990  1394  1647 W OpenGLRenderer: Failed to set EGL_SWAP_BEHAVIOR on surface 0xa4e0dec0, error=EGL_BAD_MATCH
09-19 16:11:16.996  1394  1647 D EGL_adreno: eglMakeCurrent: 0xa7012860: ver 3 1 (tinfo 0xa7014600)
09-19 16:11:17.939  1394  1394 I vol.Events: writeEvent dismiss_dialog touch_outside
09-19 16:11:17.944  1394  1629 I vol.Events: writeEvent active_stream_changed UNKNOWN_STREAM_-1
09-19 16:11:18.279  1394  1647 D EGL_adreno: eglMakeCurrent: 0xa7012860: ver 3 1 (tinfo 0xa7014600)
09-19 16:11:18.521  6989  6989 I chatty  : uid=10038(com.litatom.app) expire 18 lines
09-19 16:11:19.367  6989  7121 I chatty  : uid=10038(com.litatom.app) RenderThread expire 232 lines
09-19 16:11:20.125  6989  7249 I chatty  : uid=10038(com.litatom.app) AgoraLogging expire 4 lines
09-19 16:11:20.337  6989  7149 I chatty  : uid=10038(com.litatom.app) Binder:6989_3 expire 2 lines
09-19 16:11:22.913  1302  5331 D NotificationService: notify pkg=android pid=1302
09-19 16:11:22.917  1302  5333 D NotificationService: notify pkg=android pid=1302
09-19 16:11:22.921  2010  2010 W InputService: onEvaluateInputViewShown inputType=0 imeOptions=0
09-19 16:11:22.921  2010  2010 W InputService: onEvaluateInputViewShown inputType=0 imeOptions=0
09-19 16:11:22.922  1302  3018 D NotificationService: notify pkg=android pid=1302
09-19 16:11:22.949  1302  5333 D NotificationService: notify pkg=android pid=1302
09-19 16:11:22.975  1394  1647 D EGL_adreno: eglMakeCurrent: 0xa7012860: ver 3 1 (tinfo 0xa7014600)
09-19 16:11:22.985  2010  3719 E EGL_adreno: tid 3719: eglSurfaceAttrib(1338): error 0x3009 (EGL_BAD_MATCH)
09-19 16:11:22.985  2010  3719 W OpenGLRenderer: Failed to set EGL_SWAP_BEHAVIOR on surface 0xb8f746e0, error=EGL_BAD_MATCH
09-19 16:11:23.024  1302  5329 D NotificationService: notify pkg=android pid=1302
09-19 16:11:23.083  1302  1314 D NotificationService: notify pkg=android pid=1302
09-19 16:11:23.097  1302  3020 D NotificationService: notify pkg=android pid=1302
09-19 16:11:24.401  6989  7002 I chatty  : uid=10038(com.litatom.app) Binder:6989_2 expire 2 lines
09-19 16:11:25.970  1302  5329 D NotificationService: notify pkg=android pid=1302
09-19 16:11:25.975  1302  1643 D NotificationService: notify pkg=android pid=1302
09-19 16:11:26.019  2010  3719 E EGL_adreno: tid 3719: eglSurfaceAttrib(1338): error 0x3009 (EGL_BAD_MATCH)
09-19 16:11:26.020  2010  3719 W OpenGLRenderer: Failed to set EGL_SWAP_BEHAVIOR on surface 0xb8f746c0, error=EGL_BAD_MATCH
09-19 16:11:26.503  6989  7121 I chatty  : uid=10038(com.litatom.app) RenderThread expire 253 lines
09-19 16:11:28.558  6989  8831 I chatty  : uid=10038(com.litatom.app) Binder:6989_4 expire 2 lines
09-19 16:11:29.045  1302  5332 D NotificationService: notify pkg=android pid=1302
09-19 16:11:29.220  1302  5332 D NotificationService: notify pkg=android pid=1302
09-19 16:11:29.548  1302  5332 D NotificationService: notify pkg=android pid=1302
09-19 16:11:29.726  1302  5333 D NotificationService: notify pkg=android pid=1302
09-19 16:11:30.496  6989  7121 I chatty  : uid=10038(com.litatom.app) RenderThread expire 230 lines
09-19 16:11:30.621  1302  3018 D NotificationService: notify pkg=android pid=1302
09-19 16:11:31.099  1302  3016 D NotificationService: notify pkg=android pid=1302
09-19 16:11:31.124  6989  7249 I chatty  : uid=10038(com.litatom.app) AgoraLogging expire 2 lines
09-19 16:11:31.313  6989  6989 I chatty  : uid=10038(com.litatom.app) expire 19 lines
09-19 16:11:31.817  1302  1313 D NotificationService: notify pkg=android pid=1302
09-19 16:11:32.239  1302  1313 D NotificationService: notify pkg=android pid=1302
09-19 16:11:32.321  2010  2010 W InputService: onEvaluateInputViewShown inputType=0 imeOptions=0
09-19 16:11:32.321  2010  2010 W InputService: onEvaluateInputViewShown inputType=0 imeOptions=0
09-19 16:11:32.321  1302  1644 D NotificationService: notify pkg=android pid=1302
09-19 16:11:32.681  6989  7002 I chatty  : uid=10038(com.litatom.app) Binder:6989_2 expire 2 lines
09-19 16:11:33.318  1302  1302 I chatty  : uid=1000 system_server expire 1 line
09-19 16:11:33.899  1302  1644 D NotificationService: notify pkg=android pid=1302
