09-19 16:12:54.303  6989  7121 D EGL_adreno: eglMakeCurrent: 0xa6fbd3c0: ver 3 1 (tinfo 0xa6fd7620)
09-19 16:12:54.309  6989  7121 D EGL_adreno: eglMakeCurrent: 0xa6fbd3c0: ver 3 1 (tinfo 0xa6fd7620)
09-19 16:12:54.319  6989  7121 D EGL_adreno: eglMakeCurrent: 0xa6fbd3c0: ver 3 1 (tinfo 0xa6fd7620)
09-19 16:12:54.325  6989  7121 D EGL_adreno: eglMakeCurrent: 0xa6fbd3c0: ver 3 1 (tinfo 0xa6fd7620)
09-19 16:12:54.337  6989  7121 D EGL_adreno: eglMakeCurrent: 0xa6fbd3c0: ver 3 1 (tinfo 0xa6fd7620)
09-19 16:12:54.343  6989  7121 D EGL_adreno: eglMakeCurrent: 0xa6fbd3c0: ver 3 1 (tinfo 0xa6fd7620)
09-19 16:12:54.354  6989  7121 D EGL_adreno: eglMakeCurrent: 0xa6fbd3c0: ver 3 1 (tinfo 0xa6fd7620)
09-19 16:12:54.360  6989  7121 D EGL_adreno: eglMakeCurrent: 0xa6fbd3c0: ver 3 1 (tinfo 0xa6fd7620)
09-19 16:12:54.371  6989  7121 D EGL_adreno: eglMakeCurrent: 0xa6fbd3c0: ver 3 1 (tinfo 0xa6fd7620)
09-19 16:12:54.375  6989  7121 D EGL_adreno: eglMakeCurrent: 0xa6fbd3c0: ver 3 1 (tinfo 0xa6fd7620)
09-19 16:12:54.387  6989  7121 D EGL_adreno: eglMakeCurrent: 0xa6fbd3c0: ver 3 1 (tinfo 0xa6fd7620)
09-19 16:12:54.392  6989  7121 D EGL_adreno: eglMakeCurrent: 0xa6fbd3c0: ver 3 1 (tinfo 0xa6fd7620)
09-19 16:12:54.403  6989  7121 D EGL_adreno: eglMakeCurrent: 0xa6fbd3c0: ver 3 1 (tinfo 0xa6fd7620)
09-19 16:12:54.408  6989  7121 D EGL_adreno: eglMakeCurrent: 0xa6fbd3c0: ver 3 1 (tinfo 0xa6fd7620)
09-19 16:12:54.421  6989  7121 D EGL_adreno: eglMakeCurrent: 0xa6fbd3c0: ver 3 1 (tinfo 0xa6fd7620)
09-19 16:12:54.426  6989  7121 D EGL_adreno: eglMakeCurrent: 0xa6fbd3c0: ver 3 1 (tinfo 0xa6fd7620)
09-19 16:12:54.437  6989  7121 D EGL_adreno: eglMakeCurrent: 0xa6fbd3c0: ver 3 1 (tinfo 0xa6fd7620)
09-19 16:12:54.442  6989  7121 D EGL_adreno: eglMakeCurrent: 0xa6fbd3c0: ver 3 1 (tinfo 0xa6fd7620)
09-19 16:12:54.455  6989  7121 D EGL_adreno: eglMakeCurrent: 0xa6fbd3c0: ver 3 1 (tinfo 0xa6fd7620)
09-19 16:12:54.459  6989  7121 D EGL_adreno: eglMakeCurrent: 0xa6fbd3c0: ver 3 1 (tinfo 0xa6fd7620)
09-19 16:12:54.470  6989  7121 D EGL_adreno: eglMakeCurrent: 0xa6fbd3c0: ver 3 1 (tinfo 0xa6fd7620)
09-19 16:12:54.476  6989  7121 D EGL_adreno: eglMakeCurrent: 0xa6fbd3c0: ver 3 1 (tinfo 0xa6fd7620)
09-19 16:12:54.487  6989  7121 D EGL_adreno: eglMakeCurrent: 0xa6fbd3c0: ver 3 1 (tinfo 0xa6fd7620)
09-19 16:12:54.493  6989  7121 D EGL_adreno: eglMakeCurrent: 0xa6fbd3c0: ver 3 1 (tinfo 0xa6fd7620)
09-19 16:12:54.504  6989  7121 D EGL_adreno: eglMakeCurrent: 0xa6fbd3c0: ver 3 1 (tinfo 0xa6fd7620)
09-19 16:12:54.510  6989  7121 D EGL_adreno: eglMakeCurrent: 0xa6fbd3c0: ver 3 1 (tinfo 0xa6fd7620)
09-19 16:12:54.521  6989  7121 D EGL_adreno: eglMakeCurrent: 0xa6fbd3c0: ver 3 1 (tinfo 0xa6fd7620)
09-19 16:12:54.527  6989  7121 D EGL_adreno: eglMakeCurrent: 0xa6fbd3c0: ver 3 1 (tinfo 0xa6fd7620)
09-19 16:12:54.537  6989  7121 D EGL_adreno: eglMakeCurrent: 0xa6fbd3c0: ver 3 1 (tinfo 0xa6fd7620)
09-19 16:12:54.544  6989  7121 D EGL_adreno: eglMakeCurrent: 0xa6fbd3c0: ver 3 1 (tinfo 0xa6fd7620)
09-19 16:12:54.554  6989  7121 D EGL_adreno: eglMakeCurrent: 0xa6fbd3c0: ver 3 1 (tinfo 0xa6fd7620)
09-19 16:12:54.559  6989  7121 D EGL_adreno: eglMakeCurrent: 0xa6fbd3c0: ver 3 1 (tinfo 0xa6fd7620)
09-19 16:12:54.571  6989  7121 D EGL_adreno: eglMakeCurrent: 0xa6fbd3c0: ver 3 1 (tinfo 0xa6fd7620)
09-19 16:12:54.577  6989  7121 D EGL_adreno: eglMakeCurrent: 0xa6fbd3c0: ver 3 1 (tinfo 0xa6fd7620)
09-19 16:12:54.586  6989  7121 D EGL_adreno: eglMakeCurrent: 0xa6fbd3c0: ver 3 1 (tinfo 0xa6fd7620)
09-19 16:12:54.592  6989  7121 D EGL_adreno: eglMakeCurrent: 0xa6fbd3c0: ver 3 1 (tinfo 0xa6fd7620)
09-19 16:12:54.603  6989  7121 D EGL_adreno: eglMakeCurrent: 0xa6fbd3c0: ver 3 1 (tinfo 0xa6fd7620)
09-19 16:12:54.608  6989  7121 D EGL_adreno: eglMakeCurrent: 0xa6fbd3c0: ver 3 1 (tinfo 0xa6fd7620)
09-19 16:12:54.620  6989  7121 D EGL_adreno: eglMakeCurrent: 0xa6fbd3c0: ver 3 1 (tinfo 0xa6fd7620)
09-19 16:12:54.626  6989  7121 D EGL_adreno: eglMakeCurrent: 0xa6fbd3c0: ver 3 1 (tinfo 0xa6fd7620)
09-19 16:12:54.636  6989  7121 D EGL_adreno: eglMakeCurrent: 0xa6fbd3c0: ver 3 1 (tinfo 0xa6fd7620)
09-19 16:12:54.641  6989  7121 D EGL_adreno: eglMakeCurrent: 0xa6fbd3c0: ver 3 1 (tinfo 0xa6fd7620)
09-19 16:12:54.654  6989  7121 D EGL_adreno: eglMakeCurrent: 0xa6fbd3c0: ver 3 1 (tinfo 0xa6fd7620)
09-19 16:12:55.150  6989  8831 I art     : Starting a blocking GC Explicit
09-19 16:12:55.239  6989  8831 I art     : Explicit concurrent mark sweep GC freed 21504(1562KB) AllocSpace objects, 6(252KB) LOS objects, 8% free, 168MB/184MB, paused 1.652ms total 88.524ms
09-19 16:12:55.662  1302  3015 I ActivityManager: START u0 {flg=0x10804000 cmp=com.android.systemui/.recents.RecentsActivity} from uid 10017 on display 0
09-19 16:12:55.668  1394  1647 D EGL_adreno: eglMakeCurrent: 0xa7012860: ver 3 1 (tinfo 0xa7014600)
09-19 16:12:56.072  1698  1698 W ContextImpl: Calling a method in the system process without a qualified user: android.app.ContextImpl.startService:1358 android.content.ContextWrapper.startService:613 android.content.ContextWrapper.startService:613 com.android.coreservice.CoreBroadcastReceiver.onReceive:69 android.app.ActivityThread.handleReceiver:3073 
09-19 16:12:56.076  6989  7121 D EGL_adreno: eglMakeCurrent: 0xa6fbd3c0: ver 3 1 (tinfo 0xa6fd7620)
09-19 16:12:56.086  6989  7121 D EGL_adreno: eglMakeCurrent: 0xa6fbd3c0: ver 3 1 (tinfo 0xa6fd7620)
09-19 16:12:56.306  1698  1698 W ContextImpl: Calling a method in the system process without a qualified user: android.app.ContextImpl.startService:1358 android.content.ContextWrapper.startService:613 android.content.ContextWrapper.startService:613 com.android.coreservice.CoreBroadcastReceiver.onReceive:69 android.app.ActivityThread.handleReceiver:3073 
09-19 16:12:56.310  6989  7121 D EGL_adreno: eglMakeCurrent: 0xa6fbd3c0: ver 3 1 (tinfo 0xa6fd7620)
09-19 16:12:56.321  6989  7121 D EGL_adreno: eglMakeCurrent: 0xa6fbd3c0: ver 3 1 (tinfo 0xa6fd7620)
09-19 16:12:56.589  1698  1698 W ContextImpl: Calling a method in the system process without a qualified user: android.app.ContextImpl.startService:1358 android.content.ContextWrapper.startService:613 android.content.ContextWrapper.startService:613 com.android.coreservice.CoreBroadcastReceiver.onReceive:69 android.app.ActivityThread.handleReceiver:3073 
09-19 16:12:56.592  6989  7121 D EGL_adreno: eglMakeCurrent: 0xa6fbd3c0: ver 3 1 (tinfo 0xa6fd7620)
09-19 16:12:56.605  6989  7121 D EGL_adreno: eglMakeCurrent: 0xa6fbd3c0: ver 3 1 (tinfo 0xa6fd7620)
09-19 16:12:56.606  1698  1698 W ContextImpl: Calling a method in the system process without a qualified user: android.app.ContextImpl.startService:1358 android.content.ContextWrapper.startService:613 android.content.ContextWrapper.startService:613 com.android.coreservice.CoreBroadcastReceiver.onReceive:69 android.app.ActivityThread.handleReceiver:3073 
09-19 16:12:56.612  6989  7121 D EGL_adreno: eglMakeCurrent: 0xa6fbd3c0: ver 3 1 (tinfo 0xa6fd7620)
09-19 16:12:56.621  6989  7121 D EGL_adreno: eglMakeCurrent: 0xa6fbd3c0: ver 3 1 (tinfo 0xa6fd7620)
09-19 16:12:56.830  1698  1698 W ContextImpl: Calling a method in the system process without a qualified user: android.app.ContextImpl.startService:1358 android.content.ContextWrapper.startService:613 android.content.ContextWrapper.startService:613 com.android.coreservice.CoreBroadcastReceiver.onReceive:69 android.app.ActivityThread.handleReceiver:3073 
09-19 16:12:56.833  1698  1698 W ContextImpl: Calling a method in the system process without a qualified user: android.app.ContextImpl.startService:1358 android.content.ContextWrapper.startService:613 android.content.ContextWrapper.startService:613 com.android.coreservice.CoreBroadcastReceiver.onReceive:69 android.app.ActivityThread.handleReceiver:3073 
09-19 16:12:56.841  6989  7121 D EGL_adreno: eglMakeCurrent: 0xa6fbd3c0: ver 3 1 (tinfo 0xa6fd7620)
09-19 16:12:56.853  6989  7121 D EGL_adreno: eglMakeCurrent: 0xa6fbd3c0: ver 3 1 (tinfo 0xa6fd7620)
09-19 16:12:56.869  6989  6989 D KeyboardUtils: getDecorViewInvisibleHeight: -1920
09-19 16:12:56.870  6989  6989 I System.out: setTheme = 1
09-19 16:12:56.948  6989  6989 D KeyboardUtils: getDecorViewInvisibleHeight: 0
09-19 16:12:56.950  6989  7121 E EGL_adreno: tid 7121: eglSurfaceAttrib(1338): error 0x3009 (EGL_BAD_MATCH)
09-19 16:12:56.950  6989  7121 W OpenGLRenderer: Failed to set EGL_SWAP_BEHAVIOR on surface 0x8d053860, error=EGL_BAD_MATCH
09-19 16:12:56.955  1698  1698 W ContextImpl: Calling a method in the system process without a qualified user: android.app.ContextImpl.startService:1358 android.content.ContextWrapper.startService:613 android.content.ContextWrapper.startService:613 com.android.coreservice.CoreBroadcastReceiver.onReceive:69 android.app.ActivityThread.handleReceiver:3073 
09-19 16:12:56.959  1698  1698 W ContextImpl: Calling a method in the system process without a qualified user: android.app.ContextImpl.startService:1358 android.content.ContextWrapper.startService:613 android.content.ContextWrapper.startService:613 com.android.coreservice.CoreBroadcastReceiver.onReceive:69 android.app.ActivityThread.handleReceiver:3073 
09-19 16:12:56.963  6989  7121 D EGL_adreno: eglMakeCurrent: 0xa6fbd3c0: ver 3 1 (tinfo 0xa6fd7620)
09-19 16:12:56.990  6989  7121 D EGL_adreno: eglMakeCurrent: 0xa6fbd3c0: ver 3 1 (tinfo 0xa6fd7620)
09-19 16:12:56.992  6989  6989 D KeyboardUtils: getDecorViewInvisibleHeight: 0
09-19 16:12:56.997  6989  6989 W IInputConnectionWrapper: finishComposingText on inactive InputConnection
09-19 16:12:56.999  1698  1698 W ContextImpl: Calling a method in the system process without a qualified user: android.app.ContextImpl.startService:1358 android.content.ContextWrapper.startService:613 android.content.ContextWrapper.startService:613 com.android.coreservice.CoreBroadcastReceiver.onReceive:69 android.app.ActivityThread.handleReceiver:3073 
09-19 16:12:56.999  1302  5332 D NotificationService: notify pkg=android pid=1302
09-19 16:12:57.000  1302  1644 D NotificationService: notify pkg=android pid=1302
09-19 16:12:57.006  1698  1698 W ContextImpl: Calling a method in the system process without a qualified user: android.app.ContextImpl.startService:1358 android.content.ContextWrapper.startService:613 android.content.ContextWrapper.startService:613 com.android.coreservice.CoreBroadcastReceiver.onReceive:69 android.app.ActivityThread.handleReceiver:3073 
09-19 16:12:57.030  2010  3719 E EGL_adreno: tid 3719: eglSurfaceAttrib(1338): error 0x3009 (EGL_BAD_MATCH)
09-19 16:12:57.030  2010  3719 W OpenGLRenderer: Failed to set EGL_SWAP_BEHAVIOR on surface 0xb8f746e0, error=EGL_BAD_MATCH
09-19 16:12:57.478  6989  7121 D EGL_adreno: eglMakeCurrent: 0xa6fbd3c0: ver 3 1 (tinfo 0xa6fd7620)
09-19 16:12:57.500  6989  7121 D EGL_adreno: eglMakeCurrent: 0xa6fbd3c0: ver 3 1 (tinfo 0xa6fd7620)
09-19 16:12:57.588  1698  1698 W ContextImpl: Calling a method in the system process without a qualified user: android.app.ContextImpl.startService:1358 android.content.ContextWrapper.startService:613 android.content.ContextWrapper.startService:613 com.android.coreservice.CoreBroadcastReceiver.onReceive:69 android.app.ActivityThread.handleReceiver:3073 
09-19 16:12:57.589  1302  3020 D NotificationService: notify pkg=android pid=1302
09-19 16:12:57.593  1698  1698 W ContextImpl: Calling a method in the system process without a qualified user: android.app.ContextImpl.startService:1358 android.content.ContextWrapper.startService:613 android.content.ContextWrapper.startService:613 com.android.coreservice.CoreBroadcastReceiver.onReceive:69 android.app.ActivityThread.handleReceiver:3073 
09-19 16:12:57.991  6989  7121 D EGL_adreno: eglMakeCurrent: 0xa6fbd3c0: ver 3 1 (tinfo 0xa6fd7620)
09-19 16:12:58.005  6989  7121 D EGL_adreno: eglMakeCurrent: 0xa6fbd3c0: ver 3 1 (tinfo 0xa6fd7620)
09-19 16:12:58.346  1698  1698 W ContextImpl: Calling a method in the system process without a qualified user: android.app.ContextImpl.startService:1358 android.content.ContextWrapper.startService:613 android.content.ContextWrapper.startService:613 com.android.coreservice.CoreBroadcastReceiver.onReceive:69 android.app.ActivityThread.handleReceiver:3073 
09-19 16:12:58.347  1302  3018 D NotificationService: notify pkg=android pid=1302
09-19 16:12:58.352  1698  1698 W ContextImpl: Calling a method in the system process without a qualified user: android.app.ContextImpl.startService:1358 android.content.ContextWrapper.startService:613 android.content.ContextWrapper.startService:613 com.android.coreservice.CoreBroadcastReceiver.onReceive:69 android.app.ActivityThread.handleReceiver:3073 
09-19 16:12:58.491  6989  7121 D EGL_adreno: eglMakeCurrent: 0xa6fbd3c0: ver 3 1 (tinfo 0xa6fd7620)
09-19 16:12:58.505  6989  7121 D EGL_adreno: eglMakeCurrent: 0xa6fbd3c0: ver 3 1 (tinfo 0xa6fd7620)
09-19 16:12:58.654  1698  1698 W ContextImpl: Calling a method in the system process without a qualified user: android.app.ContextImpl.startService:1358 android.content.ContextWrapper.startService:613 android.content.ContextWrapper.startService:613 com.android.coreservice.CoreBroadcastReceiver.onReceive:69 android.app.ActivityThread.handleReceiver:3073 
09-19 16:12:58.660  1698  1698 W ContextImpl: Calling a method in the system process without a qualified user: android.app.ContextImpl.startService:1358 android.content.ContextWrapper.startService:613 android.content.ContextWrapper.startService:613 com.android.coreservice.CoreBroadcastReceiver.onReceive:69 android.app.ActivityThread.handleReceiver:3073 
09-19 16:12:58.662  6989  7121 D EGL_adreno: eglMakeCurrent: 0xa6fbd3c0: ver 3 1 (tinfo 0xa6fd7620)
09-19 16:12:58.662  6989  6989 W IInputConnectionWrapper: finishComposingText on inactive InputConnection
09-19 16:12:58.663  6989  6989 W EventBus: Subscriber to unregister was not registered before: class b.x.a.d0.l
09-19 16:12:58.665  1698  1698 W ContextImpl: Calling a method in the system process without a qualified user: android.app.ContextImpl.startService:1358 android.content.ContextWrapper.startService:613 android.content.ContextWrapper.startService:613 com.android.coreservice.CoreBroadcastReceiver.onReceive:69 android.app.ActivityThread.handleReceiver:3073 
09-19 16:12:58.669  1698  1698 W ContextImpl: Calling a method in the system process without a qualified user: android.app.ContextImpl.startService:1358 android.content.ContextWrapper.startService:613 android.content.ContextWrapper.startService:613 com.android.coreservice.CoreBroadcastReceiver.onReceive:69 android.app.ActivityThread.handleReceiver:3073 
09-19 16:12:58.671  6989  7121 D EGL_adreno: eglMakeCurrent: 0xa6fbd3c0: ver 3 1 (tinfo 0xa6fd7620)
09-19 16:12:58.675  6989  6989 W IInputConnectionWrapper: finishComposingText on inactive InputConnection
09-19 16:12:59.124  6989  7249 E AGORA_SDK: cannot open log file for writing: agorartm.log, err=30
09-19 16:12:59.252  6989  7002 I art     : Starting a blocking GC Explicit
09-19 16:12:59.325  6989  7002 I art     : Explicit concurrent mark sweep GC freed 18051(933KB) AllocSpace objects, 4(244KB) LOS objects, 8% free, 168MB/184MB, paused 1.216ms total 72.053ms
09-19 16:12:59.522  6989  7121 E EGL_adreno: tid 7121: eglSurfaceAttrib(1338): error 0x3009 (EGL_BAD_MATCH)
09-19 16:12:59.522  6989  7121 W OpenGLRenderer: Failed to set EGL_SWAP_BEHAVIOR on surface 0x97cf0e60, error=EGL_BAD_MATCH
09-19 16:12:59.526  1698  1698 W ContextImpl: Calling a method in the system process without a qualified user: android.app.ContextImpl.startService:1358 android.content.ContextWrapper.startService:613 android.content.ContextWrapper.startService:613 com.android.coreservice.CoreBroadcastReceiver.onReceive:69 android.app.ActivityThread.handleReceiver:3073 
09-19 16:12:59.545  6989  7121 D EGL_adreno: eglMakeCurrent: 0xa6fbd3c0: ver 3 1 (tinfo 0xa6fd7620)
09-19 16:12:59.631  1114  1134 D AudioFlinger: mixer(0xc5a80000) throttle end: throttle time(1)
09-19 16:12:59.668  6989  7121 D EGL_adreno: eglMakeCurrent: 0xa6fbd3c0: ver 3 1 (tinfo 0xa6fd7620)
09-19 16:12:59.674  6989  7121 D EGL_adreno: eglMakeCurrent: 0xa6fbd3c0: ver 3 1 (tinfo 0xa6fd7620)
09-19 16:12:59.687  6989  6989 W IInputConnectionWrapper: finishComposingText on inactive InputConnection
09-19 16:12:59.692  6989  7121 D EGL_adreno: eglMakeCurrent: 0xa6fbd3c0: ver 3 1 (tinfo 0xa6fd7620)
09-19 16:12:59.698  6989  7121 D EGL_adreno: eglMakeCurrent: 0xa6fbd3c0: ver 3 1 (tinfo 0xa6fd7620)
09-19 16:12:59.708  6989  7121 D EGL_adreno: eglMakeCurrent: 0xa6fbd3c0: ver 3 1 (tinfo 0xa6fd7620)
09-19 16:12:59.714  6989  7121 D EGL_adreno: eglMakeCurrent: 0xa6fbd3c0: ver 3 1 (tinfo 0xa6fd7620)
09-19 16:12:59.724  6989  7121 D EGL_adreno: eglMakeCurrent: 0xa6fbd3c0: ver 3 1 (tinfo 0xa6fd7620)
09-19 16:12:59.732  6989  7121 D EGL_adreno: eglMakeCurrent: 0xa6fbd3c0: ver 3 1 (tinfo 0xa6fd7620)
09-19 16:12:59.737  6989  7121 D EGL_adreno: eglMakeCurrent: 0xa6fbd3c0: ver 3 1 (tinfo 0xa6fd7620)
09-19 16:12:59.743  6989  7121 D EGL_adreno: eglMakeCurrent: 0xa6fbd3c0: ver 3 1 (tinfo 0xa6fd7620)
09-19 16:12:59.754  6989  7121 D EGL_adreno: eglMakeCurrent: 0xa6fbd3c0: ver 3 1 (tinfo 0xa6fd7620)
09-19 16:12:59.762  6989  7121 D EGL_adreno: eglMakeCurrent: 0xa6fbd3c0: ver 3 1 (tinfo 0xa6fd7620)
09-19 16:12:59.773  6989  7121 D EGL_adreno: eglMakeCurrent: 0xa6fbd3c0: ver 3 1 (tinfo 0xa6fd7620)
09-19 16:12:59.780  6989  7121 D EGL_adreno: eglMakeCurrent: 0xa6fbd3c0: ver 3 1 (tinfo 0xa6fd7620)
09-19 16:12:59.789  6989  7121 D EGL_adreno: eglMakeCurrent: 0xa6fbd3c0: ver 3 1 (tinfo 0xa6fd7620)
09-19 16:13:00.203  1302  1617 I ActivityManager: Setting hasTopUi=true for pid=1394
09-19 16:13:00.204  1394  1394 D PhoneStatusBar: disable: < expand ICONS* alerts SYSTEM_INFO* back home recent clock search quick_settings >
09-19 16:13:00.237  1394  1647 D EGL_adreno: eglMakeCurrent: 0xa7012860: ver 3 1 (tinfo 0xa7014600)
09-19 16:13:00.245  6989  6989 W View    : requestLayout() improperly called by android.widget.TextView{75272fc V.ED..... ......ID 165,372-210,426} during layout: running second layout pass
09-19 16:13:00.245  6989  6989 W View    : requestLayout() improperly called by android.widget.TextView{80bed85 V.ED..... ......ID 180,170-225,224} during layout: running second layout pass
09-19 16:13:00.245  6989  6989 W View    : requestLayout() improperly called by android.widget.TextView{950d7da V.ED..... ......ID 75,170-120,224} during layout: running second layout pass
09-19 16:13:00.245  6989  6989 W View    : requestLayout() improperly called by android.widget.TextView{5cc840b V.ED..... ......ID 75,170-120,224} during layout: running second layout pass
09-19 16:13:00.245  6989  6989 W View    : requestLayout() improperly called by android.widget.TextView{3d1c2e8 V.ED..... ......ID 75,170-120,224} during layout: running second layout pass
09-19 16:13:00.245  6989  6989 W View    : requestLayout() improperly called by android.widget.TextView{122dd01 V.ED..... ......ID 75,170-120,224} during layout: running second layout pass
09-19 16:13:00.272  6989  7121 D EGL_adreno: eglMakeCurrent: 0xa6fbd3c0: ver 3 1 (tinfo 0xa6fd7620)
09-19 16:13:00.282  1394  1647 E EGL_adreno: tid 1647: eglSurfaceAttrib(1338): error 0x3009 (EGL_BAD_MATCH)
09-19 16:13:00.282  1394  1647 W OpenGLRenderer: Failed to set EGL_SWAP_BEHAVIOR on surface 0xa3e8ca40, error=EGL_BAD_MATCH
09-19 16:13:00.286  1394  1647 D EGL_adreno: eglMakeCurrent: 0xa7012860: ver 3 1 (tinfo 0xa7014600)
09-19 16:13:00.310  6989  7121 D EGL_adreno: eglMakeCurrent: 0xa6fbd3c0: ver 3 1 (tinfo 0xa6fd7620)
09-19 16:13:00.333  1302  5330 W VibratorService: Tried to stop vibrating but there is no vibrator device.
09-19 16:13:00.394  6989  7121 D EGL_adreno: eglMakeCurrent: 0xa6fbd3c0: ver 3 1 (tinfo 0xa6fd7620)
09-19 16:13:00.419  6989  7121 D EGL_adreno: eglMakeCurrent: 0xa6fbd3c0: ver 3 1 (tinfo 0xa6fd7620)
09-19 16:13:00.430  6989  7121 D EGL_adreno: eglMakeCurrent: 0xa6fbd3c0: ver 3 1 (tinfo 0xa6fd7620)
09-19 16:13:00.442  6989  7121 D EGL_adreno: eglMakeCurrent: 0xa6fbd3c0: ver 3 1 (tinfo 0xa6fd7620)
09-19 16:13:00.458  6989  7121 D EGL_adreno: eglMakeCurrent: 0xa6fbd3c0: ver 3 1 (tinfo 0xa6fd7620)
09-19 16:13:00.469  6989  7121 D EGL_adreno: eglMakeCurrent: 0xa6fbd3c0: ver 3 1 (tinfo 0xa6fd7620)
09-19 16:13:00.629  1302  5329 I ActivityManager: Setting hasTopUi=false for pid=1394
09-19 16:13:00.630  1394  1394 D PhoneStatusBar: disable: < expand icons* alerts system_info* back home recent clock search quick_settings >
09-19 16:13:00.637  1302  5333 W InputMethodManagerService: Window already focused, ignoring focus gain of: com.android.internal.view.IInputMethodClient$Stub$Proxy@189a395 attribute=null, token = android.os.BinderProxy@28495dd
09-19 16:13:00.691  1394  1647 D EGL_adreno: eglMakeCurrent: 0xa7012860: ver 3 1 (tinfo 0xa7014600)
09-19 16:13:00.754  1394  1647 E EGL_adreno: tid 1647: eglSurfaceAttrib(1338): error 0x3009 (EGL_BAD_MATCH)
09-19 16:13:00.754  1394  1647 W OpenGLRenderer: Failed to set EGL_SWAP_BEHAVIOR on surface 0xa703dd00, error=EGL_BAD_MATCH
09-19 16:13:00.759  1394  1647 D EGL_adreno: eglMakeCurrent: 0xa7012860: ver 3 1 (tinfo 0xa7014600)
09-19 16:13:00.798  1698  1698 W ContextImpl: Calling a method in the system process without a qualified user: android.app.ContextImpl.startService:1358 android.content.ContextWrapper.startService:613 android.content.ContextWrapper.startService:613 com.android.coreservice.CoreBroadcastReceiver.onReceive:69 android.app.ActivityThread.handleReceiver:3073 
09-19 16:13:00.803  1698  1698 W ContextImpl: Calling a method in the system process without a qualified user: android.app.ContextImpl.startService:1358 android.content.ContextWrapper.startService:613 android.content.ContextWrapper.startService:613 com.android.coreservice.CoreBroadcastReceiver.onReceive:69 android.app.ActivityThread.handleReceiver:3073 
09-19 16:13:00.833  6989  7121 E EGL_adreno: tid 7121: eglSurfaceAttrib(1338): error 0x3009 (EGL_BAD_MATCH)
09-19 16:13:00.833  6989  7121 W OpenGLRenderer: Failed to set EGL_SWAP_BEHAVIOR on surface 0x96e3d180, error=EGL_BAD_MATCH
09-19 16:13:00.836  6989  6989 W EventBus: Subscriber to unregister was not registered before: class b.x.a.m0.n3.a
09-19 16:13:00.844  6989  7121 D EGL_adreno: eglMakeCurrent: 0xa6fbd3c0: ver 3 1 (tinfo 0xa6fd7620)
09-19 16:13:00.852  6989  6989 W IInputConnectionWrapper: getCursorCapsMode on inactive InputConnection
09-19 16:13:00.854  6989  7121 D EGL_adreno: eglMakeCurrent: 0xa6fbd3c0: ver 3 1 (tinfo 0xa6fd7620)
09-19 16:13:00.857  1698  1698 W ContextImpl: Calling a method in the system process without a qualified user: android.app.ContextImpl.startService:1358 android.content.ContextWrapper.startService:613 android.content.ContextWrapper.startService:613 com.android.coreservice.CoreBroadcastReceiver.onReceive:69 android.app.ActivityThread.handleReceiver:3073 
09-19 16:13:00.873  6989  6989 W IInputConnectionWrapper: finishComposingText on inactive InputConnection
09-19 16:13:00.921  6989  6989 W InputEventReceiver: Attempted to finish an input event but the input event receiver has already been disposed.
09-19 16:13:00.921  6989  6989 W ViewRootImpl[PartyChatActivity]: Dropping event due to root view being removed: MotionEvent { action=ACTION_UP, actionButton=0, id[0]=0, x[0]=100.043396, y[0]=-677.53674, toolType[0]=TOOL_TYPE_UNKNOWN, buttonState=0, metaState=0, flags=0x0, edgeFlags=0x0, pointerCount=1, historySize=0, eventTime=17227611, downTime=17227609, deviceId=0, source=0x1002 }
09-19 16:13:00.921  6989  6989 W InputEventReceiver: Attempted to finish an input event but the input event receiver has already been disposed.
09-19 16:13:00.927  1698  1698 W ContextImpl: Calling a method in the system process without a qualified user: android.app.ContextImpl.startService:1358 android.content.ContextWrapper.startService:613 android.content.ContextWrapper.startService:613 com.android.coreservice.CoreBroadcastReceiver.onReceive:69 android.app.ActivityThread.handleReceiver:3073 
09-19 16:13:00.929  1698  1698 W ContextImpl: Calling a method in the system process without a qualified user: android.app.ContextImpl.startService:1358 android.content.ContextWrapper.startService:613 android.content.ContextWrapper.startService:613 com.android.coreservice.CoreBroadcastReceiver.onReceive:69 android.app.ActivityThread.handleReceiver:3073 
09-19 16:13:01.124  6989  7249 E AGORA_SDK: cannot open log file for writing: agorartm.log, err=30
09-19 16:13:01.125  6989  7249 E AGORA_SDK: cannot open log file for writing: agorartm.log, err=30
09-19 16:13:01.196  6989  7121 E EGL_adreno: tid 7121: eglSurfaceAttrib(1338): error 0x3009 (EGL_BAD_MATCH)
09-19 16:13:01.196  6989  7121 W OpenGLRenderer: Failed to set EGL_SWAP_BEHAVIOR on surface 0xa5fdb500, error=EGL_BAD_MATCH
09-19 16:13:01.199  1698  1698 W ContextImpl: Calling a method in the system process without a qualified user: android.app.ContextImpl.startService:1358 android.content.ContextWrapper.startService:613 android.content.ContextWrapper.startService:613 com.android.coreservice.CoreBroadcastReceiver.onReceive:69 android.app.ActivityThread.handleReceiver:3073 
09-19 16:13:01.206  6989  7121 D EGL_adreno: eglMakeCurrent: 0xa6fbd3c0: ver 3 1 (tinfo 0xa6fd7620)
09-19 16:13:01.235  6989  6989 W IInputConnectionWrapper: finishComposingText on inactive InputConnection
09-19 16:13:01.238  6989  7121 D EGL_adreno: eglMakeCurrent: 0xa6fbd3c0: ver 3 1 (tinfo 0xa6fd7620)
09-19 16:13:01.385  1302  1347 I ActivityManager: START u0 {act=android.intent.action.MAIN cat=[android.intent.category.HOME] flg=0x10200000 cmp=com.android.launcher3/.Launcher (has extras)} from uid 1000 on display 0
09-19 16:13:01.475  6989  7121 D EGL_adreno: eglMakeCurrent: 0xa6fbd3c0: ver 3 1 (tinfo 0xa6fd7620)
09-19 16:13:01.487  6989  7121 D EGL_adreno: eglMakeCurrent: 0xa6fbd3c0: ver 3 1 (tinfo 0xa6fd7620)
09-19 16:13:02.494  1114  1134 D AudioFlinger: mixer(0xc5a80000) throttle end: throttle time(20)
09-19 16:13:03.465  6989  7002 I art     : Starting a blocking GC Explicit
09-19 16:13:03.551  6989  7002 I art     : Clamp target GC heap from 196MB to 192MB
09-19 16:13:03.551  6989  7002 I art     : Explicit concurrent mark sweep GC freed 29408(1702KB) AllocSpace objects, 11(292KB) LOS objects, 5% free, 180MB/192MB, paused 1.114ms total 85.448ms
09-19 16:13:04.403  6989  6989 W InputEventReceiver: Attempted to finish an input event but the input event receiver has already been disposed.
09-19 16:13:04.403  6989  6989 W ViewRootImpl[PartyChatActivity]: Dropping event due to root view being removed: MotionEvent { action=ACTION_UP, actionButton=0, id[0]=0, x[0]=-120.0, y[0]=391.94354, toolType[0]=TOOL_TYPE_UNKNOWN, buttonState=0, metaState=0, flags=0x0, edgeFlags=0x0, pointerCount=1, historySize=0, eventTime=17231083, downTime=17231082, deviceId=0, source=0x1002 }
09-19 16:13:04.403  6989  6989 W InputEventReceiver: Attempted to finish an input event but the input event receiver has already been disposed.
09-19 16:13:04.403  6989  6989 W ViewRootImpl[PartyChatActivity]: Dropping event due to root view being removed: MotionEvent { action=ACTION_MOVE, actionButton=0, id[0]=0, x[0]=3.0, y[0]=-1.0, toolType[0]=TOOL_TYPE_UNKNOWN, buttonState=0, metaState=0, flags=0x0, edgeFlags=0x0, pointerCount=1, historySize=14, eventTime=17231080, downTime=-1, deviceId=0, source=0x10004 }
09-19 16:13:04.403  6989  6989 W InputEventReceiver: Attempted to finish an input event but the input event receiver has already been disposed.
09-19 16:13:04.410  1698  1698 W ContextImpl: Calling a method in the system process without a qualified user: android.app.ContextImpl.startService:1358 android.content.ContextWrapper.startService:613 android.content.ContextWrapper.startService:613 com.android.coreservice.CoreBroadcastReceiver.onReceive:69 android.app.ActivityThread.handleReceiver:3073 
09-19 16:13:04.412  1698  1698 W ContextImpl: Calling a method in the system process without a qualified user: android.app.ContextImpl.startService:1358 android.content.ContextWrapper.startService:613 android.content.ContextWrapper.startService:613 com.android.coreservice.CoreBroadcastReceiver.onReceive:69 android.app.ActivityThread.handleReceiver:3073 
09-19 16:13:04.489  1698  1698 W ContextImpl: Calling a method in the system process without a qualified user: android.app.ContextImpl.startService:1358 android.content.ContextWrapper.startService:613 android.content.ContextWrapper.startService:613 com.android.coreservice.CoreBroadcastReceiver.onReceive:69 android.app.ActivityThread.handleReceiver:3073 
09-19 16:13:04.492  6989  7121 D EGL_adreno: eglMakeCurrent: 0xa6fbd3c0: ver 3 1 (tinfo 0xa6fd7620)
09-19 16:13:04.503  6989  7121 D EGL_adreno: eglMakeCurrent: 0xa6fbd3c0: ver 3 1 (tinfo 0xa6fd7620)
09-19 16:13:04.504  6989  6989 W IInputConnectionWrapper: finishComposingText on inactive InputConnection
09-19 16:13:04.915  1698  1698 W ContextImpl: Calling a method in the system process without a qualified user: android.app.ContextImpl.startService:1358 android.content.ContextWrapper.startService:613 android.content.ContextWrapper.startService:613 com.android.coreservice.CoreBroadcastReceiver.onReceive:69 android.app.ActivityThread.handleReceiver:3073 
09-19 16:13:04.919  1698  1698 W ContextImpl: Calling a method in the system process without a qualified user: android.app.ContextImpl.startService:1358 android.content.ContextWrapper.startService:613 android.content.ContextWrapper.startService:613 com.android.coreservice.CoreBroadcastReceiver.onReceive:69 android.app.ActivityThread.handleReceiver:3073 
09-19 16:13:04.924  6989  7121 D EGL_adreno: eglMakeCurrent: 0xa6fbd3c0: ver 3 1 (tinfo 0xa6fd7620)
09-19 16:13:04.935  6989  7121 D EGL_adreno: eglMakeCurrent: 0xa6fbd3c0: ver 3 1 (tinfo 0xa6fd7620)
09-19 16:13:04.961  6989  7121 D EGL_adreno: eglMakeCurrent: 0xa6fbd3c0: ver 3 1 (tinfo 0xa6fd7620)
09-19 16:13:04.970  6989  7121 D EGL_adreno: eglMakeCurrent: 0xa6fbd3c0: ver 3 1 (tinfo 0xa6fd7620)
09-19 16:13:04.976  6989  7121 D EGL_adreno: eglMakeCurrent: 0xa6fbd3c0: ver 3 1 (tinfo 0xa6fd7620)
09-19 16:13:04.986  6989  7121 D EGL_adreno: eglMakeCurrent: 0xa6fbd3c0: ver 3 1 (tinfo 0xa6fd7620)
09-19 16:13:04.993  6989  7121 D EGL_adreno: eglMakeCurrent: 0xa6fbd3c0: ver 3 1 (tinfo 0xa6fd7620)
09-19 16:13:05.003  6989  7121 D EGL_adreno: eglMakeCurrent: 0xa6fbd3c0: ver 3 1 (tinfo 0xa6fd7620)
09-19 16:13:05.009  6989  7121 D EGL_adreno: eglMakeCurrent: 0xa6fbd3c0: ver 3 1 (tinfo 0xa6fd7620)
09-19 16:13:05.021  6989  7121 D EGL_adreno: eglMakeCurrent: 0xa6fbd3c0: ver 3 1 (tinfo 0xa6fd7620)
09-19 16:13:05.022  1698  1698 W ContextImpl: Calling a method in the system process without a qualified user: android.app.ContextImpl.startService:1358 android.content.ContextWrapper.startService:613 android.content.ContextWrapper.startService:613 com.android.coreservice.CoreBroadcastReceiver.onReceive:69 android.app.ActivityThread.handleReceiver:3073 
09-19 16:13:05.028  6989  7121 D EGL_adreno: eglMakeCurrent: 0xa6fbd3c0: ver 3 1 (tinfo 0xa6fd7620)
09-19 16:13:05.038  6989  7121 D EGL_adreno: eglMakeCurrent: 0xa6fbd3c0: ver 3 1 (tinfo 0xa6fd7620)
09-19 16:13:05.039  1698  1698 W ContextImpl: Calling a method in the system process without a qualified user: android.app.ContextImpl.startService:1358 android.content.ContextWrapper.startService:613 android.content.ContextWrapper.startService:613 com.android.coreservice.CoreBroadcastReceiver.onReceive:69 android.app.ActivityThread.handleReceiver:3073 
09-19 16:13:05.041  1698  1698 W ContextImpl: Calling a method in the system process without a qualified user: android.app.ContextImpl.startService:1358 android.content.ContextWrapper.startService:613 android.content.ContextWrapper.startService:613 com.android.coreservice.CoreBroadcastReceiver.onReceive:69 android.app.ActivityThread.handleReceiver:3073 
09-19 16:13:05.045  6989  7121 D EGL_adreno: eglMakeCurrent: 0xa6fbd3c0: ver 3 1 (tinfo 0xa6fd7620)
09-19 16:13:05.045  6989  6989 W IInputConnectionWrapper: finishComposingText on inactive InputConnection
09-19 16:13:05.054  6989  7121 D EGL_adreno: eglMakeCurrent: 0xa6fbd3c0: ver 3 1 (tinfo 0xa6fd7620)
09-19 16:13:05.059  6989  7121 D EGL_adreno: eglMakeCurrent: 0xa6fbd3c0: ver 3 1 (tinfo 0xa6fd7620)
09-19 16:13:05.074  1698  1698 W ContextImpl: Calling a method in the system process without a qualified user: android.app.ContextImpl.startService:1358 android.content.ContextWrapper.startService:613 android.content.ContextWrapper.startService:613 com.android.coreservice.CoreBroadcastReceiver.onReceive:69 android.app.ActivityThread.handleReceiver:3073 
09-19 16:13:05.074  6989  7121 D EGL_adreno: eglMakeCurrent: 0xa6fbd3c0: ver 3 1 (tinfo 0xa6fd7620)
09-19 16:13:05.079  6989  7121 D EGL_adreno: eglMakeCurrent: 0xa6fbd3c0: ver 3 1 (tinfo 0xa6fd7620)
09-19 16:13:05.087  6989  7121 D EGL_adreno: eglMakeCurrent: 0xa6fbd3c0: ver 3 1 (tinfo 0xa6fd7620)
09-19 16:13:05.094  6989  7121 D EGL_adreno: eglMakeCurrent: 0xa6fbd3c0: ver 3 1 (tinfo 0xa6fd7620)
09-19 16:13:05.094  6989  6989 W IInputConnectionWrapper: finishComposingText on inactive InputConnection
09-19 16:13:05.103  6989  7121 D EGL_adreno: eglMakeCurrent: 0xa6fbd3c0: ver 3 1 (tinfo 0xa6fd7620)
09-19 16:13:05.108  6989  7121 D EGL_adreno: eglMakeCurrent: 0xa6fbd3c0: ver 3 1 (tinfo 0xa6fd7620)
09-19 16:13:05.121  6989  7121 D EGL_adreno: eglMakeCurrent: 0xa6fbd3c0: ver 3 1 (tinfo 0xa6fd7620)
09-19 16:13:05.126  6989  7121 D EGL_adreno: eglMakeCurrent: 0xa6fbd3c0: ver 3 1 (tinfo 0xa6fd7620)
09-19 16:13:05.139  6989  7121 D EGL_adreno: eglMakeCurrent: 0xa6fbd3c0: ver 3 1 (tinfo 0xa6fd7620)
09-19 16:13:05.145  6989  7121 D EGL_adreno: eglMakeCurrent: 0xa6fbd3c0: ver 3 1 (tinfo 0xa6fd7620)
09-19 16:13:05.153  6989  7121 D EGL_adreno: eglMakeCurrent: 0xa6fbd3c0: ver 3 1 (tinfo 0xa6fd7620)
09-19 16:13:05.158  6989  7121 D EGL_adreno: eglMakeCurrent: 0xa6fbd3c0: ver 3 1 (tinfo 0xa6fd7620)
09-19 16:13:05.171  6989  7121 D EGL_adreno: eglMakeCurrent: 0xa6fbd3c0: ver 3 1 (tinfo 0xa6fd7620)
09-19 16:13:05.176  6989  7121 D EGL_adreno: eglMakeCurrent: 0xa6fbd3c0: ver 3 1 (tinfo 0xa6fd7620)
09-19 16:13:05.186  6989  7121 D EGL_adreno: eglMakeCurrent: 0xa6fbd3c0: ver 3 1 (tinfo 0xa6fd7620)
09-19 16:13:05.192  6989  7121 D EGL_adreno: eglMakeCurrent: 0xa6fbd3c0: ver 3 1 (tinfo 0xa6fd7620)
09-19 16:13:05.203  6989  7121 D EGL_adreno: eglMakeCurrent: 0xa6fbd3c0: ver 3 1 (tinfo 0xa6fd7620)
09-19 16:13:05.209  6989  7121 D EGL_adreno: eglMakeCurrent: 0xa6fbd3c0: ver 3 1 (tinfo 0xa6fd7620)
09-19 16:13:05.220  6989  7121 D EGL_adreno: eglMakeCurrent: 0xa6fbd3c0: ver 3 1 (tinfo 0xa6fd7620)
09-19 16:13:05.226  6989  7121 D EGL_adreno: eglMakeCurrent: 0xa6fbd3c0: ver 3 1 (tinfo 0xa6fd7620)
09-19 16:13:05.236  6989  7121 D EGL_adreno: eglMakeCurrent: 0xa6fbd3c0: ver 3 1 (tinfo 0xa6fd7620)
09-19 16:13:05.244  6989  7121 D EGL_adreno: eglMakeCurrent: 0xa6fbd3c0: ver 3 1 (tinfo 0xa6fd7620)
09-19 16:13:05.254  6989  7121 D EGL_adreno: eglMakeCurrent: 0xa6fbd3c0: ver 3 1 (tinfo 0xa6fd7620)
09-19 16:13:05.259  6989  7121 D EGL_adreno: eglMakeCurrent: 0xa6fbd3c0: ver 3 1 (tinfo 0xa6fd7620)
09-19 16:13:05.271  6989  7121 D EGL_adreno: eglMakeCurrent: 0xa6fbd3c0: ver 3 1 (tinfo 0xa6fd7620)
09-19 16:13:05.277  6989  7121 D EGL_adreno: eglMakeCurrent: 0xa6fbd3c0: ver 3 1 (tinfo 0xa6fd7620)
09-19 16:13:05.287  6989  7121 D EGL_adreno: eglMakeCurrent: 0xa6fbd3c0: ver 3 1 (tinfo 0xa6fd7620)
09-19 16:13:05.294  6989  7121 D EGL_adreno: eglMakeCurrent: 0xa6fbd3c0: ver 3 1 (tinfo 0xa6fd7620)
09-19 16:13:05.305  6989  7121 D EGL_adreno: eglMakeCurrent: 0xa6fbd3c0: ver 3 1 (tinfo 0xa6fd7620)
09-19 16:13:05.311  6989  7121 D EGL_adreno: eglMakeCurrent: 0xa6fbd3c0: ver 3 1 (tinfo 0xa6fd7620)
09-19 16:13:05.321  6989  7121 D EGL_adreno: eglMakeCurrent: 0xa6fbd3c0: ver 3 1 (tinfo 0xa6fd7620)
09-19 16:13:05.328  6989  7121 D EGL_adreno: eglMakeCurrent: 0xa6fbd3c0: ver 3 1 (tinfo 0xa6fd7620)
09-19 16:13:05.338  6989  7121 D EGL_adreno: eglMakeCurrent: 0xa6fbd3c0: ver 3 1 (tinfo 0xa6fd7620)
09-19 16:13:05.345  6989  7121 D EGL_adreno: eglMakeCurrent: 0xa6fbd3c0: ver 3 1 (tinfo 0xa6fd7620)
09-19 16:13:05.353  6989  7121 D EGL_adreno: eglMakeCurrent: 0xa6fbd3c0: ver 3 1 (tinfo 0xa6fd7620)
09-19 16:13:05.359  6989  7121 D EGL_adreno: eglMakeCurrent: 0xa6fbd3c0: ver 3 1 (tinfo 0xa6fd7620)
09-19 16:13:05.371  6989  7121 D EGL_adreno: eglMakeCurrent: 0xa6fbd3c0: ver 3 1 (tinfo 0xa6fd7620)
09-19 16:13:05.377  6989  7121 D EGL_adreno: eglMakeCurrent: 0xa6fbd3c0: ver 3 1 (tinfo 0xa6fd7620)
09-19 16:13:05.387  6989  7121 D EGL_adreno: eglMakeCurrent: 0xa6fbd3c0: ver 3 1 (tinfo 0xa6fd7620)
09-19 16:13:05.393  6989  7121 D EGL_adreno: eglMakeCurrent: 0xa6fbd3c0: ver 3 1 (tinfo 0xa6fd7620)
09-19 16:13:05.405  6989  7121 D EGL_adreno: eglMakeCurrent: 0xa6fbd3c0: ver 3 1 (tinfo 0xa6fd7620)
09-19 16:13:05.410  6989  7121 D EGL_adreno: eglMakeCurrent: 0xa6fbd3c0: ver 3 1 (tinfo 0xa6fd7620)
09-19 16:13:05.422  6989  7121 D EGL_adreno: eglMakeCurrent: 0xa6fbd3c0: ver 3 1 (tinfo 0xa6fd7620)
09-19 16:13:05.426  6989  7121 D EGL_adreno: eglMakeCurrent: 0xa6fbd3c0: ver 3 1 (tinfo 0xa6fd7620)
09-19 16:13:05.440  6989  7121 D EGL_adreno: eglMakeCurrent: 0xa6fbd3c0: ver 3 1 (tinfo 0xa6fd7620)
09-19 16:13:05.445  6989  7121 D EGL_adreno: eglMakeCurrent: 0xa6fbd3c0: ver 3 1 (tinfo 0xa6fd7620)
09-19 16:13:05.454  6989  7121 D EGL_adreno: eglMakeCurrent: 0xa6fbd3c0: ver 3 1 (tinfo 0xa6fd7620)
09-19 16:13:05.461  6989  7121 D EGL_adreno: eglMakeCurrent: 0xa6fbd3c0: ver 3 1 (tinfo 0xa6fd7620)
09-19 16:13:05.471  1698  1698 W ContextImpl: Calling a method in the system process without a qualified user: android.app.ContextImpl.startService:1358 android.content.ContextWrapper.startService:613 android.content.ContextWrapper.startService:613 com.android.coreservice.CoreBroadcastReceiver.onReceive:69 android.app.ActivityThread.handleReceiver:3073 
09-19 16:13:05.471  6989  7121 D EGL_adreno: eglMakeCurrent: 0xa6fbd3c0: ver 3 1 (tinfo 0xa6fd7620)
09-19 16:13:05.476  6989  7121 D EGL_adreno: eglMakeCurrent: 0xa6fbd3c0: ver 3 1 (tinfo 0xa6fd7620)
09-19 16:13:05.487  1698  1698 W ContextImpl: Calling a method in the system process without a qualified user: android.app.ContextImpl.startService:1358 android.content.ContextWrapper.startService:613 android.content.ContextWrapper.startService:613 com.android.coreservice.CoreBroadcastReceiver.onReceive:69 android.app.ActivityThread.handleReceiver:3073 
09-19 16:13:05.487  6989  7121 D EGL_adreno: eglMakeCurrent: 0xa6fbd3c0: ver 3 1 (tinfo 0xa6fd7620)
09-19 16:13:05.494  6989  7121 D EGL_adreno: eglMakeCurrent: 0xa6fbd3c0: ver 3 1 (tinfo 0xa6fd7620)
09-19 16:13:05.503  6989  7121 D EGL_adreno: eglMakeCurrent: 0xa6fbd3c0: ver 3 1 (tinfo 0xa6fd7620)
09-19 16:13:05.508  6989  7121 D EGL_adreno: eglMakeCurrent: 0xa6fbd3c0: ver 3 1 (tinfo 0xa6fd7620)
09-19 16:13:05.520  6989  7121 D EGL_adreno: eglMakeCurrent: 0xa6fbd3c0: ver 3 1 (tinfo 0xa6fd7620)
09-19 16:13:05.525  6989  7121 D EGL_adreno: eglMakeCurrent: 0xa6fbd3c0: ver 3 1 (tinfo 0xa6fd7620)
09-19 16:13:05.538  6989  7121 D EGL_adreno: eglMakeCurrent: 0xa6fbd3c0: ver 3 1 (tinfo 0xa6fd7620)
09-19 16:13:05.538  1698  1698 W ContextImpl: Calling a method in the system process without a qualified user: android.app.ContextImpl.startService:1358 android.content.ContextWrapper.startService:613 android.content.ContextWrapper.startService:613 com.android.coreservice.CoreBroadcastReceiver.onReceive:69 android.app.ActivityThread.handleReceiver:3073 
09-19 16:13:05.543  6989  7121 D EGL_adreno: eglMakeCurrent: 0xa6fbd3c0: ver 3 1 (tinfo 0xa6fd7620)
09-19 16:13:05.555  6989  7121 D EGL_adreno: eglMakeCurrent: 0xa6fbd3c0: ver 3 1 (tinfo 0xa6fd7620)
09-19 16:13:05.559  6989  7121 D EGL_adreno: eglMakeCurrent: 0xa6fbd3c0: ver 3 1 (tinfo 0xa6fd7620)
09-19 16:13:05.569  6989  7121 D EGL_adreno: eglMakeCurrent: 0xa6fbd3c0: ver 3 1 (tinfo 0xa6fd7620)
09-19 16:13:05.576  6989  7121 D EGL_adreno: eglMakeCurrent: 0xa6fbd3c0: ver 3 1 (tinfo 0xa6fd7620)
09-19 16:13:05.587  6989  7121 D EGL_adreno: eglMakeCurrent: 0xa6fbd3c0: ver 3 1 (tinfo 0xa6fd7620)
09-19 16:13:05.592  6989  7121 D EGL_adreno: eglMakeCurrent: 0xa6fbd3c0: ver 3 1 (tinfo 0xa6fd7620)
09-19 16:13:05.603  6989  7121 D EGL_adreno: eglMakeCurrent: 0xa6fbd3c0: ver 3 1 (tinfo 0xa6fd7620)
09-19 16:13:05.608  6989  7121 D EGL_adreno: eglMakeCurrent: 0xa6fbd3c0: ver 3 1 (tinfo 0xa6fd7620)
09-19 16:13:05.620  6989  7121 D EGL_adreno: eglMakeCurrent: 0xa6fbd3c0: ver 3 1 (tinfo 0xa6fd7620)
09-19 16:13:06.022  1698  1698 W ContextImpl: Calling a method in the system process without a qualified user: android.app.ContextImpl.startService:1358 android.content.ContextWrapper.startService:613 android.content.ContextWrapper.startService:613 com.android.coreservice.CoreBroadcastReceiver.onReceive:69 android.app.ActivityThread.handleReceiver:3073 
09-19 16:13:06.024  1698  1698 W ContextImpl: Calling a method in the system process without a qualified user: android.app.ContextImpl.startService:1358 android.content.ContextWrapper.startService:613 android.content.ContextWrapper.startService:613 com.android.coreservice.CoreBroadcastReceiver.onReceive:69 android.app.ActivityThread.handleReceiver:3073 
09-19 16:13:06.025  6989  7121 D EGL_adreno: eglMakeCurrent: 0xa6fbd3c0: ver 3 1 (tinfo 0xa6fd7620)
09-19 16:13:06.033  1302  1347 I ActivityManager: START u0 {act=android.intent.action.MAIN cat=[android.intent.category.LAUNCHER] flg=0x10000000 sel=act=android.intent.action.MAIN cat=[android.intent.category.APP_CALENDAR]}} from uid 1000 on display 0
09-19 16:13:06.038  6989  7121 D EGL_adreno: eglMakeCurrent: 0xa6fbd3c0: ver 3 1 (tinfo 0xa6fd7620)
09-19 16:13:06.059  1698  1698 W ContextImpl: Calling a method in the system process without a qualified user: android.app.ContextImpl.startService:1358 android.content.ContextWrapper.startService:613 android.content.ContextWrapper.startService:613 com.android.coreservice.CoreBroadcastReceiver.onReceive:69 android.app.ActivityThread.handleReceiver:3073 
09-19 16:13:06.061  6989  7121 D EGL_adreno: eglMakeCurrent: 0xa6fbd3c0: ver 3 1 (tinfo 0xa6fd7620)
09-19 16:13:06.069  6989  7121 D EGL_adreno: eglMakeCurrent: 0xa6fbd3c0: ver 3 1 (tinfo 0xa6fd7620)
09-19 16:13:06.070  6989  6989 W IInputConnectionWrapper: finishComposingText on inactive InputConnection
09-19 16:13:06.148  6989  7249 E AGORA_SDK: cannot open log file for writing: agorartm.log, err=30
09-19 16:13:06.574  6989  7121 D EGL_adreno: eglMakeCurrent: 0xa6fbd3c0: ver 3 1 (tinfo 0xa6fd7620)
09-19 16:13:06.589  6989  7121 D EGL_adreno: eglMakeCurrent: 0xa6fbd3c0: ver 3 1 (tinfo 0xa6fd7620)
09-19 16:13:06.594  6989  7121 D EGL_adreno: eglMakeCurrent: 0xa6fbd3c0: ver 3 1 (tinfo 0xa6fd7620)
09-19 16:13:06.604  6989  7121 D EGL_adreno: eglMakeCurrent: 0xa6fbd3c0: ver 3 1 (tinfo 0xa6fd7620)
09-19 16:13:06.610  6989  7121 D EGL_adreno: eglMakeCurrent: 0xa6fbd3c0: ver 3 1 (tinfo 0xa6fd7620)
09-19 16:13:06.620  6989  7121 D EGL_adreno: eglMakeCurrent: 0xa6fbd3c0: ver 3 1 (tinfo 0xa6fd7620)
09-19 16:13:06.625  6989  7121 D EGL_adreno: eglMakeCurrent: 0xa6fbd3c0: ver 3 1 (tinfo 0xa6fd7620)
09-19 16:13:06.636  6989  7121 D EGL_adreno: eglMakeCurrent: 0xa6fbd3c0: ver 3 1 (tinfo 0xa6fd7620)
09-19 16:13:06.644  6989  7121 D EGL_adreno: eglMakeCurrent: 0xa6fbd3c0: ver 3 1 (tinfo 0xa6fd7620)
09-19 16:13:06.652  6989  7121 D EGL_adreno: eglMakeCurrent: 0xa6fbd3c0: ver 3 1 (tinfo 0xa6fd7620)
09-19 16:13:06.657  6989  7121 D EGL_adreno: eglMakeCurrent: 0xa6fbd3c0: ver 3 1 (tinfo 0xa6fd7620)
09-19 16:13:06.670  6989  7121 D EGL_adreno: eglMakeCurrent: 0xa6fbd3c0: ver 3 1 (tinfo 0xa6fd7620)
09-19 16:13:06.676  6989  7121 D EGL_adreno: eglMakeCurrent: 0xa6fbd3c0: ver 3 1 (tinfo 0xa6fd7620)
09-19 16:13:06.689  6989  7121 D EGL_adreno: eglMakeCurrent: 0xa6fbd3c0: ver 3 1 (tinfo 0xa6fd7620)
09-19 16:13:06.694  6989  7121 D EGL_adreno: eglMakeCurrent: 0xa6fbd3c0: ver 3 1 (tinfo 0xa6fd7620)
09-19 16:13:06.703  6989  7121 D EGL_adreno: eglMakeCurrent: 0xa6fbd3c0: ver 3 1 (tinfo 0xa6fd7620)
09-19 16:13:06.709  6989  7121 D EGL_adreno: eglMakeCurrent: 0xa6fbd3c0: ver 3 1 (tinfo 0xa6fd7620)
09-19 16:13:06.720  6989  7121 D EGL_adreno: eglMakeCurrent: 0xa6fbd3c0: ver 3 1 (tinfo 0xa6fd7620)
09-19 16:13:06.726  6989  7121 D EGL_adreno: eglMakeCurrent: 0xa6fbd3c0: ver 3 1 (tinfo 0xa6fd7620)
09-19 16:13:06.738  6989  7121 D EGL_adreno: eglMakeCurrent: 0xa6fbd3c0: ver 3 1 (tinfo 0xa6fd7620)
09-19 16:13:06.743  6989  7121 D EGL_adreno: eglMakeCurrent: 0xa6fbd3c0: ver 3 1 (tinfo 0xa6fd7620)
09-19 16:13:06.753  6989  7121 D EGL_adreno: eglMakeCurrent: 0xa6fbd3c0: ver 3 1 (tinfo 0xa6fd7620)
09-19 16:13:06.758  6989  7121 D EGL_adreno: eglMakeCurrent: 0xa6fbd3c0: ver 3 1 (tinfo 0xa6fd7620)
09-19 16:13:06.770  6989  7121 D EGL_adreno: eglMakeCurrent: 0xa6fbd3c0: ver 3 1 (tinfo 0xa6fd7620)
09-19 16:13:06.775  6989  7121 D EGL_adreno: eglMakeCurrent: 0xa6fbd3c0: ver 3 1 (tinfo 0xa6fd7620)
09-19 16:13:06.787  6989  7121 D EGL_adreno: eglMakeCurrent: 0xa6fbd3c0: ver 3 1 (tinfo 0xa6fd7620)
09-19 16:13:06.792  6989  7121 D EGL_adreno: eglMakeCurrent: 0xa6fbd3c0: ver 3 1 (tinfo 0xa6fd7620)
09-19 16:13:06.805  6989  7121 D EGL_adreno: eglMakeCurrent: 0xa6fbd3c0: ver 3 1 (tinfo 0xa6fd7620)
09-19 16:13:06.810  6989  7121 D EGL_adreno: eglMakeCurrent: 0xa6fbd3c0: ver 3 1 (tinfo 0xa6fd7620)
09-19 16:13:06.823  6989  7121 D EGL_adreno: eglMakeCurrent: 0xa6fbd3c0: ver 3 1 (tinfo 0xa6fd7620)
09-19 16:13:06.827  6989  7121 D EGL_adreno: eglMakeCurrent: 0xa6fbd3c0: ver 3 1 (tinfo 0xa6fd7620)
09-19 16:13:06.840  6989  7121 D EGL_adreno: eglMakeCurrent: 0xa6fbd3c0: ver 3 1 (tinfo 0xa6fd7620)
09-19 16:13:06.844  6989  7121 D EGL_adreno: eglMakeCurrent: 0xa6fbd3c0: ver 3 1 (tinfo 0xa6fd7620)
09-19 16:13:06.853  6989  7121 D EGL_adreno: eglMakeCurrent: 0xa6fbd3c0: ver 3 1 (tinfo 0xa6fd7620)
09-19 16:13:06.857  6989  7121 D EGL_adreno: eglMakeCurrent: 0xa6fbd3c0: ver 3 1 (tinfo 0xa6fd7620)
09-19 16:13:06.870  6989  7121 D EGL_adreno: eglMakeCurrent: 0xa6fbd3c0: ver 3 1 (tinfo 0xa6fd7620)
09-19 16:13:06.875  6989  7121 D EGL_adreno: eglMakeCurrent: 0xa6fbd3c0: ver 3 1 (tinfo 0xa6fd7620)
09-19 16:13:06.886  6989  7121 D EGL_adreno: eglMakeCurrent: 0xa6fbd3c0: ver 3 1 (tinfo 0xa6fd7620)
09-19 16:13:06.891  6989  7121 D EGL_adreno: eglMakeCurrent: 0xa6fbd3c0: ver 3 1 (tinfo 0xa6fd7620)
09-19 16:13:06.903  6989  7121 D EGL_adreno: eglMakeCurrent: 0xa6fbd3c0: ver 3 1 (tinfo 0xa6fd7620)
09-19 16:13:06.908  6989  7121 D EGL_adreno: eglMakeCurrent: 0xa6fbd3c0: ver 3 1 (tinfo 0xa6fd7620)
09-19 16:13:06.924  6989  7121 D EGL_adreno: eglMakeCurrent: 0xa6fbd3c0: ver 3 1 (tinfo 0xa6fd7620)
09-19 16:13:06.930  6989  7121 D EGL_adreno: eglMakeCurrent: 0xa6fbd3c0: ver 3 1 (tinfo 0xa6fd7620)
09-19 16:13:06.937  6989  7121 D EGL_adreno: eglMakeCurrent: 0xa6fbd3c0: ver 3 1 (tinfo 0xa6fd7620)
09-19 16:13:06.943  6989  7121 D EGL_adreno: eglMakeCurrent: 0xa6fbd3c0: ver 3 1 (tinfo 0xa6fd7620)
09-19 16:13:06.955  6989  7121 D EGL_adreno: eglMakeCurrent: 0xa6fbd3c0: ver 3 1 (tinfo 0xa6fd7620)
09-19 16:13:06.960  6989  7121 D EGL_adreno: eglMakeCurrent: 0xa6fbd3c0: ver 3 1 (tinfo 0xa6fd7620)
09-19 16:13:06.998  6989  7121 D EGL_adreno: eglMakeCurrent: 0xa6fbd3c0: ver 3 1 (tinfo 0xa6fd7620)
09-19 16:13:07.038  1114  1134 D AudioFlinger: mixer(0xc5a80000) throttle end: throttle time(8)
09-19 16:13:07.045  6989  7121 D EGL_adreno: eglMakeCurrent: 0xa6fbd3c0: ver 3 1 (tinfo 0xa6fd7620)
09-19 16:13:07.052  6989  7121 D EGL_adreno: eglMakeCurrent: 0xa6fbd3c0: ver 3 1 (tinfo 0xa6fd7620)
09-19 16:13:07.062  6989  7121 D EGL_adreno: eglMakeCurrent: 0xa6fbd3c0: ver 3 1 (tinfo 0xa6fd7620)
09-19 16:13:07.068  1114  1134 D AudioFlinger: mixer(0xc5a80000) throttle end: throttle time(10)
09-19 16:13:07.071  6989  7121 D EGL_adreno: eglMakeCurrent: 0xa6fbd3c0: ver 3 1 (tinfo 0xa6fd7620)
09-19 16:13:07.078  6989  7121 D EGL_adreno: eglMakeCurrent: 0xa6fbd3c0: ver 3 1 (tinfo 0xa6fd7620)
09-19 16:13:07.083  1698  1698 W ContextImpl: Calling a method in the system process without a qualified user: android.app.ContextImpl.startService:1358 android.content.ContextWrapper.startService:613 android.content.ContextWrapper.startService:613 com.android.coreservice.CoreBroadcastReceiver.onReceive:69 android.app.ActivityThread.handleReceiver:3073 
09-19 16:13:07.085  6989  7121 D EGL_adreno: eglMakeCurrent: 0xa6fbd3c0: ver 3 1 (tinfo 0xa6fd7620)
09-19 16:13:07.091  6989  7121 D EGL_adreno: eglMakeCurrent: 0xa6fbd3c0: ver 3 1 (tinfo 0xa6fd7620)
09-19 16:13:07.097  6989  7121 D EGL_adreno: eglMakeCurrent: 0xa6fbd3c0: ver 3 1 (tinfo 0xa6fd7620)
09-19 16:13:07.102  6989  7121 D EGL_adreno: eglMakeCurrent: 0xa6fbd3c0: ver 3 1 (tinfo 0xa6fd7620)
09-19 16:13:07.107  6989  7121 D EGL_adreno: eglMakeCurrent: 0xa6fbd3c0: ver 3 1 (tinfo 0xa6fd7620)
09-19 16:13:07.113  6989  7121 D EGL_adreno: eglMakeCurrent: 0xa6fbd3c0: ver 3 1 (tinfo 0xa6fd7620)
09-19 16:13:07.117  1302  1617 D NotificationService: notify pkg=com.litatom.app pid=1302
09-19 16:13:07.125  6989  7121 D EGL_adreno: eglMakeCurrent: 0xa6fbd3c0: ver 3 1 (tinfo 0xa6fd7620)
09-19 16:13:07.130  6989  7121 D EGL_adreno: eglMakeCurrent: 0xa6fbd3c0: ver 3 1 (tinfo 0xa6fd7620)
09-19 16:13:07.141  1698  1698 W ContextImpl: Calling a method in the system process without a qualified user: android.app.ContextImpl.startService:1358 android.content.ContextWrapper.startService:613 android.content.ContextWrapper.startService:613 com.android.coreservice.CoreBroadcastReceiver.onReceive:44 android.app.ActivityThread.handleReceiver:3073 
09-19 16:13:07.141  6989  7121 D EGL_adreno: eglMakeCurrent: 0xa6fbd3c0: ver 3 1 (tinfo 0xa6fd7620)
09-19 16:13:07.146  6989  7121 D EGL_adreno: eglMakeCurrent: 0xa6fbd3c0: ver 3 1 (tinfo 0xa6fd7620)
