09-19 16:11:34.243  1302  1617 D NotificationService: notify pkg=android pid=1302
09-19 16:11:34.414  1302  1313 D NotificationService: notify pkg=android pid=1302
09-19 16:11:35.914  1302  1545 D NotificationService: notify pkg=android pid=1302
09-19 16:11:36.720  6989  7149 I chatty  : uid=10038(com.litatom.app) Binder:6989_3 expire 2 lines
09-19 16:11:36.936  6989  7121 I chatty  : uid=10038(com.litatom.app) RenderThread expire 245 lines
09-19 16:11:36.979  1394  1629 I vol.Events: writeEvent active_stream_changed STREAM_MUSIC
09-19 16:11:36.980  1394  1629 I vol.Events: writeEvent level_changed STREAM_MUSIC 2
09-19 16:11:36.980  1394  1629 I vol.Events: writeEvent key STREAM_MUSIC 2
09-19 16:11:36.992  1394  1394 I vol.Events: writeEvent show_dialog volume_changed keyguard=false
09-19 16:11:37.054  1394  1647 E EGL_adreno: tid 1647: eglSurfaceAttrib(1338): error 0x3009 (EGL_BAD_MATCH)
09-19 16:11:37.054  1394  1647 W OpenGLRenderer: Failed to set EGL_SWAP_BEHAVIOR on surface 0xa4e0e120, error=EGL_BAD_MATCH
09-19 16:11:37.060  1394  1647 D EGL_adreno: eglMakeCurrent: 0xa7012860: ver 3 1 (tinfo 0xa7014600)
09-19 16:11:38.024  1394  1394 I vol.Events: writeEvent dismiss_dialog touch_outside
09-19 16:11:38.029  1394  1629 I vol.Events: writeEvent active_stream_changed UNKNOWN_STREAM_-1
09-19 16:11:38.041  1394  1394 I vol.Events: writeEvent touch_level_changed STREAM_MUSIC 14
09-19 16:11:38.041  1394  1394 I vol.Events: writeEvent touch_level_done STREAM_MUSIC 14
09-19 16:11:38.043  1394  1629 I vol.Events: writeEvent active_stream_changed STREAM_MUSIC
09-19 16:11:38.049  1394  1629 I vol.Events: writeEvent level_changed STREAM_MUSIC 14
09-19 16:11:38.346  1394  1647 D EGL_adreno: eglMakeCurrent: 0xa7012860: ver 3 1 (tinfo 0xa7014600)
09-19 16:11:39.046  1302  3019 I chatty  : uid=1000(system) Binder:1302_B expire 1 line
09-19 16:11:39.584  1302  3016 D NotificationService: notify pkg=android pid=1302
09-19 16:11:39.604  1394  1647 D EGL_adreno: eglMakeCurrent: 0xa7012860: ver 3 1 (tinfo 0xa7014600)
09-19 16:11:40.103  1302  3016 D NotificationService: notify pkg=android pid=1302
09-19 16:11:40.595  1302  3020 D NotificationService: notify pkg=android pid=1302
09-19 16:11:40.607  1302  5332 D NotificationService: notify pkg=android pid=1302
09-19 16:11:40.763  6989  7001 I chatty  : uid=10038(com.litatom.app) Binder:6989_1 expire 2 lines
09-19 16:11:41.129  1302  5333 D NotificationService: notify pkg=android pid=1302
09-19 16:11:41.715  6989  7249 I chatty  : uid=10038(com.litatom.app) AgoraLogging expire 1 line
09-19 16:11:42.218  6989  6989 I chatty  : uid=10038(com.litatom.app) expire 19 lines
09-19 16:11:42.237  1302  5331 D NotificationService: notify pkg=android pid=1302
09-19 16:11:42.327  1302  3015 D NotificationService: notify pkg=android pid=1302
09-19 16:11:42.358  1302  5331 D NotificationService: notify pkg=android pid=1302
09-19 16:11:42.779  1302  3016 D NotificationService: notify pkg=android pid=1302
09-19 16:11:42.869  1302  5333 D NotificationService: notify pkg=android pid=1302
09-19 16:11:42.873  1302  1313 D NotificationService: notify pkg=android pid=1302
09-19 16:11:43.845  1302  3020 D NotificationService: notify pkg=android pid=1302
09-19 16:11:44.444  6989  7121 I chatty  : uid=10038(com.litatom.app) RenderThread expire 235 lines
09-19 16:11:44.868  6989  7149 I chatty  : uid=10038(com.litatom.app) Binder:6989_3 expire 2 lines
09-19 16:11:45.314  1302  1643 D NotificationService: notify pkg=android pid=1302
09-19 16:11:45.877  1302  5329 D NotificationService: notify pkg=android pid=1302
09-19 16:11:46.716  6989  7249 I chatty  : uid=10038(com.litatom.app) AgoraLogging expire 2 lines
09-19 16:11:46.872  2010  2010 W InputService: onEvaluateInputViewShown inputType=0 imeOptions=0
09-19 16:11:46.872  2010  2010 W InputService: onEvaluateInputViewShown inputType=0 imeOptions=0
09-19 16:11:46.873  1302  3017 D NotificationService: notify pkg=android pid=1302
09-19 16:11:46.952  1302  3020 D NotificationService: notify pkg=android pid=1302
09-19 16:11:46.956  1302  1643 D NotificationService: notify pkg=android pid=1302
09-19 16:11:47.924  1302  5332 I chatty  : uid=1000(system) Binder:1302_10 expire 1 line
09-19 16:11:47.987  6989  6989 W ViewRootImpl[PartyChatActivity]: Dropping event due to no window focus: KeyEvent { action=ACTION_DOWN, keyCode=KEYCODE_MENU, scanCode=0, metaState=0, flags=0x8, repeatCount=0, eventTime=17154655, downTime=17154655, deviceId=-1, source=0x101 }
09-19 16:11:47.990  6989  6989 W ViewRootImpl[PartyChatActivity]: Cancelling event due to no window focus: KeyEvent { action=ACTION_UP, keyCode=KEYCODE_MENU, scanCode=0, metaState=0, flags=0x28, repeatCount=0, eventTime=17154657, downTime=17154657, deviceId=-1, source=0x101 }
09-19 16:11:47.990  6989  6989 W ViewRootImpl[PartyChatActivity]: Cancelling event due to no window focus: KeyEvent { action=ACTION_UP, keyCode=KEYCODE_MENU, scanCode=0, metaState=0, flags=0x28, repeatCount=0, eventTime=17154657, downTime=17154657, deviceId=-1, source=0x101 }
09-19 16:11:47.990  6989  6989 W ViewRootImpl[PartyChatActivity]: Cancelling event due to no window focus: KeyEvent { action=ACTION_UP, keyCode=KEYCODE_MENU, scanCode=0, metaState=0, flags=0x28, repeatCount=0, eventTime=17154657, downTime=17154657, deviceId=-1, source=0x101 }
09-19 16:11:47.990  6989  6989 W ViewRootImpl[PartyChatActivity]: Cancelling event due to no window focus: KeyEvent { action=ACTION_UP, keyCode=KEYCODE_MENU, scanCode=0, metaState=0, flags=0x28, repeatCount=0, eventTime=17154657, downTime=17154657, deviceId=-1, source=0x101 }
09-19 16:11:47.990  6989  6989 W ViewRootImpl[PartyChatActivity]: Cancelling event due to no window focus: KeyEvent { action=ACTION_UP, keyCode=KEYCODE_MENU, scanCode=0, metaState=0, flags=0x28, repeatCount=0, eventTime=17154657, downTime=17154657, deviceId=-1, source=0x101 }
09-19 16:11:47.990  6989  6989 W ViewRootImpl[PartyChatActivity]: Cancelling event due to no window focus: KeyEvent { action=ACTION_UP, keyCode=KEYCODE_MENU, scanCode=0, metaState=0, flags=0x28, repeatCount=0, eventTime=17154657, downTime=17154657, deviceId=-1, source=0x101 }
09-19 16:11:47.995  1698  1698 I chatty  : uid=1000(system) com.android.coreservice expire 44 lines
09-19 16:11:48.952  1302  3018 I chatty  : uid=1000(system) Binder:1302_A expire 1 line
09-19 16:11:48.953  1394  1394 D PhoneStatusBar: disable: < expand ICONS* alerts SYSTEM_INFO* back home recent clock search quick_settings >
09-19 16:11:48.988  1394  1647 D EGL_adreno: eglMakeCurrent: 0xa7012860: ver 3 1 (tinfo 0xa7014600)
09-19 16:11:49.004  6989  7001 I chatty  : uid=10038(com.litatom.app) Binder:6989_1 expire 4 lines
09-19 16:11:49.028  1394  1647 E EGL_adreno: tid 1647: eglSurfaceAttrib(1338): error 0x3009 (EGL_BAD_MATCH)
09-19 16:11:49.028  1394  1647 W OpenGLRenderer: Failed to set EGL_SWAP_BEHAVIOR on surface 0xa4e0b9e0, error=EGL_BAD_MATCH
09-19 16:11:49.030  1394  1647 D EGL_adreno: eglMakeCurrent: 0xa7012860: ver 3 1 (tinfo 0xa7014600)
09-19 16:11:49.072  1302  5333 W VibratorService: Tried to stop vibrating but there is no vibrator device.
09-19 16:11:49.519  6989  6989 W ViewRootImpl[PartyChatActivity]: Cancelling event due to no window focus: KeyEvent { action=ACTION_UP, keyCode=KEYCODE_DPAD_DOWN, scanCode=0, metaState=0, flags=0x28, repeatCount=0, eventTime=17156236, downTime=17156236, deviceId=-1, source=0x101 }
09-19 16:11:49.519  6989  6989 W ViewRootImpl[PartyChatActivity]: Cancelling event due to no window focus: KeyEvent { action=ACTION_UP, keyCode=KEYCODE_DPAD_DOWN, scanCode=0, metaState=0, flags=0x28, repeatCount=0, eventTime=17156236, downTime=17156236, deviceId=-1, source=0x101 }
09-19 16:11:49.519  6989  6989 W ViewRootImpl[PartyChatActivity]: Cancelling event due to no window focus: KeyEvent { action=ACTION_UP, keyCode=KEYCODE_DPAD_DOWN, scanCode=0, metaState=0, flags=0x28, repeatCount=0, eventTime=17156236, downTime=17156236, deviceId=-1, source=0x101 }
09-19 16:11:49.520  6989  6989 W ViewRootImpl[PartyChatActivity]: Cancelling event due to no window focus: KeyEvent { action=ACTION_UP, keyCode=KEYCODE_DPAD_DOWN, scanCode=0, metaState=0, flags=0x28, repeatCount=0, eventTime=17156236, downTime=17156236, deviceId=-1, source=0x101 }
09-19 16:11:49.520  6989  6989 W ViewRootImpl[PartyChatActivity]: Cancelling event due to no window focus: KeyEvent { action=ACTION_UP, keyCode=KEYCODE_DPAD_DOWN, scanCode=0, metaState=0, flags=0x28, repeatCount=0, eventTime=17156236, downTime=17156236, deviceId=-1, source=0x101 }
09-19 16:11:49.520  6989  6989 W ViewRootImpl[PartyChatActivity]: Cancelling event due to no window focus: KeyEvent { action=ACTION_UP, keyCode=KEYCODE_DPAD_DOWN, scanCode=0, metaState=0, flags=0x28, repeatCount=0, eventTime=17156236, downTime=17156236, deviceId=-1, source=0x101 }
09-19 16:11:49.520  6989  6989 W ViewRootImpl[PartyChatActivity]: Cancelling event due to no window focus: KeyEvent { action=ACTION_UP, keyCode=KEYCODE_DPAD_DOWN, scanCode=0, metaState=0, flags=0x28, repeatCount=0, eventTime=17156236, downTime=17156236, deviceId=-1, source=0x101 }
09-19 16:11:49.520  6989  6989 W ViewRootImpl[PartyChatActivity]: Cancelling event due to no window focus: KeyEvent { action=ACTION_UP, keyCode=KEYCODE_DPAD_DOWN, scanCode=0, metaState=0, flags=0x28, repeatCount=0, eventTime=17156236, downTime=17156236, deviceId=-1, source=0x101 }
09-19 16:11:49.520  6989  6989 W ViewRootImpl[PartyChatActivity]: Cancelling event due to no window focus: KeyEvent { action=ACTION_UP, keyCode=KEYCODE_DPAD_DOWN, scanCode=0, metaState=0, flags=0x28, repeatCount=0, eventTime=17156236, downTime=17156236, deviceId=-1, source=0x101 }
09-19 16:11:49.529  1302  1545 I chatty  : uid=1000(system) Binder:1302_3 expire 1 line
09-19 16:11:49.529  1394  1394 D PhoneStatusBar: disable: < expand icons* alerts system_info* back home recent clock search quick_settings >
09-19 16:11:49.538  1302  3015 I chatty  : uid=1000(system) Binder:1302_7 expire 2 lines
09-19 16:11:49.570  1394  1647 D EGL_adreno: eglMakeCurrent: 0xa7012860: ver 3 1 (tinfo 0xa7014600)
09-19 16:11:49.607  1394  1647 E EGL_adreno: tid 1647: eglSurfaceAttrib(1338): error 0x3009 (EGL_BAD_MATCH)
09-19 16:11:49.607  1394  1647 W OpenGLRenderer: Failed to set EGL_SWAP_BEHAVIOR on surface 0xa4e0e020, error=EGL_BAD_MATCH
09-19 16:11:49.611  1394  1647 D EGL_adreno: eglMakeCurrent: 0xa7012860: ver 3 1 (tinfo 0xa7014600)
09-19 16:11:53.140  6989  6989 W ViewRootImpl[PartyChatActivity]: Dropping event due to no window focus: KeyEvent { action=ACTION_DOWN, keyCode=KEYCODE_DPAD_RIGHT, scanCode=0, metaState=0, flags=0x8, repeatCount=0, eventTime=17159812, downTime=17159812, deviceId=-1, source=0x101 }
09-19 16:11:53.141  6989  6989 W ViewRootImpl[PartyChatActivity]: Cancelling event due to no window focus: KeyEvent { action=ACTION_UP, keyCode=KEYCODE_DPAD_RIGHT, scanCode=0, metaState=0, flags=0x28, repeatCount=0, eventTime=17159813, downTime=17159813, deviceId=-1, source=0x101 }
09-19 16:11:53.141  6989  6989 W ViewRootImpl[PartyChatActivity]: Cancelling event due to no window focus: KeyEvent { action=ACTION_UP, keyCode=KEYCODE_DPAD_RIGHT, scanCode=0, metaState=0, flags=0x28, repeatCount=0, eventTime=17159813, downTime=17159813, deviceId=-1, source=0x101 }
09-19 16:11:53.141  6989  6989 W ViewRootImpl[PartyChatActivity]: Cancelling event due to no window focus: KeyEvent { action=ACTION_UP, keyCode=KEYCODE_DPAD_RIGHT, scanCode=0, metaState=0, flags=0x28, repeatCount=0, eventTime=17159813, downTime=17159813, deviceId=-1, source=0x101 }
09-19 16:11:53.141  6989  6989 W ViewRootImpl[PartyChatActivity]: Cancelling event due to no window focus: KeyEvent { action=ACTION_UP, keyCode=KEYCODE_DPAD_RIGHT, scanCode=0, metaState=0, flags=0x28, repeatCount=0, eventTime=17159813, downTime=17159813, deviceId=-1, source=0x101 }
09-19 16:11:53.141  6989  6989 W ViewRootImpl[PartyChatActivity]: Cancelling event due to no window focus: KeyEvent { action=ACTION_UP, keyCode=KEYCODE_DPAD_RIGHT, scanCode=0, metaState=0, flags=0x28, repeatCount=0, eventTime=17159813, downTime=17159813, deviceId=-1, source=0x101 }
09-19 16:11:53.141  6989  6989 W ViewRootImpl[PartyChatActivity]: Cancelling event due to no window focus: KeyEvent { action=ACTION_UP, keyCode=KEYCODE_DPAD_RIGHT, scanCode=0, metaState=0, flags=0x28, repeatCount=0, eventTime=17159813, downTime=17159813, deviceId=-1, source=0x101 }
09-19 16:11:53.141  6989  6989 W ViewRootImpl[PartyChatActivity]: Cancelling event due to no window focus: KeyEvent { action=ACTION_UP, keyCode=KEYCODE_DPAD_RIGHT, scanCode=0, metaState=0, flags=0x28, repeatCount=0, eventTime=17159813, downTime=17159813, deviceId=-1, source=0x101 }
09-19 16:11:53.141  6989  6989 W ViewRootImpl[PartyChatActivity]: Cancelling event due to no window focus: KeyEvent { action=ACTION_UP, keyCode=KEYCODE_DPAD_RIGHT, scanCode=0, metaState=0, flags=0x28, repeatCount=0, eventTime=17159813, downTime=17159813, deviceId=-1, source=0x101 }
09-19 16:11:53.141  6989  6989 W ViewRootImpl[PartyChatActivity]: Cancelling event due to no window focus: KeyEvent { action=ACTION_UP, keyCode=KEYCODE_DPAD_RIGHT, scanCode=0, metaState=0, flags=0x28, repeatCount=0, eventTime=17159813, downTime=17159813, deviceId=-1, source=0x101 }
09-19 16:11:53.339  6989  7121 I chatty  : uid=10038(com.litatom.app) RenderThread expire 243 lines
09-19 16:11:53.341  6989  6989 I chatty  : uid=10038(com.litatom.app) expire 9 lines
09-19 16:11:53.650  1302  1313 D NotificationService: notify pkg=android pid=1302
09-19 16:11:53.650  1302  1617 D NotificationService: notify pkg=android pid=1302
09-19 16:11:53.682  2010  3719 E EGL_adreno: tid 3719: eglSurfaceAttrib(1338): error 0x3009 (EGL_BAD_MATCH)
09-19 16:11:53.682  2010  3719 W OpenGLRenderer: Failed to set EGL_SWAP_BEHAVIOR on surface 0xb8f746e0, error=EGL_BAD_MATCH
09-19 16:11:55.162  1302  3016 D NotificationService: notify pkg=android pid=1302
09-19 16:11:55.710  1302  3018 D NotificationService: notify pkg=android pid=1302
09-19 16:11:56.325  1302  5330 D NotificationService: notify pkg=android pid=1302
09-19 16:11:56.874  6989  7249 I chatty  : uid=10038(com.litatom.app) AgoraLogging expire 1 line
09-19 16:11:57.267  6989  7002 I chatty  : uid=10038(com.litatom.app) Binder:6989_2 expire 2 lines
09-19 16:11:57.328  2010  2010 W InputService: onEvaluateInputViewShown inputType=0 imeOptions=0
09-19 16:11:57.328  2010  2010 W InputService: onEvaluateInputViewShown inputType=0 imeOptions=0
09-19 16:11:57.329  1302  3015 D NotificationService: notify pkg=android pid=1302
09-19 16:11:57.865  1302  3018 D NotificationService: notify pkg=android pid=1302
09-19 16:11:59.349  1302  5332 D NotificationService: notify pkg=android pid=1302
09-19 16:11:59.352  1302  1313 D NotificationService: notify pkg=android pid=1302
09-19 16:11:59.439  1302  1314 D NotificationService: notify pkg=android pid=1302
09-19 16:12:00.372  6989  7121 I chatty  : uid=10038(com.litatom.app) RenderThread expire 252 lines
09-19 16:12:01.373  6989  7001 I chatty  : uid=10038(com.litatom.app) Binder:6989_1 expire 2 lines
09-19 16:12:03.124  6989  7249 I chatty  : uid=10038(com.litatom.app) AgoraLogging expire 1 line
09-19 16:12:03.689  1698  1698 I chatty  : uid=1000(system) com.android.coreservice expire 14 lines
09-19 16:12:03.743  6989  7121 I chatty  : uid=10038(com.litatom.app) RenderThread expire 247 lines
09-19 16:12:03.816  6989  6989 I chatty  : uid=10038(com.litatom.app) expire 5 lines
09-19 16:12:03.952  1302  1617 I chatty  : uid=1000(system) Binder:1302_4 expire 1 line
09-19 16:12:03.952  1394  1394 D PhoneStatusBar: disable: < expand ICONS* alerts SYSTEM_INFO* back home recent clock search quick_settings >
09-19 16:12:03.987  1394  1647 D EGL_adreno: eglMakeCurrent: 0xa7012860: ver 3 1 (tinfo 0xa7014600)
09-19 16:12:04.028  6989  6989 W ViewRootImpl[UserDetailActivity]: Dropping event due to no window focus: MotionEvent { action=ACTION_MOVE, actionButton=0, id[0]=0, x[0]=2.0, y[0]=4.0, toolType[0]=TOOL_TYPE_UNKNOWN, buttonState=0, metaState=0, flags=0x0, edgeFlags=0x0, pointerCount=1, historySize=19, eventTime=17170668, downTime=-1, deviceId=0, source=0x10004 }
09-19 16:12:04.033  1394  1647 E EGL_adreno: tid 1647: eglSurfaceAttrib(1338): error 0x3009 (EGL_BAD_MATCH)
09-19 16:12:04.033  1394  1647 W OpenGLRenderer: Failed to set EGL_SWAP_BEHAVIOR on surface 0xa5685760, error=EGL_BAD_MATCH
09-19 16:12:04.035  1394  1647 D EGL_adreno: eglMakeCurrent: 0xa7012860: ver 3 1 (tinfo 0xa7014600)
09-19 16:12:04.092  1302  5329 W VibratorService: Tried to stop vibrating but there is no vibrator device.
09-19 16:12:04.138  6989  6989 W ViewRootImpl[UserDetailActivity]: Dropping event due to no window focus: KeyEvent { action=ACTION_DOWN, keyCode=KEYCODE_DPAD_DOWN, scanCode=0, metaState=0, flags=0x8, repeatCount=0, eventTime=17170851, downTime=17170851, deviceId=-1, source=0x101 }
09-19 16:12:04.138  6989  6989 W ViewRootImpl[UserDetailActivity]: Cancelling event due to no window focus: KeyEvent { action=ACTION_UP, keyCode=KEYCODE_DPAD_DOWN, scanCode=0, metaState=0, flags=0x28, repeatCount=0, eventTime=17170867, downTime=17170851, deviceId=-1, source=0x101 }
09-19 16:12:04.138  6989  6989 W ViewRootImpl[UserDetailActivity]: Cancelling event due to no window focus: KeyEvent { action=ACTION_UP, keyCode=KEYCODE_DPAD_DOWN, scanCode=0, metaState=0, flags=0x28, repeatCount=0, eventTime=17170867, downTime=17170851, deviceId=-1, source=0x101 }
09-19 16:12:04.138  6989  6989 W ViewRootImpl[UserDetailActivity]: Cancelling event due to no window focus: KeyEvent { action=ACTION_UP, keyCode=KEYCODE_DPAD_DOWN, scanCode=0, metaState=0, flags=0x28, repeatCount=0, eventTime=17170867, downTime=17170851, deviceId=-1, source=0x101 }
09-19 16:12:04.138  6989  6989 W ViewRootImpl[UserDetailActivity]: Cancelling event due to no window focus: KeyEvent { action=ACTION_UP, keyCode=KEYCODE_DPAD_DOWN, scanCode=0, metaState=0, flags=0x28, repeatCount=0, eventTime=17170867, downTime=17170851, deviceId=-1, source=0x101 }
09-19 16:12:04.138  6989  6989 W ViewRootImpl[UserDetailActivity]: Cancelling event due to no window focus: KeyEvent { action=ACTION_UP, keyCode=KEYCODE_DPAD_DOWN, scanCode=0, metaState=0, flags=0x28, repeatCount=0, eventTime=17170867, downTime=17170851, deviceId=-1, source=0x101 }
09-19 16:12:04.138  6989  6989 W ViewRootImpl[UserDetailActivity]: Cancelling event due to no window focus: KeyEvent { action=ACTION_UP, keyCode=KEYCODE_DPAD_DOWN, scanCode=0, metaState=0, flags=0x28, repeatCount=0, eventTime=17170867, downTime=17170851, deviceId=-1, source=0x101 }
09-19 16:12:04.138  6989  6989 W ViewRootImpl[UserDetailActivity]: Cancelling event due to no window focus: KeyEvent { action=ACTION_UP, keyCode=KEYCODE_DPAD_DOWN, scanCode=0, metaState=0, flags=0x28, repeatCount=0, eventTime=17170867, downTime=17170851, deviceId=-1, source=0x101 }
09-19 16:12:04.138  6989  6989 W ViewRootImpl[UserDetailActivity]: Cancelling event due to no window focus: KeyEvent { action=ACTION_UP, keyCode=KEYCODE_DPAD_DOWN, scanCode=0, metaState=0, flags=0x28, repeatCount=0, eventTime=17170867, downTime=17170851, deviceId=-1, source=0x101 }
09-19 16:12:04.138  6989  6989 W ViewRootImpl[UserDetailActivity]: Cancelling event due to no window focus: KeyEvent { action=ACTION_UP, keyCode=KEYCODE_DPAD_DOWN, scanCode=0, metaState=0, flags=0x28, repeatCount=0, eventTime=17170867, downTime=17170851, deviceId=-1, source=0x101 }
09-19 16:12:04.139  1394  1394 W ViewRootImpl[StatusBar]: Cancelling event due to no window focus: KeyEvent { action=ACTION_UP, keyCode=KEYCODE_DPAD_DOWN, scanCode=0, metaState=0, flags=0x28, repeatCount=0, eventTime=17170852, downTime=17170852, deviceId=-1, source=0x101 }
09-19 16:12:04.139  1394  1394 W ViewRootImpl[StatusBar]: Cancelling event due to no window focus: KeyEvent { action=ACTION_UP, keyCode=KEYCODE_DPAD_DOWN, scanCode=0, metaState=0, flags=0x28, repeatCount=0, eventTime=17170852, downTime=17170852, deviceId=-1, source=0x101 }
09-19 16:12:04.139  1394  1394 W ViewRootImpl[StatusBar]: Cancelling event due to no window focus: KeyEvent { action=ACTION_UP, keyCode=KEYCODE_DPAD_DOWN, scanCode=0, metaState=0, flags=0x28, repeatCount=0, eventTime=17170852, downTime=17170852, deviceId=-1, source=0x101 }
09-19 16:12:04.139  1394  1394 W ViewRootImpl[StatusBar]: Cancelling event due to no window focus: KeyEvent { action=ACTION_UP, keyCode=KEYCODE_DPAD_DOWN, scanCode=0, metaState=0, flags=0x28, repeatCount=0, eventTime=17170852, downTime=17170852, deviceId=-1, source=0x101 }
09-19 16:12:04.139  1394  1394 W ViewRootImpl[StatusBar]: Cancelling event due to no window focus: KeyEvent { action=ACTION_UP, keyCode=KEYCODE_DPAD_DOWN, scanCode=0, metaState=0, flags=0x28, repeatCount=0, eventTime=17170852, downTime=17170852, deviceId=-1, source=0x101 }
09-19 16:12:04.139  1394  1394 W ViewRootImpl[StatusBar]: Cancelling event due to no window focus: KeyEvent { action=ACTION_UP, keyCode=KEYCODE_DPAD_DOWN, scanCode=0, metaState=0, flags=0x28, repeatCount=0, eventTime=17170852, downTime=17170852, deviceId=-1, source=0x101 }
09-19 16:12:04.139  1394  1394 W ViewRootImpl[StatusBar]: Cancelling event due to no window focus: KeyEvent { action=ACTION_UP, keyCode=KEYCODE_DPAD_DOWN, scanCode=0, metaState=0, flags=0x28, repeatCount=0, eventTime=17170852, downTime=17170852, deviceId=-1, source=0x101 }
09-19 16:12:04.139  1394  1394 W ViewRootImpl[StatusBar]: Cancelling event due to no window focus: KeyEvent { action=ACTION_UP, keyCode=KEYCODE_DPAD_DOWN, scanCode=0, metaState=0, flags=0x28, repeatCount=0, eventTime=17170852, downTime=17170852, deviceId=-1, source=0x101 }
09-19 16:12:04.139  1394  1394 W ViewRootImpl[StatusBar]: Cancelling event due to no window focus: KeyEvent { action=ACTION_UP, keyCode=KEYCODE_DPAD_DOWN, scanCode=0, metaState=0, flags=0x28, repeatCount=0, eventTime=17170852, downTime=17170852, deviceId=-1, source=0x101 }
09-19 16:12:04.171  1302  1323 I ActivityManager: Displayed com.litatom.app/com.lit.app.ui.me.UserDetailActivity: +466ms
09-19 16:12:04.573  1302  1644 I ActivityManager: Setting hasTopUi=false for pid=1394
09-19 16:12:04.574  1394  1394 D PhoneStatusBar: disable: < expand icons* alerts system_info* back home recent clock search quick_settings >
09-19 16:12:04.620  1302  5329 W InputMethodManagerService: Window already focused, ignoring focus gain of: com.android.internal.view.IInputMethodClient$Stub$Proxy@604f140 attribute=null, token = android.os.BinderProxy@658874b
09-19 16:12:04.620  1394  1647 D EGL_adreno: eglMakeCurrent: 0xa7012860: ver 3 1 (tinfo 0xa7014600)
09-19 16:12:04.658  1394  1647 E EGL_adreno: tid 1647: eglSurfaceAttrib(1338): error 0x3009 (EGL_BAD_MATCH)
09-19 16:12:04.658  1394  1647 W OpenGLRenderer: Failed to set EGL_SWAP_BEHAVIOR on surface 0xa45a9fe0, error=EGL_BAD_MATCH
09-19 16:12:04.659  1394  1647 D EGL_adreno: eglMakeCurrent: 0xa7012860: ver 3 1 (tinfo 0xa7014600)
09-19 16:12:05.062  6989  7000 I chatty  : uid=10038(com.litatom.app) HeapTaskDaemon expire 1 line
09-19 16:12:05.487  6989  7002 I chatty  : uid=10038(com.litatom.app) Binder:6989_2 expire 2 lines
09-19 16:12:06.157  1302  1347 I ActivityManager: START u0 {act=android.intent.action.MAIN cat=[android.intent.category.HOME] flg=0x10200000 cmp=com.android.launcher3/.Launcher (has extras)} from uid 1000 on display 0
09-19 16:12:06.954 12634 12634 I appproc : exec app_process! cmdline: /system/bin com.android.commands.am.Am start -n com.litatom.app/com.lit.app.party.PartyChatActivity 
09-19 16:12:06.955 12634 12634 D AndroidRuntime: >>>>>> START com.android.internal.os.RuntimeInit uid 0 <<<<<<
09-19 16:12:06.958 12634 12634 D AndroidRuntime: CheckJNI is OFF
09-19 16:12:07.019 12634 12634 D ICU     : No timezone override file found: /data/misc/zoneinfo/current/icu/icu_tzdata.dat
09-19 16:12:07.033 12634 12634 D libnativebridge: PreInitializeNativeBridge name=unknown instruction_set=x86
09-19 16:12:07.034 12634 12634 D libnativebridge: call UnloadNativeBridge! state=1
09-19 16:12:07.057 12634 12634 E memtrack: Couldn't load memtrack module (No such file or directory)
09-19 16:12:07.057 12634 12634 E android.os.Debug: failed to load memtrack module: -2
09-19 16:12:07.059 12634 12634 I Radio-JNI: register_android_hardware_Radio DONE
09-19 16:12:07.078 12634 12634 D AndroidRuntime: Calling main entry com.android.commands.am.Am
09-19 16:12:07.082  1302  5333 I ActivityManager: START u0 {flg=0x10000000 cmp=com.litatom.app/com.lit.app.party.PartyChatActivity} from uid 0 on display 0
09-19 16:12:07.104 12634 12634 D AndroidRuntime: Shutting down VM
09-19 16:12:08.161  6989  7121 I chatty  : uid=10038(com.litatom.app) RenderThread expire 193 lines
09-19 16:12:08.317  6989  6989 I chatty  : uid=10038(com.litatom.app) expire 20 lines
09-19 16:12:08.591  6989  7000 I chatty  : uid=10038(com.litatom.app) HeapTaskDaemon expire 2 lines
09-19 16:12:08.809  1302  3015 I ActivityManager: START u0 {cmp=com.litatom.app/com.lit.app.ui.me.UserDetailActivity (has extras)} from uid 10038 on display 0
09-19 16:12:09.065  6989  6989 W ViewRootImpl[UserDetailActivity]: Dropping event due to no window focus: KeyEvent { action=ACTION_DOWN, keyCode=KEYCODE_CTRL_RIGHT, scanCode=0, metaState=0, flags=0x8, repeatCount=0, eventTime=17175595, downTime=17175595, deviceId=-1, source=0x101 }
09-19 16:12:09.065  6989  6989 W ViewRootImpl[UserDetailActivity]: Cancelling event due to no window focus: KeyEvent { action=ACTION_UP, keyCode=KEYCODE_CTRL_RIGHT, scanCode=0, metaState=0, flags=0x28, repeatCount=0, eventTime=17175737, downTime=17175737, deviceId=-1, source=0x101 }
09-19 16:12:09.065  6989  6989 W ViewRootImpl[UserDetailActivity]: Cancelling event due to no window focus: KeyEvent { action=ACTION_UP, keyCode=KEYCODE_CTRL_RIGHT, scanCode=0, metaState=0, flags=0x28, repeatCount=0, eventTime=17175737, downTime=17175737, deviceId=-1, source=0x101 }
09-19 16:12:09.065  6989  6989 W ViewRootImpl[UserDetailActivity]: Cancelling event due to no window focus: KeyEvent { action=ACTION_UP, keyCode=KEYCODE_CTRL_RIGHT, scanCode=0, metaState=0, flags=0x28, repeatCount=0, eventTime=17175737, downTime=17175737, deviceId=-1, source=0x101 }
09-19 16:12:09.065  6989  6989 W ViewRootImpl[UserDetailActivity]: Cancelling event due to no window focus: KeyEvent { action=ACTION_UP, keyCode=KEYCODE_CTRL_RIGHT, scanCode=0, metaState=0, flags=0x28, repeatCount=0, eventTime=17175737, downTime=17175737, deviceId=-1, source=0x101 }
09-19 16:12:09.066  6989  6989 W ViewRootImpl[UserDetailActivity]: Cancelling event due to no window focus: KeyEvent { action=ACTION_UP, keyCode=KEYCODE_CTRL_RIGHT, scanCode=0, metaState=0, flags=0x28, repeatCount=0, eventTime=17175737, downTime=17175737, deviceId=-1, source=0x101 }
09-19 16:12:09.066  6989  6989 W ViewRootImpl[UserDetailActivity]: Cancelling event due to no window focus: KeyEvent { action=ACTION_UP, keyCode=KEYCODE_CTRL_RIGHT, scanCode=0, metaState=0, flags=0x28, repeatCount=0, eventTime=17175737, downTime=17175737, deviceId=-1, source=0x101 }
09-19 16:12:09.066  6989  6989 W ViewRootImpl[UserDetailActivity]: Cancelling event due to no window focus: KeyEvent { action=ACTION_UP, keyCode=KEYCODE_CTRL_RIGHT, scanCode=0, metaState=0, flags=0x28, repeatCount=0, eventTime=17175737, downTime=17175737, deviceId=-1, source=0x101 }
09-19 16:12:09.066  6989  6989 W ViewRootImpl[UserDetailActivity]: Cancelling event due to no window focus: KeyEvent { action=ACTION_UP, keyCode=KEYCODE_CTRL_RIGHT, scanCode=0, metaState=0, flags=0x28, repeatCount=0, eventTime=17175737, downTime=17175737, deviceId=-1, source=0x101 }
09-19 16:12:09.066  6989  6989 W ViewRootImpl[UserDetailActivity]: Cancelling event due to no window focus: KeyEvent { action=ACTION_UP, keyCode=KEYCODE_CTRL_RIGHT, scanCode=0, metaState=0, flags=0x28, repeatCount=0, eventTime=17175737, downTime=17175737, deviceId=-1, source=0x101 }
09-19 16:12:09.125  6989  7249 I chatty  : uid=10038(com.litatom.app) AgoraLogging expire 1 line
09-19 16:12:09.141  1302  1323 I ActivityManager: Displayed com.litatom.app/com.lit.app.ui.me.UserDetailActivity: +306ms
09-19 16:12:09.717  6989  7149 I chatty  : uid=10038(com.litatom.app) Binder:6989_3 expire 2 lines
09-19 16:12:10.857  1302  3015 I ActivityManager: START u0 {cmp=com.litatom.app/com.lit.app.ui.chat.ChatActivity (has extras)} from uid 10038 on display 0
09-19 16:12:10.870  6989  6989 W ViewRootImpl[UserDetailActivity]: Dropping event due to no window focus: KeyEvent { action=ACTION_DOWN, keyCode=KEYCODE_MENU, scanCode=0, metaState=0, flags=0x8, repeatCount=0, eventTime=17177574, downTime=17177574, deviceId=-1, source=0x101 }
09-19 16:12:10.870  6989  6989 W ViewRootImpl[UserDetailActivity]: Cancelling event due to no window focus: KeyEvent { action=ACTION_UP, keyCode=KEYCODE_MENU, scanCode=0, metaState=0, flags=0x28, repeatCount=0, eventTime=17177592, downTime=17177574, deviceId=-1, source=0x101 }
09-19 16:12:10.870  6989  6989 W ViewRootImpl[UserDetailActivity]: Cancelling event due to no window focus: KeyEvent { action=ACTION_UP, keyCode=KEYCODE_MENU, scanCode=0, metaState=0, flags=0x28, repeatCount=0, eventTime=17177592, downTime=17177574, deviceId=-1, source=0x101 }
09-19 16:12:10.870  6989  6989 W ViewRootImpl[UserDetailActivity]: Cancelling event due to no window focus: KeyEvent { action=ACTION_UP, keyCode=KEYCODE_MENU, scanCode=0, metaState=0, flags=0x28, repeatCount=0, eventTime=17177592, downTime=17177574, deviceId=-1, source=0x101 }
09-19 16:12:10.871  6989  6989 W ViewRootImpl[UserDetailActivity]: Cancelling event due to no window focus: KeyEvent { action=ACTION_UP, keyCode=KEYCODE_MENU, scanCode=0, metaState=0, flags=0x28, repeatCount=0, eventTime=17177592, downTime=17177574, deviceId=-1, source=0x101 }
09-19 16:12:10.871  6989  6989 W ViewRootImpl[UserDetailActivity]: Cancelling event due to no window focus: KeyEvent { action=ACTION_UP, keyCode=KEYCODE_MENU, scanCode=0, metaState=0, flags=0x28, repeatCount=0, eventTime=17177592, downTime=17177574, deviceId=-1, source=0x101 }
09-19 16:12:10.871  6989  6989 W ViewRootImpl[UserDetailActivity]: Cancelling event due to no window focus: KeyEvent { action=ACTION_UP, keyCode=KEYCODE_MENU, scanCode=0, metaState=0, flags=0x28, repeatCount=0, eventTime=17177592, downTime=17177574, deviceId=-1, source=0x101 }
09-19 16:12:11.212  6989  7107 I chatty  : uid=10038(com.litatom.app) DefaultDispatch expire 31 lines
09-19 16:12:11.216  6989  7090 I chatty  : uid=10038(com.litatom.app) LogingTaskQueue expire 14 lines
09-19 16:12:11.385  6989  7107 I chatty  : uid=10038(com.litatom.app) DefaultDispatch expire 11 lines
09-19 16:12:11.392  6989  6989 W ViewRootImpl[ChatActivity]: Cancelling event due to no window focus: KeyEvent { action=ACTION_UP, keyCode=KEYCODE_MENU, scanCode=0, metaState=0, flags=0x28, repeatCount=0, eventTime=17177575, downTime=17177575, deviceId=-1, source=0x101 }
09-19 16:12:11.392  6989  6989 W ViewRootImpl[ChatActivity]: Cancelling event due to no window focus: KeyEvent { action=ACTION_UP, keyCode=KEYCODE_MENU, scanCode=0, metaState=0, flags=0x28, repeatCount=0, eventTime=17177575, downTime=17177575, deviceId=-1, source=0x101 }
09-19 16:12:11.392  6989  6989 W ViewRootImpl[ChatActivity]: Cancelling event due to no window focus: KeyEvent { action=ACTION_UP, keyCode=KEYCODE_MENU, scanCode=0, metaState=0, flags=0x28, repeatCount=0, eventTime=17177575, downTime=17177575, deviceId=-1, source=0x101 }
09-19 16:12:11.392  6989  6989 W ViewRootImpl[ChatActivity]: Cancelling event due to no window focus: KeyEvent { action=ACTION_UP, keyCode=KEYCODE_MENU, scanCode=0, metaState=0, flags=0x28, repeatCount=0, eventTime=17177575, downTime=17177575, deviceId=-1, source=0x101 }
09-19 16:12:11.393  6989  6989 W ViewRootImpl[ChatActivity]: Cancelling event due to no window focus: KeyEvent { action=ACTION_UP, keyCode=KEYCODE_MENU, scanCode=0, metaState=0, flags=0x28, repeatCount=0, eventTime=17177575, downTime=17177575, deviceId=-1, source=0x101 }
09-19 16:12:11.393  6989  6989 W ViewRootImpl[ChatActivity]: Cancelling event due to no window focus: KeyEvent { action=ACTION_UP, keyCode=KEYCODE_MENU, scanCode=0, metaState=0, flags=0x28, repeatCount=0, eventTime=17177575, downTime=17177575, deviceId=-1, source=0x101 }
09-19 16:12:11.395  6989  6989 I chatty  : uid=10038(com.litatom.app) expire 174 lines
09-19 16:12:11.398  6989  7121 I chatty  : uid=10038(com.litatom.app) RenderThread expire 46 lines
09-19 16:12:11.489  1698  1698 W ContextImpl: Calling a method in the system process without a qualified user: android.app.ContextImpl.startService:1358 android.content.ContextWrapper.startService:613 android.content.ContextWrapper.startService:613 com.android.coreservice.CoreBroadcastReceiver.onReceive:69 android.app.ActivityThread.handleReceiver:3073 
09-19 16:12:11.491  1302  1323 I ActivityManager: Displayed com.litatom.app/com.lit.app.ui.chat.ChatActivity: +600ms
09-19 16:12:11.770  6989  6998 I chatty  : uid=10038(com.litatom.app) FinalizerDaemon expire 13 lines
09-19 16:12:11.871  6989  7000 I chatty  : uid=10038(com.litatom.app) HeapTaskDaemon expire 1 line
09-19 16:12:12.335  6989  7197 I chatty  : uid=10038(com.litatom.app) glide-source-th expire 2 lines
09-19 16:12:12.422  1121  1136 I FFmpegExtractor: android-source:0xc6c24800
09-19 16:12:12.472  1121  1136 D FFmpegExtractor: supported codec (h264) by official Stagefright
09-19 16:12:12.472  1121  1136 D FFmpegExtractor: supported codec (aac) by official Stagefright
09-19 16:12:12.480  1121  1136 D FFmpegExtractor: ffmpeg detected media content as 'video/mp4' with confidence 0.08
09-19 16:12:12.484  1121  1530 I SampleTable: There are reordered frames present.
09-19 16:12:12.507  1122 12683 I MediaPlayerService: MediaPlayerService::getOMX
09-19 16:12:12.509  1122 12683 I OMXClient: MuxOMX ctor
09-19 16:12:12.509  1119  1133 I OMXMaster: makeComponentInstance(OMX.google.h264.decoder) in mediacodec process
09-19 16:12:12.534  1698  1698 W ContextImpl: Calling a method in the system process without a qualified user: android.app.ContextImpl.startService:1358 android.content.ContextWrapper.startService:613 android.content.ContextWrapper.startService:613 com.android.coreservice.CoreBroadcastReceiver.onReceive:69 android.app.ActivityThread.handleReceiver:3073 
09-19 16:12:12.545  1122 12683 D ACodec  : Setting [OMX.google.h264.decoder] input port buffer number: 1
09-19 16:12:12.546  1122 12683 D ACodec  : Setting [OMX.google.h264.decoder] output port buffer number: 1
09-19 16:12:12.593  1119  1133 D SoftVideoDecoderOMXComponent: Color Aspects preference: 1 
09-19 16:12:12.612  1121  1121 D MediaBufferGroup: creating MemoryDealer
09-19 16:12:12.619  1119 12684 D SoftVideoDecoderOMXComponent: Color Aspects preference: 1 
09-19 16:12:12.884  6989  7121 D EGL_adreno: eglMakeCurrent: 0xa6fbd3c0: ver 3 1 (tinfo 0xa6fd7620)
09-19 16:12:12.892  6989  7121 D EGL_adreno: eglMakeCurrent: 0xa6fbd3c0: ver 3 1 (tinfo 0xa6fd7620)
09-19 16:12:12.923  6989  7121 D EGL_adreno: eglMakeCurrent: 0xa6fbd3c0: ver 3 1 (tinfo 0xa6fd7620)
09-19 16:12:12.928  6989  7121 D EGL_adreno: eglMakeCurrent: 0xa6fbd3c0: ver 3 1 (tinfo 0xa6fd7620)
09-19 16:12:12.933  6989  7121 D EGL_adreno: eglMakeCurrent: 0xa6fbd3c0: ver 3 1 (tinfo 0xa6fd7620)
09-19 16:12:12.944 12680 12680 I appproc : exec app_process! cmdline: /system/bin com.android.commands.am.Am start -n com.litatom.app/com.lit.app.party.PartyChatActivity 
09-19 16:12:12.944 12680 12680 D AndroidRuntime: >>>>>> START com.android.internal.os.RuntimeInit uid 0 <<<<<<
09-19 16:12:12.949 12680 12680 D AndroidRuntime: CheckJNI is OFF
09-19 16:12:12.968  6989  7121 D EGL_adreno: eglMakeCurrent: 0xa6fbd3c0: ver 3 1 (tinfo 0xa6fd7620)
09-19 16:12:12.975  6989  7121 D EGL_adreno: eglMakeCurrent: 0xa6fbd3c0: ver 3 1 (tinfo 0xa6fd7620)
09-19 16:12:13.017  6989  7121 D EGL_adreno: eglMakeCurrent: 0xa6fbd3c0: ver 3 1 (tinfo 0xa6fd7620)
09-19 16:12:13.036  6989  7121 D EGL_adreno: eglMakeCurrent: 0xa6fbd3c0: ver 3 1 (tinfo 0xa6fd7620)
09-19 16:12:13.040 12680 12680 D ICU     : No timezone override file found: /data/misc/zoneinfo/current/icu/icu_tzdata.dat
09-19 16:12:13.044  6989  7121 D EGL_adreno: eglMakeCurrent: 0xa6fbd3c0: ver 3 1 (tinfo 0xa6fd7620)
09-19 16:12:13.075  1302  1314 I ActivityManager: START u0 {cmp=com.litatom.app/com.lit.app.ui.feed.DetailsActivity (has extras)} from uid 10038 on display 0
09-19 16:12:13.075 12680 12680 D libnativebridge: PreInitializeNativeBridge name=unknown instruction_set=x86
09-19 16:12:13.075 12680 12680 D libnativebridge: call UnloadNativeBridge! state=1
09-19 16:12:13.088  1698  1698 W ContextImpl: Calling a method in the system process without a qualified user: android.app.ContextImpl.startService:1358 android.content.ContextWrapper.startService:613 android.content.ContextWrapper.startService:613 com.android.coreservice.CoreBroadcastReceiver.onReceive:44 android.app.ActivityThread.handleReceiver:3073 
09-19 16:12:13.093  6989  7121 D EGL_adreno: eglMakeCurrent: 0xa6fbd3c0: ver 3 1 (tinfo 0xa6fd7620)
09-19 16:12:13.102  6989  7121 D EGL_adreno: eglMakeCurrent: 0xa6fbd3c0: ver 3 1 (tinfo 0xa6fd7620)
09-19 16:12:13.102 12680 12680 E memtrack: Couldn't load memtrack module (No such file or directory)
09-19 16:12:13.102 12680 12680 E android.os.Debug: failed to load memtrack module: -2
09-19 16:12:13.104 12680 12680 I Radio-JNI: register_android_hardware_Radio DONE
09-19 16:12:13.121 12680 12680 D AndroidRuntime: Calling main entry com.android.commands.am.Am
09-19 16:12:13.126  1302  5329 I ActivityManager: START u0 {flg=0x10000000 cmp=com.litatom.app/com.lit.app.party.PartyChatActivity} from uid 0 on display 0
09-19 16:12:13.131  6989  7121 D EGL_adreno: eglMakeCurrent: 0xa6fbd3c0: ver 3 1 (tinfo 0xa6fd7620)
09-19 16:12:13.133  6989  6989 D IMTyping: releaseTyping...
09-19 16:12:13.136  6989  6989 D EMChatManager: convID:love133744951720347
09-19 16:12:13.137  6989  6989 V libnb   : enter native_bridge2_getTrampoline Java_com_hyphenate_chat_adapter_EMAConversation_nativeMarkAllMessagesAsRead, trampoline_addr 0x0
09-19 16:12:13.137  6989  6989 V libnb   : enter native_bridge2_getTrampoline Java_com_hyphenate_chat_adapter_EMAConversation_nativeMarkAllMessagesAsRead__Z, trampoline_addr 0x0
09-19 16:12:13.137  6989  6989 V libnb   : enter native_bridge2_getTrampoline Java_com_hyphenate_chat_adapter_EMAConversation_nativeMarkAllMessagesAsRead, trampoline_addr 0x0
09-19 16:12:13.137  6989  6989 V libnb   : enter native_bridge2_getTrampoline Java_com_hyphenate_chat_adapter_EMAConversation_nativeMarkAllMessagesAsRead__Z, trampoline_addr 0x0
09-19 16:12:13.137  6989  6989 V libnb   : enter native_bridge2_getTrampoline Java_com_hyphenate_chat_adapter_EMAConversation_nativeMarkAllMessagesAsRead, trampoline_addr 0x0
09-19 16:12:13.137  6989  6989 V libnb   : enter native_bridge2_getTrampoline Java_com_hyphenate_chat_adapter_EMAConversation_nativeMarkAllMessagesAsRead__Z, trampoline_addr 0x0
09-19 16:12:13.137  6989  6989 V libnb   : enter native_bridge2_getTrampoline Java_com_hyphenate_chat_adapter_EMAConversation_nativeMarkAllMessagesAsRead, trampoline_addr 0x0
09-19 16:12:13.137  6989  6989 V libnb   : enter native_bridge2_getTrampoline Java_com_hyphenate_chat_adapter_EMAConversation_nativeMarkAllMessagesAsRead__Z, trampoline_addr 0x0
09-19 16:12:13.137  6989  6989 V libnb   : enter native_bridge2_getTrampoline Java_com_hyphenate_chat_adapter_EMAConversation_nativeMarkAllMessagesAsRead, trampoline_addr 0x0
09-19 16:12:13.137  6989  6989 V libnb   : enter native_bridge2_getTrampoline Java_com_hyphenate_chat_adapter_EMAConversation_nativeMarkAllMessagesAsRead__Z, trampoline_addr 0x0
09-19 16:12:13.137  6989  6989 V libnb   : enter native_bridge2_getTrampoline Java_com_hyphenate_chat_adapter_EMAConversation_nativeMarkAllMessagesAsRead, trampoline_addr 0x0
09-19 16:12:13.137  6989  6989 V libnb   : enter native_bridge2_getTrampoline Java_com_hyphenate_chat_adapter_EMAConversation_nativeMarkAllMessagesAsRead__Z, trampoline_addr 0x0
09-19 16:12:13.137  6989  6989 V libnb   : enter native_bridge2_getTrampoline Java_com_hyphenate_chat_adapter_EMAConversation_nativeMarkAllMessagesAsRead, trampoline_addr 0xa700acec
09-19 16:12:13.138  6989  7090 D ONE SDK : [2022/09/19 16:12:13:137]: nativeMarkAllMessagesAsRead
09-19 16:12:13.138  6989  6989 D EventBus: No subscribers registered for event class b.x.a.t.d2
09-19 16:12:13.138  6989  6989 D EventBus: No subscribers registered for event class t.b.a.i
09-19 16:12:13.154 12680 12680 D AndroidRuntime: Shutting down VM
09-19 16:12:13.157  1698  1698 W ContextImpl: Calling a method in the system process without a qualified user: android.app.ContextImpl.startService:1358 android.content.ContextWrapper.startService:613 android.content.ContextWrapper.startService:613 com.android.coreservice.CoreBroadcastReceiver.onReceive:44 android.app.ActivityThread.handleReceiver:3073 
09-19 16:12:13.219  6989  6989 W ViewRootImpl[ChatActivity]: Dropping event due to no window focus: KeyEvent { action=ACTION_DOWN, keyCode=KEYCODE_DPAD_UP, scanCode=0, metaState=0, flags=0x8, repeatCount=0, eventTime=17179875, downTime=17179875, deviceId=-1, source=0x101 }
09-19 16:12:13.220  6989  6989 W ViewRootImpl[ChatActivity]: Cancelling event due to no window focus: KeyEvent { action=ACTION_UP, keyCode=KEYCODE_DPAD_UP, scanCode=0, metaState=0, flags=0x28, repeatCount=0, eventTime=17179900, downTime=17179875, deviceId=-1, source=0x101 }
09-19 16:12:13.220  6989  6989 W ViewRootImpl[ChatActivity]: Cancelling event due to no window focus: KeyEvent { action=ACTION_UP, keyCode=KEYCODE_DPAD_UP, scanCode=0, metaState=0, flags=0x28, repeatCount=0, eventTime=17179900, downTime=17179875, deviceId=-1, source=0x101 }
09-19 16:12:13.220  6989  6989 W ViewRootImpl[ChatActivity]: Cancelling event due to no window focus: KeyEvent { action=ACTION_UP, keyCode=KEYCODE_DPAD_UP, scanCode=0, metaState=0, flags=0x28, repeatCount=0, eventTime=17179900, downTime=17179875, deviceId=-1, source=0x101 }
09-19 16:12:13.220  6989  6989 W ViewRootImpl[PartyChatActivity]: Cancelling event due to no window focus: KeyEvent { action=ACTION_UP, keyCode=KEYCODE_DPAD_UP, scanCode=0, metaState=0, flags=0x28, repeatCount=0, eventTime=17179876, downTime=17179876, deviceId=-1, source=0x101 }
09-19 16:12:13.220  6989  6989 W ViewRootImpl[PartyChatActivity]: Cancelling event due to no window focus: KeyEvent { action=ACTION_UP, keyCode=KEYCODE_DPAD_UP, scanCode=0, metaState=0, flags=0x28, repeatCount=0, eventTime=17179876, downTime=17179876, deviceId=-1, source=0x101 }
09-19 16:12:13.220  6989  6989 W ViewRootImpl[PartyChatActivity]: Cancelling event due to no window focus: KeyEvent { action=ACTION_UP, keyCode=KEYCODE_DPAD_UP, scanCode=0, metaState=0, flags=0x28, repeatCount=0, eventTime=17179876, downTime=17179876, deviceId=-1, source=0x101 }
09-19 16:12:13.221  6989  6989 W ViewRootImpl[ChatActivity]: Cancelling event due to no window focus: KeyEvent { action=ACTION_UP, keyCode=KEYCODE_DPAD_UP, scanCode=0, metaState=0, flags=0x28, repeatCount=0, eventTime=17179900, downTime=17179875, deviceId=-1, source=0x101 }
09-19 16:12:13.221  6989  6989 W ViewRootImpl[ChatActivity]: Cancelling event due to no window focus: KeyEvent { action=ACTION_UP, keyCode=KEYCODE_DPAD_UP, scanCode=0, metaState=0, flags=0x28, repeatCount=0, eventTime=17179900, downTime=17179875, deviceId=-1, source=0x101 }
09-19 16:12:13.221  6989  6989 W ViewRootImpl[ChatActivity]: Cancelling event due to no window focus: KeyEvent { action=ACTION_UP, keyCode=KEYCODE_DPAD_UP, scanCode=0, metaState=0, flags=0x28, repeatCount=0, eventTime=17179900, downTime=17179875, deviceId=-1, source=0x101 }
09-19 16:12:13.221  6989  6989 W ViewRootImpl[ChatActivity]: Cancelling event due to no window focus: KeyEvent { action=ACTION_UP, keyCode=KEYCODE_DPAD_UP, scanCode=0, metaState=0, flags=0x28, repeatCount=0, eventTime=17179900, downTime=17179875, deviceId=-1, source=0x101 }
09-19 16:12:13.221  6989  6989 W ViewRootImpl[ChatActivity]: Cancelling event due to no window focus: KeyEvent { action=ACTION_UP, keyCode=KEYCODE_DPAD_UP, scanCode=0, metaState=0, flags=0x28, repeatCount=0, eventTime=17179900, downTime=17179875, deviceId=-1, source=0x101 }
09-19 16:12:13.221  6989  6989 W ViewRootImpl[ChatActivity]: Cancelling event due to no window focus: KeyEvent { action=ACTION_UP, keyCode=KEYCODE_DPAD_UP, scanCode=0, metaState=0, flags=0x28, repeatCount=0, eventTime=17179900, downTime=17179875, deviceId=-1, source=0x101 }
09-19 16:12:13.221  6989  6989 W ViewRootImpl[PartyChatActivity]: Cancelling event due to no window focus: KeyEvent { action=ACTION_UP, keyCode=KEYCODE_DPAD_UP, scanCode=0, metaState=0, flags=0x28, repeatCount=0, eventTime=17179876, downTime=17179876, deviceId=-1, source=0x101 }
09-19 16:12:13.221  6989  6989 W ViewRootImpl[PartyChatActivity]: Cancelling event due to no window focus: KeyEvent { action=ACTION_UP, keyCode=KEYCODE_DPAD_UP, scanCode=0, metaState=0, flags=0x28, repeatCount=0, eventTime=17179876, downTime=17179876, deviceId=-1, source=0x101 }
09-19 16:12:13.221  6989  6989 W ViewRootImpl[PartyChatActivity]: Cancelling event due to no window focus: KeyEvent { action=ACTION_UP, keyCode=KEYCODE_DPAD_UP, scanCode=0, metaState=0, flags=0x28, repeatCount=0, eventTime=17179876, downTime=17179876, deviceId=-1, source=0x101 }
09-19 16:12:13.221  6989  6989 W ViewRootImpl[PartyChatActivity]: Cancelling event due to no window focus: KeyEvent { action=ACTION_UP, keyCode=KEYCODE_DPAD_UP, scanCode=0, metaState=0, flags=0x28, repeatCount=0, eventTime=17179876, downTime=17179876, deviceId=-1, source=0x101 }
09-19 16:12:13.221  6989  6989 W ViewRootImpl[PartyChatActivity]: Cancelling event due to no window focus: KeyEvent { action=ACTION_UP, keyCode=KEYCODE_DPAD_UP, scanCode=0, metaState=0, flags=0x28, repeatCount=0, eventTime=17179876, downTime=17179876, deviceId=-1, source=0x101 }
09-19 16:12:13.221  6989  6989 W ViewRootImpl[PartyChatActivity]: Cancelling event due to no window focus: KeyEvent { action=ACTION_UP, keyCode=KEYCODE_DPAD_UP, scanCode=0, metaState=0, flags=0x28, repeatCount=0, eventTime=17179876, downTime=17179876, deviceId=-1, source=0x101 }
09-19 16:12:13.226  6989  7121 D EGL_adreno: eglMakeCurrent: 0xa6fbd3c0: ver 3 1 (tinfo 0xa6fd7620)
09-19 16:12:13.232  6989  7121 D EGL_adreno: eglMakeCurrent: 0xa6fbd3c0: ver 3 1 (tinfo 0xa6fd7620)
09-19 16:12:13.279  6989  7121 D EGL_adreno: eglMakeCurrent: 0xa6fbd3c0: ver 3 1 (tinfo 0xa6fd7620)
09-19 16:12:13.301  1302  3016 W InputMethodManagerService: Window already focused, ignoring focus gain of: com.android.internal.view.IInputMethodClient$Stub$Proxy@dc1325d attribute=android.view.inputmethod.EditorInfo@988f7d2, token = android.os.BinderProxy@5ff690f
09-19 16:12:13.310  1698  1698 W ContextImpl: Calling a method in the system process without a qualified user: android.app.ContextImpl.startService:1358 android.content.ContextWrapper.startService:613 android.content.ContextWrapper.startService:613 com.android.coreservice.CoreBroadcastReceiver.onReceive:69 android.app.ActivityThread.handleReceiver:3073 
09-19 16:12:13.321  1698  1698 W ContextImpl: Calling a method in the system process without a qualified user: android.app.ContextImpl.startService:1358 android.content.ContextWrapper.startService:613 android.content.ContextWrapper.startService:613 com.android.coreservice.CoreBroadcastReceiver.onReceive:69 android.app.ActivityThread.handleReceiver:3073 
09-19 16:12:13.325  1698  1698 W ContextImpl: Calling a method in the system process without a qualified user: android.app.ContextImpl.startService:1358 android.content.ContextWrapper.startService:613 android.content.ContextWrapper.startService:613 com.android.coreservice.CoreBroadcastReceiver.onReceive:53 android.app.ActivityThread.handleReceiver:3073 
09-19 16:12:13.326  6989  7121 D EGL_adreno: eglMakeCurrent: 0xa6fbd3c0: ver 3 1 (tinfo 0xa6fd7620)
09-19 16:12:13.392  6989  7121 D EGL_adreno: eglMakeCurrent: 0xa6fbd3c0: ver 3 1 (tinfo 0xa6fd7620)
09-19 16:12:13.453  6989  7121 D EGL_adreno: eglMakeCurrent: 0xa6fbd3c0: ver 3 1 (tinfo 0xa6fd7620)
09-19 16:12:13.460  6989  7121 D EGL_adreno: eglMakeCurrent: 0xa6fbd3c0: ver 3 1 (tinfo 0xa6fd7620)
09-19 16:12:13.475  6989  7121 D EGL_adreno: eglMakeCurrent: 0xa6fbd3c0: ver 3 1 (tinfo 0xa6fd7620)
09-19 16:12:13.487  6989  7121 D EGL_adreno: eglMakeCurrent: 0xa6fbd3c0: ver 3 1 (tinfo 0xa6fd7620)
09-19 16:12:13.543  6989  7121 D EGL_adreno: eglMakeCurrent: 0xa6fbd3c0: ver 3 1 (tinfo 0xa6fd7620)
09-19 16:12:13.557  6989  7121 D EGL_adreno: eglMakeCurrent: 0xa6fbd3c0: ver 3 1 (tinfo 0xa6fd7620)
09-19 16:12:13.591  6989  7121 D EGL_adreno: eglMakeCurrent: 0xa6fbd3c0: ver 3 1 (tinfo 0xa6fd7620)
09-19 16:12:13.606  6989  7121 D EGL_adreno: eglMakeCurrent: 0xa6fbd3c0: ver 3 1 (tinfo 0xa6fd7620)
09-19 16:12:13.645  6989  7121 D EGL_adreno: eglMakeCurrent: 0xa6fbd3c0: ver 3 1 (tinfo 0xa6fd7620)
09-19 16:12:13.654  6989  7121 D EGL_adreno: eglMakeCurrent: 0xa6fbd3c0: ver 3 1 (tinfo 0xa6fd7620)
09-19 16:12:13.684  1302  1316 W ActivityManager: Launch timeout has expired, giving up wake lock!
09-19 16:12:13.694  6989  7121 D EGL_adreno: eglMakeCurrent: 0xa6fbd3c0: ver 3 1 (tinfo 0xa6fd7620)
09-19 16:12:13.708  6989  7121 D EGL_adreno: eglMakeCurrent: 0xa6fbd3c0: ver 3 1 (tinfo 0xa6fd7620)
09-19 16:12:13.826  6989  7121 D EGL_adreno: eglMakeCurrent: 0xa6fbd3c0: ver 3 1 (tinfo 0xa6fd7620)
09-19 16:12:13.837  6989  7121 D EGL_adreno: eglMakeCurrent: 0xa6fbd3c0: ver 3 1 (tinfo 0xa6fd7620)
09-19 16:12:13.843  6989  7121 D EGL_adreno: eglMakeCurrent: 0xa6fbd3c0: ver 3 1 (tinfo 0xa6fd7620)
09-19 16:12:13.853  6989  7121 D EGL_adreno: eglMakeCurrent: 0xa6fbd3c0: ver 3 1 (tinfo 0xa6fd7620)
09-19 16:12:13.892  6989  7121 D EGL_adreno: eglMakeCurrent: 0xa6fbd3c0: ver 3 1 (tinfo 0xa6fd7620)
09-19 16:12:13.895  6989  6989 D EventBus: No subscribers registered for event class b.x.a.t.j
09-19 16:12:13.895  6989  6989 D EventBus: No subscribers registered for event class t.b.a.i
