09-19 11:49:28.328  1698  1698 W ContextImpl: Calling a method in the system process without a qualified user: android.app.ContextImpl.startService:1358 android.content.ContextWrapper.startService:613 android.content.ContextWrapper.startService:613 com.android.coreservice.CoreBroadcastReceiver.onReceive:69 android.app.ActivityThread.handleReceiver:3073 
09-19 11:49:28.923  1698  1698 W ContextImpl: Calling a method in the system process without a qualified user: android.app.ContextImpl.startService:1358 android.content.ContextWrapper.startService:613 android.content.ContextWrapper.startService:613 com.android.coreservice.CoreBroadcastReceiver.onReceive:69 android.app.ActivityThread.handleReceiver:3073 
09-19 11:49:28.997  1698  1698 W ContextImpl: Calling a method in the system process without a qualified user: android.app.ContextImpl.startService:1358 android.content.ContextWrapper.startService:613 android.content.ContextWrapper.startService:613 com.android.coreservice.CoreBroadcastReceiver.onReceive:69 android.app.ActivityThread.handleReceiver:3073 
09-19 11:49:36.628  1302  1316 W ActivityManager: Launch timeout has expired, giving up wake lock!
09-19 11:55:21.823  1302  1644 I ActivityManager: Force stopping com.litatom.app appid=10038 user=0: from pid 1698
09-19 11:55:21.823  1302  1644 I ActivityManager: Killing 3504:com.litatom.app/u0a38 (adj 0): stop com.litatom.app
09-19 11:55:21.828  1302  1644 D ActivityManager: cleanUpApplicationRecord -- 3504
09-19 11:55:21.846  1302  5331 D ConnectivityService: ConnectivityService NetworkRequestInfo binderDied(NetworkRequest [ LISTEN id=12, [ Transports: CELLULAR|WIFI|ETHERNET Capabilities: NOT_RESTRICTED&TRUSTED&NOT_VPN&FOREGROUND] ], android.os.BinderProxy@e6f2701)
09-19 11:55:21.846  1302  5329 D ConnectivityService: ConnectivityService NetworkRequestInfo binderDied(NetworkRequest [ TRACK_DEFAULT id=15, [ Capabilities: INTERNET&NOT_RESTRICTED&TRUSTED&NOT_VPN] ], android.os.BinderProxy@d8bafe7)
09-19 11:55:21.846  1302  1314 D ConnectivityService: ConnectivityService NetworkRequestInfo binderDied(NetworkRequest [ TRACK_DEFAULT id=13, [ Capabilities: INTERNET&NOT_RESTRICTED&TRUSTED&NOT_VPN] ], android.os.BinderProxy@efc19a6)
09-19 11:55:21.846  1302  3020 D ConnectivityService: ConnectivityService NetworkRequestInfo binderDied(NetworkRequest [ LISTEN id=16, [ Capabilities: INTERNET&NOT_RESTRICTED&TRUSTED&FOREGROUND] ], android.os.BinderProxy@7bc7794)
09-19 11:55:21.847  1302  3016 D ConnectivityService: ConnectivityService NetworkRequestInfo binderDied(NetworkRequest [ LISTEN id=14, [ Transports: CELLULAR|WIFI|ETHERNET Capabilities: NOT_RESTRICTED&TRUSTED&NOT_VPN&FOREGROUND] ], android.os.BinderProxy@826323d)
09-19 11:55:21.847  1302  3017 I WindowManager: WIN DEATH: Window{82d71ef u0 com.litatom.app/com.lit.app.party.list.PartyListActivity}
09-19 11:55:21.847  1302  3015 D ConnectivityService: ConnectivityService NetworkRequestInfo binderDied(NetworkRequest [ LISTEN id=17, [ Capabilities: NOT_RESTRICTED&TRUSTED&NOT_VPN&FOREGROUND] ], android.os.BinderProxy@3c02a32)
09-19 11:55:21.849  1302  1644 W ActivityManager: Force removing ActivityRecord{4019288 u0 com.litatom.app/com.lit.app.party.list.PartyListActivity t5}: app died, no saved state
09-19 11:55:21.852  1302  1617 I WindowManager: WIN DEATH: Window{35f57a3 u0 com.litatom.app/com.lit.app.party.list.PartyListActivity}
09-19 11:55:21.868  1302  1545 I WindowManager: WIN DEATH: Window{6f0eb3d u0 com.litatom.app/com.lit.app.ui.MainActivity}
09-19 11:55:21.888  1302  1644 W ActivityManager: Force removing ActivityRecord{3135eda u0 com.litatom.app/com.lit.app.ui.MainActivity t5}: app died, no saved state
09-19 11:55:21.911  1302  1362 E ConnectivityService: RemoteException caught trying to send a callback msg for NetworkRequest [ LISTEN id=12, [ Transports: CELLULAR|WIFI|ETHERNET Capabilities: NOT_RESTRICTED&TRUSTED&NOT_VPN&FOREGROUND] ]
09-19 11:55:21.911  1302  1362 D ConnectivityService: releasing NetworkRequest [ TRACK_DEFAULT id=15, [ Capabilities: INTERNET&NOT_RESTRICTED&TRUSTED&NOT_VPN] ]
09-19 11:55:21.911  1302  1362 E ConnectivityService: RemoteException caught trying to send a callback msg for NetworkRequest [ TRACK_DEFAULT id=15, [ Capabilities: INTERNET&NOT_RESTRICTED&TRUSTED&NOT_VPN] ]
09-19 11:55:21.911  1302  1362 D ConnectivityService: releasing NetworkRequest [ TRACK_DEFAULT id=13, [ Capabilities: INTERNET&NOT_RESTRICTED&TRUSTED&NOT_VPN] ]
09-19 11:55:21.912  1302  1362 E ConnectivityService: RemoteException caught trying to send a callback msg for NetworkRequest [ TRACK_DEFAULT id=13, [ Capabilities: INTERNET&NOT_RESTRICTED&TRUSTED&NOT_VPN] ]
09-19 11:55:21.912  1302  1362 E ConnectivityService: RemoteException caught trying to send a callback msg for NetworkRequest [ LISTEN id=16, [ Capabilities: INTERNET&NOT_RESTRICTED&TRUSTED&FOREGROUND] ]
09-19 11:55:21.912  1302  1362 E ConnectivityService: RemoteException caught trying to send a callback msg for NetworkRequest [ LISTEN id=14, [ Transports: CELLULAR|WIFI|ETHERNET Capabilities: NOT_RESTRICTED&TRUSTED&NOT_VPN&FOREGROUND] ]
09-19 11:55:21.912  1302  1362 E ConnectivityService: RemoteException caught trying to send a callback msg for NetworkRequest [ LISTEN id=17, [ Capabilities: NOT_RESTRICTED&TRUSTED&NOT_VPN&FOREGROUND] ]
09-19 11:55:22.058  1698  1698 W ContextImpl: Calling a method in the system process without a qualified user: android.app.ContextImpl.startService:1358 android.content.ContextWrapper.startService:613 android.content.ContextWrapper.startService:613 com.android.coreservice.CoreBroadcastReceiver.onReceive:53 android.app.ActivityThread.handleReceiver:3073 
09-19 11:55:22.100  1302  5330 W ActivityManager: Spurious death for ProcessRecord{97d8ac8 0:com.litatom.app/u0a38}, curProc for 3504: null
09-19 11:55:22.126  1302  5330 W ActivityManager: Request to remove task ignored for non-existent task 5
09-19 11:55:22.132  1698  1698 W ContextImpl: Calling a method in the system process without a qualified user: android.app.ContextImpl.sendBroadcast:893 android.content.ContextWrapper.sendBroadcast:426 com.android.coreservice.TabManager.notifyClosing:345 com.android.coreservice.TabManager.updateInner:182 com.android.coreservice.TabManager.onUpdate:217 
09-19 11:55:22.133  1698  1698 W ContextImpl: Calling a method in the system process without a qualified user: android.app.ContextImpl.startService:1358 android.content.ContextWrapper.startService:613 android.content.ContextWrapper.startService:613 com.android.coreservice.CoreBroadcastReceiver.onReceive:44 android.app.ActivityThread.handleReceiver:3073 
09-19 11:55:22.134  1698  1698 W ContextImpl: Calling a method in the system process without a qualified user: android.app.ContextImpl.startService:1358 android.content.ContextWrapper.startService:613 android.content.ContextWrapper.startService:613 com.android.coreservice.CoreBroadcastReceiver.onReceive:53 android.app.ActivityThread.handleReceiver:3073 
09-19 11:55:22.205  1698  1698 W ContextImpl: Calling a method in the system process without a qualified user: android.app.ContextImpl.startService:1358 android.content.ContextWrapper.startService:613 android.content.ContextWrapper.startService:613 com.android.coreservice.CoreBroadcastReceiver.onReceive:69 android.app.ActivityThread.handleReceiver:3073 
09-19 11:55:53.283  1302  1319 E BatteryStatsService: no controller energy info supplied
09-19 11:55:53.283  1302  1319 E BatteryStatsService: no controller energy info supplied
09-19 11:55:53.303  1302  1319 E KernelCpuSpeedReader: Failed to read cpu-freq: /sys/devices/system/cpu/cpu0/cpufreq/stats/time_in_state (No such file or directory)
09-19 11:55:53.303  1302  1319 E KernelUidCpuTimeReader: Failed to read uid_cputime: /proc/uid_cputime/show_uid_stat (No such file or directory)
09-19 11:55:53.303  1302  1319 E BatteryStatsService: modem info is invalid: ModemActivityInfo{ mTimestamp=0 mSleepTimeMs=0 mIdleTimeMs=0 mTxTimeMs[]=[0, 0, 0, 0, 0] mRxTimeMs=0 mEnergyUsed=0}
09-19 11:56:00.008  1302  1316 I ProcessStatsService: Prepared write state in 6ms
09-19 11:56:00.010  1302  1316 I ProcessStatsService: Prepared write state in 1ms
09-19 11:56:00.011  1302  1315 I ProcessStatsService: Pruning old procstats: /data/system/procstats/state-2022-08-26-21-27-10.bin
09-19 12:00:52.028  1302  1617 I ActivityManager: START u0 {flg=0x10000000 cmp=com.litatom.app/com.lit.app.party.PartyChatActivity} from uid 0 on display 0
09-19 12:00:52.031  1698  1698 W ContextImpl: Calling a method in the system process without a qualified user: android.app.ContextImpl.startService:1358 android.content.ContextWrapper.startService:613 android.content.ContextWrapper.startService:613 com.android.coreservice.CoreBroadcastReceiver.onReceive:44 android.app.ActivityThread.handleReceiver:3073 
09-19 12:00:52.066  1302  5330 I ActivityManager: Start proc 5388:com.litatom.app/u0a38 for activity com.litatom.app/com.lit.app.party.PartyChatActivity
09-19 12:00:52.085  1698  1698 W ContextImpl: Calling a method in the system process without a qualified user: android.app.ContextImpl.startService:1358 android.content.ContextWrapper.startService:613 android.content.ContextWrapper.startService:613 com.android.coreservice.CoreBroadcastReceiver.onReceive:53 android.app.ActivityThread.handleReceiver:3073 
09-19 12:00:52.336  1302  1316 W BroadcastQueue: Skipping deliver [background] BroadcastRecord{bb6edc4 u-1 android.net.conn.CONNECTIVITY_CHANGE} to ReceiverList{2ed24ad 5402 (unknown name)/0/u-1 remote:1543856}: process crashing
09-19 12:00:52.388  1302  5329 I ActivityManager: START u0 {act=android.intent.action.MAIN cat=[android.intent.category.LAUNCHER] flg=0x10200000 cmp=com.litatom.app/com.lit.app.ui.SplashActivity} from uid 0 on display 0
09-19 12:00:52.562  5388  5421 E ActivityThread: Failed to find provider info for com.google.android.gms.chimera
09-19 12:00:52.898  1302  5331 W InputMethodManagerService: Window already focused, ignoring focus gain of: com.android.internal.view.IInputMethodClient$Stub$Proxy@249fc2e attribute=null, token = android.os.BinderProxy@e55e60
09-19 12:00:52.898  1698  1698 W ContextImpl: Calling a method in the system process without a qualified user: android.app.ContextImpl.startService:1358 android.content.ContextWrapper.startService:613 android.content.ContextWrapper.startService:613 com.android.coreservice.CoreBroadcastReceiver.onReceive:44 android.app.ActivityThread.handleReceiver:3073 
09-19 12:00:52.997  1302  1316 W BroadcastQueue: Permission Denial: broadcasting Intent { act=android.net.conn.CONNECTIVITY_CHANGE flg=0x4000010 (has extras) } from null (pid=-1, uid=-1) requires com.tencent.bugly.BuglyBroadcastReceiver.permission due to registered receiver BroadcastFilter{cfb3c65 u0 ReceiverList{704315c 5388 com.litatom.app/10038/u0 remote:dea93cf}}
09-19 12:00:53.397  1302  1316 W ActivityManager: Activity pause timeout for ActivityRecord{8cecd8a u0 com.litatom.app/com.lit.app.party.PartyChatActivity t6}
09-19 12:00:53.403  1698  1698 W ContextImpl: Calling a method in the system process without a qualified user: android.app.ContextImpl.startService:1358 android.content.ContextWrapper.startService:613 android.content.ContextWrapper.startService:613 com.android.coreservice.CoreBroadcastReceiver.onReceive:53 android.app.ActivityThread.handleReceiver:3073 
09-19 12:00:53.422  1698  1698 W ContextImpl: Calling a method in the system process without a qualified user: android.app.ContextImpl.startService:1358 android.content.ContextWrapper.startService:613 android.content.ContextWrapper.startService:613 com.android.coreservice.CoreBroadcastReceiver.onReceive:69 android.app.ActivityThread.handleReceiver:3073 
09-19 12:00:53.541  1302  1644 D TaskPersister: getImageFromWriteQueue return null! filePath=/data/system_ce/0/recent_images/6_task_thumbnail.png
09-19 12:00:53.606  1698  1698 W ContextImpl: Calling a method in the system process without a qualified user: android.app.ContextImpl.startService:1358 android.content.ContextWrapper.startService:613 android.content.ContextWrapper.startService:613 com.android.coreservice.CoreBroadcastReceiver.onReceive:53 android.app.ActivityThread.handleReceiver:3073 
09-19 12:00:53.610  1698  1698 W ContextImpl: Calling a method in the system process without a qualified user: android.app.ContextImpl.sendBroadcast:893 android.content.ContextWrapper.sendBroadcast:426 com.android.coreservice.TabManager.notifyClosing:345 com.android.coreservice.TabManager.updateInner:182 com.android.coreservice.TabManager.onUpdate:217 
09-19 12:00:53.762  1302  1313 W ActivityManager: Unable to start service Intent { cmp=com.litatom.app/com.hyphenate.chat.EMChatService } U=0: not found
09-19 12:00:53.763  1302  1644 W ActivityManager: Unable to start service Intent { cmp=com.litatom.app/com.hyphenate.chat.EMJobService } U=0: not found
09-19 12:00:53.898  1302  1314 I ActivityManager: Activity reported stop, but no longer stopping: ActivityRecord{8cecd8a u0 com.litatom.app/com.lit.app.party.PartyChatActivity t6 f}
09-19 12:00:53.972  1698  1698 W ContextImpl: Calling a method in the system process without a qualified user: android.app.ContextImpl.startService:1358 android.content.ContextWrapper.startService:613 android.content.ContextWrapper.startService:613 com.android.coreservice.CoreBroadcastReceiver.onReceive:69 android.app.ActivityThread.handleReceiver:3073 
09-19 12:00:54.087  1698  1698 W ContextImpl: Calling a method in the system process without a qualified user: android.app.ContextImpl.startService:1358 android.content.ContextWrapper.startService:613 android.content.ContextWrapper.startService:613 com.android.coreservice.CoreBroadcastReceiver.onReceive:69 android.app.ActivityThread.handleReceiver:3073 
09-19 12:00:54.993  1698  1698 W ContextImpl: Calling a method in the system process without a qualified user: android.app.ContextImpl.startService:1358 android.content.ContextWrapper.startService:613 android.content.ContextWrapper.startService:613 com.android.coreservice.CoreBroadcastReceiver.onReceive:69 android.app.ActivityThread.handleReceiver:3073 
09-19 12:00:54.995  1698  1698 W ContextImpl: Calling a method in the system process without a qualified user: android.app.ContextImpl.startService:1358 android.content.ContextWrapper.startService:613 android.content.ContextWrapper.startService:613 com.android.coreservice.CoreBroadcastReceiver.onReceive:69 android.app.ActivityThread.handleReceiver:3073 
09-19 12:00:55.976  1698  1698 W ContextImpl: Calling a method in the system process without a qualified user: android.app.ContextImpl.startService:1358 android.content.ContextWrapper.startService:613 android.content.ContextWrapper.startService:613 com.android.coreservice.CoreBroadcastReceiver.onReceive:69 android.app.ActivityThread.handleReceiver:3073 
09-19 12:00:55.978  1698  1698 W ContextImpl: Calling a method in the system process without a qualified user: android.app.ContextImpl.startService:1358 android.content.ContextWrapper.startService:613 android.content.ContextWrapper.startService:613 com.android.coreservice.CoreBroadcastReceiver.onReceive:69 android.app.ActivityThread.handleReceiver:3073 
09-19 12:00:56.496  1752  1752 W ViewRootImpl[PopupWindow:684c889]: Dropping event due to root view being removed: MotionEvent { action=ACTION_UP, actionButton=0, id[0]=0, x[0]=504.7561, y[0]=1632.4683, toolType[0]=TOOL_TYPE_UNKNOWN, buttonState=0, metaState=0, flags=0x0, edgeFlags=0x0, pointerCount=1, historySize=0, eventTime=2103209, downTime=2103209, deviceId=0, source=0x1002 }
09-19 12:00:56.499  1698  1698 W ContextImpl: Calling a method in the system process without a qualified user: android.app.ContextImpl.startService:1358 android.content.ContextWrapper.startService:613 android.content.ContextWrapper.startService:613 com.android.coreservice.CoreBroadcastReceiver.onReceive:69 android.app.ActivityThread.handleReceiver:3073 
09-19 12:00:56.500  1698  1698 W ContextImpl: Calling a method in the system process without a qualified user: android.app.ContextImpl.startService:1358 android.content.ContextWrapper.startService:613 android.content.ContextWrapper.startService:613 com.android.coreservice.CoreBroadcastReceiver.onReceive:69 android.app.ActivityThread.handleReceiver:3073 
09-19 12:00:59.014  1302  1643 I ActivityManager: Setting hasTopUi=true for pid=1394
09-19 12:00:59.539  1302  3020 W InputMethodManagerService: Window already focused, ignoring focus gain of: com.android.internal.view.IInputMethodClient$Stub$Proxy@8d2c2f9 attribute=android.view.inputmethod.EditorInfo@ebb123e, token = android.os.BinderProxy@e55e60
09-19 12:00:59.540  1698  1698 W ContextImpl: Calling a method in the system process without a qualified user: android.app.ContextImpl.startService:1358 android.content.ContextWrapper.startService:613 android.content.ContextWrapper.startService:613 com.android.coreservice.CoreBroadcastReceiver.onReceive:69 android.app.ActivityThread.handleReceiver:3073 
09-19 12:00:59.553  1302  3016 I ActivityManager: Setting hasTopUi=false for pid=1394
09-19 12:01:00.018  1302  1347 I ActivityManager: START u0 {act=android.intent.action.MAIN cat=[android.intent.category.HOME] flg=0x10200000 cmp=com.android.launcher3/.Launcher (has extras)} from uid 1000 on display 0
09-19 12:01:00.535  1302  1545 I ActivityManager: START u0 {flg=0x10200000 cmp=com.android.flysilkworm/.app.activity.FrameworkActivity (has extras)} from uid 10029 on display 0
09-19 12:01:02.551  1302  3017 I ActivityManager: Setting hasTopUi=true for pid=1394
09-19 12:01:03.056  1752  1752 W ViewRootImpl[Launcher]: Cancelling event due to no window focus: KeyEvent { action=ACTION_UP, keyCode=KEYCODE_DPAD_RIGHT, scanCode=0, metaState=0, flags=0x28, repeatCount=0, eventTime=2109785, downTime=2109785, deviceId=-1, source=0x101 }
09-19 12:01:03.056  1752  1752 W ViewRootImpl[Launcher]: Cancelling event due to no window focus: KeyEvent { action=ACTION_UP, keyCode=KEYCODE_DPAD_RIGHT, scanCode=0, metaState=0, flags=0x28, repeatCount=0, eventTime=2109785, downTime=2109785, deviceId=-1, source=0x101 }
09-19 12:01:03.057  1752  1752 W ViewRootImpl[Launcher]: Cancelling event due to no window focus: KeyEvent { action=ACTION_UP, keyCode=KEYCODE_DPAD_RIGHT, scanCode=0, metaState=0, flags=0x28, repeatCount=0, eventTime=2109785, downTime=2109785, deviceId=-1, source=0x101 }
09-19 12:01:03.057  1302  1313 W InputMethodManagerService: Window already focused, ignoring focus gain of: com.android.internal.view.IInputMethodClient$Stub$Proxy@471fe84 attribute=android.view.inputmethod.EditorInfo@e2dc66d, token = android.os.BinderProxy@e55e60
09-19 12:01:03.059  1698  1698 W ContextImpl: Calling a method in the system process without a qualified user: android.app.ContextImpl.startService:1358 android.content.ContextWrapper.startService:613 android.content.ContextWrapper.startService:613 com.android.coreservice.CoreBroadcastReceiver.onReceive:69 android.app.ActivityThread.handleReceiver:3073 
09-19 12:01:03.071  1302  5329 I ActivityManager: Setting hasTopUi=false for pid=1394
09-19 12:01:04.061  1302  1545 I ActivityManager: START u0 {flg=0x10200000 cmp=com.android.flysilkworm/.app.activity.FrameworkActivity (has extras)} from uid 10029 on display 0
09-19 12:01:04.564  1302  5330 I ActivityManager: START u0 {flg=0x10200000 cmp=com.android.flysilkworm/.app.activity.FrameworkActivity (has extras)} from uid 10029 on display 0
09-19 12:01:05.586  1698  1698 W ContextImpl: Calling a method in the system process without a qualified user: android.app.ContextImpl.startService:1358 android.content.ContextWrapper.startService:613 android.content.ContextWrapper.startService:613 com.android.coreservice.CoreBroadcastReceiver.onReceive:69 android.app.ActivityThread.handleReceiver:3073 
09-19 12:01:06.087  1698  1698 W ContextImpl: Calling a method in the system process without a qualified user: android.app.ContextImpl.startService:1358 android.content.ContextWrapper.startService:613 android.content.ContextWrapper.startService:613 com.android.coreservice.CoreBroadcastReceiver.onReceive:69 android.app.ActivityThread.handleReceiver:3073 
09-19 12:01:06.603  1698  1698 W ContextImpl: Calling a method in the system process without a qualified user: android.app.ContextImpl.startService:1358 android.content.ContextWrapper.startService:613 android.content.ContextWrapper.startService:613 com.android.coreservice.CoreBroadcastReceiver.onReceive:69 android.app.ActivityThread.handleReceiver:3073 
09-19 12:01:08.139  1698  1698 W ContextImpl: Calling a method in the system process without a qualified user: android.app.ContextImpl.startService:1358 android.content.ContextWrapper.startService:613 android.content.ContextWrapper.startService:613 com.android.coreservice.CoreBroadcastReceiver.onReceive:69 android.app.ActivityThread.handleReceiver:3073 
09-19 12:01:08.256  1698  1698 W ContextImpl: Calling a method in the system process without a qualified user: android.app.ContextImpl.startService:1358 android.content.ContextWrapper.startService:613 android.content.ContextWrapper.startService:613 com.android.coreservice.CoreBroadcastReceiver.onReceive:69 android.app.ActivityThread.handleReceiver:3073 
09-19 12:01:08.624  1302  5331 I ActivityManager: START u0 {act=android.intent.action.MAIN cat=[android.intent.category.LAUNCHER] flg=0x10200000 cmp=com.android.settings/.Settings bnds=[87,437][264,666] (has extras)} from uid 10029 on display 0
09-19 12:01:09.636  1302  1313 I ActivityManager: START u0 {act=android.intent.action.MAIN cat=[android.intent.category.LAUNCHER] flg=0x10200000 cmp=com.cyanogenmod.filemanager/.activities.NavigationActivity bnds=[441,437][618,666] (has extras)} from uid 10029 on display 0
09-19 12:01:11.174  1698  1698 W ContextImpl: Calling a method in the system process without a qualified user: android.app.ContextImpl.startService:1358 android.content.ContextWrapper.startService:613 android.content.ContextWrapper.startService:613 com.android.coreservice.CoreBroadcastReceiver.onReceive:69 android.app.ActivityThread.handleReceiver:3073 
09-19 12:01:11.176  1698  1698 W ContextImpl: Calling a method in the system process without a qualified user: android.app.ContextImpl.startService:1358 android.content.ContextWrapper.startService:613 android.content.ContextWrapper.startService:613 com.android.coreservice.CoreBroadcastReceiver.onReceive:69 android.app.ActivityThread.handleReceiver:3073 
09-19 12:01:13.194  1698  1698 W ContextImpl: Calling a method in the system process without a qualified user: android.app.ContextImpl.startService:1358 android.content.ContextWrapper.startService:613 android.content.ContextWrapper.startService:613 com.android.coreservice.CoreBroadcastReceiver.onReceive:69 android.app.ActivityThread.handleReceiver:3073 
09-19 12:01:13.194  1698  1698 W ContextImpl: Calling a method in the system process without a qualified user: android.app.ContextImpl.startService:1358 android.content.ContextWrapper.startService:613 android.content.ContextWrapper.startService:613 com.android.coreservice.CoreBroadcastReceiver.onReceive:69 android.app.ActivityThread.handleReceiver:3073 
09-19 12:01:14.213  1752  1752 W ViewRootImpl[PopupWindow:be9beb2]: Dropping event due to root view being removed: MotionEvent { action=ACTION_UP, actionButton=0, id[0]=0, x[0]=-7.8437653, y[0]=1595.731, toolType[0]=TOOL_TYPE_UNKNOWN, buttonState=0, metaState=0, flags=0x0, edgeFlags=0x0, pointerCount=1, historySize=0, eventTime=2120928, downTime=2120927, deviceId=0, source=0x1002 }
09-19 12:01:14.215  1698  1698 W ContextImpl: Calling a method in the system process without a qualified user: android.app.ContextImpl.startService:1358 android.content.ContextWrapper.startService:613 android.content.ContextWrapper.startService:613 com.android.coreservice.CoreBroadcastReceiver.onReceive:69 android.app.ActivityThread.handleReceiver:3073 
09-19 12:01:14.217  1698  1698 W ContextImpl: Calling a method in the system process without a qualified user: android.app.ContextImpl.startService:1358 android.content.ContextWrapper.startService:613 android.content.ContextWrapper.startService:613 com.android.coreservice.CoreBroadcastReceiver.onReceive:69 android.app.ActivityThread.handleReceiver:3073 
09-19 12:01:15.236  1698  1698 W ContextImpl: Calling a method in the system process without a qualified user: android.app.ContextImpl.startService:1358 android.content.ContextWrapper.startService:613 android.content.ContextWrapper.startService:613 com.android.coreservice.CoreBroadcastReceiver.onReceive:69 android.app.ActivityThread.handleReceiver:3073 
09-19 12:01:15.729  1302  3016 I ActivityManager: Setting hasTopUi=true for pid=1394
09-19 12:01:16.241  1302  3015 W InputMethodManagerService: Window already focused, ignoring focus gain of: com.android.internal.view.IInputMethodClient$Stub$Proxy@f00879e attribute=null, token = android.os.BinderProxy@e55e60
09-19 12:01:16.254  1302  5332 I ActivityManager: Setting hasTopUi=false for pid=1394
09-19 12:01:19.262  1302  3015 I ActivityManager: START u0 {act=android.intent.action.MAIN cat=[android.intent.category.LAUNCHER] flg=0x10200000 cmp=com.litatom.app/com.lit.app.ui.SplashActivity} from uid 0 on display 0
09-19 12:01:19.266  1698  1698 W ContextImpl: Calling a method in the system process without a qualified user: android.app.ContextImpl.startService:1358 android.content.ContextWrapper.startService:613 android.content.ContextWrapper.startService:613 com.android.coreservice.CoreBroadcastReceiver.onReceive:44 android.app.ActivityThread.handleReceiver:3073 
09-19 12:01:19.380  1302  3017 I ActivityManager: START u0 {flg=0x10000000 cmp=com.litatom.app/com.lit.app.ui.MainActivity (has extras)} from uid 10038 on display 0
09-19 12:01:19.382  1698  1698 W ContextImpl: Calling a method in the system process without a qualified user: android.app.ContextImpl.startService:1358 android.content.ContextWrapper.startService:613 android.content.ContextWrapper.startService:613 com.android.coreservice.CoreBroadcastReceiver.onReceive:44 android.app.ActivityThread.handleReceiver:3073 
09-19 12:01:19.434  1698  1698 W ContextImpl: Calling a method in the system process without a qualified user: android.app.ContextImpl.startService:1358 android.content.ContextWrapper.startService:613 android.content.ContextWrapper.startService:613 com.android.coreservice.CoreBroadcastReceiver.onReceive:53 android.app.ActivityThread.handleReceiver:3073 
09-19 12:01:20.318  1302  3016 D ConnectivityService: requestNetwork for uid/pid:10038/5388 NetworkRequest [ TRACK_DEFAULT id=20, [ Capabilities: INTERNET&NOT_RESTRICTED&TRUSTED&NOT_VPN] ]
09-19 12:01:20.408  1698  1698 W ContextImpl: Calling a method in the system process without a qualified user: android.app.ContextImpl.startService:1358 android.content.ContextWrapper.startService:613 android.content.ContextWrapper.startService:613 com.android.coreservice.CoreBroadcastReceiver.onReceive:53 android.app.ActivityThread.handleReceiver:3073 
09-19 12:01:20.603  5388  5388 W ViewRootImpl[MainActivity]: Dropping event due to no window focus: KeyEvent { action=ACTION_DOWN, keyCode=KEYCODE_DPAD_UP, scanCode=0, metaState=0, flags=0x8, repeatCount=0, eventTime=2126497, downTime=2126497, deviceId=-1, source=0x101 }
09-19 12:01:20.633  5388  5388 W ViewRootImpl[MainActivity]: Cancelling event due to no window focus: KeyEvent { action=ACTION_UP, keyCode=KEYCODE_DPAD_UP, scanCode=0, metaState=0, flags=0x28, repeatCount=0, eventTime=2127268, downTime=2127268, deviceId=-1, source=0x101 }
09-19 12:01:20.633  5388  5388 W ViewRootImpl[MainActivity]: Cancelling event due to no window focus: KeyEvent { action=ACTION_UP, keyCode=KEYCODE_DPAD_UP, scanCode=0, metaState=0, flags=0x28, repeatCount=0, eventTime=2127268, downTime=2127268, deviceId=-1, source=0x101 }
09-19 12:01:20.633  5388  5388 W ViewRootImpl[MainActivity]: Cancelling event due to no window focus: KeyEvent { action=ACTION_UP, keyCode=KEYCODE_DPAD_UP, scanCode=0, metaState=0, flags=0x28, repeatCount=0, eventTime=2127268, downTime=2127268, deviceId=-1, source=0x101 }
09-19 12:01:20.633  5388  5388 W ViewRootImpl[MainActivity]: Cancelling event due to no window focus: KeyEvent { action=ACTION_UP, keyCode=KEYCODE_DPAD_UP, scanCode=0, metaState=0, flags=0x28, repeatCount=0, eventTime=2127268, downTime=2127268, deviceId=-1, source=0x101 }
09-19 12:01:20.634  5388  5388 W ViewRootImpl[MainActivity]: Cancelling event due to no window focus: KeyEvent { action=ACTION_UP, keyCode=KEYCODE_DPAD_UP, scanCode=0, metaState=0, flags=0x28, repeatCount=0, eventTime=2127268, downTime=2127268, deviceId=-1, source=0x101 }
09-19 12:01:20.634  5388  5388 W ViewRootImpl[MainActivity]: Cancelling event due to no window focus: KeyEvent { action=ACTION_UP, keyCode=KEYCODE_DPAD_UP, scanCode=0, metaState=0, flags=0x28, repeatCount=0, eventTime=2127268, downTime=2127268, deviceId=-1, source=0x101 }
09-19 12:01:20.635  5388  5388 W ViewRootImpl[MainActivity]: Cancelling event due to no window focus: KeyEvent { action=ACTION_UP, keyCode=KEYCODE_DPAD_UP, scanCode=0, metaState=0, flags=0x28, repeatCount=0, eventTime=2127268, downTime=2127268, deviceId=-1, source=0x101 }
09-19 12:01:20.635  5388  5388 W ViewRootImpl[MainActivity]: Cancelling event due to no window focus: KeyEvent { action=ACTION_UP, keyCode=KEYCODE_DPAD_UP, scanCode=0, metaState=0, flags=0x28, repeatCount=0, eventTime=2127268, downTime=2127268, deviceId=-1, source=0x101 }
09-19 12:01:20.635  5388  5388 W ViewRootImpl[MainActivity]: Cancelling event due to no window focus: KeyEvent { action=ACTION_UP, keyCode=KEYCODE_DPAD_UP, scanCode=0, metaState=0, flags=0x28, repeatCount=0, eventTime=2127268, downTime=2127268, deviceId=-1, source=0x101 }
09-19 12:01:20.703  1698  1698 W ContextImpl: Calling a method in the system process without a qualified user: android.app.ContextImpl.startService:1358 android.content.ContextWrapper.startService:613 android.content.ContextWrapper.startService:613 com.android.coreservice.CoreBroadcastReceiver.onReceive:69 android.app.ActivityThread.handleReceiver:3073 
09-19 12:01:20.708  1698  1698 W ContextImpl: Calling a method in the system process without a qualified user: android.app.ContextImpl.startService:1358 android.content.ContextWrapper.startService:613 android.content.ContextWrapper.startService:613 com.android.coreservice.CoreBroadcastReceiver.onReceive:69 android.app.ActivityThread.handleReceiver:3073 
09-19 12:01:22.206  1698  1698 W ContextImpl: Calling a method in the system process without a qualified user: android.app.ContextImpl.startService:1358 android.content.ContextWrapper.startService:613 android.content.ContextWrapper.startService:613 com.android.coreservice.CoreBroadcastReceiver.onReceive:69 android.app.ActivityThread.handleReceiver:3073 
09-19 12:01:22.701  1302  1347 I ActivityManager: START u0 {act=android.intent.action.MAIN cat=[android.intent.category.HOME] flg=0x10200000 cmp=com.android.launcher3/.Launcher (has extras)} from uid 1000 on display 0
09-19 12:01:23.733  1302  5333 I ActivityManager: START u0 {cmp=com.litatom.app/com.lit.app.ui.me.UserDetailActivity (has extras)} from uid 10038 on display 0
09-19 12:01:23.736  1698  1698 W ContextImpl: Calling a method in the system process without a qualified user: android.app.ContextImpl.startService:1358 android.content.ContextWrapper.startService:613 android.content.ContextWrapper.startService:613 com.android.coreservice.CoreBroadcastReceiver.onReceive:44 android.app.ActivityThread.handleReceiver:3073 
09-19 12:01:23.838  1698  1698 W ContextImpl: Calling a method in the system process without a qualified user: android.app.ContextImpl.startService:1358 android.content.ContextWrapper.startService:613 android.content.ContextWrapper.startService:613 com.android.coreservice.CoreBroadcastReceiver.onReceive:53 android.app.ActivityThread.handleReceiver:3073 
09-19 12:01:23.923  1698  1698 W ContextImpl: Calling a method in the system process without a qualified user: android.app.ContextImpl.startService:1358 android.content.ContextWrapper.startService:613 android.content.ContextWrapper.startService:613 com.android.coreservice.CoreBroadcastReceiver.onReceive:69 android.app.ActivityThread.handleReceiver:3073 
09-19 12:01:25.244  1302  3019 I ActivityManager: START u0 {act=android.intent.action.MAIN cat=[android.intent.category.LAUNCHER] flg=0x10200000 cmp=com.litatom.app/com.lit.app.ui.SplashActivity} from uid 0 on display 0
09-19 12:01:27.327  1698  1698 W ContextImpl: Calling a method in the system process without a qualified user: android.app.ContextImpl.startService:1358 android.content.ContextWrapper.startService:613 android.content.ContextWrapper.startService:613 com.android.coreservice.CoreBroadcastReceiver.onReceive:69 android.app.ActivityThread.handleReceiver:3073 
09-19 12:01:27.525  1302  1643 I ActivityManager: START u0 {cmp=com.litatom.app/com.lit.app.ui.chat.ChatActivity (has extras)} from uid 10038 on display 0
09-19 12:01:27.537  1698  1698 W ContextImpl: Calling a method in the system process without a qualified user: android.app.ContextImpl.startService:1358 android.content.ContextWrapper.startService:613 android.content.ContextWrapper.startService:613 com.android.coreservice.CoreBroadcastReceiver.onReceive:44 android.app.ActivityThread.handleReceiver:3073 
09-19 12:01:27.540  1698  1698 W ContextImpl: Calling a method in the system process without a qualified user: android.app.ContextImpl.startService:1358 android.content.ContextWrapper.startService:613 android.content.ContextWrapper.startService:613 com.android.coreservice.CoreBroadcastReceiver.onReceive:69 android.app.ActivityThread.handleReceiver:3073 
09-19 12:01:27.643  1698  1698 W ContextImpl: Calling a method in the system process without a qualified user: android.app.ContextImpl.startService:1358 android.content.ContextWrapper.startService:613 android.content.ContextWrapper.startService:613 com.android.coreservice.CoreBroadcastReceiver.onReceive:53 android.app.ActivityThread.handleReceiver:3073 
09-19 12:01:27.756  5388  5388 W ViewRootImpl[ChatActivity]: Dropping event due to no window focus: KeyEvent { action=ACTION_DOWN, keyCode=KEYCODE_DPAD_DOWN, scanCode=0, metaState=0, flags=0x8, repeatCount=0, eventTime=2134487, downTime=2134487, deviceId=-1, source=0x101 }
09-19 12:01:27.758  1698  1698 W ContextImpl: Calling a method in the system process without a qualified user: android.app.ContextImpl.startService:1358 android.content.ContextWrapper.startService:613 android.content.ContextWrapper.startService:613 com.android.coreservice.CoreBroadcastReceiver.onReceive:69 android.app.ActivityThread.handleReceiver:3073 
09-19 12:01:28.808  1698  1698 W ContextImpl: Calling a method in the system process without a qualified user: android.app.ContextImpl.startService:1358 android.content.ContextWrapper.startService:613 android.content.ContextWrapper.startService:613 com.android.coreservice.CoreBroadcastReceiver.onReceive:69 android.app.ActivityThread.handleReceiver:3073 
09-19 12:01:30.307  1698  1698 W ContextImpl: Calling a method in the system process without a qualified user: android.app.ContextImpl.startService:1358 android.content.ContextWrapper.startService:613 android.content.ContextWrapper.startService:613 com.android.coreservice.CoreBroadcastReceiver.onReceive:69 android.app.ActivityThread.handleReceiver:3073 
09-19 12:01:33.738  1302  1316 W ActivityManager: Launch timeout has expired, giving up wake lock!
09-19 12:01:36.857  1698  1698 W ContextImpl: Calling a method in the system process without a qualified user: android.app.ContextImpl.startService:1358 android.content.ContextWrapper.startService:613 android.content.ContextWrapper.startService:613 com.android.coreservice.CoreBroadcastReceiver.onReceive:69 android.app.ActivityThread.handleReceiver:3073 
09-19 12:01:37.891  1698  1698 W ContextImpl: Calling a method in the system process without a qualified user: android.app.ContextImpl.startService:1358 android.content.ContextWrapper.startService:613 android.content.ContextWrapper.startService:613 com.android.coreservice.CoreBroadcastReceiver.onReceive:69 android.app.ActivityThread.handleReceiver:3073 
09-19 12:01:38.423  1698  1698 W ContextImpl: Calling a method in the system process without a qualified user: android.app.ContextImpl.startService:1358 android.content.ContextWrapper.startService:613 android.content.ContextWrapper.startService:613 com.android.coreservice.CoreBroadcastReceiver.onReceive:69 android.app.ActivityThread.handleReceiver:3073 
09-19 12:01:39.411  1698  1698 W ContextImpl: Calling a method in the system process without a qualified user: android.app.ContextImpl.startService:1358 android.content.ContextWrapper.startService:613 android.content.ContextWrapper.startService:613 com.android.coreservice.CoreBroadcastReceiver.onReceive:69 android.app.ActivityThread.handleReceiver:3073 
09-19 12:01:39.412  1698  1698 W ContextImpl: Calling a method in the system process without a qualified user: android.app.ContextImpl.startService:1358 android.content.ContextWrapper.startService:613 android.content.ContextWrapper.startService:613 com.android.coreservice.CoreBroadcastReceiver.onReceive:69 android.app.ActivityThread.handleReceiver:3073 
09-19 12:01:39.424  1698  1698 W ContextImpl: Calling a method in the system process without a qualified user: android.app.ContextImpl.startService:1358 android.content.ContextWrapper.startService:613 android.content.ContextWrapper.startService:613 com.android.coreservice.CoreBroadcastReceiver.onReceive:69 android.app.ActivityThread.handleReceiver:3073 
09-19 12:01:39.426  1698  1698 W ContextImpl: Calling a method in the system process without a qualified user: android.app.ContextImpl.startService:1358 android.content.ContextWrapper.startService:613 android.content.ContextWrapper.startService:613 com.android.coreservice.CoreBroadcastReceiver.onReceive:69 android.app.ActivityThread.handleReceiver:3073 
09-19 12:01:40.422  1698  1698 W ContextImpl: Calling a method in the system process without a qualified user: android.app.ContextImpl.startService:1358 android.content.ContextWrapper.startService:613 android.content.ContextWrapper.startService:613 com.android.coreservice.CoreBroadcastReceiver.onReceive:69 android.app.ActivityThread.handleReceiver:3073 
09-19 12:01:40.926  1698  1698 W ContextImpl: Calling a method in the system process without a qualified user: android.app.ContextImpl.startService:1358 android.content.ContextWrapper.startService:613 android.content.ContextWrapper.startService:613 com.android.coreservice.CoreBroadcastReceiver.onReceive:69 android.app.ActivityThread.handleReceiver:3073 
09-19 12:01:42.974  1698  1698 W ContextImpl: Calling a method in the system process without a qualified user: android.app.ContextImpl.startService:1358 android.content.ContextWrapper.startService:613 android.content.ContextWrapper.startService:613 com.android.coreservice.CoreBroadcastReceiver.onReceive:44 android.app.ActivityThread.handleReceiver:3073 
09-19 12:01:42.988  1698  1698 W ContextImpl: Calling a method in the system process without a qualified user: android.app.ContextImpl.startService:1358 android.content.ContextWrapper.startService:613 android.content.ContextWrapper.startService:613 com.android.coreservice.CoreBroadcastReceiver.onReceive:53 android.app.ActivityThread.handleReceiver:3073 
09-19 12:01:42.990  1698  1698 W ContextImpl: Calling a method in the system process without a qualified user: android.app.ContextImpl.startService:1358 android.content.ContextWrapper.startService:613 android.content.ContextWrapper.startService:613 com.android.coreservice.CoreBroadcastReceiver.onReceive:69 android.app.ActivityThread.handleReceiver:3073 
09-19 12:01:44.231  1302  5332 I ActivityManager: START u0 {cmp=com.litatom.app/com.lit.app.ui.feed.DetailsActivity (has extras)} from uid 10038 on display 0
09-19 12:01:44.234  1698  1698 W ContextImpl: Calling a method in the system process without a qualified user: android.app.ContextImpl.startService:1358 android.content.ContextWrapper.startService:613 android.content.ContextWrapper.startService:613 com.android.coreservice.CoreBroadcastReceiver.onReceive:44 android.app.ActivityThread.handleReceiver:3073 
09-19 12:01:44.303  1698  1698 W ContextImpl: Calling a method in the system process without a qualified user: android.app.ContextImpl.startService:1358 android.content.ContextWrapper.startService:613 android.content.ContextWrapper.startService:613 com.android.coreservice.CoreBroadcastReceiver.onReceive:53 android.app.ActivityThread.handleReceiver:3073 
09-19 12:01:44.376  1698  1698 W ContextImpl: Calling a method in the system process without a qualified user: android.app.ContextImpl.startService:1358 android.content.ContextWrapper.startService:613 android.content.ContextWrapper.startService:613 com.android.coreservice.CoreBroadcastReceiver.onReceive:69 android.app.ActivityThread.handleReceiver:3073 
09-19 12:01:44.991  1698  1698 W ContextImpl: Calling a method in the system process without a qualified user: android.app.ContextImpl.startService:1358 android.content.ContextWrapper.startService:613 android.content.ContextWrapper.startService:613 com.android.coreservice.CoreBroadcastReceiver.onReceive:69 android.app.ActivityThread.handleReceiver:3073 
09-19 12:01:45.478  1302  3017 I ActivityManager: Setting hasTopUi=true for pid=1394
09-19 12:01:52.964  1302  1316 W ActivityManager: Launch timeout has expired, giving up wake lock!
09-19 12:04:55.586  1302  3019 W InputMethodManagerService: Window already focused, ignoring focus gain of: com.android.internal.view.IInputMethodClient$Stub$Proxy@c15e8d1 attribute=android.view.inputmethod.EditorInfo@4e9ff36, token = android.os.BinderProxy@e00df99
09-19 12:04:55.587  1302  1545 I ActivityManager: Setting hasTopUi=false for pid=1394
09-19 12:04:55.588  1698  1698 W ContextImpl: Calling a method in the system process without a qualified user: android.app.ContextImpl.startService:1358 android.content.ContextWrapper.startService:613 android.content.ContextWrapper.startService:613 com.android.coreservice.CoreBroadcastReceiver.onReceive:69 android.app.ActivityThread.handleReceiver:3073 
09-19 12:04:56.663  1698  1698 W ContextImpl: Calling a method in the system process without a qualified user: android.app.ContextImpl.startService:1358 android.content.ContextWrapper.startService:613 android.content.ContextWrapper.startService:613 com.android.coreservice.CoreBroadcastReceiver.onReceive:44 android.app.ActivityThread.handleReceiver:3073 
09-19 12:04:56.666  1698  1698 W ContextImpl: Calling a method in the system process without a qualified user: android.app.ContextImpl.startService:1358 android.content.ContextWrapper.startService:613 android.content.ContextWrapper.startService:613 com.android.coreservice.CoreBroadcastReceiver.onReceive:53 android.app.ActivityThread.handleReceiver:3073 
09-19 12:04:56.669  1698  1698 W ContextImpl: Calling a method in the system process without a qualified user: android.app.ContextImpl.startService:1358 android.content.ContextWrapper.startService:613 android.content.ContextWrapper.startService:613 com.android.coreservice.CoreBroadcastReceiver.onReceive:69 android.app.ActivityThread.handleReceiver:3073 
09-19 12:05:03.806  1302  5330 I ActivityManager: START u0 {flg=0x10000000 cmp=com.litatom.app/com.lit.app.party.PartyChatActivity} from uid 0 on display 0
09-19 12:05:03.808  1698  1698 W ContextImpl: Calling a method in the system process without a qualified user: android.app.ContextImpl.startService:1358 android.content.ContextWrapper.startService:613 android.content.ContextWrapper.startService:613 com.android.coreservice.CoreBroadcastReceiver.onReceive:44 android.app.ActivityThread.handleReceiver:3073 
09-19 12:05:03.899  1698  1698 W ContextImpl: Calling a method in the system process without a qualified user: android.app.ContextImpl.startService:1358 android.content.ContextWrapper.startService:613 android.content.ContextWrapper.startService:613 com.android.coreservice.CoreBroadcastReceiver.onReceive:53 android.app.ActivityThread.handleReceiver:3073 
09-19 12:05:03.905  1302  5332 W InputMethodManagerService: Window already focused, ignoring focus gain of: com.android.internal.view.IInputMethodClient$Stub$Proxy@1b1df3c attribute=null, token = android.os.BinderProxy@a907f75
09-19 12:05:03.905  1698  1698 W ContextImpl: Calling a method in the system process without a qualified user: android.app.ContextImpl.startService:1358 android.content.ContextWrapper.startService:613 android.content.ContextWrapper.startService:613 com.android.coreservice.CoreBroadcastReceiver.onReceive:44 android.app.ActivityThread.handleReceiver:3073 
09-19 12:05:03.912  1698  1698 W ContextImpl: Calling a method in the system process without a qualified user: android.app.ContextImpl.startService:1358 android.content.ContextWrapper.startService:613 android.content.ContextWrapper.startService:613 com.android.coreservice.CoreBroadcastReceiver.onReceive:53 android.app.ActivityThread.handleReceiver:3073 
09-19 12:05:04.102  1302  1316 W BroadcastQueue: Skipping deliver [background] BroadcastRecord{a030d4b u-1 android.net.conn.CONNECTIVITY_CHANGE} to ReceiverList{45bb328 5836 (unknown name)/0/u-1 remote:f2884c5}: process crashing
09-19 12:05:04.110  1302  3019 I ActivityManager: START u0 {act=android.intent.action.MAIN cat=[android.intent.category.LAUNCHER] flg=0x10200000 cmp=com.litatom.app/com.lit.app.ui.SplashActivity} from uid 0 on display 0
09-19 12:05:04.642  1698  1698 W ContextImpl: Calling a method in the system process without a qualified user: android.app.ContextImpl.startService:1358 android.content.ContextWrapper.startService:613 android.content.ContextWrapper.startService:613 com.android.coreservice.CoreBroadcastReceiver.onReceive:69 android.app.ActivityThread.handleReceiver:3073 
09-19 12:05:04.658  1698  1698 W ContextImpl: Calling a method in the system process without a qualified user: android.app.ContextImpl.startService:1358 android.content.ContextWrapper.startService:613 android.content.ContextWrapper.startService:613 com.android.coreservice.CoreBroadcastReceiver.onReceive:69 android.app.ActivityThread.handleReceiver:3073 
09-19 12:05:05.140  1698  1698 W ContextImpl: Calling a method in the system process without a qualified user: android.app.ContextImpl.startService:1358 android.content.ContextWrapper.startService:613 android.content.ContextWrapper.startService:613 com.android.coreservice.CoreBroadcastReceiver.onReceive:69 android.app.ActivityThread.handleReceiver:3073 
09-19 12:05:06.139  1698  1698 W ContextImpl: Calling a method in the system process without a qualified user: android.app.ContextImpl.startService:1358 android.content.ContextWrapper.startService:613 android.content.ContextWrapper.startService:613 com.android.coreservice.CoreBroadcastReceiver.onReceive:69 android.app.ActivityThread.handleReceiver:3073 
09-19 12:05:06.638  1302  1347 I ActivityManager: START u0 {act=android.intent.action.MAIN cat=[android.intent.category.HOME] flg=0x10200000 cmp=com.android.launcher3/.Launcher (has extras)} from uid 1000 on display 0
09-19 12:05:06.640  1302  1316 W ActivityManager: Launch timeout has expired, giving up wake lock!
09-19 12:06:01.446  1302  1315 I UsageStatsService: User[0] Flushing usage stats to disk
09-19 12:25:53.280  1302  1319 E BatteryStatsService: no controller energy info supplied
09-19 12:25:53.280  1302  1319 E BatteryStatsService: no controller energy info supplied
09-19 12:25:53.291  1302  1319 E KernelCpuSpeedReader: Failed to read cpu-freq: /sys/devices/system/cpu/cpu0/cpufreq/stats/time_in_state (No such file or directory)
09-19 12:25:53.292  1302  1319 E KernelUidCpuTimeReader: Failed to read uid_cputime: /proc/uid_cputime/show_uid_stat (No such file or directory)
09-19 12:25:53.292  1302  1319 E BatteryStatsService: modem info is invalid: ModemActivityInfo{ mTimestamp=0 mSleepTimeMs=0 mIdleTimeMs=0 mTxTimeMs[]=[0, 0, 0, 0, 0] mRxTimeMs=0 mEnergyUsed=0}
09-19 12:26:00.023  1302  1316 I ProcessStatsService: Prepared write state in 1ms
09-19 12:55:53.277  1302  1319 E BatteryStatsService: no controller energy info supplied
09-19 12:55:53.277  1302  1319 E BatteryStatsService: no controller energy info supplied
09-19 12:55:53.278  1302  1319 E KernelCpuSpeedReader: Failed to read cpu-freq: /sys/devices/system/cpu/cpu0/cpufreq/stats/time_in_state (No such file or directory)
09-19 12:55:53.278  1302  1319 E KernelUidCpuTimeReader: Failed to read uid_cputime: /proc/uid_cputime/show_uid_stat (No such file or directory)
09-19 12:55:53.278  1302  1319 E BatteryStatsService: modem info is invalid: ModemActivityInfo{ mTimestamp=0 mSleepTimeMs=0 mIdleTimeMs=0 mTxTimeMs[]=[0, 0, 0, 0, 0] mRxTimeMs=0 mEnergyUsed=0}
09-19 12:57:00.002  1302  1316 I ProcessStatsService: Prepared write state in 0ms
09-19 13:25:53.280  1302  1319 E BatteryStatsService: no controller energy info supplied
09-19 13:25:53.280  1302  1319 E BatteryStatsService: no controller energy info supplied
09-19 13:25:53.281  1302  1319 E KernelCpuSpeedReader: Failed to read cpu-freq: /sys/devices/system/cpu/cpu0/cpufreq/stats/time_in_state (No such file or directory)
09-19 13:25:53.281  1302  1319 E KernelUidCpuTimeReader: Failed to read uid_cputime: /proc/uid_cputime/show_uid_stat (No such file or directory)
09-19 13:25:53.281  1302  1319 E BatteryStatsService: modem info is invalid: ModemActivityInfo{ mTimestamp=0 mSleepTimeMs=0 mIdleTimeMs=0 mTxTimeMs[]=[0, 0, 0, 0, 0] mRxTimeMs=0 mEnergyUsed=0}
09-19 13:27:00.008  1302  1316 I ProcessStatsService: Prepared write state in 1ms
09-19 13:55:53.282  1302  1319 E BatteryStatsService: no controller energy info supplied
09-19 13:55:53.282  1302  1319 E BatteryStatsService: no controller energy info supplied
