09-19 14:58:35.963  1698  1698 W ContextImpl: Calling a method in the system process without a qualified user: android.app.ContextImpl.startService:1358 android.content.ContextWrapper.startService:613 android.content.ContextWrapper.startService:613 com.android.coreservice.CoreBroadcastReceiver.onReceive:53 android.app.ActivityThread.handleReceiver:3073 
09-19 14:58:36.053  1698  1698 W ContextImpl: Calling a method in the system process without a qualified user: android.app.ContextImpl.startService:1358 android.content.ContextWrapper.startService:613 android.content.ContextWrapper.startService:613 com.android.coreservice.CoreBroadcastReceiver.onReceive:69 android.app.ActivityThread.handleReceiver:3073 
09-19 14:58:37.328  1698  1698 W ContextImpl: Calling a method in the system process without a qualified user: android.app.ContextImpl.startService:1358 android.content.ContextWrapper.startService:613 android.content.ContextWrapper.startService:613 com.android.coreservice.CoreBroadcastReceiver.onReceive:44 android.app.ActivityThread.handleReceiver:3073 
09-19 14:58:37.345  1698  1698 W ContextImpl: Calling a method in the system process without a qualified user: android.app.ContextImpl.startService:1358 android.content.ContextWrapper.startService:613 android.content.ContextWrapper.startService:613 com.android.coreservice.CoreBroadcastReceiver.onReceive:53 android.app.ActivityThread.handleReceiver:3073 
09-19 14:58:37.347  1698  1698 W ContextImpl: Calling a method in the system process without a qualified user: android.app.ContextImpl.startService:1358 android.content.ContextWrapper.startService:613 android.content.ContextWrapper.startService:613 com.android.coreservice.CoreBroadcastReceiver.onReceive:69 android.app.ActivityThread.handleReceiver:3073 
09-19 14:58:40.284  1302  1316 W ActivityManager: Launch timeout has expired, giving up wake lock!
09-19 15:18:30.380  1302  1315 I UsageStatsService: User[0] Flushing usage stats to disk
09-19 15:25:41.950  1302  5329 I ActivityManager: START u0 {flg=0x10000000 cmp=com.litatom.app/com.lit.app.party.PartyChatActivity,com.lit.app.ui.feed.TopicActivity} from uid 0 on display 0
09-19 15:25:53.285  1302  1319 E BatteryStatsService: no controller energy info supplied
09-19 15:25:53.285  1302  1319 E BatteryStatsService: no controller energy info supplied
09-19 15:25:53.286  1302  1319 E KernelCpuSpeedReader: Failed to read cpu-freq: /sys/devices/system/cpu/cpu0/cpufreq/stats/time_in_state (No such file or directory)
09-19 15:25:53.287  1302  1319 E KernelUidCpuTimeReader: Failed to read uid_cputime: /proc/uid_cputime/show_uid_stat (No such file or directory)
09-19 15:25:53.287  1302  1319 E BatteryStatsService: modem info is invalid: ModemActivityInfo{ mTimestamp=0 mSleepTimeMs=0 mIdleTimeMs=0 mTxTimeMs[]=[0, 0, 0, 0, 0] mRxTimeMs=0 mEnergyUsed=0}
09-19 15:26:05.965  1302  1313 I ActivityManager: START u0 {flg=0x10000000 cmp=com.litatom.app/c} from uid 0 on display 0
09-19 15:26:25.987  1302  1617 I ActivityManager: START u0 {flg=0x10000000 cmp=com.litatom.app/com.lit.app.party.PartyChatActivity} from uid 0 on display 0
09-19 15:26:25.990  1698  1698 W ContextImpl: Calling a method in the system process without a qualified user: android.app.ContextImpl.startService:1358 android.content.ContextWrapper.startService:613 android.content.ContextWrapper.startService:613 com.android.coreservice.CoreBroadcastReceiver.onReceive:44 android.app.ActivityThread.handleReceiver:3073 
09-19 15:26:26.103  1698  1698 W ContextImpl: Calling a method in the system process without a qualified user: android.app.ContextImpl.startService:1358 android.content.ContextWrapper.startService:613 android.content.ContextWrapper.startService:613 com.android.coreservice.CoreBroadcastReceiver.onReceive:53 android.app.ActivityThread.handleReceiver:3073 
09-19 15:26:26.233  1698  1698 W ContextImpl: Calling a method in the system process without a qualified user: android.app.ContextImpl.startService:1358 android.content.ContextWrapper.startService:613 android.content.ContextWrapper.startService:613 com.android.coreservice.CoreBroadcastReceiver.onReceive:69 android.app.ActivityThread.handleReceiver:3073 
09-19 15:26:35.999  1302  1316 W ActivityManager: Launch timeout has expired, giving up wake lock!
09-19 15:27:48.787  1302  1316 I ProcessStatsService: Prepared write state in 0ms
09-19 15:30:34.340  1302  1302 V BackupManagerService: Scheduling immediate backup pass
09-19 15:30:34.340  1302  1302 W BackupManagerService: Backup pass but e=false p=true
--------- beginning of main
09-19 15:38:34.444  1302  1357 D WifiStateMachine: setScanResults mScanResults.size=1
09-19 15:38:34.455  6989  7121 I chatty  : uid=10038(com.litatom.app) RenderThread expire 61 lines
09-19 15:38:34.811  6989  7249 I chatty  : uid=10038(com.litatom.app) AgoraLogging expire 3 lines
09-19 15:38:34.940  6989  7121 I chatty  : uid=10038(com.litatom.app) RenderThread expire 505 lines
09-19 15:38:46.608  6989  6989 I chatty  : uid=10038(com.litatom.app) expire 2 lines
09-19 15:38:51.715  6989  7249 I chatty  : uid=10038(com.litatom.app) AgoraLogging expire 5 lines
09-19 15:38:55.886  6989  7121 I chatty  : uid=10038(com.litatom.app) RenderThread expire 505 lines
09-19 15:39:13.714  6989  7249 I chatty  : uid=10038(com.litatom.app) AgoraLogging expire 3 lines
09-19 15:39:16.839  6989  7121 I chatty  : uid=10038(com.litatom.app) RenderThread expire 506 lines
09-19 15:39:29.748  6989  7249 I chatty  : uid=10038(com.litatom.app) AgoraLogging expire 4 lines
09-19 15:39:37.806  6989  7121 I chatty  : uid=10038(com.litatom.app) RenderThread expire 505 lines
09-19 15:39:51.714  6989  7249 I chatty  : uid=10038(com.litatom.app) AgoraLogging expire 5 lines
09-19 15:39:58.786  6989  7121 I chatty  : uid=10038(com.litatom.app) RenderThread expire 251 lines
09-19 15:39:59.177  6989  7090 I chatty  : uid=10038(com.litatom.app) LogingTaskQueue expire 2 lines
09-19 15:40:08.056  6989  7121 I chatty  : uid=10038(com.litatom.app) RenderThread expire 253 lines
09-19 15:40:11.749  6989  7249 I chatty  : uid=10038(com.litatom.app) AgoraLogging expire 4 lines
09-19 15:40:17.371  6989  7121 I chatty  : uid=10038(com.litatom.app) RenderThread expire 507 lines
09-19 15:40:33.719  6989  7249 I chatty  : uid=10038(com.litatom.app) AgoraLogging expire 6 lines
09-19 15:40:38.372  6989  7121 I chatty  : uid=10038(com.litatom.app) RenderThread expire 504 lines
09-19 15:40:55.715  6989  7249 I chatty  : uid=10038(com.litatom.app) AgoraLogging expire 3 lines
09-19 15:40:59.273  6989  7121 I chatty  : uid=10038(com.litatom.app) RenderThread expire 387 lines
09-19 15:41:10.791  6989  7249 I chatty  : uid=10038(com.litatom.app) AgoraLogging expire 2 lines
09-19 15:41:14.444  1302  1357 D WifiStateMachine: setScanResults mScanResults.size=1
09-19 15:41:14.452  6989  7121 I chatty  : uid=10038(com.litatom.app) RenderThread expire 372 lines
09-19 15:41:21.715  6989  7249 I chatty  : uid=10038(com.litatom.app) AgoraLogging expire 6 lines
09-19 15:41:29.519  6989  7121 I chatty  : uid=10038(com.litatom.app) RenderThread expire 249 lines
09-19 15:41:30.276  6989  7090 I chatty  : uid=10038(com.litatom.app) LogingTaskQueue expire 2 lines
09-19 15:41:41.122  6989  7121 I chatty  : uid=10038(com.litatom.app) RenderThread expire 253 lines
09-19 15:41:43.748  6989  7249 I chatty  : uid=10038(com.litatom.app) AgoraLogging expire 3 lines
09-19 15:41:50.391  6989  7121 I chatty  : uid=10038(com.litatom.app) RenderThread expire 506 lines
09-19 15:42:00.748  6989  7249 I chatty  : uid=10038(com.litatom.app) AgoraLogging expire 6 lines
09-19 15:42:11.202  6989  7121 I chatty  : uid=10038(com.litatom.app) RenderThread expire 506 lines
09-19 15:42:25.714  6989  7249 I chatty  : uid=10038(com.litatom.app) AgoraLogging expire 4 lines
09-19 15:42:29.736  6989  7121 I chatty  : uid=10038(com.litatom.app) RenderThread expire 506 lines
09-19 15:42:46.716  6989  7249 I chatty  : uid=10038(com.litatom.app) AgoraLogging expire 4 lines
09-19 15:42:50.687  6989  7121 I chatty  : uid=10038(com.litatom.app) RenderThread expire 250 lines
09-19 15:43:01.364  6989  7090 I chatty  : uid=10038(com.litatom.app) LogingTaskQueue expire 2 lines
09-19 15:43:02.337  6989  7121 I chatty  : uid=10038(com.litatom.app) RenderThread expire 253 lines
09-19 15:43:06.731  6989  7249 I chatty  : uid=10038(com.litatom.app) AgoraLogging expire 4 lines
09-19 15:43:11.622  6989  7121 I chatty  : uid=10038(com.litatom.app) RenderThread expire 506 lines
09-19 15:43:23.714  6989  7249 I chatty  : uid=10038(com.litatom.app) AgoraLogging expire 4 lines
09-19 15:43:32.538  6989  7121 I chatty  : uid=10038(com.litatom.app) RenderThread expire 502 lines
09-19 15:43:44.716  6989  7249 I chatty  : uid=10038(com.litatom.app) AgoraLogging expire 4 lines
09-19 15:43:46.619  6989  6989 I chatty  : uid=10038(com.litatom.app) expire 2 lines
09-19 15:43:53.471  6989  7121 I chatty  : uid=10038(com.litatom.app) RenderThread expire 252 lines
09-19 15:43:54.445  1302  1357 D WifiStateMachine: setScanResults mScanResults.size=1
09-19 15:43:56.193  6989  7249 I chatty  : uid=10038(com.litatom.app) AgoraLogging expire 5 lines
09-19 15:44:02.772  6989  7121 I chatty  : uid=10038(com.litatom.app) RenderThread expire 506 lines
09-19 15:44:13.770  6989  7249 I chatty  : uid=10038(com.litatom.app) AgoraLogging expire 6 lines
09-19 15:44:23.755  6989  7121 I chatty  : uid=10038(com.litatom.app) RenderThread expire 249 lines
09-19 15:44:32.458  6989  7090 I chatty  : uid=10038(com.litatom.app) LogingTaskQueue expire 2 lines
09-19 15:44:33.020  6989  7121 I chatty  : uid=10038(com.litatom.app) RenderThread expire 253 lines
09-19 15:44:36.791  6989  7249 I chatty  : uid=10038(com.litatom.app) AgoraLogging expire 4 lines
09-19 15:44:44.706  6989  7121 I chatty  : uid=10038(com.litatom.app) RenderThread expire 507 lines
09-19 15:44:58.749  6989  7249 I chatty  : uid=10038(com.litatom.app) AgoraLogging expire 4 lines
09-19 15:45:03.319  6989  7121 I chatty  : uid=10038(com.litatom.app) RenderThread expire 504 lines
09-19 15:45:19.771  6989  7249 I chatty  : uid=10038(com.litatom.app) AgoraLogging expire 5 lines
09-19 15:45:24.286  6989  7121 I chatty  : uid=10038(com.litatom.app) RenderThread expire 506 lines
09-19 15:45:38.748  6989  7249 I chatty  : uid=10038(com.litatom.app) AgoraLogging expire 3 lines
09-19 15:45:45.237  6989  7121 I chatty  : uid=10038(com.litatom.app) RenderThread expire 504 lines
09-19 15:45:54.715  6989  7249 I chatty  : uid=10038(com.litatom.app) AgoraLogging expire 3 lines
09-19 15:46:03.556  6989  7090 I chatty  : uid=10038(com.litatom.app) LogingTaskQueue expire 2 lines
09-19 15:46:06.203  6989  7121 I chatty  : uid=10038(com.litatom.app) RenderThread expire 252 lines
09-19 15:46:10.747  6989  7249 I chatty  : uid=10038(com.litatom.app) AgoraLogging expire 6 lines
09-19 15:46:15.485  6989  7121 I chatty  : uid=10038(com.litatom.app) RenderThread expire 463 lines
09-19 15:46:26.057  1302  1315 I UsageStatsService: User[0] Flushing usage stats to disk
09-19 15:46:31.749  6989  7249 I chatty  : uid=10038(com.litatom.app) AgoraLogging expire 1 line
09-19 15:46:34.443  1302  1357 D WifiStateMachine: setScanResults mScanResults.size=1
09-19 15:46:36.089  6989  7121 I chatty  : uid=10038(com.litatom.app) RenderThread expire 296 lines
09-19 15:46:36.773  6989  7249 I chatty  : uid=10038(com.litatom.app) AgoraLogging expire 6 lines
09-19 15:46:48.158  6989  7121 I chatty  : uid=10038(com.litatom.app) RenderThread expire 505 lines
09-19 15:47:02.714  6989  7249 I chatty  : uid=10038(com.litatom.app) AgoraLogging expire 4 lines
09-19 15:47:06.735  6989  7121 I chatty  : uid=10038(com.litatom.app) RenderThread expire 506 lines
09-19 15:47:22.779  6989  7249 I chatty  : uid=10038(com.litatom.app) AgoraLogging expire 3 lines
09-19 15:47:27.668  6989  7121 I chatty  : uid=10038(com.litatom.app) RenderThread expire 251 lines
09-19 15:47:34.654  6989  7090 I chatty  : uid=10038(com.litatom.app) LogingTaskQueue expire 2 lines
09-19 15:47:36.924  6989  7121 I chatty  : uid=10038(com.litatom.app) RenderThread expire 252 lines
09-19 15:47:39.751  6989  7249 I chatty  : uid=10038(com.litatom.app) AgoraLogging expire 5 lines
09-19 15:47:48.591  6989  7121 I chatty  : uid=10038(com.litatom.app) RenderThread expire 506 lines
09-19 15:47:58.774  6989  7249 I chatty  : uid=10038(com.litatom.app) AgoraLogging expire 4 lines
09-19 15:48:09.574  6989  7121 I chatty  : uid=10038(com.litatom.app) RenderThread expire 506 lines
09-19 15:48:20.748  6989  7249 I chatty  : uid=10038(com.litatom.app) AgoraLogging expire 6 lines
09-19 15:48:30.572  6989  7121 I chatty  : uid=10038(com.litatom.app) RenderThread expire 502 lines
09-19 15:48:43.713  6989  7249 I chatty  : uid=10038(com.litatom.app) AgoraLogging expire 2 lines
09-19 15:48:46.636  6989  6989 I chatty  : uid=10038(com.litatom.app) expire 2 lines
09-19 15:48:49.106  6989  7121 I chatty  : uid=10038(com.litatom.app) RenderThread expire 253 lines
09-19 15:48:53.730  6989  7249 I chatty  : uid=10038(com.litatom.app) AgoraLogging expire 4 lines
09-19 15:49:00.802  6989  7121 I chatty  : uid=10038(com.litatom.app) RenderThread expire 251 lines
09-19 15:49:05.752  6989  7090 I chatty  : uid=10038(com.litatom.app) LogingTaskQueue expire 2 lines
09-19 15:49:10.093  6989  7121 I chatty  : uid=10038(com.litatom.app) RenderThread expire 252 lines
09-19 15:49:14.443  1302  1357 D WifiStateMachine: setScanResults mScanResults.size=1
09-19 15:49:14.777  6989  7249 I chatty  : uid=10038(com.litatom.app) AgoraLogging expire 5 lines
09-19 15:49:21.739  6989  7121 I chatty  : uid=10038(com.litatom.app) RenderThread expire 507 lines
09-19 15:49:35.714  6989  7249 I chatty  : uid=10038(com.litatom.app) AgoraLogging expire 3 lines
09-19 15:49:40.319  6989  7121 I chatty  : uid=10038(com.litatom.app) RenderThread expire 506 lines
09-19 15:49:52.546  6989  7249 I chatty  : uid=10038(com.litatom.app) AgoraLogging expire 6 lines
09-19 15:50:01.252  6989  7121 I chatty  : uid=10038(com.litatom.app) RenderThread expire 397 lines
09-19 15:50:18.714  6989  7249 I chatty  : uid=10038(com.litatom.app) AgoraLogging expire 1 line
09-19 15:50:18.927  1114  1134 D AudioFlinger: mixer(0xc5a80000) throttle end: throttle time(9)
09-19 15:50:19.076  1114  1134 D AudioFlinger: mixer(0xc5a80000) throttle end: throttle time(13)
09-19 15:50:19.220  6989  7121 I chatty  : uid=10038(com.litatom.app) RenderThread expire 361 lines
09-19 15:50:23.715  6989  7249 I chatty  : uid=10038(com.litatom.app) AgoraLogging expire 4 lines
09-19 15:50:34.371  6989  7121 I chatty  : uid=10038(com.litatom.app) RenderThread expire 251 lines
09-19 15:50:36.881  6989  7090 I chatty  : uid=10038(com.litatom.app) LogingTaskQueue expire 2 lines
09-19 15:50:43.661  6989  7121 I chatty  : uid=10038(com.litatom.app) RenderThread expire 253 lines
09-19 15:50:46.714  6989  7249 I chatty  : uid=10038(com.litatom.app) AgoraLogging expire 5 lines
09-19 15:50:55.354  6989  7121 I chatty  : uid=10038(com.litatom.app) RenderThread expire 441 lines
09-19 15:50:56.422  1302  1357 D WifiNative-HAL: Failing getSupportedFeatureset because HAL isn't started
09-19 15:50:56.423  1302  1319 E BatteryStatsService: no controller energy info supplied
09-19 15:50:56.423  1302  1319 E BatteryStatsService: no controller energy info supplied
09-19 15:50:56.424  1549  1549 E PhoneInterfaceManager: [PhoneIntfMgr] queryModemActivityInfo: Empty response
09-19 15:50:56.425  1302  1319 E KernelCpuSpeedReader: Failed to read cpu-freq: /sys/devices/system/cpu/cpu0/cpufreq/stats/time_in_state (No such file or directory)
09-19 15:50:56.425  1302  1319 E KernelUidCpuTimeReader: Failed to read uid_cputime: /proc/uid_cputime/show_uid_stat (No such file or directory)
09-19 15:50:56.425  1302  1319 E BatteryStatsService: modem info is invalid: ModemActivityInfo{ mTimestamp=0 mSleepTimeMs=0 mIdleTimeMs=0 mTxTimeMs[]=[0, 0, 0, 0, 0] mRxTimeMs=0 mEnergyUsed=0}
09-19 15:50:56.436  1302  1319 E BatteryStatsService: power: gPowerModule not loaded
09-19 15:50:56.436  1302  1319 I BatteryStatsImpl: Resetting battery stats: level=100 status=5 dischargeLevel=100 lowAmount=0 highAmount=0
09-19 15:50:56.442  1302  1319 E BatteryStatsService: power: gPowerModule not loaded
09-19 15:50:56.443  1302  1316 E KernelCpuSpeedReader: Failed to read cpu-freq: /sys/devices/system/cpu/cpu0/cpufreq/stats/time_in_state (No such file or directory)
09-19 15:50:56.444  1302  1316 E KernelUidCpuTimeReader: Failed to read uid_cputime: /proc/uid_cputime/show_uid_stat (No such file or directory)
09-19 15:51:05.865  6989  7249 I chatty  : uid=10038(com.litatom.app) AgoraLogging expire 2 lines
09-19 15:51:13.084  1114  1134 D AudioFlinger: mixer(0xc5a80000) throttle end: throttle time(10)
09-19 15:51:13.408  6989  7121 I chatty  : uid=10038(com.litatom.app) RenderThread expire 317 lines
09-19 15:51:16.715  6989  7249 I chatty  : uid=10038(com.litatom.app) AgoraLogging expire 4 lines
09-19 15:51:21.460  1114  1134 D AudioFlinger: mixer(0xc5a80000) throttle end: throttle time(8)
09-19 15:51:25.654  6989  7121 I chatty  : uid=10038(com.litatom.app) RenderThread expire 421 lines
09-19 15:51:37.751  6989  7249 I chatty  : uid=10038(com.litatom.app) AgoraLogging expire 3 lines
09-19 15:51:41.831  1114  1134 D AudioFlinger: mixer(0xc5a80000) throttle end: throttle time(9)
09-19 15:51:43.542  6989  7121 I chatty  : uid=10038(com.litatom.app) RenderThread expire 296 lines
09-19 15:51:47.748  6989  7249 I chatty  : uid=10038(com.litatom.app) AgoraLogging expire 2 lines
09-19 15:51:54.445  1302  1357 D WifiStateMachine: setScanResults mScanResults.size=1
09-19 15:51:54.655  1114  1134 D AudioFlinger: mixer(0xc5a80000) throttle end: throttle time(13)
09-19 15:51:55.606  6989  7121 I chatty  : uid=10038(com.litatom.app) RenderThread expire 294 lines
09-19 15:51:58.274  6989  7249 I chatty  : uid=10038(com.litatom.app) AgoraLogging expire 4 lines
09-19 15:52:07.640  6989  7121 I chatty  : uid=10038(com.litatom.app) RenderThread expire 251 lines
09-19 15:52:08.297  6989  7090 I chatty  : uid=10038(com.litatom.app) LogingTaskQueue expire 2 lines
09-19 15:52:16.972  6989  7121 I chatty  : uid=10038(com.litatom.app) RenderThread expire 253 lines
09-19 15:52:19.753  6989  7249 I chatty  : uid=10038(com.litatom.app) AgoraLogging expire 5 lines
09-19 15:52:24.088  1114  1134 D AudioFlinger: mixer(0xc5a80000) throttle end: throttle time(8)
09-19 15:52:26.258  6989  7121 I chatty  : uid=10038(com.litatom.app) RenderThread expire 505 lines
09-19 15:52:30.993  1114  1134 D AudioFlinger: mixer(0xc5a80000) throttle end: throttle time(27)
09-19 15:52:40.715  6989  7249 I chatty  : uid=10038(com.litatom.app) AgoraLogging expire 2 lines
09-19 15:52:47.254  6989  7121 D EGL_adreno: eglMakeCurrent: 0xa6fbd3c0: ver 3 1 (tinfo 0xa6fd7620)
09-19 15:52:47.260  6989  7121 D EGL_adreno: eglMakeCurrent: 0xa6fbd3c0: ver 3 1 (tinfo 0xa6fd7620)
09-19 15:52:47.270  6989  7121 D EGL_adreno: eglMakeCurrent: 0xa6fbd3c0: ver 3 1 (tinfo 0xa6fd7620)
09-19 15:52:47.275  6989  7121 D EGL_adreno: eglMakeCurrent: 0xa6fbd3c0: ver 3 1 (tinfo 0xa6fd7620)
09-19 15:52:47.287  6989  7121 D EGL_adreno: eglMakeCurrent: 0xa6fbd3c0: ver 3 1 (tinfo 0xa6fd7620)
09-19 15:52:47.293  6989  7121 D EGL_adreno: eglMakeCurrent: 0xa6fbd3c0: ver 3 1 (tinfo 0xa6fd7620)
09-19 15:52:47.304  6989  7121 D EGL_adreno: eglMakeCurrent: 0xa6fbd3c0: ver 3 1 (tinfo 0xa6fd7620)
09-19 15:52:47.311  6989  7121 D EGL_adreno: eglMakeCurrent: 0xa6fbd3c0: ver 3 1 (tinfo 0xa6fd7620)
09-19 15:52:47.321  6989  7121 D EGL_adreno: eglMakeCurrent: 0xa6fbd3c0: ver 3 1 (tinfo 0xa6fd7620)
09-19 15:52:47.327  6989  7121 D EGL_adreno: eglMakeCurrent: 0xa6fbd3c0: ver 3 1 (tinfo 0xa6fd7620)
09-19 15:52:47.338  6989  7121 D EGL_adreno: eglMakeCurrent: 0xa6fbd3c0: ver 3 1 (tinfo 0xa6fd7620)
09-19 15:52:47.343  6989  7121 D EGL_adreno: eglMakeCurrent: 0xa6fbd3c0: ver 3 1 (tinfo 0xa6fd7620)
09-19 15:52:47.354  6989  7121 D EGL_adreno: eglMakeCurrent: 0xa6fbd3c0: ver 3 1 (tinfo 0xa6fd7620)
09-19 15:52:47.360  6989  7121 D EGL_adreno: eglMakeCurrent: 0xa6fbd3c0: ver 3 1 (tinfo 0xa6fd7620)
09-19 15:52:47.371  6989  7121 D EGL_adreno: eglMakeCurrent: 0xa6fbd3c0: ver 3 1 (tinfo 0xa6fd7620)
09-19 15:52:47.377  6989  7121 D EGL_adreno: eglMakeCurrent: 0xa6fbd3c0: ver 3 1 (tinfo 0xa6fd7620)
09-19 15:52:47.386  6989  7121 D EGL_adreno: eglMakeCurrent: 0xa6fbd3c0: ver 3 1 (tinfo 0xa6fd7620)
09-19 15:52:47.391  6989  7121 D EGL_adreno: eglMakeCurrent: 0xa6fbd3c0: ver 3 1 (tinfo 0xa6fd7620)
09-19 15:52:47.403  6989  7121 D EGL_adreno: eglMakeCurrent: 0xa6fbd3c0: ver 3 1 (tinfo 0xa6fd7620)
09-19 15:52:49.808  6989  7121 D EGL_adreno: eglMakeCurrent: 0xa6fbd3c0: ver 3 1 (tinfo 0xa6fd7620)
09-19 15:52:49.821  6989  7121 D EGL_adreno: eglMakeCurrent: 0xa6fbd3c0: ver 3 1 (tinfo 0xa6fd7620)
09-19 15:52:49.826  6989  7121 D EGL_adreno: eglMakeCurrent: 0xa6fbd3c0: ver 3 1 (tinfo 0xa6fd7620)
09-19 15:52:49.837  6989  7121 D EGL_adreno: eglMakeCurrent: 0xa6fbd3c0: ver 3 1 (tinfo 0xa6fd7620)
09-19 15:52:49.842  6989  7121 D EGL_adreno: eglMakeCurrent: 0xa6fbd3c0: ver 3 1 (tinfo 0xa6fd7620)
09-19 15:52:49.854  6989  7121 D EGL_adreno: eglMakeCurrent: 0xa6fbd3c0: ver 3 1 (tinfo 0xa6fd7620)
09-19 15:52:49.860  6989  7121 D EGL_adreno: eglMakeCurrent: 0xa6fbd3c0: ver 3 1 (tinfo 0xa6fd7620)
09-19 15:52:49.871  6989  7121 D EGL_adreno: eglMakeCurrent: 0xa6fbd3c0: ver 3 1 (tinfo 0xa6fd7620)
09-19 15:52:49.877  6989  7121 D EGL_adreno: eglMakeCurrent: 0xa6fbd3c0: ver 3 1 (tinfo 0xa6fd7620)
09-19 15:52:49.886  6989  7121 D EGL_adreno: eglMakeCurrent: 0xa6fbd3c0: ver 3 1 (tinfo 0xa6fd7620)
09-19 15:52:49.893  6989  7121 D EGL_adreno: eglMakeCurrent: 0xa6fbd3c0: ver 3 1 (tinfo 0xa6fd7620)
09-19 15:52:49.905  6989  7121 D EGL_adreno: eglMakeCurrent: 0xa6fbd3c0: ver 3 1 (tinfo 0xa6fd7620)
09-19 15:52:49.909  6989  7121 D EGL_adreno: eglMakeCurrent: 0xa6fbd3c0: ver 3 1 (tinfo 0xa6fd7620)
09-19 15:52:49.920  6989  7121 D EGL_adreno: eglMakeCurrent: 0xa6fbd3c0: ver 3 1 (tinfo 0xa6fd7620)
09-19 15:52:49.925  6989  7121 D EGL_adreno: eglMakeCurrent: 0xa6fbd3c0: ver 3 1 (tinfo 0xa6fd7620)
09-19 15:52:49.940  6989  7121 D EGL_adreno: eglMakeCurrent: 0xa6fbd3c0: ver 3 1 (tinfo 0xa6fd7620)
09-19 15:52:49.946  6989  7121 D EGL_adreno: eglMakeCurrent: 0xa6fbd3c0: ver 3 1 (tinfo 0xa6fd7620)
09-19 15:52:49.954  6989  7121 D EGL_adreno: eglMakeCurrent: 0xa6fbd3c0: ver 3 1 (tinfo 0xa6fd7620)
09-19 15:52:49.961  6989  7121 D EGL_adreno: eglMakeCurrent: 0xa6fbd3c0: ver 3 1 (tinfo 0xa6fd7620)
09-19 15:52:49.971  6989  7121 D EGL_adreno: eglMakeCurrent: 0xa6fbd3c0: ver 3 1 (tinfo 0xa6fd7620)
09-19 15:52:49.976  6989  7121 D EGL_adreno: eglMakeCurrent: 0xa6fbd3c0: ver 3 1 (tinfo 0xa6fd7620)
09-19 15:52:49.987  6989  7121 D EGL_adreno: eglMakeCurrent: 0xa6fbd3c0: ver 3 1 (tinfo 0xa6fd7620)
09-19 15:52:49.993  6989  7121 D EGL_adreno: eglMakeCurrent: 0xa6fbd3c0: ver 3 1 (tinfo 0xa6fd7620)
09-19 15:52:50.003  6989  7121 D EGL_adreno: eglMakeCurrent: 0xa6fbd3c0: ver 3 1 (tinfo 0xa6fd7620)
09-19 15:52:50.009  6989  7121 D EGL_adreno: eglMakeCurrent: 0xa6fbd3c0: ver 3 1 (tinfo 0xa6fd7620)
09-19 15:52:50.021  6989  7121 D EGL_adreno: eglMakeCurrent: 0xa6fbd3c0: ver 3 1 (tinfo 0xa6fd7620)
09-19 15:52:50.025  6989  7121 D EGL_adreno: eglMakeCurrent: 0xa6fbd3c0: ver 3 1 (tinfo 0xa6fd7620)
09-19 15:52:50.036  6989  7121 D EGL_adreno: eglMakeCurrent: 0xa6fbd3c0: ver 3 1 (tinfo 0xa6fd7620)
09-19 15:52:50.042  6989  7121 D EGL_adreno: eglMakeCurrent: 0xa6fbd3c0: ver 3 1 (tinfo 0xa6fd7620)
09-19 15:52:50.053  6989  7121 D EGL_adreno: eglMakeCurrent: 0xa6fbd3c0: ver 3 1 (tinfo 0xa6fd7620)
09-19 15:52:50.058  6989  7121 D EGL_adreno: eglMakeCurrent: 0xa6fbd3c0: ver 3 1 (tinfo 0xa6fd7620)
09-19 15:52:50.070  6989  7121 D EGL_adreno: eglMakeCurrent: 0xa6fbd3c0: ver 3 1 (tinfo 0xa6fd7620)
09-19 15:52:50.074  6989  7121 D EGL_adreno: eglMakeCurrent: 0xa6fbd3c0: ver 3 1 (tinfo 0xa6fd7620)
09-19 15:52:50.086  6989  7121 D EGL_adreno: eglMakeCurrent: 0xa6fbd3c0: ver 3 1 (tinfo 0xa6fd7620)
09-19 15:52:50.091  6989  7121 D EGL_adreno: eglMakeCurrent: 0xa6fbd3c0: ver 3 1 (tinfo 0xa6fd7620)
09-19 15:52:50.104  6989  7121 D EGL_adreno: eglMakeCurrent: 0xa6fbd3c0: ver 3 1 (tinfo 0xa6fd7620)
09-19 15:52:50.110  6989  7121 D EGL_adreno: eglMakeCurrent: 0xa6fbd3c0: ver 3 1 (tinfo 0xa6fd7620)
09-19 15:52:50.120  6989  7121 D EGL_adreno: eglMakeCurrent: 0xa6fbd3c0: ver 3 1 (tinfo 0xa6fd7620)
09-19 15:52:50.126  6989  7121 D EGL_adreno: eglMakeCurrent: 0xa6fbd3c0: ver 3 1 (tinfo 0xa6fd7620)
09-19 15:52:50.137  6989  7121 D EGL_adreno: eglMakeCurrent: 0xa6fbd3c0: ver 3 1 (tinfo 0xa6fd7620)
09-19 15:52:50.142  6989  7121 D EGL_adreno: eglMakeCurrent: 0xa6fbd3c0: ver 3 1 (tinfo 0xa6fd7620)
09-19 15:52:50.155  6989  7121 D EGL_adreno: eglMakeCurrent: 0xa6fbd3c0: ver 3 1 (tinfo 0xa6fd7620)
09-19 15:52:50.160  6989  7121 D EGL_adreno: eglMakeCurrent: 0xa6fbd3c0: ver 3 1 (tinfo 0xa6fd7620)
09-19 15:52:50.170  6989  7121 D EGL_adreno: eglMakeCurrent: 0xa6fbd3c0: ver 3 1 (tinfo 0xa6fd7620)
09-19 15:52:50.175  6989  7121 D EGL_adreno: eglMakeCurrent: 0xa6fbd3c0: ver 3 1 (tinfo 0xa6fd7620)
09-19 15:52:50.188  6989  7121 D EGL_adreno: eglMakeCurrent: 0xa6fbd3c0: ver 3 1 (tinfo 0xa6fd7620)
09-19 15:52:50.194  6989  7121 D EGL_adreno: eglMakeCurrent: 0xa6fbd3c0: ver 3 1 (tinfo 0xa6fd7620)
09-19 15:52:50.204  6989  7121 D EGL_adreno: eglMakeCurrent: 0xa6fbd3c0: ver 3 1 (tinfo 0xa6fd7620)
09-19 15:52:50.210  6989  7121 D EGL_adreno: eglMakeCurrent: 0xa6fbd3c0: ver 3 1 (tinfo 0xa6fd7620)
09-19 15:52:50.221  6989  7121 D EGL_adreno: eglMakeCurrent: 0xa6fbd3c0: ver 3 1 (tinfo 0xa6fd7620)
09-19 15:52:50.227  6989  7121 D EGL_adreno: eglMakeCurrent: 0xa6fbd3c0: ver 3 1 (tinfo 0xa6fd7620)
09-19 15:52:50.238  6989  7121 D EGL_adreno: eglMakeCurrent: 0xa6fbd3c0: ver 3 1 (tinfo 0xa6fd7620)
09-19 15:52:50.244  6989  7121 D EGL_adreno: eglMakeCurrent: 0xa6fbd3c0: ver 3 1 (tinfo 0xa6fd7620)
09-19 15:52:50.254  6989  7121 D EGL_adreno: eglMakeCurrent: 0xa6fbd3c0: ver 3 1 (tinfo 0xa6fd7620)
09-19 15:52:50.261  6989  7121 D EGL_adreno: eglMakeCurrent: 0xa6fbd3c0: ver 3 1 (tinfo 0xa6fd7620)
09-19 15:52:50.270  6989  7121 D EGL_adreno: eglMakeCurrent: 0xa6fbd3c0: ver 3 1 (tinfo 0xa6fd7620)
09-19 15:52:50.277  6989  7121 D EGL_adreno: eglMakeCurrent: 0xa6fbd3c0: ver 3 1 (tinfo 0xa6fd7620)
09-19 15:52:50.287  6989  7121 D EGL_adreno: eglMakeCurrent: 0xa6fbd3c0: ver 3 1 (tinfo 0xa6fd7620)
09-19 15:52:50.293  6989  7121 D EGL_adreno: eglMakeCurrent: 0xa6fbd3c0: ver 3 1 (tinfo 0xa6fd7620)
09-19 15:52:50.303  6989  7121 D EGL_adreno: eglMakeCurrent: 0xa6fbd3c0: ver 3 1 (tinfo 0xa6fd7620)
09-19 15:52:50.309  6989  7121 D EGL_adreno: eglMakeCurrent: 0xa6fbd3c0: ver 3 1 (tinfo 0xa6fd7620)
09-19 15:52:50.321  6989  7121 D EGL_adreno: eglMakeCurrent: 0xa6fbd3c0: ver 3 1 (tinfo 0xa6fd7620)
09-19 15:52:50.327  6989  7121 D EGL_adreno: eglMakeCurrent: 0xa6fbd3c0: ver 3 1 (tinfo 0xa6fd7620)
09-19 15:52:50.337  6989  7121 D EGL_adreno: eglMakeCurrent: 0xa6fbd3c0: ver 3 1 (tinfo 0xa6fd7620)
09-19 15:52:50.343  6989  7121 D EGL_adreno: eglMakeCurrent: 0xa6fbd3c0: ver 3 1 (tinfo 0xa6fd7620)
09-19 15:52:50.355  6989  7121 D EGL_adreno: eglMakeCurrent: 0xa6fbd3c0: ver 3 1 (tinfo 0xa6fd7620)
09-19 15:52:50.361  6989  7121 D EGL_adreno: eglMakeCurrent: 0xa6fbd3c0: ver 3 1 (tinfo 0xa6fd7620)
09-19 15:52:50.371  6989  7121 D EGL_adreno: eglMakeCurrent: 0xa6fbd3c0: ver 3 1 (tinfo 0xa6fd7620)
09-19 15:52:50.375  6989  7121 D EGL_adreno: eglMakeCurrent: 0xa6fbd3c0: ver 3 1 (tinfo 0xa6fd7620)
09-19 15:52:50.387  6989  7121 D EGL_adreno: eglMakeCurrent: 0xa6fbd3c0: ver 3 1 (tinfo 0xa6fd7620)
09-19 15:52:50.392  6989  7121 D EGL_adreno: eglMakeCurrent: 0xa6fbd3c0: ver 3 1 (tinfo 0xa6fd7620)
09-19 15:52:50.404  6989  7121 D EGL_adreno: eglMakeCurrent: 0xa6fbd3c0: ver 3 1 (tinfo 0xa6fd7620)
09-19 15:52:50.409  6989  7121 D EGL_adreno: eglMakeCurrent: 0xa6fbd3c0: ver 3 1 (tinfo 0xa6fd7620)
09-19 15:52:50.421  6989  7121 D EGL_adreno: eglMakeCurrent: 0xa6fbd3c0: ver 3 1 (tinfo 0xa6fd7620)
09-19 15:52:50.876  6989  7249 E AGORA_SDK: cannot open log file for writing: agorartm.log, err=30
09-19 15:52:52.823  6989  7121 D EGL_adreno: eglMakeCurrent: 0xa6fbd3c0: ver 3 1 (tinfo 0xa6fd7620)
09-19 15:52:52.837  6989  7121 D EGL_adreno: eglMakeCurrent: 0xa6fbd3c0: ver 3 1 (tinfo 0xa6fd7620)
09-19 15:52:52.843  6989  7121 D EGL_adreno: eglMakeCurrent: 0xa6fbd3c0: ver 3 1 (tinfo 0xa6fd7620)
09-19 15:52:52.854  6989  7121 D EGL_adreno: eglMakeCurrent: 0xa6fbd3c0: ver 3 1 (tinfo 0xa6fd7620)
09-19 15:52:52.859  6989  7121 D EGL_adreno: eglMakeCurrent: 0xa6fbd3c0: ver 3 1 (tinfo 0xa6fd7620)
09-19 15:52:52.871  6989  7121 D EGL_adreno: eglMakeCurrent: 0xa6fbd3c0: ver 3 1 (tinfo 0xa6fd7620)
09-19 15:52:52.876  6989  7121 D EGL_adreno: eglMakeCurrent: 0xa6fbd3c0: ver 3 1 (tinfo 0xa6fd7620)
09-19 15:52:52.887  6989  7121 D EGL_adreno: eglMakeCurrent: 0xa6fbd3c0: ver 3 1 (tinfo 0xa6fd7620)
09-19 15:52:52.892  6989  7121 D EGL_adreno: eglMakeCurrent: 0xa6fbd3c0: ver 3 1 (tinfo 0xa6fd7620)
09-19 15:52:52.903  6989  7121 D EGL_adreno: eglMakeCurrent: 0xa6fbd3c0: ver 3 1 (tinfo 0xa6fd7620)
09-19 15:52:52.907  6989  7121 D EGL_adreno: eglMakeCurrent: 0xa6fbd3c0: ver 3 1 (tinfo 0xa6fd7620)
09-19 15:52:52.921  6989  7121 D EGL_adreno: eglMakeCurrent: 0xa6fbd3c0: ver 3 1 (tinfo 0xa6fd7620)
09-19 15:52:52.925  6989  7121 D EGL_adreno: eglMakeCurrent: 0xa6fbd3c0: ver 3 1 (tinfo 0xa6fd7620)
09-19 15:52:52.937  6989  7121 D EGL_adreno: eglMakeCurrent: 0xa6fbd3c0: ver 3 1 (tinfo 0xa6fd7620)
09-19 15:52:52.942  6989  7121 D EGL_adreno: eglMakeCurrent: 0xa6fbd3c0: ver 3 1 (tinfo 0xa6fd7620)
09-19 15:52:52.954  6989  7121 D EGL_adreno: eglMakeCurrent: 0xa6fbd3c0: ver 3 1 (tinfo 0xa6fd7620)
09-19 15:52:52.958  6989  7121 D EGL_adreno: eglMakeCurrent: 0xa6fbd3c0: ver 3 1 (tinfo 0xa6fd7620)
09-19 15:52:52.969  6989  7121 D EGL_adreno: eglMakeCurrent: 0xa6fbd3c0: ver 3 1 (tinfo 0xa6fd7620)
09-19 15:52:52.974  6989  7121 D EGL_adreno: eglMakeCurrent: 0xa6fbd3c0: ver 3 1 (tinfo 0xa6fd7620)
09-19 15:52:52.987  6989  7121 D EGL_adreno: eglMakeCurrent: 0xa6fbd3c0: ver 3 1 (tinfo 0xa6fd7620)
09-19 15:52:52.993  6989  7121 D EGL_adreno: eglMakeCurrent: 0xa6fbd3c0: ver 3 1 (tinfo 0xa6fd7620)
09-19 15:52:53.004  6989  7121 D EGL_adreno: eglMakeCurrent: 0xa6fbd3c0: ver 3 1 (tinfo 0xa6fd7620)
09-19 15:52:53.009  6989  7121 D EGL_adreno: eglMakeCurrent: 0xa6fbd3c0: ver 3 1 (tinfo 0xa6fd7620)
09-19 15:52:53.020  6989  7121 D EGL_adreno: eglMakeCurrent: 0xa6fbd3c0: ver 3 1 (tinfo 0xa6fd7620)
09-19 15:52:53.024  6989  7121 D EGL_adreno: eglMakeCurrent: 0xa6fbd3c0: ver 3 1 (tinfo 0xa6fd7620)
09-19 15:52:53.039  6989  7121 D EGL_adreno: eglMakeCurrent: 0xa6fbd3c0: ver 3 1 (tinfo 0xa6fd7620)
09-19 15:52:53.044  6989  7121 D EGL_adreno: eglMakeCurrent: 0xa6fbd3c0: ver 3 1 (tinfo 0xa6fd7620)
09-19 15:52:53.054  6989  7121 D EGL_adreno: eglMakeCurrent: 0xa6fbd3c0: ver 3 1 (tinfo 0xa6fd7620)
09-19 15:52:53.059  6989  7121 D EGL_adreno: eglMakeCurrent: 0xa6fbd3c0: ver 3 1 (tinfo 0xa6fd7620)
09-19 15:52:53.070  6989  7121 D EGL_adreno: eglMakeCurrent: 0xa6fbd3c0: ver 3 1 (tinfo 0xa6fd7620)
09-19 15:52:53.075  6989  7121 D EGL_adreno: eglMakeCurrent: 0xa6fbd3c0: ver 3 1 (tinfo 0xa6fd7620)
09-19 15:52:53.087  6989  7121 D EGL_adreno: eglMakeCurrent: 0xa6fbd3c0: ver 3 1 (tinfo 0xa6fd7620)
09-19 15:52:53.092  6989  7121 D EGL_adreno: eglMakeCurrent: 0xa6fbd3c0: ver 3 1 (tinfo 0xa6fd7620)
09-19 15:52:53.103  6989  7121 D EGL_adreno: eglMakeCurrent: 0xa6fbd3c0: ver 3 1 (tinfo 0xa6fd7620)
09-19 15:52:53.108  6989  7121 D EGL_adreno: eglMakeCurrent: 0xa6fbd3c0: ver 3 1 (tinfo 0xa6fd7620)
09-19 15:52:53.120  6989  7121 D EGL_adreno: eglMakeCurrent: 0xa6fbd3c0: ver 3 1 (tinfo 0xa6fd7620)
09-19 15:52:53.125  6989  7121 D EGL_adreno: eglMakeCurrent: 0xa6fbd3c0: ver 3 1 (tinfo 0xa6fd7620)
09-19 15:52:53.138  6989  7121 D EGL_adreno: eglMakeCurrent: 0xa6fbd3c0: ver 3 1 (tinfo 0xa6fd7620)
09-19 15:52:53.144  6989  7121 D EGL_adreno: eglMakeCurrent: 0xa6fbd3c0: ver 3 1 (tinfo 0xa6fd7620)
09-19 15:52:53.154  6989  7121 D EGL_adreno: eglMakeCurrent: 0xa6fbd3c0: ver 3 1 (tinfo 0xa6fd7620)
09-19 15:52:53.160  6989  7121 D EGL_adreno: eglMakeCurrent: 0xa6fbd3c0: ver 3 1 (tinfo 0xa6fd7620)
09-19 15:52:53.170  6989  7121 D EGL_adreno: eglMakeCurrent: 0xa6fbd3c0: ver 3 1 (tinfo 0xa6fd7620)
09-19 15:52:53.175  6989  7121 D EGL_adreno: eglMakeCurrent: 0xa6fbd3c0: ver 3 1 (tinfo 0xa6fd7620)
09-19 15:52:53.186  6989  7121 D EGL_adreno: eglMakeCurrent: 0xa6fbd3c0: ver 3 1 (tinfo 0xa6fd7620)
09-19 15:52:53.191  6989  7121 D EGL_adreno: eglMakeCurrent: 0xa6fbd3c0: ver 3 1 (tinfo 0xa6fd7620)
09-19 15:52:53.204  6989  7121 D EGL_adreno: eglMakeCurrent: 0xa6fbd3c0: ver 3 1 (tinfo 0xa6fd7620)
09-19 15:52:53.210  6989  7121 D EGL_adreno: eglMakeCurrent: 0xa6fbd3c0: ver 3 1 (tinfo 0xa6fd7620)
09-19 15:52:53.220  6989  7121 D EGL_adreno: eglMakeCurrent: 0xa6fbd3c0: ver 3 1 (tinfo 0xa6fd7620)
09-19 15:52:53.226  6989  7121 D EGL_adreno: eglMakeCurrent: 0xa6fbd3c0: ver 3 1 (tinfo 0xa6fd7620)
09-19 15:52:53.237  6989  7121 D EGL_adreno: eglMakeCurrent: 0xa6fbd3c0: ver 3 1 (tinfo 0xa6fd7620)
09-19 15:52:53.242  6989  7121 D EGL_adreno: eglMakeCurrent: 0xa6fbd3c0: ver 3 1 (tinfo 0xa6fd7620)
09-19 15:52:53.255  6989  7121 D EGL_adreno: eglMakeCurrent: 0xa6fbd3c0: ver 3 1 (tinfo 0xa6fd7620)
09-19 15:52:53.260  6989  7121 D EGL_adreno: eglMakeCurrent: 0xa6fbd3c0: ver 3 1 (tinfo 0xa6fd7620)
09-19 15:52:53.271  6989  7121 D EGL_adreno: eglMakeCurrent: 0xa6fbd3c0: ver 3 1 (tinfo 0xa6fd7620)
09-19 15:52:53.277  6989  7121 D EGL_adreno: eglMakeCurrent: 0xa6fbd3c0: ver 3 1 (tinfo 0xa6fd7620)
09-19 15:52:53.288  6989  7121 D EGL_adreno: eglMakeCurrent: 0xa6fbd3c0: ver 3 1 (tinfo 0xa6fd7620)
09-19 15:52:53.295  6989  7121 D EGL_adreno: eglMakeCurrent: 0xa6fbd3c0: ver 3 1 (tinfo 0xa6fd7620)
09-19 15:52:53.303  6989  7121 D EGL_adreno: eglMakeCurrent: 0xa6fbd3c0: ver 3 1 (tinfo 0xa6fd7620)
09-19 15:52:53.309  6989  7121 D EGL_adreno: eglMakeCurrent: 0xa6fbd3c0: ver 3 1 (tinfo 0xa6fd7620)
09-19 15:52:53.321  6989  7121 D EGL_adreno: eglMakeCurrent: 0xa6fbd3c0: ver 3 1 (tinfo 0xa6fd7620)
09-19 15:52:53.327  6989  7121 D EGL_adreno: eglMakeCurrent: 0xa6fbd3c0: ver 3 1 (tinfo 0xa6fd7620)
09-19 15:52:53.337  6989  7121 D EGL_adreno: eglMakeCurrent: 0xa6fbd3c0: ver 3 1 (tinfo 0xa6fd7620)
09-19 15:52:53.343  6989  7121 D EGL_adreno: eglMakeCurrent: 0xa6fbd3c0: ver 3 1 (tinfo 0xa6fd7620)
09-19 15:52:53.353  6989  7121 D EGL_adreno: eglMakeCurrent: 0xa6fbd3c0: ver 3 1 (tinfo 0xa6fd7620)
09-19 15:52:53.360  6989  7121 D EGL_adreno: eglMakeCurrent: 0xa6fbd3c0: ver 3 1 (tinfo 0xa6fd7620)
09-19 15:52:53.371  6989  7121 D EGL_adreno: eglMakeCurrent: 0xa6fbd3c0: ver 3 1 (tinfo 0xa6fd7620)
09-19 15:52:53.390  6989  7121 D EGL_adreno: eglMakeCurrent: 0xa6fbd3c0: ver 3 1 (tinfo 0xa6fd7620)
09-19 15:52:53.402  6989  7121 D EGL_adreno: eglMakeCurrent: 0xa6fbd3c0: ver 3 1 (tinfo 0xa6fd7620)
09-19 15:52:53.408  6989  7121 D EGL_adreno: eglMakeCurrent: 0xa6fbd3c0: ver 3 1 (tinfo 0xa6fd7620)
09-19 15:52:53.417  6989  7121 D EGL_adreno: eglMakeCurrent: 0xa6fbd3c0: ver 3 1 (tinfo 0xa6fd7620)
09-19 15:52:53.428  6989  7121 D EGL_adreno: eglMakeCurrent: 0xa6fbd3c0: ver 3 1 (tinfo 0xa6fd7620)
09-19 15:52:53.435  6989  7121 D EGL_adreno: eglMakeCurrent: 0xa6fbd3c0: ver 3 1 (tinfo 0xa6fd7620)
09-19 15:52:53.443  6989  7121 D EGL_adreno: eglMakeCurrent: 0xa6fbd3c0: ver 3 1 (tinfo 0xa6fd7620)
09-19 15:52:53.450  6989  7121 D EGL_adreno: eglMakeCurrent: 0xa6fbd3c0: ver 3 1 (tinfo 0xa6fd7620)
09-19 15:52:55.845  6989  7121 D EGL_adreno: eglMakeCurrent: 0xa6fbd3c0: ver 3 1 (tinfo 0xa6fd7620)
09-19 15:52:55.854  6989  7121 D EGL_adreno: eglMakeCurrent: 0xa6fbd3c0: ver 3 1 (tinfo 0xa6fd7620)
09-19 15:52:55.860  6989  7121 D EGL_adreno: eglMakeCurrent: 0xa6fbd3c0: ver 3 1 (tinfo 0xa6fd7620)
09-19 15:52:55.869  6989  7121 D EGL_adreno: eglMakeCurrent: 0xa6fbd3c0: ver 3 1 (tinfo 0xa6fd7620)
09-19 15:52:55.874  6989  7121 D EGL_adreno: eglMakeCurrent: 0xa6fbd3c0: ver 3 1 (tinfo 0xa6fd7620)
09-19 15:52:55.887  6989  7121 D EGL_adreno: eglMakeCurrent: 0xa6fbd3c0: ver 3 1 (tinfo 0xa6fd7620)
09-19 15:52:55.892  6989  7121 D EGL_adreno: eglMakeCurrent: 0xa6fbd3c0: ver 3 1 (tinfo 0xa6fd7620)
09-19 15:52:55.903  6989  7121 D EGL_adreno: eglMakeCurrent: 0xa6fbd3c0: ver 3 1 (tinfo 0xa6fd7620)
09-19 15:52:55.909  6989  7121 D EGL_adreno: eglMakeCurrent: 0xa6fbd3c0: ver 3 1 (tinfo 0xa6fd7620)
09-19 15:52:55.921  6989  7121 D EGL_adreno: eglMakeCurrent: 0xa6fbd3c0: ver 3 1 (tinfo 0xa6fd7620)
09-19 15:52:55.925  6989  7121 D EGL_adreno: eglMakeCurrent: 0xa6fbd3c0: ver 3 1 (tinfo 0xa6fd7620)
09-19 15:52:55.937  6989  7121 D EGL_adreno: eglMakeCurrent: 0xa6fbd3c0: ver 3 1 (tinfo 0xa6fd7620)
09-19 15:52:55.941  6989  7121 D EGL_adreno: eglMakeCurrent: 0xa6fbd3c0: ver 3 1 (tinfo 0xa6fd7620)
09-19 15:52:55.955  6989  7121 D EGL_adreno: eglMakeCurrent: 0xa6fbd3c0: ver 3 1 (tinfo 0xa6fd7620)
09-19 15:52:55.959  6989  7121 D EGL_adreno: eglMakeCurrent: 0xa6fbd3c0: ver 3 1 (tinfo 0xa6fd7620)
09-19 15:52:55.970  6989  7121 D EGL_adreno: eglMakeCurrent: 0xa6fbd3c0: ver 3 1 (tinfo 0xa6fd7620)
09-19 15:52:55.977  6989  7121 D EGL_adreno: eglMakeCurrent: 0xa6fbd3c0: ver 3 1 (tinfo 0xa6fd7620)
09-19 15:52:55.987  6989  7121 D EGL_adreno: eglMakeCurrent: 0xa6fbd3c0: ver 3 1 (tinfo 0xa6fd7620)
09-19 15:52:55.993  6989  7121 D EGL_adreno: eglMakeCurrent: 0xa6fbd3c0: ver 3 1 (tinfo 0xa6fd7620)
09-19 15:52:56.005  6989  7121 D EGL_adreno: eglMakeCurrent: 0xa6fbd3c0: ver 3 1 (tinfo 0xa6fd7620)
09-19 15:52:56.011  6989  7121 D EGL_adreno: eglMakeCurrent: 0xa6fbd3c0: ver 3 1 (tinfo 0xa6fd7620)
09-19 15:52:56.020  6989  7121 D EGL_adreno: eglMakeCurrent: 0xa6fbd3c0: ver 3 1 (tinfo 0xa6fd7620)
09-19 15:52:56.026  6989  7121 D EGL_adreno: eglMakeCurrent: 0xa6fbd3c0: ver 3 1 (tinfo 0xa6fd7620)
09-19 15:52:56.036  6989  7121 D EGL_adreno: eglMakeCurrent: 0xa6fbd3c0: ver 3 1 (tinfo 0xa6fd7620)
09-19 15:52:56.042  6989  7121 D EGL_adreno: eglMakeCurrent: 0xa6fbd3c0: ver 3 1 (tinfo 0xa6fd7620)
09-19 15:52:56.054  6989  7121 D EGL_adreno: eglMakeCurrent: 0xa6fbd3c0: ver 3 1 (tinfo 0xa6fd7620)
09-19 15:52:56.059  6989  7121 D EGL_adreno: eglMakeCurrent: 0xa6fbd3c0: ver 3 1 (tinfo 0xa6fd7620)
09-19 15:52:56.062  6989  7249 E AGORA_SDK: cannot open log file for writing: agorartm.log, err=30
09-19 15:52:56.070  6989  7121 D EGL_adreno: eglMakeCurrent: 0xa6fbd3c0: ver 3 1 (tinfo 0xa6fd7620)
09-19 15:52:56.075  6989  7121 D EGL_adreno: eglMakeCurrent: 0xa6fbd3c0: ver 3 1 (tinfo 0xa6fd7620)
09-19 15:52:56.087  6989  7121 D EGL_adreno: eglMakeCurrent: 0xa6fbd3c0: ver 3 1 (tinfo 0xa6fd7620)
09-19 15:52:56.093  6989  7121 D EGL_adreno: eglMakeCurrent: 0xa6fbd3c0: ver 3 1 (tinfo 0xa6fd7620)
09-19 15:52:56.104  6989  7121 D EGL_adreno: eglMakeCurrent: 0xa6fbd3c0: ver 3 1 (tinfo 0xa6fd7620)
09-19 15:52:56.109  6989  7121 D EGL_adreno: eglMakeCurrent: 0xa6fbd3c0: ver 3 1 (tinfo 0xa6fd7620)
09-19 15:52:56.120  6989  7121 D EGL_adreno: eglMakeCurrent: 0xa6fbd3c0: ver 3 1 (tinfo 0xa6fd7620)
09-19 15:52:56.125  6989  7121 D EGL_adreno: eglMakeCurrent: 0xa6fbd3c0: ver 3 1 (tinfo 0xa6fd7620)
09-19 15:52:56.138  6989  7121 D EGL_adreno: eglMakeCurrent: 0xa6fbd3c0: ver 3 1 (tinfo 0xa6fd7620)
09-19 15:52:56.143  6989  7121 D EGL_adreno: eglMakeCurrent: 0xa6fbd3c0: ver 3 1 (tinfo 0xa6fd7620)
09-19 15:52:56.153  6989  7121 D EGL_adreno: eglMakeCurrent: 0xa6fbd3c0: ver 3 1 (tinfo 0xa6fd7620)
09-19 15:52:56.160  6989  7121 D EGL_adreno: eglMakeCurrent: 0xa6fbd3c0: ver 3 1 (tinfo 0xa6fd7620)
09-19 15:52:56.170  6989  7121 D EGL_adreno: eglMakeCurrent: 0xa6fbd3c0: ver 3 1 (tinfo 0xa6fd7620)
09-19 15:52:56.176  6989  7121 D EGL_adreno: eglMakeCurrent: 0xa6fbd3c0: ver 3 1 (tinfo 0xa6fd7620)
09-19 15:52:56.186  6989  7121 D EGL_adreno: eglMakeCurrent: 0xa6fbd3c0: ver 3 1 (tinfo 0xa6fd7620)
09-19 15:52:56.194  6989  7121 D EGL_adreno: eglMakeCurrent: 0xa6fbd3c0: ver 3 1 (tinfo 0xa6fd7620)
09-19 15:52:56.204  6989  7121 D EGL_adreno: eglMakeCurrent: 0xa6fbd3c0: ver 3 1 (tinfo 0xa6fd7620)
09-19 15:52:56.210  6989  7121 D EGL_adreno: eglMakeCurrent: 0xa6fbd3c0: ver 3 1 (tinfo 0xa6fd7620)
09-19 15:52:56.220  6989  7121 D EGL_adreno: eglMakeCurrent: 0xa6fbd3c0: ver 3 1 (tinfo 0xa6fd7620)
09-19 15:52:56.225  6989  7121 D EGL_adreno: eglMakeCurrent: 0xa6fbd3c0: ver 3 1 (tinfo 0xa6fd7620)
09-19 15:52:56.242  6989  7121 D EGL_adreno: eglMakeCurrent: 0xa6fbd3c0: ver 3 1 (tinfo 0xa6fd7620)
09-19 15:52:56.248  6989  7121 D EGL_adreno: eglMakeCurrent: 0xa6fbd3c0: ver 3 1 (tinfo 0xa6fd7620)
09-19 15:52:56.259  6989  7121 D EGL_adreno: eglMakeCurrent: 0xa6fbd3c0: ver 3 1 (tinfo 0xa6fd7620)
09-19 15:52:56.265  6989  7121 D EGL_adreno: eglMakeCurrent: 0xa6fbd3c0: ver 3 1 (tinfo 0xa6fd7620)
09-19 15:52:56.275  6989  7121 D EGL_adreno: eglMakeCurrent: 0xa6fbd3c0: ver 3 1 (tinfo 0xa6fd7620)
09-19 15:52:56.280  6989  7121 D EGL_adreno: eglMakeCurrent: 0xa6fbd3c0: ver 3 1 (tinfo 0xa6fd7620)
09-19 15:52:56.288  6989  7121 D EGL_adreno: eglMakeCurrent: 0xa6fbd3c0: ver 3 1 (tinfo 0xa6fd7620)
09-19 15:52:56.294  6989  7121 D EGL_adreno: eglMakeCurrent: 0xa6fbd3c0: ver 3 1 (tinfo 0xa6fd7620)
09-19 15:52:56.303  6989  7121 D EGL_adreno: eglMakeCurrent: 0xa6fbd3c0: ver 3 1 (tinfo 0xa6fd7620)
09-19 15:52:56.308  6989  7121 D EGL_adreno: eglMakeCurrent: 0xa6fbd3c0: ver 3 1 (tinfo 0xa6fd7620)
09-19 15:52:56.335  6989  7121 D EGL_adreno: eglMakeCurrent: 0xa6fbd3c0: ver 3 1 (tinfo 0xa6fd7620)
09-19 15:52:56.342  6989  7121 D EGL_adreno: eglMakeCurrent: 0xa6fbd3c0: ver 3 1 (tinfo 0xa6fd7620)
09-19 15:52:56.353  6989  7121 D EGL_adreno: eglMakeCurrent: 0xa6fbd3c0: ver 3 1 (tinfo 0xa6fd7620)
09-19 15:52:56.360  6989  7121 D EGL_adreno: eglMakeCurrent: 0xa6fbd3c0: ver 3 1 (tinfo 0xa6fd7620)
09-19 15:52:56.370  6989  7121 D EGL_adreno: eglMakeCurrent: 0xa6fbd3c0: ver 3 1 (tinfo 0xa6fd7620)
09-19 15:52:56.376  6989  7121 D EGL_adreno: eglMakeCurrent: 0xa6fbd3c0: ver 3 1 (tinfo 0xa6fd7620)
09-19 15:52:56.387  6989  7121 D EGL_adreno: eglMakeCurrent: 0xa6fbd3c0: ver 3 1 (tinfo 0xa6fd7620)
09-19 15:52:56.391  6989  7121 D EGL_adreno: eglMakeCurrent: 0xa6fbd3c0: ver 3 1 (tinfo 0xa6fd7620)
09-19 15:52:56.403  6989  7121 D EGL_adreno: eglMakeCurrent: 0xa6fbd3c0: ver 3 1 (tinfo 0xa6fd7620)
09-19 15:52:56.408  6989  7121 D EGL_adreno: eglMakeCurrent: 0xa6fbd3c0: ver 3 1 (tinfo 0xa6fd7620)
09-19 15:52:56.422  6989  7121 D EGL_adreno: eglMakeCurrent: 0xa6fbd3c0: ver 3 1 (tinfo 0xa6fd7620)
09-19 15:52:56.427  6989  7121 D EGL_adreno: eglMakeCurrent: 0xa6fbd3c0: ver 3 1 (tinfo 0xa6fd7620)
09-19 15:52:56.437  6989  7121 D EGL_adreno: eglMakeCurrent: 0xa6fbd3c0: ver 3 1 (tinfo 0xa6fd7620)
09-19 15:52:56.442  6989  7121 D EGL_adreno: eglMakeCurrent: 0xa6fbd3c0: ver 3 1 (tinfo 0xa6fd7620)
09-19 15:52:56.454  6989  7121 D EGL_adreno: eglMakeCurrent: 0xa6fbd3c0: ver 3 1 (tinfo 0xa6fd7620)
09-19 15:52:58.844  6989  7121 D EGL_adreno: eglMakeCurrent: 0xa6fbd3c0: ver 3 1 (tinfo 0xa6fd7620)
09-19 15:52:58.854  6989  7121 D EGL_adreno: eglMakeCurrent: 0xa6fbd3c0: ver 3 1 (tinfo 0xa6fd7620)
09-19 15:52:58.860  6989  7121 D EGL_adreno: eglMakeCurrent: 0xa6fbd3c0: ver 3 1 (tinfo 0xa6fd7620)
09-19 15:52:58.869  6989  7121 D EGL_adreno: eglMakeCurrent: 0xa6fbd3c0: ver 3 1 (tinfo 0xa6fd7620)
09-19 15:52:58.875  6989  7121 D EGL_adreno: eglMakeCurrent: 0xa6fbd3c0: ver 3 1 (tinfo 0xa6fd7620)
09-19 15:52:58.890  6989  7121 D EGL_adreno: eglMakeCurrent: 0xa6fbd3c0: ver 3 1 (tinfo 0xa6fd7620)
09-19 15:52:58.896  6989  7121 D EGL_adreno: eglMakeCurrent: 0xa6fbd3c0: ver 3 1 (tinfo 0xa6fd7620)
09-19 15:52:58.904  6989  7121 D EGL_adreno: eglMakeCurrent: 0xa6fbd3c0: ver 3 1 (tinfo 0xa6fd7620)
09-19 15:52:58.911  6989  7121 D EGL_adreno: eglMakeCurrent: 0xa6fbd3c0: ver 3 1 (tinfo 0xa6fd7620)
09-19 15:52:58.923  6989  7121 D EGL_adreno: eglMakeCurrent: 0xa6fbd3c0: ver 3 1 (tinfo 0xa6fd7620)
09-19 15:52:58.928  6989  7121 D EGL_adreno: eglMakeCurrent: 0xa6fbd3c0: ver 3 1 (tinfo 0xa6fd7620)
09-19 15:52:58.940  6989  7121 D EGL_adreno: eglMakeCurrent: 0xa6fbd3c0: ver 3 1 (tinfo 0xa6fd7620)
09-19 15:52:58.945  6989  7121 D EGL_adreno: eglMakeCurrent: 0xa6fbd3c0: ver 3 1 (tinfo 0xa6fd7620)
09-19 15:52:58.953  6989  7121 D EGL_adreno: eglMakeCurrent: 0xa6fbd3c0: ver 3 1 (tinfo 0xa6fd7620)
09-19 15:52:58.960  6989  7121 D EGL_adreno: eglMakeCurrent: 0xa6fbd3c0: ver 3 1 (tinfo 0xa6fd7620)
09-19 15:52:58.969  6989  7121 D EGL_adreno: eglMakeCurrent: 0xa6fbd3c0: ver 3 1 (tinfo 0xa6fd7620)
09-19 15:52:58.975  6989  7121 D EGL_adreno: eglMakeCurrent: 0xa6fbd3c0: ver 3 1 (tinfo 0xa6fd7620)
09-19 15:52:58.987  6989  7121 D EGL_adreno: eglMakeCurrent: 0xa6fbd3c0: ver 3 1 (tinfo 0xa6fd7620)
09-19 15:52:58.992  6989  7121 D EGL_adreno: eglMakeCurrent: 0xa6fbd3c0: ver 3 1 (tinfo 0xa6fd7620)
09-19 15:52:59.003  6989  7121 D EGL_adreno: eglMakeCurrent: 0xa6fbd3c0: ver 3 1 (tinfo 0xa6fd7620)
09-19 15:52:59.006  6989  7121 D EGL_adreno: eglMakeCurrent: 0xa6fbd3c0: ver 3 1 (tinfo 0xa6fd7620)
09-19 15:52:59.030  6989  7121 D EGL_adreno: eglMakeCurrent: 0xa6fbd3c0: ver 3 1 (tinfo 0xa6fd7620)
09-19 15:52:59.036  6989  7121 D EGL_adreno: eglMakeCurrent: 0xa6fbd3c0: ver 3 1 (tinfo 0xa6fd7620)
09-19 15:52:59.047  6989  7121 D EGL_adreno: eglMakeCurrent: 0xa6fbd3c0: ver 3 1 (tinfo 0xa6fd7620)
09-19 15:52:59.052  6989  7121 D EGL_adreno: eglMakeCurrent: 0xa6fbd3c0: ver 3 1 (tinfo 0xa6fd7620)
09-19 15:52:59.061  6989  7121 D EGL_adreno: eglMakeCurrent: 0xa6fbd3c0: ver 3 1 (tinfo 0xa6fd7620)
09-19 15:52:59.067  6989  7121 D EGL_adreno: eglMakeCurrent: 0xa6fbd3c0: ver 3 1 (tinfo 0xa6fd7620)
09-19 15:52:59.075  6989  7121 D EGL_adreno: eglMakeCurrent: 0xa6fbd3c0: ver 3 1 (tinfo 0xa6fd7620)
09-19 15:52:59.079  6989  7121 D EGL_adreno: eglMakeCurrent: 0xa6fbd3c0: ver 3 1 (tinfo 0xa6fd7620)
09-19 15:52:59.087  6989  7121 D EGL_adreno: eglMakeCurrent: 0xa6fbd3c0: ver 3 1 (tinfo 0xa6fd7620)
09-19 15:52:59.091  6989  7121 D EGL_adreno: eglMakeCurrent: 0xa6fbd3c0: ver 3 1 (tinfo 0xa6fd7620)
09-19 15:52:59.102  6989  7121 D EGL_adreno: eglMakeCurrent: 0xa6fbd3c0: ver 3 1 (tinfo 0xa6fd7620)
09-19 15:52:59.107  6989  7121 D EGL_adreno: eglMakeCurrent: 0xa6fbd3c0: ver 3 1 (tinfo 0xa6fd7620)
09-19 15:52:59.121  6989  7121 D EGL_adreno: eglMakeCurrent: 0xa6fbd3c0: ver 3 1 (tinfo 0xa6fd7620)
09-19 15:52:59.126  6989  7121 D EGL_adreno: eglMakeCurrent: 0xa6fbd3c0: ver 3 1 (tinfo 0xa6fd7620)
09-19 15:52:59.136  6989  7121 D EGL_adreno: eglMakeCurrent: 0xa6fbd3c0: ver 3 1 (tinfo 0xa6fd7620)
09-19 15:52:59.140  6989  7121 D EGL_adreno: eglMakeCurrent: 0xa6fbd3c0: ver 3 1 (tinfo 0xa6fd7620)
09-19 15:52:59.153  6989  7121 D EGL_adreno: eglMakeCurrent: 0xa6fbd3c0: ver 3 1 (tinfo 0xa6fd7620)
09-19 15:52:59.158  6989  7121 D EGL_adreno: eglMakeCurrent: 0xa6fbd3c0: ver 3 1 (tinfo 0xa6fd7620)
09-19 15:52:59.169  6989  7121 D EGL_adreno: eglMakeCurrent: 0xa6fbd3c0: ver 3 1 (tinfo 0xa6fd7620)
09-19 15:52:59.174  6989  7121 D EGL_adreno: eglMakeCurrent: 0xa6fbd3c0: ver 3 1 (tinfo 0xa6fd7620)
09-19 15:52:59.187  6989  7121 D EGL_adreno: eglMakeCurrent: 0xa6fbd3c0: ver 3 1 (tinfo 0xa6fd7620)
09-19 15:52:59.193  6989  7121 D EGL_adreno: eglMakeCurrent: 0xa6fbd3c0: ver 3 1 (tinfo 0xa6fd7620)
09-19 15:52:59.204  6989  7121 D EGL_adreno: eglMakeCurrent: 0xa6fbd3c0: ver 3 1 (tinfo 0xa6fd7620)
09-19 15:52:59.208  6989  7121 D EGL_adreno: eglMakeCurrent: 0xa6fbd3c0: ver 3 1 (tinfo 0xa6fd7620)
09-19 15:52:59.222  6989  7121 D EGL_adreno: eglMakeCurrent: 0xa6fbd3c0: ver 3 1 (tinfo 0xa6fd7620)
09-19 15:52:59.226  6989  7121 D EGL_adreno: eglMakeCurrent: 0xa6fbd3c0: ver 3 1 (tinfo 0xa6fd7620)
09-19 15:52:59.236  6989  7121 D EGL_adreno: eglMakeCurrent: 0xa6fbd3c0: ver 3 1 (tinfo 0xa6fd7620)
09-19 15:52:59.241  6989  7121 D EGL_adreno: eglMakeCurrent: 0xa6fbd3c0: ver 3 1 (tinfo 0xa6fd7620)
09-19 15:52:59.253  6989  7121 D EGL_adreno: eglMakeCurrent: 0xa6fbd3c0: ver 3 1 (tinfo 0xa6fd7620)
09-19 15:52:59.259  6989  7121 D EGL_adreno: eglMakeCurrent: 0xa6fbd3c0: ver 3 1 (tinfo 0xa6fd7620)
09-19 15:52:59.270  6989  7121 D EGL_adreno: eglMakeCurrent: 0xa6fbd3c0: ver 3 1 (tinfo 0xa6fd7620)
09-19 15:52:59.275  6989  7121 D EGL_adreno: eglMakeCurrent: 0xa6fbd3c0: ver 3 1 (tinfo 0xa6fd7620)
09-19 15:52:59.289  6989  7121 D EGL_adreno: eglMakeCurrent: 0xa6fbd3c0: ver 3 1 (tinfo 0xa6fd7620)
09-19 15:52:59.293  6989  7121 D EGL_adreno: eglMakeCurrent: 0xa6fbd3c0: ver 3 1 (tinfo 0xa6fd7620)
09-19 15:52:59.303  6989  7121 D EGL_adreno: eglMakeCurrent: 0xa6fbd3c0: ver 3 1 (tinfo 0xa6fd7620)
09-19 15:52:59.307  6989  7121 D EGL_adreno: eglMakeCurrent: 0xa6fbd3c0: ver 3 1 (tinfo 0xa6fd7620)
09-19 15:52:59.322  6989  7121 D EGL_adreno: eglMakeCurrent: 0xa6fbd3c0: ver 3 1 (tinfo 0xa6fd7620)
09-19 15:52:59.328  6989  7121 D EGL_adreno: eglMakeCurrent: 0xa6fbd3c0: ver 3 1 (tinfo 0xa6fd7620)
09-19 15:52:59.338  6989  7121 D EGL_adreno: eglMakeCurrent: 0xa6fbd3c0: ver 3 1 (tinfo 0xa6fd7620)
09-19 15:52:59.344  6989  7121 D EGL_adreno: eglMakeCurrent: 0xa6fbd3c0: ver 3 1 (tinfo 0xa6fd7620)
09-19 15:52:59.356  6989  7121 D EGL_adreno: eglMakeCurrent: 0xa6fbd3c0: ver 3 1 (tinfo 0xa6fd7620)
09-19 15:52:59.362  6989  7121 D EGL_adreno: eglMakeCurrent: 0xa6fbd3c0: ver 3 1 (tinfo 0xa6fd7620)
09-19 15:52:59.369  6989  7121 D EGL_adreno: eglMakeCurrent: 0xa6fbd3c0: ver 3 1 (tinfo 0xa6fd7620)
09-19 15:52:59.375  6989  7121 D EGL_adreno: eglMakeCurrent: 0xa6fbd3c0: ver 3 1 (tinfo 0xa6fd7620)
09-19 15:52:59.387  6989  7121 D EGL_adreno: eglMakeCurrent: 0xa6fbd3c0: ver 3 1 (tinfo 0xa6fd7620)
09-19 15:52:59.391  6989  7121 D EGL_adreno: eglMakeCurrent: 0xa6fbd3c0: ver 3 1 (tinfo 0xa6fd7620)
09-19 15:52:59.404  6989  7121 D EGL_adreno: eglMakeCurrent: 0xa6fbd3c0: ver 3 1 (tinfo 0xa6fd7620)
09-19 15:52:59.410  6989  7121 D EGL_adreno: eglMakeCurrent: 0xa6fbd3c0: ver 3 1 (tinfo 0xa6fd7620)
09-19 15:52:59.421  6989  7121 D EGL_adreno: eglMakeCurrent: 0xa6fbd3c0: ver 3 1 (tinfo 0xa6fd7620)
09-19 15:52:59.427  6989  7121 D EGL_adreno: eglMakeCurrent: 0xa6fbd3c0: ver 3 1 (tinfo 0xa6fd7620)
