--------- beginning of system
09-19 16:45:32.865  1062  1062 I vold    : Vold 3.0 (the awakening) firing up
09-19 16:45:32.865  1062  1062 V vold    : Detected support for: exfat ext4 iso9660 ntfs vfat
09-19 16:45:32.866  1062  1062 W Vold    : Tearing down stale mount /mnt/temp
09-19 16:45:32.896  1062  1102 D vold    : e4crypt_init_user0
09-19 16:45:32.896  1062  1102 D vold    : e4crypt_prepare_user_storage for volume null, user 0, serial 0, flags 1
09-19 16:45:32.896  1062  1102 D vold    : Preparing: /data/system/users/0
09-19 16:45:32.896  1062  1102 D vold    : Preparing: /data/misc/profiles/cur/0
09-19 16:45:32.897  1062  1102 D vold    : Preparing: /data/misc/profiles/cur/0/foreign-dex
09-19 16:45:32.897  1062  1102 D vold    : Preparing: /data/system_de/0
09-19 16:45:32.897  1062  1102 D vold    : Preparing: /data/misc_de/0
09-19 16:45:32.897  1062  1102 D vold    : Preparing: /data/user_de/0
09-19 16:45:32.897  1062  1102 D vold    : e4crypt_unlock_user_key 0 serial=0 token_present=0
09-19 16:45:35.164  1301  1301 I InstallerConnection: connecting...
09-19 16:45:35.168  1301  1301 I InstallerConnection: disconnecting...
09-19 16:45:35.176  1301  1301 I SystemServer: Entered the Android system server!
09-19 16:45:35.207  1301  1301 I SystemServiceManager: Starting com.android.server.pm.Installer
09-19 16:45:35.208  1301  1301 I Installer: Waiting for installd to be ready.
09-19 16:45:35.208  1301  1301 I InstallerConnection: connecting...
09-19 16:45:35.208  1301  1301 I SystemServiceManager: Starting com.android.server.am.ActivityManagerService$Lifecycle
09-19 16:45:35.214  1301  1301 I ActivityManager: Memory class: 192
09-19 16:45:35.233  1301  1301 D BatteryStatsImpl: Reading daily items from /data/system/batterystats-daily.xml
09-19 16:45:35.264  1301  1301 I IntentFirewall: Read new rules (A:0 B:0 S:0)
09-19 16:45:35.268  1301  1301 D AppOps  : AppOpsService published
09-19 16:45:35.268  1301  1301 I SystemServiceManager: Starting com.android.server.power.PowerManagerService
09-19 16:45:35.271  1301  1301 I SystemServiceManager: Starting com.android.server.lights.LightsService
09-19 16:45:35.272  1301  1301 I SystemServiceManager: Starting com.android.server.display.DisplayManagerService
09-19 16:45:35.274  1301  1301 I SystemServiceManager: Starting phase 100
09-19 16:45:35.282  1301  1322 I DisplayManagerService: Display device added: DisplayDeviceInfo{"内置屏幕": uniqueId="local:0", 1080 x 1920, modeId 1, defaultModeId 1, supportedModes [{id=1, width=1080, height=1920, fps=60.000004}], colorMode 0, supportedColorModes [0], HdrCapabilities android.view.Display$HdrCapabilities@a69d6308, density 480, 480.0 x 480.0 dpi, appVsyncOff 1000000, presDeadline 16666666, touch INTERNAL, rotation 0, type BUILT_IN, state UNKNOWN, FLAG_DEFAULT_DISPLAY, FLAG_ROTATES_WITH_CONTENT, FLAG_SECURE, FLAG_SUPPORTS_PROTECTED_BUFFERS}
09-19 16:45:35.283  1301  1322 I DisplayManagerService: Display device changed state: "内置屏幕", ON
09-19 16:45:35.283  1301  1301 I SystemServer: StartPackageManagerService
09-19 16:45:35.509  1301  1301 D SELinuxMMAC: Using policy file /system/etc/security/mac_permissions.xml
09-19 16:45:35.551  1301  1301 W PackageManager: Library not found: /system/framework/org.apache.http.legacy.jar
09-19 16:45:35.570  1301  1301 W PackageManager: Failed to parse /system/framework/oat: Missing base APK in /system/framework/oat
09-19 16:45:35.570  1301  1301 W PackageManager: Failed to parse /system/framework/x86: Missing base APK in /system/framework/x86
09-19 16:45:35.623  1301  1301 W PackageParser: No actions in intent filter at /system/priv-app/Contacts/Contacts.apk Binary XML file line #409
09-19 16:45:35.693  1301  1301 W PackageManager: Permission android.permission.DOWNLOAD_WITHOUT_NOTIFICATION from package com.android.providers.downloads in an unknown group android.permission-group.NETWORK
09-19 16:45:35.799  1301  1301 W PackageParser: Ignoring duplicate uses-permissions/uses-permissions-sdk-m: android.permission.USE_CREDENTIALS in package: com.android.settings at: Binary XML file line #56
09-19 16:45:35.799  1301  1301 W PackageParser: Ignoring duplicate uses-permissions/uses-permissions-sdk-m: android.permission.READ_SYNC_SETTINGS in package: com.android.settings at: Binary XML file line #61
09-19 16:45:35.799  1301  1301 W PackageParser: Ignoring duplicate uses-permissions/uses-permissions-sdk-m: android.permission.WRITE_SYNC_SETTINGS in package: com.android.settings at: Binary XML file line #62
09-19 16:45:35.842  1301  1301 W PackageParser: Ignoring duplicate uses-permissions/uses-permissions-sdk-m: android.permission.INSTALL_GRANT_RUNTIME_PERMISSIONS in package: com.android.shell at: Binary XML file line #102
09-19 16:45:35.879  1301  1301 W PackageParser: Ignoring duplicate uses-permissions/uses-permissions-sdk-m: android.permission.CONFIGURE_WIFI_DISPLAY in package: com.android.systemui at: Binary XML file line #123
09-19 16:45:35.943  1301  1301 W PackageParser: Unknown element under <manifest>: module at /system/priv-app/LDAppStore/LDAppStore.apk Binary XML file line #12
09-19 16:45:35.943  1301  1301 W PackageParser: Unknown element under <manifest>: queries at /system/priv-app/LDAppStore/LDAppStore.apk Binary XML file line #58
09-19 16:45:35.967  1301  1301 W PackageParser: No actions in intent filter at /system/app/CMFileManager/CMFileManager.apk Binary XML file line #166
09-19 16:45:36.018  1301  1301 W PackageManager: Permission com.android.chrome.permission.DEBUG from package com.android.chrome in an unknown group android.permission-group.DEVELOPMENT_TOOLS
09-19 16:45:36.024  1301  1301 W PackageManager: Non-privileged app; cap priority to 0; package: com.android.cts.ctsshim activity: com.android.cts.ctsshim.InstallPriority origPrio: 100
09-19 16:45:36.024  1301  1301 W PackageManager: Non-privileged app; cap priority to 0; package: com.android.cts.ctsshim activity: com.android.cts.ctsshim.InstallPriority origPrio: 100
09-19 16:45:36.024  1301  1301 W PackageManager: Non-privileged app; cap priority to 0; package: com.android.cts.ctsshim activity: com.android.cts.ctsshim.InstallPriority origPrio: 100
09-19 16:45:36.024  1301  1301 W PackageManager: Non-privileged app; cap priority to 0; package: com.android.cts.ctsshim activity: com.android.cts.ctsshim.InstallPriority origPrio: 100
09-19 16:45:36.024  1301  1301 W PackageManager: Non-privileged app; cap priority to 0; package: com.android.cts.ctsshim activity: com.android.cts.ctsshim.InstallPriority origPrio: 100
09-19 16:45:36.057  1301  1301 W PackageParser: Unknown element under <application>: permission at /system/app/Gallery2/Gallery2.apk Binary XML file line #233
09-19 16:45:36.057  1301  1301 W PackageParser: Unknown element under <application>: permission at /system/app/Gallery2/Gallery2.apk Binary XML file line #236
09-19 16:45:36.094  1301  1301 W PackageManager: Non-privileged app; cap priority to 0; package: com.android.launcher3 activity: com.android.launcher3.Launcher origPrio: 1
09-19 16:45:36.158  1301  1301 W PackageParser: Unknown element under <manifest>: queries at /data/app/com.litatom.app-1/base.apk Binary XML file line #32
09-19 16:45:36.158  1301  1301 W PackageParser: Unknown element under <manifest>: queries at /data/app/com.litatom.app-1/base.apk Binary XML file line #74
09-19 16:45:36.168  1301  1301 E PackageManager: There should probably be exactly one setup wizard; found 0: matches=[]
09-19 16:45:36.168  1301  1301 W PackageManager: Protected action; cap priority to 0; package: com.android.cts.priv.ctsshim activity: com.android.cts.priv.ctsshim.InstallPriority origPrio: 100
09-19 16:45:36.168  1301  1301 W PackageManager: Protected action; cap priority to 0; package: com.android.cts.priv.ctsshim activity: com.android.cts.priv.ctsshim.InstallPriority origPrio: 100
09-19 16:45:36.168  1301  1301 W PackageManager: Protected action; cap priority to 0; package: com.android.cts.priv.ctsshim activity: com.android.cts.priv.ctsshim.InstallPriority origPrio: 100
09-19 16:45:36.168  1301  1301 W PackageManager: Protected action; cap priority to 0; package: com.android.cts.priv.ctsshim activity: com.android.cts.priv.ctsshim.InstallPriority origPrio: 100
09-19 16:45:36.168  1301  1301 W PackageManager: Protected action; cap priority to 0; package: com.android.packageinstaller activity: com.android.packageinstaller.PackageInstallerActivity origPrio: 1
09-19 16:45:36.168  1301  1301 I PackageManager: Adjusting ABI for com.android.providers.downloads.ui to x86 (requirer=com.android.mtp, scannedPackage=null)
09-19 16:45:36.168  1301  1301 I PackageManager: Adjusting ABI for com.android.providers.downloads to x86 (requirer=com.android.mtp, scannedPackage=null)
09-19 16:45:36.169  1301  1301 I PackageManager: Adjusting ABI for com.android.providers.media to x86 (requirer=com.android.mtp, scannedPackage=null)
09-19 16:45:36.169  1301  1301 I PackageManager: Adjusting ABI for com.android.coreservice to x86 (requirer=android, scannedPackage=null)
09-19 16:45:36.169  1301  1301 I PackageManager: Adjusting ABI for com.android.location.fused to x86 (requirer=android, scannedPackage=null)
09-19 16:45:36.169  1301  1301 I PackageManager: Adjusting ABI for com.android.providers.settings to x86 (requirer=android, scannedPackage=null)
09-19 16:45:36.169  1301  1301 I PackageManager: Adjusting ABI for com.android.keychain to x86 (requirer=android, scannedPackage=null)
09-19 16:45:36.169  1301  1301 I PackageManager: Adjusting ABI for com.android.settings to x86 (requirer=android, scannedPackage=null)
09-19 16:45:36.169  1301  1301 I PackageManager: Adjusting ABI for com.android.wallpaperbackup to x86 (requirer=android, scannedPackage=null)
09-19 16:45:36.169  1301  1301 I PackageManager: Adjusting ABI for com.android.server.telecom to x86 (requirer=android, scannedPackage=null)
09-19 16:45:36.170  1301  1301 I PackageManager: Time to scan packages: 0.631 seconds
09-19 16:45:36.170  1301  1301 W PackageManager: Unknown permission com.google.android.googleapps.permission.GOOGLE_AUTH in package com.android.providers.calendar
09-19 16:45:36.170  1301  1301 W PackageManager: Unknown permission com.google.android.googleapps.permission.GOOGLE_AUTH.cl in package com.android.providers.calendar
09-19 16:45:36.170  1301  1301 W PackageManager: Unknown permission com.android.launcher.permission.READ_SETTINGS in package com.android.launcher3
09-19 16:45:36.170  1301  1301 W PackageManager: Unknown permission com.android.launcher.permission.WRITE_SETTINGS in package com.android.launcher3
09-19 16:45:36.170  1301  1301 W PackageManager: Not granting permission android.permission.RECORD_AUDIO to package com.litatom.app because it was previously installed without
09-19 16:45:36.170  1301  1301 W PackageManager: Not granting permission android.permission.CAMERA to package com.litatom.app because it was previously installed without
09-19 16:45:36.170  1301  1301 W PackageManager: Not granting permission android.permission.WRITE_EXTERNAL_STORAGE to package com.litatom.app because it was previously installed without
09-19 16:45:36.170  1301  1301 W PackageManager: Not granting permission android.permission.READ_PHONE_STATE to package com.litatom.app because it was previously installed without
09-19 16:45:36.170  1301  1301 W PackageManager: Not granting permission android.permission.READ_EXTERNAL_STORAGE to package com.litatom.app because it was previously installed without
09-19 16:45:36.170  1301  1301 W PackageManager: Not granting permission android.permission.ACCESS_COARSE_LOCATION to package com.litatom.app because it was previously installed without
09-19 16:45:36.170  1301  1301 W PackageManager: Not granting permission android.permission.ACCESS_FINE_LOCATION to package com.litatom.app because it was previously installed without
09-19 16:45:36.170  1301  1301 W PackageManager: Unknown permission com.google.android.gms.permission.AD_ID in package com.litatom.app
09-19 16:45:36.170  1301  1301 W PackageManager: Unknown permission com.huawei.android.launcher.permission.CHANGE_BADGE in package com.litatom.app
09-19 16:45:36.170  1301  1301 W PackageManager: Unknown permission com.vivo.notification.permission.BADGE_ICON in package com.litatom.app
09-19 16:45:36.170  1301  1301 W PackageManager: Unknown permission android.permission.FOREGROUND_SERVICE in package com.litatom.app
09-19 16:45:36.170  1301  1301 W PackageManager: Unknown permission com.google.android.c2dm.permission.RECEIVE in package com.litatom.app
09-19 16:45:36.170  1301  1301 W PackageManager: Unknown permission com.google.android.finsky.permission.BIND_GET_INSTALL_REFERRER_SERVICE in package com.litatom.app
09-19 16:45:36.170  1301  1301 W PackageManager: Unknown permission com.android.vending.BILLING in package com.litatom.app
09-19 16:45:36.171  1301  1301 W PackageManager: Unknown permission android.permission.FOREGROUND_SERVICE in package com.android.chrome
09-19 16:45:36.171  1301  1301 W PackageManager: Unknown permission android.permission.USE_BIOMETRIC in package com.android.chrome
09-19 16:45:36.171  1301  1301 W PackageManager: Unknown permission com.chrome.permission.DEVICE_EXTRAS in package com.android.chrome
09-19 16:45:36.171  1301  1301 W PackageManager: Unknown permission com.google.android.c2dm.permission.RECEIVE in package com.android.chrome
09-19 16:45:36.171  1301  1301 W PackageManager: Unknown permission com.google.android.apps.now.CURRENT_ACCOUNT_ACCESS in package com.android.chrome
09-19 16:45:36.171  1301  1301 W PackageManager: Unknown permission com.google.android.providers.gsf.permission.READ_GSERVICES in package com.android.chrome
09-19 16:45:36.171  1301  1301 W PackageManager: Unknown permission com.sec.enterprise.knox.MDM_CONTENT_PROVIDER in package com.android.chrome
09-19 16:45:36.171  1301  1301 W PackageManager: Unknown permission android.permission.QUERY_ALL_PACKAGES in package com.android.chrome
09-19 16:45:36.171  1301  1301 W PackageManager: Unknown permission android.permission.FOREGROUND_SERVICE in package com.android.flysilkworm
09-19 16:45:36.171  1301  1301 W PackageManager: Unknown permission android.permission.PREVENT_POWER_KEY in package com.android.flysilkworm
09-19 16:45:36.171  1301  1301 W PackageManager: Unknown permission android.permission.REQUEST_DELETE_PACKAGES in package com.android.flysilkworm
09-19 16:45:36.171  1301  1301 W PackageManager: Not granting permission android.permission.INJECT_EVENTS to package com.android.flysilkworm (protectionLevel=2 flags=0x3858be45)
09-19 16:45:36.171  1301  1301 W PackageManager: Unknown permission android.permission.READ_SETTINGS in package com.android.flysilkworm
09-19 16:45:36.171  1301  1301 W PackageManager: Unknown permission com.google.android.permission.INSTALL_WEARABLE_PACKAGES in package com.android.packageinstaller
09-19 16:45:36.171  1301  1301 W PackageManager: Unknown permission com.cyanogenmod.filemanager.permissions.READ_THEME in package com.cyanogenmod.filemanager
09-19 16:45:36.171  1301  1301 W PackageManager: Unknown permission com.google.android.googleapps.permission.GOOGLE_AUTH in package com.android.settings
09-19 16:45:36.171  1301  1301 W PackageManager: Unknown permission com.android.launcher.permission.READ_SETTINGS in package com.android.settings
09-19 16:45:36.171  1301  1301 W PackageManager: Unknown permission com.android.launcher.permission.WRITE_SETTINGS in package com.android.settings
09-19 16:45:36.171  1301  1301 W PackageManager: Unknown permission com.android.smspush.WAPPUSH_MANAGER_BIND in package com.android.phone
09-19 16:45:36.171  1301  1301 V PackageManager: reconcileAppsData for null u0 0x3
09-19 16:45:36.212  1301  1301 V PackageManager: reconcileAppsData finished 51 packages
09-19 16:45:36.229  1301  1301 D PackageManager: Ephemeral resolver NOT found; no matching intent filters
09-19 16:45:36.229  1301  1301 I PackageManager: Ephemeral deactivated; missing resolver and installer
09-19 16:45:36.237  1301  1301 I SystemServer: StartOtaDexOptService
09-19 16:45:36.237  1301  1301 I SystemServer: StartUserManagerService
09-19 16:45:36.237  1301  1301 I SystemServiceManager: Starting com.android.server.pm.UserManagerService$LifeCycle
09-19 16:45:36.240  1301  1301 I SystemServiceManager: Starting com.android.server.BatteryService
09-19 16:45:36.242  1301  1315 E KernelCpuSpeedReader: Failed to read cpu-freq: /sys/devices/system/cpu/cpu0/cpufreq/stats/time_in_state (No such file or directory)
09-19 16:45:36.242  1301  1315 E KernelUidCpuTimeReader: Failed to read uid_cputime: /proc/uid_cputime/show_uid_stat (No such file or directory)
09-19 16:45:36.242  1301  1301 I SystemServiceManager: Starting com.android.server.usage.UsageStatsService
09-19 16:45:36.246  1301  1301 I SystemServiceManager: Starting com.android.server.webkit.WebViewUpdateService
09-19 16:45:36.247  1301  1301 I SystemServer: Reading configuration...
09-19 16:45:36.247  1301  1301 I SystemServer: StartSchedulingPolicyService
09-19 16:45:36.248  1301  1301 I SystemServiceManager: Starting com.android.server.telecom.TelecomLoaderService
09-19 16:45:36.248  1301  1301 I SystemServer: StartTelephonyRegistry
09-19 16:45:36.249  1301  1301 I SystemServer: StartEntropyMixer
09-19 16:45:36.249  1301  1301 I EntropyMixer: Writing entropy...
09-19 16:45:36.251  1301  1301 I SystemServer: Camera Service
09-19 16:45:36.251  1301  1301 I SystemServiceManager: Starting com.android.server.camera.CameraService
09-19 16:45:36.252  1301  1301 I SystemServer: StartAccountManagerService
09-19 16:45:36.252  1301  1301 I SystemServiceManager: Starting com.android.server.accounts.AccountManagerService$Lifecycle
09-19 16:45:36.256  1301  1301 I SystemServer: StartContentService
09-19 16:45:36.256  1301  1301 I SystemServiceManager: Starting com.android.server.content.ContentService$Lifecycle
09-19 16:45:36.257  1301  1301 I SystemServer: InstallSystemProviders
09-19 16:45:36.287  1301  1301 I SystemServer: StartVibratorService
09-19 16:45:36.288  1301  1301 I SystemServer: StartConsumerIrService
09-19 16:45:36.289  1301  1301 I SystemServer: StartAlarmManagerService
09-19 16:45:36.289  1301  1301 I SystemServiceManager: Starting com.android.server.AlarmManagerService
09-19 16:45:36.290  1301  1301 I SystemServer: InitWatchdog
09-19 16:45:36.290  1301  1301 I SystemServer: StartInputManagerService
09-19 16:45:36.291  1301  1301 I InputManager: Initializing input manager, mUseDevInputEventForAudioJack=true
09-19 16:45:36.293  1301  1301 I SystemServer: StartWindowManagerService
09-19 16:45:36.304  1301  1322 I WindowManager: No existing display settings /data/system/display_settings.xml; starting empty
09-19 16:45:36.312  1301  1301 I SystemServer: StartVrManagerService
09-19 16:45:36.313  1301  1301 I SystemServiceManager: Starting com.android.server.vr.VrManagerService
09-19 16:45:36.316  1301  1301 I InputManager: Starting input manager
09-19 16:45:36.317  1301  1301 I SystemServer: Tab Manager
09-19 16:45:36.318  1301  1301 I SystemServiceManager: Starting com.android.server.BluetoothService
09-19 16:45:36.319  1301  1301 D BluetoothManagerService: Loading stored name and address
09-19 16:45:36.319  1301  1301 D BluetoothManagerService: Stored bluetooth Name=V1824A,Address=AD:18:34:09:39:50
09-19 16:45:36.319  1301  1301 D BluetoothManagerService: Bluetooth persisted state: 0
09-19 16:45:36.319  1301  1301 I SystemServer: ConnectivityMetricsLoggerService
09-19 16:45:36.320  1301  1301 I SystemServiceManager: Starting com.android.server.connectivity.MetricsLoggerService
09-19 16:45:36.320  1301  1301 I SystemServer: IpConnectivityMetrics
09-19 16:45:36.320  1301  1301 I SystemServiceManager: Starting com.android.server.connectivity.IpConnectivityMetrics
09-19 16:45:36.320  1301  1301 I SystemServer: PinnerService
09-19 16:45:36.320  1301  1301 I SystemServiceManager: Starting com.android.server.PinnerService
09-19 16:45:36.321  1301  1301 I SystemServiceManager: Starting com.android.server.InputMethodManagerService$Lifecycle
09-19 16:45:36.323  1301  1301 I InputMethodManagerService: All the enabled IMEs are gone. Reset default enabled IMEs.
09-19 16:45:36.323  1301  1301 W InputMethodUtils: Found no fallback locale. imis=[]
09-19 16:45:36.323  1301  1301 W InputMethodUtils: No software keyboard is found. imis=[] fallbackLocale=null
09-19 16:45:36.323  1301  1301 I SystemServer: StartAccessibilityManagerService
09-19 16:45:36.326  1301  1301 I ActivityManager: Config changes=1df8 {1.0 ?mcc?mnc [zh_CN] ldltr sw360dp w360dp h640dp 480dpi nrml long port ?uimode ?night -touch -keyb/v/h -nav/h s.2}
09-19 16:45:36.327  1301  1301 I ActivityManager: Config changes=400 {1.0 ?mcc?mnc [zh_CN] ldltr sw360dp w360dp h616dp 480dpi nrml long port ?uimode ?night -touch -keyb/v/h -nav/h s.3}
09-19 16:45:36.333  1301  1314 I UsageStatsService: User[0] Rollover scheduled @ 2022-09-20 11:25:59(1663644359850)
09-19 16:45:36.334  1301  1301 I SystemServiceManager: Starting com.android.server.MountService$Lifecycle
09-19 16:45:36.343  1301  1301 I SystemServiceManager: Starting com.android.server.UiModeManagerService
09-19 16:45:36.344  1301  1347 D MountService: Thinking about init, mSystemReady=false, mDaemonConnected=true
09-19 16:45:36.344  1301  1347 D MountService: Thinking about reset, mSystemReady=false, mDaemonConnected=true
09-19 16:45:36.344  1301  1347 D MountService: Thinking about init, mSystemReady=false, mDaemonConnected=true
09-19 16:45:36.344  1301  1347 D MountService: Thinking about reset, mSystemReady=false, mDaemonConnected=true
09-19 16:45:36.344  1301  1301 I ActivityManager: Config changes=200 {1.0 ?mcc?mnc [zh_CN] ldltr sw360dp w360dp h616dp 480dpi nrml long port -touch -keyb/v/h -nav/h s.4}
09-19 16:45:36.344  1301  1347 D CryptdConnector: SND -> {1 cryptfs getfield SystemLocale}
09-19 16:45:36.345  1301  1301 I SystemServer: StartLockSettingsService
09-19 16:45:36.345  1301  1301 I SystemServiceManager: Starting com.android.server.LockSettingsService$Lifecycle
09-19 16:45:36.347  1301  1301 I SystemServiceManager: Starting com.android.server.DeviceIdleController
09-19 16:45:36.348  1301  1301 I SystemServiceManager: Starting com.android.server.devicepolicy.DevicePolicyManagerService$Lifecycle
09-19 16:45:36.352  1301  1301 I SystemServer: StartStatusBarManagerService
09-19 16:45:36.352  1301  1301 I SystemServer: StartClipboardService
09-19 16:45:36.353  1301  1301 I SystemServer: StartNetworkManagementService
09-19 16:45:36.354  1301  1350 I NetworkManagement: onDaemonConnected()
09-19 16:45:36.354  1301  1301 I SystemServiceManager: Starting com.android.server.TextServicesManagerService$Lifecycle
09-19 16:45:36.355  1301  1301 W TextServicesManagerService: no available spell checker services found
09-19 16:45:36.355  1301  1301 I SystemServer: StartNetworkScoreService
09-19 16:45:36.355  1301  1301 I SystemServer: StartNetworkStatsService
09-19 16:45:36.357  1301  1301 I SystemServer: StartNetworkPolicyManagerService
09-19 16:45:36.359  1301  1301 I SystemServer: No Wi-Fi NAN Service (NAN support Not Present)
09-19 16:45:36.362  1301  1301 I SystemServiceManager: Starting com.android.server.wifi.p2p.WifiP2pService
09-19 16:45:36.368  1301  1301 I SystemServiceManager: Starting com.android.server.wifi.WifiService
09-19 16:45:36.395  1301  1301 I SystemServiceManager: Starting com.android.server.wifi.scanner.WifiScanningService
09-19 16:45:36.396  1301  1301 I SystemServiceManager: Starting com.android.server.wifi.RttService
09-19 16:45:36.397  1301  1301 I SystemServiceManager: Starting com.android.server.ethernet.EthernetService
09-19 16:45:36.398  1301  1301 I SystemServer: StartConnectivityService
09-19 16:45:36.399  1301  1301 D ConnectivityService: ConnectivityService starting up
09-19 16:45:36.404  1301  1349 D CryptdConnector: RCV <- {200 1 -1}
09-19 16:45:36.405  1301  1301 D ConnectivityService: wifiOnly=false
09-19 16:45:36.405  1301  1301 E ConnectivityService: Ignoring protectedNetwork 14
09-19 16:45:36.405  1301  1301 E ConnectivityService: Ignoring protectedNetwork 15
09-19 16:45:36.410  1301  1347 W MountService: No primary storage mounted!
09-19 16:45:36.410  1301  1347 D VoldConnector: SND -> {1 asec list}
09-19 16:45:36.410  1301  1348 D VoldConnector: RCV <- {200 1 asec operation succeeded}
09-19 16:45:36.411  1301  1347 W PackageManager: Unknown permission com.google.android.googleapps.permission.GOOGLE_AUTH in package com.android.providers.calendar
09-19 16:45:36.411  1301  1347 W PackageManager: Unknown permission com.google.android.googleapps.permission.GOOGLE_AUTH.cl in package com.android.providers.calendar
09-19 16:45:36.411  1301  1347 W PackageManager: Unknown permission com.android.launcher.permission.READ_SETTINGS in package com.android.launcher3
09-19 16:45:36.411  1301  1347 W PackageManager: Unknown permission com.android.launcher.permission.WRITE_SETTINGS in package com.android.launcher3
09-19 16:45:36.411  1301  1347 W PackageManager: Not granting permission android.permission.RECORD_AUDIO to package com.litatom.app because it was previously installed without
09-19 16:45:36.411  1301  1347 W PackageManager: Not granting permission android.permission.CAMERA to package com.litatom.app because it was previously installed without
09-19 16:45:36.411  1301  1347 W PackageManager: Not granting permission android.permission.WRITE_EXTERNAL_STORAGE to package com.litatom.app because it was previously installed without
09-19 16:45:36.411  1301  1347 W PackageManager: Not granting permission android.permission.READ_PHONE_STATE to package com.litatom.app because it was previously installed without
09-19 16:45:36.411  1301  1347 W PackageManager: Not granting permission android.permission.READ_EXTERNAL_STORAGE to package com.litatom.app because it was previously installed without
09-19 16:45:36.411  1301  1347 W PackageManager: Not granting permission android.permission.ACCESS_COARSE_LOCATION to package com.litatom.app because it was previously installed without
09-19 16:45:36.411  1301  1347 W PackageManager: Not granting permission android.permission.ACCESS_FINE_LOCATION to package com.litatom.app because it was previously installed without
09-19 16:45:36.411  1301  1347 W PackageManager: Unknown permission com.google.android.gms.permission.AD_ID in package com.litatom.app
09-19 16:45:36.411  1301  1347 W PackageManager: Unknown permission com.huawei.android.launcher.permission.CHANGE_BADGE in package com.litatom.app
09-19 16:45:36.411  1301  1347 W PackageManager: Unknown permission com.vivo.notification.permission.BADGE_ICON in package com.litatom.app
09-19 16:45:36.411  1301  1347 W PackageManager: Unknown permission android.permission.FOREGROUND_SERVICE in package com.litatom.app
09-19 16:45:36.411  1301  1347 W PackageManager: Unknown permission com.google.android.c2dm.permission.RECEIVE in package com.litatom.app
09-19 16:45:36.411  1301  1347 W PackageManager: Unknown permission com.google.android.finsky.permission.BIND_GET_INSTALL_REFERRER_SERVICE in package com.litatom.app
09-19 16:45:36.411  1301  1347 W PackageManager: Unknown permission com.android.vending.BILLING in package com.litatom.app
09-19 16:45:36.411  1301  1347 W PackageManager: Unknown permission android.permission.FOREGROUND_SERVICE in package com.android.chrome
09-19 16:45:36.411  1301  1347 W PackageManager: Unknown permission android.permission.USE_BIOMETRIC in package com.android.chrome
09-19 16:45:36.411  1301  1347 W PackageManager: Unknown permission com.chrome.permission.DEVICE_EXTRAS in package com.android.chrome
09-19 16:45:36.411  1301  1347 W PackageManager: Unknown permission com.google.android.c2dm.permission.RECEIVE in package com.android.chrome
09-19 16:45:36.411  1301  1347 W PackageManager: Unknown permission com.google.android.apps.now.CURRENT_ACCOUNT_ACCESS in package com.android.chrome
09-19 16:45:36.411  1301  1347 W PackageManager: Unknown permission com.google.android.providers.gsf.permission.READ_GSERVICES in package com.android.chrome
09-19 16:45:36.411  1301  1347 W PackageManager: Unknown permission com.sec.enterprise.knox.MDM_CONTENT_PROVIDER in package com.android.chrome
09-19 16:45:36.411  1301  1347 W PackageManager: Unknown permission android.permission.QUERY_ALL_PACKAGES in package com.android.chrome
09-19 16:45:36.411  1301  1347 W PackageManager: Unknown permission android.permission.FOREGROUND_SERVICE in package com.android.flysilkworm
09-19 16:45:36.411  1301  1347 W PackageManager: Unknown permission android.permission.PREVENT_POWER_KEY in package com.android.flysilkworm
09-19 16:45:36.411  1301  1347 W PackageManager: Unknown permission android.permission.REQUEST_DELETE_PACKAGES in package com.android.flysilkworm
09-19 16:45:36.411  1301  1347 W PackageManager: Not granting permission android.permission.INJECT_EVENTS to package com.android.flysilkworm (protectionLevel=2 flags=0x3858be45)
09-19 16:45:36.411  1301  1347 W PackageManager: Unknown permission android.permission.READ_SETTINGS in package com.android.flysilkworm
09-19 16:45:36.411  1301  1347 W PackageManager: Unknown permission com.google.android.permission.INSTALL_WEARABLE_PACKAGES in package com.android.packageinstaller
09-19 16:45:36.411  1301  1347 W PackageManager: Unknown permission com.cyanogenmod.filemanager.permissions.READ_THEME in package com.cyanogenmod.filemanager
09-19 16:45:36.411  1301  1347 W PackageManager: Unknown permission com.google.android.googleapps.permission.GOOGLE_AUTH in package com.android.settings
09-19 16:45:36.411  1301  1347 W PackageManager: Unknown permission com.android.launcher.permission.READ_SETTINGS in package com.android.settings
09-19 16:45:36.411  1301  1347 W PackageManager: Unknown permission com.android.launcher.permission.WRITE_SETTINGS in package com.android.settings
09-19 16:45:36.411  1301  1347 W PackageManager: Unknown permission com.android.smspush.WAPPUSH_MANAGER_BIND in package com.android.phone
09-19 16:45:36.428  1301  1347 W MountService: No primary storage mounted!
09-19 16:45:36.428  1301  1347 D VoldConnector: SND -> {2 asec list}
09-19 16:45:36.428  1301  1348 D VoldConnector: RCV <- {200 2 asec operation succeeded}
09-19 16:45:36.430  1301  1301 I SystemServer: StartNsdService
09-19 16:45:36.431  1301  1301 I SystemServer: StartUpdateLockService
09-19 16:45:36.431  1301  1301 I SystemServiceManager: Starting com.android.server.RecoverySystemService
09-19 16:45:36.431  1301  1301 I SystemServiceManager: Starting com.android.server.notification.NotificationManagerService
09-19 16:45:36.438  1301  1301 D ConditionProviders.SCP: new ScheduleConditionProvider()
09-19 16:45:36.439  1301  1301 D ZenLog  : config: readXml,ZenModeConfig[user=0,allowCalls=true,allowRepeatCallers=false,allowMessages=false,allowCallsFrom=contacts,allowMessagesFrom=contacts,allowReminders=true,allowEvents=true,allowWhenScreenOff=true,allowWhenScreenOn=true,automaticRules={4e9f8d0a866b442ea01ed9b9093fa2b7=ZenRule[enabled=false,snoozing=false,name=活动,zenMode=ZEN_MODE_ALARMS,conditionId=condition://android/event?userId=-10000&calendar=&reply=1,condition=Condition[id=condition://android/event?userId=-10000&calendar=&reply=1,summary=...,line1=...,line2=...,icon=0,state=STATE_FALSE,flags=2],component=ComponentInfo{android/com.android.server.notification.EventConditionProvider},id=4e9f8d0a866b442ea01ed9b9093fa2b7,creationTime=1659951736790,enabler=null], 31bbab51d1bb4308b76bb58bb910d6de=ZenRule[enabled=false,snoozing=false,name=周末,zenMode=ZEN_MODE_ALARMS,conditionId=condition://android/schedule?days=6.7&start=23.30&end=10.0&exitAtAlarm=false,condition=Condition[id=condition://android/schedule?days=6.7&start=23.30&end=10.0&exitAtAlarm=false,summary=...,line1=...,line2=...,icon=0,state=STATE_FALSE,flags=2],component=ComponentInfo{android/com.android.server.notification.ScheduleConditionProvider},id=31bbab51d1bb4308b76bb58bb910d6de,creationTime=1659951736790,enabler=null], 82084b374c1c41c28b08e9dee221b2f7=ZenRule[enabled=false,snoozing=false,name=周一至周五夜间,zenMode=ZEN_MODE_ALARMS,conditionId=condition://android/schedule?days=1.2.3.4.5&start=22.0&end=7.0&exitAtAlarm=false,condition=Condition[id=condition://android/schedule?days=1.2.3.4.5&start=22.0&end=7.0&exitAtAlarm=false,summary=...,line1=...,line2=...,icon=0,state=STATE_FALSE,flags=2],component=ComponentInfo{android/com.android.server.notification.ScheduleConditionProvider},id=82084b374c1c41c28b08e9dee221b2f7,creationTime=1659951736790,enabler=null]},manualRule=null],Diff[automaticRule[68669977bc1b4aa59ed120233783233b]:delete,automaticRule[4e9f8d0a866b442ea01ed9b9093fa2b7]:insert,automaticRule[31bbab51d1bb4308b76bb58bb910d6de]:insert,automaticRule[8d9817abb21945648854dee324139d1d]:delete,automaticRule[6094434ec812411da14de29561b5b473]:delete,automaticRule[82084b374c1c41c28b08e9dee221b2f7]:insert]
09-19 16:45:36.442  1301  1301 D ZenLog  : set_zen_mode: off,init
09-19 16:45:36.442  1301  1301 I SystemServiceManager: Starting com.android.server.storage.DeviceStorageMonitorService
09-19 16:45:36.443  1301  1301 I SystemServer: StartLocationManagerService
09-19 16:45:36.444  1301  1301 I SystemServer: StartCountryDetectorService
09-19 16:45:36.444  1301  1301 I SystemServer: StartSearchManagerService
09-19 16:45:36.444  1301  1301 I SystemServiceManager: Starting com.android.server.search.SearchManagerService$Lifecycle
09-19 16:45:36.445  1301  1301 I SystemServiceManager: Starting com.android.server.DropBoxManagerService
09-19 16:45:36.446  1301  1301 I SystemServer: StartWallpaperManagerService
09-19 16:45:36.446  1301  1301 I SystemServiceManager: Starting com.android.server.wallpaper.WallpaperManagerService$Lifecycle
09-19 16:45:36.448  1301  1301 I SystemServer: StartAudioService
09-19 16:45:36.448  1301  1301 I SystemServiceManager: Starting com.android.server.audio.AudioService$Lifecycle
09-19 16:45:36.454  1301  1315 E KernelCpuSpeedReader: Failed to read cpu-freq: /sys/devices/system/cpu/cpu0/cpufreq/stats/time_in_state (No such file or directory)
09-19 16:45:36.454  1301  1315 E KernelUidCpuTimeReader: Failed to read uid_cputime: /proc/uid_cputime/show_uid_stat (No such file or directory)
09-19 16:45:36.497  1301  1345 I ActivityManager: Config changes=38 {1.0 ?mcc?mnc [zh_CN] ldltr sw360dp w360dp h616dp 480dpi nrml long port finger qwerty/v/v -nav/h s.5}
09-19 16:45:36.503  1301  1301 I SystemServiceManager: Starting com.android.server.DockObserver
09-19 16:45:36.504  1301  1301 W DockObserver: This kernel does not have dock station support
09-19 16:45:36.504  1301  1301 I SystemServer: StartWiredAccessoryManager
09-19 16:45:36.504  1301  1301 W WiredAccessoryManager: This kernel does not have usb audio support
09-19 16:45:36.504  1301  1301 W WiredAccessoryManager: This kernel does not have HDMI audio support
09-19 16:45:36.504  1301  1301 I SystemServiceManager: Starting com.android.server.midi.MidiService$Lifecycle
09-19 16:45:36.505  1301  1301 I SystemServiceManager: Starting com.android.server.usb.UsbService$Lifecycle
09-19 16:45:36.508  1301  1301 I SystemServer: StartSerialService
09-19 16:45:36.509  1301  1301 I SystemServiceManager: Starting com.android.server.twilight.TwilightService
09-19 16:45:36.509  1301  1301 I SystemServiceManager: Starting com.android.server.job.JobSchedulerService
09-19 16:45:36.510  1301  1301 D JobStore: Start tag: job-info
09-19 16:45:36.511  1301  1301 I SystemServiceManager: Starting com.android.server.soundtrigger.SoundTriggerService
09-19 16:45:36.511  1301  1301 I SystemServiceManager: Starting com.android.server.backup.BackupManagerService$Lifecycle
09-19 16:45:36.512  1301  1301 I SystemServiceManager: Starting com.android.server.appwidget.AppWidgetService
09-19 16:45:36.515  1301  1301 I SystemServiceManager: Starting com.android.server.voiceinteraction.VoiceInteractionManagerService
09-19 16:45:36.515  1301  1301 I SystemServer: Gesture Launcher Service
09-19 16:45:36.515  1301  1301 I SystemServiceManager: Starting com.android.server.GestureLauncherService
09-19 16:45:36.515  1301  1301 I SystemServiceManager: Starting com.android.server.SensorNotificationService
09-19 16:45:36.515  1301  1301 I SystemServiceManager: Starting com.android.server.ContextHubSystemService
09-19 16:45:36.516  1301  1301 I SystemServer: StartDiskStatsService
09-19 16:45:36.517  1301  1301 I SystemServer: StartSamplingProfilerService
09-19 16:45:36.518  1301  1301 I SystemServer: StartNetworkTimeUpdateService
09-19 16:45:36.518  1301  1301 I SystemServer: StartCommonTimeManagementService
09-19 16:45:36.519  1301  1301 I SystemServer: CertBlacklister
09-19 16:45:36.519  1301  1301 I SystemServiceManager: Starting com.android.server.emergency.EmergencyAffordanceService
09-19 16:45:36.519  1301  1301 I SystemServiceManager: Starting com.android.server.dreams.DreamManagerService
09-19 16:45:36.520  1301  1301 I SystemServer: StartAssetAtlasService
09-19 16:45:36.521  1301  1301 I SystemServiceManager: Starting com.android.server.print.PrintManagerService
09-19 16:45:36.522  1301  1301 I SystemServiceManager: Starting com.android.server.restrictions.RestrictionsManagerService
09-19 16:45:36.522  1301  1301 I SystemServiceManager: Starting com.android.server.media.MediaSessionService
09-19 16:45:36.524  1301  1301 I SystemServiceManager: Starting com.android.server.media.MediaResourceMonitorService
09-19 16:45:36.524  1301  1301 I SystemServer: StartMediaRouterService
09-19 16:45:36.524  1301  1301 I SystemServiceManager: Starting com.android.server.trust.TrustManagerService
09-19 16:45:36.526  1301  1301 I SystemServiceManager: Starting com.android.server.fingerprint.FingerprintService
09-19 16:45:36.526  1301  1301 W FingerprintService: fingerprint service not available
09-19 16:45:36.526  1301  1301 V FingerprintService: Fingerprint HAL id: 0
09-19 16:45:36.527  1301  1301 I SystemServer: StartBackgroundDexOptService
09-19 16:45:36.527  1301  1301 I SystemServiceManager: Starting com.android.server.pm.ShortcutService$Lifecycle
09-19 16:45:36.529  1301  1301 I SystemServiceManager: Starting com.android.server.pm.LauncherAppsService
09-19 16:45:36.529  1301  1301 I SystemServiceManager: Starting com.android.server.media.projection.MediaProjectionManagerService
09-19 16:45:36.533  1301  1301 I SystemServiceManager: Starting com.android.server.MmsServiceBroker
09-19 16:45:36.548  1301  1301 E LockSettingsStorage: Cannot read file java.io.FileNotFoundException: /data/system/gatekeeper.password.key: open failed: ENOENT (No such file or directory)
09-19 16:45:36.548  1301  1301 E LockSettingsStorage: Cannot read file java.io.FileNotFoundException: /data/system/password.key: open failed: ENOENT (No such file or directory)
09-19 16:45:36.548  1301  1301 E LockSettingsStorage: Cannot read file java.io.FileNotFoundException: /data/system/gatekeeper.pattern.key: open failed: ENOENT (No such file or directory)
09-19 16:45:36.548  1301  1301 E LockSettingsStorage: Cannot read file java.io.FileNotFoundException: /data/system/gatekeeper.gesture.key: open failed: ENOENT (No such file or directory)
09-19 16:45:36.548  1301  1301 E LockSettingsStorage: Cannot read file java.io.FileNotFoundException: /data/system/gesture.key: open failed: ENOENT (No such file or directory)
09-19 16:45:36.548  1301  1301 I SystemServiceManager: Starting phase 480
09-19 16:45:36.549  1301  1301 I DevicePolicyManagerService: Set ro.device_owner property to false
09-19 16:45:36.550  1301  1301 I SystemServiceManager: Starting phase 500
09-19 16:45:36.554  1301  1301 I WifiService: WifiService starting up with Wi-Fi enabled
09-19 16:45:36.555  1301  1301 D WifiService: setWifiEnabled: true pid=1301, uid=1000
09-19 16:45:36.560  1301  1359 D ConnectivityService: Got NetworkFactory Messenger for Ethernet
09-19 16:45:36.561  1301  1301 D NetworkManagement: setInterfaceUp: eth0
09-19 16:45:36.561  1301  1301 D NetworkManagement: getInterfaceConfig: eth0
09-19 16:45:36.561  1301  1301 D NetworkManagement: do setInterfaceConfig: eth0 cfg=mHwAddr=00:db:22:20:dd:fd mAddr=0.0.0.0/0 mFlags=[up, multicast, broadcast]
09-19 16:45:36.562  1301  1301 D NetworkManagement: getInterfaceConfig: eth0
09-19 16:45:36.562  1301  1301 D NetworkManagement: getInterfaceConfig: eth0
09-19 16:45:36.564  1301  1301 D ZenLog  : config: cleanUpZenRules,ZenModeConfig[user=0,allowCalls=true,allowRepeatCallers=false,allowMessages=false,allowCallsFrom=contacts,allowMessagesFrom=contacts,allowReminders=true,allowEvents=true,allowWhenScreenOff=true,allowWhenScreenOn=true,automaticRules={4e9f8d0a866b442ea01ed9b9093fa2b7=ZenRule[enabled=false,snoozing=false,name=活动,zenMode=ZEN_MODE_ALARMS,conditionId=condition://android/event?userId=-10000&calendar=&reply=1,condition=Condition[id=condition://android/event?userId=-10000&calendar=&reply=1,summary=...,line1=...,line2=...,icon=0,state=STATE_FALSE,flags=2],component=ComponentInfo{android/com.android.server.notification.EventConditionProvider},id=4e9f8d0a866b442ea01ed9b9093fa2b7,creationTime=1659951736790,enabler=null], 31bbab51d1bb4308b76bb58bb910d6de=ZenRule[enabled=false,snoozing=false,name=周末,zenMode=ZEN_MODE_ALARMS,conditionId=condition://android/schedule?days=6.7&start=23.30&end=10.0&exitAtAlarm=false,condition=Condition[id=condition://android/schedule?days=6.7&start=23.30&end=10.0&exitAtAlarm=false,summary=...,line1=...,line2=...,icon=0,state=STATE_FALSE,flags=2],component=ComponentInfo{android/com.android.server.notification.ScheduleConditionProvider},id=31bbab51d1bb4308b76bb58bb910d6de,creationTime=1659951736790,enabler=null], 82084b374c1c41c28b08e9dee221b2f7=ZenRule[enabled=false,snoozing=false,name=周一至周五夜间,zenMode=ZEN_MODE_ALARMS,conditionId=condition://android/schedule?days=1.2.3.4.5&start=22.0&end=7.0&exitAtAlarm=false,condition=Condition[id=condition://android/schedule?days=1.2.3.4.5&start=22.0&end=7.0&exitAtAlarm=false,summary=...,line1=...,line2=...,icon=0,state=STATE_FALSE,flags=2],component=ComponentInfo{android/com.android.server.notification.ScheduleConditionProvider},id=82084b374c1c41c28b08e9dee221b2f7,creationTime=1659951736790,enabler=null]},manualRule=null],Diff[]
09-19 16:45:36.564  1301  1301 D ZenLog  : set_zen_mode: off,onSystemReady
09-19 16:45:36.565  1301  1301 W SoundTriggerHelper: listModules status=0, # of modules=0
09-19 16:45:36.573  1301  1301 V UserManagerService: Found /data/user_de/0 with serial number 0
09-19 16:45:36.573  1301  1301 V UserManagerService: Found /data/user/0 with serial number 0
09-19 16:45:36.573  1301  1301 V UserManagerService: Found /data/system_de/0 with serial number 0
09-19 16:45:36.573  1301  1301 V UserManagerService: Found /data/system_ce/0 with serial number 0
09-19 16:45:36.574  1301  1324 W KeyguardServiceDelegate: onScreenTurningOn(): no keyguard service!
09-19 16:45:36.576  1301  1301 I ActivityManager: System now ready
09-19 16:45:36.577  1301  1301 I SystemServer: Making services ready
09-19 16:45:36.577  1301  1301 I SystemServiceManager: Starting phase 550
09-19 16:45:36.597  1301  1301 D BluetoothManagerService: Bluetooth boot completed
09-19 16:45:36.597  1301  1301 E InputMethodManagerService: Ignoring updateSystemUiLocked due to an invalid token. uid:1000 token:null
09-19 16:45:36.597  1301  1301 I InputMethodManagerService: All the enabled IMEs are gone. Reset default enabled IMEs.
09-19 16:45:36.597  1301  1301 W InputMethodUtils: Found no fallback locale. imis=[]
09-19 16:45:36.597  1301  1301 W InputMethodUtils: No software keyboard is found. imis=[] systemLocale=zh_CN fallbackLocale=null
09-19 16:45:36.597  1301  1347 D MountService: Thinking about init, mSystemReady=true, mDaemonConnected=true
09-19 16:45:36.597  1301  1301 W TextServicesManagerService: no available spell checker services found
09-19 16:45:36.598  1301  1347 D MountService: Setting up emulation state, initlocked=false
09-19 16:45:36.598  1301  1347 D CryptdConnector: SND -> {2 cryptfs unlock_user_key 0 0 ! !}
09-19 16:45:36.598  1062  1102 D vold    : e4crypt_unlock_user_key 0 serial=0 token_present=0
09-19 16:45:36.598  1301  1349 D CryptdConnector: RCV <- {200 2 Command succeeded}
09-19 16:45:36.598  1301  1347 D MountService: Thinking about reset, mSystemReady=true, mDaemonConnected=true
09-19 16:45:36.599  1301  1301 I SystemServer: WebViewFactory preparation
09-19 16:45:36.599  1301  1347 D VoldConnector: SND -> {3 volume reset}
09-19 16:45:36.599  1301  1315 I ActivityManager: Force stopping com.android.providers.media appid=10007 user=-1: vold reset
09-19 16:45:36.599  1301  1348 D VoldConnector: RCV <- {651 emulated 7}
09-19 16:45:36.599  1301  1348 D VoldConnector: RCV <- {659 emulated}
09-19 16:45:36.599  1301  1348 D VoldConnector: RCV <- {650 emulated 2 "" ""}
09-19 16:45:36.599  1301  1348 D VoldConnector: RCV <- {654 emulated emulated}
09-19 16:45:36.600  1301  1348 D VoldConnector: RCV <- {651 emulated 0}
09-19 16:45:36.600  1301  1348 D VoldConnector: RCV <- {200 3 Command succeeded}
09-19 16:45:36.600  1301  1347 D VoldConnector: SND -> {4 volume user_added 0 0}
09-19 16:45:36.600  1301  1320 V MountService: Found primary storage at VolumeInfo{emulated}:
09-19 16:45:36.600  1301  1320 V MountService:     type=EMULATED diskId=null partGuid=null mountFlags=0 mountUserId=-1 
09-19 16:45:36.600  1301  1320 V MountService:     state=UNMOUNTED 
09-19 16:45:36.600  1301  1320 V MountService:     fsType=null fsUuid=null fsLabel=null 
09-19 16:45:36.600  1301  1320 V MountService:     path=null internalPath=null 
09-19 16:45:36.600  1301  1348 D VoldConnector: RCV <- {200 4 Command succeeded}
09-19 16:45:36.601  1301  1347 D VoldConnector: SND -> {5 volume mount emulated 3 -1}
09-19 16:45:36.602  1301  1348 D VoldConnector: RCV <- {651 emulated 1}
09-19 16:45:36.602  1301  1348 D VoldConnector: RCV <- {656 emulated /data/media}
09-19 16:45:36.602  1062  1100 V vold    : Waiting for FUSE to spin up...
09-19 16:45:36.602  1301  1348 D VoldConnector: RCV <- {655 emulated /storage/emulated}
09-19 16:45:36.604  1301  1366 D BluetoothManagerService: Trying to bind to profile: 1, while Bluetooth was disabled
09-19 16:45:36.623  1301  1301 I ActivityManager: Start proc 1382:WebViewLoader-x86/1037 [android.webkit.WebViewFactory$RelroFileCreator] for 
09-19 16:45:36.636  1301  1301 I ActivityManager: Start proc 1389:com.android.systemui/u0a17 for service com.android.systemui/.SystemUIService
09-19 16:45:36.636  1301  1301 I NetworkManagement: not enabling bandwidth control
09-19 16:45:36.652  1301  1348 D VoldConnector: RCV <- {651 emulated 2}
09-19 16:45:36.653  1301  1348 D VoldConnector: RCV <- {200 5 Command succeeded}
09-19 16:45:36.675  1301  1301 W NetworkStats: bandwidth controls disabled, unable to track stats
09-19 16:45:36.675  1301  1301 W NetworkPolicy: bandwidth controls disabled, unable to enforce policy
09-19 16:45:36.692  1301  1301 I SystemServiceManager: Starting phase 600
09-19 16:45:36.698  1301  1301 D SensorNotificationService: Cannot obtain dynamic meta sensor, not supported.
09-19 16:45:36.723  1301  1301 W LocationManagerService: no network location provider found
09-19 16:45:36.725  1301  1301 E LocationManagerService: no geocoder provider found
09-19 16:45:36.725  1301  1301 D LocationManagerService: FLP HAL not supported
09-19 16:45:36.725  1301  1301 D LocationManagerService: Unable to bind FLP Geofence proxy.
09-19 16:45:36.725  1301  1301 D LocationManagerService: Hardware Activity-Recognition not supported.
09-19 16:45:36.725  1301  1301 D LocationManagerService: Unable to bind ActivityRecognitionProxy.
09-19 16:45:36.728  1301  1301 I MmsServiceBroker: Delay connecting to MmsService until an API is called
09-19 16:45:36.728  1301  1301 W CameraService_proxy: Could not notify mediaserver, camera service not available.
09-19 16:45:36.729  1301  1301 W VoiceInteractionManagerService: no available voice interaction services found for user 0
09-19 16:45:36.729  1301  1301 W VoiceInteractionManagerService: no available voice recognition services found for user 0
09-19 16:45:36.740  1301  1301 I ActivityManager: Start proc 1426:com.android.phone/1001 for added application com.android.phone
09-19 16:45:36.763  1301  1301 I ActivityManager: START u0 {act=android.intent.action.MAIN cat=[android.intent.category.HOME] flg=0x10000100 cmp=com.android.settings/.FallbackHome} from uid 0 on display 0
09-19 16:45:36.783  1301  1301 I ActivityManager: Loaded persisted task ids for user 0
09-19 16:45:36.797  1301  1301 I ActivityManager: Start proc 1464:com.android.settings/1000 for activity com.android.settings/.FallbackHome
09-19 16:45:36.799  1301  1301 D ConditionProviders.SCP: onConnected
09-19 16:45:36.799  1301  1301 D ZenLog  : set_zen_mode: off,readXml
09-19 16:45:36.801  1301  1301 D ConditionProviders: Subscribing to condition://android/event?userId=-10000&calendar=&reply=1 with ComponentInfo{android/com.android.server.notification.EventConditionProvider}
09-19 16:45:36.801  1301  1301 D ZenLog  : subscribe: condition://android/event?userId=-10000&calendar=&reply=1,ok
09-19 16:45:36.801  1301  1301 D ConditionProviders: Subscribing to condition://android/schedule?days=6.7&start=23.30&end=10.0&exitAtAlarm=false with ComponentInfo{android/com.android.server.notification.ScheduleConditionProvider}
09-19 16:45:36.801  1301  1301 D ZenLog  : subscribe: condition://android/schedule?days=6.7&start=23.30&end=10.0&exitAtAlarm=false,ok
09-19 16:45:36.801  1301  1301 D ConditionProviders: Subscribing to condition://android/schedule?days=1.2.3.4.5&start=22.0&end=7.0&exitAtAlarm=false with ComponentInfo{android/com.android.server.notification.ScheduleConditionProvider}
09-19 16:45:36.801  1301  1301 D ZenLog  : subscribe: condition://android/schedule?days=1.2.3.4.5&start=22.0&end=7.0&exitAtAlarm=false,ok
09-19 16:45:36.853  1301  1313 W ActivityManager: Slow operation: 54ms so far, now at attachApplicationLocked: after mServices.attachApplicationLocked
