09-19 17:14:54.895  2032  2314 I chatty  : uid=10038(com.litatom.app) AgoraLogging expire 1 line
09-19 17:14:55.469  1696  1696 W ContextImpl: Calling a method in the system process without a qualified user: android.app.ContextImpl.startService:1358 android.content.ContextWrapper.startService:613 android.content.ContextWrapper.startService:613 com.android.coreservice.CoreBroadcastReceiver.onReceive:69 android.app.ActivityThread.handleReceiver:3073 
09-19 17:14:55.736  1696  1696 W ContextImpl: Calling a method in the system process without a qualified user: android.app.ContextImpl.startService:1358 android.content.ContextWrapper.startService:613 android.content.ContextWrapper.startService:613 com.android.coreservice.CoreBroadcastReceiver.onReceive:69 android.app.ActivityThread.handleReceiver:3073 
09-19 17:14:56.001  1696  1696 W ContextImpl: Calling a method in the system process without a qualified user: android.app.ContextImpl.startService:1358 android.content.ContextWrapper.startService:613 android.content.ContextWrapper.startService:613 com.android.coreservice.CoreBroadcastReceiver.onReceive:69 android.app.ActivityThread.handleReceiver:3073 
09-19 17:14:56.003  1696  1696 W ContextImpl: Calling a method in the system process without a qualified user: android.app.ContextImpl.startService:1358 android.content.ContextWrapper.startService:613 android.content.ContextWrapper.startService:613 com.android.coreservice.CoreBroadcastReceiver.onReceive:69 android.app.ActivityThread.handleReceiver:3073 
09-19 17:14:56.238  1696  1696 W ContextImpl: Calling a method in the system process without a qualified user: android.app.ContextImpl.startService:1358 android.content.ContextWrapper.startService:613 android.content.ContextWrapper.startService:613 com.android.coreservice.CoreBroadcastReceiver.onReceive:69 android.app.ActivityThread.handleReceiver:3073 
09-19 17:14:56.458  2032  8425 I chatty  : uid=10038(com.litatom.app) Binder:2032_7 expire 2 lines
09-19 17:14:56.735  1696  1696 W ContextImpl: Calling a method in the system process without a qualified user: android.app.ContextImpl.startService:1358 android.content.ContextWrapper.startService:613 android.content.ContextWrapper.startService:613 com.android.coreservice.CoreBroadcastReceiver.onReceive:69 android.app.ActivityThread.handleReceiver:3073 
09-19 17:14:57.292  2032  2225 I chatty  : uid=10038(com.litatom.app) RenderThread expire 247 lines
09-19 17:14:57.485  1696  1696 W ContextImpl: Calling a method in the system process without a qualified user: android.app.ContextImpl.startService:1358 android.content.ContextWrapper.startService:613 android.content.ContextWrapper.startService:613 com.android.coreservice.CoreBroadcastReceiver.onReceive:69 android.app.ActivityThread.handleReceiver:3073 
09-19 17:14:57.486  1696  1696 W ContextImpl: Calling a method in the system process without a qualified user: android.app.ContextImpl.startService:1358 android.content.ContextWrapper.startService:613 android.content.ContextWrapper.startService:613 com.android.coreservice.CoreBroadcastReceiver.onReceive:69 android.app.ActivityThread.handleReceiver:3073 
09-19 17:14:57.996  1389  1611 I vol.Events: writeEvent level_changed STREAM_MUSIC 4
09-19 17:14:57.997  1389  1611 I vol.Events: writeEvent active_stream_changed STREAM_MUSIC
09-19 17:14:57.998  1389  1611 I vol.Events: writeEvent key STREAM_MUSIC 4
09-19 17:14:57.998  1389  1611 I vol.Events: writeEvent mute_changed STREAM_MUSIC false
09-19 17:14:58.005  1389  1389 I vol.Events: writeEvent show_dialog volume_changed keyguard=false
09-19 17:14:58.032  1389  1645 E EGL_adreno: tid 1645: eglSurfaceAttrib(1338): error 0x3009 (EGL_BAD_MATCH)
09-19 17:14:58.032  1389  1645 W OpenGLRenderer: Failed to set EGL_SWAP_BEHAVIOR on surface 0xa4f51480, error=EGL_BAD_MATCH
09-19 17:14:58.034  1389  1645 D EGL_adreno: eglMakeCurrent: 0xa703e500: ver 3 1 (tinfo 0xb6ebc650)
09-19 17:14:59.263  1389  1389 I vol.Events: writeEvent dismiss_dialog touch_outside
09-19 17:14:59.265  1389  1611 I vol.Events: writeEvent active_stream_changed UNKNOWN_STREAM_-1
09-19 17:14:59.543  1301  1731 I ActivityManager: START u0 {cmp=com.litatom.app/com.lit.app.ui.BasicWebActivity (has extras)} from uid 10038 on display 0
09-19 17:14:59.546  1696  1696 W ContextImpl: Calling a method in the system process without a qualified user: android.app.ContextImpl.startService:1358 android.content.ContextWrapper.startService:613 android.content.ContextWrapper.startService:613 com.android.coreservice.CoreBroadcastReceiver.onReceive:44 android.app.ActivityThread.handleReceiver:3073 
09-19 17:14:59.571  1389  1645 D EGL_adreno: eglMakeCurrent: 0xa703e500: ver 3 1 (tinfo 0xb6ebc650)
09-19 17:14:59.637  2032  2032 I chatty  : uid=10038(com.litatom.app) expire 4 lines
09-19 17:14:59.698  1696  1696 W ContextImpl: Calling a method in the system process without a qualified user: android.app.ContextImpl.startService:1358 android.content.ContextWrapper.startService:613 android.content.ContextWrapper.startService:613 com.android.coreservice.CoreBroadcastReceiver.onReceive:53 android.app.ActivityThread.handleReceiver:3073 
09-19 17:14:59.770  2032  7715 I chatty  : uid=10038(com.litatom.app) Chrome_InProcGp expire 2 lines
09-19 17:14:59.853  1301  1322 I ActivityManager: Displayed com.litatom.app/com.lit.app.ui.BasicWebActivity: +295ms
09-19 17:14:59.868  1696  1696 W ContextImpl: Calling a method in the system process without a qualified user: android.app.ContextImpl.startService:1358 android.content.ContextWrapper.startService:613 android.content.ContextWrapper.startService:613 com.android.coreservice.CoreBroadcastReceiver.onReceive:69 android.app.ActivityThread.handleReceiver:3073 
09-19 17:14:59.885  1389  1645 D EGL_adreno: eglMakeCurrent: 0xa703e500: ver 3 1 (tinfo 0xb6ebc650)
09-19 17:14:59.979  2032  2044 I chatty  : uid=10038(com.litatom.app) Binder:2032_1 expire 2 lines
09-19 17:15:00.278  2032  2225 I chatty  : uid=10038(com.litatom.app) RenderThread expire 247 lines
09-19 17:15:00.323  2032  7744 I chatty  : uid=10038(com.litatom.app) JavaBridge expire 1 line
09-19 17:15:00.360  1696  1696 W ContextImpl: Calling a method in the system process without a qualified user: android.app.ContextImpl.startService:1358 android.content.ContextWrapper.startService:613 android.content.ContextWrapper.startService:613 com.android.coreservice.CoreBroadcastReceiver.onReceive:69 android.app.ActivityThread.handleReceiver:3073 
09-19 17:15:00.607  1696  1696 W ContextImpl: Calling a method in the system process without a qualified user: android.app.ContextImpl.startService:1358 android.content.ContextWrapper.startService:613 android.content.ContextWrapper.startService:613 com.android.coreservice.CoreBroadcastReceiver.onReceive:69 android.app.ActivityThread.handleReceiver:3073 
09-19 17:15:00.872  2032  2314 I chatty  : uid=10038(com.litatom.app) AgoraLogging expire 1 line
09-19 17:15:01.177  9928  9928 I appproc : exec app_process! cmdline: /system/bin com.android.commands.am.Am start -n com.litatom.app/com.lit.app.party.PartyChatActivity 
09-19 17:15:01.186  9928  9928 D AndroidRuntime: >>>>>> START com.android.internal.os.RuntimeInit uid 0 <<<<<<
09-19 17:15:01.192  9928  9928 D AndroidRuntime: CheckJNI is OFF
09-19 17:15:01.278  9928  9928 D ICU     : No timezone override file found: /data/misc/zoneinfo/current/icu/icu_tzdata.dat
09-19 17:15:01.313  9928  9928 D libnativebridge: PreInitializeNativeBridge name=unknown instruction_set=x86
09-19 17:15:01.313  9928  9928 D libnativebridge: call UnloadNativeBridge! state=1
09-19 17:15:01.374  9928  9928 E memtrack: Couldn't load memtrack module (No such file or directory)
09-19 17:15:01.374  9928  9928 E android.os.Debug: failed to load memtrack module: -2
09-19 17:15:01.385  9928  9928 I Radio-JNI: register_android_hardware_Radio DONE
09-19 17:15:01.427  9928  9928 D AndroidRuntime: Calling main entry com.android.commands.am.Am
09-19 17:15:01.443  1301  1529 I ActivityManager: START u0 {flg=0x10000000 cmp=com.litatom.app/com.lit.app.party.PartyChatActivity} from uid 0 on display 0
09-19 17:15:01.454  1696  1696 W ContextImpl: Calling a method in the system process without a qualified user: android.app.ContextImpl.startService:1358 android.content.ContextWrapper.startService:613 android.content.ContextWrapper.startService:613 com.android.coreservice.CoreBroadcastReceiver.onReceive:44 android.app.ActivityThread.handleReceiver:3073 
09-19 17:15:01.454  9928  9928 D AndroidRuntime: Shutting down VM
09-19 17:15:01.513  1696  1696 W ContextImpl: Calling a method in the system process without a qualified user: android.app.ContextImpl.startService:1358 android.content.ContextWrapper.startService:613 android.content.ContextWrapper.startService:613 com.android.coreservice.CoreBroadcastReceiver.onReceive:69 android.app.ActivityThread.handleReceiver:3073 
09-19 17:15:01.518  1696  1696 W ContextImpl: Calling a method in the system process without a qualified user: android.app.ContextImpl.startService:1358 android.content.ContextWrapper.startService:613 android.content.ContextWrapper.startService:613 com.android.coreservice.CoreBroadcastReceiver.onReceive:53 android.app.ActivityThread.handleReceiver:3073 
09-19 17:15:01.614  2032  7715 I chatty  : uid=10038(com.litatom.app) Chrome_InProcGp expire 1 line
09-19 17:15:01.721  1696  1696 W ContextImpl: Calling a method in the system process without a qualified user: android.app.ContextImpl.startService:1358 android.content.ContextWrapper.startService:613 android.content.ContextWrapper.startService:613 com.android.coreservice.CoreBroadcastReceiver.onReceive:69 android.app.ActivityThread.handleReceiver:3073 
09-19 17:15:02.197  1696  1696 W ContextImpl: Calling a method in the system process without a qualified user: android.app.ContextImpl.startService:1358 android.content.ContextWrapper.startService:613 android.content.ContextWrapper.startService:613 com.android.coreservice.CoreBroadcastReceiver.onReceive:69 android.app.ActivityThread.handleReceiver:3073 
09-19 17:15:02.216  2032  2032 I chatty  : uid=10038(com.litatom.app) expire 9 lines
09-19 17:15:02.618  1696  1696 W ContextImpl: Calling a method in the system process without a qualified user: android.app.ContextImpl.startService:1358 android.content.ContextWrapper.startService:613 android.content.ContextWrapper.startService:613 com.android.coreservice.CoreBroadcastReceiver.onReceive:69 android.app.ActivityThread.handleReceiver:3073 
09-19 17:15:02.869  1696  1696 W ContextImpl: Calling a method in the system process without a qualified user: android.app.ContextImpl.startService:1358 android.content.ContextWrapper.startService:613 android.content.ContextWrapper.startService:613 com.android.coreservice.CoreBroadcastReceiver.onReceive:69 android.app.ActivityThread.handleReceiver:3073 
09-19 17:15:02.870  1696  1696 W ContextImpl: Calling a method in the system process without a qualified user: android.app.ContextImpl.startService:1358 android.content.ContextWrapper.startService:613 android.content.ContextWrapper.startService:613 com.android.coreservice.CoreBroadcastReceiver.onReceive:69 android.app.ActivityThread.handleReceiver:3073 
09-19 17:15:03.258  2032  2225 I chatty  : uid=10038(com.litatom.app) RenderThread expire 249 lines
09-19 17:15:03.568  2032  2215 I chatty  : uid=10038(com.litatom.app) Binder:2032_3 expire 2 lines
09-19 17:15:03.825  1301  1312 D NotificationService: notify pkg=com.litatom.app pid=1301
09-19 17:15:03.837  1301  1529 D NotificationService: notify pkg=com.litatom.app pid=1301
09-19 17:15:03.838  1301  1731 W ActivityManager: Duplicate finish request for ActivityRecord{32db41f u0 com.litatom.app/com.lit.app.party.PartyChatActivity t3 f}
09-19 17:15:03.869  1696  1696 W ContextImpl: Calling a method in the system process without a qualified user: android.app.ContextImpl.startService:1358 android.content.ContextWrapper.startService:613 android.content.ContextWrapper.startService:613 com.android.coreservice.CoreBroadcastReceiver.onReceive:44 android.app.ActivityThread.handleReceiver:3073 
09-19 17:15:03.875  1301  1716 D NotificationService: notify pkg=com.litatom.app pid=1301
09-19 17:15:03.878  1301  1313 W ActivityManager: Duplicate finish request for ActivityRecord{32db41f u0 com.litatom.app/com.lit.app.party.PartyChatActivity t3 f}
09-19 17:15:03.885  1696  1696 W ContextImpl: Calling a method in the system process without a qualified user: android.app.ContextImpl.startService:1358 android.content.ContextWrapper.startService:613 android.content.ContextWrapper.startService:613 com.android.coreservice.CoreBroadcastReceiver.onReceive:53 android.app.ActivityThread.handleReceiver:3073 
09-19 17:15:03.945  1696  1696 W ContextImpl: Calling a method in the system process without a qualified user: android.app.ContextImpl.startService:1358 android.content.ContextWrapper.startService:613 android.content.ContextWrapper.startService:613 com.android.coreservice.CoreBroadcastReceiver.onReceive:69 android.app.ActivityThread.handleReceiver:3073 
09-19 17:15:04.368  1696  1696 W ContextImpl: Calling a method in the system process without a qualified user: android.app.ContextImpl.startService:1358 android.content.ContextWrapper.startService:613 android.content.ContextWrapper.startService:613 com.android.coreservice.CoreBroadcastReceiver.onReceive:69 android.app.ActivityThread.handleReceiver:3073 
09-19 17:15:04.658  1301  1731 I ActivityManager: START u0 {cmp=com.litatom.app/com.lit.app.party.PartyChatActivity (has extras)} from uid 10038 on display 0
09-19 17:15:04.662  1696  1696 W ContextImpl: Calling a method in the system process without a qualified user: android.app.ContextImpl.startService:1358 android.content.ContextWrapper.startService:613 android.content.ContextWrapper.startService:613 com.android.coreservice.CoreBroadcastReceiver.onReceive:44 android.app.ActivityThread.handleReceiver:3073 
09-19 17:15:04.761  1696  1696 W ContextImpl: Calling a method in the system process without a qualified user: android.app.ContextImpl.startService:1358 android.content.ContextWrapper.startService:613 android.content.ContextWrapper.startService:613 com.android.coreservice.CoreBroadcastReceiver.onReceive:53 android.app.ActivityThread.handleReceiver:3073 
09-19 17:15:04.880  2032  2032 W ViewRootImpl[PartyChatActivity]: Dropping event due to no window focus: KeyEvent { action=ACTION_DOWN, keyCode=KEYCODE_NUMPAD_MULTIPLY, scanCode=0, metaState=0, flags=0x8, repeatCount=0, eventTime=1773705, downTime=1773705, deviceId=-1, source=0x101 }
09-19 17:15:04.880  2032  2032 W ViewRootImpl[PartyChatActivity]: Cancelling event due to no window focus: KeyEvent { action=ACTION_UP, keyCode=KEYCODE_NUMPAD_MULTIPLY, scanCode=0, metaState=0, flags=0x28, repeatCount=0, eventTime=1773705, downTime=1773705, deviceId=-1, source=0x101 }
09-19 17:15:04.881  2032  2032 W ViewRootImpl[PartyChatActivity]: Cancelling event due to no window focus: KeyEvent { action=ACTION_UP, keyCode=KEYCODE_NUMPAD_MULTIPLY, scanCode=0, metaState=0, flags=0x28, repeatCount=0, eventTime=1773705, downTime=1773705, deviceId=-1, source=0x101 }
09-19 17:15:04.881  2032  2032 W ViewRootImpl[PartyChatActivity]: Cancelling event due to no window focus: KeyEvent { action=ACTION_UP, keyCode=KEYCODE_NUMPAD_MULTIPLY, scanCode=0, metaState=0, flags=0x28, repeatCount=0, eventTime=1773705, downTime=1773705, deviceId=-1, source=0x101 }
09-19 17:15:04.881  2032  2032 W ViewRootImpl[PartyChatActivity]: Cancelling event due to no window focus: KeyEvent { action=ACTION_UP, keyCode=KEYCODE_NUMPAD_MULTIPLY, scanCode=0, metaState=0, flags=0x28, repeatCount=0, eventTime=1773705, downTime=1773705, deviceId=-1, source=0x101 }
09-19 17:15:04.881  2032  2032 W ViewRootImpl[PartyChatActivity]: Cancelling event due to no window focus: KeyEvent { action=ACTION_UP, keyCode=KEYCODE_NUMPAD_MULTIPLY, scanCode=0, metaState=0, flags=0x28, repeatCount=0, eventTime=1773705, downTime=1773705, deviceId=-1, source=0x101 }
09-19 17:15:04.881  2032  2032 W ViewRootImpl[PartyChatActivity]: Cancelling event due to no window focus: KeyEvent { action=ACTION_UP, keyCode=KEYCODE_NUMPAD_MULTIPLY, scanCode=0, metaState=0, flags=0x28, repeatCount=0, eventTime=1773705, downTime=1773705, deviceId=-1, source=0x101 }
09-19 17:15:04.881  2032  2032 W ViewRootImpl[PartyChatActivity]: Cancelling event due to no window focus: KeyEvent { action=ACTION_UP, keyCode=KEYCODE_NUMPAD_MULTIPLY, scanCode=0, metaState=0, flags=0x28, repeatCount=0, eventTime=1773705, downTime=1773705, deviceId=-1, source=0x101 }
09-19 17:15:04.881  2032  2032 W ViewRootImpl[PartyChatActivity]: Cancelling event due to no window focus: KeyEvent { action=ACTION_UP, keyCode=KEYCODE_NUMPAD_MULTIPLY, scanCode=0, metaState=0, flags=0x28, repeatCount=0, eventTime=1773705, downTime=1773705, deviceId=-1, source=0x101 }
09-19 17:15:04.881  2032  2032 W ViewRootImpl[PartyChatActivity]: Cancelling event due to no window focus: KeyEvent { action=ACTION_UP, keyCode=KEYCODE_NUMPAD_MULTIPLY, scanCode=0, metaState=0, flags=0x28, repeatCount=0, eventTime=1773705, downTime=1773705, deviceId=-1, source=0x101 }
09-19 17:15:04.917  1301  1322 I ActivityManager: Displayed com.litatom.app/com.lit.app.party.PartyChatActivity: +248ms
09-19 17:15:04.919  1696  1696 W ContextImpl: Calling a method in the system process without a qualified user: android.app.ContextImpl.startService:1358 android.content.ContextWrapper.startService:613 android.content.ContextWrapper.startService:613 com.android.coreservice.CoreBroadcastReceiver.onReceive:69 android.app.ActivityThread.handleReceiver:3073 
09-19 17:15:05.903  1696  1696 W ContextImpl: Calling a method in the system process without a qualified user: android.app.ContextImpl.startService:1358 android.content.ContextWrapper.startService:613 android.content.ContextWrapper.startService:613 com.android.coreservice.CoreBroadcastReceiver.onReceive:69 android.app.ActivityThread.handleReceiver:3073 
09-19 17:15:05.905  1696  1696 W ContextImpl: Calling a method in the system process without a qualified user: android.app.ContextImpl.startService:1358 android.content.ContextWrapper.startService:613 android.content.ContextWrapper.startService:613 com.android.coreservice.CoreBroadcastReceiver.onReceive:69 android.app.ActivityThread.handleReceiver:3073 
09-19 17:15:06.037  2032  2225 I chatty  : uid=10038(com.litatom.app) RenderThread expire 249 lines
09-19 17:15:06.183  2032  2314 I chatty  : uid=10038(com.litatom.app) AgoraLogging expire 1 line
09-19 17:15:06.419  1696  1696 W ContextImpl: Calling a method in the system process without a qualified user: android.app.ContextImpl.startService:1358 android.content.ContextWrapper.startService:613 android.content.ContextWrapper.startService:613 com.android.coreservice.CoreBroadcastReceiver.onReceive:69 android.app.ActivityThread.handleReceiver:3073 
09-19 17:15:06.442  2032  2032 I chatty  : uid=10038(com.litatom.app) expire 3 lines
09-19 17:15:07.152  2032  8330 I chatty  : uid=10038(com.litatom.app) Binder:2032_6 expire 4 lines
09-19 17:15:07.153  1696  1696 W ContextImpl: Calling a method in the system process without a qualified user: android.app.ContextImpl.startService:1358 android.content.ContextWrapper.startService:613 android.content.ContextWrapper.startService:613 com.android.coreservice.CoreBroadcastReceiver.onReceive:69 android.app.ActivityThread.handleReceiver:3073 
09-19 17:15:07.412  1389  1611 I vol.Events: writeEvent mute_changed STREAM_MUSIC true
09-19 17:15:07.413  1389  1611 I vol.Events: writeEvent active_stream_changed STREAM_MUSIC
09-19 17:15:07.413  1389  1611 I vol.Events: writeEvent key STREAM_MUSIC 4
09-19 17:15:07.423  1389  1389 I vol.Events: writeEvent show_dialog volume_changed keyguard=false
09-19 17:15:07.478  1389  1645 E EGL_adreno: tid 1645: eglSurfaceAttrib(1338): error 0x3009 (EGL_BAD_MATCH)
09-19 17:15:07.478  1389  1645 W OpenGLRenderer: Failed to set EGL_SWAP_BEHAVIOR on surface 0xa4f52fc0, error=EGL_BAD_MATCH
09-19 17:15:07.491  1389  1645 D EGL_adreno: eglMakeCurrent: 0xa703e500: ver 3 1 (tinfo 0xb6ebc650)
09-19 17:15:07.696  1696  1696 W ContextImpl: Calling a method in the system process without a qualified user: android.app.ContextImpl.startService:1358 android.content.ContextWrapper.startService:613 android.content.ContextWrapper.startService:613 com.android.coreservice.CoreBroadcastReceiver.onReceive:69 android.app.ActivityThread.handleReceiver:3073 
09-19 17:15:07.925  1389  1389 I vol.Events: writeEvent dismiss_dialog touch_outside
09-19 17:15:07.927  1389  1611 I vol.Events: writeEvent active_stream_changed UNKNOWN_STREAM_-1
09-19 17:15:08.203  1696  1696 W ContextImpl: Calling a method in the system process without a qualified user: android.app.ContextImpl.startService:1358 android.content.ContextWrapper.startService:613 android.content.ContextWrapper.startService:613 com.android.coreservice.CoreBroadcastReceiver.onReceive:69 android.app.ActivityThread.handleReceiver:3073 
09-19 17:15:08.239  1389  1645 D EGL_adreno: eglMakeCurrent: 0xa703e500: ver 3 1 (tinfo 0xb6ebc650)
09-19 17:15:08.420  2032  2225 I chatty  : uid=10038(com.litatom.app) RenderThread expire 247 lines
09-19 17:15:09.218  1696  1696 W ContextImpl: Calling a method in the system process without a qualified user: android.app.ContextImpl.startService:1358 android.content.ContextWrapper.startService:613 android.content.ContextWrapper.startService:613 com.android.coreservice.CoreBroadcastReceiver.onReceive:69 android.app.ActivityThread.handleReceiver:3073 
09-19 17:15:09.303  1696  1696 W ContextImpl: Calling a method in the system process without a qualified user: android.app.ContextImpl.startService:1358 android.content.ContextWrapper.startService:613 android.content.ContextWrapper.startService:613 com.android.coreservice.CoreBroadcastReceiver.onReceive:69 android.app.ActivityThread.handleReceiver:3073 
09-19 17:15:09.546  1301  1315 W ActivityManager: Launch timeout has expired, giving up wake lock!
09-19 17:15:09.580  2032  2032 I chatty  : uid=10038(com.litatom.app) expire 4 lines
09-19 17:15:10.925  2032  2314 I chatty  : uid=10038(com.litatom.app) AgoraLogging expire 2 lines
09-19 17:15:11.229  1696  1696 W ContextImpl: Calling a method in the system process without a qualified user: android.app.ContextImpl.startService:1358 android.content.ContextWrapper.startService:613 android.content.ContextWrapper.startService:613 com.android.coreservice.CoreBroadcastReceiver.onReceive:69 android.app.ActivityThread.handleReceiver:3073 
09-19 17:15:12.201  2032  2225 I chatty  : uid=10038(com.litatom.app) RenderThread expire 249 lines
09-19 17:15:12.686  1696  1696 W ContextImpl: Calling a method in the system process without a qualified user: android.app.ContextImpl.startService:1358 android.content.ContextWrapper.startService:613 android.content.ContextWrapper.startService:613 com.android.coreservice.CoreBroadcastReceiver.onReceive:69 android.app.ActivityThread.handleReceiver:3073 
09-19 17:15:13.211  1301  1731 I ActivityManager: START u0 {act=android.intent.action.MAIN cat=[android.intent.category.LAUNCHER] flg=0x10200000 cmp=com.litatom.app/com.lit.app.ui.SplashActivity} from uid 0 on display 0
09-19 17:15:13.229  2032  2032 I chatty  : uid=10038(com.litatom.app) expire 4 lines
09-19 17:15:13.288  1696  1696 W ContextImpl: Calling a method in the system process without a qualified user: android.app.ContextImpl.startService:1358 android.content.ContextWrapper.startService:613 android.content.ContextWrapper.startService:613 com.android.coreservice.CoreBroadcastReceiver.onReceive:69 android.app.ActivityThread.handleReceiver:3073 
09-19 17:15:13.294  1696  1696 W ContextImpl: Calling a method in the system process without a qualified user: android.app.ContextImpl.startService:1358 android.content.ContextWrapper.startService:613 android.content.ContextWrapper.startService:613 com.android.coreservice.CoreBroadcastReceiver.onReceive:69 android.app.ActivityThread.handleReceiver:3073 
09-19 17:15:13.325  1696  1696 W ContextImpl: Calling a method in the system process without a qualified user: android.app.ContextImpl.startService:1358 android.content.ContextWrapper.startService:613 android.content.ContextWrapper.startService:613 com.android.coreservice.CoreBroadcastReceiver.onReceive:69 android.app.ActivityThread.handleReceiver:3073 
09-19 17:15:13.326  1696  1696 W ContextImpl: Calling a method in the system process without a qualified user: android.app.ContextImpl.startService:1358 android.content.ContextWrapper.startService:613 android.content.ContextWrapper.startService:613 com.android.coreservice.CoreBroadcastReceiver.onReceive:69 android.app.ActivityThread.handleReceiver:3073 
09-19 17:15:13.326  1301  1529 D NotificationService: notify pkg=android pid=1301
09-19 17:15:13.327  1301  1716 D NotificationService: notify pkg=android pid=1301
09-19 17:15:13.354  1389  1645 D EGL_adreno: eglMakeCurrent: 0xa703e500: ver 3 1 (tinfo 0xb6ebc650)
09-19 17:15:13.376  2004  2428 E EGL_adreno: tid 2428: eglSurfaceAttrib(1338): error 0x3009 (EGL_BAD_MATCH)
09-19 17:15:13.376  2004  2428 W OpenGLRenderer: Failed to set EGL_SWAP_BEHAVIOR on surface 0xa7ca75a0, error=EGL_BAD_MATCH
09-19 17:15:14.195  2032  8330 I chatty  : uid=10038(com.litatom.app) Binder:2032_6 expire 2 lines
09-19 17:15:14.754  1696  1696 W ContextImpl: Calling a method in the system process without a qualified user: android.app.ContextImpl.startService:1358 android.content.ContextWrapper.startService:613 android.content.ContextWrapper.startService:613 com.android.coreservice.CoreBroadcastReceiver.onReceive:69 android.app.ActivityThread.handleReceiver:3073 
09-19 17:15:14.754  1301  1312 D NotificationService: notify pkg=android pid=1301
09-19 17:15:14.756  1696  1696 W ContextImpl: Calling a method in the system process without a qualified user: android.app.ContextImpl.startService:1358 android.content.ContextWrapper.startService:613 android.content.ContextWrapper.startService:613 com.android.coreservice.CoreBroadcastReceiver.onReceive:69 android.app.ActivityThread.handleReceiver:3073 
09-19 17:15:15.195  1301  1716 I ActivityManager: START u0 {act=android.intent.action.MAIN cat=[android.intent.category.LAUNCHER] flg=0x10200000 cmp=com.litatom.app/com.lit.app.ui.SplashActivity} from uid 0 on display 0
09-19 17:15:15.223  2032  2225 I chatty  : uid=10038(com.litatom.app) RenderThread expire 248 lines
09-19 17:15:15.264  1301  1301 D NotificationService: notify pkg=android pid=1301
09-19 17:15:15.265  1301  1313 I ActivityManager: START u0 {act=android.intent.action.CALL_BUTTON flg=0x10000000} from uid 10038 on display 0
09-19 17:15:15.265  2032  2032 I chatty  : uid=10038(com.litatom.app) expire 4 lines
09-19 17:15:15.759  1696  1696 W ContextImpl: Calling a method in the system process without a qualified user: android.app.ContextImpl.startService:1358 android.content.ContextWrapper.startService:613 android.content.ContextWrapper.startService:613 com.android.coreservice.CoreBroadcastReceiver.onReceive:69 android.app.ActivityThread.handleReceiver:3073 
09-19 17:15:15.765  1696  1696 W ContextImpl: Calling a method in the system process without a qualified user: android.app.ContextImpl.startService:1358 android.content.ContextWrapper.startService:613 android.content.ContextWrapper.startService:613 com.android.coreservice.CoreBroadcastReceiver.onReceive:69 android.app.ActivityThread.handleReceiver:3073 
09-19 17:15:15.778  1696  1696 W ContextImpl: Calling a method in the system process without a qualified user: android.app.ContextImpl.startService:1358 android.content.ContextWrapper.startService:613 android.content.ContextWrapper.startService:613 com.android.coreservice.CoreBroadcastReceiver.onReceive:69 android.app.ActivityThread.handleReceiver:3073 
09-19 17:15:16.040  2032  2314 I chatty  : uid=10038(com.litatom.app) AgoraLogging expire 1 line
09-19 17:15:16.817  1696  1696 W ContextImpl: Calling a method in the system process without a qualified user: android.app.ContextImpl.startService:1358 android.content.ContextWrapper.startService:613 android.content.ContextWrapper.startService:613 com.android.coreservice.CoreBroadcastReceiver.onReceive:69 android.app.ActivityThread.handleReceiver:3073 
09-19 17:15:17.215  1301  1529 I ActivityManager: START u0 {act=android.intent.action.MAIN cat=[android.intent.category.LAUNCHER] flg=0x10200000 cmp=com.litatom.app/com.lit.app.ui.SplashActivity} from uid 0 on display 0
09-19 17:15:17.699  2032  8425 I chatty  : uid=10038(com.litatom.app) Binder:2032_7 expire 2 lines
09-19 17:15:18.070  2032  2225 D EGL_adreno: eglMakeCurrent: 0x9a968f00: ver 3 1 (tinfo 0x9ba56480)
09-19 17:15:18.089  2032  2225 D EGL_adreno: eglMakeCurrent: 0x9a968f00: ver 3 1 (tinfo 0x9ba56480)
09-19 17:15:18.101  2032  2225 D EGL_adreno: eglMakeCurrent: 0x9a968f00: ver 3 1 (tinfo 0x9ba56480)
09-19 17:15:18.106  2032  2225 D EGL_adreno: eglMakeCurrent: 0x9a968f00: ver 3 1 (tinfo 0x9ba56480)
09-19 17:15:18.127  2032  2225 D EGL_adreno: eglMakeCurrent: 0x9a968f00: ver 3 1 (tinfo 0x9ba56480)
09-19 17:15:18.141  2032  2225 D EGL_adreno: eglMakeCurrent: 0x9a968f00: ver 3 1 (tinfo 0x9ba56480)
09-19 17:15:18.159  2032  2225 D EGL_adreno: eglMakeCurrent: 0x9a968f00: ver 3 1 (tinfo 0x9ba56480)
09-19 17:15:18.162  2032  2225 D EGL_adreno: eglMakeCurrent: 0x9a968f00: ver 3 1 (tinfo 0x9ba56480)
09-19 17:15:18.171  2032  2225 D EGL_adreno: eglMakeCurrent: 0x9a968f00: ver 3 1 (tinfo 0x9ba56480)
09-19 17:15:18.190  2032  2225 D EGL_adreno: eglMakeCurrent: 0x9a968f00: ver 3 1 (tinfo 0x9ba56480)
09-19 17:15:18.201  2032  2225 D EGL_adreno: eglMakeCurrent: 0x9a968f00: ver 3 1 (tinfo 0x9ba56480)
09-19 17:15:18.205  2032  2225 D EGL_adreno: eglMakeCurrent: 0x9a968f00: ver 3 1 (tinfo 0x9ba56480)
09-19 17:15:18.218  2032  2225 D EGL_adreno: eglMakeCurrent: 0x9a968f00: ver 3 1 (tinfo 0x9ba56480)
09-19 17:15:18.239  2032  2225 D EGL_adreno: eglMakeCurrent: 0x9a968f00: ver 3 1 (tinfo 0x9ba56480)
09-19 17:15:18.251  2032  2225 D EGL_adreno: eglMakeCurrent: 0x9a968f00: ver 3 1 (tinfo 0x9ba56480)
09-19 17:15:18.260  2032  2225 D EGL_adreno: eglMakeCurrent: 0x9a968f00: ver 3 1 (tinfo 0x9ba56480)
09-19 17:15:18.274  2032  2225 D EGL_adreno: eglMakeCurrent: 0x9a968f00: ver 3 1 (tinfo 0x9ba56480)
09-19 17:15:18.292  2032  2225 D EGL_adreno: eglMakeCurrent: 0x9a968f00: ver 3 1 (tinfo 0x9ba56480)
09-19 17:15:18.301  2032  2225 D EGL_adreno: eglMakeCurrent: 0x9a968f00: ver 3 1 (tinfo 0x9ba56480)
09-19 17:15:18.309  2032  2225 D EGL_adreno: eglMakeCurrent: 0x9a968f00: ver 3 1 (tinfo 0x9ba56480)
09-19 17:15:18.318  2032  2225 D EGL_adreno: eglMakeCurrent: 0x9a968f00: ver 3 1 (tinfo 0x9ba56480)
09-19 17:15:18.343  2032  2225 D EGL_adreno: eglMakeCurrent: 0x9a968f00: ver 3 1 (tinfo 0x9ba56480)
09-19 17:15:18.352  2032  2225 D EGL_adreno: eglMakeCurrent: 0x9a968f00: ver 3 1 (tinfo 0x9ba56480)
09-19 17:15:18.361  2032  2225 D EGL_adreno: eglMakeCurrent: 0x9a968f00: ver 3 1 (tinfo 0x9ba56480)
09-19 17:15:18.371  2032  2225 D EGL_adreno: eglMakeCurrent: 0x9a968f00: ver 3 1 (tinfo 0x9ba56480)
09-19 17:15:18.376  1389  1611 I vol.Events: writeEvent active_stream_changed STREAM_MUSIC
09-19 17:15:18.376  1389  1611 I vol.Events: writeEvent level_changed STREAM_MUSIC 3
09-19 17:15:18.376  1389  1611 I vol.Events: writeEvent key STREAM_MUSIC 3
09-19 17:15:18.381  1389  1389 I vol.Events: writeEvent show_dialog volume_changed keyguard=false
09-19 17:15:18.391  2032  2225 D EGL_adreno: eglMakeCurrent: 0x9a968f00: ver 3 1 (tinfo 0x9ba56480)
09-19 17:15:18.402  2032  2225 D EGL_adreno: eglMakeCurrent: 0x9a968f00: ver 3 1 (tinfo 0x9ba56480)
09-19 17:15:18.412  2032  2225 D EGL_adreno: eglMakeCurrent: 0x9a968f00: ver 3 1 (tinfo 0x9ba56480)
09-19 17:15:18.425  2032  2225 D EGL_adreno: eglMakeCurrent: 0x9a968f00: ver 3 1 (tinfo 0x9ba56480)
09-19 17:15:18.433  1389  1645 E EGL_adreno: tid 1645: eglSurfaceAttrib(1338): error 0x3009 (EGL_BAD_MATCH)
09-19 17:15:18.433  1389  1645 W OpenGLRenderer: Failed to set EGL_SWAP_BEHAVIOR on surface 0xa45dc140, error=EGL_BAD_MATCH
09-19 17:15:18.437  1389  1645 D EGL_adreno: eglMakeCurrent: 0xa703e500: ver 3 1 (tinfo 0xb6ebc650)
09-19 17:15:18.439  2032  2225 D EGL_adreno: eglMakeCurrent: 0x9a968f00: ver 3 1 (tinfo 0x9ba56480)
09-19 17:15:18.450  2032  2225 D EGL_adreno: eglMakeCurrent: 0x9a968f00: ver 3 1 (tinfo 0x9ba56480)
09-19 17:15:18.456  2032  2225 D EGL_adreno: eglMakeCurrent: 0x9a968f00: ver 3 1 (tinfo 0x9ba56480)
09-19 17:15:18.468  2032  2225 D EGL_adreno: eglMakeCurrent: 0x9a968f00: ver 3 1 (tinfo 0x9ba56480)
09-19 17:15:18.495  2032  2225 D EGL_adreno: eglMakeCurrent: 0x9a968f00: ver 3 1 (tinfo 0x9ba56480)
09-19 17:15:18.502  2032  2225 D EGL_adreno: eglMakeCurrent: 0x9a968f00: ver 3 1 (tinfo 0x9ba56480)
09-19 17:15:18.509  2032  2225 D EGL_adreno: eglMakeCurrent: 0x9a968f00: ver 3 1 (tinfo 0x9ba56480)
09-19 17:15:18.517  2032  2225 D EGL_adreno: eglMakeCurrent: 0x9a968f00: ver 3 1 (tinfo 0x9ba56480)
09-19 17:15:18.544  2032  2225 D EGL_adreno: eglMakeCurrent: 0x9a968f00: ver 3 1 (tinfo 0x9ba56480)
09-19 17:15:18.551  2032  2225 D EGL_adreno: eglMakeCurrent: 0x9a968f00: ver 3 1 (tinfo 0x9ba56480)
09-19 17:15:18.562  2032  2225 D EGL_adreno: eglMakeCurrent: 0x9a968f00: ver 3 1 (tinfo 0x9ba56480)
09-19 17:15:18.575  2032  2225 D EGL_adreno: eglMakeCurrent: 0x9a968f00: ver 3 1 (tinfo 0x9ba56480)
09-19 17:15:18.585  2032  2225 D EGL_adreno: eglMakeCurrent: 0x9a968f00: ver 3 1 (tinfo 0x9ba56480)
09-19 17:15:18.598  2032  2225 D EGL_adreno: eglMakeCurrent: 0x9a968f00: ver 3 1 (tinfo 0x9ba56480)
09-19 17:15:18.609  2032  2225 D EGL_adreno: eglMakeCurrent: 0x9a968f00: ver 3 1 (tinfo 0x9ba56480)
09-19 17:15:18.620  2032  2225 D EGL_adreno: eglMakeCurrent: 0x9a968f00: ver 3 1 (tinfo 0x9ba56480)
09-19 17:15:18.631  2032  2225 D EGL_adreno: eglMakeCurrent: 0x9a968f00: ver 3 1 (tinfo 0x9ba56480)
09-19 17:15:18.639  2032  2225 D EGL_adreno: eglMakeCurrent: 0x9a968f00: ver 3 1 (tinfo 0x9ba56480)
09-19 17:15:18.662  2032  2225 D EGL_adreno: eglMakeCurrent: 0x9a968f00: ver 3 1 (tinfo 0x9ba56480)
09-19 17:15:18.668  2032  2225 D EGL_adreno: eglMakeCurrent: 0x9a968f00: ver 3 1 (tinfo 0x9ba56480)
09-19 17:15:18.677  2032  2225 D EGL_adreno: eglMakeCurrent: 0x9a968f00: ver 3 1 (tinfo 0x9ba56480)
09-19 17:15:18.691  2032  2225 D EGL_adreno: eglMakeCurrent: 0x9a968f00: ver 3 1 (tinfo 0x9ba56480)
09-19 17:15:18.714  2032  2225 D EGL_adreno: eglMakeCurrent: 0x9a968f00: ver 3 1 (tinfo 0x9ba56480)
09-19 17:15:18.723  2032  2225 D EGL_adreno: eglMakeCurrent: 0x9a968f00: ver 3 1 (tinfo 0x9ba56480)
09-19 17:15:18.734  2032  2225 D EGL_adreno: eglMakeCurrent: 0x9a968f00: ver 3 1 (tinfo 0x9ba56480)
09-19 17:15:18.748  2032  2225 D EGL_adreno: eglMakeCurrent: 0x9a968f00: ver 3 1 (tinfo 0x9ba56480)
09-19 17:15:18.754  2032  2225 D EGL_adreno: eglMakeCurrent: 0x9a968f00: ver 3 1 (tinfo 0x9ba56480)
09-19 17:15:18.773  2032  2225 D EGL_adreno: eglMakeCurrent: 0x9a968f00: ver 3 1 (tinfo 0x9ba56480)
09-19 17:15:18.783  2032  2225 D EGL_adreno: eglMakeCurrent: 0x9a968f00: ver 3 1 (tinfo 0x9ba56480)
09-19 17:15:18.788  2032  2225 D EGL_adreno: eglMakeCurrent: 0x9a968f00: ver 3 1 (tinfo 0x9ba56480)
09-19 17:15:18.807  2032  2225 D EGL_adreno: eglMakeCurrent: 0x9a968f00: ver 3 1 (tinfo 0x9ba56480)
09-19 17:15:18.822  2032  2225 D EGL_adreno: eglMakeCurrent: 0x9a968f00: ver 3 1 (tinfo 0x9ba56480)
09-19 17:15:18.825  2032  2225 D EGL_adreno: eglMakeCurrent: 0x9a968f00: ver 3 1 (tinfo 0x9ba56480)
09-19 17:15:18.835  2032  2225 D EGL_adreno: eglMakeCurrent: 0x9a968f00: ver 3 1 (tinfo 0x9ba56480)
09-19 17:15:18.858  2032  2225 D EGL_adreno: eglMakeCurrent: 0x9a968f00: ver 3 1 (tinfo 0x9ba56480)
09-19 17:15:18.875  2032  2225 D EGL_adreno: eglMakeCurrent: 0x9a968f00: ver 3 1 (tinfo 0x9ba56480)
09-19 17:15:18.877  2032  2225 D EGL_adreno: eglMakeCurrent: 0x9a968f00: ver 3 1 (tinfo 0x9ba56480)
09-19 17:15:18.885  2032  2225 D EGL_adreno: eglMakeCurrent: 0x9a968f00: ver 3 1 (tinfo 0x9ba56480)
09-19 17:15:18.911  2032  2225 D EGL_adreno: eglMakeCurrent: 0x9a968f00: ver 3 1 (tinfo 0x9ba56480)
09-19 17:15:18.917  2032  2225 D EGL_adreno: eglMakeCurrent: 0x9a968f00: ver 3 1 (tinfo 0x9ba56480)
09-19 17:15:18.928  2032  2225 D EGL_adreno: eglMakeCurrent: 0x9a968f00: ver 3 1 (tinfo 0x9ba56480)
09-19 17:15:18.934  1389  1389 I vol.Events: writeEvent dismiss_dialog touch_outside
09-19 17:15:18.935  2032  2225 D EGL_adreno: eglMakeCurrent: 0x9a968f00: ver 3 1 (tinfo 0x9ba56480)
09-19 17:15:18.936  1389  1611 I vol.Events: writeEvent active_stream_changed UNKNOWN_STREAM_-1
09-19 17:15:18.956  2032  2225 D EGL_adreno: eglMakeCurrent: 0x9a968f00: ver 3 1 (tinfo 0x9ba56480)
09-19 17:15:18.958  2032  2225 D EGL_adreno: eglMakeCurrent: 0x9a968f00: ver 3 1 (tinfo 0x9ba56480)
09-19 17:15:18.971  2032  2225 D EGL_adreno: eglMakeCurrent: 0x9a968f00: ver 3 1 (tinfo 0x9ba56480)
09-19 17:15:18.974  2032  2225 D EGL_adreno: eglMakeCurrent: 0x9a968f00: ver 3 1 (tinfo 0x9ba56480)
09-19 17:15:18.977  2032  2225 D EGL_adreno: eglMakeCurrent: 0x9a968f00: ver 3 1 (tinfo 0x9ba56480)
09-19 17:15:18.992  2032  2225 D EGL_adreno: eglMakeCurrent: 0x9a968f00: ver 3 1 (tinfo 0x9ba56480)
09-19 17:15:18.994  2032  2225 D EGL_adreno: eglMakeCurrent: 0x9a968f00: ver 3 1 (tinfo 0x9ba56480)
09-19 17:15:19.002  2032  2225 D EGL_adreno: eglMakeCurrent: 0x9a968f00: ver 3 1 (tinfo 0x9ba56480)
09-19 17:15:19.016  2032  2225 D EGL_adreno: eglMakeCurrent: 0x9a968f00: ver 3 1 (tinfo 0x9ba56480)
09-19 17:15:19.025  2032  2225 D EGL_adreno: eglMakeCurrent: 0x9a968f00: ver 3 1 (tinfo 0x9ba56480)
09-19 17:15:19.027  2032  2225 D EGL_adreno: eglMakeCurrent: 0x9a968f00: ver 3 1 (tinfo 0x9ba56480)
09-19 17:15:19.029  2032  2225 D EGL_adreno: eglMakeCurrent: 0x9a968f00: ver 3 1 (tinfo 0x9ba56480)
09-19 17:15:19.031  2032  2225 D EGL_adreno: eglMakeCurrent: 0x9a968f00: ver 3 1 (tinfo 0x9ba56480)
09-19 17:15:19.034  2032  2225 D EGL_adreno: eglMakeCurrent: 0x9a968f00: ver 3 1 (tinfo 0x9ba56480)
09-19 17:15:19.040  2032  2225 D EGL_adreno: eglMakeCurrent: 0x9a968f00: ver 3 1 (tinfo 0x9ba56480)
09-19 17:15:19.055  2032  2225 D EGL_adreno: eglMakeCurrent: 0x9a968f00: ver 3 1 (tinfo 0x9ba56480)
09-19 17:15:19.058  2032  2225 D EGL_adreno: eglMakeCurrent: 0x9a968f00: ver 3 1 (tinfo 0x9ba56480)
09-19 17:15:19.061  2032  2225 D EGL_adreno: eglMakeCurrent: 0x9a968f00: ver 3 1 (tinfo 0x9ba56480)
09-19 17:15:19.068  2032  2225 D EGL_adreno: eglMakeCurrent: 0x9a968f00: ver 3 1 (tinfo 0x9ba56480)
09-19 17:15:19.075  2032  2225 D EGL_adreno: eglMakeCurrent: 0x9a968f00: ver 3 1 (tinfo 0x9ba56480)
09-19 17:15:19.084  2032  2225 D EGL_adreno: eglMakeCurrent: 0x9a968f00: ver 3 1 (tinfo 0x9ba56480)
09-19 17:15:19.094  2032  2225 D EGL_adreno: eglMakeCurrent: 0x9a968f00: ver 3 1 (tinfo 0x9ba56480)
09-19 17:15:19.096  2032  2225 D EGL_adreno: eglMakeCurrent: 0x9a968f00: ver 3 1 (tinfo 0x9ba56480)
09-19 17:15:19.105  2032  2225 D EGL_adreno: eglMakeCurrent: 0x9a968f00: ver 3 1 (tinfo 0x9ba56480)
09-19 17:15:19.118  2032  2225 D EGL_adreno: eglMakeCurrent: 0x9a968f00: ver 3 1 (tinfo 0x9ba56480)
09-19 17:15:19.134  2032  2225 D EGL_adreno: eglMakeCurrent: 0x9a968f00: ver 3 1 (tinfo 0x9ba56480)
09-19 17:15:19.137  2032  2225 D EGL_adreno: eglMakeCurrent: 0x9a968f00: ver 3 1 (tinfo 0x9ba56480)
09-19 17:15:19.146  2032  2225 D EGL_adreno: eglMakeCurrent: 0x9a968f00: ver 3 1 (tinfo 0x9ba56480)
09-19 17:15:19.151  2032  2225 D EGL_adreno: eglMakeCurrent: 0x9a968f00: ver 3 1 (tinfo 0x9ba56480)
09-19 17:15:19.157  2032  2225 D EGL_adreno: eglMakeCurrent: 0x9a968f00: ver 3 1 (tinfo 0x9ba56480)
09-19 17:15:19.163  2032  2225 D EGL_adreno: eglMakeCurrent: 0x9a968f00: ver 3 1 (tinfo 0x9ba56480)
09-19 17:15:19.165  2032  2225 D EGL_adreno: eglMakeCurrent: 0x9a968f00: ver 3 1 (tinfo 0x9ba56480)
09-19 17:15:19.168  2032  2225 D EGL_adreno: eglMakeCurrent: 0x9a968f00: ver 3 1 (tinfo 0x9ba56480)
09-19 17:15:19.177  2032  2225 D EGL_adreno: eglMakeCurrent: 0x9a968f00: ver 3 1 (tinfo 0x9ba56480)
09-19 17:15:19.186  2032  2225 D EGL_adreno: eglMakeCurrent: 0x9a968f00: ver 3 1 (tinfo 0x9ba56480)
09-19 17:15:19.189  2032  2225 D EGL_adreno: eglMakeCurrent: 0x9a968f00: ver 3 1 (tinfo 0x9ba56480)
09-19 17:15:19.208  2032  2225 D EGL_adreno: eglMakeCurrent: 0x9a968f00: ver 3 1 (tinfo 0x9ba56480)
09-19 17:15:19.211  2032  2225 D EGL_adreno: eglMakeCurrent: 0x9a968f00: ver 3 1 (tinfo 0x9ba56480)
09-19 17:15:19.214  2032  2225 D EGL_adreno: eglMakeCurrent: 0x9a968f00: ver 3 1 (tinfo 0x9ba56480)
09-19 17:15:19.216  2032  2225 D EGL_adreno: eglMakeCurrent: 0x9a968f00: ver 3 1 (tinfo 0x9ba56480)
09-19 17:15:19.218  2032  2225 D EGL_adreno: eglMakeCurrent: 0x9a968f00: ver 3 1 (tinfo 0x9ba56480)
09-19 17:15:19.223  2032  2225 D EGL_adreno: eglMakeCurrent: 0x9a968f00: ver 3 1 (tinfo 0x9ba56480)
09-19 17:15:19.240  2032  2225 D EGL_adreno: eglMakeCurrent: 0x9a968f00: ver 3 1 (tinfo 0x9ba56480)
09-19 17:15:19.242  2032  2225 D EGL_adreno: eglMakeCurrent: 0x9a968f00: ver 3 1 (tinfo 0x9ba56480)
09-19 17:15:19.263  2032  2225 D EGL_adreno: eglMakeCurrent: 0x9a968f00: ver 3 1 (tinfo 0x9ba56480)
09-19 17:15:19.263  1389  1645 D EGL_adreno: eglMakeCurrent: 0xa703e500: ver 3 1 (tinfo 0xb6ebc650)
09-19 17:15:19.327  2032  2225 D EGL_adreno: eglMakeCurrent: 0x9a968f00: ver 3 1 (tinfo 0x9ba56480)
09-19 17:15:19.330  2032  2225 D EGL_adreno: eglMakeCurrent: 0x9a968f00: ver 3 1 (tinfo 0x9ba56480)
09-19 17:15:19.332  2032  2225 D EGL_adreno: eglMakeCurrent: 0x9a968f00: ver 3 1 (tinfo 0x9ba56480)
09-19 17:15:19.336  2032  2225 D EGL_adreno: eglMakeCurrent: 0x9a968f00: ver 3 1 (tinfo 0x9ba56480)
09-19 17:15:19.339  1696  1696 W ContextImpl: Calling a method in the system process without a qualified user: android.app.ContextImpl.startService:1358 android.content.ContextWrapper.startService:613 android.content.ContextWrapper.startService:613 com.android.coreservice.CoreBroadcastReceiver.onReceive:69 android.app.ActivityThread.handleReceiver:3073 
09-19 17:15:19.355  2032  2225 D EGL_adreno: eglMakeCurrent: 0x9a968f00: ver 3 1 (tinfo 0x9ba56480)
09-19 17:15:19.357  2032  2225 D EGL_adreno: eglMakeCurrent: 0x9a968f00: ver 3 1 (tinfo 0x9ba56480)
09-19 17:15:19.358  2032  2032 W EventBus: Subscriber to unregister was not registered before: class b.x.a.m0.q3.x
09-19 17:15:19.368  2032  2225 D EGL_adreno: eglMakeCurrent: 0x9a968f00: ver 3 1 (tinfo 0x9ba56480)
09-19 17:15:19.389  2032  2225 D EGL_adreno: eglMakeCurrent: 0x9a968f00: ver 3 1 (tinfo 0x9ba56480)
09-19 17:15:19.405  2032  2225 D EGL_adreno: eglMakeCurrent: 0x9a968f00: ver 3 1 (tinfo 0x9ba56480)
09-19 17:15:19.407  2032  2225 D EGL_adreno: eglMakeCurrent: 0x9a968f00: ver 3 1 (tinfo 0x9ba56480)
09-19 17:15:19.410  2032  2225 D EGL_adreno: eglMakeCurrent: 0x9a968f00: ver 3 1 (tinfo 0x9ba56480)
09-19 17:15:19.417  2032  2225 D EGL_adreno: eglMakeCurrent: 0x9a968f00: ver 3 1 (tinfo 0x9ba56480)
09-19 17:15:19.458  2032  2225 D EGL_adreno: eglMakeCurrent: 0x9a968f00: ver 3 1 (tinfo 0x9ba56480)
09-19 17:15:19.461  2032  2225 D EGL_adreno: eglMakeCurrent: 0x9a968f00: ver 3 1 (tinfo 0x9ba56480)
09-19 17:15:19.467  2032  2225 D EGL_adreno: eglMakeCurrent: 0x9a968f00: ver 3 1 (tinfo 0x9ba56480)
09-19 17:15:19.507  2032  2225 D EGL_adreno: eglMakeCurrent: 0x9a968f00: ver 3 1 (tinfo 0x9ba56480)
09-19 17:15:19.509  2032  2225 D EGL_adreno: eglMakeCurrent: 0x9a968f00: ver 3 1 (tinfo 0x9ba56480)
09-19 17:15:19.519  2032  2225 D EGL_adreno: eglMakeCurrent: 0x9a968f00: ver 3 1 (tinfo 0x9ba56480)
09-19 17:15:19.557  2032  2225 D EGL_adreno: eglMakeCurrent: 0x9a968f00: ver 3 1 (tinfo 0x9ba56480)
09-19 17:15:19.559  2032  2225 D EGL_adreno: eglMakeCurrent: 0x9a968f00: ver 3 1 (tinfo 0x9ba56480)
09-19 17:15:19.568  2032  2225 D EGL_adreno: eglMakeCurrent: 0x9a968f00: ver 3 1 (tinfo 0x9ba56480)
09-19 17:15:19.606  2032  2225 D EGL_adreno: eglMakeCurrent: 0x9a968f00: ver 3 1 (tinfo 0x9ba56480)
09-19 17:15:19.608  2032  2225 D EGL_adreno: eglMakeCurrent: 0x9a968f00: ver 3 1 (tinfo 0x9ba56480)
09-19 17:15:19.618  2032  2225 D EGL_adreno: eglMakeCurrent: 0x9a968f00: ver 3 1 (tinfo 0x9ba56480)
09-19 17:15:19.637  2032  2225 D EGL_adreno: eglMakeCurrent: 0x9a968f00: ver 3 1 (tinfo 0x9ba56480)
09-19 17:15:19.654  2032  2225 D EGL_adreno: eglMakeCurrent: 0x9a968f00: ver 3 1 (tinfo 0x9ba56480)
09-19 17:15:19.656  2032  2225 D EGL_adreno: eglMakeCurrent: 0x9a968f00: ver 3 1 (tinfo 0x9ba56480)
09-19 17:15:19.667  2032  2225 D EGL_adreno: eglMakeCurrent: 0x9a968f00: ver 3 1 (tinfo 0x9ba56480)
09-19 17:15:19.687  2032  2225 D EGL_adreno: eglMakeCurrent: 0x9a968f00: ver 3 1 (tinfo 0x9ba56480)
09-19 17:15:19.701  2032  2225 D EGL_adreno: eglMakeCurrent: 0x9a968f00: ver 3 1 (tinfo 0x9ba56480)
09-19 17:15:19.704  2032  2225 D EGL_adreno: eglMakeCurrent: 0x9a968f00: ver 3 1 (tinfo 0x9ba56480)
09-19 17:15:19.717  2032  2225 D EGL_adreno: eglMakeCurrent: 0x9a968f00: ver 3 1 (tinfo 0x9ba56480)
09-19 17:15:19.737  2032  2225 D EGL_adreno: eglMakeCurrent: 0x9a968f00: ver 3 1 (tinfo 0x9ba56480)
09-19 17:15:19.751  2032  2225 D EGL_adreno: eglMakeCurrent: 0x9a968f00: ver 3 1 (tinfo 0x9ba56480)
09-19 17:15:19.754  2032  2225 D EGL_adreno: eglMakeCurrent: 0x9a968f00: ver 3 1 (tinfo 0x9ba56480)
09-19 17:15:19.769  2032  2225 D EGL_adreno: eglMakeCurrent: 0x9a968f00: ver 3 1 (tinfo 0x9ba56480)
09-19 17:15:19.788  2032  2225 D EGL_adreno: eglMakeCurrent: 0x9a968f00: ver 3 1 (tinfo 0x9ba56480)
09-19 17:15:19.802  2032  2225 D EGL_adreno: eglMakeCurrent: 0x9a968f00: ver 3 1 (tinfo 0x9ba56480)
09-19 17:15:19.805  2032  2225 D EGL_adreno: eglMakeCurrent: 0x9a968f00: ver 3 1 (tinfo 0x9ba56480)
09-19 17:15:19.818  2032  2225 D EGL_adreno: eglMakeCurrent: 0x9a968f00: ver 3 1 (tinfo 0x9ba56480)
09-19 17:15:19.837  2032  2225 D EGL_adreno: eglMakeCurrent: 0x9a968f00: ver 3 1 (tinfo 0x9ba56480)
09-19 17:15:19.851  2032  2225 D EGL_adreno: eglMakeCurrent: 0x9a968f00: ver 3 1 (tinfo 0x9ba56480)
09-19 17:15:19.857  2032  2225 D EGL_adreno: eglMakeCurrent: 0x9a968f00: ver 3 1 (tinfo 0x9ba56480)
09-19 17:15:19.869  2032  2225 D EGL_adreno: eglMakeCurrent: 0x9a968f00: ver 3 1 (tinfo 0x9ba56480)
09-19 17:15:19.887  2032  2225 D EGL_adreno: eglMakeCurrent: 0x9a968f00: ver 3 1 (tinfo 0x9ba56480)
09-19 17:15:19.901  2032  2225 D EGL_adreno: eglMakeCurrent: 0x9a968f00: ver 3 1 (tinfo 0x9ba56480)
09-19 17:15:19.902  1696  1696 W ContextImpl: Calling a method in the system process without a qualified user: android.app.ContextImpl.startService:1358 android.content.ContextWrapper.startService:613 android.content.ContextWrapper.startService:613 com.android.coreservice.CoreBroadcastReceiver.onReceive:69 android.app.ActivityThread.handleReceiver:3073 
09-19 17:15:19.909  2032  2225 D EGL_adreno: eglMakeCurrent: 0x9a968f00: ver 3 1 (tinfo 0x9ba56480)
09-19 17:15:19.911  2032  2225 D EGL_adreno: eglMakeCurrent: 0x9a968f00: ver 3 1 (tinfo 0x9ba56480)
09-19 17:15:19.918  2032  2225 D EGL_adreno: eglMakeCurrent: 0x9a968f00: ver 3 1 (tinfo 0x9ba56480)
09-19 17:15:19.937  2032  2225 D EGL_adreno: eglMakeCurrent: 0x9a968f00: ver 3 1 (tinfo 0x9ba56480)
09-19 17:15:19.953  2032  2225 D EGL_adreno: eglMakeCurrent: 0x9a968f00: ver 3 1 (tinfo 0x9ba56480)
09-19 17:15:19.958  2032  2225 D EGL_adreno: eglMakeCurrent: 0x9a968f00: ver 3 1 (tinfo 0x9ba56480)
09-19 17:15:19.963  2032  2225 D EGL_adreno: eglMakeCurrent: 0x9a968f00: ver 3 1 (tinfo 0x9ba56480)
09-19 17:15:19.968  2032  2225 D EGL_adreno: eglMakeCurrent: 0x9a968f00: ver 3 1 (tinfo 0x9ba56480)
09-19 17:15:19.987  2032  2225 D EGL_adreno: eglMakeCurrent: 0x9a968f00: ver 3 1 (tinfo 0x9ba56480)
09-19 17:15:20.001  2032  2225 D EGL_adreno: eglMakeCurrent: 0x9a968f00: ver 3 1 (tinfo 0x9ba56480)
09-19 17:15:20.004  2032  2225 D EGL_adreno: eglMakeCurrent: 0x9a968f00: ver 3 1 (tinfo 0x9ba56480)
09-19 17:15:20.017  2032  2225 D EGL_adreno: eglMakeCurrent: 0x9a968f00: ver 3 1 (tinfo 0x9ba56480)
09-19 17:15:20.038  2032  2225 D EGL_adreno: eglMakeCurrent: 0x9a968f00: ver 3 1 (tinfo 0x9ba56480)
09-19 17:15:20.050  2032  2225 D EGL_adreno: eglMakeCurrent: 0x9a968f00: ver 3 1 (tinfo 0x9ba56480)
09-19 17:15:20.057  2032  2225 D EGL_adreno: eglMakeCurrent: 0x9a968f00: ver 3 1 (tinfo 0x9ba56480)
09-19 17:15:20.068  2032  2225 D EGL_adreno: eglMakeCurrent: 0x9a968f00: ver 3 1 (tinfo 0x9ba56480)
09-19 17:15:20.088  2032  2225 D EGL_adreno: eglMakeCurrent: 0x9a968f00: ver 3 1 (tinfo 0x9ba56480)
09-19 17:15:20.100  2032  2225 D EGL_adreno: eglMakeCurrent: 0x9a968f00: ver 3 1 (tinfo 0x9ba56480)
09-19 17:15:20.108  2032  2225 D EGL_adreno: eglMakeCurrent: 0x9a968f00: ver 3 1 (tinfo 0x9ba56480)
09-19 17:15:20.118  2032  2225 D EGL_adreno: eglMakeCurrent: 0x9a968f00: ver 3 1 (tinfo 0x9ba56480)
09-19 17:15:20.142  2032  2225 D EGL_adreno: eglMakeCurrent: 0x9a968f00: ver 3 1 (tinfo 0x9ba56480)
09-19 17:15:20.155  2032  2225 D EGL_adreno: eglMakeCurrent: 0x9a968f00: ver 3 1 (tinfo 0x9ba56480)
09-19 17:15:20.158  2032  2225 D EGL_adreno: eglMakeCurrent: 0x9a968f00: ver 3 1 (tinfo 0x9ba56480)
09-19 17:15:20.168  2032  2225 D EGL_adreno: eglMakeCurrent: 0x9a968f00: ver 3 1 (tinfo 0x9ba56480)
09-19 17:15:20.187  2032  2225 D EGL_adreno: eglMakeCurrent: 0x9a968f00: ver 3 1 (tinfo 0x9ba56480)
09-19 17:15:20.204  2032  2225 D EGL_adreno: eglMakeCurrent: 0x9a968f00: ver 3 1 (tinfo 0x9ba56480)
09-19 17:15:20.206  2032  2225 D EGL_adreno: eglMakeCurrent: 0x9a968f00: ver 3 1 (tinfo 0x9ba56480)
09-19 17:15:20.217  2032  2225 D EGL_adreno: eglMakeCurrent: 0x9a968f00: ver 3 1 (tinfo 0x9ba56480)
09-19 17:15:20.237  2032  2225 D EGL_adreno: eglMakeCurrent: 0x9a968f00: ver 3 1 (tinfo 0x9ba56480)
09-19 17:15:20.252  2032  2225 D EGL_adreno: eglMakeCurrent: 0x9a968f00: ver 3 1 (tinfo 0x9ba56480)
09-19 17:15:20.259  2032  2225 D EGL_adreno: eglMakeCurrent: 0x9a968f00: ver 3 1 (tinfo 0x9ba56480)
09-19 17:15:20.270  2032  2225 D EGL_adreno: eglMakeCurrent: 0x9a968f00: ver 3 1 (tinfo 0x9ba56480)
09-19 17:15:20.273  2032  2225 D EGL_adreno: eglMakeCurrent: 0x9a968f00: ver 3 1 (tinfo 0x9ba56480)
09-19 17:15:20.286  2032  2225 D EGL_adreno: eglMakeCurrent: 0x9a968f00: ver 3 1 (tinfo 0x9ba56480)
