09-19 17:15:28.880  2032  2225 D EGL_adreno: eglMakeCurrent: 0x9a968f00: ver 3 1 (tinfo 0x9ba56480)
09-19 17:15:28.883  2032  2225 D EGL_adreno: eglMakeCurrent: 0x9a968f00: ver 3 1 (tinfo 0x9ba56480)
09-19 17:15:28.889  2032  2225 D EGL_adreno: eglMakeCurrent: 0x9a968f00: ver 3 1 (tinfo 0x9ba56480)
09-19 17:15:28.892  2032  2225 D EGL_adreno: eglMakeCurrent: 0x9a968f00: ver 3 1 (tinfo 0x9ba56480)
09-19 17:15:28.902  2032  2225 D EGL_adreno: eglMakeCurrent: 0x9a968f00: ver 3 1 (tinfo 0x9ba56480)
09-19 17:15:28.906  2032  2225 D EGL_adreno: eglMakeCurrent: 0x9a968f00: ver 3 1 (tinfo 0x9ba56480)
09-19 17:15:28.918  2032  2225 D EGL_adreno: eglMakeCurrent: 0x9a968f00: ver 3 1 (tinfo 0x9ba56480)
09-19 17:15:28.928  2032  2225 D EGL_adreno: eglMakeCurrent: 0x9a968f00: ver 3 1 (tinfo 0x9ba56480)
09-19 17:15:28.930  2032  2225 D EGL_adreno: eglMakeCurrent: 0x9a968f00: ver 3 1 (tinfo 0x9ba56480)
09-19 17:15:28.943  2032  2225 D EGL_adreno: eglMakeCurrent: 0x9a968f00: ver 3 1 (tinfo 0x9ba56480)
09-19 17:15:28.950  2032  2225 D EGL_adreno: eglMakeCurrent: 0x9a968f00: ver 3 1 (tinfo 0x9ba56480)
09-19 17:15:28.953  2032  2225 D EGL_adreno: eglMakeCurrent: 0x9a968f00: ver 3 1 (tinfo 0x9ba56480)
09-19 17:15:28.962  2032  2225 D EGL_adreno: eglMakeCurrent: 0x9a968f00: ver 3 1 (tinfo 0x9ba56480)
09-19 17:15:28.964  2032  2225 D EGL_adreno: eglMakeCurrent: 0x9a968f00: ver 3 1 (tinfo 0x9ba56480)
09-19 17:15:28.966  2032  2225 D EGL_adreno: eglMakeCurrent: 0x9a968f00: ver 3 1 (tinfo 0x9ba56480)
09-19 17:15:28.978  2032  2225 D EGL_adreno: eglMakeCurrent: 0x9a968f00: ver 3 1 (tinfo 0x9ba56480)
09-19 17:15:28.980  2032  2225 D EGL_adreno: eglMakeCurrent: 0x9a968f00: ver 3 1 (tinfo 0x9ba56480)
09-19 17:15:28.983  2032  2225 D EGL_adreno: eglMakeCurrent: 0x9a968f00: ver 3 1 (tinfo 0x9ba56480)
09-19 17:15:28.992  2032  2225 D EGL_adreno: eglMakeCurrent: 0x9a968f00: ver 3 1 (tinfo 0x9ba56480)
09-19 17:15:28.994  2032  2225 D EGL_adreno: eglMakeCurrent: 0x9a968f00: ver 3 1 (tinfo 0x9ba56480)
09-19 17:15:29.001  2032  2225 D EGL_adreno: eglMakeCurrent: 0x9a968f00: ver 3 1 (tinfo 0x9ba56480)
09-19 17:15:29.004  2032  2225 D EGL_adreno: eglMakeCurrent: 0x9a968f00: ver 3 1 (tinfo 0x9ba56480)
09-19 17:15:29.022  2032  2225 D EGL_adreno: eglMakeCurrent: 0x9a968f00: ver 3 1 (tinfo 0x9ba56480)
09-19 17:15:29.024  2032  2225 D EGL_adreno: eglMakeCurrent: 0x9a968f00: ver 3 1 (tinfo 0x9ba56480)
09-19 17:15:29.026  2032  2225 D EGL_adreno: eglMakeCurrent: 0x9a968f00: ver 3 1 (tinfo 0x9ba56480)
09-19 17:15:29.030  2032  2225 D EGL_adreno: eglMakeCurrent: 0x9a968f00: ver 3 1 (tinfo 0x9ba56480)
09-19 17:15:29.034  2032  2225 D EGL_adreno: eglMakeCurrent: 0x9a968f00: ver 3 1 (tinfo 0x9ba56480)
09-19 17:15:29.040  2032  2225 D EGL_adreno: eglMakeCurrent: 0x9a968f00: ver 3 1 (tinfo 0x9ba56480)
09-19 17:15:29.054  2032  2225 D EGL_adreno: eglMakeCurrent: 0x9a968f00: ver 3 1 (tinfo 0x9ba56480)
09-19 17:15:29.064  2032  2225 D EGL_adreno: eglMakeCurrent: 0x9a968f00: ver 3 1 (tinfo 0x9ba56480)
09-19 17:15:29.067  2032  2225 D EGL_adreno: eglMakeCurrent: 0x9a968f00: ver 3 1 (tinfo 0x9ba56480)
09-19 17:15:29.084  2032  2225 D EGL_adreno: eglMakeCurrent: 0x9a968f00: ver 3 1 (tinfo 0x9ba56480)
09-19 17:15:29.094  2032  2225 D EGL_adreno: eglMakeCurrent: 0x9a968f00: ver 3 1 (tinfo 0x9ba56480)
09-19 17:15:29.096  2032  2225 D EGL_adreno: eglMakeCurrent: 0x9a968f00: ver 3 1 (tinfo 0x9ba56480)
09-19 17:15:29.098  2032  2225 D EGL_adreno: eglMakeCurrent: 0x9a968f00: ver 3 1 (tinfo 0x9ba56480)
09-19 17:15:29.100  2032  2225 D EGL_adreno: eglMakeCurrent: 0x9a968f00: ver 3 1 (tinfo 0x9ba56480)
09-19 17:15:29.108  2032  2225 D EGL_adreno: eglMakeCurrent: 0x9a968f00: ver 3 1 (tinfo 0x9ba56480)
09-19 17:15:29.111  2032  2225 D EGL_adreno: eglMakeCurrent: 0x9a968f00: ver 3 1 (tinfo 0x9ba56480)
09-19 17:15:29.114  2032  2225 D EGL_adreno: eglMakeCurrent: 0x9a968f00: ver 3 1 (tinfo 0x9ba56480)
09-19 17:15:29.116  2032  2225 D EGL_adreno: eglMakeCurrent: 0x9a968f00: ver 3 1 (tinfo 0x9ba56480)
09-19 17:15:29.119  2032  2225 D EGL_adreno: eglMakeCurrent: 0x9a968f00: ver 3 1 (tinfo 0x9ba56480)
09-19 17:15:29.124  2032  2225 D EGL_adreno: eglMakeCurrent: 0x9a968f00: ver 3 1 (tinfo 0x9ba56480)
09-19 17:15:29.142  2032  2225 D EGL_adreno: eglMakeCurrent: 0x9a968f00: ver 3 1 (tinfo 0x9ba56480)
09-19 17:15:29.144  2032  2225 D EGL_adreno: eglMakeCurrent: 0x9a968f00: ver 3 1 (tinfo 0x9ba56480)
09-19 17:15:29.154  2032  2225 D EGL_adreno: eglMakeCurrent: 0x9a968f00: ver 3 1 (tinfo 0x9ba56480)
09-19 17:15:29.158  2032  2225 D EGL_adreno: eglMakeCurrent: 0x9a968f00: ver 3 1 (tinfo 0x9ba56480)
09-19 17:15:29.159  2032  2225 D EGL_adreno: eglMakeCurrent: 0x9a968f00: ver 3 1 (tinfo 0x9ba56480)
09-19 17:15:29.161  2032  2225 D EGL_adreno: eglMakeCurrent: 0x9a968f00: ver 3 1 (tinfo 0x9ba56480)
09-19 17:15:29.170  2032  2225 D EGL_adreno: eglMakeCurrent: 0x9a968f00: ver 3 1 (tinfo 0x9ba56480)
09-19 17:15:29.173  2032  2225 D EGL_adreno: eglMakeCurrent: 0x9a968f00: ver 3 1 (tinfo 0x9ba56480)
09-19 17:15:29.184  2032  2225 D EGL_adreno: eglMakeCurrent: 0x9a968f00: ver 3 1 (tinfo 0x9ba56480)
09-19 17:15:29.206  2032  2225 D EGL_adreno: eglMakeCurrent: 0x9a968f00: ver 3 1 (tinfo 0x9ba56480)
09-19 17:15:29.209  2032  2225 D EGL_adreno: eglMakeCurrent: 0x9a968f00: ver 3 1 (tinfo 0x9ba56480)
09-19 17:15:29.218  2032  2225 D EGL_adreno: eglMakeCurrent: 0x9a968f00: ver 3 1 (tinfo 0x9ba56480)
09-19 17:15:29.239  2032  2225 D EGL_adreno: eglMakeCurrent: 0x9a968f00: ver 3 1 (tinfo 0x9ba56480)
09-19 17:15:29.241  2032  2225 D EGL_adreno: eglMakeCurrent: 0x9a968f00: ver 3 1 (tinfo 0x9ba56480)
09-19 17:15:29.251  2032  2225 D EGL_adreno: eglMakeCurrent: 0x9a968f00: ver 3 1 (tinfo 0x9ba56480)
09-19 17:15:29.288  2032  2225 D EGL_adreno: eglMakeCurrent: 0x9a968f00: ver 3 1 (tinfo 0x9ba56480)
09-19 17:15:29.292  2032  2225 D EGL_adreno: eglMakeCurrent: 0x9a968f00: ver 3 1 (tinfo 0x9ba56480)
09-19 17:15:29.302  2032  2225 D EGL_adreno: eglMakeCurrent: 0x9a968f00: ver 3 1 (tinfo 0x9ba56480)
09-19 17:15:29.339  2032  2225 D EGL_adreno: eglMakeCurrent: 0x9a968f00: ver 3 1 (tinfo 0x9ba56480)
09-19 17:15:29.344  2032  2225 D EGL_adreno: eglMakeCurrent: 0x9a968f00: ver 3 1 (tinfo 0x9ba56480)
09-19 17:15:29.351  2032  2225 D EGL_adreno: eglMakeCurrent: 0x9a968f00: ver 3 1 (tinfo 0x9ba56480)
09-19 17:15:29.371  2032  2225 D EGL_adreno: eglMakeCurrent: 0x9a968f00: ver 3 1 (tinfo 0x9ba56480)
09-19 17:15:29.387  2032  2225 D EGL_adreno: eglMakeCurrent: 0x9a968f00: ver 3 1 (tinfo 0x9ba56480)
09-19 17:15:29.390  2032  2225 D EGL_adreno: eglMakeCurrent: 0x9a968f00: ver 3 1 (tinfo 0x9ba56480)
09-19 17:15:29.392  2032  2225 D EGL_adreno: eglMakeCurrent: 0x9a968f00: ver 3 1 (tinfo 0x9ba56480)
09-19 17:15:29.401  2032  2225 D EGL_adreno: eglMakeCurrent: 0x9a968f00: ver 3 1 (tinfo 0x9ba56480)
09-19 17:15:29.438  2032  2225 D EGL_adreno: eglMakeCurrent: 0x9a968f00: ver 3 1 (tinfo 0x9ba56480)
09-19 17:15:29.440  2032  2225 D EGL_adreno: eglMakeCurrent: 0x9a968f00: ver 3 1 (tinfo 0x9ba56480)
09-19 17:15:29.451  2032  2225 D EGL_adreno: eglMakeCurrent: 0x9a968f00: ver 3 1 (tinfo 0x9ba56480)
09-19 17:15:29.492  2032  2225 D EGL_adreno: eglMakeCurrent: 0x9a968f00: ver 3 1 (tinfo 0x9ba56480)
09-19 17:15:29.493  2032  2225 D EGL_adreno: eglMakeCurrent: 0x9a968f00: ver 3 1 (tinfo 0x9ba56480)
09-19 17:15:29.505  2032  2225 D EGL_adreno: eglMakeCurrent: 0x9a968f00: ver 3 1 (tinfo 0x9ba56480)
09-19 17:15:29.511  1301  1301 D NotificationService: notify pkg=android pid=1301
09-19 17:15:29.511  1301  1474 I ActivityManager: START u0 {act=android.intent.action.CALL_BUTTON flg=0x10000000} from uid 10038 on display 0
09-19 17:15:29.513  2032  2032 W PhoneFallbackEventHandler: No activity found for android.intent.action.CALL_BUTTON.
09-19 17:15:29.522  2032  2225 D EGL_adreno: eglMakeCurrent: 0x9a968f00: ver 3 1 (tinfo 0x9ba56480)
09-19 17:15:29.534  2032  2225 D EGL_adreno: eglMakeCurrent: 0x9a968f00: ver 3 1 (tinfo 0x9ba56480)
09-19 17:15:29.540  2032  2225 D EGL_adreno: eglMakeCurrent: 0x9a968f00: ver 3 1 (tinfo 0x9ba56480)
09-19 17:15:29.542  2032  2225 D EGL_adreno: eglMakeCurrent: 0x9a968f00: ver 3 1 (tinfo 0x9ba56480)
09-19 17:15:29.551  2032  2225 D EGL_adreno: eglMakeCurrent: 0x9a968f00: ver 3 1 (tinfo 0x9ba56480)
09-19 17:15:29.572  2032  2225 D EGL_adreno: eglMakeCurrent: 0x9a968f00: ver 3 1 (tinfo 0x9ba56480)
09-19 17:15:29.588  2032  2225 D EGL_adreno: eglMakeCurrent: 0x9a968f00: ver 3 1 (tinfo 0x9ba56480)
09-19 17:15:29.591  2032  2225 D EGL_adreno: eglMakeCurrent: 0x9a968f00: ver 3 1 (tinfo 0x9ba56480)
09-19 17:15:29.601  2032  2225 D EGL_adreno: eglMakeCurrent: 0x9a968f00: ver 3 1 (tinfo 0x9ba56480)
09-19 17:15:29.604  2032  2225 D EGL_adreno: eglMakeCurrent: 0x9a968f00: ver 3 1 (tinfo 0x9ba56480)
09-19 17:15:29.618  2032  2225 D EGL_adreno: eglMakeCurrent: 0x9a968f00: ver 3 1 (tinfo 0x9ba56480)
09-19 17:15:29.638  2032  2225 D EGL_adreno: eglMakeCurrent: 0x9a968f00: ver 3 1 (tinfo 0x9ba56480)
09-19 17:15:29.653  2032  2225 D EGL_adreno: eglMakeCurrent: 0x9a968f00: ver 3 1 (tinfo 0x9ba56480)
09-19 17:15:29.656  2032  2225 D EGL_adreno: eglMakeCurrent: 0x9a968f00: ver 3 1 (tinfo 0x9ba56480)
09-19 17:15:29.669  2032  2225 D EGL_adreno: eglMakeCurrent: 0x9a968f00: ver 3 1 (tinfo 0x9ba56480)
09-19 17:15:29.689  2032  2225 D EGL_adreno: eglMakeCurrent: 0x9a968f00: ver 3 1 (tinfo 0x9ba56480)
09-19 17:15:29.704  2032  2225 D EGL_adreno: eglMakeCurrent: 0x9a968f00: ver 3 1 (tinfo 0x9ba56480)
09-19 17:15:29.707  2032  2225 D EGL_adreno: eglMakeCurrent: 0x9a968f00: ver 3 1 (tinfo 0x9ba56480)
09-19 17:15:29.718  2032  2225 D EGL_adreno: eglMakeCurrent: 0x9a968f00: ver 3 1 (tinfo 0x9ba56480)
09-19 17:15:29.738  2032  2225 D EGL_adreno: eglMakeCurrent: 0x9a968f00: ver 3 1 (tinfo 0x9ba56480)
09-19 17:15:29.751  2032  2225 D EGL_adreno: eglMakeCurrent: 0x9a968f00: ver 3 1 (tinfo 0x9ba56480)
09-19 17:15:29.756  2032  2225 D EGL_adreno: eglMakeCurrent: 0x9a968f00: ver 3 1 (tinfo 0x9ba56480)
09-19 17:15:29.770  2032  2225 D EGL_adreno: eglMakeCurrent: 0x9a968f00: ver 3 1 (tinfo 0x9ba56480)
09-19 17:15:29.789  2032  2225 D EGL_adreno: eglMakeCurrent: 0x9a968f00: ver 3 1 (tinfo 0x9ba56480)
09-19 17:15:29.790  2032  2225 D EGL_adreno: eglMakeCurrent: 0x9a968f00: ver 3 1 (tinfo 0x9ba56480)
09-19 17:15:29.810  2032  2225 D EGL_adreno: eglMakeCurrent: 0x9a968f00: ver 3 1 (tinfo 0x9ba56480)
09-19 17:15:29.830  2032  2225 D EGL_adreno: eglMakeCurrent: 0x9a968f00: ver 3 1 (tinfo 0x9ba56480)
09-19 17:15:29.834  2032  2225 D EGL_adreno: eglMakeCurrent: 0x9a968f00: ver 3 1 (tinfo 0x9ba56480)
09-19 17:15:29.849  2032  2225 D EGL_adreno: eglMakeCurrent: 0x9a968f00: ver 3 1 (tinfo 0x9ba56480)
09-19 17:15:29.854  2032  2225 D EGL_adreno: eglMakeCurrent: 0x9a968f00: ver 3 1 (tinfo 0x9ba56480)
09-19 17:15:29.869  2032  2225 D EGL_adreno: eglMakeCurrent: 0x9a968f00: ver 3 1 (tinfo 0x9ba56480)
09-19 17:15:29.881  2032  2225 D EGL_adreno: eglMakeCurrent: 0x9a968f00: ver 3 1 (tinfo 0x9ba56480)
09-19 17:15:29.883  2032  2225 D EGL_adreno: eglMakeCurrent: 0x9a968f00: ver 3 1 (tinfo 0x9ba56480)
09-19 17:15:29.890  2032  2225 D EGL_adreno: eglMakeCurrent: 0x9a968f00: ver 3 1 (tinfo 0x9ba56480)
09-19 17:15:29.893  2032  2225 D EGL_adreno: eglMakeCurrent: 0x9a968f00: ver 3 1 (tinfo 0x9ba56480)
09-19 17:15:29.897  2032  2225 D EGL_adreno: eglMakeCurrent: 0x9a968f00: ver 3 1 (tinfo 0x9ba56480)
09-19 17:15:29.901  2032  2225 D EGL_adreno: eglMakeCurrent: 0x9a968f00: ver 3 1 (tinfo 0x9ba56480)
09-19 17:15:29.912  2032  2225 D EGL_adreno: eglMakeCurrent: 0x9a968f00: ver 3 1 (tinfo 0x9ba56480)
09-19 17:15:29.915  2032  2225 D EGL_adreno: eglMakeCurrent: 0x9a968f00: ver 3 1 (tinfo 0x9ba56480)
09-19 17:15:29.917  2032  2225 D EGL_adreno: eglMakeCurrent: 0x9a968f00: ver 3 1 (tinfo 0x9ba56480)
09-19 17:15:29.923  2032  2225 D EGL_adreno: eglMakeCurrent: 0x9a968f00: ver 3 1 (tinfo 0x9ba56480)
09-19 17:15:29.925  2032  2225 D EGL_adreno: eglMakeCurrent: 0x9a968f00: ver 3 1 (tinfo 0x9ba56480)
09-19 17:15:29.937  2032  2225 D EGL_adreno: eglMakeCurrent: 0x9a968f00: ver 3 1 (tinfo 0x9ba56480)
09-19 17:15:29.939  2032  2225 D EGL_adreno: eglMakeCurrent: 0x9a968f00: ver 3 1 (tinfo 0x9ba56480)
09-19 17:15:29.957  2032  2225 D EGL_adreno: eglMakeCurrent: 0x9a968f00: ver 3 1 (tinfo 0x9ba56480)
09-19 17:15:29.959  2032  2225 D EGL_adreno: eglMakeCurrent: 0x9a968f00: ver 3 1 (tinfo 0x9ba56480)
09-19 17:15:29.962  2032  2225 D EGL_adreno: eglMakeCurrent: 0x9a968f00: ver 3 1 (tinfo 0x9ba56480)
09-19 17:15:29.964  2032  2225 D EGL_adreno: eglMakeCurrent: 0x9a968f00: ver 3 1 (tinfo 0x9ba56480)
09-19 17:15:29.969  2032  2225 D EGL_adreno: eglMakeCurrent: 0x9a968f00: ver 3 1 (tinfo 0x9ba56480)
09-19 17:15:29.974  2032  2225 D EGL_adreno: eglMakeCurrent: 0x9a968f00: ver 3 1 (tinfo 0x9ba56480)
09-19 17:15:29.984  2032  2225 D EGL_adreno: eglMakeCurrent: 0x9a968f00: ver 3 1 (tinfo 0x9ba56480)
09-19 17:15:29.994  2032  2225 D EGL_adreno: eglMakeCurrent: 0x9a968f00: ver 3 1 (tinfo 0x9ba56480)
09-19 17:15:30.003  2032  2225 D EGL_adreno: eglMakeCurrent: 0x9a968f00: ver 3 1 (tinfo 0x9ba56480)
09-19 17:15:30.012  2032  2225 D EGL_adreno: eglMakeCurrent: 0x9a968f00: ver 3 1 (tinfo 0x9ba56480)
09-19 17:15:30.014  2032  2225 D EGL_adreno: eglMakeCurrent: 0x9a968f00: ver 3 1 (tinfo 0x9ba56480)
09-19 17:15:30.016  2032  2225 D EGL_adreno: eglMakeCurrent: 0x9a968f00: ver 3 1 (tinfo 0x9ba56480)
09-19 17:15:30.021  2032  2225 D EGL_adreno: eglMakeCurrent: 0x9a968f00: ver 3 1 (tinfo 0x9ba56480)
09-19 17:15:30.028  2032  2225 D EGL_adreno: eglMakeCurrent: 0x9a968f00: ver 3 1 (tinfo 0x9ba56480)
09-19 17:15:30.037  2032  2225 D EGL_adreno: eglMakeCurrent: 0x9a968f00: ver 3 1 (tinfo 0x9ba56480)
09-19 17:15:30.040  2032  2225 D EGL_adreno: eglMakeCurrent: 0x9a968f00: ver 3 1 (tinfo 0x9ba56480)
09-19 17:15:30.059  2032  2225 D EGL_adreno: eglMakeCurrent: 0x9a968f00: ver 3 1 (tinfo 0x9ba56480)
09-19 17:15:30.062  2032  2225 D EGL_adreno: eglMakeCurrent: 0x9a968f00: ver 3 1 (tinfo 0x9ba56480)
09-19 17:15:30.071  2032  2225 D EGL_adreno: eglMakeCurrent: 0x9a968f00: ver 3 1 (tinfo 0x9ba56480)
09-19 17:15:30.086  2032  2225 D EGL_adreno: eglMakeCurrent: 0x9a968f00: ver 3 1 (tinfo 0x9ba56480)
09-19 17:15:30.116  2032  2225 D EGL_adreno: eglMakeCurrent: 0x9a968f00: ver 3 1 (tinfo 0x9ba56480)
09-19 17:15:30.126  2032  2225 D EGL_adreno: eglMakeCurrent: 0x9a968f00: ver 3 1 (tinfo 0x9ba56480)
09-19 17:15:30.128  2032  2225 D EGL_adreno: eglMakeCurrent: 0x9a968f00: ver 3 1 (tinfo 0x9ba56480)
09-19 17:15:30.160  2032  2225 D EGL_adreno: eglMakeCurrent: 0x9a968f00: ver 3 1 (tinfo 0x9ba56480)
09-19 17:15:30.162  2032  2225 D EGL_adreno: eglMakeCurrent: 0x9a968f00: ver 3 1 (tinfo 0x9ba56480)
09-19 17:15:30.168  2032  2225 D EGL_adreno: eglMakeCurrent: 0x9a968f00: ver 3 1 (tinfo 0x9ba56480)
09-19 17:15:30.194  2032  2225 D EGL_adreno: eglMakeCurrent: 0x9a968f00: ver 3 1 (tinfo 0x9ba56480)
09-19 17:15:30.196  2032  2225 D EGL_adreno: eglMakeCurrent: 0x9a968f00: ver 3 1 (tinfo 0x9ba56480)
09-19 17:15:30.202  2032  2225 D EGL_adreno: eglMakeCurrent: 0x9a968f00: ver 3 1 (tinfo 0x9ba56480)
09-19 17:15:30.244  2032  2225 D EGL_adreno: eglMakeCurrent: 0x9a968f00: ver 3 1 (tinfo 0x9ba56480)
09-19 17:15:30.246  2032  2225 D EGL_adreno: eglMakeCurrent: 0x9a968f00: ver 3 1 (tinfo 0x9ba56480)
09-19 17:15:30.251  2032  2225 D EGL_adreno: eglMakeCurrent: 0x9a968f00: ver 3 1 (tinfo 0x9ba56480)
09-19 17:15:30.275  2032  2225 D EGL_adreno: eglMakeCurrent: 0x9a968f00: ver 3 1 (tinfo 0x9ba56480)
09-19 17:15:30.277  2032  2225 D EGL_adreno: eglMakeCurrent: 0x9a968f00: ver 3 1 (tinfo 0x9ba56480)
09-19 17:15:30.284  2032  2225 D EGL_adreno: eglMakeCurrent: 0x9a968f00: ver 3 1 (tinfo 0x9ba56480)
09-19 17:15:30.324  2032  2225 D EGL_adreno: eglMakeCurrent: 0x9a968f00: ver 3 1 (tinfo 0x9ba56480)
09-19 17:15:30.327  2032  2225 D EGL_adreno: eglMakeCurrent: 0x9a968f00: ver 3 1 (tinfo 0x9ba56480)
09-19 17:15:30.334  2032  2225 D EGL_adreno: eglMakeCurrent: 0x9a968f00: ver 3 1 (tinfo 0x9ba56480)
09-19 17:15:30.382  2032  2225 D EGL_adreno: eglMakeCurrent: 0x9a968f00: ver 3 1 (tinfo 0x9ba56480)
09-19 17:15:30.390  2032  2225 D EGL_adreno: eglMakeCurrent: 0x9a968f00: ver 3 1 (tinfo 0x9ba56480)
09-19 17:15:30.392  2032  2225 D EGL_adreno: eglMakeCurrent: 0x9a968f00: ver 3 1 (tinfo 0x9ba56480)
09-19 17:15:30.418  2032  2225 D EGL_adreno: eglMakeCurrent: 0x9a968f00: ver 3 1 (tinfo 0x9ba56480)
09-19 17:15:30.423  2032  2225 D EGL_adreno: eglMakeCurrent: 0x9a968f00: ver 3 1 (tinfo 0x9ba56480)
09-19 17:15:30.426  2032  2225 D EGL_adreno: eglMakeCurrent: 0x9a968f00: ver 3 1 (tinfo 0x9ba56480)
09-19 17:15:30.428  2032  2225 D EGL_adreno: eglMakeCurrent: 0x9a968f00: ver 3 1 (tinfo 0x9ba56480)
09-19 17:15:30.433  1696  1696 W ContextImpl: Calling a method in the system process without a qualified user: android.app.ContextImpl.startService:1358 android.content.ContextWrapper.startService:613 android.content.ContextWrapper.startService:613 com.android.coreservice.CoreBroadcastReceiver.onReceive:69 android.app.ActivityThread.handleReceiver:3073 
09-19 17:15:30.434  2032  2225 D EGL_adreno: eglMakeCurrent: 0x9a968f00: ver 3 1 (tinfo 0x9ba56480)
09-19 17:15:30.436  1696  1696 W ContextImpl: Calling a method in the system process without a qualified user: android.app.ContextImpl.startService:1358 android.content.ContextWrapper.startService:613 android.content.ContextWrapper.startService:613 com.android.coreservice.CoreBroadcastReceiver.onReceive:69 android.app.ActivityThread.handleReceiver:3073 
09-19 17:15:30.441  2032  2225 D EGL_adreno: eglMakeCurrent: 0x9a968f00: ver 3 1 (tinfo 0x9ba56480)
09-19 17:15:30.442  2032  2032 W IInputConnectionWrapper: finishComposingText on inactive InputConnection
09-19 17:15:30.450  2032  2225 D EGL_adreno: eglMakeCurrent: 0x9a968f00: ver 3 1 (tinfo 0x9ba56480)
09-19 17:15:30.460  2032  2225 D EGL_adreno: eglMakeCurrent: 0x9a968f00: ver 3 1 (tinfo 0x9ba56480)
09-19 17:15:30.463  2032  2225 D EGL_adreno: eglMakeCurrent: 0x9a968f00: ver 3 1 (tinfo 0x9ba56480)
09-19 17:15:30.464  1301  1453 D NotificationService: notify pkg=android pid=1301
09-19 17:15:30.464  1696  1696 W ContextImpl: Calling a method in the system process without a qualified user: android.app.ContextImpl.startService:1358 android.content.ContextWrapper.startService:613 android.content.ContextWrapper.startService:613 com.android.coreservice.CoreBroadcastReceiver.onReceive:69 android.app.ActivityThread.handleReceiver:3073 
09-19 17:15:30.467  1696  1696 W ContextImpl: Calling a method in the system process without a qualified user: android.app.ContextImpl.startService:1358 android.content.ContextWrapper.startService:613 android.content.ContextWrapper.startService:613 com.android.coreservice.CoreBroadcastReceiver.onReceive:69 android.app.ActivityThread.handleReceiver:3073 
09-19 17:15:30.467  1301  1716 D NotificationService: notify pkg=android pid=1301
09-19 17:15:30.471  2032  2225 D EGL_adreno: eglMakeCurrent: 0x9a968f00: ver 3 1 (tinfo 0x9ba56480)
09-19 17:15:30.473  1696  1696 W ContextImpl: Calling a method in the system process without a qualified user: android.app.ContextImpl.startService:1358 android.content.ContextWrapper.startService:613 android.content.ContextWrapper.startService:613 com.android.coreservice.CoreBroadcastReceiver.onReceive:69 android.app.ActivityThread.handleReceiver:3073 
09-19 17:15:30.475  1696  1696 W ContextImpl: Calling a method in the system process without a qualified user: android.app.ContextImpl.startService:1358 android.content.ContextWrapper.startService:613 android.content.ContextWrapper.startService:613 com.android.coreservice.CoreBroadcastReceiver.onReceive:69 android.app.ActivityThread.handleReceiver:3073 
09-19 17:15:30.510  2032  2225 D EGL_adreno: eglMakeCurrent: 0x9a968f00: ver 3 1 (tinfo 0x9ba56480)
09-19 17:15:30.513  2032  2225 D EGL_adreno: eglMakeCurrent: 0x9a968f00: ver 3 1 (tinfo 0x9ba56480)
09-19 17:15:30.522  2032  2225 D EGL_adreno: eglMakeCurrent: 0x9a968f00: ver 3 1 (tinfo 0x9ba56480)
09-19 17:15:30.533  1696  1696 W ContextImpl: Calling a method in the system process without a qualified user: android.app.ContextImpl.startService:1358 android.content.ContextWrapper.startService:613 android.content.ContextWrapper.startService:613 com.android.coreservice.CoreBroadcastReceiver.onReceive:69 android.app.ActivityThread.handleReceiver:3073 
09-19 17:15:30.533  1301  1474 D NotificationService: notify pkg=android pid=1301
09-19 17:15:30.535  1696  1696 W ContextImpl: Calling a method in the system process without a qualified user: android.app.ContextImpl.startService:1358 android.content.ContextWrapper.startService:613 android.content.ContextWrapper.startService:613 com.android.coreservice.CoreBroadcastReceiver.onReceive:69 android.app.ActivityThread.handleReceiver:3073 
09-19 17:15:30.545  2032  2225 D EGL_adreno: eglMakeCurrent: 0x9a968f00: ver 3 1 (tinfo 0x9ba56480)
09-19 17:15:30.547  2032  2225 D EGL_adreno: eglMakeCurrent: 0x9a968f00: ver 3 1 (tinfo 0x9ba56480)
09-19 17:15:30.550  2032  2225 D EGL_adreno: eglMakeCurrent: 0x9a968f00: ver 3 1 (tinfo 0x9ba56480)
09-19 17:15:30.559  2032  2225 D EGL_adreno: eglMakeCurrent: 0x9a968f00: ver 3 1 (tinfo 0x9ba56480)
09-19 17:15:30.593  2032  2225 D EGL_adreno: eglMakeCurrent: 0x9a968f00: ver 3 1 (tinfo 0x9ba56480)
09-19 17:15:30.595  2032  2225 D EGL_adreno: eglMakeCurrent: 0x9a968f00: ver 3 1 (tinfo 0x9ba56480)
09-19 17:15:30.603  2032  2225 D EGL_adreno: eglMakeCurrent: 0x9a968f00: ver 3 1 (tinfo 0x9ba56480)
09-19 17:15:30.643  2032  2225 D EGL_adreno: eglMakeCurrent: 0x9a968f00: ver 3 1 (tinfo 0x9ba56480)
09-19 17:15:30.645  2032  2225 D EGL_adreno: eglMakeCurrent: 0x9a968f00: ver 3 1 (tinfo 0x9ba56480)
09-19 17:15:30.653  2032  2225 D EGL_adreno: eglMakeCurrent: 0x9a968f00: ver 3 1 (tinfo 0x9ba56480)
09-19 17:15:30.676  2032  2225 D EGL_adreno: eglMakeCurrent: 0x9a968f00: ver 3 1 (tinfo 0x9ba56480)
09-19 17:15:30.678  2032  2225 D EGL_adreno: eglMakeCurrent: 0x9a968f00: ver 3 1 (tinfo 0x9ba56480)
09-19 17:15:30.684  2032  2225 D EGL_adreno: eglMakeCurrent: 0x9a968f00: ver 3 1 (tinfo 0x9ba56480)
09-19 17:15:30.727  2032  2225 D EGL_adreno: eglMakeCurrent: 0x9a968f00: ver 3 1 (tinfo 0x9ba56480)
09-19 17:15:30.729  2032  2225 D EGL_adreno: eglMakeCurrent: 0x9a968f00: ver 3 1 (tinfo 0x9ba56480)
09-19 17:15:30.739  2032  2225 D EGL_adreno: eglMakeCurrent: 0x9a968f00: ver 3 1 (tinfo 0x9ba56480)
09-19 17:15:30.776  2032  2225 D EGL_adreno: eglMakeCurrent: 0x9a968f00: ver 3 1 (tinfo 0x9ba56480)
09-19 17:15:30.778  2032  2225 D EGL_adreno: eglMakeCurrent: 0x9a968f00: ver 3 1 (tinfo 0x9ba56480)
09-19 17:15:30.788  2032  2225 D EGL_adreno: eglMakeCurrent: 0x9a968f00: ver 3 1 (tinfo 0x9ba56480)
09-19 17:15:30.805  2032  2225 D EGL_adreno: eglMakeCurrent: 0x9a968f00: ver 3 1 (tinfo 0x9ba56480)
09-19 17:15:30.807  2032  2225 D EGL_adreno: eglMakeCurrent: 0x9a968f00: ver 3 1 (tinfo 0x9ba56480)
09-19 17:15:30.817  2032  2225 D EGL_adreno: eglMakeCurrent: 0x9a968f00: ver 3 1 (tinfo 0x9ba56480)
09-19 17:15:30.861  2032  2225 D EGL_adreno: eglMakeCurrent: 0x9a968f00: ver 3 1 (tinfo 0x9ba56480)
09-19 17:15:30.863  2032  2225 D EGL_adreno: eglMakeCurrent: 0x9a968f00: ver 3 1 (tinfo 0x9ba56480)
09-19 17:15:30.871  2032  2225 D EGL_adreno: eglMakeCurrent: 0x9a968f00: ver 3 1 (tinfo 0x9ba56480)
09-19 17:15:30.897  2032  2225 D EGL_adreno: eglMakeCurrent: 0x9a968f00: ver 3 1 (tinfo 0x9ba56480)
09-19 17:15:30.899  2032  2225 D EGL_adreno: eglMakeCurrent: 0x9a968f00: ver 3 1 (tinfo 0x9ba56480)
09-19 17:15:30.902  2032  2225 D EGL_adreno: eglMakeCurrent: 0x9a968f00: ver 3 1 (tinfo 0x9ba56480)
09-19 17:15:30.939  2032  2225 D EGL_adreno: eglMakeCurrent: 0x9a968f00: ver 3 1 (tinfo 0x9ba56480)
09-19 17:15:30.941  2032  2225 D EGL_adreno: eglMakeCurrent: 0x9a968f00: ver 3 1 (tinfo 0x9ba56480)
09-19 17:15:30.951  2032  2225 D EGL_adreno: eglMakeCurrent: 0x9a968f00: ver 3 1 (tinfo 0x9ba56480)
09-19 17:15:30.954  2032  2225 D EGL_adreno: eglMakeCurrent: 0x9a968f00: ver 3 1 (tinfo 0x9ba56480)
09-19 17:15:30.974  2032  2225 D EGL_adreno: eglMakeCurrent: 0x9a968f00: ver 3 1 (tinfo 0x9ba56480)
09-19 17:15:30.975  2032  2225 D EGL_adreno: eglMakeCurrent: 0x9a968f00: ver 3 1 (tinfo 0x9ba56480)
09-19 17:15:30.977  2032  2225 D EGL_adreno: eglMakeCurrent: 0x9a968f00: ver 3 1 (tinfo 0x9ba56480)
09-19 17:15:30.988  2032  2225 D EGL_adreno: eglMakeCurrent: 0x9a968f00: ver 3 1 (tinfo 0x9ba56480)
09-19 17:15:31.029  2032  2225 D EGL_adreno: eglMakeCurrent: 0x9a968f00: ver 3 1 (tinfo 0x9ba56480)
09-19 17:15:31.030  2032  2225 D EGL_adreno: eglMakeCurrent: 0x9a968f00: ver 3 1 (tinfo 0x9ba56480)
09-19 17:15:31.032  1301  1474 I ActivityManager: START u0 {act=android.intent.action.MAIN cat=[android.intent.category.LAUNCHER] flg=0x10200000 cmp=com.litatom.app/com.lit.app.ui.SplashActivity} from uid 0 on display 0
09-19 17:15:31.036  2032  2225 D EGL_adreno: eglMakeCurrent: 0x9a968f00: ver 3 1 (tinfo 0x9ba56480)
09-19 17:15:31.057  2032  2225 D EGL_adreno: eglMakeCurrent: 0x9a968f00: ver 3 1 (tinfo 0x9ba56480)
09-19 17:15:31.059  2032  2225 D EGL_adreno: eglMakeCurrent: 0x9a968f00: ver 3 1 (tinfo 0x9ba56480)
09-19 17:15:31.069  2032  2225 D EGL_adreno: eglMakeCurrent: 0x9a968f00: ver 3 1 (tinfo 0x9ba56480)
09-19 17:15:31.108  2032  2225 D EGL_adreno: eglMakeCurrent: 0x9a968f00: ver 3 1 (tinfo 0x9ba56480)
09-19 17:15:31.110  2032  2225 D EGL_adreno: eglMakeCurrent: 0x9a968f00: ver 3 1 (tinfo 0x9ba56480)
09-19 17:15:31.117  2032  2225 D EGL_adreno: eglMakeCurrent: 0x9a968f00: ver 3 1 (tinfo 0x9ba56480)
09-19 17:15:31.163  2032  2225 D EGL_adreno: eglMakeCurrent: 0x9a968f00: ver 3 1 (tinfo 0x9ba56480)
09-19 17:15:31.164  2032  2225 D EGL_adreno: eglMakeCurrent: 0x9a968f00: ver 3 1 (tinfo 0x9ba56480)
09-19 17:15:31.174  2032  2225 D EGL_adreno: eglMakeCurrent: 0x9a968f00: ver 3 1 (tinfo 0x9ba56480)
09-19 17:15:31.185  1301  1355 D WifiNative-HAL: Failing getSupportedFeatureset because HAL isn't started
09-19 17:15:31.187  1301  1318 E BatteryStatsService: no controller energy info supplied
09-19 17:15:31.188  1301  1318 E BatteryStatsService: no controller energy info supplied
09-19 17:15:31.206  2032  2225 D EGL_adreno: eglMakeCurrent: 0x9a968f00: ver 3 1 (tinfo 0x9ba56480)
09-19 17:15:31.209  2032  2225 D EGL_adreno: eglMakeCurrent: 0x9a968f00: ver 3 1 (tinfo 0x9ba56480)
09-19 17:15:31.213  1426  1426 E PhoneInterfaceManager: [PhoneIntfMgr] queryModemActivityInfo: Empty response
09-19 17:15:31.217  2032  2225 D EGL_adreno: eglMakeCurrent: 0x9a968f00: ver 3 1 (tinfo 0x9ba56480)
09-19 17:15:31.219  1301  1318 E KernelCpuSpeedReader: Failed to read cpu-freq: /sys/devices/system/cpu/cpu0/cpufreq/stats/time_in_state (No such file or directory)
09-19 17:15:31.219  1301  1318 E KernelUidCpuTimeReader: Failed to read uid_cputime: /proc/uid_cputime/show_uid_stat (No such file or directory)
09-19 17:15:31.220  1301  1318 E BatteryStatsService: modem info is invalid: ModemActivityInfo{ mTimestamp=0 mSleepTimeMs=0 mIdleTimeMs=0 mTxTimeMs[]=[0, 0, 0, 0, 0] mRxTimeMs=0 mEnergyUsed=0}
09-19 17:15:31.257  2032  2225 D EGL_adreno: eglMakeCurrent: 0x9a968f00: ver 3 1 (tinfo 0x9ba56480)
09-19 17:15:31.258  2032  2225 D EGL_adreno: eglMakeCurrent: 0x9a968f00: ver 3 1 (tinfo 0x9ba56480)
09-19 17:15:31.267  2032  2225 D EGL_adreno: eglMakeCurrent: 0x9a968f00: ver 3 1 (tinfo 0x9ba56480)
09-19 17:15:31.309  2032  2225 D EGL_adreno: eglMakeCurrent: 0x9a968f00: ver 3 1 (tinfo 0x9ba56480)
09-19 17:15:31.312  2032  2225 D EGL_adreno: eglMakeCurrent: 0x9a968f00: ver 3 1 (tinfo 0x9ba56480)
09-19 17:15:31.314  2032  2225 D EGL_adreno: eglMakeCurrent: 0x9a968f00: ver 3 1 (tinfo 0x9ba56480)
09-19 17:15:31.318  2032  2225 D EGL_adreno: eglMakeCurrent: 0x9a968f00: ver 3 1 (tinfo 0x9ba56480)
09-19 17:15:31.324  2032  2225 D EGL_adreno: eglMakeCurrent: 0x9a968f00: ver 3 1 (tinfo 0x9ba56480)
09-19 17:15:31.340  2032  2225 D EGL_adreno: eglMakeCurrent: 0x9a968f00: ver 3 1 (tinfo 0x9ba56480)
09-19 17:15:31.342  2032  2225 D EGL_adreno: eglMakeCurrent: 0x9a968f00: ver 3 1 (tinfo 0x9ba56480)
09-19 17:15:31.344  2032  2225 D EGL_adreno: eglMakeCurrent: 0x9a968f00: ver 3 1 (tinfo 0x9ba56480)
09-19 17:15:31.346  2032  2225 D EGL_adreno: eglMakeCurrent: 0x9a968f00: ver 3 1 (tinfo 0x9ba56480)
09-19 17:15:31.350  2032  2225 D EGL_adreno: eglMakeCurrent: 0x9a968f00: ver 3 1 (tinfo 0x9ba56480)
09-19 17:15:31.359  2032  2225 D EGL_adreno: eglMakeCurrent: 0x9a968f00: ver 3 1 (tinfo 0x9ba56480)
09-19 17:15:31.371  2032  2225 D EGL_adreno: eglMakeCurrent: 0x9a968f00: ver 3 1 (tinfo 0x9ba56480)
09-19 17:15:31.374  2032  2225 D EGL_adreno: eglMakeCurrent: 0x9a968f00: ver 3 1 (tinfo 0x9ba56480)
09-19 17:15:31.384  2032  2225 D EGL_adreno: eglMakeCurrent: 0x9a968f00: ver 3 1 (tinfo 0x9ba56480)
09-19 17:15:31.388  2032  2225 D EGL_adreno: eglMakeCurrent: 0x9a968f00: ver 3 1 (tinfo 0x9ba56480)
09-19 17:15:31.390  2032  2225 D EGL_adreno: eglMakeCurrent: 0x9a968f00: ver 3 1 (tinfo 0x9ba56480)
09-19 17:15:31.395  2032  2225 D EGL_adreno: eglMakeCurrent: 0x9a968f00: ver 3 1 (tinfo 0x9ba56480)
09-19 17:15:31.401  2032  2225 D EGL_adreno: eglMakeCurrent: 0x9a968f00: ver 3 1 (tinfo 0x9ba56480)
09-19 17:15:31.405  2032  2225 D EGL_adreno: eglMakeCurrent: 0x9a968f00: ver 3 1 (tinfo 0x9ba56480)
09-19 17:15:31.421  2032  2225 D EGL_adreno: eglMakeCurrent: 0x9a968f00: ver 3 1 (tinfo 0x9ba56480)
09-19 17:15:31.425  2032  2225 D EGL_adreno: eglMakeCurrent: 0x9a968f00: ver 3 1 (tinfo 0x9ba56480)
09-19 17:15:31.438  2032  2225 D EGL_adreno: eglMakeCurrent: 0x9a968f00: ver 3 1 (tinfo 0x9ba56480)
09-19 17:15:31.441  2032  2225 D EGL_adreno: eglMakeCurrent: 0x9a968f00: ver 3 1 (tinfo 0x9ba56480)
09-19 17:15:31.444  2032  2225 D EGL_adreno: eglMakeCurrent: 0x9a968f00: ver 3 1 (tinfo 0x9ba56480)
09-19 17:15:31.447  2032  2225 D EGL_adreno: eglMakeCurrent: 0x9a968f00: ver 3 1 (tinfo 0x9ba56480)
09-19 17:15:31.451  2032  2225 D EGL_adreno: eglMakeCurrent: 0x9a968f00: ver 3 1 (tinfo 0x9ba56480)
09-19 17:15:31.456  2032  2225 D EGL_adreno: eglMakeCurrent: 0x9a968f00: ver 3 1 (tinfo 0x9ba56480)
09-19 17:15:31.470  2032  2225 D EGL_adreno: eglMakeCurrent: 0x9a968f00: ver 3 1 (tinfo 0x9ba56480)
09-19 17:15:31.476  2032  2225 D EGL_adreno: eglMakeCurrent: 0x9a968f00: ver 3 1 (tinfo 0x9ba56480)
09-19 17:15:31.487  2032  2225 D EGL_adreno: eglMakeCurrent: 0x9a968f00: ver 3 1 (tinfo 0x9ba56480)
09-19 17:15:31.490  2032  2225 D EGL_adreno: eglMakeCurrent: 0x9a968f00: ver 3 1 (tinfo 0x9ba56480)
09-19 17:15:31.493  2032  2225 D EGL_adreno: eglMakeCurrent: 0x9a968f00: ver 3 1 (tinfo 0x9ba56480)
09-19 17:15:31.495  2032  2225 D EGL_adreno: eglMakeCurrent: 0x9a968f00: ver 3 1 (tinfo 0x9ba56480)
09-19 17:15:31.504  2032  2225 D EGL_adreno: eglMakeCurrent: 0x9a968f00: ver 3 1 (tinfo 0x9ba56480)
09-19 17:15:31.509  2032  2225 D EGL_adreno: eglMakeCurrent: 0x9a968f00: ver 3 1 (tinfo 0x9ba56480)
09-19 17:15:31.520  2032  2225 D EGL_adreno: eglMakeCurrent: 0x9a968f00: ver 3 1 (tinfo 0x9ba56480)
09-19 17:15:31.523  2032  2225 D EGL_adreno: eglMakeCurrent: 0x9a968f00: ver 3 1 (tinfo 0x9ba56480)
09-19 17:15:31.534  2032  2225 D EGL_adreno: eglMakeCurrent: 0x9a968f00: ver 3 1 (tinfo 0x9ba56480)
09-19 17:15:31.540  2032  2225 D EGL_adreno: eglMakeCurrent: 0x9a968f00: ver 3 1 (tinfo 0x9ba56480)
09-19 17:15:31.542  2032  2225 D EGL_adreno: eglMakeCurrent: 0x9a968f00: ver 3 1 (tinfo 0x9ba56480)
09-19 17:15:31.544  2032  2225 D EGL_adreno: eglMakeCurrent: 0x9a968f00: ver 3 1 (tinfo 0x9ba56480)
09-19 17:15:31.552  2032  2225 D EGL_adreno: eglMakeCurrent: 0x9a968f00: ver 3 1 (tinfo 0x9ba56480)
09-19 17:15:31.555  2032  2225 D EGL_adreno: eglMakeCurrent: 0x9a968f00: ver 3 1 (tinfo 0x9ba56480)
09-19 17:15:31.568  2032  2225 D EGL_adreno: eglMakeCurrent: 0x9a968f00: ver 3 1 (tinfo 0x9ba56480)
09-19 17:15:31.588  2032  2225 D EGL_adreno: eglMakeCurrent: 0x9a968f00: ver 3 1 (tinfo 0x9ba56480)
09-19 17:15:31.591  2032  2225 D EGL_adreno: eglMakeCurrent: 0x9a968f00: ver 3 1 (tinfo 0x9ba56480)
09-19 17:15:31.602  2032  2225 D EGL_adreno: eglMakeCurrent: 0x9a968f00: ver 3 1 (tinfo 0x9ba56480)
09-19 17:15:31.622  2032  2225 D EGL_adreno: eglMakeCurrent: 0x9a968f00: ver 3 1 (tinfo 0x9ba56480)
09-19 17:15:31.638  2032  2225 D EGL_adreno: eglMakeCurrent: 0x9a968f00: ver 3 1 (tinfo 0x9ba56480)
09-19 17:15:31.641  2032  2225 D EGL_adreno: eglMakeCurrent: 0x9a968f00: ver 3 1 (tinfo 0x9ba56480)
09-19 17:15:31.651  2032  2225 D EGL_adreno: eglMakeCurrent: 0x9a968f00: ver 3 1 (tinfo 0x9ba56480)
09-19 17:15:31.672  2032  2225 D EGL_adreno: eglMakeCurrent: 0x9a968f00: ver 3 1 (tinfo 0x9ba56480)
09-19 17:15:31.692  2032  2225 D EGL_adreno: eglMakeCurrent: 0x9a968f00: ver 3 1 (tinfo 0x9ba56480)
09-19 17:15:31.694  2032  2225 D EGL_adreno: eglMakeCurrent: 0x9a968f00: ver 3 1 (tinfo 0x9ba56480)
09-19 17:15:31.701  2032  2225 D EGL_adreno: eglMakeCurrent: 0x9a968f00: ver 3 1 (tinfo 0x9ba56480)
09-19 17:15:31.711  2032  2045 I art     : Starting a blocking GC Explicit
09-19 17:15:31.726  2032  2225 D EGL_adreno: eglMakeCurrent: 0x9a968f00: ver 3 1 (tinfo 0x9ba56480)
09-19 17:15:31.737  2032  2225 D EGL_adreno: eglMakeCurrent: 0x9a968f00: ver 3 1 (tinfo 0x9ba56480)
09-19 17:15:31.746  2032  2225 D EGL_adreno: eglMakeCurrent: 0x9a968f00: ver 3 1 (tinfo 0x9ba56480)
09-19 17:15:31.755  2032  2225 D EGL_adreno: eglMakeCurrent: 0x9a968f00: ver 3 1 (tinfo 0x9ba56480)
09-19 17:15:31.767  2032  2225 D EGL_adreno: eglMakeCurrent: 0x9a968f00: ver 3 1 (tinfo 0x9ba56480)
09-19 17:15:31.774  2032  2045 I art     : Explicit concurrent mark sweep GC freed 29981(1283KB) AllocSpace objects, 5(100KB) LOS objects, 13% free, 105MB/121MB, paused 1.188ms total 62.309ms
09-19 17:15:31.781  2032  2225 D EGL_adreno: eglMakeCurrent: 0x9a968f00: ver 3 1 (tinfo 0x9ba56480)
09-19 17:15:31.802  2032  2225 D EGL_adreno: eglMakeCurrent: 0x9a968f00: ver 3 1 (tinfo 0x9ba56480)
09-19 17:15:31.813  2032  2225 D EGL_adreno: eglMakeCurrent: 0x9a968f00: ver 3 1 (tinfo 0x9ba56480)
09-19 17:15:31.832  2032  2225 D EGL_adreno: eglMakeCurrent: 0x9a968f00: ver 3 1 (tinfo 0x9ba56480)
09-19 17:15:31.835  2032  2225 D EGL_adreno: eglMakeCurrent: 0x9a968f00: ver 3 1 (tinfo 0x9ba56480)
09-19 17:15:31.853  2032  2225 D EGL_adreno: eglMakeCurrent: 0x9a968f00: ver 3 1 (tinfo 0x9ba56480)
09-19 17:15:31.868  2032  2225 D EGL_adreno: eglMakeCurrent: 0x9a968f00: ver 3 1 (tinfo 0x9ba56480)
09-19 17:15:31.877  2032  2225 D EGL_adreno: eglMakeCurrent: 0x9a968f00: ver 3 1 (tinfo 0x9ba56480)
09-19 17:15:31.884  2032  2225 D EGL_adreno: eglMakeCurrent: 0x9a968f00: ver 3 1 (tinfo 0x9ba56480)
09-19 17:15:31.910  2032  2225 D EGL_adreno: eglMakeCurrent: 0x9a968f00: ver 3 1 (tinfo 0x9ba56480)
09-19 17:15:31.917  2032  2225 D EGL_adreno: eglMakeCurrent: 0x9a968f00: ver 3 1 (tinfo 0x9ba56480)
09-19 17:15:31.927  2032  2225 D EGL_adreno: eglMakeCurrent: 0x9a968f00: ver 3 1 (tinfo 0x9ba56480)
09-19 17:15:31.942  2032  2225 D EGL_adreno: eglMakeCurrent: 0x9a968f00: ver 3 1 (tinfo 0x9ba56480)
09-19 17:15:31.944  2032  2225 D EGL_adreno: eglMakeCurrent: 0x9a968f00: ver 3 1 (tinfo 0x9ba56480)
09-19 17:15:31.957  2032  2225 D EGL_adreno: eglMakeCurrent: 0x9a968f00: ver 3 1 (tinfo 0x9ba56480)
09-19 17:15:31.976  2032  2225 D EGL_adreno: eglMakeCurrent: 0x9a968f00: ver 3 1 (tinfo 0x9ba56480)
09-19 17:15:31.978  2032  2225 D EGL_adreno: eglMakeCurrent: 0x9a968f00: ver 3 1 (tinfo 0x9ba56480)
09-19 17:15:31.986  2032  2225 D EGL_adreno: eglMakeCurrent: 0x9a968f00: ver 3 1 (tinfo 0x9ba56480)
09-19 17:15:32.006  2032  2225 D EGL_adreno: eglMakeCurrent: 0x9a968f00: ver 3 1 (tinfo 0x9ba56480)
09-19 17:15:32.018  2032  2225 D EGL_adreno: eglMakeCurrent: 0x9a968f00: ver 3 1 (tinfo 0x9ba56480)
09-19 17:15:32.025  2032  2225 D EGL_adreno: eglMakeCurrent: 0x9a968f00: ver 3 1 (tinfo 0x9ba56480)
09-19 17:15:32.035  2032  2225 D EGL_adreno: eglMakeCurrent: 0x9a968f00: ver 3 1 (tinfo 0x9ba56480)
09-19 17:15:32.060  2032  2225 D EGL_adreno: eglMakeCurrent: 0x9a968f00: ver 3 1 (tinfo 0x9ba56480)
09-19 17:15:32.068  2032  2225 D EGL_adreno: eglMakeCurrent: 0x9a968f00: ver 3 1 (tinfo 0x9ba56480)
09-19 17:15:32.077  2032  2225 D EGL_adreno: eglMakeCurrent: 0x9a968f00: ver 3 1 (tinfo 0x9ba56480)
09-19 17:15:32.084  2032  2225 D EGL_adreno: eglMakeCurrent: 0x9a968f00: ver 3 1 (tinfo 0x9ba56480)
09-19 17:15:32.111  2032  2225 D EGL_adreno: eglMakeCurrent: 0x9a968f00: ver 3 1 (tinfo 0x9ba56480)
09-19 17:15:32.118  2032  2225 D EGL_adreno: eglMakeCurrent: 0x9a968f00: ver 3 1 (tinfo 0x9ba56480)
09-19 17:15:32.129  2032  2225 D EGL_adreno: eglMakeCurrent: 0x9a968f00: ver 3 1 (tinfo 0x9ba56480)
09-19 17:15:32.138  2032  2225 D EGL_adreno: eglMakeCurrent: 0x9a968f00: ver 3 1 (tinfo 0x9ba56480)
09-19 17:15:32.159  2032  2225 D EGL_adreno: eglMakeCurrent: 0x9a968f00: ver 3 1 (tinfo 0x9ba56480)
09-19 17:15:32.167  2032  2225 D EGL_adreno: eglMakeCurrent: 0x9a968f00: ver 3 1 (tinfo 0x9ba56480)
09-19 17:15:32.176  2032  2225 D EGL_adreno: eglMakeCurrent: 0x9a968f00: ver 3 1 (tinfo 0x9ba56480)
09-19 17:15:32.184  2032  2225 D EGL_adreno: eglMakeCurrent: 0x9a968f00: ver 3 1 (tinfo 0x9ba56480)
09-19 17:15:32.211  2032  2225 D EGL_adreno: eglMakeCurrent: 0x9a968f00: ver 3 1 (tinfo 0x9ba56480)
09-19 17:15:32.217  2032  2225 D EGL_adreno: eglMakeCurrent: 0x9a968f00: ver 3 1 (tinfo 0x9ba56480)
09-19 17:15:32.223  2032  2225 D EGL_adreno: eglMakeCurrent: 0x9a968f00: ver 3 1 (tinfo 0x9ba56480)
09-19 17:15:32.240  2032  2225 D EGL_adreno: eglMakeCurrent: 0x9a968f00: ver 3 1 (tinfo 0x9ba56480)
09-19 17:15:32.243  2032  2225 D EGL_adreno: eglMakeCurrent: 0x9a968f00: ver 3 1 (tinfo 0x9ba56480)
09-19 17:15:32.251  2032  2225 D EGL_adreno: eglMakeCurrent: 0x9a968f00: ver 3 1 (tinfo 0x9ba56480)
09-19 17:15:32.276  2032  2225 D EGL_adreno: eglMakeCurrent: 0x9a968f00: ver 3 1 (tinfo 0x9ba56480)
09-19 17:15:32.284  2032  2225 D EGL_adreno: eglMakeCurrent: 0x9a968f00: ver 3 1 (tinfo 0x9ba56480)
09-19 17:15:32.291  2032  2225 D EGL_adreno: eglMakeCurrent: 0x9a968f00: ver 3 1 (tinfo 0x9ba56480)
09-19 17:15:32.300  2032  2225 D EGL_adreno: eglMakeCurrent: 0x9a968f00: ver 3 1 (tinfo 0x9ba56480)
09-19 17:15:32.326  2032  2225 D EGL_adreno: eglMakeCurrent: 0x9a968f00: ver 3 1 (tinfo 0x9ba56480)
09-19 17:15:32.334  2032  2225 D EGL_adreno: eglMakeCurrent: 0x9a968f00: ver 3 1 (tinfo 0x9ba56480)
09-19 17:15:32.343  2032  2225 D EGL_adreno: eglMakeCurrent: 0x9a968f00: ver 3 1 (tinfo 0x9ba56480)
09-19 17:15:32.351  2032  2225 D EGL_adreno: eglMakeCurrent: 0x9a968f00: ver 3 1 (tinfo 0x9ba56480)
09-19 17:15:32.361  2032  2225 D EGL_adreno: eglMakeCurrent: 0x9a968f00: ver 3 1 (tinfo 0x9ba56480)
09-19 17:15:32.370  2032  2225 D EGL_adreno: eglMakeCurrent: 0x9a968f00: ver 3 1 (tinfo 0x9ba56480)
09-19 17:15:32.392  2032  2225 D EGL_adreno: eglMakeCurrent: 0x9a968f00: ver 3 1 (tinfo 0x9ba56480)
09-19 17:15:32.408  2032  2225 D EGL_adreno: eglMakeCurrent: 0x9a968f00: ver 3 1 (tinfo 0x9ba56480)
09-19 17:15:32.411  2032  2225 D EGL_adreno: eglMakeCurrent: 0x9a968f00: ver 3 1 (tinfo 0x9ba56480)
09-19 17:15:32.420  2032  2225 D EGL_adreno: eglMakeCurrent: 0x9a968f00: ver 3 1 (tinfo 0x9ba56480)
09-19 17:15:32.423  1696  1696 W ContextImpl: Calling a method in the system process without a qualified user: android.app.ContextImpl.startService:1358 android.content.ContextWrapper.startService:613 android.content.ContextWrapper.startService:613 com.android.coreservice.CoreBroadcastReceiver.onReceive:69 android.app.ActivityThread.handleReceiver:3073 
09-19 17:15:32.423  1301  1716 D NotificationService: notify pkg=android pid=1301
09-19 17:15:32.424  1696  1696 W ContextImpl: Calling a method in the system process without a qualified user: android.app.ContextImpl.startService:1358 android.content.ContextWrapper.startService:613 android.content.ContextWrapper.startService:613 com.android.coreservice.CoreBroadcastReceiver.onReceive:69 android.app.ActivityThread.handleReceiver:3073 
09-19 17:15:32.442  2032  2225 D EGL_adreno: eglMakeCurrent: 0x9a968f00: ver 3 1 (tinfo 0x9ba56480)
09-19 17:15:32.444  2032  2225 D EGL_adreno: eglMakeCurrent: 0x9a968f00: ver 3 1 (tinfo 0x9ba56480)
09-19 17:15:32.451  2032  2225 D EGL_adreno: eglMakeCurrent: 0x9a968f00: ver 3 1 (tinfo 0x9ba56480)
09-19 17:15:32.457  2032  2225 D EGL_adreno: eglMakeCurrent: 0x9a968f00: ver 3 1 (tinfo 0x9ba56480)
09-19 17:15:32.468  2032  2225 D EGL_adreno: eglMakeCurrent: 0x9a968f00: ver 3 1 (tinfo 0x9ba56480)
09-19 17:15:32.494  2032  2225 D EGL_adreno: eglMakeCurrent: 0x9a968f00: ver 3 1 (tinfo 0x9ba56480)
09-19 17:15:32.500  2032  2225 D EGL_adreno: eglMakeCurrent: 0x9a968f00: ver 3 1 (tinfo 0x9ba56480)
09-19 17:15:32.511  2032  2225 D EGL_adreno: eglMakeCurrent: 0x9a968f00: ver 3 1 (tinfo 0x9ba56480)
09-19 17:15:32.520  2032  2225 D EGL_adreno: eglMakeCurrent: 0x9a968f00: ver 3 1 (tinfo 0x9ba56480)
09-19 17:15:32.536  2032  2225 D EGL_adreno: eglMakeCurrent: 0x9a968f00: ver 3 1 (tinfo 0x9ba56480)
09-19 17:15:32.558  2032  2225 D EGL_adreno: eglMakeCurrent: 0x9a968f00: ver 3 1 (tinfo 0x9ba56480)
09-19 17:15:32.561  2032  2225 D EGL_adreno: eglMakeCurrent: 0x9a968f00: ver 3 1 (tinfo 0x9ba56480)
09-19 17:15:32.568  2032  2225 D EGL_adreno: eglMakeCurrent: 0x9a968f00: ver 3 1 (tinfo 0x9ba56480)
09-19 17:15:32.591  2032  2225 D EGL_adreno: eglMakeCurrent: 0x9a968f00: ver 3 1 (tinfo 0x9ba56480)
09-19 17:15:32.601  2032  2225 D EGL_adreno: eglMakeCurrent: 0x9a968f00: ver 3 1 (tinfo 0x9ba56480)
09-19 17:15:32.610  2032  2225 D EGL_adreno: eglMakeCurrent: 0x9a968f00: ver 3 1 (tinfo 0x9ba56480)
09-19 17:15:32.618  2032  2225 D EGL_adreno: eglMakeCurrent: 0x9a968f00: ver 3 1 (tinfo 0x9ba56480)
09-19 17:15:32.641  2032  2314 E AGORA_SDK: cannot open log file for writing: agorartm.log, err=30
09-19 17:15:32.641  2032  2225 D EGL_adreno: eglMakeCurrent: 0x9a968f00: ver 3 1 (tinfo 0x9ba56480)
09-19 17:15:32.651  2032  2225 D EGL_adreno: eglMakeCurrent: 0x9a968f00: ver 3 1 (tinfo 0x9ba56480)
09-19 17:15:32.660  2032  2225 D EGL_adreno: eglMakeCurrent: 0x9a968f00: ver 3 1 (tinfo 0x9ba56480)
09-19 17:15:32.667  2032  2225 D EGL_adreno: eglMakeCurrent: 0x9a968f00: ver 3 1 (tinfo 0x9ba56480)
09-19 17:15:32.694  2032  2225 D EGL_adreno: eglMakeCurrent: 0x9a968f00: ver 3 1 (tinfo 0x9ba56480)
09-19 17:15:32.708  2032  2225 D EGL_adreno: eglMakeCurrent: 0x9a968f00: ver 3 1 (tinfo 0x9ba56480)
09-19 17:15:32.711  2032  2225 D EGL_adreno: eglMakeCurrent: 0x9a968f00: ver 3 1 (tinfo 0x9ba56480)
09-19 17:15:32.718  2032  2225 D EGL_adreno: eglMakeCurrent: 0x9a968f00: ver 3 1 (tinfo 0x9ba56480)
09-19 17:15:32.725  2032  2225 D EGL_adreno: eglMakeCurrent: 0x9a968f00: ver 3 1 (tinfo 0x9ba56480)
09-19 17:15:32.742  2032  2225 D EGL_adreno: eglMakeCurrent: 0x9a968f00: ver 3 1 (tinfo 0x9ba56480)
09-19 17:15:32.760  2032  2225 D EGL_adreno: eglMakeCurrent: 0x9a968f00: ver 3 1 (tinfo 0x9ba56480)
09-19 17:15:32.768  2032  2225 D EGL_adreno: eglMakeCurrent: 0x9a968f00: ver 3 1 (tinfo 0x9ba56480)
09-19 17:15:32.775  2032  2225 D EGL_adreno: eglMakeCurrent: 0x9a968f00: ver 3 1 (tinfo 0x9ba56480)
09-19 17:15:32.789  2032  2225 D EGL_adreno: eglMakeCurrent: 0x9a968f00: ver 3 1 (tinfo 0x9ba56480)
09-19 17:15:32.812  2032  2225 D EGL_adreno: eglMakeCurrent: 0x9a968f00: ver 3 1 (tinfo 0x9ba56480)
09-19 17:15:32.818  2032  2225 D EGL_adreno: eglMakeCurrent: 0x9a968f00: ver 3 1 (tinfo 0x9ba56480)
09-19 17:15:32.824  2032  2225 D EGL_adreno: eglMakeCurrent: 0x9a968f00: ver 3 1 (tinfo 0x9ba56480)
09-19 17:15:32.843  2032  2225 D EGL_adreno: eglMakeCurrent: 0x9a968f00: ver 3 1 (tinfo 0x9ba56480)
09-19 17:15:32.857  2032  2225 D EGL_adreno: eglMakeCurrent: 0x9a968f00: ver 3 1 (tinfo 0x9ba56480)
09-19 17:15:32.868  2032  2225 D EGL_adreno: eglMakeCurrent: 0x9a968f00: ver 3 1 (tinfo 0x9ba56480)
09-19 17:15:32.872  2032  2225 D EGL_adreno: eglMakeCurrent: 0x9a968f00: ver 3 1 (tinfo 0x9ba56480)
09-19 17:15:32.884  2032  2225 D EGL_adreno: eglMakeCurrent: 0x9a968f00: ver 3 1 (tinfo 0x9ba56480)
09-19 17:15:32.905  2032  2225 D EGL_adreno: eglMakeCurrent: 0x9a968f00: ver 3 1 (tinfo 0x9ba56480)
09-19 17:15:32.918  2032  2225 D EGL_adreno: eglMakeCurrent: 0x9a968f00: ver 3 1 (tinfo 0x9ba56480)
09-19 17:15:32.922  2032  2225 D EGL_adreno: eglMakeCurrent: 0x9a968f00: ver 3 1 (tinfo 0x9ba56480)
09-19 17:15:32.939  2032  2225 D EGL_adreno: eglMakeCurrent: 0x9a968f00: ver 3 1 (tinfo 0x9ba56480)
09-19 17:15:32.958  2032  2225 D EGL_adreno: eglMakeCurrent: 0x9a968f00: ver 3 1 (tinfo 0x9ba56480)
09-19 17:15:32.961  2032  2225 D EGL_adreno: eglMakeCurrent: 0x9a968f00: ver 3 1 (tinfo 0x9ba56480)
09-19 17:15:32.967  2032  2225 D EGL_adreno: eglMakeCurrent: 0x9a968f00: ver 3 1 (tinfo 0x9ba56480)
09-19 17:15:32.971  2032  2225 D EGL_adreno: eglMakeCurrent: 0x9a968f00: ver 3 1 (tinfo 0x9ba56480)
09-19 17:15:32.988  2032  2225 D EGL_adreno: eglMakeCurrent: 0x9a968f00: ver 3 1 (tinfo 0x9ba56480)
09-19 17:15:33.005  2032  2225 D EGL_adreno: eglMakeCurrent: 0x9a968f00: ver 3 1 (tinfo 0x9ba56480)
09-19 17:15:33.018  2032  2225 D EGL_adreno: eglMakeCurrent: 0x9a968f00: ver 3 1 (tinfo 0x9ba56480)
09-19 17:15:33.028  2032  2225 D EGL_adreno: eglMakeCurrent: 0x9a968f00: ver 3 1 (tinfo 0x9ba56480)
09-19 17:15:33.037  2032  2225 D EGL_adreno: eglMakeCurrent: 0x9a968f00: ver 3 1 (tinfo 0x9ba56480)
09-19 17:15:33.059  2032  2225 D EGL_adreno: eglMakeCurrent: 0x9a968f00: ver 3 1 (tinfo 0x9ba56480)
09-19 17:15:33.068  2032  2225 D EGL_adreno: eglMakeCurrent: 0x9a968f00: ver 3 1 (tinfo 0x9ba56480)
09-19 17:15:33.073  2032  2225 D EGL_adreno: eglMakeCurrent: 0x9a968f00: ver 3 1 (tinfo 0x9ba56480)
09-19 17:15:33.081  1301  1529 I ActivityManager: Setting hasTopUi=true for pid=1389
09-19 17:15:33.081  1389  1389 D PhoneStatusBar: disable: < expand ICONS* alerts SYSTEM_INFO* back home recent clock search quick_settings >
09-19 17:15:33.084  2032  2225 D EGL_adreno: eglMakeCurrent: 0x9a968f00: ver 3 1 (tinfo 0x9ba56480)
09-19 17:15:33.113  2032  2225 D EGL_adreno: eglMakeCurrent: 0x9a968f00: ver 3 1 (tinfo 0x9ba56480)
09-19 17:15:33.121  1389  1645 D EGL_adreno: eglMakeCurrent: 0xa703e500: ver 3 1 (tinfo 0xb6ebc650)
09-19 17:15:33.122  2032  2225 D EGL_adreno: eglMakeCurrent: 0x9a968f00: ver 3 1 (tinfo 0x9ba56480)
09-19 17:15:33.127  1389  1389 W View    : requestLayout() improperly called by android.widget.TextClock{6f20e7 V.ED..... ......ID 0,0-167,57 #7f12023f app:id/time_view} during layout: running second layout pass
09-19 17:15:33.127  1389  1389 W View    : requestLayout() improperly called by android.widget.TextClock{5019494 V.ED..... ......ID 167,0-167,57 #7f120240 app:id/am_pm_view} during layout: running second layout pass
09-19 17:15:33.144  2032  2225 D EGL_adreno: eglMakeCurrent: 0x9a968f00: ver 3 1 (tinfo 0x9ba56480)
09-19 17:15:33.151  2032  2225 D EGL_adreno: eglMakeCurrent: 0x9a968f00: ver 3 1 (tinfo 0x9ba56480)
09-19 17:15:33.152  1389  1645 E EGL_adreno: tid 1645: eglSurfaceAttrib(1338): error 0x3009 (EGL_BAD_MATCH)
09-19 17:15:33.152  1389  1645 W OpenGLRenderer: Failed to set EGL_SWAP_BEHAVIOR on surface 0xa4f512c0, error=EGL_BAD_MATCH
09-19 17:15:33.161  1389  1645 D EGL_adreno: eglMakeCurrent: 0xa703e500: ver 3 1 (tinfo 0xb6ebc650)
09-19 17:15:33.163  1301  1716 I ActivityManager: Setting hasTopUi=false for pid=1389
09-19 17:15:33.164  1389  1389 D PhoneStatusBar: disable: < expand icons* alerts system_info* back home recent clock search quick_settings >
09-19 17:15:33.165  1301  1313 I ActivityManager: Setting hasTopUi=true for pid=1389
09-19 17:15:33.165  1389  1389 D PhoneStatusBar: disable: < expand ICONS* alerts SYSTEM_INFO* back home recent clock search quick_settings >
09-19 17:15:33.202  2032  2225 D EGL_adreno: eglMakeCurrent: 0x9a968f00: ver 3 1 (tinfo 0x9ba56480)
09-19 17:15:33.204  2032  2225 D EGL_adreno: eglMakeCurrent: 0x9a968f00: ver 3 1 (tinfo 0x9ba56480)
09-19 17:15:33.219  2032  2225 D EGL_adreno: eglMakeCurrent: 0x9a968f00: ver 3 1 (tinfo 0x9ba56480)
09-19 17:15:33.222  1301  1474 I ActivityManager: Setting hasTopUi=false for pid=1389
09-19 17:15:33.222  1389  1389 D PhoneStatusBar: disable: < expand icons* alerts system_info* back home recent clock search quick_settings >
09-19 17:15:33.224  1301  1731 W VibratorService: Tried to stop vibrating but there is no vibrator device.
09-19 17:15:33.225  1301  1529 I ActivityManager: Setting hasTopUi=true for pid=1389
09-19 17:15:33.225  1389  1389 D PhoneStatusBar: disable: < expand ICONS* alerts SYSTEM_INFO* back home recent clock search quick_settings >
09-19 17:15:33.236  2032  2225 D EGL_adreno: eglMakeCurrent: 0x9a968f00: ver 3 1 (tinfo 0x9ba56480)
09-19 17:15:33.262  2032  2225 D EGL_adreno: eglMakeCurrent: 0x9a968f00: ver 3 1 (tinfo 0x9ba56480)
09-19 17:15:33.266  2032  2225 D EGL_adreno: eglMakeCurrent: 0x9a968f00: ver 3 1 (tinfo 0x9ba56480)
09-19 17:15:33.282  2032  2225 D EGL_adreno: eglMakeCurrent: 0x9a968f00: ver 3 1 (tinfo 0x9ba56480)
09-19 17:15:33.286  2032  2225 D EGL_adreno: eglMakeCurrent: 0x9a968f00: ver 3 1 (tinfo 0x9ba56480)
09-19 17:15:33.296  2032  2225 D EGL_adreno: eglMakeCurrent: 0x9a968f00: ver 3 1 (tinfo 0x9ba56480)
09-19 17:15:33.332  2032  2225 D EGL_adreno: eglMakeCurrent: 0x9a968f00: ver 3 1 (tinfo 0x9ba56480)
09-19 17:15:33.345  2032  2225 D EGL_adreno: eglMakeCurrent: 0x9a968f00: ver 3 1 (tinfo 0x9ba56480)
09-19 17:15:33.347  2032  2225 D EGL_adreno: eglMakeCurrent: 0x9a968f00: ver 3 1 (tinfo 0x9ba56480)
09-19 17:15:33.353  2032  2225 D EGL_adreno: eglMakeCurrent: 0x9a968f00: ver 3 1 (tinfo 0x9ba56480)
09-19 17:15:33.363  2032  2225 D EGL_adreno: eglMakeCurrent: 0x9a968f00: ver 3 1 (tinfo 0x9ba56480)
09-19 17:15:33.372  2032  2225 D EGL_adreno: eglMakeCurrent: 0x9a968f00: ver 3 1 (tinfo 0x9ba56480)
09-19 17:15:33.424  2032  2225 D EGL_adreno: eglMakeCurrent: 0x9a968f00: ver 3 1 (tinfo 0x9ba56480)
09-19 17:15:33.445  2032  2225 D EGL_adreno: eglMakeCurrent: 0x9a968f00: ver 3 1 (tinfo 0x9ba56480)
09-19 17:15:33.463  2032  2225 D EGL_adreno: eglMakeCurrent: 0x9a968f00: ver 3 1 (tinfo 0x9ba56480)
09-19 17:15:33.482  2032  2225 D EGL_adreno: eglMakeCurrent: 0x9a968f00: ver 3 1 (tinfo 0x9ba56480)
09-19 17:15:33.490  2032  2225 D EGL_adreno: eglMakeCurrent: 0x9a968f00: ver 3 1 (tinfo 0x9ba56480)
