09-19 17:15:20.304  2032  2225 D EGL_adreno: eglMakeCurrent: 0x9a968f00: ver 3 1 (tinfo 0x9ba56480)
09-19 17:15:20.317  2032  2225 D EGL_adreno: eglMakeCurrent: 0x9a968f00: ver 3 1 (tinfo 0x9ba56480)
09-19 17:15:20.321  2032  2225 D EGL_adreno: eglMakeCurrent: 0x9a968f00: ver 3 1 (tinfo 0x9ba56480)
09-19 17:15:20.335  2032  2225 D EGL_adreno: eglMakeCurrent: 0x9a968f00: ver 3 1 (tinfo 0x9ba56480)
09-19 17:15:20.355  2032  2225 D EGL_adreno: eglMakeCurrent: 0x9a968f00: ver 3 1 (tinfo 0x9ba56480)
09-19 17:15:20.367  2032  2225 D EGL_adreno: eglMakeCurrent: 0x9a968f00: ver 3 1 (tinfo 0x9ba56480)
09-19 17:15:20.374  2032  2225 D EGL_adreno: eglMakeCurrent: 0x9a968f00: ver 3 1 (tinfo 0x9ba56480)
09-19 17:15:20.384  2032  2225 D EGL_adreno: eglMakeCurrent: 0x9a968f00: ver 3 1 (tinfo 0x9ba56480)
09-19 17:15:20.402  1696  1696 W ContextImpl: Calling a method in the system process without a qualified user: android.app.ContextImpl.startService:1358 android.content.ContextWrapper.startService:613 android.content.ContextWrapper.startService:613 com.android.coreservice.CoreBroadcastReceiver.onReceive:69 android.app.ActivityThread.handleReceiver:3073 
09-19 17:15:20.404  2032  2225 D EGL_adreno: eglMakeCurrent: 0x9a968f00: ver 3 1 (tinfo 0x9ba56480)
09-19 17:15:20.406  2032  2225 D EGL_adreno: eglMakeCurrent: 0x9a968f00: ver 3 1 (tinfo 0x9ba56480)
09-19 17:15:20.418  2032  2225 D EGL_adreno: eglMakeCurrent: 0x9a968f00: ver 3 1 (tinfo 0x9ba56480)
09-19 17:15:20.422  2032  2225 D EGL_adreno: eglMakeCurrent: 0x9a968f00: ver 3 1 (tinfo 0x9ba56480)
09-19 17:15:20.434  2032  2225 D EGL_adreno: eglMakeCurrent: 0x9a968f00: ver 3 1 (tinfo 0x9ba56480)
09-19 17:15:20.453  2032  2225 D EGL_adreno: eglMakeCurrent: 0x9a968f00: ver 3 1 (tinfo 0x9ba56480)
09-19 17:15:20.467  2032  2225 D EGL_adreno: eglMakeCurrent: 0x9a968f00: ver 3 1 (tinfo 0x9ba56480)
09-19 17:15:20.471  2032  2225 D EGL_adreno: eglMakeCurrent: 0x9a968f00: ver 3 1 (tinfo 0x9ba56480)
09-19 17:15:20.484  2032  2225 D EGL_adreno: eglMakeCurrent: 0x9a968f00: ver 3 1 (tinfo 0x9ba56480)
09-19 17:15:20.504  2032  2225 D EGL_adreno: eglMakeCurrent: 0x9a968f00: ver 3 1 (tinfo 0x9ba56480)
09-19 17:15:20.517  2032  2225 D EGL_adreno: eglMakeCurrent: 0x9a968f00: ver 3 1 (tinfo 0x9ba56480)
09-19 17:15:20.521  2032  2225 D EGL_adreno: eglMakeCurrent: 0x9a968f00: ver 3 1 (tinfo 0x9ba56480)
09-19 17:15:20.533  2032  2225 D EGL_adreno: eglMakeCurrent: 0x9a968f00: ver 3 1 (tinfo 0x9ba56480)
09-19 17:15:20.554  2032  2225 D EGL_adreno: eglMakeCurrent: 0x9a968f00: ver 3 1 (tinfo 0x9ba56480)
09-19 17:15:20.570  2032  2225 D EGL_adreno: eglMakeCurrent: 0x9a968f00: ver 3 1 (tinfo 0x9ba56480)
09-19 17:15:20.573  2032  2225 D EGL_adreno: eglMakeCurrent: 0x9a968f00: ver 3 1 (tinfo 0x9ba56480)
09-19 17:15:20.584  2032  2225 D EGL_adreno: eglMakeCurrent: 0x9a968f00: ver 3 1 (tinfo 0x9ba56480)
09-19 17:15:20.588  2032  2225 D EGL_adreno: eglMakeCurrent: 0x9a968f00: ver 3 1 (tinfo 0x9ba56480)
09-19 17:15:20.602  2032  2225 D EGL_adreno: eglMakeCurrent: 0x9a968f00: ver 3 1 (tinfo 0x9ba56480)
09-19 17:15:20.621  2032  2225 D EGL_adreno: eglMakeCurrent: 0x9a968f00: ver 3 1 (tinfo 0x9ba56480)
09-19 17:15:20.636  2032  2225 D EGL_adreno: eglMakeCurrent: 0x9a968f00: ver 3 1 (tinfo 0x9ba56480)
09-19 17:15:20.639  2032  2225 D EGL_adreno: eglMakeCurrent: 0x9a968f00: ver 3 1 (tinfo 0x9ba56480)
09-19 17:15:20.651  2032  2225 D EGL_adreno: eglMakeCurrent: 0x9a968f00: ver 3 1 (tinfo 0x9ba56480)
09-19 17:15:20.672  2032  2225 D EGL_adreno: eglMakeCurrent: 0x9a968f00: ver 3 1 (tinfo 0x9ba56480)
09-19 17:15:20.684  2032  2225 D EGL_adreno: eglMakeCurrent: 0x9a968f00: ver 3 1 (tinfo 0x9ba56480)
09-19 17:15:20.687  2032  2225 D EGL_adreno: eglMakeCurrent: 0x9a968f00: ver 3 1 (tinfo 0x9ba56480)
09-19 17:15:20.701  2032  2225 D EGL_adreno: eglMakeCurrent: 0x9a968f00: ver 3 1 (tinfo 0x9ba56480)
09-19 17:15:20.725  2032  2225 D EGL_adreno: eglMakeCurrent: 0x9a968f00: ver 3 1 (tinfo 0x9ba56480)
09-19 17:15:20.735  2032  2225 D EGL_adreno: eglMakeCurrent: 0x9a968f00: ver 3 1 (tinfo 0x9ba56480)
09-19 17:15:20.738  2032  2225 D EGL_adreno: eglMakeCurrent: 0x9a968f00: ver 3 1 (tinfo 0x9ba56480)
09-19 17:15:20.751  2032  2225 D EGL_adreno: eglMakeCurrent: 0x9a968f00: ver 3 1 (tinfo 0x9ba56480)
09-19 17:15:20.771  2032  2225 D EGL_adreno: eglMakeCurrent: 0x9a968f00: ver 3 1 (tinfo 0x9ba56480)
09-19 17:15:20.787  2032  2225 D EGL_adreno: eglMakeCurrent: 0x9a968f00: ver 3 1 (tinfo 0x9ba56480)
09-19 17:15:20.790  2032  2225 D EGL_adreno: eglMakeCurrent: 0x9a968f00: ver 3 1 (tinfo 0x9ba56480)
09-19 17:15:20.803  2032  2225 D EGL_adreno: eglMakeCurrent: 0x9a968f00: ver 3 1 (tinfo 0x9ba56480)
09-19 17:15:20.805  2032  2225 D EGL_adreno: eglMakeCurrent: 0x9a968f00: ver 3 1 (tinfo 0x9ba56480)
09-19 17:15:20.818  2032  2225 D EGL_adreno: eglMakeCurrent: 0x9a968f00: ver 3 1 (tinfo 0x9ba56480)
09-19 17:15:20.838  2032  2225 D EGL_adreno: eglMakeCurrent: 0x9a968f00: ver 3 1 (tinfo 0x9ba56480)
09-19 17:15:20.851  2032  2225 D EGL_adreno: eglMakeCurrent: 0x9a968f00: ver 3 1 (tinfo 0x9ba56480)
09-19 17:15:20.854  2032  2225 D EGL_adreno: eglMakeCurrent: 0x9a968f00: ver 3 1 (tinfo 0x9ba56480)
09-19 17:15:20.868  2032  2225 D EGL_adreno: eglMakeCurrent: 0x9a968f00: ver 3 1 (tinfo 0x9ba56480)
09-19 17:15:20.890  2032  2225 D EGL_adreno: eglMakeCurrent: 0x9a968f00: ver 3 1 (tinfo 0x9ba56480)
09-19 17:15:20.903  2032  2225 D EGL_adreno: eglMakeCurrent: 0x9a968f00: ver 3 1 (tinfo 0x9ba56480)
09-19 17:15:20.906  2032  2225 D EGL_adreno: eglMakeCurrent: 0x9a968f00: ver 3 1 (tinfo 0x9ba56480)
09-19 17:15:20.908  2032  2225 D EGL_adreno: eglMakeCurrent: 0x9a968f00: ver 3 1 (tinfo 0x9ba56480)
09-19 17:15:20.918  2032  2225 D EGL_adreno: eglMakeCurrent: 0x9a968f00: ver 3 1 (tinfo 0x9ba56480)
09-19 17:15:20.938  2032  2225 D EGL_adreno: eglMakeCurrent: 0x9a968f00: ver 3 1 (tinfo 0x9ba56480)
09-19 17:15:20.951  2032  2225 D EGL_adreno: eglMakeCurrent: 0x9a968f00: ver 3 1 (tinfo 0x9ba56480)
09-19 17:15:20.954  2032  2225 D EGL_adreno: eglMakeCurrent: 0x9a968f00: ver 3 1 (tinfo 0x9ba56480)
09-19 17:15:20.967  2032  2225 D EGL_adreno: eglMakeCurrent: 0x9a968f00: ver 3 1 (tinfo 0x9ba56480)
09-19 17:15:20.973  1696  1696 W ContextImpl: Calling a method in the system process without a qualified user: android.app.ContextImpl.startService:1358 android.content.ContextWrapper.startService:613 android.content.ContextWrapper.startService:613 com.android.coreservice.CoreBroadcastReceiver.onReceive:69 android.app.ActivityThread.handleReceiver:3073 
09-19 17:15:20.976  1696  1696 W ContextImpl: Calling a method in the system process without a qualified user: android.app.ContextImpl.startService:1358 android.content.ContextWrapper.startService:613 android.content.ContextWrapper.startService:613 com.android.coreservice.CoreBroadcastReceiver.onReceive:69 android.app.ActivityThread.handleReceiver:3073 
09-19 17:15:20.988  2032  2225 D EGL_adreno: eglMakeCurrent: 0x9a968f00: ver 3 1 (tinfo 0x9ba56480)
09-19 17:15:20.990  2032  2225 D EGL_adreno: eglMakeCurrent: 0x9a968f00: ver 3 1 (tinfo 0x9ba56480)
09-19 17:15:21.002  2032  2225 D EGL_adreno: eglMakeCurrent: 0x9a968f00: ver 3 1 (tinfo 0x9ba56480)
09-19 17:15:21.005  2032  2225 D EGL_adreno: eglMakeCurrent: 0x9a968f00: ver 3 1 (tinfo 0x9ba56480)
09-19 17:15:21.021  2032  2225 D EGL_adreno: eglMakeCurrent: 0x9a968f00: ver 3 1 (tinfo 0x9ba56480)
09-19 17:15:21.025  2032  2225 D EGL_adreno: eglMakeCurrent: 0x9a968f00: ver 3 1 (tinfo 0x9ba56480)
09-19 17:15:21.035  2032  2225 D EGL_adreno: eglMakeCurrent: 0x9a968f00: ver 3 1 (tinfo 0x9ba56480)
09-19 17:15:21.054  2032  2225 D EGL_adreno: eglMakeCurrent: 0x9a968f00: ver 3 1 (tinfo 0x9ba56480)
09-19 17:15:21.070  2032  2225 D EGL_adreno: eglMakeCurrent: 0x9a968f00: ver 3 1 (tinfo 0x9ba56480)
09-19 17:15:21.073  2032  2225 D EGL_adreno: eglMakeCurrent: 0x9a968f00: ver 3 1 (tinfo 0x9ba56480)
09-19 17:15:21.084  2032  2225 D EGL_adreno: eglMakeCurrent: 0x9a968f00: ver 3 1 (tinfo 0x9ba56480)
09-19 17:15:21.103  2032  2225 D EGL_adreno: eglMakeCurrent: 0x9a968f00: ver 3 1 (tinfo 0x9ba56480)
09-19 17:15:21.118  2032  2225 D EGL_adreno: eglMakeCurrent: 0x9a968f00: ver 3 1 (tinfo 0x9ba56480)
09-19 17:15:21.121  2032  2225 D EGL_adreno: eglMakeCurrent: 0x9a968f00: ver 3 1 (tinfo 0x9ba56480)
09-19 17:15:21.134  2032  2225 D EGL_adreno: eglMakeCurrent: 0x9a968f00: ver 3 1 (tinfo 0x9ba56480)
09-19 17:15:21.154  2032  2225 D EGL_adreno: eglMakeCurrent: 0x9a968f00: ver 3 1 (tinfo 0x9ba56480)
09-19 17:15:21.170  2032  2225 D EGL_adreno: eglMakeCurrent: 0x9a968f00: ver 3 1 (tinfo 0x9ba56480)
09-19 17:15:21.173  2032  2225 D EGL_adreno: eglMakeCurrent: 0x9a968f00: ver 3 1 (tinfo 0x9ba56480)
09-19 17:15:21.184  2032  2225 D EGL_adreno: eglMakeCurrent: 0x9a968f00: ver 3 1 (tinfo 0x9ba56480)
09-19 17:15:21.203  2032  2225 D EGL_adreno: eglMakeCurrent: 0x9a968f00: ver 3 1 (tinfo 0x9ba56480)
09-19 17:15:21.220  2032  2225 D EGL_adreno: eglMakeCurrent: 0x9a968f00: ver 3 1 (tinfo 0x9ba56480)
09-19 17:15:21.222  2032  2215 I art     : Starting a blocking GC Explicit
09-19 17:15:21.224  2032  2225 D EGL_adreno: eglMakeCurrent: 0x9a968f00: ver 3 1 (tinfo 0x9ba56480)
09-19 17:15:21.235  2032  2225 D EGL_adreno: eglMakeCurrent: 0x9a968f00: ver 3 1 (tinfo 0x9ba56480)
09-19 17:15:21.254  2032  2225 D EGL_adreno: eglMakeCurrent: 0x9a968f00: ver 3 1 (tinfo 0x9ba56480)
09-19 17:15:21.257  2032  2215 I art     : Explicit concurrent mark sweep GC freed 27972(1134KB) AllocSpace objects, 7(192KB) LOS objects, 13% free, 105MB/121MB, paused 767us total 34.886ms
09-19 17:15:21.268  2032  2225 D EGL_adreno: eglMakeCurrent: 0x9a968f00: ver 3 1 (tinfo 0x9ba56480)
09-19 17:15:21.272  2032  2225 D EGL_adreno: eglMakeCurrent: 0x9a968f00: ver 3 1 (tinfo 0x9ba56480)
09-19 17:15:21.285  2032  2225 D EGL_adreno: eglMakeCurrent: 0x9a968f00: ver 3 1 (tinfo 0x9ba56480)
09-19 17:15:21.305  2032  2225 D EGL_adreno: eglMakeCurrent: 0x9a968f00: ver 3 1 (tinfo 0x9ba56480)
09-19 17:15:21.322  2032  2225 D EGL_adreno: eglMakeCurrent: 0x9a968f00: ver 3 1 (tinfo 0x9ba56480)
09-19 17:15:21.325  2032  2225 D EGL_adreno: eglMakeCurrent: 0x9a968f00: ver 3 1 (tinfo 0x9ba56480)
09-19 17:15:21.337  2032  2225 D EGL_adreno: eglMakeCurrent: 0x9a968f00: ver 3 1 (tinfo 0x9ba56480)
09-19 17:15:21.340  2032  2225 D EGL_adreno: eglMakeCurrent: 0x9a968f00: ver 3 1 (tinfo 0x9ba56480)
09-19 17:15:21.353  2032  2225 D EGL_adreno: eglMakeCurrent: 0x9a968f00: ver 3 1 (tinfo 0x9ba56480)
09-19 17:15:21.371  2032  2225 D EGL_adreno: eglMakeCurrent: 0x9a968f00: ver 3 1 (tinfo 0x9ba56480)
09-19 17:15:21.384  2032  2225 D EGL_adreno: eglMakeCurrent: 0x9a968f00: ver 3 1 (tinfo 0x9ba56480)
09-19 17:15:21.389  2032  2225 D EGL_adreno: eglMakeCurrent: 0x9a968f00: ver 3 1 (tinfo 0x9ba56480)
09-19 17:15:21.400  2032  2225 D EGL_adreno: eglMakeCurrent: 0x9a968f00: ver 3 1 (tinfo 0x9ba56480)
09-19 17:15:21.425  2032  2225 D EGL_adreno: eglMakeCurrent: 0x9a968f00: ver 3 1 (tinfo 0x9ba56480)
09-19 17:15:21.428  2032  2225 D EGL_adreno: eglMakeCurrent: 0x9a968f00: ver 3 1 (tinfo 0x9ba56480)
09-19 17:15:21.435  1696  1696 W ContextImpl: Calling a method in the system process without a qualified user: android.app.ContextImpl.startService:1358 android.content.ContextWrapper.startService:613 android.content.ContextWrapper.startService:613 com.android.coreservice.CoreBroadcastReceiver.onReceive:69 android.app.ActivityThread.handleReceiver:3073 
09-19 17:15:21.437  2032  2225 D EGL_adreno: eglMakeCurrent: 0x9a968f00: ver 3 1 (tinfo 0x9ba56480)
09-19 17:15:21.445  2032  2225 D EGL_adreno: eglMakeCurrent: 0x9a968f00: ver 3 1 (tinfo 0x9ba56480)
09-19 17:15:21.447  2032  2225 D EGL_adreno: eglMakeCurrent: 0x9a968f00: ver 3 1 (tinfo 0x9ba56480)
09-19 17:15:21.454  2032  2225 D EGL_adreno: eglMakeCurrent: 0x9a968f00: ver 3 1 (tinfo 0x9ba56480)
09-19 17:15:21.467  2032  2225 D EGL_adreno: eglMakeCurrent: 0x9a968f00: ver 3 1 (tinfo 0x9ba56480)
09-19 17:15:21.468  2032  2032 W IInputConnectionWrapper: finishComposingText on inactive InputConnection
09-19 17:15:21.477  2032  2225 D EGL_adreno: eglMakeCurrent: 0x9a968f00: ver 3 1 (tinfo 0x9ba56480)
09-19 17:15:21.488  2032  2225 D EGL_adreno: eglMakeCurrent: 0x9a968f00: ver 3 1 (tinfo 0x9ba56480)
09-19 17:15:21.491  2032  2225 D EGL_adreno: eglMakeCurrent: 0x9a968f00: ver 3 1 (tinfo 0x9ba56480)
09-19 17:15:21.501  2032  2225 D EGL_adreno: eglMakeCurrent: 0x9a968f00: ver 3 1 (tinfo 0x9ba56480)
09-19 17:15:21.504  2032  2225 D EGL_adreno: eglMakeCurrent: 0x9a968f00: ver 3 1 (tinfo 0x9ba56480)
09-19 17:15:21.507  2032  2225 D EGL_adreno: eglMakeCurrent: 0x9a968f00: ver 3 1 (tinfo 0x9ba56480)
09-19 17:15:21.517  2032  2225 D EGL_adreno: eglMakeCurrent: 0x9a968f00: ver 3 1 (tinfo 0x9ba56480)
09-19 17:15:21.520  2032  2225 D EGL_adreno: eglMakeCurrent: 0x9a968f00: ver 3 1 (tinfo 0x9ba56480)
09-19 17:15:21.534  2032  2225 D EGL_adreno: eglMakeCurrent: 0x9a968f00: ver 3 1 (tinfo 0x9ba56480)
09-19 17:15:21.539  2032  2225 D EGL_adreno: eglMakeCurrent: 0x9a968f00: ver 3 1 (tinfo 0x9ba56480)
09-19 17:15:21.542  2032  2225 D EGL_adreno: eglMakeCurrent: 0x9a968f00: ver 3 1 (tinfo 0x9ba56480)
09-19 17:15:21.551  2032  2225 D EGL_adreno: eglMakeCurrent: 0x9a968f00: ver 3 1 (tinfo 0x9ba56480)
09-19 17:15:21.553  2032  2225 D EGL_adreno: eglMakeCurrent: 0x9a968f00: ver 3 1 (tinfo 0x9ba56480)
09-19 17:15:21.556  2032  2225 D EGL_adreno: eglMakeCurrent: 0x9a968f00: ver 3 1 (tinfo 0x9ba56480)
09-19 17:15:21.570  2032  2225 D EGL_adreno: eglMakeCurrent: 0x9a968f00: ver 3 1 (tinfo 0x9ba56480)
09-19 17:15:21.573  2032  2225 D EGL_adreno: eglMakeCurrent: 0x9a968f00: ver 3 1 (tinfo 0x9ba56480)
09-19 17:15:21.587  2032  2225 D EGL_adreno: eglMakeCurrent: 0x9a968f00: ver 3 1 (tinfo 0x9ba56480)
09-19 17:15:21.590  2032  2225 D EGL_adreno: eglMakeCurrent: 0x9a968f00: ver 3 1 (tinfo 0x9ba56480)
09-19 17:15:21.592  2032  2225 D EGL_adreno: eglMakeCurrent: 0x9a968f00: ver 3 1 (tinfo 0x9ba56480)
09-19 17:15:21.602  2032  2225 D EGL_adreno: eglMakeCurrent: 0x9a968f00: ver 3 1 (tinfo 0x9ba56480)
09-19 17:15:21.605  2032  2225 D EGL_adreno: eglMakeCurrent: 0x9a968f00: ver 3 1 (tinfo 0x9ba56480)
09-19 17:15:21.609  2032  2225 D EGL_adreno: eglMakeCurrent: 0x9a968f00: ver 3 1 (tinfo 0x9ba56480)
09-19 17:15:21.620  2032  2225 D EGL_adreno: eglMakeCurrent: 0x9a968f00: ver 3 1 (tinfo 0x9ba56480)
09-19 17:15:21.623  2032  2225 D EGL_adreno: eglMakeCurrent: 0x9a968f00: ver 3 1 (tinfo 0x9ba56480)
09-19 17:15:21.635  2032  2225 D EGL_adreno: eglMakeCurrent: 0x9a968f00: ver 3 1 (tinfo 0x9ba56480)
09-19 17:15:21.640  2032  2225 D EGL_adreno: eglMakeCurrent: 0x9a968f00: ver 3 1 (tinfo 0x9ba56480)
09-19 17:15:21.642  2032  2225 D EGL_adreno: eglMakeCurrent: 0x9a968f00: ver 3 1 (tinfo 0x9ba56480)
09-19 17:15:21.650  2032  2225 D EGL_adreno: eglMakeCurrent: 0x9a968f00: ver 3 1 (tinfo 0x9ba56480)
09-19 17:15:21.654  2032  2225 D EGL_adreno: eglMakeCurrent: 0x9a968f00: ver 3 1 (tinfo 0x9ba56480)
09-19 17:15:21.656  2032  2225 D EGL_adreno: eglMakeCurrent: 0x9a968f00: ver 3 1 (tinfo 0x9ba56480)
09-19 17:15:21.667  2032  2225 D EGL_adreno: eglMakeCurrent: 0x9a968f00: ver 3 1 (tinfo 0x9ba56480)
09-19 17:15:21.671  2032  2225 D EGL_adreno: eglMakeCurrent: 0x9a968f00: ver 3 1 (tinfo 0x9ba56480)
09-19 17:15:21.687  2032  2225 D EGL_adreno: eglMakeCurrent: 0x9a968f00: ver 3 1 (tinfo 0x9ba56480)
09-19 17:15:21.689  2032  2225 D EGL_adreno: eglMakeCurrent: 0x9a968f00: ver 3 1 (tinfo 0x9ba56480)
09-19 17:15:21.692  2032  2225 D EGL_adreno: eglMakeCurrent: 0x9a968f00: ver 3 1 (tinfo 0x9ba56480)
09-19 17:15:21.701  2032  2225 D EGL_adreno: eglMakeCurrent: 0x9a968f00: ver 3 1 (tinfo 0x9ba56480)
09-19 17:15:21.704  2032  2225 D EGL_adreno: eglMakeCurrent: 0x9a968f00: ver 3 1 (tinfo 0x9ba56480)
09-19 17:15:21.708  2032  2225 D EGL_adreno: eglMakeCurrent: 0x9a968f00: ver 3 1 (tinfo 0x9ba56480)
09-19 17:15:21.720  2032  2225 D EGL_adreno: eglMakeCurrent: 0x9a968f00: ver 3 1 (tinfo 0x9ba56480)
09-19 17:15:21.722  2032  2225 D EGL_adreno: eglMakeCurrent: 0x9a968f00: ver 3 1 (tinfo 0x9ba56480)
09-19 17:15:21.735  2032  2225 D EGL_adreno: eglMakeCurrent: 0x9a968f00: ver 3 1 (tinfo 0x9ba56480)
09-19 17:15:21.738  2032  2225 D EGL_adreno: eglMakeCurrent: 0x9a968f00: ver 3 1 (tinfo 0x9ba56480)
09-19 17:15:21.740  2032  2225 D EGL_adreno: eglMakeCurrent: 0x9a968f00: ver 3 1 (tinfo 0x9ba56480)
09-19 17:15:21.752  2032  2225 D EGL_adreno: eglMakeCurrent: 0x9a968f00: ver 3 1 (tinfo 0x9ba56480)
09-19 17:15:21.755  2032  2225 D EGL_adreno: eglMakeCurrent: 0x9a968f00: ver 3 1 (tinfo 0x9ba56480)
09-19 17:15:21.757  2032  2225 D EGL_adreno: eglMakeCurrent: 0x9a968f00: ver 3 1 (tinfo 0x9ba56480)
09-19 17:15:21.770  2032  2225 D EGL_adreno: eglMakeCurrent: 0x9a968f00: ver 3 1 (tinfo 0x9ba56480)
09-19 17:15:21.772  2032  2225 D EGL_adreno: eglMakeCurrent: 0x9a968f00: ver 3 1 (tinfo 0x9ba56480)
09-19 17:15:21.784  2032  2225 D EGL_adreno: eglMakeCurrent: 0x9a968f00: ver 3 1 (tinfo 0x9ba56480)
09-19 17:15:21.787  2032  2225 D EGL_adreno: eglMakeCurrent: 0x9a968f00: ver 3 1 (tinfo 0x9ba56480)
09-19 17:15:21.790  2032  2225 D EGL_adreno: eglMakeCurrent: 0x9a968f00: ver 3 1 (tinfo 0x9ba56480)
09-19 17:15:21.803  2032  2225 D EGL_adreno: eglMakeCurrent: 0x9a968f00: ver 3 1 (tinfo 0x9ba56480)
09-19 17:15:21.806  2032  2225 D EGL_adreno: eglMakeCurrent: 0x9a968f00: ver 3 1 (tinfo 0x9ba56480)
09-19 17:15:21.810  2032  2225 D EGL_adreno: eglMakeCurrent: 0x9a968f00: ver 3 1 (tinfo 0x9ba56480)
09-19 17:15:21.818  2032  2225 D EGL_adreno: eglMakeCurrent: 0x9a968f00: ver 3 1 (tinfo 0x9ba56480)
09-19 17:15:21.824  2032  2225 D EGL_adreno: eglMakeCurrent: 0x9a968f00: ver 3 1 (tinfo 0x9ba56480)
09-19 17:15:21.834  2032  2225 D EGL_adreno: eglMakeCurrent: 0x9a968f00: ver 3 1 (tinfo 0x9ba56480)
09-19 17:15:21.842  2032  2225 D EGL_adreno: eglMakeCurrent: 0x9a968f00: ver 3 1 (tinfo 0x9ba56480)
09-19 17:15:21.844  2032  2225 D EGL_adreno: eglMakeCurrent: 0x9a968f00: ver 3 1 (tinfo 0x9ba56480)
09-19 17:15:21.848  2032  2314 E AGORA_SDK: cannot open log file for writing: agorartm.log, err=30
09-19 17:15:21.855  2032  2225 D EGL_adreno: eglMakeCurrent: 0x9a968f00: ver 3 1 (tinfo 0x9ba56480)
09-19 17:15:21.863  2032  2225 D EGL_adreno: eglMakeCurrent: 0x9a968f00: ver 3 1 (tinfo 0x9ba56480)
09-19 17:15:21.865  2032  2225 D EGL_adreno: eglMakeCurrent: 0x9a968f00: ver 3 1 (tinfo 0x9ba56480)
09-19 17:15:21.871  2032  2225 D EGL_adreno: eglMakeCurrent: 0x9a968f00: ver 3 1 (tinfo 0x9ba56480)
09-19 17:15:21.874  2032  2225 D EGL_adreno: eglMakeCurrent: 0x9a968f00: ver 3 1 (tinfo 0x9ba56480)
09-19 17:15:21.887  2032  2225 D EGL_adreno: eglMakeCurrent: 0x9a968f00: ver 3 1 (tinfo 0x9ba56480)
09-19 17:15:21.890  2032  2225 D EGL_adreno: eglMakeCurrent: 0x9a968f00: ver 3 1 (tinfo 0x9ba56480)
09-19 17:15:21.893  2032  2225 D EGL_adreno: eglMakeCurrent: 0x9a968f00: ver 3 1 (tinfo 0x9ba56480)
09-19 17:15:21.902  2032  2225 D EGL_adreno: eglMakeCurrent: 0x9a968f00: ver 3 1 (tinfo 0x9ba56480)
09-19 17:15:21.906  2032  2225 D EGL_adreno: eglMakeCurrent: 0x9a968f00: ver 3 1 (tinfo 0x9ba56480)
09-19 17:15:21.908  2032  2225 D EGL_adreno: eglMakeCurrent: 0x9a968f00: ver 3 1 (tinfo 0x9ba56480)
09-19 17:15:21.919  1696  1696 W ContextImpl: Calling a method in the system process without a qualified user: android.app.ContextImpl.startService:1358 android.content.ContextWrapper.startService:613 android.content.ContextWrapper.startService:613 com.android.coreservice.CoreBroadcastReceiver.onReceive:69 android.app.ActivityThread.handleReceiver:3073 
09-19 17:15:21.921  2032  2225 D EGL_adreno: eglMakeCurrent: 0x9a968f00: ver 3 1 (tinfo 0x9ba56480)
09-19 17:15:21.923  2032  2225 D EGL_adreno: eglMakeCurrent: 0x9a968f00: ver 3 1 (tinfo 0x9ba56480)
09-19 17:15:21.936  2032  2225 D EGL_adreno: eglMakeCurrent: 0x9a968f00: ver 3 1 (tinfo 0x9ba56480)
09-19 17:15:21.939  2032  2225 D EGL_adreno: eglMakeCurrent: 0x9a968f00: ver 3 1 (tinfo 0x9ba56480)
09-19 17:15:21.944  2032  2225 D EGL_adreno: eglMakeCurrent: 0x9a968f00: ver 3 1 (tinfo 0x9ba56480)
09-19 17:15:21.950  2032  2225 D EGL_adreno: eglMakeCurrent: 0x9a968f00: ver 3 1 (tinfo 0x9ba56480)
09-19 17:15:21.954  2032  2225 D EGL_adreno: eglMakeCurrent: 0x9a968f00: ver 3 1 (tinfo 0x9ba56480)
09-19 17:15:21.956  2032  2225 D EGL_adreno: eglMakeCurrent: 0x9a968f00: ver 3 1 (tinfo 0x9ba56480)
09-19 17:15:21.968  2032  2225 D EGL_adreno: eglMakeCurrent: 0x9a968f00: ver 3 1 (tinfo 0x9ba56480)
09-19 17:15:21.971  2032  2225 D EGL_adreno: eglMakeCurrent: 0x9a968f00: ver 3 1 (tinfo 0x9ba56480)
09-19 17:15:21.986  2032  2225 D EGL_adreno: eglMakeCurrent: 0x9a968f00: ver 3 1 (tinfo 0x9ba56480)
09-19 17:15:21.992  2032  2225 D EGL_adreno: eglMakeCurrent: 0x9a968f00: ver 3 1 (tinfo 0x9ba56480)
09-19 17:15:21.993  2032  2225 D EGL_adreno: eglMakeCurrent: 0x9a968f00: ver 3 1 (tinfo 0x9ba56480)
09-19 17:15:22.001  2032  2225 D EGL_adreno: eglMakeCurrent: 0x9a968f00: ver 3 1 (tinfo 0x9ba56480)
09-19 17:15:22.005  2032  2225 D EGL_adreno: eglMakeCurrent: 0x9a968f00: ver 3 1 (tinfo 0x9ba56480)
09-19 17:15:22.010  2032  2225 D EGL_adreno: eglMakeCurrent: 0x9a968f00: ver 3 1 (tinfo 0x9ba56480)
09-19 17:15:22.019  2032  2225 D EGL_adreno: eglMakeCurrent: 0x9a968f00: ver 3 1 (tinfo 0x9ba56480)
09-19 17:15:22.022  2032  2225 D EGL_adreno: eglMakeCurrent: 0x9a968f00: ver 3 1 (tinfo 0x9ba56480)
09-19 17:15:22.036  2032  2225 D EGL_adreno: eglMakeCurrent: 0x9a968f00: ver 3 1 (tinfo 0x9ba56480)
09-19 17:15:22.038  2032  2225 D EGL_adreno: eglMakeCurrent: 0x9a968f00: ver 3 1 (tinfo 0x9ba56480)
09-19 17:15:22.041  2032  2225 D EGL_adreno: eglMakeCurrent: 0x9a968f00: ver 3 1 (tinfo 0x9ba56480)
09-19 17:15:22.053  2032  2225 D EGL_adreno: eglMakeCurrent: 0x9a968f00: ver 3 1 (tinfo 0x9ba56480)
09-19 17:15:22.056  2032  2225 D EGL_adreno: eglMakeCurrent: 0x9a968f00: ver 3 1 (tinfo 0x9ba56480)
09-19 17:15:22.058  2032  2225 D EGL_adreno: eglMakeCurrent: 0x9a968f00: ver 3 1 (tinfo 0x9ba56480)
09-19 17:15:22.068  2032  2225 D EGL_adreno: eglMakeCurrent: 0x9a968f00: ver 3 1 (tinfo 0x9ba56480)
09-19 17:15:22.071  2032  2225 D EGL_adreno: eglMakeCurrent: 0x9a968f00: ver 3 1 (tinfo 0x9ba56480)
09-19 17:15:22.087  2032  2225 D EGL_adreno: eglMakeCurrent: 0x9a968f00: ver 3 1 (tinfo 0x9ba56480)
09-19 17:15:22.090  2032  2225 D EGL_adreno: eglMakeCurrent: 0x9a968f00: ver 3 1 (tinfo 0x9ba56480)
09-19 17:15:22.093  2032  2225 D EGL_adreno: eglMakeCurrent: 0x9a968f00: ver 3 1 (tinfo 0x9ba56480)
09-19 17:15:22.102  2032  2225 D EGL_adreno: eglMakeCurrent: 0x9a968f00: ver 3 1 (tinfo 0x9ba56480)
09-19 17:15:22.104  2032  2225 D EGL_adreno: eglMakeCurrent: 0x9a968f00: ver 3 1 (tinfo 0x9ba56480)
09-19 17:15:22.107  2032  2225 D EGL_adreno: eglMakeCurrent: 0x9a968f00: ver 3 1 (tinfo 0x9ba56480)
09-19 17:15:22.118  2032  2225 D EGL_adreno: eglMakeCurrent: 0x9a968f00: ver 3 1 (tinfo 0x9ba56480)
09-19 17:15:22.121  2032  2225 D EGL_adreno: eglMakeCurrent: 0x9a968f00: ver 3 1 (tinfo 0x9ba56480)
09-19 17:15:22.136  2032  2225 D EGL_adreno: eglMakeCurrent: 0x9a968f00: ver 3 1 (tinfo 0x9ba56480)
09-19 17:15:22.138  2032  2225 D EGL_adreno: eglMakeCurrent: 0x9a968f00: ver 3 1 (tinfo 0x9ba56480)
09-19 17:15:22.150  2032  2225 D EGL_adreno: eglMakeCurrent: 0x9a968f00: ver 3 1 (tinfo 0x9ba56480)
09-19 17:15:22.154  2032  2225 D EGL_adreno: eglMakeCurrent: 0x9a968f00: ver 3 1 (tinfo 0x9ba56480)
09-19 17:15:22.168  2032  2225 D EGL_adreno: eglMakeCurrent: 0x9a968f00: ver 3 1 (tinfo 0x9ba56480)
09-19 17:15:22.187  2032  2225 D EGL_adreno: eglMakeCurrent: 0x9a968f00: ver 3 1 (tinfo 0x9ba56480)
09-19 17:15:22.201  2032  2225 D EGL_adreno: eglMakeCurrent: 0x9a968f00: ver 3 1 (tinfo 0x9ba56480)
09-19 17:15:22.205  2032  2225 D EGL_adreno: eglMakeCurrent: 0x9a968f00: ver 3 1 (tinfo 0x9ba56480)
09-19 17:15:22.217  2032  2225 D EGL_adreno: eglMakeCurrent: 0x9a968f00: ver 3 1 (tinfo 0x9ba56480)
09-19 17:15:22.241  2032  2225 D EGL_adreno: eglMakeCurrent: 0x9a968f00: ver 3 1 (tinfo 0x9ba56480)
09-19 17:15:22.255  2032  2225 D EGL_adreno: eglMakeCurrent: 0x9a968f00: ver 3 1 (tinfo 0x9ba56480)
09-19 17:15:22.258  2032  2225 D EGL_adreno: eglMakeCurrent: 0x9a968f00: ver 3 1 (tinfo 0x9ba56480)
09-19 17:15:22.272  2032  2225 D EGL_adreno: eglMakeCurrent: 0x9a968f00: ver 3 1 (tinfo 0x9ba56480)
09-19 17:15:22.275  2032  2225 D EGL_adreno: eglMakeCurrent: 0x9a968f00: ver 3 1 (tinfo 0x9ba56480)
09-19 17:15:22.289  2032  2225 D EGL_adreno: eglMakeCurrent: 0x9a968f00: ver 3 1 (tinfo 0x9ba56480)
09-19 17:15:22.304  2032  2225 D EGL_adreno: eglMakeCurrent: 0x9a968f00: ver 3 1 (tinfo 0x9ba56480)
09-19 17:15:22.317  2032  2225 D EGL_adreno: eglMakeCurrent: 0x9a968f00: ver 3 1 (tinfo 0x9ba56480)
09-19 17:15:22.322  2032  2225 D EGL_adreno: eglMakeCurrent: 0x9a968f00: ver 3 1 (tinfo 0x9ba56480)
09-19 17:15:22.335  2032  2225 D EGL_adreno: eglMakeCurrent: 0x9a968f00: ver 3 1 (tinfo 0x9ba56480)
09-19 17:15:22.354  2032  2225 D EGL_adreno: eglMakeCurrent: 0x9a968f00: ver 3 1 (tinfo 0x9ba56480)
09-19 17:15:22.370  2032  2225 D EGL_adreno: eglMakeCurrent: 0x9a968f00: ver 3 1 (tinfo 0x9ba56480)
09-19 17:15:22.373  2032  2225 D EGL_adreno: eglMakeCurrent: 0x9a968f00: ver 3 1 (tinfo 0x9ba56480)
09-19 17:15:22.386  2032  2225 D EGL_adreno: eglMakeCurrent: 0x9a968f00: ver 3 1 (tinfo 0x9ba56480)
09-19 17:15:22.391  2032  2225 D EGL_adreno: eglMakeCurrent: 0x9a968f00: ver 3 1 (tinfo 0x9ba56480)
09-19 17:15:22.403  2032  2225 D EGL_adreno: eglMakeCurrent: 0x9a968f00: ver 3 1 (tinfo 0x9ba56480)
09-19 17:15:22.421  2032  2225 D EGL_adreno: eglMakeCurrent: 0x9a968f00: ver 3 1 (tinfo 0x9ba56480)
09-19 17:15:22.435  2032  2225 D EGL_adreno: eglMakeCurrent: 0x9a968f00: ver 3 1 (tinfo 0x9ba56480)
09-19 17:15:22.438  2032  2225 D EGL_adreno: eglMakeCurrent: 0x9a968f00: ver 3 1 (tinfo 0x9ba56480)
09-19 17:15:22.451  2032  2225 D EGL_adreno: eglMakeCurrent: 0x9a968f00: ver 3 1 (tinfo 0x9ba56480)
09-19 17:15:22.475  2032  2225 D EGL_adreno: eglMakeCurrent: 0x9a968f00: ver 3 1 (tinfo 0x9ba56480)
09-19 17:15:22.485  2032  2225 D EGL_adreno: eglMakeCurrent: 0x9a968f00: ver 3 1 (tinfo 0x9ba56480)
09-19 17:15:22.487  2032  2225 D EGL_adreno: eglMakeCurrent: 0x9a968f00: ver 3 1 (tinfo 0x9ba56480)
09-19 17:15:22.503  2032  2225 D EGL_adreno: eglMakeCurrent: 0x9a968f00: ver 3 1 (tinfo 0x9ba56480)
09-19 17:15:22.521  2032  2225 D EGL_adreno: eglMakeCurrent: 0x9a968f00: ver 3 1 (tinfo 0x9ba56480)
09-19 17:15:22.534  2032  2225 D EGL_adreno: eglMakeCurrent: 0x9a968f00: ver 3 1 (tinfo 0x9ba56480)
09-19 17:15:22.541  2032  2225 D EGL_adreno: eglMakeCurrent: 0x9a968f00: ver 3 1 (tinfo 0x9ba56480)
09-19 17:15:22.551  2032  2225 D EGL_adreno: eglMakeCurrent: 0x9a968f00: ver 3 1 (tinfo 0x9ba56480)
09-19 17:15:22.570  2032  2225 D EGL_adreno: eglMakeCurrent: 0x9a968f00: ver 3 1 (tinfo 0x9ba56480)
09-19 17:15:22.584  2032  2225 D EGL_adreno: eglMakeCurrent: 0x9a968f00: ver 3 1 (tinfo 0x9ba56480)
09-19 17:15:22.590  2032  2225 D EGL_adreno: eglMakeCurrent: 0x9a968f00: ver 3 1 (tinfo 0x9ba56480)
09-19 17:15:22.601  2032  2225 D EGL_adreno: eglMakeCurrent: 0x9a968f00: ver 3 1 (tinfo 0x9ba56480)
09-19 17:15:22.620  2032  2225 D EGL_adreno: eglMakeCurrent: 0x9a968f00: ver 3 1 (tinfo 0x9ba56480)
09-19 17:15:22.636  2032  2225 D EGL_adreno: eglMakeCurrent: 0x9a968f00: ver 3 1 (tinfo 0x9ba56480)
09-19 17:15:22.641  2032  2225 D EGL_adreno: eglMakeCurrent: 0x9a968f00: ver 3 1 (tinfo 0x9ba56480)
09-19 17:15:22.651  2032  2225 D EGL_adreno: eglMakeCurrent: 0x9a968f00: ver 3 1 (tinfo 0x9ba56480)
09-19 17:15:22.671  2032  2225 D EGL_adreno: eglMakeCurrent: 0x9a968f00: ver 3 1 (tinfo 0x9ba56480)
09-19 17:15:22.684  2032  2225 D EGL_adreno: eglMakeCurrent: 0x9a968f00: ver 3 1 (tinfo 0x9ba56480)
09-19 17:15:22.690  2032  2225 D EGL_adreno: eglMakeCurrent: 0x9a968f00: ver 3 1 (tinfo 0x9ba56480)
09-19 17:15:22.701  2032  2225 D EGL_adreno: eglMakeCurrent: 0x9a968f00: ver 3 1 (tinfo 0x9ba56480)
09-19 17:15:22.721  2032  2225 D EGL_adreno: eglMakeCurrent: 0x9a968f00: ver 3 1 (tinfo 0x9ba56480)
09-19 17:15:22.736  2032  2225 D EGL_adreno: eglMakeCurrent: 0x9a968f00: ver 3 1 (tinfo 0x9ba56480)
09-19 17:15:22.741  2032  2225 D EGL_adreno: eglMakeCurrent: 0x9a968f00: ver 3 1 (tinfo 0x9ba56480)
09-19 17:15:22.750  2032  2225 D EGL_adreno: eglMakeCurrent: 0x9a968f00: ver 3 1 (tinfo 0x9ba56480)
09-19 17:15:22.771  2032  2225 D EGL_adreno: eglMakeCurrent: 0x9a968f00: ver 3 1 (tinfo 0x9ba56480)
09-19 17:15:22.786  2032  2225 D EGL_adreno: eglMakeCurrent: 0x9a968f00: ver 3 1 (tinfo 0x9ba56480)
09-19 17:15:22.789  2032  2225 D EGL_adreno: eglMakeCurrent: 0x9a968f00: ver 3 1 (tinfo 0x9ba56480)
09-19 17:15:22.806  2032  2225 D EGL_adreno: eglMakeCurrent: 0x9a968f00: ver 3 1 (tinfo 0x9ba56480)
09-19 17:15:22.824  2032  2225 D EGL_adreno: eglMakeCurrent: 0x9a968f00: ver 3 1 (tinfo 0x9ba56480)
09-19 17:15:22.837  2032  2225 D EGL_adreno: eglMakeCurrent: 0x9a968f00: ver 3 1 (tinfo 0x9ba56480)
09-19 17:15:22.842  2032  2225 D EGL_adreno: eglMakeCurrent: 0x9a968f00: ver 3 1 (tinfo 0x9ba56480)
09-19 17:15:22.850  2032  2225 D EGL_adreno: eglMakeCurrent: 0x9a968f00: ver 3 1 (tinfo 0x9ba56480)
09-19 17:15:22.872  2032  2225 D EGL_adreno: eglMakeCurrent: 0x9a968f00: ver 3 1 (tinfo 0x9ba56480)
09-19 17:15:22.885  2032  2225 D EGL_adreno: eglMakeCurrent: 0x9a968f00: ver 3 1 (tinfo 0x9ba56480)
09-19 17:15:22.888  2032  2225 D EGL_adreno: eglMakeCurrent: 0x9a968f00: ver 3 1 (tinfo 0x9ba56480)
09-19 17:15:22.901  2032  2225 D EGL_adreno: eglMakeCurrent: 0x9a968f00: ver 3 1 (tinfo 0x9ba56480)
09-19 17:15:22.904  2032  2225 D EGL_adreno: eglMakeCurrent: 0x9a968f00: ver 3 1 (tinfo 0x9ba56480)
09-19 17:15:22.917  2032  2225 D EGL_adreno: eglMakeCurrent: 0x9a968f00: ver 3 1 (tinfo 0x9ba56480)
09-19 17:15:22.921  2032  2225 D EGL_adreno: eglMakeCurrent: 0x9a968f00: ver 3 1 (tinfo 0x9ba56480)
09-19 17:15:22.937  2032  2225 D EGL_adreno: eglMakeCurrent: 0x9a968f00: ver 3 1 (tinfo 0x9ba56480)
09-19 17:15:22.939  2032  2225 D EGL_adreno: eglMakeCurrent: 0x9a968f00: ver 3 1 (tinfo 0x9ba56480)
09-19 17:15:22.951  2032  2225 D EGL_adreno: eglMakeCurrent: 0x9a968f00: ver 3 1 (tinfo 0x9ba56480)
09-19 17:15:22.955  2032  2225 D EGL_adreno: eglMakeCurrent: 0x9a968f00: ver 3 1 (tinfo 0x9ba56480)
09-19 17:15:22.968  2032  2225 D EGL_adreno: eglMakeCurrent: 0x9a968f00: ver 3 1 (tinfo 0x9ba56480)
09-19 17:15:22.987  2032  2225 D EGL_adreno: eglMakeCurrent: 0x9a968f00: ver 3 1 (tinfo 0x9ba56480)
09-19 17:15:23.001  2032  2225 D EGL_adreno: eglMakeCurrent: 0x9a968f00: ver 3 1 (tinfo 0x9ba56480)
09-19 17:15:23.005  2032  2225 D EGL_adreno: eglMakeCurrent: 0x9a968f00: ver 3 1 (tinfo 0x9ba56480)
09-19 17:15:23.018  2032  2225 D EGL_adreno: eglMakeCurrent: 0x9a968f00: ver 3 1 (tinfo 0x9ba56480)
09-19 17:15:23.038  2032  2225 D EGL_adreno: eglMakeCurrent: 0x9a968f00: ver 3 1 (tinfo 0x9ba56480)
09-19 17:15:23.050  2032  2225 D EGL_adreno: eglMakeCurrent: 0x9a968f00: ver 3 1 (tinfo 0x9ba56480)
09-19 17:15:23.054  2032  2225 D EGL_adreno: eglMakeCurrent: 0x9a968f00: ver 3 1 (tinfo 0x9ba56480)
09-19 17:15:23.068  2032  2225 D EGL_adreno: eglMakeCurrent: 0x9a968f00: ver 3 1 (tinfo 0x9ba56480)
09-19 17:15:23.087  2032  2225 D EGL_adreno: eglMakeCurrent: 0x9a968f00: ver 3 1 (tinfo 0x9ba56480)
09-19 17:15:23.104  2032  2225 D EGL_adreno: eglMakeCurrent: 0x9a968f00: ver 3 1 (tinfo 0x9ba56480)
09-19 17:15:23.106  2032  2225 D EGL_adreno: eglMakeCurrent: 0x9a968f00: ver 3 1 (tinfo 0x9ba56480)
09-19 17:15:23.117  2032  2225 D EGL_adreno: eglMakeCurrent: 0x9a968f00: ver 3 1 (tinfo 0x9ba56480)
09-19 17:15:23.138  2032  2225 D EGL_adreno: eglMakeCurrent: 0x9a968f00: ver 3 1 (tinfo 0x9ba56480)
09-19 17:15:23.141  1389  1611 I vol.Events: writeEvent active_stream_changed STREAM_MUSIC
09-19 17:15:23.141  1389  1611 I vol.Events: writeEvent level_changed STREAM_MUSIC 2
09-19 17:15:23.142  1389  1611 I vol.Events: writeEvent key STREAM_MUSIC 2
09-19 17:15:23.145  1389  1389 I vol.Events: writeEvent show_dialog volume_changed keyguard=false
09-19 17:15:23.154  2032  2225 D EGL_adreno: eglMakeCurrent: 0x9a968f00: ver 3 1 (tinfo 0x9ba56480)
09-19 17:15:23.156  2032  2225 D EGL_adreno: eglMakeCurrent: 0x9a968f00: ver 3 1 (tinfo 0x9ba56480)
09-19 17:15:23.168  2032  2225 D EGL_adreno: eglMakeCurrent: 0x9a968f00: ver 3 1 (tinfo 0x9ba56480)
09-19 17:15:23.174  2032  2225 D EGL_adreno: eglMakeCurrent: 0x9a968f00: ver 3 1 (tinfo 0x9ba56480)
09-19 17:15:23.180  1389  1645 E EGL_adreno: tid 1645: eglSurfaceAttrib(1338): error 0x3009 (EGL_BAD_MATCH)
09-19 17:15:23.180  1389  1645 W OpenGLRenderer: Failed to set EGL_SWAP_BEHAVIOR on surface 0xa45dc5a0, error=EGL_BAD_MATCH
09-19 17:15:23.181  1389  1645 D EGL_adreno: eglMakeCurrent: 0xa703e500: ver 3 1 (tinfo 0xb6ebc650)
09-19 17:15:23.186  2032  2225 D EGL_adreno: eglMakeCurrent: 0x9a968f00: ver 3 1 (tinfo 0x9ba56480)
09-19 17:15:23.206  2032  2225 D EGL_adreno: eglMakeCurrent: 0x9a968f00: ver 3 1 (tinfo 0x9ba56480)
09-19 17:15:23.217  2032  2225 D EGL_adreno: eglMakeCurrent: 0x9a968f00: ver 3 1 (tinfo 0x9ba56480)
09-19 17:15:23.222  2032  2225 D EGL_adreno: eglMakeCurrent: 0x9a968f00: ver 3 1 (tinfo 0x9ba56480)
09-19 17:15:23.234  2032  2225 D EGL_adreno: eglMakeCurrent: 0x9a968f00: ver 3 1 (tinfo 0x9ba56480)
09-19 17:15:23.253  2032  2225 D EGL_adreno: eglMakeCurrent: 0x9a968f00: ver 3 1 (tinfo 0x9ba56480)
09-19 17:15:23.268  2032  2225 D EGL_adreno: eglMakeCurrent: 0x9a968f00: ver 3 1 (tinfo 0x9ba56480)
09-19 17:15:23.272  2032  2225 D EGL_adreno: eglMakeCurrent: 0x9a968f00: ver 3 1 (tinfo 0x9ba56480)
09-19 17:15:23.284  2032  2225 D EGL_adreno: eglMakeCurrent: 0x9a968f00: ver 3 1 (tinfo 0x9ba56480)
09-19 17:15:23.287  2032  2225 D EGL_adreno: eglMakeCurrent: 0x9a968f00: ver 3 1 (tinfo 0x9ba56480)
09-19 17:15:23.301  2032  2225 D EGL_adreno: eglMakeCurrent: 0x9a968f00: ver 3 1 (tinfo 0x9ba56480)
09-19 17:15:23.321  2032  2225 D EGL_adreno: eglMakeCurrent: 0x9a968f00: ver 3 1 (tinfo 0x9ba56480)
09-19 17:15:23.336  2032  2225 D EGL_adreno: eglMakeCurrent: 0x9a968f00: ver 3 1 (tinfo 0x9ba56480)
09-19 17:15:23.339  2032  2225 D EGL_adreno: eglMakeCurrent: 0x9a968f00: ver 3 1 (tinfo 0x9ba56480)
09-19 17:15:23.352  2032  2225 D EGL_adreno: eglMakeCurrent: 0x9a968f00: ver 3 1 (tinfo 0x9ba56480)
09-19 17:15:23.355  2032  2225 D EGL_adreno: eglMakeCurrent: 0x9a968f00: ver 3 1 (tinfo 0x9ba56480)
09-19 17:15:23.369  2032  2225 D EGL_adreno: eglMakeCurrent: 0x9a968f00: ver 3 1 (tinfo 0x9ba56480)
09-19 17:15:23.392  2032  2225 D EGL_adreno: eglMakeCurrent: 0x9a968f00: ver 3 1 (tinfo 0x9ba56480)
09-19 17:15:23.403  2032  2225 D EGL_adreno: eglMakeCurrent: 0x9a968f00: ver 3 1 (tinfo 0x9ba56480)
09-19 17:15:23.406  2032  2225 D EGL_adreno: eglMakeCurrent: 0x9a968f00: ver 3 1 (tinfo 0x9ba56480)
09-19 17:15:23.419  2032  2225 D EGL_adreno: eglMakeCurrent: 0x9a968f00: ver 3 1 (tinfo 0x9ba56480)
09-19 17:15:23.437  2032  2225 D EGL_adreno: eglMakeCurrent: 0x9a968f00: ver 3 1 (tinfo 0x9ba56480)
09-19 17:15:23.453  2032  2225 D EGL_adreno: eglMakeCurrent: 0x9a968f00: ver 3 1 (tinfo 0x9ba56480)
09-19 17:15:23.455  2032  2225 D EGL_adreno: eglMakeCurrent: 0x9a968f00: ver 3 1 (tinfo 0x9ba56480)
09-19 17:15:23.458  2032  2225 D EGL_adreno: eglMakeCurrent: 0x9a968f00: ver 3 1 (tinfo 0x9ba56480)
09-19 17:15:23.468  2032  2225 D EGL_adreno: eglMakeCurrent: 0x9a968f00: ver 3 1 (tinfo 0x9ba56480)
09-19 17:15:23.489  2032  2225 D EGL_adreno: eglMakeCurrent: 0x9a968f00: ver 3 1 (tinfo 0x9ba56480)
09-19 17:15:23.502  2032  2225 D EGL_adreno: eglMakeCurrent: 0x9a968f00: ver 3 1 (tinfo 0x9ba56480)
09-19 17:15:23.509  2032  2225 D EGL_adreno: eglMakeCurrent: 0x9a968f00: ver 3 1 (tinfo 0x9ba56480)
09-19 17:15:23.519  2032  2225 D EGL_adreno: eglMakeCurrent: 0x9a968f00: ver 3 1 (tinfo 0x9ba56480)
09-19 17:15:23.539  2032  2225 D EGL_adreno: eglMakeCurrent: 0x9a968f00: ver 3 1 (tinfo 0x9ba56480)
09-19 17:15:23.556  2032  2225 D EGL_adreno: eglMakeCurrent: 0x9a968f00: ver 3 1 (tinfo 0x9ba56480)
09-19 17:15:23.559  2032  2225 D EGL_adreno: eglMakeCurrent: 0x9a968f00: ver 3 1 (tinfo 0x9ba56480)
09-19 17:15:23.571  2032  2225 D EGL_adreno: eglMakeCurrent: 0x9a968f00: ver 3 1 (tinfo 0x9ba56480)
09-19 17:15:23.591  2032  2225 D EGL_adreno: eglMakeCurrent: 0x9a968f00: ver 3 1 (tinfo 0x9ba56480)
09-19 17:15:23.609  2032  2225 D EGL_adreno: eglMakeCurrent: 0x9a968f00: ver 3 1 (tinfo 0x9ba56480)
09-19 17:15:23.611  2032  2225 D EGL_adreno: eglMakeCurrent: 0x9a968f00: ver 3 1 (tinfo 0x9ba56480)
09-19 17:15:23.619  2032  2225 D EGL_adreno: eglMakeCurrent: 0x9a968f00: ver 3 1 (tinfo 0x9ba56480)
09-19 17:15:23.641  2032  2225 D EGL_adreno: eglMakeCurrent: 0x9a968f00: ver 3 1 (tinfo 0x9ba56480)
09-19 17:15:23.649  1389  1389 I vol.Events: writeEvent dismiss_dialog touch_outside
09-19 17:15:23.651  1389  1611 I vol.Events: writeEvent active_stream_changed UNKNOWN_STREAM_-1
09-19 17:15:23.656  2032  2225 D EGL_adreno: eglMakeCurrent: 0x9a968f00: ver 3 1 (tinfo 0x9ba56480)
09-19 17:15:23.658  2032  2225 D EGL_adreno: eglMakeCurrent: 0x9a968f00: ver 3 1 (tinfo 0x9ba56480)
09-19 17:15:23.667  2032  2225 D EGL_adreno: eglMakeCurrent: 0x9a968f00: ver 3 1 (tinfo 0x9ba56480)
09-19 17:15:23.673  2032  2225 D EGL_adreno: eglMakeCurrent: 0x9a968f00: ver 3 1 (tinfo 0x9ba56480)
09-19 17:15:23.685  2032  2225 D EGL_adreno: eglMakeCurrent: 0x9a968f00: ver 3 1 (tinfo 0x9ba56480)
09-19 17:15:23.690  2032  2225 D EGL_adreno: eglMakeCurrent: 0x9a968f00: ver 3 1 (tinfo 0x9ba56480)
09-19 17:15:23.701  2032  2225 D EGL_adreno: eglMakeCurrent: 0x9a968f00: ver 3 1 (tinfo 0x9ba56480)
09-19 17:15:23.706  2032  2225 D EGL_adreno: eglMakeCurrent: 0x9a968f00: ver 3 1 (tinfo 0x9ba56480)
09-19 17:15:23.720  2032  2225 D EGL_adreno: eglMakeCurrent: 0x9a968f00: ver 3 1 (tinfo 0x9ba56480)
09-19 17:15:23.738  2032  2225 D EGL_adreno: eglMakeCurrent: 0x9a968f00: ver 3 1 (tinfo 0x9ba56480)
09-19 17:15:23.754  2032  2225 D EGL_adreno: eglMakeCurrent: 0x9a968f00: ver 3 1 (tinfo 0x9ba56480)
09-19 17:15:23.757  2032  2225 D EGL_adreno: eglMakeCurrent: 0x9a968f00: ver 3 1 (tinfo 0x9ba56480)
09-19 17:15:23.768  2032  2225 D EGL_adreno: eglMakeCurrent: 0x9a968f00: ver 3 1 (tinfo 0x9ba56480)
09-19 17:15:23.788  2032  2225 D EGL_adreno: eglMakeCurrent: 0x9a968f00: ver 3 1 (tinfo 0x9ba56480)
09-19 17:15:23.801  2032  2225 D EGL_adreno: eglMakeCurrent: 0x9a968f00: ver 3 1 (tinfo 0x9ba56480)
09-19 17:15:23.806  2032  2225 D EGL_adreno: eglMakeCurrent: 0x9a968f00: ver 3 1 (tinfo 0x9ba56480)
09-19 17:15:23.818  2032  2225 D EGL_adreno: eglMakeCurrent: 0x9a968f00: ver 3 1 (tinfo 0x9ba56480)
09-19 17:15:23.838  2032  2225 D EGL_adreno: eglMakeCurrent: 0x9a968f00: ver 3 1 (tinfo 0x9ba56480)
09-19 17:15:23.850  2032  2225 D EGL_adreno: eglMakeCurrent: 0x9a968f00: ver 3 1 (tinfo 0x9ba56480)
09-19 17:15:23.854  2032  2225 D EGL_adreno: eglMakeCurrent: 0x9a968f00: ver 3 1 (tinfo 0x9ba56480)
09-19 17:15:23.867  2032  2225 D EGL_adreno: eglMakeCurrent: 0x9a968f00: ver 3 1 (tinfo 0x9ba56480)
09-19 17:15:23.887  2032  2225 D EGL_adreno: eglMakeCurrent: 0x9a968f00: ver 3 1 (tinfo 0x9ba56480)
09-19 17:15:23.907  2032  2225 D EGL_adreno: eglMakeCurrent: 0x9a968f00: ver 3 1 (tinfo 0x9ba56480)
09-19 17:15:23.910  2032  2225 D EGL_adreno: eglMakeCurrent: 0x9a968f00: ver 3 1 (tinfo 0x9ba56480)
09-19 17:15:23.918  2032  2225 D EGL_adreno: eglMakeCurrent: 0x9a968f00: ver 3 1 (tinfo 0x9ba56480)
09-19 17:15:23.923  2032  2225 D EGL_adreno: eglMakeCurrent: 0x9a968f00: ver 3 1 (tinfo 0x9ba56480)
09-19 17:15:23.936  2032  2225 D EGL_adreno: eglMakeCurrent: 0x9a968f00: ver 3 1 (tinfo 0x9ba56480)
09-19 17:15:23.954  2032  2225 D EGL_adreno: eglMakeCurrent: 0x9a968f00: ver 3 1 (tinfo 0x9ba56480)
09-19 17:15:23.967  2032  2225 D EGL_adreno: eglMakeCurrent: 0x9a968f00: ver 3 1 (tinfo 0x9ba56480)
09-19 17:15:23.974  2032  2225 D EGL_adreno: eglMakeCurrent: 0x9a968f00: ver 3 1 (tinfo 0x9ba56480)
09-19 17:15:23.974  1389  1645 D EGL_adreno: eglMakeCurrent: 0xa703e500: ver 3 1 (tinfo 0xb6ebc650)
09-19 17:15:23.986  2032  2225 D EGL_adreno: eglMakeCurrent: 0x9a968f00: ver 3 1 (tinfo 0x9ba56480)
09-19 17:15:24.002  2032  2225 D EGL_adreno: eglMakeCurrent: 0x9a968f00: ver 3 1 (tinfo 0x9ba56480)
09-19 17:15:24.017  2032  2225 D EGL_adreno: eglMakeCurrent: 0x9a968f00: ver 3 1 (tinfo 0x9ba56480)
09-19 17:15:24.022  2032  2225 D EGL_adreno: eglMakeCurrent: 0x9a968f00: ver 3 1 (tinfo 0x9ba56480)
09-19 17:15:24.034  2032  2225 D EGL_adreno: eglMakeCurrent: 0x9a968f00: ver 3 1 (tinfo 0x9ba56480)
09-19 17:15:24.054  2032  2225 D EGL_adreno: eglMakeCurrent: 0x9a968f00: ver 3 1 (tinfo 0x9ba56480)
09-19 17:15:24.068  2032  2225 D EGL_adreno: eglMakeCurrent: 0x9a968f00: ver 3 1 (tinfo 0x9ba56480)
09-19 17:15:24.071  2032  2225 D EGL_adreno: eglMakeCurrent: 0x9a968f00: ver 3 1 (tinfo 0x9ba56480)
09-19 17:15:24.086  2032  2225 D EGL_adreno: eglMakeCurrent: 0x9a968f00: ver 3 1 (tinfo 0x9ba56480)
09-19 17:15:24.088  2032  2225 D EGL_adreno: eglMakeCurrent: 0x9a968f00: ver 3 1 (tinfo 0x9ba56480)
09-19 17:15:24.101  2032  2225 D EGL_adreno: eglMakeCurrent: 0x9a968f00: ver 3 1 (tinfo 0x9ba56480)
09-19 17:15:24.121  2032  2225 D EGL_adreno: eglMakeCurrent: 0x9a968f00: ver 3 1 (tinfo 0x9ba56480)
09-19 17:15:24.136  2032  2225 D EGL_adreno: eglMakeCurrent: 0x9a968f00: ver 3 1 (tinfo 0x9ba56480)
09-19 17:15:24.138  2032  2225 D EGL_adreno: eglMakeCurrent: 0x9a968f00: ver 3 1 (tinfo 0x9ba56480)
09-19 17:15:24.151  2032  2225 D EGL_adreno: eglMakeCurrent: 0x9a968f00: ver 3 1 (tinfo 0x9ba56480)
09-19 17:15:24.171  2032  2225 D EGL_adreno: eglMakeCurrent: 0x9a968f00: ver 3 1 (tinfo 0x9ba56480)
09-19 17:15:24.185  2032  2225 D EGL_adreno: eglMakeCurrent: 0x9a968f00: ver 3 1 (tinfo 0x9ba56480)
09-19 17:15:24.188  2032  2225 D EGL_adreno: eglMakeCurrent: 0x9a968f00: ver 3 1 (tinfo 0x9ba56480)
09-19 17:15:24.202  2032  2225 D EGL_adreno: eglMakeCurrent: 0x9a968f00: ver 3 1 (tinfo 0x9ba56480)
09-19 17:15:24.221  2032  2225 D EGL_adreno: eglMakeCurrent: 0x9a968f00: ver 3 1 (tinfo 0x9ba56480)
09-19 17:15:24.235  2032  2225 D EGL_adreno: eglMakeCurrent: 0x9a968f00: ver 3 1 (tinfo 0x9ba56480)
09-19 17:15:24.238  2032  2225 D EGL_adreno: eglMakeCurrent: 0x9a968f00: ver 3 1 (tinfo 0x9ba56480)
09-19 17:15:24.250  2032  2225 D EGL_adreno: eglMakeCurrent: 0x9a968f00: ver 3 1 (tinfo 0x9ba56480)
09-19 17:15:24.271  2032  2225 D EGL_adreno: eglMakeCurrent: 0x9a968f00: ver 3 1 (tinfo 0x9ba56480)
09-19 17:15:24.287  2032  2225 D EGL_adreno: eglMakeCurrent: 0x9a968f00: ver 3 1 (tinfo 0x9ba56480)
09-19 17:15:24.289  2032  2225 D EGL_adreno: eglMakeCurrent: 0x9a968f00: ver 3 1 (tinfo 0x9ba56480)
09-19 17:15:24.301  2032  2225 D EGL_adreno: eglMakeCurrent: 0x9a968f00: ver 3 1 (tinfo 0x9ba56480)
09-19 17:15:24.321  2032  2225 D EGL_adreno: eglMakeCurrent: 0x9a968f00: ver 3 1 (tinfo 0x9ba56480)
09-19 17:15:24.338  2032  2225 D EGL_adreno: eglMakeCurrent: 0x9a968f00: ver 3 1 (tinfo 0x9ba56480)
09-19 17:15:24.341  2032  2225 D EGL_adreno: eglMakeCurrent: 0x9a968f00: ver 3 1 (tinfo 0x9ba56480)
09-19 17:15:24.353  2032  2225 D EGL_adreno: eglMakeCurrent: 0x9a968f00: ver 3 1 (tinfo 0x9ba56480)
09-19 17:15:24.355  2032  2225 D EGL_adreno: eglMakeCurrent: 0x9a968f00: ver 3 1 (tinfo 0x9ba56480)
09-19 17:15:24.367  2032  2225 D EGL_adreno: eglMakeCurrent: 0x9a968f00: ver 3 1 (tinfo 0x9ba56480)
09-19 17:15:24.387  2032  2225 D EGL_adreno: eglMakeCurrent: 0x9a968f00: ver 3 1 (tinfo 0x9ba56480)
09-19 17:15:24.401  2032  2225 D EGL_adreno: eglMakeCurrent: 0x9a968f00: ver 3 1 (tinfo 0x9ba56480)
09-19 17:15:24.407  2032  2225 D EGL_adreno: eglMakeCurrent: 0x9a968f00: ver 3 1 (tinfo 0x9ba56480)
09-19 17:15:24.418  2032  2225 D EGL_adreno: eglMakeCurrent: 0x9a968f00: ver 3 1 (tinfo 0x9ba56480)
09-19 17:15:24.434  1696  1696 W ContextImpl: Calling a method in the system process without a qualified user: android.app.ContextImpl.startService:1358 android.content.ContextWrapper.startService:613 android.content.ContextWrapper.startService:613 com.android.coreservice.CoreBroadcastReceiver.onReceive:69 android.app.ActivityThread.handleReceiver:3073 
09-19 17:15:24.438  2032  2225 D EGL_adreno: eglMakeCurrent: 0x9a968f00: ver 3 1 (tinfo 0x9ba56480)
09-19 17:15:24.440  2032  2225 D EGL_adreno: eglMakeCurrent: 0x9a968f00: ver 3 1 (tinfo 0x9ba56480)
09-19 17:15:24.451  2032  2225 D EGL_adreno: eglMakeCurrent: 0x9a968f00: ver 3 1 (tinfo 0x9ba56480)
09-19 17:15:24.454  2032  2225 D EGL_adreno: eglMakeCurrent: 0x9a968f00: ver 3 1 (tinfo 0x9ba56480)
09-19 17:15:24.468  2032  2225 D EGL_adreno: eglMakeCurrent: 0x9a968f00: ver 3 1 (tinfo 0x9ba56480)
09-19 17:15:24.487  2032  2225 D EGL_adreno: eglMakeCurrent: 0x9a968f00: ver 3 1 (tinfo 0x9ba56480)
09-19 17:15:24.502  2032  2225 D EGL_adreno: eglMakeCurrent: 0x9a968f00: ver 3 1 (tinfo 0x9ba56480)
09-19 17:15:24.504  2032  2225 D EGL_adreno: eglMakeCurrent: 0x9a968f00: ver 3 1 (tinfo 0x9ba56480)
09-19 17:15:24.518  2032  2225 D EGL_adreno: eglMakeCurrent: 0x9a968f00: ver 3 1 (tinfo 0x9ba56480)
09-19 17:15:24.537  2032  2225 D EGL_adreno: eglMakeCurrent: 0x9a968f00: ver 3 1 (tinfo 0x9ba56480)
09-19 17:15:24.552  2032  2225 D EGL_adreno: eglMakeCurrent: 0x9a968f00: ver 3 1 (tinfo 0x9ba56480)
09-19 17:15:24.554  2032  2225 D EGL_adreno: eglMakeCurrent: 0x9a968f00: ver 3 1 (tinfo 0x9ba56480)
09-19 17:15:24.569  2032  2225 D EGL_adreno: eglMakeCurrent: 0x9a968f00: ver 3 1 (tinfo 0x9ba56480)
09-19 17:15:24.588  2032  2225 D EGL_adreno: eglMakeCurrent: 0x9a968f00: ver 3 1 (tinfo 0x9ba56480)
09-19 17:15:24.601  2032  2225 D EGL_adreno: eglMakeCurrent: 0x9a968f00: ver 3 1 (tinfo 0x9ba56480)
09-19 17:15:24.608  2032  2225 D EGL_adreno: eglMakeCurrent: 0x9a968f00: ver 3 1 (tinfo 0x9ba56480)
09-19 17:15:24.619  2032  2225 D EGL_adreno: eglMakeCurrent: 0x9a968f00: ver 3 1 (tinfo 0x9ba56480)
09-19 17:15:24.637  2032  2225 D EGL_adreno: eglMakeCurrent: 0x9a968f00: ver 3 1 (tinfo 0x9ba56480)
09-19 17:15:24.651  2032  2225 D EGL_adreno: eglMakeCurrent: 0x9a968f00: ver 3 1 (tinfo 0x9ba56480)
09-19 17:15:24.655  2032  2225 D EGL_adreno: eglMakeCurrent: 0x9a968f00: ver 3 1 (tinfo 0x9ba56480)
09-19 17:15:24.668  2032  2225 D EGL_adreno: eglMakeCurrent: 0x9a968f00: ver 3 1 (tinfo 0x9ba56480)
09-19 17:15:24.687  2032  2225 D EGL_adreno: eglMakeCurrent: 0x9a968f00: ver 3 1 (tinfo 0x9ba56480)
09-19 17:15:24.690  2032  2044 I art     : Starting a blocking GC Explicit
09-19 17:15:24.705  2032  2225 D EGL_adreno: eglMakeCurrent: 0x9a968f00: ver 3 1 (tinfo 0x9ba56480)
09-19 17:15:24.708  2032  2225 D EGL_adreno: eglMakeCurrent: 0x9a968f00: ver 3 1 (tinfo 0x9ba56480)
09-19 17:15:24.719  2032  2225 D EGL_adreno: eglMakeCurrent: 0x9a968f00: ver 3 1 (tinfo 0x9ba56480)
09-19 17:15:24.722  2032  2225 D EGL_adreno: eglMakeCurrent: 0x9a968f00: ver 3 1 (tinfo 0x9ba56480)
09-19 17:15:24.724  2032  2044 I art     : Explicit concurrent mark sweep GC freed 25220(895KB) AllocSpace objects, 2(40KB) LOS objects, 13% free, 105MB/121MB, paused 537us total 33.474ms
09-19 17:15:24.734  2032  2225 D EGL_adreno: eglMakeCurrent: 0x9a968f00: ver 3 1 (tinfo 0x9ba56480)
09-19 17:15:24.754  2032  2225 D EGL_adreno: eglMakeCurrent: 0x9a968f00: ver 3 1 (tinfo 0x9ba56480)
09-19 17:15:24.770  2032  2225 D EGL_adreno: eglMakeCurrent: 0x9a968f00: ver 3 1 (tinfo 0x9ba56480)
09-19 17:15:24.773  2032  2225 D EGL_adreno: eglMakeCurrent: 0x9a968f00: ver 3 1 (tinfo 0x9ba56480)
09-19 17:15:24.787  2032  2225 D EGL_adreno: eglMakeCurrent: 0x9a968f00: ver 3 1 (tinfo 0x9ba56480)
09-19 17:15:24.807  2032  2225 D EGL_adreno: eglMakeCurrent: 0x9a968f00: ver 3 1 (tinfo 0x9ba56480)
09-19 17:15:24.818  2032  2225 D EGL_adreno: eglMakeCurrent: 0x9a968f00: ver 3 1 (tinfo 0x9ba56480)
09-19 17:15:24.825  2032  2225 D EGL_adreno: eglMakeCurrent: 0x9a968f00: ver 3 1 (tinfo 0x9ba56480)
09-19 17:15:24.834  2032  2225 D EGL_adreno: eglMakeCurrent: 0x9a968f00: ver 3 1 (tinfo 0x9ba56480)
09-19 17:15:24.861  2032  2225 D EGL_adreno: eglMakeCurrent: 0x9a968f00: ver 3 1 (tinfo 0x9ba56480)
09-19 17:15:24.867  2032  2225 D EGL_adreno: eglMakeCurrent: 0x9a968f00: ver 3 1 (tinfo 0x9ba56480)
09-19 17:15:24.875  2032  2225 D EGL_adreno: eglMakeCurrent: 0x9a968f00: ver 3 1 (tinfo 0x9ba56480)
09-19 17:15:24.886  2032  2225 D EGL_adreno: eglMakeCurrent: 0x9a968f00: ver 3 1 (tinfo 0x9ba56480)
09-19 17:15:24.907  2032  2225 D EGL_adreno: eglMakeCurrent: 0x9a968f00: ver 3 1 (tinfo 0x9ba56480)
09-19 17:15:24.918  2032  2225 D EGL_adreno: eglMakeCurrent: 0x9a968f00: ver 3 1 (tinfo 0x9ba56480)
09-19 17:15:24.925  2032  2225 D EGL_adreno: eglMakeCurrent: 0x9a968f00: ver 3 1 (tinfo 0x9ba56480)
09-19 17:15:24.934  1696  1696 W ContextImpl: Calling a method in the system process without a qualified user: android.app.ContextImpl.startService:1358 android.content.ContextWrapper.startService:613 android.content.ContextWrapper.startService:613 com.android.coreservice.CoreBroadcastReceiver.onReceive:69 android.app.ActivityThread.handleReceiver:3073 
09-19 17:15:24.935  2032  2225 D EGL_adreno: eglMakeCurrent: 0x9a968f00: ver 3 1 (tinfo 0x9ba56480)
09-19 17:15:24.943  2032  2225 D EGL_adreno: eglMakeCurrent: 0x9a968f00: ver 3 1 (tinfo 0x9ba56480)
09-19 17:15:24.950  2032  2225 D EGL_adreno: eglMakeCurrent: 0x9a968f00: ver 3 1 (tinfo 0x9ba56480)
09-19 17:15:24.955  2032  2225 D EGL_adreno: eglMakeCurrent: 0x9a968f00: ver 3 1 (tinfo 0x9ba56480)
09-19 17:15:24.958  2032  2225 D EGL_adreno: eglMakeCurrent: 0x9a968f00: ver 3 1 (tinfo 0x9ba56480)
09-19 17:15:24.972  2032  2225 D EGL_adreno: eglMakeCurrent: 0x9a968f00: ver 3 1 (tinfo 0x9ba56480)
09-19 17:15:24.974  2032  2225 D EGL_adreno: eglMakeCurrent: 0x9a968f00: ver 3 1 (tinfo 0x9ba56480)
09-19 17:15:24.976  2032  2225 D EGL_adreno: eglMakeCurrent: 0x9a968f00: ver 3 1 (tinfo 0x9ba56480)
09-19 17:15:24.990  2032  2225 D EGL_adreno: eglMakeCurrent: 0x9a968f00: ver 3 1 (tinfo 0x9ba56480)
09-19 17:15:24.992  2032  2225 D EGL_adreno: eglMakeCurrent: 0x9a968f00: ver 3 1 (tinfo 0x9ba56480)
09-19 17:15:25.002  2032  2225 D EGL_adreno: eglMakeCurrent: 0x9a968f00: ver 3 1 (tinfo 0x9ba56480)
09-19 17:15:25.005  2032  2225 D EGL_adreno: eglMakeCurrent: 0x9a968f00: ver 3 1 (tinfo 0x9ba56480)
09-19 17:15:25.008  2032  2225 D EGL_adreno: eglMakeCurrent: 0x9a968f00: ver 3 1 (tinfo 0x9ba56480)
09-19 17:15:25.017  2032  2225 D EGL_adreno: eglMakeCurrent: 0x9a968f00: ver 3 1 (tinfo 0x9ba56480)
