09-19 11:35:11.900  1394  1394 D PhoneStatusBar: disable: < expand ICONS* alerts SYSTEM_INFO* back home recent clock search quick_settings >
09-19 11:35:11.920  1394  1647 D EGL_adreno: eglMakeCurrent: 0xa7012860: ver 3 1 (tinfo 0xa7014600)
09-19 11:35:11.938  1394  1647 E EGL_adreno: tid 1647: eglSurfaceAttrib(1338): error 0x3009 (EGL_BAD_MATCH)
09-19 11:35:11.938  1394  1647 W OpenGLRenderer: Failed to set EGL_SWAP_BEHAVIOR on surface 0xa45929e0, error=EGL_BAD_MATCH
09-19 11:35:11.939  1394  1647 D EGL_adreno: eglMakeCurrent: 0xa7012860: ver 3 1 (tinfo 0xa7014600)
09-19 11:35:11.961  1302  1314 W VibratorService: Tried to stop vibrating but there is no vibrator device.
09-19 11:35:12.405  1302  3015 W InputMethodManagerService: Window already focused, ignoring focus gain of: com.android.internal.view.IInputMethodClient$Stub$Proxy@599be4e attribute=null, token = android.os.BinderProxy@7081511
09-19 11:35:12.410  1302  1643 I ActivityManager: Setting hasTopUi=false for pid=1394
09-19 11:35:12.410  1394  1394 D PhoneStatusBar: disable: < expand icons* alerts system_info* back home recent clock search quick_settings >
09-19 11:35:12.417  1394  1394 W ViewRootImpl[StatusBar]: Dropping event due to no window focus: MotionEvent { action=ACTION_MOVE, actionButton=0, id[0]=0, x[0]=4.0, y[0]=-4.0, toolType[0]=TOOL_TYPE_UNKNOWN, buttonState=0, metaState=0, flags=0x0, edgeFlags=0x0, pointerCount=1, historySize=19, eventTime=559136, downTime=-1, deviceId=0, source=0x10004 }
09-19 11:35:12.437  1394  1647 D EGL_adreno: eglMakeCurrent: 0xa7012860: ver 3 1 (tinfo 0xa7014600)
09-19 11:35:12.451  1394  1647 E EGL_adreno: tid 1647: eglSurfaceAttrib(1338): error 0x3009 (EGL_BAD_MATCH)
09-19 11:35:12.451  1394  1647 W OpenGLRenderer: Failed to set EGL_SWAP_BEHAVIOR on surface 0xa5221e40, error=EGL_BAD_MATCH
09-19 11:35:12.452  1394  1647 D EGL_adreno: eglMakeCurrent: 0xa7012860: ver 3 1 (tinfo 0xa7014600)
09-19 11:35:12.479  1114  1134 D audio_hw_hal: log_func, out_standby
09-19 11:35:12.479  1114  1134 D audio_hw_hal: raw_close_output_stream, dev=0xc6f0a0c0, stream =0xc6f05140
09-19 11:35:12.479  1114  1134 D audio_hw_hal: raw_close_output_stream, stream=0xc6f05140,  success!
09-19 11:35:13.415  1114  1134 D audio_hw_hal: raw_start_output_stream, stream=0xc6f05140, sampleRate=48000, channel=2, bps=16, bufSize=4096
09-19 11:35:13.751  3066  3193 I chatty  : uid=10038(com.litatom.app) expire 3 lines
09-19 11:35:13.919  1302  1644 W InputMethodManagerService: Window already focused, ignoring focus gain of: com.android.internal.view.IInputMethodClient$Stub$Proxy@3876481 attribute=null, token = android.os.BinderProxy@7081511
09-19 11:35:15.929  1302  1314 W InputMethodManagerService: Window already focused, ignoring focus gain of: com.android.internal.view.IInputMethodClient$Stub$Proxy@689f314 attribute=null, token = android.os.BinderProxy@7081511
09-19 11:35:16.585  1394  1629 I vol.Events: writeEvent active_stream_changed STREAM_RING
09-19 11:35:16.586  1394  1629 I vol.Events: writeEvent key STREAM_RING 1
09-19 11:35:16.591  1394  1394 I vol.Events: writeEvent show_dialog volume_changed keyguard=false
09-19 11:35:16.639  1394  1647 E EGL_adreno: tid 1647: eglSurfaceAttrib(1338): error 0x3009 (EGL_BAD_MATCH)
09-19 11:35:16.639  1394  1647 W OpenGLRenderer: Failed to set EGL_SWAP_BEHAVIOR on surface 0xa701c360, error=EGL_BAD_MATCH
09-19 11:35:16.641  1394  1647 D EGL_adreno: eglMakeCurrent: 0xa7012860: ver 3 1 (tinfo 0xa7014600)
09-19 11:35:17.589  1394  1629 I vol.Events: writeEvent level_changed STREAM_SYSTEM 2
09-19 11:35:17.590  1394  1629 I vol.Events: writeEvent level_changed STREAM_RING 2
09-19 11:35:17.591  1394  1629 I vol.Events: writeEvent key STREAM_RING 2
09-19 11:35:18.093  1394  1394 I vol.Events: writeEvent dismiss_dialog touch_outside
09-19 11:35:18.094  1394  1629 I vol.Events: writeEvent active_stream_changed UNKNOWN_STREAM_-1
09-19 11:35:18.409  1394  1647 D EGL_adreno: eglMakeCurrent: 0xa7012860: ver 3 1 (tinfo 0xa7014600)
09-19 11:35:18.532  1114  1134 D audio_hw_hal: log_func, out_standby
09-19 11:35:18.532  1114  1134 D audio_hw_hal: raw_close_output_stream, dev=0xc6f0a0c0, stream =0xc6f05140
09-19 11:35:18.532  1114  1134 D audio_hw_hal: raw_close_output_stream, stream=0xc6f05140,  success!
09-19 11:35:19.108  1114  1134 D audio_hw_hal: raw_start_output_stream, stream=0xc6f05140, sampleRate=48000, channel=2, bps=16, bufSize=4096
09-19 11:35:19.123  3066  3238 I chatty  : uid=10038(com.litatom.app) expire 2 lines
09-19 11:35:21.123  1302  3017 W InputMethodManagerService: Window already focused, ignoring focus gain of: com.android.internal.view.IInputMethodClient$Stub$Proxy@47b22b9 attribute=null, token = android.os.BinderProxy@7081511
09-19 11:35:22.206  1114  1134 D audio_hw_hal: log_func, out_standby
09-19 11:35:22.206  1114  1134 D audio_hw_hal: raw_close_output_stream, dev=0xc6f0a0c0, stream =0xc6f05140
09-19 11:35:22.206  1114  1134 D audio_hw_hal: raw_close_output_stream, stream=0xc6f05140,  success!
09-19 11:35:22.629  1302  1317 D sensor_hal: cb_activate handle=0 enabled=0
09-19 11:35:22.637  1302  1317 D sensor_hal: cb_activate handle=0 enabled=1
09-19 11:35:22.637  1302  1317 D sensor_hal: cb_setDelay handle=0 delay-ns=200000000
09-19 11:35:22.652  2772  2772 I art     : System.exit called, status: 0
09-19 11:35:22.652  2772  2772 I AndroidRuntime: VM exiting with result code 0.
09-19 11:35:56.436  1394  1647 D EGL_adreno: eglMakeCurrent: 0xa7012860: ver 3 1 (tinfo 0xa7014600)
09-19 11:36:42.695  1302  1357 D WifiStateMachine: setScanResults mScanResults.size=1
09-19 11:36:55.090  3066  3483 I chatty  : uid=10038(com.litatom.app) expire 7 lines
09-19 11:36:55.165  3066  3164 I chatty  : uid=10038(com.litatom.app) expire 2 lines
09-19 11:37:01.580  1105  1105 D ldinit  : ld_exec_cmd am broadcast -a android.intent.action.TASK.CLOSE --es package com.litatom.app
09-19 11:37:01.580  1105  1105 D ldinit  : result:
09-19 11:37:01.580  1302  1313 I ActivityManager: Force stopping com.litatom.app appid=10038 user=0: from pid 1698
09-19 11:37:01.580  1302  1313 I ActivityManager: Killing 3066:com.litatom.app/u0a38 (adj 0): stop com.litatom.app
09-19 11:37:01.580  1302  1313 D ActivityManager: cleanUpApplicationRecord -- 3066
09-19 11:37:01.585  1302  1313 W ActivityManager: Force removing ActivityRecord{1e0fc4c u0 com.litatom.app/com.facebook.CustomTabMainActivity t4}: app died, no saved state
09-19 11:37:01.586  1302  1313 W ActivityManager: Force removing ActivityRecord{8b2e923 u0 com.litatom.app/com.facebook.FacebookActivity t4}: app died, no saved state
09-19 11:37:01.587  1302  1313 W ActivityManager: Force removing ActivityRecord{90c81a1 u0 com.litatom.app/com.lit.app.ui.login.FacebookLoginActivity t4}: app died, no saved state
09-19 11:37:01.587  1302  1313 E JavaBinder: !!! FAILED BINDER TRANSACTION !!!  (parcel size = 56)
09-19 11:37:01.588  1302  1347 W InputDispatcher: channel 'cba5e97 com.litatom.app/com.lit.app.ui.SplashActivity (server)' ~ Consumer closed input channel or an error occurred.  events=0x9
09-19 11:37:01.588  1302  1347 E InputDispatcher: channel 'cba5e97 com.litatom.app/com.lit.app.ui.SplashActivity (server)' ~ Channel is unrecoverably broken and will be disposed!
09-19 11:37:01.588  1302  1347 W InputDispatcher: channel 'cc0f47f com.litatom.app/com.lit.app.ui.login.FacebookLoginActivity (server)' ~ Consumer closed input channel or an error occurred.  events=0x9
09-19 11:37:01.588  1302  1347 E InputDispatcher: channel 'cc0f47f com.litatom.app/com.lit.app.ui.login.FacebookLoginActivity (server)' ~ Channel is unrecoverably broken and will be disposed!
09-19 11:37:01.589  1302  3017 D GraphicsStats: Buffer count: 3
09-19 11:37:01.662  1302  1617 D ConnectivityService: ConnectivityService NetworkRequestInfo binderDied(NetworkRequest [ LISTEN id=11, [ Transports: CELLULAR|WIFI|ETHERNET Capabilities: NOT_RESTRICTED&TRUSTED&NOT_VPN&FOREGROUND] ], android.os.BinderProxy@11856fe)
09-19 11:37:01.663  1302  1313 W InputDispatcher: Attempted to unregister already unregistered input channel 'cc0f47f com.litatom.app/com.lit.app.ui.login.FacebookLoginActivity (server)'
09-19 11:37:01.664  1302  1313 W ActivityManager: Force removing ActivityRecord{d56e38c u0 com.litatom.app/com.lit.app.ui.SplashActivity t4}: app died, no saved state
09-19 11:37:01.665  1302  1362 E ConnectivityService: RemoteException caught trying to send a callback msg for NetworkRequest [ LISTEN id=11, [ Transports: CELLULAR|WIFI|ETHERNET Capabilities: NOT_RESTRICTED&TRUSTED&NOT_VPN&FOREGROUND] ]
09-19 11:37:01.665  1302  1313 W InputDispatcher: Attempted to unregister already unregistered input channel 'cba5e97 com.litatom.app/com.lit.app.ui.SplashActivity (server)'
09-19 11:37:01.676  1302  1314 W WindowManager: Failed looking up window
09-19 11:37:01.676  1302  1314 W WindowManager: java.lang.IllegalArgumentException: Requested window android.os.BinderProxy@6cfb19e does not exist
09-19 11:37:01.676  1302  1314 W WindowManager: 	at com.android.server.wm.WindowManagerService.windowForClientLocked(WindowManagerService.java:9459)
09-19 11:37:01.676  1302  1314 W WindowManager: 	at com.android.server.wm.WindowManagerService.windowForClientLocked(WindowManagerService.java:9450)
09-19 11:37:01.676  1302  1314 W WindowManager: 	at com.android.server.wm.WindowState$DeathRecipient.binderDied(WindowState.java:1807)
09-19 11:37:01.676  1302  1314 W WindowManager: 	at android.os.BinderProxy.sendDeathNotice(Binder.java:688)
09-19 11:37:01.676  1302  1314 I WindowManager: WIN DEATH: null
09-19 11:37:01.676  1302  3020 W WindowManager: Failed looking up window
09-19 11:37:01.676  1302  3020 W WindowManager: java.lang.IllegalArgumentException: Requested window android.os.BinderProxy@3f29516 does not exist
09-19 11:37:01.676  1302  3020 W WindowManager: 	at com.android.server.wm.WindowManagerService.windowForClientLocked(WindowManagerService.java:9459)
09-19 11:37:01.676  1302  3020 W WindowManager: 	at com.android.server.wm.WindowManagerService.windowForClientLocked(WindowManagerService.java:9450)
09-19 11:37:01.676  1302  3020 W WindowManager: 	at com.android.server.wm.WindowState$DeathRecipient.binderDied(WindowState.java:1807)
09-19 11:37:01.676  1302  3020 W WindowManager: 	at android.os.BinderProxy.sendDeathNotice(Binder.java:688)
09-19 11:37:01.676  1302  3020 I WindowManager: WIN DEATH: null
09-19 11:37:01.683  1302  1316 W art     : Long monitor contention with owner Binder:1302_1 (1313) at void com.android.server.am.ActivityManagerService.forceStopPackage(java.lang.String, int)(ActivityManagerService.java:5841) waiters=0 in void com.android.server.am.BroadcastQueue.processNextBroadcast(boolean) for 102ms
09-19 11:37:01.686  1549  1549 E PhoneInterfaceManager: [PhoneIntfMgr] getCarrierPackageNamesForIntent: No UICC
09-19 11:37:01.686  1549  1549 D CarrierSvcBindHelper: No carrier app for: 0
09-19 11:37:01.688  1698  1698 W ContextImpl: Calling a method in the system process without a qualified user: android.app.ContextImpl.startService:1358 android.content.ContextWrapper.startService:613 android.content.ContextWrapper.startService:613 com.android.coreservice.CoreBroadcastReceiver.onReceive:53 android.app.ActivityThread.handleReceiver:3073 
09-19 11:37:01.693  1302  3020 W ActivityManager: Request to remove task ignored for non-existent task 4
09-19 11:37:01.694  1698  1698 W ContextImpl: Calling a method in the system process without a qualified user: android.app.ContextImpl.sendBroadcast:893 android.content.ContextWrapper.sendBroadcast:426 com.android.coreservice.TabManager.notifyClosing:345 com.android.coreservice.TabManager.updateInner:182 com.android.coreservice.TabManager.onUpdate:217 
09-19 11:37:01.694  1698  1698 I CoreService: notifyClosing notify tab closed taskPackageName:com.litatom.app
09-19 11:37:01.695  1698  1698 W ContextImpl: Calling a method in the system process without a qualified user: android.app.ContextImpl.startService:1358 android.content.ContextWrapper.startService:613 android.content.ContextWrapper.startService:613 com.android.coreservice.CoreBroadcastReceiver.onReceive:44 android.app.ActivityThread.handleReceiver:3073 
09-19 11:37:01.695  1698  1698 W ContextImpl: Calling a method in the system process without a qualified user: android.app.ContextImpl.startService:1358 android.content.ContextWrapper.startService:613 android.content.ContextWrapper.startService:613 com.android.coreservice.CoreBroadcastReceiver.onReceive:53 android.app.ActivityThread.handleReceiver:3073 
09-19 11:37:01.757  1752  1948 E EGL_adreno: tid 1948: eglSurfaceAttrib(1338): error 0x3009 (EGL_BAD_MATCH)
09-19 11:37:01.757  1752  1948 W OpenGLRenderer: Failed to set EGL_SWAP_BEHAVIOR on surface 0xb6e9e020, error=EGL_BAD_MATCH
09-19 11:37:01.760  1698  1698 W ContextImpl: Calling a method in the system process without a qualified user: android.app.ContextImpl.startService:1358 android.content.ContextWrapper.startService:613 android.content.ContextWrapper.startService:613 com.android.coreservice.CoreBroadcastReceiver.onReceive:69 android.app.ActivityThread.handleReceiver:3073 
09-19 11:37:01.772  1752  1948 D EGL_adreno: eglMakeCurrent: 0xb6e9b540: ver 3 1 (tinfo 0xa5813030)
09-19 11:37:01.781  3484  3484 I appproc : exec app_process! cmdline: /system/bin com.android.commands.am.Am broadcast -a android.intent.action.TASK.CLOSE --es package com.litatom.app 
09-19 11:37:01.781  3484  3484 D AndroidRuntime: >>>>>> START com.android.internal.os.RuntimeInit uid 0 <<<<<<
09-19 11:37:01.782  3484  3484 D AndroidRuntime: CheckJNI is OFF
09-19 11:37:01.819  3484  3484 D ICU     : No timezone override file found: /data/misc/zoneinfo/current/icu/icu_tzdata.dat
09-19 11:37:01.835  3484  3484 D libnativebridge: PreInitializeNativeBridge name=unknown instruction_set=x86
09-19 11:37:01.835  3484  3484 D libnativebridge: call UnloadNativeBridge! state=1
09-19 11:37:01.845  3484  3484 E memtrack: Couldn't load memtrack module (No such file or directory)
09-19 11:37:01.845  3484  3484 E android.os.Debug: failed to load memtrack module: -2
09-19 11:37:01.846  3484  3484 I Radio-JNI: register_android_hardware_Radio DONE
09-19 11:37:01.860  3484  3484 D AndroidRuntime: Calling main entry com.android.commands.am.Am
09-19 11:37:01.861  1105  1105 D ldinit  : Broadcasting: Intent { act=android.intent.action.TASK.CLOSE (has extras) }
09-19 11:37:01.862  1302  3019 E ActivityManager: Sending non-protected broadcast android.intent.action.TASK.CLOSE from system uid 0 pkg null
09-19 11:37:01.862  1302  3019 E ActivityManager: java.lang.Throwable
09-19 11:37:01.862  1302  3019 E ActivityManager: 	at com.android.server.am.ActivityManagerService.checkBroadcastFromSystem(ActivityManagerService.java:18113)
09-19 11:37:01.862  1302  3019 E ActivityManager: 	at com.android.server.am.ActivityManagerService.broadcastIntentLocked(ActivityManagerService.java:18680)
09-19 11:37:01.862  1302  3019 E ActivityManager: 	at com.android.server.am.ActivityManagerService.broadcastIntent(ActivityManagerService.java:18771)
09-19 11:37:01.862  1302  3019 E ActivityManager: 	at android.app.ActivityManagerNative.onTransact(ActivityManagerNative.java:499)
09-19 11:37:01.862  1302  3019 E ActivityManager: 	at com.android.server.am.ActivityManagerService.onTransact(ActivityManagerService.java:2820)
09-19 11:37:01.862  1302  3019 E ActivityManager: 	at android.os.Binder.execTransact(Binder.java:565)
09-19 11:37:01.864  1105  1105 D ldinit  : Broadcast completed: result=0
09-19 11:37:01.864  3484  3484 D AndroidRuntime: Shutting down VM
09-19 11:37:02.286  1752  1948 W OpenGLRenderer: Incorrectly called buildLayer on View: ShortcutAndWidgetContainer, destroying layer...
09-19 11:37:02.581  1105  1105 D ldinit  : ld_exec_cmd am broadcast -a com.ldmnq.APP_KILL --es packageName com.litatom.app --es pos pc
09-19 11:37:02.581  1105  1105 D ldinit  : result:
09-19 11:37:02.698  3495  3495 I appproc : exec app_process! cmdline: /system/bin com.android.commands.am.Am broadcast -a com.ldmnq.APP_KILL --es packageName com.litatom.app --es pos pc 
09-19 11:37:02.698  3495  3495 D AndroidRuntime: >>>>>> START com.android.internal.os.RuntimeInit uid 0 <<<<<<
09-19 11:37:02.699  3495  3495 D AndroidRuntime: CheckJNI is OFF
09-19 11:37:02.718  3495  3495 D ICU     : No timezone override file found: /data/misc/zoneinfo/current/icu/icu_tzdata.dat
09-19 11:37:02.724  3495  3495 D libnativebridge: PreInitializeNativeBridge name=unknown instruction_set=x86
09-19 11:37:02.724  3495  3495 D libnativebridge: call UnloadNativeBridge! state=1
09-19 11:37:02.730  3495  3495 E memtrack: Couldn't load memtrack module (No such file or directory)
09-19 11:37:02.730  3495  3495 E android.os.Debug: failed to load memtrack module: -2
09-19 11:37:02.730  3495  3495 I Radio-JNI: register_android_hardware_Radio DONE
09-19 11:37:02.733  3495  3495 D AndroidRuntime: Calling main entry com.android.commands.am.Am
09-19 11:37:02.734  1105  1105 D ldinit  : Broadcasting: Intent { act=com.ldmnq.APP_KILL (has extras) }
09-19 11:37:02.736  1302  3017 E ActivityManager: Sending non-protected broadcast com.ldmnq.APP_KILL from system uid 0 pkg null
09-19 11:37:02.736  1302  3017 E ActivityManager: java.lang.Throwable
09-19 11:37:02.736  1302  3017 E ActivityManager: 	at com.android.server.am.ActivityManagerService.checkBroadcastFromSystem(ActivityManagerService.java:18113)
09-19 11:37:02.736  1302  3017 E ActivityManager: 	at com.android.server.am.ActivityManagerService.broadcastIntentLocked(ActivityManagerService.java:18680)
09-19 11:37:02.736  1302  3017 E ActivityManager: 	at com.android.server.am.ActivityManagerService.broadcastIntent(ActivityManagerService.java:18771)
09-19 11:37:02.736  1302  3017 E ActivityManager: 	at android.app.ActivityManagerNative.onTransact(ActivityManagerNative.java:499)
09-19 11:37:02.736  1302  3017 E ActivityManager: 	at com.android.server.am.ActivityManagerService.onTransact(ActivityManagerService.java:2820)
09-19 11:37:02.736  1302  3017 E ActivityManager: 	at android.os.Binder.execTransact(Binder.java:565)
09-19 11:37:02.736  1114  1134 D audio_hw_hal: raw_start_output_stream, stream=0xc6f05140, sampleRate=48000, channel=2, bps=16, bufSize=4096
09-19 11:37:02.739  1752  1752 D LdShortcut: shortcutCmd cmd=7
09-19 11:37:02.739  1302  1545 I ActivityManager: START u0 {act=android.intent.action.MAIN cat=[android.intent.category.LAUNCHER] flg=0x10200000 cmp=com.litatom.app/com.lit.app.ui.SplashActivity bnds=[540,275][786,533] (has extras)} from uid 10029 on display 0
09-19 11:37:02.744  1819  1819 D EventBus: No subscribers registered for event class com.android.flysilkworm.b.a.e
09-19 11:37:02.744  1819  1819 D EventBus: No subscribers registered for event class org.greenrobot.eventbus.h
09-19 11:37:02.744  1105  1105 D ldinit  : Broadcast completed: result=0
09-19 11:37:02.744  3495  3495 D AndroidRuntime: Shutting down VM
09-19 11:37:02.750  3504  3504 D libnativebridge: PreInitializeNativeBridge name=zygote instruction_set=arm
09-19 11:37:02.751  3504  3504 I chatty  : uid=10038(com.litatom.app) expire 135 lines
09-19 11:37:02.756  1302  3016 I ActivityManager: Start proc 3504:com.litatom.app/u0a38 for activity com.litatom.app/com.lit.app.ui.SplashActivity
09-19 11:37:02.764  1698  1698 W ContextImpl: Calling a method in the system process without a qualified user: android.app.ContextImpl.startService:1358 android.content.ContextWrapper.startService:613 android.content.ContextWrapper.startService:613 com.android.coreservice.CoreBroadcastReceiver.onReceive:44 android.app.ActivityThread.handleReceiver:3073 
09-19 11:37:02.797  1698  1698 W ContextImpl: Calling a method in the system process without a qualified user: android.app.ContextImpl.startService:1358 android.content.ContextWrapper.startService:613 android.content.ContextWrapper.startService:613 com.android.coreservice.CoreBroadcastReceiver.onReceive:53 android.app.ActivityThread.handleReceiver:3073 
09-19 11:37:02.856  1752  1948 D EGL_adreno: eglMakeCurrent: 0xb6e9b540: ver 3 1 (tinfo 0xa5813030)
09-19 11:37:03.237  3504  3521 I chatty  : uid=10038(com.litatom.app) expire 1 line
09-19 11:37:03.250  3504  3525 I chatty  : uid=10038(com.litatom.app) expire 6 lines
09-19 11:37:03.254  3504  3525 E ActivityThread: Failed to find provider info for com.google.android.gms.chimera
09-19 11:37:03.255  3504  3527 I chatty  : uid=10038(com.litatom.app) expire 4 lines
09-19 11:37:03.255  3504  3522 I chatty  : uid=10038(com.litatom.app) GoogleApiHandle expire 2 lines
09-19 11:37:03.313  3504  3542 I chatty  : uid=10038(com.litatom.app) TAG expire 1 line
09-19 11:37:03.322  3504  3528 I chatty  : uid=10038(com.litatom.app) expire 5 lines
09-19 11:37:03.348  3504  3551 I chatty  : uid=10038(com.litatom.app) expire 1 line
09-19 11:37:03.456  3504  3555 I chatty  : uid=10038(com.litatom.app) expire 1 line
09-19 11:37:03.521  1302  1316 W BroadcastQueue: Permission Denial: broadcasting Intent { act=android.net.conn.CONNECTIVITY_CHANGE flg=0x4000010 (has extras) } from null (pid=-1, uid=-1) requires com.tencent.bugly.BuglyBroadcastReceiver.permission due to registered receiver BroadcastFilter{3451112 u0 ReceiverList{f64e89d 3504 com.litatom.app/10038/u0 remote:448b74}}
09-19 11:37:03.578  3504  3509 I chatty  : uid=10038(com.litatom.app) Jit thread pool expire 3 lines
09-19 11:37:03.582  3504  3573 I chatty  : uid=10038(com.litatom.app) pool-23-thread- expire 26 lines
09-19 11:37:03.603  3504  3574 I chatty  : uid=10038(com.litatom.app) pool-23-thread- expire 3 lines
09-19 11:37:03.749  3504  3504 I chatty  : uid=10038(com.litatom.app) expire 244 lines
09-19 11:37:03.765  3504  3606 I chatty  : uid=10038(com.litatom.app) LogingTaskQueue expire 48 lines
09-19 11:37:03.776  3504  3504 I chatty  : uid=10038(com.litatom.app) expire 104 lines
09-19 11:37:03.782  3504  3612 I chatty  : uid=10038(com.litatom.app) expire 21 lines
09-19 11:37:03.783  3504  3613 I chatty  : uid=10038(com.litatom.app) expire 47 lines
09-19 11:37:03.790  3504  3614 I chatty  : uid=10038(com.litatom.app) pool-23-thread- expire 7 lines
09-19 11:37:03.877  3504  3630 I chatty  : uid=10038(com.litatom.app) expire 15 lines
09-19 11:37:03.879  3504  3632 I chatty  : uid=10038(com.litatom.app) expire 1 line
09-19 11:37:03.999  1302  3018 W ActivityManager: Unable to start service Intent { cmp=com.litatom.app/com.hyphenate.chat.EMChatService } U=0: not found
09-19 11:37:04.001  1302  3019 W ActivityManager: Unable to start service Intent { cmp=com.litatom.app/com.hyphenate.chat.EMJobService } U=0: not found
09-19 11:37:04.046  3504  3652 I chatty  : uid=10038(com.litatom.app) expire 7 lines
09-19 11:37:04.109  3504  3655 I chatty  : uid=10038(com.litatom.app) expire 2 lines
09-19 11:37:04.119  1120  1120 E Drm     : Failed to find drm plugin
09-19 11:37:04.150  3504  3515 I chatty  : uid=10038(com.litatom.app) HeapTaskDaemon expire 2 lines
09-19 11:37:04.163  3504  3513 I chatty  : uid=10038(com.litatom.app) FinalizerDaemon expire 7 lines
09-19 11:37:04.170  1698  1698 W ContextImpl: Calling a method in the system process without a qualified user: android.app.ContextImpl.startService:1358 android.content.ContextWrapper.startService:613 android.content.ContextWrapper.startService:613 com.android.coreservice.CoreBroadcastReceiver.onReceive:53 android.app.ActivityThread.handleReceiver:3073 
09-19 11:37:04.222  3504  3509 I chatty  : uid=10038(com.litatom.app) Jit thread pool expire 3 lines
09-19 11:37:04.566  3670  3670 I chatty  : uid=10038(com.litatom.app) /system/bin/dex2oat expire 5 lines
09-19 11:37:04.737  3504  3504 I chatty  : uid=10038(com.litatom.app) expire 13 lines
09-19 11:37:04.937  3682  3682 I chatty  : uid=10038(com.litatom.app) /system/bin/dex2oat expire 5 lines
09-19 11:37:04.964  3504  3515 I chatty  : uid=10038(com.litatom.app) HeapTaskDaemon expire 3 lines
09-19 11:37:05.141  3504  3574 I chatty  : uid=10038(com.litatom.app) pool-23-thread- expire 1 line
09-19 11:37:05.166  3504  3613 I chatty  : uid=10038(com.litatom.app) expire 14 lines
09-19 11:37:05.167  3504  3606 I chatty  : uid=10038(com.litatom.app) LogingTaskQueue expire 10 lines
09-19 11:37:05.236  3504  3661 I chatty  : uid=10038(com.litatom.app) RenderThread expire 13 lines
09-19 11:37:05.320  3504  3509 I chatty  : uid=10038(com.litatom.app) Jit thread pool expire 12 lines
09-19 11:37:05.359  1302  1323 I ActivityManager: Displayed com.litatom.app/com.lit.app.ui.SplashActivity: +2s614ms
09-19 11:37:05.372  1698  1698 W ContextImpl: Calling a method in the system process without a qualified user: android.app.ContextImpl.startService:1358 android.content.ContextWrapper.startService:613 android.content.ContextWrapper.startService:613 com.android.coreservice.CoreBroadcastReceiver.onReceive:69 android.app.ActivityThread.handleReceiver:3073 
09-19 11:37:05.373  1698  1698 W ContextImpl: Calling a method in the system process without a qualified user: android.app.ContextImpl.startService:1358 android.content.ContextWrapper.startService:613 android.content.ContextWrapper.startService:613 com.android.coreservice.CoreBroadcastReceiver.onReceive:69 android.app.ActivityThread.handleReceiver:3073 
09-19 11:37:05.828  1114  1134 D audio_hw_hal: log_func, out_standby
09-19 11:37:05.828  1114  1134 D audio_hw_hal: raw_close_output_stream, dev=0xc6f0a0c0, stream =0xc6f05140
09-19 11:37:05.828  1114  1134 D audio_hw_hal: raw_close_output_stream, stream=0xc6f05140,  success!
09-19 11:37:23.910  3504  3632 I chatty  : uid=10038(com.litatom.app) expire 3 lines
09-19 11:37:49.751  1114  1134 D audio_hw_hal: raw_start_output_stream, stream=0xc6f05140, sampleRate=48000, channel=2, bps=16, bufSize=4096
09-19 11:37:49.751  1114  1134 D AudioFlinger: mixer(0xc5a80000) throttle end: throttle time(10)
09-19 11:37:49.755  1302  1313 I ActivityManager: START u0 {flg=0x10000000 cmp=com.litatom.app/com.lit.app.ui.login.PhoneLoginActivity (has extras)} from uid 10038 on display 0
09-19 11:37:49.759  1698  1698 W ContextImpl: Calling a method in the system process without a qualified user: android.app.ContextImpl.startService:1358 android.content.ContextWrapper.startService:613 android.content.ContextWrapper.startService:613 com.android.coreservice.CoreBroadcastReceiver.onReceive:44 android.app.ActivityThread.handleReceiver:3073 
09-19 11:37:49.840  3504  3504 I chatty  : uid=10038(com.litatom.app) expire 32 lines
09-19 11:37:49.862  1698  1698 W ContextImpl: Calling a method in the system process without a qualified user: android.app.ContextImpl.startService:1358 android.content.ContextWrapper.startService:613 android.content.ContextWrapper.startService:613 com.android.coreservice.CoreBroadcastReceiver.onReceive:53 android.app.ActivityThread.handleReceiver:3073 
09-19 11:37:49.909  3504  3661 I chatty  : uid=10038(com.litatom.app) RenderThread expire 30 lines
09-19 11:37:49.955  1302  1323 I ActivityManager: Displayed com.litatom.app/com.lit.app.ui.login.PhoneLoginActivity: +189ms
09-19 11:37:49.956  1698  1698 W ContextImpl: Calling a method in the system process without a qualified user: android.app.ContextImpl.startService:1358 android.content.ContextWrapper.startService:613 android.content.ContextWrapper.startService:613 com.android.coreservice.CoreBroadcastReceiver.onReceive:69 android.app.ActivityThread.handleReceiver:3073 
09-19 11:37:49.960  1698  1698 W ContextImpl: Calling a method in the system process without a qualified user: android.app.ContextImpl.startService:1358 android.content.ContextWrapper.startService:613 android.content.ContextWrapper.startService:613 com.android.coreservice.CoreBroadcastReceiver.onReceive:69 android.app.ActivityThread.handleReceiver:3073 
09-19 11:37:52.848  1114  1134 D audio_hw_hal: log_func, out_standby
09-19 11:37:52.848  1114  1134 D audio_hw_hal: raw_close_output_stream, dev=0xc6f0a0c0, stream =0xc6f05140
09-19 11:37:52.848  1114  1134 D audio_hw_hal: raw_close_output_stream, stream=0xc6f05140,  success!
09-19 11:37:54.017  1698  1698 W ContextImpl: Calling a method in the system process without a qualified user: android.app.ContextImpl.sendBroadcast:878 android.content.ContextWrapper.sendBroadcast:421 com.android.coreservice.CoreService.sendImeAction:435 com.android.coreservice.HostService.onReceived:303 com.android.coreservice.HostService.onData:225 
09-19 11:37:54.019  1114  1134 D audio_hw_hal: raw_start_output_stream, stream=0xc6f05140, sampleRate=48000, channel=2, bps=16, bufSize=4096
09-19 11:37:54.020  1114  1134 D AudioFlinger: mixer(0xc5a80000) throttle end: throttle time(10)
09-19 11:37:54.040  1698  1698 W ContextImpl: Calling a method in the system process without a qualified user: android.app.ContextImpl.startService:1358 android.content.ContextWrapper.startService:613 android.content.ContextWrapper.startService:613 com.android.coreservice.CoreBroadcastReceiver.onReceive:69 android.app.ActivityThread.handleReceiver:3073 
09-19 11:37:54.080  1698  1698 W ContextImpl: Calling a method in the system process without a qualified user: android.app.ContextImpl.startService:1358 android.content.ContextWrapper.startService:613 android.content.ContextWrapper.startService:613 com.android.coreservice.CoreBroadcastReceiver.onReceive:69 android.app.ActivityThread.handleReceiver:3073 
09-19 11:37:54.241  1302  3015 I ActivityManager: START u0 {cmp=com.litatom.app/com.lit.app.ui.login.VerifyCodeActivity (has extras)} from uid 10038 on display 0
09-19 11:37:54.252  1698  1698 W ContextImpl: Calling a method in the system process without a qualified user: android.app.ContextImpl.startService:1358 android.content.ContextWrapper.startService:613 android.content.ContextWrapper.startService:613 com.android.coreservice.CoreBroadcastReceiver.onReceive:44 android.app.ActivityThread.handleReceiver:3073 
09-19 11:37:54.346  1698  1698 W ContextImpl: Calling a method in the system process without a qualified user: android.app.ContextImpl.startService:1358 android.content.ContextWrapper.startService:613 android.content.ContextWrapper.startService:613 com.android.coreservice.CoreBroadcastReceiver.onReceive:53 android.app.ActivityThread.handleReceiver:3073 
09-19 11:37:54.409  1302  1323 I ActivityManager: Displayed com.litatom.app/com.lit.app.ui.login.VerifyCodeActivity: +112ms
09-19 11:37:54.413  1698  1698 W ContextImpl: Calling a method in the system process without a qualified user: android.app.ContextImpl.startService:1358 android.content.ContextWrapper.startService:613 android.content.ContextWrapper.startService:613 com.android.coreservice.CoreBroadcastReceiver.onReceive:69 android.app.ActivityThread.handleReceiver:3073 
09-19 11:37:56.239  1302  1302 W WindowManager: Attempted to remove non-existing token: android.os.Binder@c8e3bed
09-19 11:37:56.453  1698  1698 W ContextImpl: Calling a method in the system process without a qualified user: android.app.ContextImpl.startService:1358 android.content.ContextWrapper.startService:613 android.content.ContextWrapper.startService:613 com.android.coreservice.CoreBroadcastReceiver.onReceive:69 android.app.ActivityThread.handleReceiver:3073 
09-19 11:37:56.454  1698  1698 W ContextImpl: Calling a method in the system process without a qualified user: android.app.ContextImpl.startService:1358 android.content.ContextWrapper.startService:613 android.content.ContextWrapper.startService:613 com.android.coreservice.CoreBroadcastReceiver.onReceive:69 android.app.ActivityThread.handleReceiver:3073 
09-19 11:37:56.455  1698  1698 W ContextImpl: Calling a method in the system process without a qualified user: android.app.ContextImpl.startService:1358 android.content.ContextWrapper.startService:613 android.content.ContextWrapper.startService:613 com.android.coreservice.CoreBroadcastReceiver.onReceive:69 android.app.ActivityThread.handleReceiver:3073 
09-19 11:37:56.456  1698  1698 W ContextImpl: Calling a method in the system process without a qualified user: android.app.ContextImpl.startService:1358 android.content.ContextWrapper.startService:613 android.content.ContextWrapper.startService:613 com.android.coreservice.CoreBroadcastReceiver.onReceive:69 android.app.ActivityThread.handleReceiver:3073 
09-19 11:37:56.472  1302  1644 D NotificationService: notify pkg=android pid=1302
09-19 11:37:56.472  1302  1644 D NotificationService: notify init pkg=android
09-19 11:37:56.492  2010  2010 I HostConnection: HostConnection::HostConnection: pid=2010, tid=2010, this=0xb8fb12c0
09-19 11:37:56.493  2010  2010 I         : fastpipe: Connect success
09-19 11:37:56.493  2010  2010 D HostConnection: HostRPC::connect sucess: app=com.android.inputmethod.pinyin, pid=2010, tid=2010, this=0xb8f55a80
09-19 11:37:56.494  2010  2010 D HostConnection: queryAndSetGLESMaxVersion select gles-version: 3.1 hostGLVersion:46 process:com.android.inputmethod.pinyin
09-19 11:37:56.495  2010  2010 I         : fastpipe: Connect success
09-19 11:37:56.495  2010  2010 D HostConnection: recv ProcessPuidReply name=com.android.inputmethod.pinyin puid=9 g_u64CapsFlag=1d
09-19 11:37:56.496  1302  3018 D NotificationService: notify pkg=android pid=1302
09-19 11:37:56.505  1302  1367 D NotificationSQLiteLog: Pruned event entries: 175
09-19 11:37:56.537  2010  3719 I HostConnection: HostConnection::HostConnection: pid=2010, tid=3719, this=0xb8fb1480
09-19 11:37:56.537  2010  3719 I         : fastpipe: Connect success
09-19 11:37:56.537  2010  3719 D HostConnection: HostRPC::connect sucess: app=com.android.inputmethod.pinyin, pid=2010, tid=3719, this=0xb8f5cf40
09-19 11:37:56.538  2010  3719 D HostConnection: queryAndSetGLESMaxVersion select gles-version: 3.1 hostGLVersion:46 process:com.android.inputmethod.pinyin
09-19 11:37:56.538  2010  3719 I OpenGLRenderer: Initialized EGL, version 1.4
09-19 11:37:56.539  2010  3719 D OpenGLRenderer: Swap behavior 1
09-19 11:37:56.539  2010  3719 I EGL_adreno: eglCreateContext request GLES major-version=2
09-19 11:37:56.558  2010  3719 D EGL_adreno: eglCreateContext: 0xb6e91060: maj 3 min 1 rcv 4
09-19 11:37:56.561  2010  3719 D EGL_adreno: eglMakeCurrent: 0xb6e91060: ver 3 1 (tinfo 0xb75645b0)
09-19 11:37:56.562  2010  3719 D HostConnection: ExtendedRCEncoderContext GL_VERSION return OpenGL ES 3.1
09-19 11:37:56.566  2010  3719 E EGL_adreno: tid 3719: eglSurfaceAttrib(1338): error 0x3009 (EGL_BAD_MATCH)
09-19 11:37:56.566  2010  3719 W OpenGLRenderer: Failed to set EGL_SWAP_BEHAVIOR on surface 0xb8f746e0, error=EGL_BAD_MATCH
09-19 11:37:57.117  1114  1134 D audio_hw_hal: log_func, out_standby
09-19 11:37:57.117  1114  1134 D audio_hw_hal: raw_close_output_stream, dev=0xc6f0a0c0, stream =0xc6f05140
09-19 11:37:57.117  1114  1134 D audio_hw_hal: raw_close_output_stream, stream=0xc6f05140,  success!
09-19 11:37:58.518  1698  1698 W ContextImpl: Calling a method in the system process without a qualified user: android.app.ContextImpl.sendBroadcast:878 android.content.ContextWrapper.sendBroadcast:421 com.android.coreservice.CoreService.sendImeAction:435 com.android.coreservice.HostService.onReceived:303 com.android.coreservice.HostService.onData:225 
09-19 11:37:58.521  1114  1134 D audio_hw_hal: raw_start_output_stream, stream=0xc6f05140, sampleRate=48000, channel=2, bps=16, bufSize=4096
09-19 11:37:58.535  1698  1698 W ContextImpl: Calling a method in the system process without a qualified user: android.app.ContextImpl.startService:1358 android.content.ContextWrapper.startService:613 android.content.ContextWrapper.startService:613 com.android.coreservice.CoreBroadcastReceiver.onReceive:69 android.app.ActivityThread.handleReceiver:3073 
09-19 11:37:58.536  2010  2010 W InputService: onEvaluateInputViewShown inputType=0 imeOptions=0
09-19 11:37:58.536  2010  2010 W InputService: onEvaluateInputViewShown inputType=0 imeOptions=0
09-19 11:37:58.536  1302  1617 D NotificationService: notify pkg=android pid=1302
09-19 11:37:58.542  1394  1452 I art     : Do full code cache collection, code=124KB, data=116KB
09-19 11:37:58.542  1394  1452 I art     : Starting a blocking GC JitCodeCache
09-19 11:37:58.542  1394  1452 I art     : After code cache collection, code=104KB, data=84KB
09-19 11:37:58.560  1698  1698 W ContextImpl: Calling a method in the system process without a qualified user: android.app.ContextImpl.startService:1358 android.content.ContextWrapper.startService:613 android.content.ContextWrapper.startService:613 com.android.coreservice.CoreBroadcastReceiver.onReceive:69 android.app.ActivityThread.handleReceiver:3073 
09-19 11:37:58.562  1698  1698 W ContextImpl: Calling a method in the system process without a qualified user: android.app.ContextImpl.startService:1358 android.content.ContextWrapper.startService:613 android.content.ContextWrapper.startService:613 com.android.coreservice.CoreBroadcastReceiver.onReceive:69 android.app.ActivityThread.handleReceiver:3073 
09-19 11:37:59.089  3504  3721 I chatty  : uid=10038(com.litatom.app) expire 2 lines
09-19 11:37:59.097  1302  3020 I ActivityManager: START u0 {cmp=com.litatom.app/com.lit.app.ui.MainActivity (has extras)} from uid 10038 on display 0
09-19 11:37:59.102  1698  1698 W ContextImpl: Calling a method in the system process without a qualified user: android.app.ContextImpl.startService:1358 android.content.ContextWrapper.startService:613 android.content.ContextWrapper.startService:613 com.android.coreservice.CoreBroadcastReceiver.onReceive:44 android.app.ActivityThread.handleReceiver:3073 
09-19 11:37:59.139  1698  1698 W ContextImpl: Calling a method in the system process without a qualified user: android.app.ContextImpl.startService:1358 android.content.ContextWrapper.startService:613 android.content.ContextWrapper.startService:613 com.android.coreservice.CoreBroadcastReceiver.onReceive:69 android.app.ActivityThread.handleReceiver:3073 
09-19 11:37:59.154  1302  3018 D sensor_hal: cb_setDelay handle=0 delay-ns=200000000
09-19 11:37:59.155  1302  1643 D sensor_hal: cb_activate handle=2 enabled=1
09-19 11:37:59.155  1302  1643 D sensor_hal: cb_setDelay handle=2 delay-ns=200000000
09-19 11:37:59.156  1302  3018 D sensor_hal: cb_activate handle=5 enabled=1
09-19 11:37:59.156  1302  3018 D sensor_hal: cb_setDelay handle=5 delay-ns=200000000
09-19 11:37:59.205  1120  1139 E Drm     : Failed to find drm plugin
09-19 11:37:59.302  3504  3627 I chatty  : uid=10038(com.litatom.app) DefaultDispatch expire 11 lines
09-19 11:37:59.499  3504  3732 I chatty  : uid=10038(com.litatom.app) SoundPoolThread expire 1 line
09-19 11:37:59.512  1121  1530 I FFmpegExtractor: android-source:0xc3b99600
09-19 11:37:59.520  1121  1530 D FFmpegExtractor: supported codec (mp3) by official Stagefright
09-19 11:37:59.520  1121  1530 D FFmpegExtractor: ffmpeg detected media content as 'audio/mpeg' with confidence 0.08
09-19 11:37:59.544  1122  1122 I MediaPlayerService: MediaPlayerService::getOMX
09-19 11:37:59.545  3504  3733 I chatty  : uid=10038(com.litatom.app) expire 1 line
09-19 11:37:59.545  1119  1476 I OMXMaster: makeComponentInstance(OMX.google.mp3.decoder) in mediacodec process
09-19 11:37:59.622  1121  1136 I FFmpegExtractor: android-source:0xc6c23400
09-19 11:37:59.624  1121  1136 D FFmpegExtractor: supported codec (mp3) by official Stagefright
09-19 11:37:59.624  1121  1136 D FFmpegExtractor: ffmpeg detected media content as 'audio/mpeg' with confidence 0.08
09-19 11:37:59.625  1122  1137 I MediaPlayerService: MediaPlayerService::getOMX
09-19 11:37:59.625  3504  3736 I chatty  : uid=10038(com.litatom.app) expire 1 line
09-19 11:37:59.626  1119  1133 I OMXMaster: makeComponentInstance(OMX.google.mp3.decoder) in mediacodec process
09-19 11:37:59.902  3504  3739 I chatty  : uid=10038(com.litatom.app) glide-source-th expire 5 lines
09-19 11:38:00.015  1302  3016 D ConnectivityService: requestNetwork for uid/pid:10038/3504 NetworkRequest [ TRACK_DEFAULT id=13, [ Capabilities: INTERNET&NOT_RESTRICTED&TRUSTED&NOT_VPN] ]
09-19 11:38:00.052  1302  1357 D WIFI    : got request NetworkRequest [ TRACK_DEFAULT id=13, [ Capabilities: INTERNET&NOT_RESTRICTED&TRUSTED&NOT_VPN] ] with score 60
09-19 11:38:00.052  1302  1375 D Ethernet: got request NetworkRequest [ TRACK_DEFAULT id=13, [ Capabilities: INTERNET&NOT_RESTRICTED&TRUSTED&NOT_VPN] ] with score 60
09-19 11:38:00.053  1302  1357 D WIFI_UT : got request NetworkRequest [ TRACK_DEFAULT id=13, [ Capabilities: INTERNET&NOT_RESTRICTED&TRUSTED&NOT_VPN] ] with score 60
09-19 11:38:00.054  1549  1549 D PhoneSwitcherNetworkRequstListener: got request NetworkRequest [ TRACK_DEFAULT id=13, [ Capabilities: INTERNET&NOT_RESTRICTED&TRUSTED&NOT_VPN] ] with score 60
09-19 11:38:00.060  3504  3606 I chatty  : uid=10038(com.litatom.app) LogingTaskQueue expire 4 lines
09-19 11:38:00.068  3504  3743 I chatty  : uid=10038(com.litatom.app) expire 2 lines
09-19 11:38:00.089  1698  1698 W ContextImpl: Calling a method in the system process without a qualified user: android.app.ContextImpl.startService:1358 android.content.ContextWrapper.startService:613 android.content.ContextWrapper.startService:613 com.android.coreservice.CoreBroadcastReceiver.onReceive:53 android.app.ActivityThread.handleReceiver:3073 
09-19 11:38:00.090  3504  3504 I chatty  : uid=10038(com.litatom.app) expire 24 lines
09-19 11:38:00.213  3504  3661 I chatty  : uid=10038(com.litatom.app) RenderThread expire 10 lines
09-19 11:38:00.248  1302  3019 D sensor_hal: cb_activate handle=5 enabled=0
09-19 11:38:00.249  1302  3017 D sensor_hal: cb_activate handle=2 enabled=0
09-19 11:38:00.249  1302  1313 D sensor_hal: cb_setDelay handle=0 delay-ns=200000000
09-19 11:38:00.305  1302  1323 I ActivityManager: Displayed com.litatom.app/com.lit.app.ui.MainActivity: +1s165ms
09-19 11:38:00.320  1698  1698 W ContextImpl: Calling a method in the system process without a qualified user: android.app.ContextImpl.startService:1358 android.content.ContextWrapper.startService:613 android.content.ContextWrapper.startService:613 com.android.coreservice.CoreBroadcastReceiver.onReceive:69 android.app.ActivityThread.handleReceiver:3073 
09-19 11:38:00.356  3504  3750 I chatty  : uid=10038(com.litatom.app) expire 4 lines
09-19 11:38:01.613  1114  1134 D audio_hw_hal: log_func, out_standby
09-19 11:38:01.613  1114  1134 D audio_hw_hal: raw_close_output_stream, dev=0xc6f0a0c0, stream =0xc6f05140
09-19 11:38:01.613  1114  1134 D audio_hw_hal: raw_close_output_stream, stream=0xc6f05140,  success!
09-19 11:38:03.573  3504  3509 I chatty  : uid=10038(com.litatom.app) Jit thread pool expire 3 lines
09-19 11:38:09.103  1302  1316 W ActivityManager: Launch timeout has expired, giving up wake lock!
09-19 11:38:24.483  3789  3789 I appproc : exec app_process! cmdline: /system/bin com.android.commands.wm.Wm size 
09-19 11:38:24.483  3789  3789 D AndroidRuntime: >>>>>> START com.android.internal.os.RuntimeInit uid 0 <<<<<<
09-19 11:38:24.490  3789  3789 D AndroidRuntime: CheckJNI is OFF
09-19 11:38:24.530  3789  3789 D ICU     : No timezone override file found: /data/misc/zoneinfo/current/icu/icu_tzdata.dat
09-19 11:38:24.549  3789  3789 D libnativebridge: PreInitializeNativeBridge name=unknown instruction_set=x86
09-19 11:38:24.550  3789  3789 D libnativebridge: call UnloadNativeBridge! state=1
09-19 11:38:24.563  3789  3789 E memtrack: Couldn't load memtrack module (No such file or directory)
09-19 11:38:24.563  3789  3789 E android.os.Debug: failed to load memtrack module: -2
09-19 11:38:24.565  3789  3789 I Radio-JNI: register_android_hardware_Radio DONE
09-19 11:38:24.576  3789  3789 D AndroidRuntime: Calling main entry com.android.commands.wm.Wm
09-19 11:38:24.577  3789  3789 D AndroidRuntime: Shutting down VM
09-19 11:39:22.691  1302  1357 D WifiStateMachine: setScanResults mScanResults.size=1
09-19 11:40:24.495  3825  3825 I appproc : exec app_process! cmdline: /system/bin com.android.commands.wm.Wm size 
09-19 11:40:24.495  3825  3825 D AndroidRuntime: >>>>>> START com.android.internal.os.RuntimeInit uid 0 <<<<<<
09-19 11:40:24.497  3825  3825 D AndroidRuntime: CheckJNI is OFF
09-19 11:40:24.545  3825  3825 D ICU     : No timezone override file found: /data/misc/zoneinfo/current/icu/icu_tzdata.dat
09-19 11:40:24.555  3825  3825 D libnativebridge: PreInitializeNativeBridge name=unknown instruction_set=x86
09-19 11:40:24.555  3825  3825 D libnativebridge: call UnloadNativeBridge! state=1
09-19 11:40:24.564  3825  3825 E memtrack: Couldn't load memtrack module (No such file or directory)
09-19 11:40:24.564  3825  3825 E android.os.Debug: failed to load memtrack module: -2
09-19 11:40:24.564  3825  3825 I Radio-JNI: register_android_hardware_Radio DONE
09-19 11:40:24.571  3825  3825 D AndroidRuntime: Calling main entry com.android.commands.wm.Wm
09-19 11:40:24.572  3825  3825 D AndroidRuntime: Shutting down VM
09-19 11:41:28.513  3843  3843 I appproc : exec app_process! cmdline: /system/bin com.android.commands.wm.Wm size 
09-19 11:41:28.513  3843  3843 D AndroidRuntime: >>>>>> START com.android.internal.os.RuntimeInit uid 0 <<<<<<
09-19 11:41:28.515  3843  3843 D AndroidRuntime: CheckJNI is OFF
09-19 11:41:28.539  3843  3843 D ICU     : No timezone override file found: /data/misc/zoneinfo/current/icu/icu_tzdata.dat
09-19 11:41:28.547  3843  3843 D libnativebridge: PreInitializeNativeBridge name=unknown instruction_set=x86
09-19 11:41:28.547  3843  3843 D libnativebridge: call UnloadNativeBridge! state=1
09-19 11:41:28.554  3843  3843 E memtrack: Couldn't load memtrack module (No such file or directory)
09-19 11:41:28.554  3843  3843 E android.os.Debug: failed to load memtrack module: -2
09-19 11:41:28.554  3843  3843 I Radio-JNI: register_android_hardware_Radio DONE
09-19 11:41:28.558  3843  3843 D AndroidRuntime: Calling main entry com.android.commands.wm.Wm
09-19 11:41:28.559  3843  3843 D AndroidRuntime: Shutting down VM
09-19 11:41:28.830  3859  3859 I appproc : exec app_process! cmdline: /system/bin com.android.commands.am.Am start -n com.litatom.app/com.lit.app.ui.feed.TopicActivity 
09-19 11:41:28.830  3859  3859 D AndroidRuntime: >>>>>> START com.android.internal.os.RuntimeInit uid 0 <<<<<<
09-19 11:41:28.831  3859  3859 D AndroidRuntime: CheckJNI is OFF
09-19 11:41:28.855  3859  3859 D ICU     : No timezone override file found: /data/misc/zoneinfo/current/icu/icu_tzdata.dat
09-19 11:41:28.861  3859  3859 D libnativebridge: PreInitializeNativeBridge name=unknown instruction_set=x86
09-19 11:41:28.861  3859  3859 D libnativebridge: call UnloadNativeBridge! state=1
09-19 11:41:28.867  3859  3859 E memtrack: Couldn't load memtrack module (No such file or directory)
09-19 11:41:28.867  3859  3859 E android.os.Debug: failed to load memtrack module: -2
09-19 11:41:28.867  3859  3859 I Radio-JNI: register_android_hardware_Radio DONE
09-19 11:41:28.873  3859  3859 D AndroidRuntime: Calling main entry com.android.commands.am.Am
09-19 11:41:28.882  1302  1545 I ActivityManager: START u0 {flg=0x10000000 cmp=com.litatom.app/com.lit.app.ui.feed.TopicActivity} from uid 0 on display 0
09-19 11:41:28.896  3859  3859 D AndroidRuntime: Shutting down VM
09-19 11:41:28.921  1698  1698 W ContextImpl: Calling a method in the system process without a qualified user: android.app.ContextImpl.startService:1358 android.content.ContextWrapper.startService:613 android.content.ContextWrapper.startService:613 com.android.coreservice.CoreBroadcastReceiver.onReceive:44 android.app.ActivityThread.handleReceiver:3073 
09-19 11:41:29.023  3504  3504 I chatty  : uid=10038(com.litatom.app) expire 1 line
09-19 11:41:29.071  1698  1698 W ContextImpl: Calling a method in the system process without a qualified user: android.app.ContextImpl.startService:1358 android.content.ContextWrapper.startService:613 android.content.ContextWrapper.startService:613 com.android.coreservice.CoreBroadcastReceiver.onReceive:53 android.app.ActivityThread.handleReceiver:3073 
09-19 11:41:29.122  1302  1323 I ActivityManager: Displayed com.litatom.app/com.lit.app.ui.feed.TopicActivity: +213ms
09-19 11:41:29.123  1698  1698 W ContextImpl: Calling a method in the system process without a qualified user: android.app.ContextImpl.startService:1358 android.content.ContextWrapper.startService:613 android.content.ContextWrapper.startService:613 com.android.coreservice.CoreBroadcastReceiver.onReceive:69 android.app.ActivityThread.handleReceiver:3073 
09-19 11:41:29.125  3873  3873 I appproc : exec app_process! cmdline: /system/bin com.android.commands.monkey.Monkey -p com.litatom.app --throttle 500 --ignore-timeouts --ignore-crashes --monitor-native-crashes -v -v -v 500 
09-19 11:41:29.125  3873  3873 D AndroidRuntime: >>>>>> START com.android.internal.os.RuntimeInit uid 0 <<<<<<
09-19 11:41:29.127  3873  3873 D AndroidRuntime: CheckJNI is OFF
09-19 11:41:29.135  3504  3661 I chatty  : uid=10038(com.litatom.app) RenderThread expire 295 lines
09-19 11:41:29.154  3873  3873 D ICU     : No timezone override file found: /data/misc/zoneinfo/current/icu/icu_tzdata.dat
09-19 11:41:29.161  3873  3873 D libnativebridge: PreInitializeNativeBridge name=unknown instruction_set=x86
09-19 11:41:29.161  3873  3873 D libnativebridge: call UnloadNativeBridge! state=1
09-19 11:41:29.174  3873  3873 E memtrack: Couldn't load memtrack module (No such file or directory)
09-19 11:41:29.174  3873  3873 E android.os.Debug: failed to load memtrack module: -2
09-19 11:41:29.175  3873  3873 I Radio-JNI: register_android_hardware_Radio DONE
09-19 11:41:29.178  3873  3873 D AndroidRuntime: Calling main entry com.android.commands.monkey.Monkey
09-19 11:41:29.241  1302  1316 W BroadcastQueue: Skipping deliver [background] BroadcastRecord{b2471d7 u-1 android.net.conn.CONNECTIVITY_CHANGE} to ReceiverList{c7e2ac4 3873 (unknown name)/0/u-1 remote:f0c3b71}: process crashing
09-19 11:41:29.249  1302  3018 I ActivityManager: START u0 {act=android.intent.action.MAIN cat=[android.intent.category.LAUNCHER] flg=0x10200000 cmp=com.litatom.app/com.lit.app.ui.SplashActivity} from uid 0 on display 0
