09-19 11:26:01.235  1119  1133 D SoftFFmpegAudio: set OMX_IndexParamAudioVorbis, nChannels=2, nSampleRate=44100, nBitRate=0, nMinBitRate=0, nMaxBitRate=0
09-19 11:26:01.239  1119  1541 D SoftFFmpegAudio: begin to open ffmpeg audio decoder(vorbis), mCtx sample_rate: 44100, channels: 2
09-19 11:26:01.239  1119  1541 D SoftFFmpegAudio: open ffmpeg audio decoder(vorbis) success, mCtx sample_rate: 44100, channels: 2, sample_fmt: fltp, bits_per_coded_sample: 0, bits_per_raw_sample: 0
09-19 11:26:01.239  1119  1541 I SoftFFmpegAudio: Create sample rate converter for conversion of 44100 Hz fltp 2 channels(stereo) to 44100 Hz s16 2 channels(stereo)!
09-19 11:26:01.245  1119  1541 D SoftFFmpegAudio: ffmpeg audio decoder eos
09-19 11:26:01.245  1119  1541 D SoftFFmpegAudio: ffmpeg audio decoder fill eos outbuf
09-19 11:26:01.287  1302  1302 D gps_hal : GPS dev open_gps
09-19 11:26:01.287  1302  1302 D gps_hal : GPS dev get_hardware_interface
09-19 11:26:01.287  1302  1302 D gps_hal : serial_gps_get_extension: called name=gps-xtra
09-19 11:26:01.287  1302  1302 D gps_hal : serial_gps_get_extension: called name=agps
09-19 11:26:01.287  1302  1302 D gps_hal : serial_gps_get_extension: called name=gps-ni
09-19 11:26:01.287  1302  1302 D gps_hal : serial_gps_get_extension: called name=gps-debug
09-19 11:26:01.287  1302  1302 D gps_hal : serial_gps_get_extension: called name=agps_ril
09-19 11:26:01.287  1302  1302 D gps_hal : serial_gps_get_extension: called name=gps_geofencing
09-19 11:26:01.287  1302  1302 D gps_hal : serial_gps_get_extension: called name=gps_measurement
09-19 11:26:01.287  1302  1302 D gps_hal : serial_gps_get_extension: called name=gps_navigation_message
09-19 11:26:01.287  1302  1302 D gps_hal : serial_gps_get_extension: called name=gnss_configuration
09-19 11:26:01.289  1302  1302 I GnssLocationProvider: WakeLock acquired by sendMessage(13, 0, null)
09-19 11:26:01.291  1302  1302 W LocationManagerService: no network location provider found
09-19 11:26:01.292  1302  1302 E LocationManagerService: no geocoder provider found
09-19 11:26:01.292  1302  1302 E FlpHardwareProvider: Error hw_get_module 'flp': -2
09-19 11:26:01.292  1302  1302 D LocationManagerService: FLP HAL not supported
09-19 11:26:01.292  1302  1302 D LocationManagerService: Unable to bind FLP Geofence proxy.
09-19 11:26:01.293  1302  1302 E ActivityRecognitionHardware: Error hw_get_module: -2
09-19 11:26:01.293  1302  1302 D LocationManagerService: Hardware Activity-Recognition not supported.
09-19 11:26:01.293  1302  1302 E ActivityRecognitionProxy: ServiceWatcher could not start.
09-19 11:26:01.293  1302  1302 D LocationManagerService: Unable to bind ActivityRecognitionProxy.
09-19 11:26:01.293  1302  1302 I GnssLocationProvider: WakeLock acquired by sendMessage(2, 1, null)
09-19 11:26:01.294  1302  1302 I CommonTimeManagementService: No common time service detected on this platform.  Common time services will be unavailable.
09-19 11:26:01.295  1302  1543 D SntpClient: request time failed: java.net.UnknownHostException: Unable to resolve host "2.android.pool.ntp.org": No address associated with hostname
09-19 11:26:01.295  1302  1348 I InputReader: Reconfiguring input devices.  changes=0x00000030
09-19 11:26:01.296  1302  1302 I MmsServiceBroker: Delay connecting to MmsService until an API is called
09-19 11:26:01.298  1122  1122 I MediaPlayerService: MediaPlayerService::getOMX
09-19 11:26:01.299  1302  1546 I OMXClient: MuxOMX ctor
09-19 11:26:01.299  1119  1119 I OMXMaster: makeComponentInstance(OMX.ffmpeg.vorbis.decoder) in mediacodec process
09-19 11:26:01.299  1119  1119 V FFmpegOMXPlugin: makeComponentInstance 'OMX.ffmpeg.vorbis.decoder'
09-19 11:26:01.299  1119  1119 D SoftFFmpegAudio: SoftFFmpegAudio component: OMX.ffmpeg.vorbis.decoder mCodingType: 24
09-19 11:26:01.300  1302  1546 D FFMPEGSoftCodec: No PCM format specified, using 16 bit
09-19 11:26:01.300  1302  1302 W VoiceInteractionManagerService: no available voice interaction services found for user 0
09-19 11:26:01.300  1302  1302 W VoiceInteractionManagerService: no available voice recognition services found for user 0
09-19 11:26:01.300  1119  1133 D SoftFFmpegAudio: set OMX_IndexParamAudioVorbis, nChannels=1, nSampleRate=44100, nBitRate=0, nMinBitRate=0, nMaxBitRate=0
09-19 11:26:01.305  1119  1547 D SoftFFmpegAudio: begin to open ffmpeg audio decoder(vorbis), mCtx sample_rate: 44100, channels: 1
09-19 11:26:01.306  1119  1547 D SoftFFmpegAudio: open ffmpeg audio decoder(vorbis) success, mCtx sample_rate: 44100, channels: 1, sample_fmt: fltp, bits_per_coded_sample: 0, bits_per_raw_sample: 0
09-19 11:26:01.306  1119  1547 I SoftFFmpegAudio: Create sample rate converter for conversion of 44100 Hz fltp 1 channels(mono) to 44100 Hz s16 1 channels(mono)!
09-19 11:26:01.309  1302  1302 I ActivityManager: Start proc 1549:com.android.phone/1001 for added application com.android.phone
09-19 11:26:01.312  1302  1302 I ActivityManager: START u0 {act=android.intent.action.MAIN cat=[android.intent.category.HOME] flg=0x10000100 cmp=com.android.settings/.FallbackHome} from uid 0 on display 0
09-19 11:26:01.312  1119  1547 D SoftFFmpegAudio: ffmpeg audio decoder eos
09-19 11:26:01.312  1119  1547 D SoftFFmpegAudio: ffmpeg audio decoder fill eos outbuf
09-19 11:26:01.313  1302  1302 W System  : ClassLoader referenced unknown path: 
09-19 11:26:01.313  1302  1302 W System  : ClassLoader referenced unknown path: /system/priv-app/Settings/lib/x86
09-19 11:26:01.313  1302  1302 D ApplicationLoaders: ignored Vulkan layer search path /system/priv-app/Settings/lib/x86:/system/priv-app/Settings/Settings.apk!/lib/x86:/system/lib:/vendor/lib for namespace 0xc7ce10d0
09-19 11:26:01.319  1302  1302 I ActivityManager: Loaded persisted task ids for user 0
09-19 11:26:01.330  1549  1549 D libnativebridge: call UnloadNativeBridge! state=1
09-19 11:26:01.331  1302  1315 E GnssLocationProvider: no AGPS interface in set_agps_server
09-19 11:26:01.332  1302  1302 I ActivityManager: Start proc 1554:com.android.settings/1000 for activity com.android.settings/.FallbackHome
09-19 11:26:01.334  1394  1394 V SystemUIService: Starting SystemUI services for user 0.
09-19 11:26:01.334  1302  1302 D ConditionProviders.SCP: onConnected
09-19 11:26:01.334  1302  1302 D ZenLog  : set_zen_mode: off,readXml
09-19 11:26:01.335  1302  1302 D ConditionProviders: Subscribing to condition://android/event?userId=-10000&calendar=&reply=1 with ComponentInfo{android/com.android.server.notification.EventConditionProvider}
09-19 11:26:01.335  1302  1302 D ZenLog  : subscribe: condition://android/event?userId=-10000&calendar=&reply=1,ok
09-19 11:26:01.335  1302  1302 D ConditionProviders: Subscribing to condition://android/schedule?days=6.7&start=23.30&end=10.0&exitAtAlarm=false with ComponentInfo{android/com.android.server.notification.ScheduleConditionProvider}
09-19 11:26:01.335  1302  1302 D ZenLog  : subscribe: condition://android/schedule?days=6.7&start=23.30&end=10.0&exitAtAlarm=false,ok
09-19 11:26:01.335  1302  1302 D ConditionProviders: Subscribing to condition://android/schedule?days=1.2.3.4.5&start=22.0&end=7.0&exitAtAlarm=false with ComponentInfo{android/com.android.server.notification.ScheduleConditionProvider}
09-19 11:26:01.335  1302  1302 D ZenLog  : subscribe: condition://android/schedule?days=1.2.3.4.5&start=22.0&end=7.0&exitAtAlarm=false,ok
09-19 11:26:01.339  1302  1315 I GnssLocationProvider: WakeLock released by handleMessage(13, 0, null)
09-19 11:26:01.339  1302  1315 I gps_hal : serial_gps_init: called
09-19 11:26:01.339  1302  1315 I gps_hal : gps_callback_command_init: called
09-19 11:26:01.339  1302  1315 I gps_hal : GpsHost::init
09-19 11:26:01.339  1302  1315 E GnssLocationProvider: no AGPS interface in set_agps_server
09-19 11:26:01.339  1302  1357 E wifi    : Can not initialize the vendor function pointer table
09-19 11:26:01.339  1302  1357 E WifiNative-HAL: Could not start hal
09-19 11:26:01.339  1302  1357 E WifiStateMachine: Failed to start HAL
09-19 11:26:01.339  1302  1357 W LdWifi  : wifi command unkown!!! cmd=IFNAME=wlan0 LOG_LEVEL INFO
09-19 11:26:01.340  1302  1357 D WifiMonitor: startMonitoring(wlan0) with mConnected = false
09-19 11:26:01.340  1302  1568 D gps_hal : GPS call-back thread startup
09-19 11:26:01.340  1302  1302 D RttService: SCAN_AVAILABLE : 1
09-19 11:26:01.340  1302  1361 D RttService: DefaultState got{ when=0 what=160513 target=com.android.internal.util.StateMachine$SmHandler }
09-19 11:26:01.341  1302  1302 D ZenLog  : set_zen_mode: off,cleanUpZenRules
09-19 11:26:01.341  1302  1360 I WifiScanningService: wifi driver unloaded
09-19 11:26:01.341  1302  1357 D WifiConfigManager: Loading config and enabling all networks 
09-19 11:26:01.342  1302  1315 I GnssLocationProvider: WakeLock released by handleMessage(2, 1, null)
09-19 11:26:01.343  1302  1569 I         : fastpipe: Connect success
09-19 11:26:01.343  1302  1569 I gps_hal : GpsHost::recv NewLocation 39.915001, 116.403999
09-19 11:26:01.343  1302  1569 D gps_hal :  gps_on_location latitude = 39.915001, longitude = 116.403999 
09-19 11:26:01.346  1554  1554 D libnativebridge: call UnloadNativeBridge! state=1
09-19 11:26:01.355  1302  1302 I art     : Starting a blocking GC AddRemoveAppImageSpace
09-19 11:26:01.355  1302  1302 W System  : ClassLoader referenced unknown path: /system/priv-app/Telecom/lib/x86
09-19 11:26:01.355  1302  1302 D ApplicationLoaders: ignored Vulkan layer search path /system/priv-app/Telecom/lib/x86:/system/priv-app/Telecom/Telecom.apk!/lib/x86:/system/lib:/vendor/lib for namespace 0xc7ce1110
09-19 11:26:01.361  1394  1394 V MediaRouter: Adding route: RouteInfo{ name=平板电脑, description=null, status=null, category=RouteCategory{ name=null types=ROUTE_TYPE_LIVE_AUDIO ROUTE_TYPE_LIVE_VIDEO  groupable=false }, supportedTypes=ROUTE_TYPE_LIVE_AUDIO ROUTE_TYPE_LIVE_VIDEO , presentationDisplay=null }
09-19 11:26:01.363  1394  1394 V MediaRouter: Updating audio routes: AudioRoutesInfo{ type=SPEAKER }
09-19 11:26:01.365  1394  1394 V MediaRouter: Selecting route: RouteInfo{ name=平板电脑, description=null, status=null, category=RouteCategory{ name=null types=ROUTE_TYPE_LIVE_AUDIO ROUTE_TYPE_LIVE_VIDEO  groupable=false }, supportedTypes=ROUTE_TYPE_LIVE_AUDIO ROUTE_TYPE_LIVE_VIDEO , presentationDisplay=null }
09-19 11:26:01.373  1302  1302 D BluetoothManagerService: Trying to bind to profile: 1, while Bluetooth was disabled
09-19 11:26:01.378  1302  1302 I Telecom : SystemStateProvider: Registering car mode receiver: android.content.IntentFilter@8ce9152: TS.init@AAA
09-19 11:26:01.391  1302  1357 W WifiNetworkHistory: Upgrading network 0 to android.uid.system:1000
09-19 11:26:01.391  1302  1357 D WifiConfigManager: loaded 0 passpoint configs
09-19 11:26:01.391  1302  1357 E IpConfigStore: Error parsing configuration: java.io.FileNotFoundException: /data/misc/wifi/ipconfig.txt (No such file or directory)
09-19 11:26:01.391  1302  1357 D WifiNative-HAL: Setting external_sim to 1
09-19 11:26:01.392  1302  1357 D WifiStateMachine: Setting OUI to DA-A1-19
09-19 11:26:01.392  1302  1357 I WifiConnectivityManager: PNO settings: min5GHzRssi -82 min24GHzRssi -85 currentConnectionBonus 16 sameNetworkBonus 24 secureNetworkBonus 80 initialScoreMax 100
09-19 11:26:01.392  1302  1357 I WifiConnectivityManager: ConnectivityScanManager initialized and disabled
09-19 11:26:01.392  1302  1357 I WifiConnectivityManager: setUntrustedConnectionAllowed: allowed=false
09-19 11:26:01.392  1302  1357 E WifiLogger: no ring buffers found
09-19 11:26:01.392  1302  1357 E WifiLogger: Failed to start packet fate monitoring
09-19 11:26:01.393  1302  1357 I WifiConnectivityManager: Set WiFi enabled
09-19 11:26:01.393  1302  1357 I WifiConnectivityManager: scheduleWatchdogTimer
09-19 11:26:01.403  1554  1554 I art     : Starting a blocking GC AddRemoveAppImageSpace
09-19 11:26:01.403  1554  1554 W System  : ClassLoader referenced unknown path: /system/priv-app/Settings/lib/x86
09-19 11:26:01.408  1549  1549 I art     : Starting a blocking GC AddRemoveAppImageSpace
09-19 11:26:01.408  1302  1355 D NetworkManagement: setInterfaceUp: p2p0
09-19 11:26:01.408  1549  1549 W System  : ClassLoader referenced unknown path: /system/priv-app/TeleService/lib/x86
09-19 11:26:01.408  1302  1355 D NetworkManagement: getInterfaceConfig: p2p0
09-19 11:26:01.424  1586  1586 E ProbeModule: insmod_by_dep: cannot load module: [netdev-p2p0]
09-19 11:26:01.425  1590  1590 E ProbeModule: insmod_by_dep: cannot load module: [p2p0]
09-19 11:26:01.426  1592  1592 E ProbeModule: insmod_by_dep: cannot load module: [netdev-p2p0]
09-19 11:26:01.427  1594  1594 E ProbeModule: insmod_by_dep: cannot load module: [p2p0]
09-19 11:26:01.427  1596  1596 E ProbeModule: insmod_by_dep: cannot load module: [netdev-p2p0]
09-19 11:26:01.428  1598  1598 E ProbeModule: insmod_by_dep: cannot load module: [p2p0]
09-19 11:26:01.428  1600  1600 E ProbeModule: insmod_by_dep: cannot load module: [netdev-p2p0]
09-19 11:26:01.429  1602  1602 E ProbeModule: insmod_by_dep: cannot load module: [p2p0]
09-19 11:26:01.429  1123  1295 W CommandListener: Failed to retrieve HW addr for p2p0 (No such device)
09-19 11:26:01.429  1302  1355 D NetworkManagement: do setInterfaceConfig: p2p0 cfg=mHwAddr=00:00:00:00:00:00 mAddr=0.0.0.0/0 mFlags=[up]
09-19 11:26:01.429  1123  1295 D CommandListener: Setting iface cfg
09-19 11:26:01.431  1604  1604 E ProbeModule: insmod_by_dep: cannot load module: [netdev-p2p0]
09-19 11:26:01.432  1606  1606 E ProbeModule: insmod_by_dep: cannot load module: [p2p0]
09-19 11:26:01.432  1302  1355 E WifiP2pService: Unable to change interface settings: java.lang.IllegalStateException: command '22 interface setcfg p2p0 0.0.0.0 0 up' failed with '400 22 Failed to clear address (No such device)'
09-19 11:26:01.432  1302  1355 D WifiMonitor: startMonitoring(p2p0) with mConnected = true
09-19 11:26:01.434  1302  1355 W LdWifi  : wifi command unkown!!! cmd=SET persistent_reconnect 1
09-19 11:26:01.434  1302  1355 W LdWifi  : wifi command unkown!!! cmd=SET device_name Android_074a
09-19 11:26:01.434  1302  1355 W LdWifi  : wifi command unkown!!! cmd=SET p2p_ssid_postfix -Android_074a
09-19 11:26:01.434  1302  1355 W LdWifi  : wifi command unkown!!! cmd=SET device_type 10-0050F204-5
09-19 11:26:01.434  1302  1355 W LdWifi  : wifi command unkown!!! cmd=SET config_methods virtual_push_button physical_display keypad
09-19 11:26:01.434  1302  1355 W LdWifi  : wifi command unkown!!! cmd=P2P_SET conc_pref sta
09-19 11:26:01.434  1302  1355 D WifiNative-HAL: p2pGetDeviceAddress
09-19 11:26:01.434  1302  1355 W LdWifi  : wifi command unkown!!! cmd=STATUS
09-19 11:26:01.434  1302  1355 D WifiNative-HAL: p2pGetDeviceAddress returning 
09-19 11:26:01.435  1387  1387 I art     : System.exit called, status: 0
09-19 11:26:01.435  1387  1387 I AndroidRuntime: VM exiting with result code 0, cleanup skipped.
09-19 11:26:01.449  1302  1611 I Telecom : Telecom: Non-call EVENT: AUDIO_ROUTE, Entering state QuiescentEarpieceRoute
09-19 11:26:01.449  1394  1610 E WVMExtractor: Failed to open libwvm.so: dlopen failed: library "libwvm.so" not found
09-19 11:26:01.453  1302  1612 I Telecom : CallAudioModeStateMachine: Message received: null.: TS.init->CAMSM.pM_1@AAA_0
09-19 11:26:01.457  1302  1613 E ActivityThread: Failed to find provider info for call_log
09-19 11:26:01.460  1302  1302 D BluetoothManagerService: Trying to bind to profile: 1, while Bluetooth was disabled
09-19 11:26:01.466  1302  1302 I Telecom : Class: TelecomSystem.INSTANCE being set
09-19 11:26:01.466  1302  1302 W ContextImpl: Calling a method in the system process without a qualified user: android.app.ContextImpl.startService:1358 android.content.ContextWrapper.startService:613 com.android.server.telecom.components.TelecomService.initializeTelecomSystem:186 com.android.server.telecom.components.TelecomService.onBind:62 android.app.ActivityThread.handleBindService:3251 
09-19 11:26:01.467  1302  1302 W ContextImpl: Calling a method in the system process without a qualified user: android.app.ContextImpl.startService:1358 com.android.server.content.SyncManager$13.run:658 android.os.Handler.handleCallback:751 android.os.Handler.dispatchMessage:95 android.os.Looper.loop:154 
09-19 11:26:01.474  1302  1302 W System  : ClassLoader referenced unknown path: /system/priv-app/FusedLocation/lib/x86
09-19 11:26:01.474  1302  1302 D ApplicationLoaders: ignored Vulkan layer search path /system/priv-app/FusedLocation/lib/x86:/system/priv-app/FusedLocation/FusedLocation.apk!/lib/x86:/system/lib:/vendor/lib for namespace 0xc7ce1150
09-19 11:26:01.477  1302  1302 D GpsNetInitiatedHandler: location enabled :true
09-19 11:26:01.477  1302  1302 I WiredAccessoryManager: notifyWiredAccessoryChanged: when=0 bits= mask=154
09-19 11:26:01.477  1302  1302 V WiredAccessoryManager: newName=h2w newState=0 headsetState=0 prev headsetState=0
09-19 11:26:01.477  1302  1302 E WiredAccessoryManager: No state change.
09-19 11:26:01.477  1302  1302 V WiredAccessoryManager: init()
09-19 11:26:01.489  1302  1302 W VibratorService: Tried to stop vibrating but there is no vibrator device.
09-19 11:26:01.490  1302  1302 D ConditionProviders.SCP: onSubscribe condition://android/schedule?days=6.7&start=23.30&end=10.0&exitAtAlarm=false
09-19 11:26:01.491  1302  1302 D ConditionProviders.SCP: setRegistered true
09-19 11:26:01.491  1302  1355 W LdWifi  : wifi command unkown!!! cmd=P2P_FLUSH
09-19 11:26:01.492  1302  1355 W LdWifi  : wifi command unkown!!! cmd=P2P_SERVICE_FLUSH
09-19 11:26:01.492  1302  1355 W LdWifi  : wifi command unkown!!! cmd=LIST_NETWORKS
09-19 11:26:01.492  1302  1368 E ActivityThread: Failed to find provider info for com.android.calendar
09-19 11:26:01.492  1302  1368 E ActivityThread: Failed to find provider info for com.android.calendar
09-19 11:26:01.500  1122  1407 I MediaPlayerService: MediaPlayerService::getOMX
09-19 11:26:01.500  1394  1618 I OMXClient: MuxOMX ctor
09-19 11:26:01.500  1119  1119 I OMXMaster: makeComponentInstance(OMX.ffmpeg.vorbis.decoder) in mediacodec process
09-19 11:26:01.500  1119  1119 V FFmpegOMXPlugin: makeComponentInstance 'OMX.ffmpeg.vorbis.decoder'
09-19 11:26:01.501  1119  1119 D SoftFFmpegAudio: SoftFFmpegAudio component: OMX.ffmpeg.vorbis.decoder mCodingType: 24
09-19 11:26:01.501  1394  1618 D FFMPEGSoftCodec: No PCM format specified, using 16 bit
09-19 11:26:01.502  1119  1476 D SoftFFmpegAudio: set OMX_IndexParamAudioVorbis, nChannels=2, nSampleRate=44100, nBitRate=0, nMinBitRate=0, nMaxBitRate=0
09-19 11:26:01.505  1119  1619 D SoftFFmpegAudio: begin to open ffmpeg audio decoder(vorbis), mCtx sample_rate: 44100, channels: 2
09-19 11:26:01.506  1119  1619 D SoftFFmpegAudio: open ffmpeg audio decoder(vorbis) success, mCtx sample_rate: 44100, channels: 2, sample_fmt: fltp, bits_per_coded_sample: 0, bits_per_raw_sample: 0
09-19 11:26:01.506  1119  1619 I SoftFFmpegAudio: Create sample rate converter for conversion of 44100 Hz fltp 2 channels(stereo) to 44100 Hz s16 2 channels(stereo)!
09-19 11:26:01.510  1549  1549 W System  : ClassLoader referenced unknown path: /system/priv-app/TelephonyProvider/lib/x86
09-19 11:26:01.510  1302  1302 D ConditionProviders.SCP: notifyCondition condition://android/schedule?days=6.7&start=23.30&end=10.0&exitAtAlarm=false STATE_FALSE reason=!meetsSchedule
09-19 11:26:01.510  1549  1549 D ApplicationLoaders: ignored Vulkan layer search path /system/priv-app/TelephonyProvider/lib/x86:/system/lib:/vendor/lib for namespace 0xc269c090
09-19 11:26:01.511  1302  1357 D WifiNative-HAL: Failing getSupportedFeatureset because HAL isn't started
09-19 11:26:01.511  1302  1319 E BatteryStatsService: no controller energy info supplied
09-19 11:26:01.511  1302  1319 E KernelCpuSpeedReader: Failed to read cpu-freq: /sys/devices/system/cpu/cpu0/cpufreq/stats/time_in_state (No such file or directory)
09-19 11:26:01.511  1302  1319 E KernelUidCpuTimeReader: Failed to read uid_cputime: /proc/uid_cputime/show_uid_stat (No such file or directory)
09-19 11:26:01.511  1302  1357 D WifiNative-HAL: Failing getSupportedFeatureset because HAL isn't started
09-19 11:26:01.512  1302  1319 E BatteryStatsService: no controller energy info supplied
09-19 11:26:01.512  1302  1319 E KernelCpuSpeedReader: Failed to read cpu-freq: /sys/devices/system/cpu/cpu0/cpufreq/stats/time_in_state (No such file or directory)
09-19 11:26:01.512  1302  1319 E KernelUidCpuTimeReader: Failed to read uid_cputime: /proc/uid_cputime/show_uid_stat (No such file or directory)
09-19 11:26:01.515  1302  1302 D ConditionProviders.SCP: Scheduling evaluate for Mon Sep 19 23:30:00 GMT+08:00 2022 (1663601400000), in +12h3m58s509ms, now=Mon Sep 19 11:26:01 GMT+08:00 2022 (1663557961491)
09-19 11:26:01.515  1302  1302 D ConditionProviders.SCP: onSubscribe condition://android/schedule?days=1.2.3.4.5&start=22.0&end=7.0&exitAtAlarm=false
09-19 11:26:01.515  1302  1302 D ConditionProviders.SCP: notifyCondition condition://android/schedule?days=6.7&start=23.30&end=10.0&exitAtAlarm=false STATE_FALSE reason=!meetsSchedule
09-19 11:26:01.515  1302  1302 D ConditionProviders.SCP: notifyCondition condition://android/schedule?days=1.2.3.4.5&start=22.0&end=7.0&exitAtAlarm=false STATE_FALSE reason=!meetsSchedule
09-19 11:26:01.515  1302  1302 D ConditionProviders.SCP: Scheduling evaluate for Mon Sep 19 22:00:00 GMT+08:00 2022 (1663596000000), in +10h33m58s485ms, now=Mon Sep 19 11:26:01 GMT+08:00 2022 (1663557961515)
09-19 11:26:01.517  1119  1619 D SoftFFmpegAudio: ffmpeg audio decoder eos
09-19 11:26:01.517  1119  1619 D SoftFFmpegAudio: ffmpeg audio decoder fill eos outbuf
09-19 11:26:01.519  1302  1302 I Telecom : WiredHeadsetManager: ACTION_HEADSET_PLUG event, plugged in: false, : WHC.oADA@AAE
09-19 11:26:01.520  1302  1302 D RttService: SCAN_AVAILABLE : 3
09-19 11:26:01.521  1302  1361 D RttService: DefaultState got{ when=-1ms what=160512 target=com.android.internal.util.StateMachine$SmHandler }
09-19 11:26:01.524  1302  1302 I ActivityManager: user 0 is still locked. Cannot load recents
09-19 11:26:01.525  1549  1549 D TelephonyProvider: dbh.onOpen: ok, queried table=siminfo
09-19 11:26:01.525  1549  1549 D TelephonyProvider: dbh.onOpen: ok, queried table=carriers
09-19 11:26:01.529  1302  1315 I SyncManager: Got SyncJobService instance.
09-19 11:26:01.532  1302  1302 I FusedLocation: engine started (com.android.location.fused)
09-19 11:26:01.543  1302  1360 I WifiScanningService: wifi driver loaded with scan capabilities: max buckets=16
09-19 11:26:01.547  1122  1407 I MediaPlayerService: MediaPlayerService::getOMX
09-19 11:26:01.547  1394  1626 I OMXClient: MuxOMX ctor
09-19 11:26:01.548  1119  1133 I OMXMaster: makeComponentInstance(OMX.ffmpeg.vorbis.decoder) in mediacodec process
09-19 11:26:01.548  1119  1133 V FFmpegOMXPlugin: makeComponentInstance 'OMX.ffmpeg.vorbis.decoder'
09-19 11:26:01.548  1119  1133 D SoftFFmpegAudio: SoftFFmpegAudio component: OMX.ffmpeg.vorbis.decoder mCodingType: 24
09-19 11:26:01.549  1394  1626 D FFMPEGSoftCodec: No PCM format specified, using 16 bit
09-19 11:26:01.549  1119  1119 D SoftFFmpegAudio: set OMX_IndexParamAudioVorbis, nChannels=2, nSampleRate=44100, nBitRate=0, nMinBitRate=0, nMaxBitRate=0
09-19 11:26:01.553  1119  1627 D SoftFFmpegAudio: begin to open ffmpeg audio decoder(vorbis), mCtx sample_rate: 44100, channels: 2
09-19 11:26:01.553  1119  1627 D SoftFFmpegAudio: open ffmpeg audio decoder(vorbis) success, mCtx sample_rate: 44100, channels: 2, sample_fmt: fltp, bits_per_coded_sample: 0, bits_per_raw_sample: 0
09-19 11:26:01.554  1119  1627 I SoftFFmpegAudio: Create sample rate converter for conversion of 44100 Hz fltp 2 channels(stereo) to 44100 Hz s16 2 channels(stereo)!
09-19 11:26:01.554  1394  1394 I vol.Events: writeEvent collection_started
09-19 11:26:01.557  1394  1629 I vol.Events: writeEvent external_ringer_mode_changed normal
09-19 11:26:01.558  1394  1629 I vol.Events: writeEvent internal_ringer_mode_changed normal
09-19 11:26:01.564  1119  1627 D SoftFFmpegAudio: ffmpeg audio decoder eos
09-19 11:26:01.564  1119  1627 D SoftFFmpegAudio: ffmpeg audio decoder fill eos outbuf
09-19 11:26:01.574  1122  1407 I MediaPlayerService: MediaPlayerService::getOMX
09-19 11:26:01.575  1394  1631 I OMXClient: MuxOMX ctor
09-19 11:26:01.575  1119  1119 I OMXMaster: makeComponentInstance(OMX.ffmpeg.vorbis.decoder) in mediacodec process
09-19 11:26:01.575  1119  1119 V FFmpegOMXPlugin: makeComponentInstance 'OMX.ffmpeg.vorbis.decoder'
09-19 11:26:01.576  1119  1119 D SoftFFmpegAudio: SoftFFmpegAudio component: OMX.ffmpeg.vorbis.decoder mCodingType: 24
09-19 11:26:01.576  1394  1631 D FFMPEGSoftCodec: No PCM format specified, using 16 bit
09-19 11:26:01.576  1119  1476 D SoftFFmpegAudio: set OMX_IndexParamAudioVorbis, nChannels=2, nSampleRate=44100, nBitRate=0, nMinBitRate=0, nMaxBitRate=0
09-19 11:26:01.580  1119  1632 D SoftFFmpegAudio: begin to open ffmpeg audio decoder(vorbis), mCtx sample_rate: 44100, channels: 2
09-19 11:26:01.581  1119  1632 D SoftFFmpegAudio: open ffmpeg audio decoder(vorbis) success, mCtx sample_rate: 44100, channels: 2, sample_fmt: fltp, bits_per_coded_sample: 0, bits_per_raw_sample: 0
09-19 11:26:01.581  1119  1632 I SoftFFmpegAudio: Create sample rate converter for conversion of 44100 Hz fltp 2 channels(stereo) to 44100 Hz s16 2 channels(stereo)!
09-19 11:26:01.584  1119  1632 D SoftFFmpegAudio: ffmpeg audio decoder eos
09-19 11:26:01.584  1119  1632 D SoftFFmpegAudio: ffmpeg audio decoder fill eos outbuf
09-19 11:26:01.611  1554  1554 I HostConnection: HostConnection::HostConnection: pid=1554, tid=1554, this=0xbd747040
09-19 11:26:01.612  1554  1554 I         : fastpipe: Connect success
09-19 11:26:01.612  1554  1554 D HostConnection: HostRPC::connect sucess: app=com.android.settings, pid=1554, tid=1554, this=0xb6b74f40
09-19 11:26:01.612  1554  1554 D HostConnection: queryAndSetGLESMaxVersion select gles-version: 3.1 hostGLVersion:46 process:com.android.settings
09-19 11:26:01.613  1554  1554 I         : fastpipe: Connect success
09-19 11:26:01.613  1554  1554 D HostConnection: recv ProcessPuidReply name=com.android.settings puid=3 g_u64CapsFlag=1d
09-19 11:26:01.637  1302  1315 E GnssLocationProvider: no AGPS interface in set_agps_server
09-19 11:26:01.641  1394  1629 I vol.Events: writeEvent level_changed STREAM_ALARM 6
09-19 11:26:01.642  1394  1629 I vol.Events: writeEvent level_changed STREAM_BLUETOOTH_SCO 7
09-19 11:26:01.642  1394  1629 I vol.Events: writeEvent level_changed STREAM_MUSIC 11
09-19 11:26:01.643  1394  1629 I vol.Events: writeEvent level_changed STREAM_RING 1
09-19 11:26:01.643  1394  1629 I vol.Events: writeEvent level_changed STREAM_SYSTEM 1
09-19 11:26:01.644  1394  1629 I vol.Events: writeEvent level_changed STREAM_VOICE_CALL 4
09-19 11:26:01.652  1109  1147 I HostConnection: HostConnection::HostConnection: pid=1109, tid=1147, this=0xc5a5e080
09-19 11:26:01.652  1554  1630 I HostConnection: HostConnection::HostConnection: pid=1554, tid=1630, this=0xbd747280
09-19 11:26:01.652  1554  1630 I         : fastpipe: Connect success
09-19 11:26:01.652  1554  1630 D HostConnection: HostRPC::connect sucess: app=com.android.settings, pid=1554, tid=1630, this=0xb8fc7200
09-19 11:26:01.652  1109  1147 I         : fastpipe: Connect success
09-19 11:26:01.652  1109  1147 D HostConnection: HostRPC::connect sucess: app=/system/bin/surfaceflinger, pid=1109, tid=1147, this=0xc5a608c0
09-19 11:26:01.653  1109  1147 D HostConnection: queryAndSetGLESMaxVersion select gles-version: 3.1 hostGLVersion:46 process:/system/bin/surfaceflinger
09-19 11:26:01.653  1554  1630 D HostConnection: queryAndSetGLESMaxVersion select gles-version: 3.1 hostGLVersion:46 process:com.android.settings
09-19 11:26:01.653  1554  1630 I OpenGLRenderer: Initialized EGL, version 1.4
09-19 11:26:01.653  1554  1630 D OpenGLRenderer: Swap behavior 1
09-19 11:26:01.653  1554  1630 I EGL_adreno: eglCreateContext request GLES major-version=2
09-19 11:26:01.661  1394  1394 I HostConnection: HostConnection::HostConnection: pid=1394, tid=1394, this=0xbd704740
09-19 11:26:01.662  1394  1394 I         : fastpipe: Connect success
09-19 11:26:01.662  1394  1394 D HostConnection: HostRPC::connect sucess: app=com.android.systemui, pid=1394, tid=1394, this=0xa7223a80
09-19 11:26:01.662  1394  1394 D HostConnection: queryAndSetGLESMaxVersion select gles-version: 3.1 hostGLVersion:46 process:com.android.systemui
09-19 11:26:01.663  1394  1394 I         : fastpipe: Connect success
09-19 11:26:01.663  1394  1394 D HostConnection: recv ProcessPuidReply name=com.android.systemui puid=4 g_u64CapsFlag=1d
09-19 11:26:01.675  1554  1630 D EGL_adreno: eglCreateContext: 0xb6e91f00: maj 3 min 1 rcv 4
09-19 11:26:01.693  1554  1630 D EGL_adreno: eglMakeCurrent: 0xb6e91f00: ver 3 1 (tinfo 0xba514d20)
09-19 11:26:01.694  1554  1630 D HostConnection: ExtendedRCEncoderContext GL_VERSION return OpenGL ES 3.1
09-19 11:26:01.699  1394  1394 D StorageNotification: Notifying about private volume: VolumeInfo{private}:
09-19 11:26:01.699  1394  1394 D StorageNotification:     type=PRIVATE diskId=null partGuid=null mountFlags=0 mountUserId=-1 
09-19 11:26:01.699  1394  1394 D StorageNotification:     state=MOUNTED 
09-19 11:26:01.699  1394  1394 D StorageNotification:     fsType=null fsUuid=null fsLabel=null 
09-19 11:26:01.699  1394  1394 D StorageNotification:     path=/data internalPath=null 
09-19 11:26:01.711  1549  1549 D PhoneSwitcherNetworkRequstListener: Registering NetworkFactory
09-19 11:26:01.712  1302  1362 D ConnectivityService: Got NetworkFactory Messenger for PhoneSwitcherNetworkRequstListener
09-19 11:26:01.715  1302  1362 D ConnectivityService: Got NetworkFactory Messenger for TelephonyNetworkFactory[0]
09-19 11:26:01.719  1554  1630 E EGL_adreno: tid 1630: eglSurfaceAttrib(1338): error 0x3009 (EGL_BAD_MATCH)
09-19 11:26:01.719  1554  1630 W OpenGLRenderer: Failed to set EGL_SWAP_BEHAVIOR on surface 0xba516320, error=EGL_BAD_MATCH
09-19 11:26:01.722  1554  1630 D EGL_adreno: eglMakeCurrent: 0xb6e91f00: ver 3 1 (tinfo 0xba514d20)
09-19 11:26:01.730  1549  1652 E ActivityThread: Failed to find provider info for com.android.contacts
09-19 11:26:01.730  1549  1652 W CallerInfoCache: cursor is null
09-19 11:26:01.742  1549  1549 D CarrierConfigLoader: CarrierConfigLoader has started
09-19 11:26:01.744  1302  1323 I ActivityManager: Displayed com.android.settings/.FallbackHome: +424ms
09-19 11:26:01.744  1302  1316 W ActivityManager: Unable to start service Intent { flg=0x100 cmp=com.android.systemui/.keyguard.KeyguardService } U=0: not found
09-19 11:26:01.744  1302  1316 V KeyguardServiceDelegate: *** Keyguard: can't bind to ComponentInfo{com.android.systemui/com.android.systemui.keyguard.KeyguardService}
09-19 11:26:01.745  1302  1316 D sensor_hal: cb_activate handle=0 enabled=1
09-19 11:26:01.745  1302  1316 D sensor_hal: cb_setDelay handle=0 delay-ns=200000000
09-19 11:26:01.745  1302  1316 W KeyguardServiceDelegate: onScreenTurningOn(): no keyguard service!
09-19 11:26:01.747  1302  1644 D BluetoothManagerService: Trying to bind to profile: 1, while Bluetooth was disabled
09-19 11:26:01.751  1302  1323 I WindowManager: Screen frozen for +399ms due to AppWindowToken{6d9a2b6 token=Token{3287378 ActivityRecord{f245cdb u0 com.android.settings/.FallbackHome t1}}}
09-19 11:26:01.760  1549  1549 I Telephony: TtyManager: updateUiTtyMode -1 -> 0
09-19 11:26:01.769  1302  1323 I HostConnection: HostConnection::HostConnection: pid=1302, tid=1323, this=0xc787c080
09-19 11:26:01.769  1302  1323 I         : fastpipe: Connect success
09-19 11:26:01.769  1302  1323 D HostConnection: HostRPC::connect sucess: app=system_server, pid=1302, tid=1323, this=0xa3c39b80
09-19 11:26:01.770  1302  1323 D HostConnection: queryAndSetGLESMaxVersion select gles-version: 3.1 hostGLVersion:46 process:system_server
09-19 11:26:01.772  1302  1302 I GnssLocationProvider: WakeLock acquired by sendMessage(12, 0, null)
09-19 11:26:01.773  1302  1315 E GnssLocationProvider: no AGPS interface in set_agps_server
09-19 11:26:01.773  1302  1315 I GnssLocationProvider: WakeLock released by handleMessage(12, 0, null)
09-19 11:26:01.793  1302  1313 I StatusBarManagerService: registerStatusBar bar=com.android.internal.statusbar.IStatusBar$Stub$Proxy@ef3e6f9
09-19 11:26:01.993  1549  1549 D TelephonyDebugService: TelephonyDebugService()
09-19 11:26:01.993  1549  1549 D PhoneSwitcherNetworkRequstListener: got request NetworkRequest [ REQUEST id=1, [ Capabilities: INTERNET&NOT_RESTRICTED&TRUSTED&NOT_VPN] ] with score 50
09-19 11:26:01.995  1549  1549 D CarrierConfigLoader: mHandler: 12 phoneId: 0
09-19 11:26:02.001  1549  1549 E PhoneInterfaceManager: [PhoneIntfMgr] getIccId: No UICC
09-19 11:26:02.019  1302  1644 I Telecom : PhoneAccountRegistrar: [ComponentInfo{com.android.phone/com.android.services.telephony.TelephonyConnectionService}, [e0184adedf913b076626646d3f52c3b49c39ad6d], UserHandle{0}(icon: Icon(typ=BITMAP size=58x72) -> Icon(typ=BITMAP size=58x72))]: TSI.rPA@AAM
09-19 11:26:02.021  1302  1644 I Telecom : : Sending phone-account registered intent as user: TSI.rPA@AAM
09-19 11:26:02.021  1549  1549 I Telephony: AccountEntry: Registered phoneAccount: [[ ] PhoneAccount: ComponentInfo{com.android.phone/com.android.services.telephony.TelephonyConnectionService}, [e0184adedf913b076626646d3f52c3b49c39ad6d], UserHandle{0} Capabilities: CallProvider MultiUser PlaceEmerg SimSub  Audio Routes: BESW Schemes: tel voicemail  Extras: null GroupId: [da39a3ee5e6b4b0d3255bfef95601890afd80709]] with handle: ComponentInfo{com.android.phone/com.android.services.telephony.TelephonyConnectionService}, [e0184adedf913b076626646d3f52c3b49c39ad6d], UserHandle{0}
09-19 11:26:02.023  1549  1549 I Telephony: PstnIncomingCallNotifier: Registering: Handler (com.android.internal.telephony.GsmCdmaPhone) {d61c1b5}
09-19 11:26:02.033  1394  1394 E BluetoothInputDevice: Could not bind to Bluetooth HID Service with Intent { act=android.bluetooth.IBluetoothInputDevice }
09-19 11:26:02.034  1394  1394 E BluetoothPan: Could not bind to Bluetooth Pan Service with Intent { act=android.bluetooth.IBluetoothPan }
09-19 11:26:02.034  1394  1394 D LocalBluetoothProfileManager: Adding local MAP profile
09-19 11:26:02.035  1394  1394 D BluetoothMap: Create BluetoothMap proxy object
09-19 11:26:02.036  1549  1549 E PhoneInterfaceManager: [PhoneIntfMgr] getIccId: No UICC
09-19 11:26:02.036  1394  1394 E BluetoothMap: Could not bind to Bluetooth MAP Service with Intent { act=android.bluetooth.IBluetoothMap }
09-19 11:26:02.039  1394  1394 E BluetoothPbap: Could not bind to Bluetooth Pbap Service with Intent { act=android.bluetooth.IBluetoothPbap }
09-19 11:26:02.039  1394  1394 D LocalBluetoothProfileManager: LocalBluetoothProfileManager construction complete
09-19 11:26:02.050  1302  1314 I Telecom : PhoneAccountRegistrar: [ComponentInfo{com.android.phone/com.android.services.telephony.TelephonyConnectionService}, [e0184adedf913b076626646d3f52c3b49c39ad6d], UserHandle{0}(icon: Icon(typ=BITMAP size=58x72) -> Icon(typ=BITMAP size=58x72))]: TSI.rPA@AAY
09-19 11:26:02.051  1302  1314 I Telecom : : Sending phone-account registered intent as user: TSI.rPA@AAY
09-19 11:26:02.058  1394  1394 I CameraManagerGlobal: Connecting to camera service
09-19 11:26:02.059  1115  1115 I CameraService: getCameraCharacteristics: Switching to HAL1 shim implementation...
09-19 11:26:02.059  1115  1115 D Camera_Factory: CameraFactory::get_camera_info
09-19 11:26:02.059  1115  1115 D Camera_Factory: CameraFactory::getCameraInfo: id = 0, info = 0xcffff458
09-19 11:26:02.059  1115  1115 D Camera_Factory: CameraFactory::getCameraNum: 2
09-19 11:26:02.059  1115  1115 D CameraHardware: CameraHardware::getCameraInfo
09-19 11:26:02.060  1115  1115 I CameraService: CameraService::connect call (PID -1 "cameraserver", camera ID 0) for HAL version default and Camera API version 1
09-19 11:26:02.060  1115  1115 E CameraService: getCameraPriorityFromProcState: Received invalid process state -1 from ActivityManagerService!
09-19 11:26:02.060  1115  1115 D Camera_Factory: CameraFactory::get_number_of_cameras
09-19 11:26:02.060  1115  1115 D Camera_Factory: CameraFactory::getCameraNum: 2
09-19 11:26:02.060  1115  1115 D Camera_Factory: CameraFactory::get_camera_info
09-19 11:26:02.060  1115  1115 D Camera_Factory: CameraFactory::getCameraInfo: id = 0, info = 0xcffff138
09-19 11:26:02.060  1115  1115 D Camera_Factory: CameraFactory::getCameraNum: 2
09-19 11:26:02.060  1115  1115 D CameraHardware: CameraHardware::getCameraInfo
09-19 11:26:02.077  1122  1660 E WVMExtractor: Failed to open libwvm.so: dlopen failed: library "libwvm.so" not found
09-19 11:26:02.086  1122  1659 D NuPlayerDriver: notifyListener_l(0xc7d26cc0), (1, 0, 0), loop setting(0, 0)
09-19 11:26:02.094  1122  1661 D NuPlayerDriver: notifyListener_l(0xc7d26b40), (1, 0, 0), loop setting(0, 0)
09-19 11:26:02.099  1122  1663 D NuPlayerDriver: notifyListener_l(0xc7d26ae0), (1, 0, 0), loop setting(0, 0)
09-19 11:26:02.100  1115  1115 I CameraFlashlight: Opening camera 0
09-19 11:26:02.100  1115  1115 D Camera_Factory: CameraFactory::get_camera_info
09-19 11:26:02.100  1115  1115 D Camera_Factory: CameraFactory::getCameraInfo: id = 0, info = 0xcffff0a8
09-19 11:26:02.100  1115  1115 D Camera_Factory: CameraFactory::getCameraNum: 2
09-19 11:26:02.100  1115  1115 D CameraHardware: CameraHardware::getCameraInfo
09-19 11:26:02.100  1115  1115 D Camera_Factory: CameraFactory::device_open: name = 0
09-19 11:26:02.100  1115  1115 D Camera_Factory: CameraFactory::cameraDeviceOpen: id = 0
09-19 11:26:02.100  1115  1115 D Camera_Factory: CameraFactory::getCameraNum: 2
09-19 11:26:02.100  1115  1115 D CameraHardware: CameraHardware::connectCamera
09-19 11:26:02.100  1115  1115 D CameraHardware: CameraHardware::setCallbacks
09-19 11:26:02.100  1115  1115 D CameraHardware: CameraHardware::enableMsgType: 3085
09-19 11:26:02.100  1115  1115 D CameraHardware: CameraHardware::getParameters
09-19 11:26:02.100  1115  1115 D CameraHardware: CameraHardware::putParameters
09-19 11:26:02.100  1115  1115 D CameraHardware: CameraHardware::disableMsgType: 65535
09-19 11:26:02.100  1115  1115 D CameraHardware: CameraHardware::stopPreview
09-19 11:26:02.100  1115  1115 D CameraHardware: CameraHardware::stopPreviewLocked
09-19 11:26:02.100  1115  1115 D CameraHardware: CameraHardware::stopPreviewLocked: OK
09-19 11:26:02.100  1115  1115 D CameraHardware: CameraHardware::cancelPicture
09-19 11:26:02.100  1115  1115 D CameraHardware: CameraHardware::releaseCamera
09-19 11:26:02.100  1115  1115 I CameraFlashlight: Destroying camera 0
09-19 11:26:02.100  1115  1115 D CameraHardware: CameraHardware::closeCamera
09-19 11:26:02.100  1115  1115 D CameraHardware: CameraHardware::releaseCamera
09-19 11:26:02.101  1115  1115 D Camera_Factory: CameraFactory::get_number_of_cameras
09-19 11:26:02.101  1115  1115 D Camera_Factory: CameraFactory::getCameraNum: 2
09-19 11:26:02.101  1115  1115 I CameraService: disconnect: Disconnected client for camera 0 for PID 1115
09-19 11:26:02.101  1122  1122 D NuPlayerDriver: reset(0xc7d26cc0) at state 4
09-19 11:26:02.101  1122  1122 D NuPlayerDriver: notifyListener_l(0xc7d26cc0), (8, 0, 0), loop setting(0, 0)
09-19 11:26:02.101  1122  1659 W AMessage: failed to post message as target looper for handler 0 is gone.
09-19 11:26:02.101  1122  1659 D NuPlayerDriver: notifyResetComplete(0xc7d26cc0)
09-19 11:26:02.101  1122  1407 D NuPlayerDriver: reset(0xc7d26b40) at state 4
09-19 11:26:02.101  1122  1407 D NuPlayerDriver: notifyListener_l(0xc7d26b40), (8, 0, 0), loop setting(0, 0)
09-19 11:26:02.101  1122  1661 W AMessage: failed to post message as target looper for handler 0 is gone.
09-19 11:26:02.101  1122  1661 D NuPlayerDriver: notifyResetComplete(0xc7d26b40)
09-19 11:26:02.101  1122  1407 D NuPlayerDriver: reset(0xc7d26ae0) at state 4
09-19 11:26:02.101  1122  1407 D NuPlayerDriver: notifyListener_l(0xc7d26ae0), (8, 0, 0), loop setting(0, 0)
09-19 11:26:02.101  1122  1663 W AMessage: failed to post message as target looper for handler 0 is gone.
09-19 11:26:02.102  1122  1663 D NuPlayerDriver: notifyResetComplete(0xc7d26ae0)
09-19 11:26:02.102  1115  1346 I CameraService: getCameraCharacteristics: Switching to HAL1 shim implementation...
09-19 11:26:02.102  1115  1346 D Camera_Factory: CameraFactory::get_camera_info
09-19 11:26:02.102  1115  1346 D Camera_Factory: CameraFactory::getCameraInfo: id = 1, info = 0xc5d82188
09-19 11:26:02.102  1115  1346 D Camera_Factory: CameraFactory::getCameraNum: 2
09-19 11:26:02.102  1115  1346 D CameraHardware: CameraHardware::getCameraInfo
09-19 11:26:02.102  1115  1346 I CameraService: CameraService::connect call (PID -1 "cameraserver", camera ID 1) for HAL version default and Camera API version 1
09-19 11:26:02.102  1115  1346 E CameraService: getCameraPriorityFromProcState: Received invalid process state -1 from ActivityManagerService!
09-19 11:26:02.102  1115  1346 D Camera_Factory: CameraFactory::get_number_of_cameras
09-19 11:26:02.102  1115  1346 D Camera_Factory: CameraFactory::getCameraNum: 2
09-19 11:26:02.102  1115  1346 D Camera_Factory: CameraFactory::get_camera_info
09-19 11:26:02.102  1115  1346 D Camera_Factory: CameraFactory::getCameraInfo: id = 1, info = 0xc5d81e68
09-19 11:26:02.102  1115  1346 D Camera_Factory: CameraFactory::getCameraNum: 2
09-19 11:26:02.102  1115  1346 D CameraHardware: CameraHardware::getCameraInfo
09-19 11:26:02.106  1122  1665 D NuPlayerDriver: notifyListener_l(0xc7d27140), (1, 0, 0), loop setting(0, 0)
09-19 11:26:02.111  1122  1667 D NuPlayerDriver: notifyListener_l(0xc7d26fc0), (1, 0, 0), loop setting(0, 0)
09-19 11:26:02.116  1122  1669 D NuPlayerDriver: notifyListener_l(0xc7d26e40), (1, 0, 0), loop setting(0, 0)
09-19 11:26:02.117  1115  1346 I CameraFlashlight: Opening camera 1
09-19 11:26:02.117  1115  1346 D Camera_Factory: CameraFactory::get_camera_info
09-19 11:26:02.117  1115  1346 D Camera_Factory: CameraFactory::getCameraInfo: id = 1, info = 0xc5d81dd8
09-19 11:26:02.117  1115  1346 D Camera_Factory: CameraFactory::getCameraNum: 2
09-19 11:26:02.117  1115  1346 D CameraHardware: CameraHardware::getCameraInfo
09-19 11:26:02.117  1115  1346 D Camera_Factory: CameraFactory::device_open: name = 1
09-19 11:26:02.117  1115  1346 D Camera_Factory: CameraFactory::cameraDeviceOpen: id = 1
09-19 11:26:02.117  1115  1346 D Camera_Factory: CameraFactory::getCameraNum: 2
09-19 11:26:02.117  1115  1346 D CameraHardware: CameraHardware::connectCamera
09-19 11:26:02.117  1115  1346 D CameraHardware: CameraHardware::setCallbacks
09-19 11:26:02.117  1115  1346 D CameraHardware: CameraHardware::enableMsgType: 3085
09-19 11:26:02.117  1115  1346 D CameraHardware: CameraHardware::getParameters
09-19 11:26:02.117  1115  1346 D CameraHardware: CameraHardware::putParameters
09-19 11:26:02.117  1115  1346 D CameraHardware: CameraHardware::disableMsgType: 65535
09-19 11:26:02.117  1115  1346 D CameraHardware: CameraHardware::stopPreview
09-19 11:26:02.117  1115  1346 D CameraHardware: CameraHardware::stopPreviewLocked
09-19 11:26:02.117  1115  1346 D CameraHardware: CameraHardware::stopPreviewLocked: OK
09-19 11:26:02.117  1115  1346 D CameraHardware: CameraHardware::cancelPicture
09-19 11:26:02.117  1115  1346 D CameraHardware: CameraHardware::releaseCamera
09-19 11:26:02.117  1115  1346 I CameraFlashlight: Destroying camera 1
09-19 11:26:02.117  1115  1346 D CameraHardware: CameraHardware::closeCamera
09-19 11:26:02.117  1115  1346 D CameraHardware: CameraHardware::releaseCamera
09-19 11:26:02.118  1115  1346 D Camera_Factory: CameraFactory::get_number_of_cameras
09-19 11:26:02.118  1115  1346 D Camera_Factory: CameraFactory::getCameraNum: 2
09-19 11:26:02.118  1115  1346 I CameraService: disconnect: Disconnected client for camera 1 for PID 1115
09-19 11:26:02.118  1122  1137 D NuPlayerDriver: reset(0xc7d27140) at state 4
09-19 11:26:02.118  1122  1137 D NuPlayerDriver: notifyListener_l(0xc7d27140), (8, 0, 0), loop setting(0, 0)
09-19 11:26:02.118  1122  1665 W AMessage: failed to post message as target looper for handler 0 is gone.
09-19 11:26:02.118  1122  1665 D NuPlayerDriver: notifyResetComplete(0xc7d27140)
09-19 11:26:02.118  1122  1407 D NuPlayerDriver: reset(0xc7d26fc0) at state 4
09-19 11:26:02.118  1122  1407 D NuPlayerDriver: notifyListener_l(0xc7d26fc0), (8, 0, 0), loop setting(0, 0)
09-19 11:26:02.118  1122  1667 W AMessage: failed to post message as target looper for handler 0 is gone.
09-19 11:26:02.118  1122  1667 D NuPlayerDriver: notifyResetComplete(0xc7d26fc0)
09-19 11:26:02.119  1122  1407 D NuPlayerDriver: reset(0xc7d26e40) at state 4
09-19 11:26:02.119  1122  1407 D NuPlayerDriver: notifyListener_l(0xc7d26e40), (8, 0, 0), loop setting(0, 0)
09-19 11:26:02.119  1122  1669 W AMessage: failed to post message as target looper for handler 0 is gone.
09-19 11:26:02.119  1122  1669 D NuPlayerDriver: notifyResetComplete(0xc7d26e40)
09-19 11:26:02.119  1115  1658 D Camera_Factory: CameraFactory::get_camera_info
09-19 11:26:02.119  1115  1658 D Camera_Factory: CameraFactory::getCameraInfo: id = 0, info = 0xc5c3f338
09-19 11:26:02.119  1115  1658 D Camera_Factory: CameraFactory::getCameraNum: 2
09-19 11:26:02.119  1115  1658 D CameraHardware: CameraHardware::getCameraInfo
09-19 11:26:02.119  1115  1346 D Camera_Factory: CameraFactory::get_camera_info
09-19 11:26:02.120  1115  1346 D Camera_Factory: CameraFactory::getCameraInfo: id = 0, info = 0xc5d82398
09-19 11:26:02.120  1115  1346 D Camera_Factory: CameraFactory::getCameraNum: 2
09-19 11:26:02.120  1115  1346 D CameraHardware: CameraHardware::getCameraInfo
09-19 11:26:02.122  1115  1658 D Camera_Factory: CameraFactory::get_camera_info
09-19 11:26:02.122  1115  1658 D Camera_Factory: CameraFactory::getCameraInfo: id = 1, info = 0xc5c3f338
09-19 11:26:02.122  1115  1658 D Camera_Factory: CameraFactory::getCameraNum: 2
09-19 11:26:02.122  1115  1658 D CameraHardware: CameraHardware::getCameraInfo
09-19 11:26:02.122  1115  1346 D Camera_Factory: CameraFactory::get_camera_info
09-19 11:26:02.122  1115  1346 D Camera_Factory: CameraFactory::getCameraInfo: id = 1, info = 0xc5d82398
09-19 11:26:02.122  1115  1346 D Camera_Factory: CameraFactory::getCameraNum: 2
09-19 11:26:02.122  1115  1346 D CameraHardware: CameraHardware::getCameraInfo
09-19 11:26:02.124  1394  1394 I StatusBar: isKeyguardShowing() called before startKeyguard(), returning true
09-19 11:26:02.125  1394  1394 W StatusBar: isKeyguardSecure() called before startKeyguard(), returning false
09-19 11:26:02.125  1394  1394 W StatusBar: java.lang.Throwable
09-19 11:26:02.125  1394  1394 W StatusBar: 	at com.android.systemui.statusbar.BaseStatusBar.isKeyguardSecure(BaseStatusBar.java:2663)
09-19 11:26:02.125  1394  1394 W StatusBar: 	at com.android.systemui.statusbar.BaseStatusBar.isCameraAllowedByAdmin(BaseStatusBar.java:2686)
09-19 11:26:02.125  1394  1394 W StatusBar: 	at com.android.systemui.statusbar.phone.KeyguardBottomAreaView.updateCameraVisibility(KeyguardBottomAreaView.java:309)
09-19 11:26:02.125  1394  1394 W StatusBar: 	at com.android.systemui.statusbar.phone.KeyguardBottomAreaView.setPhoneStatusBar(KeyguardBottomAreaView.java:272)
09-19 11:26:02.125  1394  1394 W StatusBar: 	at com.android.systemui.statusbar.phone.PhoneStatusBar.makeStatusBarView(PhoneStatusBar.java:909)
09-19 11:26:02.125  1394  1394 W StatusBar: 	at com.android.systemui.statusbar.phone.PhoneStatusBar.addStatusBarWindow(PhoneStatusBar.java:3467)
09-19 11:26:02.125  1394  1394 W StatusBar: 	at com.android.systemui.statusbar.phone.PhoneStatusBar.createAndAddWindows(PhoneStatusBar.java:3463)
09-19 11:26:02.125  1394  1394 W StatusBar: 	at com.android.systemui.statusbar.BaseStatusBar.start(BaseStatusBar.java:770)
09-19 11:26:02.125  1394  1394 W StatusBar: 	at com.android.systemui.statusbar.phone.PhoneStatusBar.start(PhoneStatusBar.java:687)
09-19 11:26:02.125  1394  1394 W StatusBar: 	at com.android.systemui.statusbar.SystemBars.createStatusBarFromConfig(SystemBars.java:106)
09-19 11:26:02.125  1394  1394 W StatusBar: 	at com.android.systemui.statusbar.SystemBars.onNoService(SystemBars.java:58)
09-19 11:26:02.125  1394  1394 W StatusBar: 	at com.android.systemui.statusbar.ServiceMonitor.startService(ServiceMonitor.java:230)
09-19 11:26:02.125  1394  1394 W StatusBar: 	at com.android.systemui.statusbar.ServiceMonitor.-wrap5(ServiceMonitor.java)
09-19 11:26:02.125  1394  1394 W StatusBar: 	at com.android.systemui.statusbar.ServiceMonitor$1.handleMessage(ServiceMonitor.java:73)
09-19 11:26:02.125  1394  1394 W StatusBar: 	at android.os.Handler.dispatchMessage(Handler.java:102)
09-19 11:26:02.125  1394  1394 W StatusBar: 	at android.os.Looper.loop(Looper.java:154)
09-19 11:26:02.125  1394  1394 W StatusBar: 	at android.app.ActivityThread.main(ActivityThread.java:6190)
09-19 11:26:02.125  1394  1394 W StatusBar: 	at java.lang.reflect.Method.invoke(Native Method)
09-19 11:26:02.125  1394  1394 W StatusBar: 	at com.android.internal.os.ZygoteInit$MethodAndArgsCaller.run(ZygoteInit.java:892)
09-19 11:26:02.125  1394  1394 W StatusBar: 	at com.android.internal.os.ZygoteInit.main(ZygoteInit.java:782)
09-19 11:26:02.125  1394  1394 I StatusBar: isKeyguardShowing() called before startKeyguard(), returning true
09-19 11:26:02.126  1394  1394 W StatusBar: isKeyguardSecure() called before startKeyguard(), returning false
09-19 11:26:02.126  1394  1394 W StatusBar: java.lang.Throwable
09-19 11:26:02.126  1394  1394 W StatusBar: 	at com.android.systemui.statusbar.BaseStatusBar.isKeyguardSecure(BaseStatusBar.java:2663)
09-19 11:26:02.126  1394  1394 W StatusBar: 	at com.android.systemui.statusbar.BaseStatusBar.isCameraAllowedByAdmin(BaseStatusBar.java:2686)
09-19 11:26:02.126  1394  1394 W StatusBar: 	at com.android.systemui.statusbar.phone.KeyguardBottomAreaView.updateCameraVisibility(KeyguardBottomAreaView.java:309)
