09-19 11:41:29.774  1114  1134 D audio_hw_hal: raw_start_output_stream, stream=0xc6f05140, sampleRate=48000, channel=2, bps=16, bufSize=4096
09-19 11:41:30.271  3504  3504 I chatty  : uid=10038(com.litatom.app) expire 2 lines
09-19 11:41:30.769  1302  3015 I ActivityManager: START u0 {act=android.intent.action.MAIN cat=[android.intent.category.LAUNCHER] flg=0x10200000 cmp=com.litatom.app/com.lit.app.ui.SplashActivity} from uid 0 on display 0
09-19 11:41:31.274  1302  1347 I ActivityManager: START u0 {act=android.intent.action.MAIN cat=[android.intent.category.HOME] flg=0x10200000 cmp=com.android.launcher3/.Launcher (has extras)} from uid 1000 on display 0
09-19 11:41:31.391  3504  3509 I chatty  : uid=10038(com.litatom.app) Jit thread pool expire 3 lines
09-19 11:41:31.812  1114  1134 D AudioFlinger: mixer(0xc5a80000) throttle end: throttle time(10)
09-19 11:41:32.842  1698  1698 W ContextImpl: Calling a method in the system process without a qualified user: android.app.ContextImpl.startService:1358 android.content.ContextWrapper.startService:613 android.content.ContextWrapper.startService:613 com.android.coreservice.CoreBroadcastReceiver.onReceive:69 android.app.ActivityThread.handleReceiver:3073 
09-19 11:41:33.317  3504  3517 I chatty  : uid=10038(com.litatom.app) Binder:3504_2 expire 2 lines
09-19 11:41:33.361  1302  1314 I ActivityManager: START u0 {act=android.intent.action.CALL_BUTTON flg=0x10000000} from uid 10038 on display 0
09-19 11:41:34.170  3504  3661 I chatty  : uid=10038(com.litatom.app) RenderThread expire 251 lines
09-19 11:41:34.901  1114  1134 D audio_hw_hal: log_func, out_standby
09-19 11:41:34.901  1114  1134 D audio_hw_hal: raw_close_output_stream, dev=0xc6f0a0c0, stream =0xc6f05140
09-19 11:41:34.901  1114  1134 D audio_hw_hal: raw_close_output_stream, stream=0xc6f05140,  success!
09-19 11:41:36.752  3504  3516 I chatty  : uid=10038(com.litatom.app) Binder:3504_1 expire 2 lines
09-19 11:41:37.712  1114  1134 D audio_hw_hal: raw_start_output_stream, stream=0xc6f05140, sampleRate=48000, channel=2, bps=16, bufSize=4096
09-19 11:41:37.724  1302  1545 I ActivityManager: START u0 {cmp=com.litatom.app/com.lit.app.ui.feed.DetailsActivity (has extras)} from uid 10038 on display 0
09-19 11:41:37.727  1698  1698 W ContextImpl: Calling a method in the system process without a qualified user: android.app.ContextImpl.startService:1358 android.content.ContextWrapper.startService:613 android.content.ContextWrapper.startService:613 com.android.coreservice.CoreBroadcastReceiver.onReceive:44 android.app.ActivityThread.handleReceiver:3073 
09-19 11:41:37.770  3504  3504 I chatty  : uid=10038(com.litatom.app) expire 2 lines
09-19 11:41:37.815  1698  1698 W ContextImpl: Calling a method in the system process without a qualified user: android.app.ContextImpl.startService:1358 android.content.ContextWrapper.startService:613 android.content.ContextWrapper.startService:613 com.android.coreservice.CoreBroadcastReceiver.onReceive:53 android.app.ActivityThread.handleReceiver:3073 
09-19 11:41:37.908  1302  1323 I ActivityManager: Displayed com.litatom.app/com.lit.app.ui.feed.DetailsActivity: +173ms
09-19 11:41:37.922  1698  1698 W ContextImpl: Calling a method in the system process without a qualified user: android.app.ContextImpl.startService:1358 android.content.ContextWrapper.startService:613 android.content.ContextWrapper.startService:613 com.android.coreservice.CoreBroadcastReceiver.onReceive:69 android.app.ActivityThread.handleReceiver:3073 
09-19 11:41:38.477  1698  1698 W ContextImpl: Calling a method in the system process without a qualified user: android.app.ContextImpl.startService:1358 android.content.ContextWrapper.startService:613 android.content.ContextWrapper.startService:613 com.android.coreservice.CoreBroadcastReceiver.onReceive:69 android.app.ActivityThread.handleReceiver:3073 
09-19 11:41:38.479  1698  1698 W ContextImpl: Calling a method in the system process without a qualified user: android.app.ContextImpl.startService:1358 android.content.ContextWrapper.startService:613 android.content.ContextWrapper.startService:613 com.android.coreservice.CoreBroadcastReceiver.onReceive:44 android.app.ActivityThread.handleReceiver:3073 
09-19 11:41:38.492  1698  1698 W ContextImpl: Calling a method in the system process without a qualified user: android.app.ContextImpl.startService:1358 android.content.ContextWrapper.startService:613 android.content.ContextWrapper.startService:613 com.android.coreservice.CoreBroadcastReceiver.onReceive:53 android.app.ActivityThread.handleReceiver:3073 
09-19 11:41:38.494  1698  1698 W ContextImpl: Calling a method in the system process without a qualified user: android.app.ContextImpl.startService:1358 android.content.ContextWrapper.startService:613 android.content.ContextWrapper.startService:613 com.android.coreservice.CoreBroadcastReceiver.onReceive:69 android.app.ActivityThread.handleReceiver:3073 
09-19 11:41:38.889  1302  1316 W ActivityManager: Launch timeout has expired, giving up wake lock!
09-19 11:41:38.981  1114  1134 D AudioFlinger: mixer(0xc5a80000) throttle end: throttle time(1)
09-19 11:41:39.268  3504  3661 I chatty  : uid=10038(com.litatom.app) RenderThread expire 251 lines
09-19 11:41:40.205  3504  3517 I chatty  : uid=10038(com.litatom.app) Binder:3504_2 expire 2 lines
09-19 11:41:40.322  1698  1698 W ContextImpl: Calling a method in the system process without a qualified user: android.app.ContextImpl.startService:1358 android.content.ContextWrapper.startService:613 android.content.ContextWrapper.startService:613 com.android.coreservice.CoreBroadcastReceiver.onReceive:69 android.app.ActivityThread.handleReceiver:3073 
09-19 11:41:43.369  1114  1134 D audio_hw_hal: log_func, out_standby
09-19 11:41:43.369  1114  1134 D audio_hw_hal: raw_close_output_stream, dev=0xc6f0a0c0, stream =0xc6f05140
09-19 11:41:43.369  1114  1134 D audio_hw_hal: raw_close_output_stream, stream=0xc6f05140,  success!
09-19 11:41:43.671  3504  3590 I chatty  : uid=10038(com.litatom.app) Binder:3504_3 expire 2 lines
09-19 11:41:44.488  3504  3661 I chatty  : uid=10038(com.litatom.app) RenderThread expire 253 lines
09-19 11:41:46.091  1114  1134 D audio_hw_hal: raw_start_output_stream, stream=0xc6f05140, sampleRate=48000, channel=2, bps=16, bufSize=4096
09-19 11:41:46.144  1698  1698 W ContextImpl: Calling a method in the system process without a qualified user: android.app.ContextImpl.startService:1358 android.content.ContextWrapper.startService:613 android.content.ContextWrapper.startService:613 com.android.coreservice.CoreBroadcastReceiver.onReceive:69 android.app.ActivityThread.handleReceiver:3073 
09-19 11:41:47.114  3504  3516 I chatty  : uid=10038(com.litatom.app) Binder:3504_1 expire 4 lines
09-19 11:41:49.186  1114  1134 D audio_hw_hal: log_func, out_standby
09-19 11:41:49.186  1114  1134 D audio_hw_hal: raw_close_output_stream, dev=0xc6f0a0c0, stream =0xc6f05140
09-19 11:41:49.186  1114  1134 D audio_hw_hal: raw_close_output_stream, stream=0xc6f05140,  success!
09-19 11:41:49.840  3504  3661 I chatty  : uid=10038(com.litatom.app) RenderThread expire 249 lines
09-19 11:41:50.644  1114  1134 D audio_hw_hal: raw_start_output_stream, stream=0xc6f05140, sampleRate=48000, channel=2, bps=16, bufSize=4096
09-19 11:41:50.916  1302  1314 I ActivityManager: START u0 {cmp=com.litatom.app/com.lit.app.ui.feed.DetailsActivity (has extras)} from uid 10038 on display 0
09-19 11:41:50.920  1698  1698 W ContextImpl: Calling a method in the system process without a qualified user: android.app.ContextImpl.startService:1358 android.content.ContextWrapper.startService:613 android.content.ContextWrapper.startService:613 com.android.coreservice.CoreBroadcastReceiver.onReceive:44 android.app.ActivityThread.handleReceiver:3073 
09-19 11:41:50.954  3504  3504 I chatty  : uid=10038(com.litatom.app) expire 2 lines
09-19 11:41:50.988  1698  1698 W ContextImpl: Calling a method in the system process without a qualified user: android.app.ContextImpl.startService:1358 android.content.ContextWrapper.startService:613 android.content.ContextWrapper.startService:613 com.android.coreservice.CoreBroadcastReceiver.onReceive:53 android.app.ActivityThread.handleReceiver:3073 
09-19 11:41:51.048  1302  1323 I ActivityManager: Displayed com.litatom.app/com.lit.app.ui.feed.DetailsActivity: +124ms
09-19 11:41:51.050  1698  1698 W ContextImpl: Calling a method in the system process without a qualified user: android.app.ContextImpl.startService:1358 android.content.ContextWrapper.startService:613 android.content.ContextWrapper.startService:613 com.android.coreservice.CoreBroadcastReceiver.onReceive:69 android.app.ActivityThread.handleReceiver:3073 
09-19 11:41:51.313  3504  3606 I chatty  : uid=10038(com.litatom.app) LogingTaskQueue expire 2 lines
09-19 11:41:51.675  1302  1369 W AudioTrack: AUDIO_OUTPUT_FLAG_FAST denied by client; transfer 4, track 44100 Hz, output 48000 Hz
09-19 11:41:51.693  1698  1698 W ContextImpl: Calling a method in the system process without a qualified user: android.app.ContextImpl.startService:1358 android.content.ContextWrapper.startService:613 android.content.ContextWrapper.startService:613 com.android.coreservice.CoreBroadcastReceiver.onReceive:69 android.app.ActivityThread.handleReceiver:3073 
09-19 11:41:52.691  1698  1698 W ContextImpl: Calling a method in the system process without a qualified user: android.app.ContextImpl.startService:1358 android.content.ContextWrapper.startService:613 android.content.ContextWrapper.startService:613 com.android.coreservice.CoreBroadcastReceiver.onReceive:69 android.app.ActivityThread.handleReceiver:3073 
09-19 11:41:53.427  3504  3661 D EGL_adreno: eglMakeCurrent: 0xa6df0f40: ver 3 1 (tinfo 0x9c622e50)
09-19 11:41:53.441  3504  3661 D EGL_adreno: eglMakeCurrent: 0xa6df0f40: ver 3 1 (tinfo 0x9c622e50)
09-19 11:41:53.455  3504  3661 D EGL_adreno: eglMakeCurrent: 0xa6df0f40: ver 3 1 (tinfo 0x9c622e50)
09-19 11:41:53.471  3504  3661 D EGL_adreno: eglMakeCurrent: 0xa6df0f40: ver 3 1 (tinfo 0x9c622e50)
09-19 11:41:53.486  3504  3661 D EGL_adreno: eglMakeCurrent: 0xa6df0f40: ver 3 1 (tinfo 0x9c622e50)
09-19 11:41:53.522  3504  3661 D EGL_adreno: eglMakeCurrent: 0xa6df0f40: ver 3 1 (tinfo 0x9c622e50)
09-19 11:41:53.536  3504  3661 D EGL_adreno: eglMakeCurrent: 0xa6df0f40: ver 3 1 (tinfo 0x9c622e50)
09-19 11:41:53.556  3504  3661 D EGL_adreno: eglMakeCurrent: 0xa6df0f40: ver 3 1 (tinfo 0x9c622e50)
09-19 11:41:53.569  3504  3661 D EGL_adreno: eglMakeCurrent: 0xa6df0f40: ver 3 1 (tinfo 0x9c622e50)
09-19 11:41:53.589  3504  3661 D EGL_adreno: eglMakeCurrent: 0xa6df0f40: ver 3 1 (tinfo 0x9c622e50)
09-19 11:41:53.602  3504  3661 D EGL_adreno: eglMakeCurrent: 0xa6df0f40: ver 3 1 (tinfo 0x9c622e50)
09-19 11:41:53.622  3504  3661 D EGL_adreno: eglMakeCurrent: 0xa6df0f40: ver 3 1 (tinfo 0x9c622e50)
09-19 11:41:53.637  3504  3661 D EGL_adreno: eglMakeCurrent: 0xa6df0f40: ver 3 1 (tinfo 0x9c622e50)
09-19 11:41:53.671  3504  3661 D EGL_adreno: eglMakeCurrent: 0xa6df0f40: ver 3 1 (tinfo 0x9c622e50)
09-19 11:41:53.686  3504  3661 D EGL_adreno: eglMakeCurrent: 0xa6df0f40: ver 3 1 (tinfo 0x9c622e50)
09-19 11:41:53.722  3504  3661 D EGL_adreno: eglMakeCurrent: 0xa6df0f40: ver 3 1 (tinfo 0x9c622e50)
09-19 11:41:53.736  3504  3661 D EGL_adreno: eglMakeCurrent: 0xa6df0f40: ver 3 1 (tinfo 0x9c622e50)
09-19 11:41:53.772  3504  3661 D EGL_adreno: eglMakeCurrent: 0xa6df0f40: ver 3 1 (tinfo 0x9c622e50)
09-19 11:41:53.787  3504  3661 D EGL_adreno: eglMakeCurrent: 0xa6df0f40: ver 3 1 (tinfo 0x9c622e50)
09-19 11:41:53.806  3504  3661 D EGL_adreno: eglMakeCurrent: 0xa6df0f40: ver 3 1 (tinfo 0x9c622e50)
09-19 11:41:53.820  3504  3661 D EGL_adreno: eglMakeCurrent: 0xa6df0f40: ver 3 1 (tinfo 0x9c622e50)
09-19 11:41:53.857  3504  3661 D EGL_adreno: eglMakeCurrent: 0xa6df0f40: ver 3 1 (tinfo 0x9c622e50)
09-19 11:41:53.874  3504  3661 D EGL_adreno: eglMakeCurrent: 0xa6df0f40: ver 3 1 (tinfo 0x9c622e50)
09-19 11:41:53.888  3504  3661 D EGL_adreno: eglMakeCurrent: 0xa6df0f40: ver 3 1 (tinfo 0x9c622e50)
09-19 11:41:53.890  3504  3661 D EGL_adreno: eglMakeCurrent: 0xa6df0f40: ver 3 1 (tinfo 0x9c622e50)
09-19 11:41:53.938  3504  3661 D EGL_adreno: eglMakeCurrent: 0xa6df0f40: ver 3 1 (tinfo 0x9c622e50)
09-19 11:41:53.952  3504  3661 D EGL_adreno: eglMakeCurrent: 0xa6df0f40: ver 3 1 (tinfo 0x9c622e50)
09-19 11:41:53.988  3504  3661 D EGL_adreno: eglMakeCurrent: 0xa6df0f40: ver 3 1 (tinfo 0x9c622e50)
09-19 11:41:53.994  3504  3590 I art     : Starting a blocking GC Explicit
09-19 11:41:54.003  3504  3661 D EGL_adreno: eglMakeCurrent: 0xa6df0f40: ver 3 1 (tinfo 0x9c622e50)
09-19 11:41:54.016  3504  3590 I art     : Explicit concurrent mark sweep GC freed 41233(2MB) AllocSpace objects, 3(108KB) LOS objects, 23% free, 53MB/69MB, paused 420us total 22.068ms
09-19 11:41:54.039  3504  3661 D EGL_adreno: eglMakeCurrent: 0xa6df0f40: ver 3 1 (tinfo 0x9c622e50)
09-19 11:41:54.053  3504  3661 D EGL_adreno: eglMakeCurrent: 0xa6df0f40: ver 3 1 (tinfo 0x9c622e50)
09-19 11:41:54.071  3504  3661 D EGL_adreno: eglMakeCurrent: 0xa6df0f40: ver 3 1 (tinfo 0x9c622e50)
09-19 11:41:54.074  3504  3661 D EGL_adreno: eglMakeCurrent: 0xa6df0f40: ver 3 1 (tinfo 0x9c622e50)
09-19 11:41:54.123  3504  3661 D EGL_adreno: eglMakeCurrent: 0xa6df0f40: ver 3 1 (tinfo 0x9c622e50)
09-19 11:41:54.135  3504  3661 D EGL_adreno: eglMakeCurrent: 0xa6df0f40: ver 3 1 (tinfo 0x9c622e50)
09-19 11:41:54.155  3504  3661 D EGL_adreno: eglMakeCurrent: 0xa6df0f40: ver 3 1 (tinfo 0x9c622e50)
09-19 11:41:54.157  3504  3661 D EGL_adreno: eglMakeCurrent: 0xa6df0f40: ver 3 1 (tinfo 0x9c622e50)
09-19 11:41:54.188  3504  3661 D EGL_adreno: eglMakeCurrent: 0xa6df0f40: ver 3 1 (tinfo 0x9c622e50)
09-19 11:41:54.202  3504  3661 D EGL_adreno: eglMakeCurrent: 0xa6df0f40: ver 3 1 (tinfo 0x9c622e50)
09-19 11:41:54.238  3504  3661 D EGL_adreno: eglMakeCurrent: 0xa6df0f40: ver 3 1 (tinfo 0x9c622e50)
09-19 11:41:54.253  3504  3661 D EGL_adreno: eglMakeCurrent: 0xa6df0f40: ver 3 1 (tinfo 0x9c622e50)
09-19 11:41:54.272  3504  3661 D EGL_adreno: eglMakeCurrent: 0xa6df0f40: ver 3 1 (tinfo 0x9c622e50)
09-19 11:41:54.285  3504  3661 D EGL_adreno: eglMakeCurrent: 0xa6df0f40: ver 3 1 (tinfo 0x9c622e50)
09-19 11:41:54.321  3504  3661 D EGL_adreno: eglMakeCurrent: 0xa6df0f40: ver 3 1 (tinfo 0x9c622e50)
09-19 11:41:54.336  3504  3661 D EGL_adreno: eglMakeCurrent: 0xa6df0f40: ver 3 1 (tinfo 0x9c622e50)
09-19 11:41:54.372  3504  3661 D EGL_adreno: eglMakeCurrent: 0xa6df0f40: ver 3 1 (tinfo 0x9c622e50)
09-19 11:41:54.387  3504  3661 D EGL_adreno: eglMakeCurrent: 0xa6df0f40: ver 3 1 (tinfo 0x9c622e50)
09-19 11:41:54.405  3504  3661 D EGL_adreno: eglMakeCurrent: 0xa6df0f40: ver 3 1 (tinfo 0x9c622e50)
09-19 11:41:54.420  3504  3661 D EGL_adreno: eglMakeCurrent: 0xa6df0f40: ver 3 1 (tinfo 0x9c622e50)
09-19 11:41:54.454  3504  3661 D EGL_adreno: eglMakeCurrent: 0xa6df0f40: ver 3 1 (tinfo 0x9c622e50)
09-19 11:41:54.470  3504  3661 D EGL_adreno: eglMakeCurrent: 0xa6df0f40: ver 3 1 (tinfo 0x9c622e50)
09-19 11:41:54.507  3504  3661 D EGL_adreno: eglMakeCurrent: 0xa6df0f40: ver 3 1 (tinfo 0x9c622e50)
09-19 11:41:54.519  3504  3661 D EGL_adreno: eglMakeCurrent: 0xa6df0f40: ver 3 1 (tinfo 0x9c622e50)
09-19 11:41:54.556  3504  3661 D EGL_adreno: eglMakeCurrent: 0xa6df0f40: ver 3 1 (tinfo 0x9c622e50)
09-19 11:41:54.569  3504  3661 D EGL_adreno: eglMakeCurrent: 0xa6df0f40: ver 3 1 (tinfo 0x9c622e50)
09-19 11:41:54.605  3504  3661 D EGL_adreno: eglMakeCurrent: 0xa6df0f40: ver 3 1 (tinfo 0x9c622e50)
09-19 11:41:54.619  3504  3661 D EGL_adreno: eglMakeCurrent: 0xa6df0f40: ver 3 1 (tinfo 0x9c622e50)
09-19 11:41:54.656  3504  3661 D EGL_adreno: eglMakeCurrent: 0xa6df0f40: ver 3 1 (tinfo 0x9c622e50)
09-19 11:41:54.670  3504  3661 D EGL_adreno: eglMakeCurrent: 0xa6df0f40: ver 3 1 (tinfo 0x9c622e50)
09-19 11:41:54.705  3504  3661 D EGL_adreno: eglMakeCurrent: 0xa6df0f40: ver 3 1 (tinfo 0x9c622e50)
09-19 11:41:54.709  1698  1698 W ContextImpl: Calling a method in the system process without a qualified user: android.app.ContextImpl.startService:1358 android.content.ContextWrapper.startService:613 android.content.ContextWrapper.startService:613 com.android.coreservice.CoreBroadcastReceiver.onReceive:44 android.app.ActivityThread.handleReceiver:3073 
09-19 11:41:54.719  3504  3661 D EGL_adreno: eglMakeCurrent: 0xa6df0f40: ver 3 1 (tinfo 0x9c622e50)
09-19 11:41:54.723  1698  1698 W ContextImpl: Calling a method in the system process without a qualified user: android.app.ContextImpl.startService:1358 android.content.ContextWrapper.startService:613 android.content.ContextWrapper.startService:613 com.android.coreservice.CoreBroadcastReceiver.onReceive:53 android.app.ActivityThread.handleReceiver:3073 
09-19 11:41:54.726  1698  1698 W ContextImpl: Calling a method in the system process without a qualified user: android.app.ContextImpl.startService:1358 android.content.ContextWrapper.startService:613 android.content.ContextWrapper.startService:613 com.android.coreservice.CoreBroadcastReceiver.onReceive:69 android.app.ActivityThread.handleReceiver:3073 
09-19 11:41:54.753  3504  3661 D EGL_adreno: eglMakeCurrent: 0xa6df0f40: ver 3 1 (tinfo 0x9c622e50)
09-19 11:41:54.757  3504  3661 D EGL_adreno: eglMakeCurrent: 0xa6df0f40: ver 3 1 (tinfo 0x9c622e50)
09-19 11:41:54.758  3504  3661 D EGL_adreno: eglMakeCurrent: 0xa6df0f40: ver 3 1 (tinfo 0x9c622e50)
09-19 11:41:54.770  3504  3661 D EGL_adreno: eglMakeCurrent: 0xa6df0f40: ver 3 1 (tinfo 0x9c622e50)
09-19 11:41:54.826  3504  3661 D EGL_adreno: eglMakeCurrent: 0xa6df0f40: ver 3 1 (tinfo 0x9c622e50)
09-19 11:41:54.837  3504  3661 D EGL_adreno: eglMakeCurrent: 0xa6df0f40: ver 3 1 (tinfo 0x9c622e50)
09-19 11:41:54.856  3504  3661 D EGL_adreno: eglMakeCurrent: 0xa6df0f40: ver 3 1 (tinfo 0x9c622e50)
09-19 11:41:54.870  3504  3661 D EGL_adreno: eglMakeCurrent: 0xa6df0f40: ver 3 1 (tinfo 0x9c622e50)
09-19 11:41:54.906  3504  3661 D EGL_adreno: eglMakeCurrent: 0xa6df0f40: ver 3 1 (tinfo 0x9c622e50)
09-19 11:41:54.921  3504  3661 D EGL_adreno: eglMakeCurrent: 0xa6df0f40: ver 3 1 (tinfo 0x9c622e50)
09-19 11:41:54.938  3504  3661 D EGL_adreno: eglMakeCurrent: 0xa6df0f40: ver 3 1 (tinfo 0x9c622e50)
09-19 11:41:54.953  3504  3661 D EGL_adreno: eglMakeCurrent: 0xa6df0f40: ver 3 1 (tinfo 0x9c622e50)
09-19 11:41:54.988  3504  3661 D EGL_adreno: eglMakeCurrent: 0xa6df0f40: ver 3 1 (tinfo 0x9c622e50)
09-19 11:41:55.006  3504  3661 D EGL_adreno: eglMakeCurrent: 0xa6df0f40: ver 3 1 (tinfo 0x9c622e50)
09-19 11:41:55.022  3504  3661 D EGL_adreno: eglMakeCurrent: 0xa6df0f40: ver 3 1 (tinfo 0x9c622e50)
09-19 11:41:55.039  3504  3661 D EGL_adreno: eglMakeCurrent: 0xa6df0f40: ver 3 1 (tinfo 0x9c622e50)
09-19 11:41:55.071  3504  3661 D EGL_adreno: eglMakeCurrent: 0xa6df0f40: ver 3 1 (tinfo 0x9c622e50)
09-19 11:41:55.085  3504  3661 D EGL_adreno: eglMakeCurrent: 0xa6df0f40: ver 3 1 (tinfo 0x9c622e50)
09-19 11:41:55.107  3504  3661 D EGL_adreno: eglMakeCurrent: 0xa6df0f40: ver 3 1 (tinfo 0x9c622e50)
09-19 11:41:55.119  3504  3661 D EGL_adreno: eglMakeCurrent: 0xa6df0f40: ver 3 1 (tinfo 0x9c622e50)
09-19 11:41:55.155  3504  3661 D EGL_adreno: eglMakeCurrent: 0xa6df0f40: ver 3 1 (tinfo 0x9c622e50)
09-19 11:41:55.169  3504  3661 D EGL_adreno: eglMakeCurrent: 0xa6df0f40: ver 3 1 (tinfo 0x9c622e50)
09-19 11:41:55.188  3504  3661 D EGL_adreno: eglMakeCurrent: 0xa6df0f40: ver 3 1 (tinfo 0x9c622e50)
09-19 11:41:55.203  3504  3661 D EGL_adreno: eglMakeCurrent: 0xa6df0f40: ver 3 1 (tinfo 0x9c622e50)
09-19 11:41:55.222  3504  3661 D EGL_adreno: eglMakeCurrent: 0xa6df0f40: ver 3 1 (tinfo 0x9c622e50)
09-19 11:41:55.236  3504  3661 D EGL_adreno: eglMakeCurrent: 0xa6df0f40: ver 3 1 (tinfo 0x9c622e50)
09-19 11:41:55.272  3504  3661 D EGL_adreno: eglMakeCurrent: 0xa6df0f40: ver 3 1 (tinfo 0x9c622e50)
09-19 11:41:55.287  3504  3661 D EGL_adreno: eglMakeCurrent: 0xa6df0f40: ver 3 1 (tinfo 0x9c622e50)
09-19 11:41:55.305  3504  3661 D EGL_adreno: eglMakeCurrent: 0xa6df0f40: ver 3 1 (tinfo 0x9c622e50)
09-19 11:41:55.318  3504  3661 D EGL_adreno: eglMakeCurrent: 0xa6df0f40: ver 3 1 (tinfo 0x9c622e50)
09-19 11:41:55.356  3504  3661 D EGL_adreno: eglMakeCurrent: 0xa6df0f40: ver 3 1 (tinfo 0x9c622e50)
09-19 11:41:55.369  3504  3661 D EGL_adreno: eglMakeCurrent: 0xa6df0f40: ver 3 1 (tinfo 0x9c622e50)
09-19 11:41:55.389  3504  3661 D EGL_adreno: eglMakeCurrent: 0xa6df0f40: ver 3 1 (tinfo 0x9c622e50)
09-19 11:41:55.404  3504  3661 D EGL_adreno: eglMakeCurrent: 0xa6df0f40: ver 3 1 (tinfo 0x9c622e50)
09-19 11:41:55.422  3504  3661 D EGL_adreno: eglMakeCurrent: 0xa6df0f40: ver 3 1 (tinfo 0x9c622e50)
09-19 11:41:55.437  3504  3661 D EGL_adreno: eglMakeCurrent: 0xa6df0f40: ver 3 1 (tinfo 0x9c622e50)
09-19 11:41:55.473  3504  3661 D EGL_adreno: eglMakeCurrent: 0xa6df0f40: ver 3 1 (tinfo 0x9c622e50)
09-19 11:41:55.486  3504  3661 D EGL_adreno: eglMakeCurrent: 0xa6df0f40: ver 3 1 (tinfo 0x9c622e50)
09-19 11:41:55.521  3504  3661 D EGL_adreno: eglMakeCurrent: 0xa6df0f40: ver 3 1 (tinfo 0x9c622e50)
09-19 11:41:55.536  3504  3661 D EGL_adreno: eglMakeCurrent: 0xa6df0f40: ver 3 1 (tinfo 0x9c622e50)
09-19 11:41:55.571  3504  3661 D EGL_adreno: eglMakeCurrent: 0xa6df0f40: ver 3 1 (tinfo 0x9c622e50)
09-19 11:41:55.586  3504  3661 D EGL_adreno: eglMakeCurrent: 0xa6df0f40: ver 3 1 (tinfo 0x9c622e50)
09-19 11:41:55.605  3504  3661 D EGL_adreno: eglMakeCurrent: 0xa6df0f40: ver 3 1 (tinfo 0x9c622e50)
09-19 11:41:55.619  3504  3661 D EGL_adreno: eglMakeCurrent: 0xa6df0f40: ver 3 1 (tinfo 0x9c622e50)
09-19 11:41:55.655  3504  3661 D EGL_adreno: eglMakeCurrent: 0xa6df0f40: ver 3 1 (tinfo 0x9c622e50)
09-19 11:41:55.669  3504  3661 D EGL_adreno: eglMakeCurrent: 0xa6df0f40: ver 3 1 (tinfo 0x9c622e50)
09-19 11:41:55.688  3504  3661 D EGL_adreno: eglMakeCurrent: 0xa6df0f40: ver 3 1 (tinfo 0x9c622e50)
09-19 11:41:55.703  3504  3661 D EGL_adreno: eglMakeCurrent: 0xa6df0f40: ver 3 1 (tinfo 0x9c622e50)
09-19 11:41:55.722  3504  3661 D EGL_adreno: eglMakeCurrent: 0xa6df0f40: ver 3 1 (tinfo 0x9c622e50)
09-19 11:41:55.736  3504  3661 D EGL_adreno: eglMakeCurrent: 0xa6df0f40: ver 3 1 (tinfo 0x9c622e50)
09-19 11:41:55.777  3504  3661 D EGL_adreno: eglMakeCurrent: 0xa6df0f40: ver 3 1 (tinfo 0x9c622e50)
09-19 11:41:55.785  1114  1134 D audio_hw_hal: log_func, out_standby
09-19 11:41:55.785  1114  1134 D audio_hw_hal: raw_close_output_stream, dev=0xc6f0a0c0, stream =0xc6f05140
09-19 11:41:55.785  1114  1134 D audio_hw_hal: raw_close_output_stream, stream=0xc6f05140,  success!
09-19 11:41:55.786  3504  3661 D EGL_adreno: eglMakeCurrent: 0xa6df0f40: ver 3 1 (tinfo 0x9c622e50)
09-19 11:41:55.821  3504  3661 D EGL_adreno: eglMakeCurrent: 0xa6df0f40: ver 3 1 (tinfo 0x9c622e50)
09-19 11:41:55.835  3504  3661 D EGL_adreno: eglMakeCurrent: 0xa6df0f40: ver 3 1 (tinfo 0x9c622e50)
09-19 11:41:55.873  3504  3661 D EGL_adreno: eglMakeCurrent: 0xa6df0f40: ver 3 1 (tinfo 0x9c622e50)
09-19 11:41:55.886  3504  3661 D EGL_adreno: eglMakeCurrent: 0xa6df0f40: ver 3 1 (tinfo 0x9c622e50)
09-19 11:41:55.907  3504  3661 D EGL_adreno: eglMakeCurrent: 0xa6df0f40: ver 3 1 (tinfo 0x9c622e50)
09-19 11:41:55.920  3504  3661 D EGL_adreno: eglMakeCurrent: 0xa6df0f40: ver 3 1 (tinfo 0x9c622e50)
09-19 11:41:55.938  3504  3661 D EGL_adreno: eglMakeCurrent: 0xa6df0f40: ver 3 1 (tinfo 0x9c622e50)
09-19 11:41:55.952  3504  3661 D EGL_adreno: eglMakeCurrent: 0xa6df0f40: ver 3 1 (tinfo 0x9c622e50)
09-19 11:41:55.988  3504  3661 D EGL_adreno: eglMakeCurrent: 0xa6df0f40: ver 3 1 (tinfo 0x9c622e50)
09-19 11:41:56.003  3504  3661 D EGL_adreno: eglMakeCurrent: 0xa6df0f40: ver 3 1 (tinfo 0x9c622e50)
09-19 11:41:56.039  3504  3661 D EGL_adreno: eglMakeCurrent: 0xa6df0f40: ver 3 1 (tinfo 0x9c622e50)
09-19 11:41:56.052  3504  3661 D EGL_adreno: eglMakeCurrent: 0xa6df0f40: ver 3 1 (tinfo 0x9c622e50)
09-19 11:41:56.071  3504  3661 D EGL_adreno: eglMakeCurrent: 0xa6df0f40: ver 3 1 (tinfo 0x9c622e50)
09-19 11:41:56.087  3504  3661 D EGL_adreno: eglMakeCurrent: 0xa6df0f40: ver 3 1 (tinfo 0x9c622e50)
09-19 11:41:56.104  3504  3661 D EGL_adreno: eglMakeCurrent: 0xa6df0f40: ver 3 1 (tinfo 0x9c622e50)
09-19 11:41:56.119  3504  3661 D EGL_adreno: eglMakeCurrent: 0xa6df0f40: ver 3 1 (tinfo 0x9c622e50)
09-19 11:41:56.154  3504  3661 D EGL_adreno: eglMakeCurrent: 0xa6df0f40: ver 3 1 (tinfo 0x9c622e50)
09-19 11:41:56.156  3504  3661 D EGL_adreno: eglMakeCurrent: 0xa6df0f40: ver 3 1 (tinfo 0x9c622e50)
09-19 11:41:56.205  3504  3661 D EGL_adreno: eglMakeCurrent: 0xa6df0f40: ver 3 1 (tinfo 0x9c622e50)
09-19 11:41:56.210  1698  1698 W ContextImpl: Calling a method in the system process without a qualified user: android.app.ContextImpl.startService:1358 android.content.ContextWrapper.startService:613 android.content.ContextWrapper.startService:613 com.android.coreservice.CoreBroadcastReceiver.onReceive:44 android.app.ActivityThread.handleReceiver:3073 
09-19 11:41:56.220  3504  3661 D EGL_adreno: eglMakeCurrent: 0xa6df0f40: ver 3 1 (tinfo 0x9c622e50)
09-19 11:41:56.223  3504  3606 D ONE SDK : [2022/09/19 11:41:56:223]: Java_com_hyphenate_chat_adapter_EMAChatManager_nativeGetConversations 
09-19 11:41:56.224  3504  3606 D ONE SDK : [2022/09/19 11:41:56:224]: Java_com_hyphenate_chat_adapter_EMAChatManager_nativeGetConversations 
09-19 11:41:56.228  1698  1698 W ContextImpl: Calling a method in the system process without a qualified user: android.app.ContextImpl.startService:1358 android.content.ContextWrapper.startService:613 android.content.ContextWrapper.startService:613 com.android.coreservice.CoreBroadcastReceiver.onReceive:53 android.app.ActivityThread.handleReceiver:3073 
09-19 11:41:56.230  1698  1698 W ContextImpl: Calling a method in the system process without a qualified user: android.app.ContextImpl.startService:1358 android.content.ContextWrapper.startService:613 android.content.ContextWrapper.startService:613 com.android.coreservice.CoreBroadcastReceiver.onReceive:69 android.app.ActivityThread.handleReceiver:3073 
09-19 11:41:57.431  3504  3590 I art     : Starting a blocking GC Explicit
09-19 11:41:57.452  3504  3590 I art     : Explicit concurrent mark sweep GC freed 32268(1694KB) AllocSpace objects, 5(100KB) LOS objects, 23% free, 53MB/69MB, paused 415us total 20.613ms
09-19 11:42:00.287  1114  1134 D audio_hw_hal: raw_start_output_stream, stream=0xc6f05140, sampleRate=48000, channel=2, bps=16, bufSize=4096
09-19 11:42:00.330  3504  3661 E EGL_adreno: tid 3661: eglSurfaceAttrib(1338): error 0x3009 (EGL_BAD_MATCH)
09-19 11:42:00.330  3504  3661 W OpenGLRenderer: Failed to set EGL_SWAP_BEHAVIOR on surface 0xa60acd20, error=EGL_BAD_MATCH
09-19 11:42:00.331  1698  1698 W ContextImpl: Calling a method in the system process without a qualified user: android.app.ContextImpl.startService:1358 android.content.ContextWrapper.startService:613 android.content.ContextWrapper.startService:613 com.android.coreservice.CoreBroadcastReceiver.onReceive:69 android.app.ActivityThread.handleReceiver:3073 
09-19 11:42:00.334  3504  3661 D EGL_adreno: eglMakeCurrent: 0xa6df0f40: ver 3 1 (tinfo 0x9c622e50)
09-19 11:42:00.345  3504  3661 D EGL_adreno: eglMakeCurrent: 0xa6df0f40: ver 3 1 (tinfo 0x9c622e50)
09-19 11:42:00.861  3504  3517 I art     : Starting a blocking GC Explicit
09-19 11:42:00.882  3504  3517 I art     : Explicit concurrent mark sweep GC freed 16168(883KB) AllocSpace objects, 9(276KB) LOS objects, 23% free, 52MB/68MB, paused 397us total 20.284ms
09-19 11:42:00.920  1302  1316 W ActivityManager: Launch timeout has expired, giving up wake lock!
09-19 11:42:02.683  1302  1357 D WifiStateMachine: setScanResults mScanResults.size=1
09-19 11:42:03.388  1114  1134 D audio_hw_hal: log_func, out_standby
09-19 11:42:03.388  1114  1134 D audio_hw_hal: raw_close_output_stream, dev=0xc6f0a0c0, stream =0xc6f05140
09-19 11:42:03.388  1114  1134 D audio_hw_hal: raw_close_output_stream, stream=0xc6f05140,  success!
09-19 11:42:04.307  3504  3516 I art     : Starting a blocking GC Explicit
09-19 11:42:04.326  3504  3516 I art     : Explicit concurrent mark sweep GC freed 13928(614KB) AllocSpace objects, 4(80KB) LOS objects, 23% free, 52MB/68MB, paused 402us total 18.431ms
09-19 11:42:07.752  3504  3517 I art     : Starting a blocking GC Explicit
09-19 11:42:07.772  3504  3517 I art     : Explicit concurrent mark sweep GC freed 13147(746KB) AllocSpace objects, 5(100KB) LOS objects, 23% free, 52MB/68MB, paused 888us total 20.367ms
09-19 11:42:11.186  3504  3590 I art     : Starting a blocking GC Explicit
09-19 11:42:11.204  3504  3590 I art     : Explicit concurrent mark sweep GC freed 9035(321KB) AllocSpace objects, 2(40KB) LOS objects, 23% free, 52MB/68MB, paused 806us total 17.634ms
09-19 11:42:14.606  3504  3516 I art     : Starting a blocking GC Explicit
09-19 11:42:14.626  3504  3516 I art     : Explicit concurrent mark sweep GC freed 8560(301KB) AllocSpace objects, 2(40KB) LOS objects, 23% free, 52MB/68MB, paused 446us total 19.365ms
09-19 11:42:14.913  1394  1629 I vol.Events: writeEvent active_stream_changed STREAM_RING
09-19 11:42:14.914  1394  1629 I vol.Events: writeEvent key STREAM_RING 2
09-19 11:42:14.924  1394  1394 I vol.Events: writeEvent show_dialog volume_changed keyguard=false
09-19 11:42:14.966  1394  1647 E EGL_adreno: tid 1647: eglSurfaceAttrib(1338): error 0x3009 (EGL_BAD_MATCH)
09-19 11:42:14.966  1394  1647 W OpenGLRenderer: Failed to set EGL_SWAP_BEHAVIOR on surface 0xa5685be0, error=EGL_BAD_MATCH
09-19 11:42:14.972  1394  1647 D EGL_adreno: eglMakeCurrent: 0xa7012860: ver 3 1 (tinfo 0xa7014600)
09-19 11:42:15.415  1394  1394 I vol.Events: writeEvent dismiss_dialog touch_outside
09-19 11:42:15.416  1394  1629 I vol.Events: writeEvent active_stream_changed UNKNOWN_STREAM_-1
09-19 11:42:15.724  1394  1647 D EGL_adreno: eglMakeCurrent: 0xa7012860: ver 3 1 (tinfo 0xa7014600)
09-19 11:42:18.054  3504  3517 I art     : Starting a blocking GC Explicit
09-19 11:42:18.073  3504  3517 I art     : Explicit concurrent mark sweep GC freed 8424(294KB) AllocSpace objects, 2(40KB) LOS objects, 23% free, 52MB/68MB, paused 459us total 18.312ms
09-19 11:42:19.972  1302  1313 I ActivityManager: START u0 {act=android.intent.action.MAIN cat=[android.intent.category.LAUNCHER] flg=0x10200000 cmp=com.litatom.app/com.lit.app.ui.SplashActivity} from uid 0 on display 0
09-19 11:42:21.501  3504  3590 I art     : Starting a blocking GC Explicit
09-19 11:42:21.527  3504  3590 I art     : Explicit concurrent mark sweep GC freed 8725(305KB) AllocSpace objects, 2(40KB) LOS objects, 23% free, 52MB/68MB, paused 578us total 25.525ms
09-19 11:42:24.926  3504  3516 I art     : Starting a blocking GC Explicit
09-19 11:42:24.945  3504  3516 I art     : Explicit concurrent mark sweep GC freed 8671(303KB) AllocSpace objects, 2(40KB) LOS objects, 23% free, 52MB/68MB, paused 412us total 18.523ms
09-19 11:42:25.030  1394  1629 I vol.Events: writeEvent mute_changed STREAM_SYSTEM true
09-19 11:42:25.031  1394  1629 I vol.Events: writeEvent mute_changed STREAM_RING true
09-19 11:42:25.033  1394  1629 I vol.Events: writeEvent active_stream_changed STREAM_RING
09-19 11:42:25.037  1394  1629 I vol.Events: writeEvent key STREAM_RING 2
09-19 11:42:25.048  1394  1394 I vol.Events: writeEvent show_dialog volume_changed keyguard=false
09-19 11:42:25.096  1394  1647 E EGL_adreno: tid 1647: eglSurfaceAttrib(1338): error 0x3009 (EGL_BAD_MATCH)
09-19 11:42:25.096  1394  1647 W OpenGLRenderer: Failed to set EGL_SWAP_BEHAVIOR on surface 0xa521c160, error=EGL_BAD_MATCH
09-19 11:42:25.106  1394  1647 D EGL_adreno: eglMakeCurrent: 0xa7012860: ver 3 1 (tinfo 0xa7014600)
09-19 11:42:26.543  1394  1394 I vol.Events: writeEvent dismiss_dialog touch_outside
09-19 11:42:26.544  1394  1629 I vol.Events: writeEvent active_stream_changed UNKNOWN_STREAM_-1
09-19 11:42:26.553  1302  1317 D sensor_hal: cb_activate handle=0 enabled=0
09-19 11:42:26.604  1302  1317 D sensor_hal: cb_activate handle=0 enabled=1
09-19 11:42:26.604  1302  1317 D sensor_hal: cb_setDelay handle=0 delay-ns=200000000
09-19 11:42:26.633  3873  3873 I art     : System.exit called, status: 0
09-19 11:42:26.633  3873  3873 I AndroidRuntime: VM exiting with result code 0.
09-19 11:42:26.856  1394  1647 D EGL_adreno: eglMakeCurrent: 0xa7012860: ver 3 1 (tinfo 0xa7014600)
09-19 11:42:28.349  3504  3517 I art     : Starting a blocking GC Explicit
09-19 11:42:28.371  3504  3517 I art     : Explicit concurrent mark sweep GC freed 8517(297KB) AllocSpace objects, 2(40KB) LOS objects, 23% free, 52MB/68MB, paused 949us total 22.025ms
09-19 11:42:56.436  1394  1647 D EGL_adreno: eglMakeCurrent: 0xa7012860: ver 3 1 (tinfo 0xa7014600)
09-19 11:43:30.622  1114  1134 D audio_hw_hal: raw_start_output_stream, stream=0xc6f05140, sampleRate=48000, channel=2, bps=16, bufSize=4096
09-19 11:43:30.656  1698  1698 W ContextImpl: Calling a method in the system process without a qualified user: android.app.ContextImpl.startService:1358 android.content.ContextWrapper.startService:613 android.content.ContextWrapper.startService:613 com.android.coreservice.CoreBroadcastReceiver.onReceive:69 android.app.ActivityThread.handleReceiver:3073 
09-19 11:43:33.720  1114  1134 D audio_hw_hal: log_func, out_standby
09-19 11:43:33.720  1114  1134 D audio_hw_hal: raw_close_output_stream, dev=0xc6f0a0c0, stream =0xc6f05140
09-19 11:43:33.720  1114  1134 D audio_hw_hal: raw_close_output_stream, stream=0xc6f05140,  success!
09-19 11:44:00.643  4269  4269 I appproc : exec app_process! cmdline: /system/bin com.android.commands.wm.Wm size 
09-19 11:44:00.643  4269  4269 D AndroidRuntime: >>>>>> START com.android.internal.os.RuntimeInit uid 0 <<<<<<
09-19 11:44:00.645  4269  4269 D AndroidRuntime: CheckJNI is OFF
09-19 11:44:00.665  4269  4269 D ICU     : No timezone override file found: /data/misc/zoneinfo/current/icu/icu_tzdata.dat
09-19 11:44:00.672  4269  4269 D libnativebridge: PreInitializeNativeBridge name=unknown instruction_set=x86
09-19 11:44:00.672  4269  4269 D libnativebridge: call UnloadNativeBridge! state=1
09-19 11:44:00.678  4269  4269 E memtrack: Couldn't load memtrack module (No such file or directory)
09-19 11:44:00.678  4269  4269 E android.os.Debug: failed to load memtrack module: -2
09-19 11:44:00.678  4269  4269 I Radio-JNI: register_android_hardware_Radio DONE
09-19 11:44:00.682  4269  4269 D AndroidRuntime: Calling main entry com.android.commands.wm.Wm
09-19 11:44:00.683  4269  4269 D AndroidRuntime: Shutting down VM
09-19 11:44:00.949  4285  4285 I appproc : exec app_process! cmdline: /system/bin com.android.commands.am.Am start -n com.litatom.app/com.lit.app.ui.feed.TopicActivity,com.lit.app.party.PartyChatActivity 
09-19 11:44:00.949  4285  4285 D AndroidRuntime: >>>>>> START com.android.internal.os.RuntimeInit uid 0 <<<<<<
09-19 11:44:00.950  4285  4285 D AndroidRuntime: CheckJNI is OFF
09-19 11:44:00.972  4285  4285 D ICU     : No timezone override file found: /data/misc/zoneinfo/current/icu/icu_tzdata.dat
09-19 11:44:00.978  4285  4285 D libnativebridge: PreInitializeNativeBridge name=unknown instruction_set=x86
09-19 11:44:00.978  4285  4285 D libnativebridge: call UnloadNativeBridge! state=1
09-19 11:44:00.985  4285  4285 E memtrack: Couldn't load memtrack module (No such file or directory)
09-19 11:44:00.985  4285  4285 E android.os.Debug: failed to load memtrack module: -2
09-19 11:44:00.985  4285  4285 I Radio-JNI: register_android_hardware_Radio DONE
09-19 11:44:00.991  4285  4285 D AndroidRuntime: Calling main entry com.android.commands.am.Am
09-19 11:44:00.992  1302  3018 I ActivityManager: START u0 {flg=0x10000000 cmp=com.litatom.app/com.lit.app.ui.feed.TopicActivity,com.lit.app.party.PartyChatActivity} from uid 0 on display 0
09-19 11:44:00.992  4285  4285 D AndroidRuntime: Shutting down VM
09-19 11:44:01.198  4295  4295 I appproc : exec app_process! cmdline: /system/bin com.android.commands.monkey.Monkey -p com.litatom.app --throttle 500 --ignore-timeouts --ignore-crashes --monitor-native-crashes -v -v -v 500 
09-19 11:44:01.198  4295  4295 D AndroidRuntime: >>>>>> START com.android.internal.os.RuntimeInit uid 0 <<<<<<
09-19 11:44:01.200  4295  4295 D AndroidRuntime: CheckJNI is OFF
09-19 11:44:01.221  4295  4295 D ICU     : No timezone override file found: /data/misc/zoneinfo/current/icu/icu_tzdata.dat
09-19 11:44:01.227  4295  4295 D libnativebridge: PreInitializeNativeBridge name=unknown instruction_set=x86
09-19 11:44:01.227  4295  4295 D libnativebridge: call UnloadNativeBridge! state=1
09-19 11:44:01.233  4295  4295 E memtrack: Couldn't load memtrack module (No such file or directory)
09-19 11:44:01.233  4295  4295 E android.os.Debug: failed to load memtrack module: -2
09-19 11:44:01.233  4295  4295 I Radio-JNI: register_android_hardware_Radio DONE
09-19 11:44:01.238  4295  4295 D AndroidRuntime: Calling main entry com.android.commands.monkey.Monkey
09-19 11:44:01.263  1302  1316 W BroadcastQueue: Skipping deliver [background] BroadcastRecord{c0fa7b7 u-1 android.net.conn.CONNECTIVITY_CHANGE} to ReceiverList{64e5b24 4295 (unknown name)/0/u-1 remote:7484651}: process crashing
09-19 11:44:01.271  1302  1644 I ActivityManager: START u0 {act=android.intent.action.MAIN cat=[android.intent.category.LAUNCHER] flg=0x10200000 cmp=com.litatom.app/com.lit.app.ui.SplashActivity} from uid 0 on display 0
09-19 11:44:01.776  1302  1347 I ActivityManager: START u0 {act=android.intent.action.MAIN cat=[android.intent.category.HOME] flg=0x10200000 cmp=com.android.launcher3/.Launcher (has extras)} from uid 1000 on display 0
09-19 11:44:02.788  1114  1134 D audio_hw_hal: raw_start_output_stream, stream=0xc6f05140, sampleRate=48000, channel=2, bps=16, bufSize=4096
09-19 11:44:02.789  1114  1134 D AudioFlinger: mixer(0xc5a80000) throttle end: throttle time(10)
09-19 11:44:02.805  1698  1698 W ContextImpl: Calling a method in the system process without a qualified user: android.app.ContextImpl.startService:1358 android.content.ContextWrapper.startService:613 android.content.ContextWrapper.startService:613 com.android.coreservice.CoreBroadcastReceiver.onReceive:69 android.app.ActivityThread.handleReceiver:3073 
09-19 11:44:03.332  1302  3017 I ActivityManager: START u0 {cmp=com.litatom.app/com.lit.app.ui.me.UserDetailActivity (has extras)} from uid 10038 on display 0
09-19 11:44:03.336  1698  1698 W ContextImpl: Calling a method in the system process without a qualified user: android.app.ContextImpl.startService:1358 android.content.ContextWrapper.startService:613 android.content.ContextWrapper.startService:613 com.android.coreservice.CoreBroadcastReceiver.onReceive:44 android.app.ActivityThread.handleReceiver:3073 
09-19 11:44:03.355  1114  1134 D AudioFlinger: mixer(0xc5a80000) throttle end: throttle time(20)
09-19 11:44:03.356  1698  1698 W ContextImpl: Calling a method in the system process without a qualified user: android.app.ContextImpl.startService:1358 android.content.ContextWrapper.startService:613 android.content.ContextWrapper.startService:613 com.android.coreservice.CoreBroadcastReceiver.onReceive:69 android.app.ActivityThread.handleReceiver:3073 
09-19 11:44:03.394  3504  3504 D BaseActivity: isNightMode ==> false , isSystemDarkOpen ==> false , isFollowSystemMode() ==> false
09-19 11:44:03.426  1698  1698 W ContextImpl: Calling a method in the system process without a qualified user: android.app.ContextImpl.startService:1358 android.content.ContextWrapper.startService:613 android.content.ContextWrapper.startService:613 com.android.coreservice.CoreBroadcastReceiver.onReceive:53 android.app.ActivityThread.handleReceiver:3073 
09-19 11:44:03.472  3504  3661 E EGL_adreno: tid 3661: eglSurfaceAttrib(1338): error 0x3009 (EGL_BAD_MATCH)
09-19 11:44:03.472  3504  3661 W OpenGLRenderer: Failed to set EGL_SWAP_BEHAVIOR on surface 0xa60acd20, error=EGL_BAD_MATCH
09-19 11:44:03.490  3504  3661 D EGL_adreno: eglMakeCurrent: 0xa6df0f40: ver 3 1 (tinfo 0x9c622e50)
09-19 11:44:03.517  1302  1323 I ActivityManager: Displayed com.litatom.app/com.lit.app.ui.me.UserDetailActivity: +176ms
09-19 11:44:03.518  1698  1698 W ContextImpl: Calling a method in the system process without a qualified user: android.app.ContextImpl.startService:1358 android.content.ContextWrapper.startService:613 android.content.ContextWrapper.startService:613 com.android.coreservice.CoreBroadcastReceiver.onReceive:69 android.app.ActivityThread.handleReceiver:3073 
09-19 11:44:03.519  3504  3661 D EGL_adreno: eglMakeCurrent: 0xa6df0f40: ver 3 1 (tinfo 0x9c622e50)
09-19 11:44:03.522  3504  3661 D EGL_adreno: eglMakeCurrent: 0xa6df0f40: ver 3 1 (tinfo 0x9c622e50)
09-19 11:44:03.531  3504  3661 D EGL_adreno: eglMakeCurrent: 0xa6df0f40: ver 3 1 (tinfo 0x9c622e50)
09-19 11:44:03.532  3504  3661 D EGL_adreno: eglMakeCurrent: 0xa6df0f40: ver 3 1 (tinfo 0x9c622e50)
09-19 11:44:03.538  3504  3661 D EGL_adreno: eglMakeCurrent: 0xa6df0f40: ver 3 1 (tinfo 0x9c622e50)
09-19 11:44:03.541  3504  3661 D EGL_adreno: eglMakeCurrent: 0xa6df0f40: ver 3 1 (tinfo 0x9c622e50)
09-19 11:44:03.552  3504  3661 D EGL_adreno: eglMakeCurrent: 0xa6df0f40: ver 3 1 (tinfo 0x9c622e50)
09-19 11:44:03.555  3504  3661 D EGL_adreno: eglMakeCurrent: 0xa6df0f40: ver 3 1 (tinfo 0x9c622e50)
09-19 11:44:03.569  3504  3661 D EGL_adreno: eglMakeCurrent: 0xa6df0f40: ver 3 1 (tinfo 0x9c622e50)
09-19 11:44:03.572  3504  3661 D EGL_adreno: eglMakeCurrent: 0xa6df0f40: ver 3 1 (tinfo 0x9c622e50)
09-19 11:44:03.586  3504  3661 D EGL_adreno: eglMakeCurrent: 0xa6df0f40: ver 3 1 (tinfo 0x9c622e50)
09-19 11:44:03.588  3504  3661 D EGL_adreno: eglMakeCurrent: 0xa6df0f40: ver 3 1 (tinfo 0x9c622e50)
09-19 11:44:03.603  3504  3661 D EGL_adreno: eglMakeCurrent: 0xa6df0f40: ver 3 1 (tinfo 0x9c622e50)
09-19 11:44:03.606  3504  3661 D EGL_adreno: eglMakeCurrent: 0xa6df0f40: ver 3 1 (tinfo 0x9c622e50)
09-19 11:44:03.619  3504  3661 D EGL_adreno: eglMakeCurrent: 0xa6df0f40: ver 3 1 (tinfo 0x9c622e50)
09-19 11:44:03.622  3504  3661 D EGL_adreno: eglMakeCurrent: 0xa6df0f40: ver 3 1 (tinfo 0x9c622e50)
09-19 11:44:03.636  3504  3661 D EGL_adreno: eglMakeCurrent: 0xa6df0f40: ver 3 1 (tinfo 0x9c622e50)
09-19 11:44:03.639  3504  3661 D EGL_adreno: eglMakeCurrent: 0xa6df0f40: ver 3 1 (tinfo 0x9c622e50)
09-19 11:44:03.653  3504  3661 D EGL_adreno: eglMakeCurrent: 0xa6df0f40: ver 3 1 (tinfo 0x9c622e50)
09-19 11:44:03.656  3504  3661 D EGL_adreno: eglMakeCurrent: 0xa6df0f40: ver 3 1 (tinfo 0x9c622e50)
09-19 11:44:03.671  3504  3661 D EGL_adreno: eglMakeCurrent: 0xa6df0f40: ver 3 1 (tinfo 0x9c622e50)
09-19 11:44:03.673  3504  3661 D EGL_adreno: eglMakeCurrent: 0xa6df0f40: ver 3 1 (tinfo 0x9c622e50)
09-19 11:44:03.685  3504  3661 D EGL_adreno: eglMakeCurrent: 0xa6df0f40: ver 3 1 (tinfo 0x9c622e50)
09-19 11:44:03.688  3504  3661 D EGL_adreno: eglMakeCurrent: 0xa6df0f40: ver 3 1 (tinfo 0x9c622e50)
09-19 11:44:03.702  3504  3661 D EGL_adreno: eglMakeCurrent: 0xa6df0f40: ver 3 1 (tinfo 0x9c622e50)
09-19 11:44:03.705  3504  3661 D EGL_adreno: eglMakeCurrent: 0xa6df0f40: ver 3 1 (tinfo 0x9c622e50)
09-19 11:44:03.719  3504  3661 D EGL_adreno: eglMakeCurrent: 0xa6df0f40: ver 3 1 (tinfo 0x9c622e50)
09-19 11:44:03.722  3504  3661 D EGL_adreno: eglMakeCurrent: 0xa6df0f40: ver 3 1 (tinfo 0x9c622e50)
09-19 11:44:03.738  3504  3661 D EGL_adreno: eglMakeCurrent: 0xa6df0f40: ver 3 1 (tinfo 0x9c622e50)
09-19 11:44:03.740  3504  3661 D EGL_adreno: eglMakeCurrent: 0xa6df0f40: ver 3 1 (tinfo 0x9c622e50)
09-19 11:44:03.753  3504  3661 D EGL_adreno: eglMakeCurrent: 0xa6df0f40: ver 3 1 (tinfo 0x9c622e50)
09-19 11:44:03.756  3504  3661 D EGL_adreno: eglMakeCurrent: 0xa6df0f40: ver 3 1 (tinfo 0x9c622e50)
09-19 11:44:03.774  3504  3661 D EGL_adreno: eglMakeCurrent: 0xa6df0f40: ver 3 1 (tinfo 0x9c622e50)
09-19 11:44:03.777  3504  3661 D EGL_adreno: eglMakeCurrent: 0xa6df0f40: ver 3 1 (tinfo 0x9c622e50)
09-19 11:44:03.786  3504  3661 D EGL_adreno: eglMakeCurrent: 0xa6df0f40: ver 3 1 (tinfo 0x9c622e50)
09-19 11:44:03.789  3504  3661 D EGL_adreno: eglMakeCurrent: 0xa6df0f40: ver 3 1 (tinfo 0x9c622e50)
09-19 11:44:03.803  3504  3661 D EGL_adreno: eglMakeCurrent: 0xa6df0f40: ver 3 1 (tinfo 0x9c622e50)
09-19 11:44:03.806  3504  3661 D EGL_adreno: eglMakeCurrent: 0xa6df0f40: ver 3 1 (tinfo 0x9c622e50)
09-19 11:44:03.820  3504  3661 D EGL_adreno: eglMakeCurrent: 0xa6df0f40: ver 3 1 (tinfo 0x9c622e50)
09-19 11:44:03.823  3504  3661 D EGL_adreno: eglMakeCurrent: 0xa6df0f40: ver 3 1 (tinfo 0x9c622e50)
09-19 11:44:03.835  3504  3661 D EGL_adreno: eglMakeCurrent: 0xa6df0f40: ver 3 1 (tinfo 0x9c622e50)
09-19 11:44:03.838  3504  3661 D EGL_adreno: eglMakeCurrent: 0xa6df0f40: ver 3 1 (tinfo 0x9c622e50)
09-19 11:44:03.840  3504  3661 D EGL_adreno: eglMakeCurrent: 0xa6df0f40: ver 3 1 (tinfo 0x9c622e50)
09-19 11:44:03.841  3504  3661 D EGL_adreno: eglMakeCurrent: 0xa6df0f40: ver 3 1 (tinfo 0x9c622e50)
09-19 11:44:03.853  3504  3661 D EGL_adreno: eglMakeCurrent: 0xa6df0f40: ver 3 1 (tinfo 0x9c622e50)
09-19 11:44:03.856  3504  3661 D EGL_adreno: eglMakeCurrent: 0xa6df0f40: ver 3 1 (tinfo 0x9c622e50)
09-19 11:44:03.870  3504  3661 D EGL_adreno: eglMakeCurrent: 0xa6df0f40: ver 3 1 (tinfo 0x9c622e50)
09-19 11:44:03.872  3504  3661 D EGL_adreno: eglMakeCurrent: 0xa6df0f40: ver 3 1 (tinfo 0x9c622e50)
09-19 11:44:03.886  3504  3661 D EGL_adreno: eglMakeCurrent: 0xa6df0f40: ver 3 1 (tinfo 0x9c622e50)
09-19 11:44:03.888  3504  3661 D EGL_adreno: eglMakeCurrent: 0xa6df0f40: ver 3 1 (tinfo 0x9c622e50)
09-19 11:44:03.903  3504  3661 D EGL_adreno: eglMakeCurrent: 0xa6df0f40: ver 3 1 (tinfo 0x9c622e50)
09-19 11:44:03.906  3504  3661 D EGL_adreno: eglMakeCurrent: 0xa6df0f40: ver 3 1 (tinfo 0x9c622e50)
09-19 11:44:03.918  3504  3661 D EGL_adreno: eglMakeCurrent: 0xa6df0f40: ver 3 1 (tinfo 0x9c622e50)
09-19 11:44:03.921  3504  3661 D EGL_adreno: eglMakeCurrent: 0xa6df0f40: ver 3 1 (tinfo 0x9c622e50)
09-19 11:44:03.924  3504  3661 D EGL_adreno: eglMakeCurrent: 0xa6df0f40: ver 3 1 (tinfo 0x9c622e50)
09-19 11:44:03.925  3504  3661 D EGL_adreno: eglMakeCurrent: 0xa6df0f40: ver 3 1 (tinfo 0x9c622e50)
09-19 11:44:03.936  3504  3661 D EGL_adreno: eglMakeCurrent: 0xa6df0f40: ver 3 1 (tinfo 0x9c622e50)
09-19 11:44:03.939  3504  3661 D EGL_adreno: eglMakeCurrent: 0xa6df0f40: ver 3 1 (tinfo 0x9c622e50)
09-19 11:44:03.954  3504  3661 D EGL_adreno: eglMakeCurrent: 0xa6df0f40: ver 3 1 (tinfo 0x9c622e50)
09-19 11:44:03.957  3504  3661 D EGL_adreno: eglMakeCurrent: 0xa6df0f40: ver 3 1 (tinfo 0x9c622e50)
09-19 11:44:03.968  3504  3661 D EGL_adreno: eglMakeCurrent: 0xa6df0f40: ver 3 1 (tinfo 0x9c622e50)
09-19 11:44:03.971  3504  3661 D EGL_adreno: eglMakeCurrent: 0xa6df0f40: ver 3 1 (tinfo 0x9c622e50)
09-19 11:44:03.973  3504  3661 D EGL_adreno: eglMakeCurrent: 0xa6df0f40: ver 3 1 (tinfo 0x9c622e50)
09-19 11:44:03.975  3504  3661 D EGL_adreno: eglMakeCurrent: 0xa6df0f40: ver 3 1 (tinfo 0x9c622e50)
09-19 11:44:03.987  3504  3661 D EGL_adreno: eglMakeCurrent: 0xa6df0f40: ver 3 1 (tinfo 0x9c622e50)
09-19 11:44:03.990  3504  3661 D EGL_adreno: eglMakeCurrent: 0xa6df0f40: ver 3 1 (tinfo 0x9c622e50)
09-19 11:44:04.004  3504  3661 D EGL_adreno: eglMakeCurrent: 0xa6df0f40: ver 3 1 (tinfo 0x9c622e50)
09-19 11:44:04.007  3504  3661 D EGL_adreno: eglMakeCurrent: 0xa6df0f40: ver 3 1 (tinfo 0x9c622e50)
09-19 11:44:04.011  3504  3504 D EventBus: No subscribers registered for event class b.x.a.t.x1
09-19 11:44:04.011  3504  3504 D EventBus: No subscribers registered for event class t.b.a.i
09-19 11:44:04.020  3504  3661 D EGL_adreno: eglMakeCurrent: 0xa6df0f40: ver 3 1 (tinfo 0x9c622e50)
09-19 11:44:04.026  3504  3661 D EGL_adreno: eglMakeCurrent: 0xa6df0f40: ver 3 1 (tinfo 0x9c622e50)
09-19 11:44:04.036  3504  3661 D EGL_adreno: eglMakeCurrent: 0xa6df0f40: ver 3 1 (tinfo 0x9c622e50)
09-19 11:44:04.039  3504  3661 D EGL_adreno: eglMakeCurrent: 0xa6df0f40: ver 3 1 (tinfo 0x9c622e50)
09-19 11:44:04.054  3504  3661 D EGL_adreno: eglMakeCurrent: 0xa6df0f40: ver 3 1 (tinfo 0x9c622e50)
09-19 11:44:04.056  3504  3661 D EGL_adreno: eglMakeCurrent: 0xa6df0f40: ver 3 1 (tinfo 0x9c622e50)
09-19 11:44:04.070  3504  3661 D EGL_adreno: eglMakeCurrent: 0xa6df0f40: ver 3 1 (tinfo 0x9c622e50)
09-19 11:44:04.073  3504  3661 D EGL_adreno: eglMakeCurrent: 0xa6df0f40: ver 3 1 (tinfo 0x9c622e50)
09-19 11:44:04.086  3504  3661 D EGL_adreno: eglMakeCurrent: 0xa6df0f40: ver 3 1 (tinfo 0x9c622e50)
09-19 11:44:04.089  3504  3661 D EGL_adreno: eglMakeCurrent: 0xa6df0f40: ver 3 1 (tinfo 0x9c622e50)
09-19 11:44:04.103  3504  3661 D EGL_adreno: eglMakeCurrent: 0xa6df0f40: ver 3 1 (tinfo 0x9c622e50)
09-19 11:44:04.106  3504  3661 D EGL_adreno: eglMakeCurrent: 0xa6df0f40: ver 3 1 (tinfo 0x9c622e50)
09-19 11:44:04.120  3504  3661 D EGL_adreno: eglMakeCurrent: 0xa6df0f40: ver 3 1 (tinfo 0x9c622e50)
09-19 11:44:04.122  3504  3661 D EGL_adreno: eglMakeCurrent: 0xa6df0f40: ver 3 1 (tinfo 0x9c622e50)
09-19 11:44:04.136  3504  3661 D EGL_adreno: eglMakeCurrent: 0xa6df0f40: ver 3 1 (tinfo 0x9c622e50)
09-19 11:44:04.139  3504  3661 D EGL_adreno: eglMakeCurrent: 0xa6df0f40: ver 3 1 (tinfo 0x9c622e50)
09-19 11:44:04.155  3504  3661 D EGL_adreno: eglMakeCurrent: 0xa6df0f40: ver 3 1 (tinfo 0x9c622e50)
09-19 11:44:04.159  3504  3661 D EGL_adreno: eglMakeCurrent: 0xa6df0f40: ver 3 1 (tinfo 0x9c622e50)
09-19 11:44:04.169  3504  3661 D EGL_adreno: eglMakeCurrent: 0xa6df0f40: ver 3 1 (tinfo 0x9c622e50)
09-19 11:44:04.172  3504  3661 D EGL_adreno: eglMakeCurrent: 0xa6df0f40: ver 3 1 (tinfo 0x9c622e50)
09-19 11:44:04.186  3504  3661 D EGL_adreno: eglMakeCurrent: 0xa6df0f40: ver 3 1 (tinfo 0x9c622e50)
09-19 11:44:04.190  3504  3661 D EGL_adreno: eglMakeCurrent: 0xa6df0f40: ver 3 1 (tinfo 0x9c622e50)
09-19 11:44:04.202  3504  3661 D EGL_adreno: eglMakeCurrent: 0xa6df0f40: ver 3 1 (tinfo 0x9c622e50)
09-19 11:44:04.205  3504  3661 D EGL_adreno: eglMakeCurrent: 0xa6df0f40: ver 3 1 (tinfo 0x9c622e50)
09-19 11:44:04.219  3504  3661 D EGL_adreno: eglMakeCurrent: 0xa6df0f40: ver 3 1 (tinfo 0x9c622e50)
09-19 11:44:04.222  3504  3661 D EGL_adreno: eglMakeCurrent: 0xa6df0f40: ver 3 1 (tinfo 0x9c622e50)
09-19 11:44:04.236  3504  3661 D EGL_adreno: eglMakeCurrent: 0xa6df0f40: ver 3 1 (tinfo 0x9c622e50)
