09-19 11:44:04.239  3504  3661 D EGL_adreno: eglMakeCurrent: 0xa6df0f40: ver 3 1 (tinfo 0x9c622e50)
09-19 11:44:04.252  3504  3661 D EGL_adreno: eglMakeCurrent: 0xa6df0f40: ver 3 1 (tinfo 0x9c622e50)
09-19 11:44:04.265  3504  3661 D EGL_adreno: eglMakeCurrent: 0xa6df0f40: ver 3 1 (tinfo 0x9c622e50)
09-19 11:44:04.277  3504  3661 D EGL_adreno: eglMakeCurrent: 0xa6df0f40: ver 3 1 (tinfo 0x9c622e50)
09-19 11:44:04.279  3504  3661 D EGL_adreno: eglMakeCurrent: 0xa6df0f40: ver 3 1 (tinfo 0x9c622e50)
09-19 11:44:04.280  3504  3661 D EGL_adreno: eglMakeCurrent: 0xa6df0f40: ver 3 1 (tinfo 0x9c622e50)
09-19 11:44:04.281  3504  3661 D EGL_adreno: eglMakeCurrent: 0xa6df0f40: ver 3 1 (tinfo 0x9c622e50)
09-19 11:44:04.285  3504  3661 D EGL_adreno: eglMakeCurrent: 0xa6df0f40: ver 3 1 (tinfo 0x9c622e50)
09-19 11:44:04.289  3504  3661 D EGL_adreno: eglMakeCurrent: 0xa6df0f40: ver 3 1 (tinfo 0x9c622e50)
09-19 11:44:04.304  3504  3661 D EGL_adreno: eglMakeCurrent: 0xa6df0f40: ver 3 1 (tinfo 0x9c622e50)
09-19 11:44:04.856  3504  3661 D EGL_adreno: eglMakeCurrent: 0xa6df0f40: ver 3 1 (tinfo 0x9c622e50)
09-19 11:44:04.870  3504  3661 D EGL_adreno: eglMakeCurrent: 0xa6df0f40: ver 3 1 (tinfo 0x9c622e50)
09-19 11:44:05.357  3504  3661 D EGL_adreno: eglMakeCurrent: 0xa6df0f40: ver 3 1 (tinfo 0x9c622e50)
09-19 11:44:05.370  3504  3661 D EGL_adreno: eglMakeCurrent: 0xa6df0f40: ver 3 1 (tinfo 0x9c622e50)
09-19 11:44:05.372  3504  3517 I art     : Starting a blocking GC Explicit
09-19 11:44:05.397  3504  3517 I art     : Explicit concurrent mark sweep GC freed 139347(5MB) AllocSpace objects, 7(1132KB) LOS objects, 22% free, 55MB/71MB, paused 366us total 23.486ms
09-19 11:44:06.433  1114  1134 D audio_hw_hal: log_func, out_standby
09-19 11:44:06.433  1114  1134 D audio_hw_hal: raw_close_output_stream, dev=0xc6f0a0c0, stream =0xc6f05140
09-19 11:44:06.433  1114  1134 D audio_hw_hal: raw_close_output_stream, stream=0xc6f05140,  success!
09-19 11:44:06.873  3504  3661 D EGL_adreno: eglMakeCurrent: 0xa6df0f40: ver 3 1 (tinfo 0x9c622e50)
09-19 11:44:06.886  3504  3661 D EGL_adreno: eglMakeCurrent: 0xa6df0f40: ver 3 1 (tinfo 0x9c622e50)
09-19 11:44:07.871  3504  3661 D EGL_adreno: eglMakeCurrent: 0xa6df0f40: ver 3 1 (tinfo 0x9c622e50)
09-19 11:44:07.873  3504  3661 D EGL_adreno: eglMakeCurrent: 0xa6df0f40: ver 3 1 (tinfo 0x9c622e50)
09-19 11:44:08.377  3504  3504 D ViewRootImpl[UserDetailActivity]: changeCanvasOpacity: opaque=false
09-19 11:44:08.387  3504  3661 D EGL_adreno: eglMakeCurrent: 0xa6df0f40: ver 3 1 (tinfo 0x9c622e50)
09-19 11:44:08.389  3504  3661 D EGL_adreno: eglMakeCurrent: 0xa6df0f40: ver 3 1 (tinfo 0x9c622e50)
09-19 11:44:08.792  3504  3517 I art     : Starting a blocking GC Explicit
09-19 11:44:08.812  3504  3517 I art     : Explicit concurrent mark sweep GC freed 16076(858KB) AllocSpace objects, 8(152KB) LOS objects, 22% free, 54MB/70MB, paused 930us total 19.713ms
09-19 11:44:08.889  3504  3661 D EGL_adreno: eglMakeCurrent: 0xa6df0f40: ver 3 1 (tinfo 0x9c622e50)
09-19 11:44:08.903  3504  3661 D EGL_adreno: eglMakeCurrent: 0xa6df0f40: ver 3 1 (tinfo 0x9c622e50)
09-19 11:44:10.406  1302  3020 I ActivityManager: Setting hasTopUi=true for pid=1394
09-19 11:44:10.406  1394  1394 D PhoneStatusBar: disable: < expand ICONS* alerts SYSTEM_INFO* back home recent clock search quick_settings >
09-19 11:44:10.421  1394  1647 D EGL_adreno: eglMakeCurrent: 0xa7012860: ver 3 1 (tinfo 0xa7014600)
09-19 11:44:10.451  1394  1647 E EGL_adreno: tid 1647: eglSurfaceAttrib(1338): error 0x3009 (EGL_BAD_MATCH)
09-19 11:44:10.451  1394  1647 W OpenGLRenderer: Failed to set EGL_SWAP_BEHAVIOR on surface 0xa45a66a0, error=EGL_BAD_MATCH
09-19 11:44:10.453  1394  1647 D EGL_adreno: eglMakeCurrent: 0xa7012860: ver 3 1 (tinfo 0xa7014600)
09-19 11:44:10.475  1302  1643 W VibratorService: Tried to stop vibrating but there is no vibrator device.
09-19 11:44:10.507  3504  3661 D EGL_adreno: eglMakeCurrent: 0xa6df0f40: ver 3 1 (tinfo 0x9c622e50)
09-19 11:44:10.520  3504  3661 D EGL_adreno: eglMakeCurrent: 0xa6df0f40: ver 3 1 (tinfo 0x9c622e50)
09-19 11:44:10.937  1302  3018 W InputMethodManagerService: Window already focused, ignoring focus gain of: com.android.internal.view.IInputMethodClient$Stub$Proxy@23eca7 attribute=null, token = android.os.BinderProxy@35d6af
09-19 11:44:10.938  1302  3019 I ActivityManager: Setting hasTopUi=false for pid=1394
09-19 11:44:10.938  1394  1394 D PhoneStatusBar: disable: < expand icons* alerts system_info* back home recent clock search quick_settings >
09-19 11:44:10.955  3504  3661 D EGL_adreno: eglMakeCurrent: 0xa6df0f40: ver 3 1 (tinfo 0x9c622e50)
09-19 11:44:10.969  3504  3661 D EGL_adreno: eglMakeCurrent: 0xa6df0f40: ver 3 1 (tinfo 0x9c622e50)
09-19 11:44:10.970  1394  1647 D EGL_adreno: eglMakeCurrent: 0xa7012860: ver 3 1 (tinfo 0xa7014600)
09-19 11:44:10.986  1394  1647 E EGL_adreno: tid 1647: eglSurfaceAttrib(1338): error 0x3009 (EGL_BAD_MATCH)
09-19 11:44:10.986  1394  1647 W OpenGLRenderer: Failed to set EGL_SWAP_BEHAVIOR on surface 0xa45a9460, error=EGL_BAD_MATCH
09-19 11:44:10.988  1394  1647 D EGL_adreno: eglMakeCurrent: 0xa7012860: ver 3 1 (tinfo 0xa7014600)
09-19 11:44:11.911  1698  1698 W ContextImpl: Calling a method in the system process without a qualified user: android.app.ContextImpl.startService:1358 android.content.ContextWrapper.startService:613 android.content.ContextWrapper.startService:613 com.android.coreservice.CoreBroadcastReceiver.onReceive:69 android.app.ActivityThread.handleReceiver:3073 
09-19 11:44:11.924  3504  3661 D EGL_adreno: eglMakeCurrent: 0xa6df0f40: ver 3 1 (tinfo 0x9c622e50)
09-19 11:44:11.936  3504  3661 D EGL_adreno: eglMakeCurrent: 0xa6df0f40: ver 3 1 (tinfo 0x9c622e50)
09-19 11:44:12.206  3504  3517 I art     : Starting a blocking GC Explicit
09-19 11:44:12.225  3504  3517 I art     : Explicit concurrent mark sweep GC freed 9727(342KB) AllocSpace objects, 2(40KB) LOS objects, 22% free, 54MB/70MB, paused 473us total 18.809ms
09-19 11:44:12.412  1114  1134 D audio_hw_hal: raw_start_output_stream, stream=0xc6f05140, sampleRate=48000, channel=2, bps=16, bufSize=4096
09-19 11:44:12.413  1114  1134 D AudioFlinger: mixer(0xc5a80000) throttle end: throttle time(10)
09-19 11:44:13.337  1302  1316 W ActivityManager: Launch timeout has expired, giving up wake lock!
09-19 11:44:13.422  3504  3661 D EGL_adreno: eglMakeCurrent: 0xa6df0f40: ver 3 1 (tinfo 0x9c622e50)
09-19 11:44:13.424  3504  3661 D EGL_adreno: eglMakeCurrent: 0xa6df0f40: ver 3 1 (tinfo 0x9c622e50)
09-19 11:44:14.939  3504  3661 D EGL_adreno: eglMakeCurrent: 0xa6df0f40: ver 3 1 (tinfo 0x9c622e50)
09-19 11:44:14.953  3504  3661 D EGL_adreno: eglMakeCurrent: 0xa6df0f40: ver 3 1 (tinfo 0x9c622e50)
09-19 11:44:15.438  3504  3661 D EGL_adreno: eglMakeCurrent: 0xa6df0f40: ver 3 1 (tinfo 0x9c622e50)
09-19 11:44:15.440  3504  3661 D EGL_adreno: eglMakeCurrent: 0xa6df0f40: ver 3 1 (tinfo 0x9c622e50)
09-19 11:44:15.643  3504  3516 I art     : Starting a blocking GC Explicit
09-19 11:44:15.666  3504  3516 I art     : Explicit concurrent mark sweep GC freed 10183(350KB) AllocSpace objects, 2(40KB) LOS objects, 22% free, 54MB/70MB, paused 570us total 22.529ms
09-19 11:44:16.455  3504  3661 D EGL_adreno: eglMakeCurrent: 0xa6df0f40: ver 3 1 (tinfo 0x9c622e50)
09-19 11:44:16.459  1302  1369 W AudioTrack: AUDIO_OUTPUT_FLAG_FAST denied by client; transfer 4, track 44100 Hz, output 48000 Hz
09-19 11:44:16.507  3504  3661 D EGL_adreno: eglMakeCurrent: 0xa6df0f40: ver 3 1 (tinfo 0x9c622e50)
09-19 11:44:16.511  3504  3661 D EGL_adreno: eglMakeCurrent: 0xa6df0f40: ver 3 1 (tinfo 0x9c622e50)
09-19 11:44:16.544  3504  3661 E EGL_adreno: tid 3661: eglSurfaceAttrib(1338): error 0x3009 (EGL_BAD_MATCH)
09-19 11:44:16.544  3504  3661 W OpenGLRenderer: Failed to set EGL_SWAP_BEHAVIOR on surface 0xa6f8cc20, error=EGL_BAD_MATCH
09-19 11:44:16.547  1698  1698 W ContextImpl: Calling a method in the system process without a qualified user: android.app.ContextImpl.startService:1358 android.content.ContextWrapper.startService:613 android.content.ContextWrapper.startService:613 com.android.coreservice.CoreBroadcastReceiver.onReceive:69 android.app.ActivityThread.handleReceiver:3073 
09-19 11:44:16.553  3504  3661 D EGL_adreno: eglMakeCurrent: 0xa6df0f40: ver 3 1 (tinfo 0x9c622e50)
09-19 11:44:16.553  3504  3755 D skia    : --- SkAndroidCodec::NewFromStream returned null
09-19 11:44:16.554  3504  3755 D skia    : --- SkAndroidCodec::NewFromStream returned null
09-19 11:44:16.554  3504  3755 D skia    : --- SkAndroidCodec::NewFromStream returned null
09-19 11:44:16.554  3504  3755 D skia    : --- SkAndroidCodec::NewFromStream returned null
09-19 11:44:16.572  3504  3661 D EGL_adreno: eglMakeCurrent: 0xa6df0f40: ver 3 1 (tinfo 0x9c622e50)
09-19 11:44:16.584  3504  3661 D EGL_adreno: eglMakeCurrent: 0xa6df0f40: ver 3 1 (tinfo 0x9c622e50)
09-19 11:44:16.594  3504  3661 D EGL_adreno: eglMakeCurrent: 0xa6df0f40: ver 3 1 (tinfo 0x9c622e50)
09-19 11:44:16.598  3504  3661 D EGL_adreno: eglMakeCurrent: 0xa6df0f40: ver 3 1 (tinfo 0x9c622e50)
09-19 11:44:16.626  3504  3661 D EGL_adreno: eglMakeCurrent: 0xa6df0f40: ver 3 1 (tinfo 0x9c622e50)
09-19 11:44:16.630  3504  3661 D EGL_adreno: eglMakeCurrent: 0xa6df0f40: ver 3 1 (tinfo 0x9c622e50)
09-19 11:44:16.632  3504  3661 D EGL_adreno: eglMakeCurrent: 0xa6df0f40: ver 3 1 (tinfo 0x9c622e50)
09-19 11:44:16.642  3504  3661 D EGL_adreno: eglMakeCurrent: 0xa6df0f40: ver 3 1 (tinfo 0x9c622e50)
09-19 11:44:16.643  3504  3661 D EGL_adreno: eglMakeCurrent: 0xa6df0f40: ver 3 1 (tinfo 0x9c622e50)
09-19 11:44:16.650  3504  3661 D EGL_adreno: eglMakeCurrent: 0xa6df0f40: ver 3 1 (tinfo 0x9c622e50)
09-19 11:44:16.654  3504  3661 D EGL_adreno: eglMakeCurrent: 0xa6df0f40: ver 3 1 (tinfo 0x9c622e50)
09-19 11:44:16.658  3504  3661 D EGL_adreno: eglMakeCurrent: 0xa6df0f40: ver 3 1 (tinfo 0x9c622e50)
09-19 11:44:16.660  3504  3661 D EGL_adreno: eglMakeCurrent: 0xa6df0f40: ver 3 1 (tinfo 0x9c622e50)
09-19 11:44:16.672  3504  3661 D EGL_adreno: eglMakeCurrent: 0xa6df0f40: ver 3 1 (tinfo 0x9c622e50)
09-19 11:44:16.677  3504  3661 D EGL_adreno: eglMakeCurrent: 0xa6df0f40: ver 3 1 (tinfo 0x9c622e50)
09-19 11:44:16.679  3504  3661 D EGL_adreno: eglMakeCurrent: 0xa6df0f40: ver 3 1 (tinfo 0x9c622e50)
09-19 11:44:16.681  3504  3661 D EGL_adreno: eglMakeCurrent: 0xa6df0f40: ver 3 1 (tinfo 0x9c622e50)
09-19 11:44:16.684  3504  3661 D EGL_adreno: eglMakeCurrent: 0xa6df0f40: ver 3 1 (tinfo 0x9c622e50)
09-19 11:44:16.685  3504  3661 D EGL_adreno: eglMakeCurrent: 0xa6df0f40: ver 3 1 (tinfo 0x9c622e50)
09-19 11:44:16.687  3504  3661 D EGL_adreno: eglMakeCurrent: 0xa6df0f40: ver 3 1 (tinfo 0x9c622e50)
09-19 11:44:16.689  3504  3661 D EGL_adreno: eglMakeCurrent: 0xa6df0f40: ver 3 1 (tinfo 0x9c622e50)
09-19 11:44:16.693  3504  3661 D EGL_adreno: eglMakeCurrent: 0xa6df0f40: ver 3 1 (tinfo 0x9c622e50)
09-19 11:44:16.703  3504  3661 D EGL_adreno: eglMakeCurrent: 0xa6df0f40: ver 3 1 (tinfo 0x9c622e50)
09-19 11:44:16.706  3504  3661 D EGL_adreno: eglMakeCurrent: 0xa6df0f40: ver 3 1 (tinfo 0x9c622e50)
09-19 11:44:16.707  3504  3661 D EGL_adreno: eglMakeCurrent: 0xa6df0f40: ver 3 1 (tinfo 0x9c622e50)
09-19 11:44:16.720  3504  3661 D EGL_adreno: eglMakeCurrent: 0xa6df0f40: ver 3 1 (tinfo 0x9c622e50)
09-19 11:44:16.723  3504  3661 D EGL_adreno: eglMakeCurrent: 0xa6df0f40: ver 3 1 (tinfo 0x9c622e50)
09-19 11:44:16.725  3504  3661 D EGL_adreno: eglMakeCurrent: 0xa6df0f40: ver 3 1 (tinfo 0x9c622e50)
09-19 11:44:16.736  3504  3661 D EGL_adreno: eglMakeCurrent: 0xa6df0f40: ver 3 1 (tinfo 0x9c622e50)
09-19 11:44:16.739  3504  3661 D EGL_adreno: eglMakeCurrent: 0xa6df0f40: ver 3 1 (tinfo 0x9c622e50)
09-19 11:44:16.741  3504  3661 D EGL_adreno: eglMakeCurrent: 0xa6df0f40: ver 3 1 (tinfo 0x9c622e50)
09-19 11:44:16.753  3504  3661 D EGL_adreno: eglMakeCurrent: 0xa6df0f40: ver 3 1 (tinfo 0x9c622e50)
09-19 11:44:16.756  3504  3661 D EGL_adreno: eglMakeCurrent: 0xa6df0f40: ver 3 1 (tinfo 0x9c622e50)
09-19 11:44:16.758  3504  3661 D EGL_adreno: eglMakeCurrent: 0xa6df0f40: ver 3 1 (tinfo 0x9c622e50)
09-19 11:44:16.770  3504  3661 D EGL_adreno: eglMakeCurrent: 0xa6df0f40: ver 3 1 (tinfo 0x9c622e50)
09-19 11:44:16.773  3504  3661 D EGL_adreno: eglMakeCurrent: 0xa6df0f40: ver 3 1 (tinfo 0x9c622e50)
09-19 11:44:16.776  3504  3661 D EGL_adreno: eglMakeCurrent: 0xa6df0f40: ver 3 1 (tinfo 0x9c622e50)
09-19 11:44:16.786  3504  3661 D EGL_adreno: eglMakeCurrent: 0xa6df0f40: ver 3 1 (tinfo 0x9c622e50)
09-19 11:44:16.788  3504  3661 D EGL_adreno: eglMakeCurrent: 0xa6df0f40: ver 3 1 (tinfo 0x9c622e50)
09-19 11:44:16.790  3504  3661 D EGL_adreno: eglMakeCurrent: 0xa6df0f40: ver 3 1 (tinfo 0x9c622e50)
09-19 11:44:16.804  3504  3661 D EGL_adreno: eglMakeCurrent: 0xa6df0f40: ver 3 1 (tinfo 0x9c622e50)
09-19 11:44:16.806  3504  3661 D EGL_adreno: eglMakeCurrent: 0xa6df0f40: ver 3 1 (tinfo 0x9c622e50)
09-19 11:44:16.808  3504  3661 D EGL_adreno: eglMakeCurrent: 0xa6df0f40: ver 3 1 (tinfo 0x9c622e50)
09-19 11:44:16.820  3504  3661 D EGL_adreno: eglMakeCurrent: 0xa6df0f40: ver 3 1 (tinfo 0x9c622e50)
09-19 11:44:16.825  3504  3661 D EGL_adreno: eglMakeCurrent: 0xa6df0f40: ver 3 1 (tinfo 0x9c622e50)
09-19 11:44:16.826  3504  3661 D EGL_adreno: eglMakeCurrent: 0xa6df0f40: ver 3 1 (tinfo 0x9c622e50)
09-19 11:44:16.836  3504  3661 D EGL_adreno: eglMakeCurrent: 0xa6df0f40: ver 3 1 (tinfo 0x9c622e50)
09-19 11:44:16.839  3504  3661 D EGL_adreno: eglMakeCurrent: 0xa6df0f40: ver 3 1 (tinfo 0x9c622e50)
09-19 11:44:16.853  3504  3661 D EGL_adreno: eglMakeCurrent: 0xa6df0f40: ver 3 1 (tinfo 0x9c622e50)
09-19 11:44:16.856  3504  3661 D EGL_adreno: eglMakeCurrent: 0xa6df0f40: ver 3 1 (tinfo 0x9c622e50)
09-19 11:44:16.869  3504  3661 D EGL_adreno: eglMakeCurrent: 0xa6df0f40: ver 3 1 (tinfo 0x9c622e50)
09-19 11:44:16.873  3504  3661 D EGL_adreno: eglMakeCurrent: 0xa6df0f40: ver 3 1 (tinfo 0x9c622e50)
09-19 11:44:16.886  3504  3661 D EGL_adreno: eglMakeCurrent: 0xa6df0f40: ver 3 1 (tinfo 0x9c622e50)
09-19 11:44:16.890  3504  3661 D EGL_adreno: eglMakeCurrent: 0xa6df0f40: ver 3 1 (tinfo 0x9c622e50)
09-19 11:44:16.905  3504  3661 D EGL_adreno: eglMakeCurrent: 0xa6df0f40: ver 3 1 (tinfo 0x9c622e50)
09-19 11:44:16.908  3504  3661 D EGL_adreno: eglMakeCurrent: 0xa6df0f40: ver 3 1 (tinfo 0x9c622e50)
09-19 11:44:16.922  3504  3661 D EGL_adreno: eglMakeCurrent: 0xa6df0f40: ver 3 1 (tinfo 0x9c622e50)
09-19 11:44:16.925  3504  3661 D EGL_adreno: eglMakeCurrent: 0xa6df0f40: ver 3 1 (tinfo 0x9c622e50)
09-19 11:44:16.936  3504  3661 D EGL_adreno: eglMakeCurrent: 0xa6df0f40: ver 3 1 (tinfo 0x9c622e50)
09-19 11:44:16.939  3504  3661 D EGL_adreno: eglMakeCurrent: 0xa6df0f40: ver 3 1 (tinfo 0x9c622e50)
09-19 11:44:16.953  3504  3661 D EGL_adreno: eglMakeCurrent: 0xa6df0f40: ver 3 1 (tinfo 0x9c622e50)
09-19 11:44:16.956  3504  3661 D EGL_adreno: eglMakeCurrent: 0xa6df0f40: ver 3 1 (tinfo 0x9c622e50)
09-19 11:44:16.972  3504  3661 D EGL_adreno: eglMakeCurrent: 0xa6df0f40: ver 3 1 (tinfo 0x9c622e50)
09-19 11:44:16.974  3504  3661 D EGL_adreno: eglMakeCurrent: 0xa6df0f40: ver 3 1 (tinfo 0x9c622e50)
09-19 11:44:16.975  3504  3661 D EGL_adreno: eglMakeCurrent: 0xa6df0f40: ver 3 1 (tinfo 0x9c622e50)
09-19 11:44:16.985  3504  3661 D EGL_adreno: eglMakeCurrent: 0xa6df0f40: ver 3 1 (tinfo 0x9c622e50)
09-19 11:44:16.995  3504  3661 D EGL_adreno: eglMakeCurrent: 0xa6df0f40: ver 3 1 (tinfo 0x9c622e50)
09-19 11:44:17.002  3504  3661 D EGL_adreno: eglMakeCurrent: 0xa6df0f40: ver 3 1 (tinfo 0x9c622e50)
09-19 11:44:17.006  3504  3661 D EGL_adreno: eglMakeCurrent: 0xa6df0f40: ver 3 1 (tinfo 0x9c622e50)
09-19 11:44:17.020  3504  3661 D EGL_adreno: eglMakeCurrent: 0xa6df0f40: ver 3 1 (tinfo 0x9c622e50)
09-19 11:44:17.022  3504  3661 D EGL_adreno: eglMakeCurrent: 0xa6df0f40: ver 3 1 (tinfo 0x9c622e50)
09-19 11:44:17.036  3504  3661 D EGL_adreno: eglMakeCurrent: 0xa6df0f40: ver 3 1 (tinfo 0x9c622e50)
09-19 11:44:17.039  3504  3661 D EGL_adreno: eglMakeCurrent: 0xa6df0f40: ver 3 1 (tinfo 0x9c622e50)
09-19 11:44:17.053  3504  3661 D EGL_adreno: eglMakeCurrent: 0xa6df0f40: ver 3 1 (tinfo 0x9c622e50)
09-19 11:44:17.056  3504  3661 D EGL_adreno: eglMakeCurrent: 0xa6df0f40: ver 3 1 (tinfo 0x9c622e50)
09-19 11:44:17.070  3504  3661 D EGL_adreno: eglMakeCurrent: 0xa6df0f40: ver 3 1 (tinfo 0x9c622e50)
09-19 11:44:17.073  3504  3661 D EGL_adreno: eglMakeCurrent: 0xa6df0f40: ver 3 1 (tinfo 0x9c622e50)
09-19 11:44:17.086  3504  3661 D EGL_adreno: eglMakeCurrent: 0xa6df0f40: ver 3 1 (tinfo 0x9c622e50)
09-19 11:44:17.089  3504  3661 D EGL_adreno: eglMakeCurrent: 0xa6df0f40: ver 3 1 (tinfo 0x9c622e50)
09-19 11:44:17.102  3504  3661 D EGL_adreno: eglMakeCurrent: 0xa6df0f40: ver 3 1 (tinfo 0x9c622e50)
09-19 11:44:17.105  3504  3661 D EGL_adreno: eglMakeCurrent: 0xa6df0f40: ver 3 1 (tinfo 0x9c622e50)
09-19 11:44:17.120  3504  3661 D EGL_adreno: eglMakeCurrent: 0xa6df0f40: ver 3 1 (tinfo 0x9c622e50)
09-19 11:44:17.123  3504  3661 D EGL_adreno: eglMakeCurrent: 0xa6df0f40: ver 3 1 (tinfo 0x9c622e50)
09-19 11:44:17.137  3504  3661 D EGL_adreno: eglMakeCurrent: 0xa6df0f40: ver 3 1 (tinfo 0x9c622e50)
09-19 11:44:17.140  3504  3661 D EGL_adreno: eglMakeCurrent: 0xa6df0f40: ver 3 1 (tinfo 0x9c622e50)
09-19 11:44:17.162  3504  3661 D EGL_adreno: eglMakeCurrent: 0xa6df0f40: ver 3 1 (tinfo 0x9c622e50)
09-19 11:44:17.166  3504  3661 D EGL_adreno: eglMakeCurrent: 0xa6df0f40: ver 3 1 (tinfo 0x9c622e50)
09-19 11:44:17.169  3504  3661 D EGL_adreno: eglMakeCurrent: 0xa6df0f40: ver 3 1 (tinfo 0x9c622e50)
09-19 11:44:17.172  3504  3661 D EGL_adreno: eglMakeCurrent: 0xa6df0f40: ver 3 1 (tinfo 0x9c622e50)
09-19 11:44:17.188  3504  3661 D EGL_adreno: eglMakeCurrent: 0xa6df0f40: ver 3 1 (tinfo 0x9c622e50)
09-19 11:44:17.191  3504  3661 D EGL_adreno: eglMakeCurrent: 0xa6df0f40: ver 3 1 (tinfo 0x9c622e50)
09-19 11:44:17.202  3504  3661 D EGL_adreno: eglMakeCurrent: 0xa6df0f40: ver 3 1 (tinfo 0x9c622e50)
09-19 11:44:17.205  3504  3661 D EGL_adreno: eglMakeCurrent: 0xa6df0f40: ver 3 1 (tinfo 0x9c622e50)
09-19 11:44:17.220  3504  3661 D EGL_adreno: eglMakeCurrent: 0xa6df0f40: ver 3 1 (tinfo 0x9c622e50)
09-19 11:44:17.223  3504  3661 D EGL_adreno: eglMakeCurrent: 0xa6df0f40: ver 3 1 (tinfo 0x9c622e50)
09-19 11:44:17.235  3504  3661 D EGL_adreno: eglMakeCurrent: 0xa6df0f40: ver 3 1 (tinfo 0x9c622e50)
09-19 11:44:17.238  3504  3661 D EGL_adreno: eglMakeCurrent: 0xa6df0f40: ver 3 1 (tinfo 0x9c622e50)
09-19 11:44:17.253  3504  3661 D EGL_adreno: eglMakeCurrent: 0xa6df0f40: ver 3 1 (tinfo 0x9c622e50)
09-19 11:44:17.256  3504  3661 D EGL_adreno: eglMakeCurrent: 0xa6df0f40: ver 3 1 (tinfo 0x9c622e50)
09-19 11:44:17.270  3504  3661 D EGL_adreno: eglMakeCurrent: 0xa6df0f40: ver 3 1 (tinfo 0x9c622e50)
09-19 11:44:17.273  3504  3661 D EGL_adreno: eglMakeCurrent: 0xa6df0f40: ver 3 1 (tinfo 0x9c622e50)
09-19 11:44:17.286  3504  3661 D EGL_adreno: eglMakeCurrent: 0xa6df0f40: ver 3 1 (tinfo 0x9c622e50)
09-19 11:44:17.289  3504  3661 D EGL_adreno: eglMakeCurrent: 0xa6df0f40: ver 3 1 (tinfo 0x9c622e50)
09-19 11:44:17.303  3504  3661 D EGL_adreno: eglMakeCurrent: 0xa6df0f40: ver 3 1 (tinfo 0x9c622e50)
09-19 11:44:17.307  3504  3661 D EGL_adreno: eglMakeCurrent: 0xa6df0f40: ver 3 1 (tinfo 0x9c622e50)
09-19 11:44:17.318  3504  3661 D EGL_adreno: eglMakeCurrent: 0xa6df0f40: ver 3 1 (tinfo 0x9c622e50)
09-19 11:44:18.005  3504  3661 D EGL_adreno: eglMakeCurrent: 0xa6df0f40: ver 3 1 (tinfo 0x9c622e50)
09-19 11:44:18.022  3504  3661 D EGL_adreno: eglMakeCurrent: 0xa6df0f40: ver 3 1 (tinfo 0x9c622e50)
09-19 11:44:18.024  3504  3661 D EGL_adreno: eglMakeCurrent: 0xa6df0f40: ver 3 1 (tinfo 0x9c622e50)
09-19 11:44:18.037  3504  3661 D EGL_adreno: eglMakeCurrent: 0xa6df0f40: ver 3 1 (tinfo 0x9c622e50)
09-19 11:44:18.039  3504  3661 D EGL_adreno: eglMakeCurrent: 0xa6df0f40: ver 3 1 (tinfo 0x9c622e50)
09-19 11:44:18.054  3504  3661 D EGL_adreno: eglMakeCurrent: 0xa6df0f40: ver 3 1 (tinfo 0x9c622e50)
09-19 11:44:18.056  3504  3661 D EGL_adreno: eglMakeCurrent: 0xa6df0f40: ver 3 1 (tinfo 0x9c622e50)
09-19 11:44:18.069  3504  3661 D EGL_adreno: eglMakeCurrent: 0xa6df0f40: ver 3 1 (tinfo 0x9c622e50)
09-19 11:44:18.071  3504  3661 D EGL_adreno: eglMakeCurrent: 0xa6df0f40: ver 3 1 (tinfo 0x9c622e50)
09-19 11:44:18.086  3504  3661 D EGL_adreno: eglMakeCurrent: 0xa6df0f40: ver 3 1 (tinfo 0x9c622e50)
09-19 11:44:18.090  3504  3661 D EGL_adreno: eglMakeCurrent: 0xa6df0f40: ver 3 1 (tinfo 0x9c622e50)
09-19 11:44:18.102  3504  3661 D EGL_adreno: eglMakeCurrent: 0xa6df0f40: ver 3 1 (tinfo 0x9c622e50)
09-19 11:44:18.105  3504  3661 D EGL_adreno: eglMakeCurrent: 0xa6df0f40: ver 3 1 (tinfo 0x9c622e50)
09-19 11:44:18.125  3504  3661 D EGL_adreno: eglMakeCurrent: 0xa6df0f40: ver 3 1 (tinfo 0x9c622e50)
09-19 11:44:18.128  3504  3661 D EGL_adreno: eglMakeCurrent: 0xa6df0f40: ver 3 1 (tinfo 0x9c622e50)
09-19 11:44:18.136  3504  3661 D EGL_adreno: eglMakeCurrent: 0xa6df0f40: ver 3 1 (tinfo 0x9c622e50)
09-19 11:44:18.139  3504  3661 D EGL_adreno: eglMakeCurrent: 0xa6df0f40: ver 3 1 (tinfo 0x9c622e50)
09-19 11:44:18.158  3504  3661 D EGL_adreno: eglMakeCurrent: 0xa6df0f40: ver 3 1 (tinfo 0x9c622e50)
09-19 11:44:18.161  3504  3661 D EGL_adreno: eglMakeCurrent: 0xa6df0f40: ver 3 1 (tinfo 0x9c622e50)
09-19 11:44:18.170  3504  3661 D EGL_adreno: eglMakeCurrent: 0xa6df0f40: ver 3 1 (tinfo 0x9c622e50)
09-19 11:44:18.173  3504  3661 D EGL_adreno: eglMakeCurrent: 0xa6df0f40: ver 3 1 (tinfo 0x9c622e50)
09-19 11:44:18.190  3504  3661 D EGL_adreno: eglMakeCurrent: 0xa6df0f40: ver 3 1 (tinfo 0x9c622e50)
09-19 11:44:18.193  3504  3661 D EGL_adreno: eglMakeCurrent: 0xa6df0f40: ver 3 1 (tinfo 0x9c622e50)
09-19 11:44:18.202  3504  3661 D EGL_adreno: eglMakeCurrent: 0xa6df0f40: ver 3 1 (tinfo 0x9c622e50)
09-19 11:44:18.206  3504  3661 D EGL_adreno: eglMakeCurrent: 0xa6df0f40: ver 3 1 (tinfo 0x9c622e50)
09-19 11:44:18.225  3504  3661 D EGL_adreno: eglMakeCurrent: 0xa6df0f40: ver 3 1 (tinfo 0x9c622e50)
09-19 11:44:18.338  3504  3661 D EGL_adreno: eglMakeCurrent: 0xa6df0f40: ver 3 1 (tinfo 0x9c622e50)
09-19 11:44:18.353  3504  3661 D EGL_adreno: eglMakeCurrent: 0xa6df0f40: ver 3 1 (tinfo 0x9c622e50)
09-19 11:44:18.356  3504  3661 D EGL_adreno: eglMakeCurrent: 0xa6df0f40: ver 3 1 (tinfo 0x9c622e50)
09-19 11:44:18.369  3504  3661 D EGL_adreno: eglMakeCurrent: 0xa6df0f40: ver 3 1 (tinfo 0x9c622e50)
09-19 11:44:18.371  3504  3661 D EGL_adreno: eglMakeCurrent: 0xa6df0f40: ver 3 1 (tinfo 0x9c622e50)
09-19 11:44:18.386  3504  3661 D EGL_adreno: eglMakeCurrent: 0xa6df0f40: ver 3 1 (tinfo 0x9c622e50)
09-19 11:44:18.389  3504  3661 D EGL_adreno: eglMakeCurrent: 0xa6df0f40: ver 3 1 (tinfo 0x9c622e50)
09-19 11:44:18.403  3504  3661 D EGL_adreno: eglMakeCurrent: 0xa6df0f40: ver 3 1 (tinfo 0x9c622e50)
09-19 11:44:18.406  3504  3661 D EGL_adreno: eglMakeCurrent: 0xa6df0f40: ver 3 1 (tinfo 0x9c622e50)
09-19 11:44:18.420  3504  3661 D EGL_adreno: eglMakeCurrent: 0xa6df0f40: ver 3 1 (tinfo 0x9c622e50)
09-19 11:44:18.423  3504  3661 D EGL_adreno: eglMakeCurrent: 0xa6df0f40: ver 3 1 (tinfo 0x9c622e50)
09-19 11:44:18.435  3504  3661 D EGL_adreno: eglMakeCurrent: 0xa6df0f40: ver 3 1 (tinfo 0x9c622e50)
09-19 11:44:18.438  3504  3661 D EGL_adreno: eglMakeCurrent: 0xa6df0f40: ver 3 1 (tinfo 0x9c622e50)
09-19 11:44:18.458  3504  3661 D EGL_adreno: eglMakeCurrent: 0xa6df0f40: ver 3 1 (tinfo 0x9c622e50)
09-19 11:44:18.461  3504  3661 D EGL_adreno: eglMakeCurrent: 0xa6df0f40: ver 3 1 (tinfo 0x9c622e50)
09-19 11:44:18.469  3504  3661 D EGL_adreno: eglMakeCurrent: 0xa6df0f40: ver 3 1 (tinfo 0x9c622e50)
09-19 11:44:18.477  3504  3661 D EGL_adreno: eglMakeCurrent: 0xa6df0f40: ver 3 1 (tinfo 0x9c622e50)
09-19 11:44:18.486  3504  3661 D EGL_adreno: eglMakeCurrent: 0xa6df0f40: ver 3 1 (tinfo 0x9c622e50)
09-19 11:44:18.488  3504  3661 D EGL_adreno: eglMakeCurrent: 0xa6df0f40: ver 3 1 (tinfo 0x9c622e50)
09-19 11:44:18.503  3504  3661 D EGL_adreno: eglMakeCurrent: 0xa6df0f40: ver 3 1 (tinfo 0x9c622e50)
09-19 11:44:18.506  3504  3661 D EGL_adreno: eglMakeCurrent: 0xa6df0f40: ver 3 1 (tinfo 0x9c622e50)
09-19 11:44:18.520  3504  3661 D EGL_adreno: eglMakeCurrent: 0xa6df0f40: ver 3 1 (tinfo 0x9c622e50)
09-19 11:44:18.523  3504  3661 D EGL_adreno: eglMakeCurrent: 0xa6df0f40: ver 3 1 (tinfo 0x9c622e50)
09-19 11:44:18.536  3504  3661 D EGL_adreno: eglMakeCurrent: 0xa6df0f40: ver 3 1 (tinfo 0x9c622e50)
09-19 11:44:18.539  3504  3661 D EGL_adreno: eglMakeCurrent: 0xa6df0f40: ver 3 1 (tinfo 0x9c622e50)
09-19 11:44:18.552  3504  3661 D EGL_adreno: eglMakeCurrent: 0xa6df0f40: ver 3 1 (tinfo 0x9c622e50)
09-19 11:44:18.555  3504  3661 D EGL_adreno: eglMakeCurrent: 0xa6df0f40: ver 3 1 (tinfo 0x9c622e50)
09-19 11:44:18.574  3504  3661 D EGL_adreno: eglMakeCurrent: 0xa6df0f40: ver 3 1 (tinfo 0x9c622e50)
09-19 11:44:18.577  3504  3661 D EGL_adreno: eglMakeCurrent: 0xa6df0f40: ver 3 1 (tinfo 0x9c622e50)
09-19 11:44:18.585  3504  3661 D EGL_adreno: eglMakeCurrent: 0xa6df0f40: ver 3 1 (tinfo 0x9c622e50)
09-19 11:44:18.588  3504  3661 D EGL_adreno: eglMakeCurrent: 0xa6df0f40: ver 3 1 (tinfo 0x9c622e50)
09-19 11:44:18.590  3504  3661 D EGL_adreno: eglMakeCurrent: 0xa6df0f40: ver 3 1 (tinfo 0x9c622e50)
09-19 11:44:18.609  3504  3661 D EGL_adreno: eglMakeCurrent: 0xa6df0f40: ver 3 1 (tinfo 0x9c622e50)
09-19 11:44:18.619  3504  3661 D EGL_adreno: eglMakeCurrent: 0xa6df0f40: ver 3 1 (tinfo 0x9c622e50)
09-19 11:44:18.622  3504  3661 D EGL_adreno: eglMakeCurrent: 0xa6df0f40: ver 3 1 (tinfo 0x9c622e50)
09-19 11:44:18.623  3504  3661 D EGL_adreno: eglMakeCurrent: 0xa6df0f40: ver 3 1 (tinfo 0x9c622e50)
09-19 11:44:19.006  3504  3661 D EGL_adreno: eglMakeCurrent: 0xa6df0f40: ver 3 1 (tinfo 0x9c622e50)
09-19 11:44:19.019  3504  3661 D EGL_adreno: eglMakeCurrent: 0xa6df0f40: ver 3 1 (tinfo 0x9c622e50)
09-19 11:44:19.022  3504  3661 D EGL_adreno: eglMakeCurrent: 0xa6df0f40: ver 3 1 (tinfo 0x9c622e50)
09-19 11:44:19.037  3504  3661 D EGL_adreno: eglMakeCurrent: 0xa6df0f40: ver 3 1 (tinfo 0x9c622e50)
09-19 11:44:19.040  3504  3661 D EGL_adreno: eglMakeCurrent: 0xa6df0f40: ver 3 1 (tinfo 0x9c622e50)
09-19 11:44:19.052  3504  3661 D EGL_adreno: eglMakeCurrent: 0xa6df0f40: ver 3 1 (tinfo 0x9c622e50)
09-19 11:44:19.055  3504  3661 D EGL_adreno: eglMakeCurrent: 0xa6df0f40: ver 3 1 (tinfo 0x9c622e50)
09-19 11:44:19.069  3504  3661 D EGL_adreno: eglMakeCurrent: 0xa6df0f40: ver 3 1 (tinfo 0x9c622e50)
09-19 11:44:19.072  3504  3661 D EGL_adreno: eglMakeCurrent: 0xa6df0f40: ver 3 1 (tinfo 0x9c622e50)
09-19 11:44:19.087  3504  3661 D EGL_adreno: eglMakeCurrent: 0xa6df0f40: ver 3 1 (tinfo 0x9c622e50)
09-19 11:44:19.090  3504  3517 I art     : Starting a blocking GC Explicit
09-19 11:44:19.090  3504  3661 D EGL_adreno: eglMakeCurrent: 0xa6df0f40: ver 3 1 (tinfo 0x9c622e50)
09-19 11:44:19.103  3504  3661 D EGL_adreno: eglMakeCurrent: 0xa6df0f40: ver 3 1 (tinfo 0x9c622e50)
09-19 11:44:19.106  3504  3661 D EGL_adreno: eglMakeCurrent: 0xa6df0f40: ver 3 1 (tinfo 0x9c622e50)
09-19 11:44:19.112  3504  3517 I art     : Explicit concurrent mark sweep GC freed 15884(728KB) AllocSpace objects, 9(1268KB) LOS objects, 21% free, 57MB/73MB, paused 366us total 21.706ms
09-19 11:44:19.120  3504  3661 D EGL_adreno: eglMakeCurrent: 0xa6df0f40: ver 3 1 (tinfo 0x9c622e50)
09-19 11:44:19.125  3504  3661 D EGL_adreno: eglMakeCurrent: 0xa6df0f40: ver 3 1 (tinfo 0x9c622e50)
09-19 11:44:19.135  3504  3661 D EGL_adreno: eglMakeCurrent: 0xa6df0f40: ver 3 1 (tinfo 0x9c622e50)
09-19 11:44:19.139  3504  3661 D EGL_adreno: eglMakeCurrent: 0xa6df0f40: ver 3 1 (tinfo 0x9c622e50)
09-19 11:44:19.141  3504  3661 D EGL_adreno: eglMakeCurrent: 0xa6df0f40: ver 3 1 (tinfo 0x9c622e50)
09-19 11:44:19.142  3504  3661 D EGL_adreno: eglMakeCurrent: 0xa6df0f40: ver 3 1 (tinfo 0x9c622e50)
09-19 11:44:19.154  3504  3661 D EGL_adreno: eglMakeCurrent: 0xa6df0f40: ver 3 1 (tinfo 0x9c622e50)
09-19 11:44:19.157  3504  3661 D EGL_adreno: eglMakeCurrent: 0xa6df0f40: ver 3 1 (tinfo 0x9c622e50)
09-19 11:44:19.170  3504  3661 D EGL_adreno: eglMakeCurrent: 0xa6df0f40: ver 3 1 (tinfo 0x9c622e50)
09-19 11:44:19.174  3504  3661 D EGL_adreno: eglMakeCurrent: 0xa6df0f40: ver 3 1 (tinfo 0x9c622e50)
09-19 11:44:19.186  3504  3661 D EGL_adreno: eglMakeCurrent: 0xa6df0f40: ver 3 1 (tinfo 0x9c622e50)
09-19 11:44:19.191  3504  3661 D EGL_adreno: eglMakeCurrent: 0xa6df0f40: ver 3 1 (tinfo 0x9c622e50)
09-19 11:44:19.203  3504  3661 D EGL_adreno: eglMakeCurrent: 0xa6df0f40: ver 3 1 (tinfo 0x9c622e50)
09-19 11:44:19.206  3504  3661 D EGL_adreno: eglMakeCurrent: 0xa6df0f40: ver 3 1 (tinfo 0x9c622e50)
09-19 11:44:19.219  3504  3661 D EGL_adreno: eglMakeCurrent: 0xa6df0f40: ver 3 1 (tinfo 0x9c622e50)
09-19 11:44:19.223  3504  3661 D EGL_adreno: eglMakeCurrent: 0xa6df0f40: ver 3 1 (tinfo 0x9c622e50)
09-19 11:44:19.236  3504  3661 D EGL_adreno: eglMakeCurrent: 0xa6df0f40: ver 3 1 (tinfo 0x9c622e50)
09-19 11:44:20.596  1114  1134 D audio_hw_hal: log_func, out_standby
09-19 11:44:20.596  1114  1134 D audio_hw_hal: raw_close_output_stream, dev=0xc6f0a0c0, stream =0xc6f05140
09-19 11:44:20.596  1114  1134 D audio_hw_hal: raw_close_output_stream, stream=0xc6f05140,  success!
09-19 11:44:21.088  3504  3661 D EGL_adreno: eglMakeCurrent: 0xa6df0f40: ver 3 1 (tinfo 0x9c622e50)
09-19 11:44:21.089  3504  3661 D EGL_adreno: eglMakeCurrent: 0xa6df0f40: ver 3 1 (tinfo 0x9c622e50)
09-19 11:44:21.090  3504  3661 D EGL_adreno: eglMakeCurrent: 0xa6df0f40: ver 3 1 (tinfo 0x9c622e50)
09-19 11:44:21.103  3504  3661 D EGL_adreno: eglMakeCurrent: 0xa6df0f40: ver 3 1 (tinfo 0x9c622e50)
09-19 11:44:21.106  3504  3661 D EGL_adreno: eglMakeCurrent: 0xa6df0f40: ver 3 1 (tinfo 0x9c622e50)
09-19 11:44:21.121  3504  3661 D EGL_adreno: eglMakeCurrent: 0xa6df0f40: ver 3 1 (tinfo 0x9c622e50)
09-19 11:44:21.124  3504  3661 D EGL_adreno: eglMakeCurrent: 0xa6df0f40: ver 3 1 (tinfo 0x9c622e50)
09-19 11:44:21.137  3504  3661 D EGL_adreno: eglMakeCurrent: 0xa6df0f40: ver 3 1 (tinfo 0x9c622e50)
09-19 11:44:21.139  3504  3661 D EGL_adreno: eglMakeCurrent: 0xa6df0f40: ver 3 1 (tinfo 0x9c622e50)
09-19 11:44:21.157  3504  3661 D EGL_adreno: eglMakeCurrent: 0xa6df0f40: ver 3 1 (tinfo 0x9c622e50)
09-19 11:44:21.160  3504  3661 D EGL_adreno: eglMakeCurrent: 0xa6df0f40: ver 3 1 (tinfo 0x9c622e50)
09-19 11:44:21.169  3504  3661 D EGL_adreno: eglMakeCurrent: 0xa6df0f40: ver 3 1 (tinfo 0x9c622e50)
09-19 11:44:21.172  3504  3661 D EGL_adreno: eglMakeCurrent: 0xa6df0f40: ver 3 1 (tinfo 0x9c622e50)
09-19 11:44:21.174  3504  3661 D EGL_adreno: eglMakeCurrent: 0xa6df0f40: ver 3 1 (tinfo 0x9c622e50)
09-19 11:44:21.175  3504  3661 D EGL_adreno: eglMakeCurrent: 0xa6df0f40: ver 3 1 (tinfo 0x9c622e50)
09-19 11:44:21.185  3504  3661 D EGL_adreno: eglMakeCurrent: 0xa6df0f40: ver 3 1 (tinfo 0x9c622e50)
09-19 11:44:21.188  3504  3661 D EGL_adreno: eglMakeCurrent: 0xa6df0f40: ver 3 1 (tinfo 0x9c622e50)
09-19 11:44:21.190  3504  3661 D EGL_adreno: eglMakeCurrent: 0xa6df0f40: ver 3 1 (tinfo 0x9c622e50)
09-19 11:44:21.190  3504  3661 D EGL_adreno: eglMakeCurrent: 0xa6df0f40: ver 3 1 (tinfo 0x9c622e50)
09-19 11:44:21.212  3504  3661 D EGL_adreno: eglMakeCurrent: 0xa6df0f40: ver 3 1 (tinfo 0x9c622e50)
09-19 11:44:21.215  3504  3661 D EGL_adreno: eglMakeCurrent: 0xa6df0f40: ver 3 1 (tinfo 0x9c622e50)
09-19 11:44:21.219  3504  3661 D EGL_adreno: eglMakeCurrent: 0xa6df0f40: ver 3 1 (tinfo 0x9c622e50)
09-19 11:44:21.221  3504  3661 D EGL_adreno: eglMakeCurrent: 0xa6df0f40: ver 3 1 (tinfo 0x9c622e50)
09-19 11:44:21.236  3504  3661 D EGL_adreno: eglMakeCurrent: 0xa6df0f40: ver 3 1 (tinfo 0x9c622e50)
09-19 11:44:21.238  3504  3661 D EGL_adreno: eglMakeCurrent: 0xa6df0f40: ver 3 1 (tinfo 0x9c622e50)
09-19 11:44:21.240  3504  3661 D EGL_adreno: eglMakeCurrent: 0xa6df0f40: ver 3 1 (tinfo 0x9c622e50)
09-19 11:44:21.240  3504  3661 D EGL_adreno: eglMakeCurrent: 0xa6df0f40: ver 3 1 (tinfo 0x9c622e50)
09-19 11:44:21.252  3504  3661 D EGL_adreno: eglMakeCurrent: 0xa6df0f40: ver 3 1 (tinfo 0x9c622e50)
09-19 11:44:21.256  3504  3661 D EGL_adreno: eglMakeCurrent: 0xa6df0f40: ver 3 1 (tinfo 0x9c622e50)
09-19 11:44:21.272  3504  3661 D EGL_adreno: eglMakeCurrent: 0xa6df0f40: ver 3 1 (tinfo 0x9c622e50)
09-19 11:44:21.275  3504  3661 D EGL_adreno: eglMakeCurrent: 0xa6df0f40: ver 3 1 (tinfo 0x9c622e50)
09-19 11:44:21.285  3504  3661 D EGL_adreno: eglMakeCurrent: 0xa6df0f40: ver 3 1 (tinfo 0x9c622e50)
09-19 11:44:21.288  3504  3661 D EGL_adreno: eglMakeCurrent: 0xa6df0f40: ver 3 1 (tinfo 0x9c622e50)
09-19 11:44:21.289  3504  3661 D EGL_adreno: eglMakeCurrent: 0xa6df0f40: ver 3 1 (tinfo 0x9c622e50)
09-19 11:44:21.589  3504  3661 D EGL_adreno: eglMakeCurrent: 0xa6df0f40: ver 3 1 (tinfo 0x9c622e50)
09-19 11:44:21.604  3504  3661 D EGL_adreno: eglMakeCurrent: 0xa6df0f40: ver 3 1 (tinfo 0x9c622e50)
09-19 11:44:21.607  3504  3661 D EGL_adreno: eglMakeCurrent: 0xa6df0f40: ver 3 1 (tinfo 0x9c622e50)
09-19 11:44:21.619  3504  3661 D EGL_adreno: eglMakeCurrent: 0xa6df0f40: ver 3 1 (tinfo 0x9c622e50)
09-19 11:44:21.622  3504  3661 D EGL_adreno: eglMakeCurrent: 0xa6df0f40: ver 3 1 (tinfo 0x9c622e50)
09-19 11:44:21.624  3504  3661 D EGL_adreno: eglMakeCurrent: 0xa6df0f40: ver 3 1 (tinfo 0x9c622e50)
09-19 11:44:21.624  3504  3661 D EGL_adreno: eglMakeCurrent: 0xa6df0f40: ver 3 1 (tinfo 0x9c622e50)
09-19 11:44:21.636  3504  3661 D EGL_adreno: eglMakeCurrent: 0xa6df0f40: ver 3 1 (tinfo 0x9c622e50)
09-19 11:44:21.639  3504  3661 D EGL_adreno: eglMakeCurrent: 0xa6df0f40: ver 3 1 (tinfo 0x9c622e50)
09-19 11:44:21.653  3504  3661 D EGL_adreno: eglMakeCurrent: 0xa6df0f40: ver 3 1 (tinfo 0x9c622e50)
09-19 11:44:21.656  3504  3661 D EGL_adreno: eglMakeCurrent: 0xa6df0f40: ver 3 1 (tinfo 0x9c622e50)
09-19 11:44:21.670  3504  3661 D EGL_adreno: eglMakeCurrent: 0xa6df0f40: ver 3 1 (tinfo 0x9c622e50)
09-19 11:44:21.673  3504  3661 D EGL_adreno: eglMakeCurrent: 0xa6df0f40: ver 3 1 (tinfo 0x9c622e50)
09-19 11:44:21.695  3504  3661 D EGL_adreno: eglMakeCurrent: 0xa6df0f40: ver 3 1 (tinfo 0x9c622e50)
09-19 11:44:21.698  3504  3661 D EGL_adreno: eglMakeCurrent: 0xa6df0f40: ver 3 1 (tinfo 0x9c622e50)
09-19 11:44:21.701  3504  3661 D EGL_adreno: eglMakeCurrent: 0xa6df0f40: ver 3 1 (tinfo 0x9c622e50)
09-19 11:44:21.704  3504  3661 D EGL_adreno: eglMakeCurrent: 0xa6df0f40: ver 3 1 (tinfo 0x9c622e50)
09-19 11:44:21.706  3504  3661 D EGL_adreno: eglMakeCurrent: 0xa6df0f40: ver 3 1 (tinfo 0x9c622e50)
09-19 11:44:21.706  3504  3661 D EGL_adreno: eglMakeCurrent: 0xa6df0f40: ver 3 1 (tinfo 0x9c622e50)
09-19 11:44:21.718  3504  3661 D EGL_adreno: eglMakeCurrent: 0xa6df0f40: ver 3 1 (tinfo 0x9c622e50)
09-19 11:44:21.721  3504  3661 D EGL_adreno: eglMakeCurrent: 0xa6df0f40: ver 3 1 (tinfo 0x9c622e50)
09-19 11:44:21.723  3504  3661 D EGL_adreno: eglMakeCurrent: 0xa6df0f40: ver 3 1 (tinfo 0x9c622e50)
09-19 11:44:21.724  3504  3661 D EGL_adreno: eglMakeCurrent: 0xa6df0f40: ver 3 1 (tinfo 0x9c622e50)
09-19 11:44:21.736  3504  3661 D EGL_adreno: eglMakeCurrent: 0xa6df0f40: ver 3 1 (tinfo 0x9c622e50)
09-19 11:44:21.739  3504  3661 D EGL_adreno: eglMakeCurrent: 0xa6df0f40: ver 3 1 (tinfo 0x9c622e50)
09-19 11:44:21.754  3504  3661 D EGL_adreno: eglMakeCurrent: 0xa6df0f40: ver 3 1 (tinfo 0x9c622e50)
09-19 11:44:21.757  3504  3661 D EGL_adreno: eglMakeCurrent: 0xa6df0f40: ver 3 1 (tinfo 0x9c622e50)
09-19 11:44:21.769  3504  3661 D EGL_adreno: eglMakeCurrent: 0xa6df0f40: ver 3 1 (tinfo 0x9c622e50)
09-19 11:44:21.772  3504  3661 D EGL_adreno: eglMakeCurrent: 0xa6df0f40: ver 3 1 (tinfo 0x9c622e50)
09-19 11:44:21.791  3504  3661 D EGL_adreno: eglMakeCurrent: 0xa6df0f40: ver 3 1 (tinfo 0x9c622e50)
09-19 11:44:21.794  3504  3661 D EGL_adreno: eglMakeCurrent: 0xa6df0f40: ver 3 1 (tinfo 0x9c622e50)
09-19 11:44:21.803  3504  3661 D EGL_adreno: eglMakeCurrent: 0xa6df0f40: ver 3 1 (tinfo 0x9c622e50)
09-19 11:44:22.088  3504  3661 D EGL_adreno: eglMakeCurrent: 0xa6df0f40: ver 3 1 (tinfo 0x9c622e50)
09-19 11:44:22.089  3504  3661 D EGL_adreno: eglMakeCurrent: 0xa6df0f40: ver 3 1 (tinfo 0x9c622e50)
09-19 11:44:22.554  3504  3590 I art     : Starting a blocking GC Explicit
09-19 11:44:22.575  3504  3590 I art     : Explicit concurrent mark sweep GC freed 9071(317KB) AllocSpace objects, 2(40KB) LOS objects, 21% free, 57MB/73MB, paused 280us total 21.001ms
09-19 11:44:23.604  3504  3661 D EGL_adreno: eglMakeCurrent: 0xa6df0f40: ver 3 1 (tinfo 0x9c622e50)
09-19 11:44:23.605  3504  3661 D EGL_adreno: eglMakeCurrent: 0xa6df0f40: ver 3 1 (tinfo 0x9c622e50)
09-19 11:44:23.606  3504  3661 D EGL_adreno: eglMakeCurrent: 0xa6df0f40: ver 3 1 (tinfo 0x9c622e50)
09-19 11:44:23.619  3504  3661 D EGL_adreno: eglMakeCurrent: 0xa6df0f40: ver 3 1 (tinfo 0x9c622e50)
09-19 11:44:23.622  3504  3661 D EGL_adreno: eglMakeCurrent: 0xa6df0f40: ver 3 1 (tinfo 0x9c622e50)
09-19 11:44:23.636  3504  3661 D EGL_adreno: eglMakeCurrent: 0xa6df0f40: ver 3 1 (tinfo 0x9c622e50)
09-19 11:44:23.640  3504  3661 D EGL_adreno: eglMakeCurrent: 0xa6df0f40: ver 3 1 (tinfo 0x9c622e50)
09-19 11:44:23.652  3504  3661 D EGL_adreno: eglMakeCurrent: 0xa6df0f40: ver 3 1 (tinfo 0x9c622e50)
09-19 11:44:23.655  3504  3661 D EGL_adreno: eglMakeCurrent: 0xa6df0f40: ver 3 1 (tinfo 0x9c622e50)
09-19 11:44:23.669  3504  3661 D EGL_adreno: eglMakeCurrent: 0xa6df0f40: ver 3 1 (tinfo 0x9c622e50)
09-19 11:44:23.672  3504  3661 D EGL_adreno: eglMakeCurrent: 0xa6df0f40: ver 3 1 (tinfo 0x9c622e50)
09-19 11:44:23.674  3504  3661 D EGL_adreno: eglMakeCurrent: 0xa6df0f40: ver 3 1 (tinfo 0x9c622e50)
09-19 11:44:23.674  3504  3661 D EGL_adreno: eglMakeCurrent: 0xa6df0f40: ver 3 1 (tinfo 0x9c622e50)
09-19 11:44:23.692  3504  3661 D EGL_adreno: eglMakeCurrent: 0xa6df0f40: ver 3 1 (tinfo 0x9c622e50)
09-19 11:44:23.695  3504  3661 D EGL_adreno: eglMakeCurrent: 0xa6df0f40: ver 3 1 (tinfo 0x9c622e50)
09-19 11:44:23.707  3504  3661 D EGL_adreno: eglMakeCurrent: 0xa6df0f40: ver 3 1 (tinfo 0x9c622e50)
09-19 11:44:23.710  3504  3661 D EGL_adreno: eglMakeCurrent: 0xa6df0f40: ver 3 1 (tinfo 0x9c622e50)
09-19 11:44:23.722  3504  3661 D EGL_adreno: eglMakeCurrent: 0xa6df0f40: ver 3 1 (tinfo 0x9c622e50)
09-19 11:44:23.725  3504  3661 D EGL_adreno: eglMakeCurrent: 0xa6df0f40: ver 3 1 (tinfo 0x9c622e50)
09-19 11:44:23.735  3504  3661 D EGL_adreno: eglMakeCurrent: 0xa6df0f40: ver 3 1 (tinfo 0x9c622e50)
09-19 11:44:23.738  3504  3661 D EGL_adreno: eglMakeCurrent: 0xa6df0f40: ver 3 1 (tinfo 0x9c622e50)
09-19 11:44:23.739  3504  3661 D EGL_adreno: eglMakeCurrent: 0xa6df0f40: ver 3 1 (tinfo 0x9c622e50)
09-19 11:44:23.740  3504  3661 D EGL_adreno: eglMakeCurrent: 0xa6df0f40: ver 3 1 (tinfo 0x9c622e50)
09-19 11:44:23.751  3504  3661 D EGL_adreno: eglMakeCurrent: 0xa6df0f40: ver 3 1 (tinfo 0x9c622e50)
09-19 11:44:23.755  3504  3661 D EGL_adreno: eglMakeCurrent: 0xa6df0f40: ver 3 1 (tinfo 0x9c622e50)
09-19 11:44:23.757  3504  3661 D EGL_adreno: eglMakeCurrent: 0xa6df0f40: ver 3 1 (tinfo 0x9c622e50)
09-19 11:44:23.757  3504  3661 D EGL_adreno: eglMakeCurrent: 0xa6df0f40: ver 3 1 (tinfo 0x9c622e50)
09-19 11:44:23.769  3504  3661 D EGL_adreno: eglMakeCurrent: 0xa6df0f40: ver 3 1 (tinfo 0x9c622e50)
09-19 11:44:23.772  3504  3661 D EGL_adreno: eglMakeCurrent: 0xa6df0f40: ver 3 1 (tinfo 0x9c622e50)
09-19 11:44:23.785  3504  3661 D EGL_adreno: eglMakeCurrent: 0xa6df0f40: ver 3 1 (tinfo 0x9c622e50)
09-19 11:44:23.788  3504  3661 D EGL_adreno: eglMakeCurrent: 0xa6df0f40: ver 3 1 (tinfo 0x9c622e50)
09-19 11:44:23.790  3504  3661 D EGL_adreno: eglMakeCurrent: 0xa6df0f40: ver 3 1 (tinfo 0x9c622e50)
09-19 11:44:23.791  3504  3661 D EGL_adreno: eglMakeCurrent: 0xa6df0f40: ver 3 1 (tinfo 0x9c622e50)
09-19 11:44:23.802  3504  3661 D EGL_adreno: eglMakeCurrent: 0xa6df0f40: ver 3 1 (tinfo 0x9c622e50)
09-19 11:44:23.805  3504  3661 D EGL_adreno: eglMakeCurrent: 0xa6df0f40: ver 3 1 (tinfo 0x9c622e50)
09-19 11:44:23.806  3504  3661 D EGL_adreno: eglMakeCurrent: 0xa6df0f40: ver 3 1 (tinfo 0x9c622e50)
09-19 11:44:23.923  3504  3661 D EGL_adreno: eglMakeCurrent: 0xa6df0f40: ver 3 1 (tinfo 0x9c622e50)
09-19 11:44:23.935  3504  3661 D EGL_adreno: eglMakeCurrent: 0xa6df0f40: ver 3 1 (tinfo 0x9c622e50)
09-19 11:44:23.938  3504  3661 D EGL_adreno: eglMakeCurrent: 0xa6df0f40: ver 3 1 (tinfo 0x9c622e50)
09-19 11:44:23.940  3504  3661 D EGL_adreno: eglMakeCurrent: 0xa6df0f40: ver 3 1 (tinfo 0x9c622e50)
09-19 11:44:23.955  3504  3661 D EGL_adreno: eglMakeCurrent: 0xa6df0f40: ver 3 1 (tinfo 0x9c622e50)
09-19 11:44:23.968  3504  3661 D EGL_adreno: eglMakeCurrent: 0xa6df0f40: ver 3 1 (tinfo 0x9c622e50)
09-19 11:44:23.971  3504  3661 D EGL_adreno: eglMakeCurrent: 0xa6df0f40: ver 3 1 (tinfo 0x9c622e50)
09-19 11:44:23.986  3504  3661 D EGL_adreno: eglMakeCurrent: 0xa6df0f40: ver 3 1 (tinfo 0x9c622e50)
09-19 11:44:23.989  3504  3661 D EGL_adreno: eglMakeCurrent: 0xa6df0f40: ver 3 1 (tinfo 0x9c622e50)
09-19 11:44:24.004  3504  3661 D EGL_adreno: eglMakeCurrent: 0xa6df0f40: ver 3 1 (tinfo 0x9c622e50)
09-19 11:44:24.007  3504  3661 D EGL_adreno: eglMakeCurrent: 0xa6df0f40: ver 3 1 (tinfo 0x9c622e50)
09-19 11:44:24.020  3504  3661 D EGL_adreno: eglMakeCurrent: 0xa6df0f40: ver 3 1 (tinfo 0x9c622e50)
09-19 11:44:24.023  3504  3661 D EGL_adreno: eglMakeCurrent: 0xa6df0f40: ver 3 1 (tinfo 0x9c622e50)
09-19 11:44:24.045  3504  3661 D EGL_adreno: eglMakeCurrent: 0xa6df0f40: ver 3 1 (tinfo 0x9c622e50)
09-19 11:44:24.048  3504  3661 D EGL_adreno: eglMakeCurrent: 0xa6df0f40: ver 3 1 (tinfo 0x9c622e50)
09-19 11:44:24.052  3504  3661 D EGL_adreno: eglMakeCurrent: 0xa6df0f40: ver 3 1 (tinfo 0x9c622e50)
09-19 11:44:24.055  3504  3661 D EGL_adreno: eglMakeCurrent: 0xa6df0f40: ver 3 1 (tinfo 0x9c622e50)
09-19 11:44:24.076  3504  3661 D EGL_adreno: eglMakeCurrent: 0xa6df0f40: ver 3 1 (tinfo 0x9c622e50)
09-19 11:44:24.079  3504  3661 D EGL_adreno: eglMakeCurrent: 0xa6df0f40: ver 3 1 (tinfo 0x9c622e50)
09-19 11:44:24.087  3504  3661 D EGL_adreno: eglMakeCurrent: 0xa6df0f40: ver 3 1 (tinfo 0x9c622e50)
09-19 11:44:24.090  3504  3661 D EGL_adreno: eglMakeCurrent: 0xa6df0f40: ver 3 1 (tinfo 0x9c622e50)
09-19 11:44:24.102  3504  3661 D EGL_adreno: eglMakeCurrent: 0xa6df0f40: ver 3 1 (tinfo 0x9c622e50)
09-19 11:44:24.105  3504  3661 D EGL_adreno: eglMakeCurrent: 0xa6df0f40: ver 3 1 (tinfo 0x9c622e50)
09-19 11:44:24.107  3504  3661 D EGL_adreno: eglMakeCurrent: 0xa6df0f40: ver 3 1 (tinfo 0x9c622e50)
09-19 11:44:24.121  3504  3661 D EGL_adreno: eglMakeCurrent: 0xa6df0f40: ver 3 1 (tinfo 0x9c622e50)
09-19 11:44:24.138  3504  3661 D EGL_adreno: eglMakeCurrent: 0xa6df0f40: ver 3 1 (tinfo 0x9c622e50)
09-19 11:44:24.140  3504  3661 D EGL_adreno: eglMakeCurrent: 0xa6df0f40: ver 3 1 (tinfo 0x9c622e50)
09-19 11:44:24.153  3504  3661 D EGL_adreno: eglMakeCurrent: 0xa6df0f40: ver 3 1 (tinfo 0x9c622e50)
09-19 11:44:24.157  3504  3661 D EGL_adreno: eglMakeCurrent: 0xa6df0f40: ver 3 1 (tinfo 0x9c622e50)
09-19 11:44:24.172  3504  3661 D EGL_adreno: eglMakeCurrent: 0xa6df0f40: ver 3 1 (tinfo 0x9c622e50)
09-19 11:44:24.175  3504  3661 D EGL_adreno: eglMakeCurrent: 0xa6df0f40: ver 3 1 (tinfo 0x9c622e50)
09-19 11:44:24.186  3504  3661 D EGL_adreno: eglMakeCurrent: 0xa6df0f40: ver 3 1 (tinfo 0x9c622e50)
09-19 11:44:24.189  3504  3661 D EGL_adreno: eglMakeCurrent: 0xa6df0f40: ver 3 1 (tinfo 0x9c622e50)
09-19 11:44:24.202  3504  3661 D EGL_adreno: eglMakeCurrent: 0xa6df0f40: ver 3 1 (tinfo 0x9c622e50)
09-19 11:44:24.205  3504  3661 D EGL_adreno: eglMakeCurrent: 0xa6df0f40: ver 3 1 (tinfo 0x9c622e50)
09-19 11:44:24.207  3504  3661 D EGL_adreno: eglMakeCurrent: 0xa6df0f40: ver 3 1 (tinfo 0x9c622e50)
09-19 11:44:24.222  3504  3661 D EGL_adreno: eglMakeCurrent: 0xa6df0f40: ver 3 1 (tinfo 0x9c622e50)
09-19 11:44:24.236  3504  3661 D EGL_adreno: eglMakeCurrent: 0xa6df0f40: ver 3 1 (tinfo 0x9c622e50)
09-19 11:44:25.103  3504  3661 D EGL_adreno: eglMakeCurrent: 0xa6df0f40: ver 3 1 (tinfo 0x9c622e50)
09-19 11:44:25.107  3504  3661 D EGL_adreno: eglMakeCurrent: 0xa6df0f40: ver 3 1 (tinfo 0x9c622e50)
09-19 11:44:25.122  3504  3661 D EGL_adreno: eglMakeCurrent: 0xa6df0f40: ver 3 1 (tinfo 0x9c622e50)
09-19 11:44:25.136  3504  3661 D EGL_adreno: eglMakeCurrent: 0xa6df0f40: ver 3 1 (tinfo 0x9c622e50)
09-19 11:44:25.139  3504  3661 D EGL_adreno: eglMakeCurrent: 0xa6df0f40: ver 3 1 (tinfo 0x9c622e50)
09-19 11:44:25.152  3504  3661 D EGL_adreno: eglMakeCurrent: 0xa6df0f40: ver 3 1 (tinfo 0x9c622e50)
09-19 11:44:25.155  3504  3661 D EGL_adreno: eglMakeCurrent: 0xa6df0f40: ver 3 1 (tinfo 0x9c622e50)
09-19 11:44:25.173  3504  3661 D EGL_adreno: eglMakeCurrent: 0xa6df0f40: ver 3 1 (tinfo 0x9c622e50)
09-19 11:44:25.176  3504  3661 D EGL_adreno: eglMakeCurrent: 0xa6df0f40: ver 3 1 (tinfo 0x9c622e50)
09-19 11:44:25.185  3504  3661 D EGL_adreno: eglMakeCurrent: 0xa6df0f40: ver 3 1 (tinfo 0x9c622e50)
09-19 11:44:25.188  3504  3661 D EGL_adreno: eglMakeCurrent: 0xa6df0f40: ver 3 1 (tinfo 0x9c622e50)
09-19 11:44:25.189  3504  3661 D EGL_adreno: eglMakeCurrent: 0xa6df0f40: ver 3 1 (tinfo 0x9c622e50)
09-19 11:44:25.190  3504  3661 D EGL_adreno: eglMakeCurrent: 0xa6df0f40: ver 3 1 (tinfo 0x9c622e50)
09-19 11:44:25.203  3504  3661 D EGL_adreno: eglMakeCurrent: 0xa6df0f40: ver 3 1 (tinfo 0x9c622e50)
09-19 11:44:25.206  3504  3661 D EGL_adreno: eglMakeCurrent: 0xa6df0f40: ver 3 1 (tinfo 0x9c622e50)
09-19 11:44:25.218  3504  3661 D EGL_adreno: eglMakeCurrent: 0xa6df0f40: ver 3 1 (tinfo 0x9c622e50)
09-19 11:44:25.221  3504  3661 D EGL_adreno: eglMakeCurrent: 0xa6df0f40: ver 3 1 (tinfo 0x9c622e50)
09-19 11:44:25.222  3504  3661 D EGL_adreno: eglMakeCurrent: 0xa6df0f40: ver 3 1 (tinfo 0x9c622e50)
09-19 11:44:25.223  3504  3661 D EGL_adreno: eglMakeCurrent: 0xa6df0f40: ver 3 1 (tinfo 0x9c622e50)
09-19 11:44:25.244  3504  3661 D EGL_adreno: eglMakeCurrent: 0xa6df0f40: ver 3 1 (tinfo 0x9c622e50)
09-19 11:44:25.247  3504  3661 D EGL_adreno: eglMakeCurrent: 0xa6df0f40: ver 3 1 (tinfo 0x9c622e50)
09-19 11:44:25.251  3504  3661 D EGL_adreno: eglMakeCurrent: 0xa6df0f40: ver 3 1 (tinfo 0x9c622e50)
09-19 11:44:25.255  3504  3661 D EGL_adreno: eglMakeCurrent: 0xa6df0f40: ver 3 1 (tinfo 0x9c622e50)
09-19 11:44:25.256  3504  3661 D EGL_adreno: eglMakeCurrent: 0xa6df0f40: ver 3 1 (tinfo 0x9c622e50)
09-19 11:44:25.257  3504  3661 D EGL_adreno: eglMakeCurrent: 0xa6df0f40: ver 3 1 (tinfo 0x9c622e50)
09-19 11:44:25.269  3504  3661 D EGL_adreno: eglMakeCurrent: 0xa6df0f40: ver 3 1 (tinfo 0x9c622e50)
09-19 11:44:25.273  3504  3661 D EGL_adreno: eglMakeCurrent: 0xa6df0f40: ver 3 1 (tinfo 0x9c622e50)
09-19 11:44:25.311  3504  3661 D EGL_adreno: eglMakeCurrent: 0xa6df0f40: ver 3 1 (tinfo 0x9c622e50)
09-19 11:44:25.314  3504  3661 D EGL_adreno: eglMakeCurrent: 0xa6df0f40: ver 3 1 (tinfo 0x9c622e50)
09-19 11:44:25.318  3504  3661 D EGL_adreno: eglMakeCurrent: 0xa6df0f40: ver 3 1 (tinfo 0x9c622e50)
09-19 11:44:25.321  3504  3661 D EGL_adreno: eglMakeCurrent: 0xa6df0f40: ver 3 1 (tinfo 0x9c622e50)
09-19 11:44:25.322  3504  3661 D EGL_adreno: eglMakeCurrent: 0xa6df0f40: ver 3 1 (tinfo 0x9c622e50)
09-19 11:44:25.623  3504  3661 D EGL_adreno: eglMakeCurrent: 0xa6df0f40: ver 3 1 (tinfo 0x9c622e50)
09-19 11:44:25.636  3504  3661 D EGL_adreno: eglMakeCurrent: 0xa6df0f40: ver 3 1 (tinfo 0x9c622e50)
09-19 11:44:25.639  3504  3661 D EGL_adreno: eglMakeCurrent: 0xa6df0f40: ver 3 1 (tinfo 0x9c622e50)
09-19 11:44:25.661  3504  3661 D EGL_adreno: eglMakeCurrent: 0xa6df0f40: ver 3 1 (tinfo 0x9c622e50)
09-19 11:44:25.663  3504  3661 D EGL_adreno: eglMakeCurrent: 0xa6df0f40: ver 3 1 (tinfo 0x9c622e50)
09-19 11:44:25.669  3504  3661 D EGL_adreno: eglMakeCurrent: 0xa6df0f40: ver 3 1 (tinfo 0x9c622e50)
09-19 11:44:25.671  3504  3661 D EGL_adreno: eglMakeCurrent: 0xa6df0f40: ver 3 1 (tinfo 0x9c622e50)
09-19 11:44:25.686  3504  3661 D EGL_adreno: eglMakeCurrent: 0xa6df0f40: ver 3 1 (tinfo 0x9c622e50)
09-19 11:44:25.689  3504  3661 D EGL_adreno: eglMakeCurrent: 0xa6df0f40: ver 3 1 (tinfo 0x9c622e50)
09-19 11:44:25.702  3504  3661 D EGL_adreno: eglMakeCurrent: 0xa6df0f40: ver 3 1 (tinfo 0x9c622e50)
09-19 11:44:25.705  3504  3661 D EGL_adreno: eglMakeCurrent: 0xa6df0f40: ver 3 1 (tinfo 0x9c622e50)
09-19 11:44:25.706  3504  3661 D EGL_adreno: eglMakeCurrent: 0xa6df0f40: ver 3 1 (tinfo 0x9c622e50)
09-19 11:44:25.707  3504  3661 D EGL_adreno: eglMakeCurrent: 0xa6df0f40: ver 3 1 (tinfo 0x9c622e50)
09-19 11:44:25.719  3504  3661 D EGL_adreno: eglMakeCurrent: 0xa6df0f40: ver 3 1 (tinfo 0x9c622e50)
09-19 11:44:25.722  3504  3661 D EGL_adreno: eglMakeCurrent: 0xa6df0f40: ver 3 1 (tinfo 0x9c622e50)
09-19 11:44:25.738  3504  3661 D EGL_adreno: eglMakeCurrent: 0xa6df0f40: ver 3 1 (tinfo 0x9c622e50)
09-19 11:44:25.741  3504  3661 D EGL_adreno: eglMakeCurrent: 0xa6df0f40: ver 3 1 (tinfo 0x9c622e50)
09-19 11:44:25.752  3504  3661 D EGL_adreno: eglMakeCurrent: 0xa6df0f40: ver 3 1 (tinfo 0x9c622e50)
09-19 11:44:25.755  3504  3661 D EGL_adreno: eglMakeCurrent: 0xa6df0f40: ver 3 1 (tinfo 0x9c622e50)
09-19 11:44:25.770  3504  3661 D EGL_adreno: eglMakeCurrent: 0xa6df0f40: ver 3 1 (tinfo 0x9c622e50)
09-19 11:44:25.773  3504  3661 D EGL_adreno: eglMakeCurrent: 0xa6df0f40: ver 3 1 (tinfo 0x9c622e50)
09-19 11:44:25.791  3504  3661 D EGL_adreno: eglMakeCurrent: 0xa6df0f40: ver 3 1 (tinfo 0x9c622e50)
09-19 11:44:25.795  3504  3661 D EGL_adreno: eglMakeCurrent: 0xa6df0f40: ver 3 1 (tinfo 0x9c622e50)
09-19 11:44:25.802  3504  3661 D EGL_adreno: eglMakeCurrent: 0xa6df0f40: ver 3 1 (tinfo 0x9c622e50)
09-19 11:44:25.806  3504  3661 D EGL_adreno: eglMakeCurrent: 0xa6df0f40: ver 3 1 (tinfo 0x9c622e50)
09-19 11:44:25.807  3504  3661 D EGL_adreno: eglMakeCurrent: 0xa6df0f40: ver 3 1 (tinfo 0x9c622e50)
09-19 11:44:25.808  3504  3661 D EGL_adreno: eglMakeCurrent: 0xa6df0f40: ver 3 1 (tinfo 0x9c622e50)
09-19 11:44:25.818  3504  3661 D EGL_adreno: eglMakeCurrent: 0xa6df0f40: ver 3 1 (tinfo 0x9c622e50)
09-19 11:44:25.821  3504  3661 D EGL_adreno: eglMakeCurrent: 0xa6df0f40: ver 3 1 (tinfo 0x9c622e50)
09-19 11:44:25.823  3504  3661 D EGL_adreno: eglMakeCurrent: 0xa6df0f40: ver 3 1 (tinfo 0x9c622e50)
09-19 11:44:25.938  3504  3661 D EGL_adreno: eglMakeCurrent: 0xa6df0f40: ver 3 1 (tinfo 0x9c622e50)
09-19 11:44:25.939  3504  3661 D EGL_adreno: eglMakeCurrent: 0xa6df0f40: ver 3 1 (tinfo 0x9c622e50)
09-19 11:44:25.954  3504  3661 D EGL_adreno: eglMakeCurrent: 0xa6df0f40: ver 3 1 (tinfo 0x9c622e50)
