09-19 16:17:22.784  1394  1629 I vol.Events: writeEvent active_stream_changed STREAM_MUSIC
09-19 16:17:22.785  1394  1629 I vol.Events: writeEvent key STREAM_MUSIC 0
09-19 16:17:22.800  1394  1394 I vol.Events: writeEvent show_dialog volume_changed keyguard=false
09-19 16:17:22.843  1394  1647 E EGL_adreno: tid 1647: eglSurfaceAttrib(1338): error 0x3009 (EGL_BAD_MATCH)
09-19 16:17:22.843  1394  1647 W OpenGLRenderer: Failed to set EGL_SWAP_BEHAVIOR on surface 0xa3e8e220, error=EGL_BAD_MATCH
09-19 16:17:22.845  1394  1647 D EGL_adreno: eglMakeCurrent: 0xa7012860: ver 3 1 (tinfo 0xa7014600)
09-19 16:17:23.628  1394  1394 I vol.Events: writeEvent dismiss_dialog touch_outside
09-19 16:17:23.633  1394  1629 I vol.Events: writeEvent active_stream_changed UNKNOWN_STREAM_-1
09-19 16:17:23.946  1394  1647 D EGL_adreno: eglMakeCurrent: 0xa7012860: ver 3 1 (tinfo 0xa7014600)
09-19 16:17:24.965  1394  1394 D PhoneStatusBar: disable: < expand ICONS* alerts SYSTEM_INFO* back home recent clock search quick_settings >
09-19 16:17:25.030  1394  1647 E EGL_adreno: tid 1647: eglSurfaceAttrib(1338): error 0x3009 (EGL_BAD_MATCH)
09-19 16:17:25.031  1394  1647 W OpenGLRenderer: Failed to set EGL_SWAP_BEHAVIOR on surface 0xa701c360, error=EGL_BAD_MATCH
09-19 16:17:25.035  1394  1647 D EGL_adreno: eglMakeCurrent: 0xa7012860: ver 3 1 (tinfo 0xa7014600)
09-19 16:17:25.079  1302  5332 W VibratorService: Tried to stop vibrating but there is no vibrator device.
09-19 16:17:25.776  6989 13889 I chatty  : uid=10038(com.litatom.app) Binder:6989_6 expire 2 lines
09-19 16:17:26.957  1302  1313 I chatty  : uid=1000(system) Binder:1302_1 expire 1 line
09-19 16:17:26.958  1394  1394 D PhoneStatusBar: disable: < expand icons* alerts system_info* back home recent clock search quick_settings >
09-19 16:17:26.988  1394  1647 D EGL_adreno: eglMakeCurrent: 0xa7012860: ver 3 1 (tinfo 0xa7014600)
09-19 16:17:27.026  1394  1647 E EGL_adreno: tid 1647: eglSurfaceAttrib(1338): error 0x3009 (EGL_BAD_MATCH)
09-19 16:17:27.026  1394  1647 W OpenGLRenderer: Failed to set EGL_SWAP_BEHAVIOR on surface 0xa3e8e220, error=EGL_BAD_MATCH
09-19 16:17:27.028  1394  1647 D EGL_adreno: eglMakeCurrent: 0xa7012860: ver 3 1 (tinfo 0xa7014600)
09-19 16:17:28.277  1302  3018 D NotificationService: notify pkg=android pid=1302
09-19 16:17:28.278  1302  3015 D NotificationService: notify pkg=android pid=1302
09-19 16:17:28.329  2010  3719 E EGL_adreno: tid 3719: eglSurfaceAttrib(1338): error 0x3009 (EGL_BAD_MATCH)
09-19 16:17:28.329  2010  3719 W OpenGLRenderer: Failed to set EGL_SWAP_BEHAVIOR on surface 0xb8f746e0, error=EGL_BAD_MATCH
09-19 16:17:29.542  6989  6989 W ViewRootImpl[PartyChatActivity]: Dropping event due to root view being removed: MotionEvent { action=ACTION_MOVE, actionButton=0, id[0]=0, x[0]=1.0, y[0]=-4.0, toolType[0]=TOOL_TYPE_UNKNOWN, buttonState=0, metaState=0, flags=0x0, edgeFlags=0x0, pointerCount=1, historySize=9, eventTime=17496176, downTime=-1, deviceId=0, source=0x10004 }
09-19 16:17:29.544  1698  1698 I chatty  : uid=1000(system) com.android.coreservice expire 22 lines
09-19 16:17:29.545  1302  3015 D NotificationService: notify pkg=android pid=1302
09-19 16:17:29.546  1302  1313 D NotificationService: notify pkg=android pid=1302
09-19 16:17:29.588  1302  1347 I chatty  : uid=1000(system) InputDispatcher expire 1 line
09-19 16:17:29.775  1302  1357 D WifiStateMachine: setScanResults mScanResults.size=1
09-19 16:17:29.873  6989  8831 I chatty  : uid=10038(com.litatom.app) Binder:6989_4 expire 2 lines
09-19 16:17:29.974  6989  7121 I chatty  : uid=10038(com.litatom.app) RenderThread expire 214 lines
09-19 16:17:30.772  6989  7249 I chatty  : uid=10038(com.litatom.app) AgoraLogging expire 3 lines
09-19 16:17:31.372  6989  7161 I chatty  : uid=10038(com.litatom.app) CatThread expire 40 lines
09-19 16:17:32.202  1302  1644 I chatty  : uid=1000(system) Binder:1302_6 expire 3 lines
09-19 16:17:32.203  1394  1394 D PhoneStatusBar: disable: < expand ICONS* alerts SYSTEM_INFO* back home recent clock search quick_settings >
09-19 16:17:32.240  1394  1647 D EGL_adreno: eglMakeCurrent: 0xa7012860: ver 3 1 (tinfo 0xa7014600)
09-19 16:17:32.260  1394  1394 W View    : requestLayout() improperly called by android.widget.TextClock{586eb5e V.ED..... ......ID 0,0-167,57 #7f12023f app:id/time_view} during layout: running second layout pass
09-19 16:17:32.260  1394  1394 W View    : requestLayout() improperly called by android.widget.TextClock{edd0b3f V.ED..... ......ID 167,0-167,57 #7f120240 app:id/am_pm_view} during layout: running second layout pass
09-19 16:17:32.282  1394  1647 E EGL_adreno: tid 1647: eglSurfaceAttrib(1338): error 0x3009 (EGL_BAD_MATCH)
09-19 16:17:32.282  1394  1647 W OpenGLRenderer: Failed to set EGL_SWAP_BEHAVIOR on surface 0xa3e91d00, error=EGL_BAD_MATCH
09-19 16:17:32.286  1394  1647 D EGL_adreno: eglMakeCurrent: 0xa7012860: ver 3 1 (tinfo 0xa7014600)
09-19 16:17:32.293  1302  1617 I chatty  : uid=1000(system) Binder:1302_4 expire 2 lines
09-19 16:17:32.298  1394  1394 D PhoneStatusBar: disable: < expand icons* alerts system_info* back home recent clock search quick_settings >
09-19 16:17:32.301  1302  5331 I chatty  : uid=1000(system) Binder:1302_F expire 2 lines
09-19 16:17:32.302  1394  1394 D PhoneStatusBar: disable: < expand ICONS* alerts SYSTEM_INFO* back home recent clock search quick_settings >
09-19 16:17:32.347  1394  1394 D PhoneStatusBar: disable: < expand icons* alerts system_info* back home recent clock search quick_settings >
09-19 16:17:32.351  1302  5333 W VibratorService: Tried to stop vibrating but there is no vibrator device.
09-19 16:17:32.353  1302  3017 I chatty  : uid=1000(system) Binder:1302_9 expire 1 line
09-19 16:17:32.353  1394  1394 D PhoneStatusBar: disable: < expand ICONS* alerts SYSTEM_INFO* back home recent clock search quick_settings >
09-19 16:17:32.382  1394  1394 W ViewRootImpl[StatusBar]: Cancelling event due to no window focus: KeyEvent { action=ACTION_UP, keyCode=KEYCODE_F5, scanCode=0, metaState=0, flags=0x28, repeatCount=0, eventTime=17499092, downTime=17499092, deviceId=-1, source=0x101 }
09-19 16:17:32.382  1394  1394 W ViewRootImpl[StatusBar]: Cancelling event due to no window focus: KeyEvent { action=ACTION_UP, keyCode=KEYCODE_F5, scanCode=0, metaState=0, flags=0x28, repeatCount=0, eventTime=17499092, downTime=17499092, deviceId=-1, source=0x101 }
09-19 16:17:32.382  1394  1394 W ViewRootImpl[StatusBar]: Cancelling event due to no window focus: KeyEvent { action=ACTION_UP, keyCode=KEYCODE_F5, scanCode=0, metaState=0, flags=0x28, repeatCount=0, eventTime=17499092, downTime=17499092, deviceId=-1, source=0x101 }
09-19 16:17:32.382  1394  1394 W ViewRootImpl[StatusBar]: Cancelling event due to no window focus: KeyEvent { action=ACTION_UP, keyCode=KEYCODE_F5, scanCode=0, metaState=0, flags=0x28, repeatCount=0, eventTime=17499092, downTime=17499092, deviceId=-1, source=0x101 }
09-19 16:17:32.382  1394  1394 W ViewRootImpl[StatusBar]: Cancelling event due to no window focus: KeyEvent { action=ACTION_UP, keyCode=KEYCODE_F5, scanCode=0, metaState=0, flags=0x28, repeatCount=0, eventTime=17499092, downTime=17499092, deviceId=-1, source=0x101 }
09-19 16:17:32.382  1394  1394 W ViewRootImpl[StatusBar]: Cancelling event due to no window focus: KeyEvent { action=ACTION_UP, keyCode=KEYCODE_F5, scanCode=0, metaState=0, flags=0x28, repeatCount=0, eventTime=17499092, downTime=17499092, deviceId=-1, source=0x101 }
09-19 16:17:32.382  1394  1394 W ViewRootImpl[StatusBar]: Cancelling event due to no window focus: KeyEvent { action=ACTION_UP, keyCode=KEYCODE_F5, scanCode=0, metaState=0, flags=0x28, repeatCount=0, eventTime=17499092, downTime=17499092, deviceId=-1, source=0x101 }
09-19 16:17:32.382  1394  1394 W ViewRootImpl[StatusBar]: Cancelling event due to no window focus: KeyEvent { action=ACTION_UP, keyCode=KEYCODE_F5, scanCode=0, metaState=0, flags=0x28, repeatCount=0, eventTime=17499092, downTime=17499092, deviceId=-1, source=0x101 }
09-19 16:17:32.382  1394  1394 W ViewRootImpl[StatusBar]: Cancelling event due to no window focus: KeyEvent { action=ACTION_UP, keyCode=KEYCODE_F5, scanCode=0, metaState=0, flags=0x28, repeatCount=0, eventTime=17499092, downTime=17499092, deviceId=-1, source=0x101 }
09-19 16:17:32.472  6989  6989 I chatty  : uid=10038(com.litatom.app) expire 36 lines
09-19 16:17:32.647  1302  1317 D sensor_hal: cb_setDelay handle=0 delay-ns=200000000
09-19 16:17:33.919  6989  7002 I chatty  : uid=10038(com.litatom.app) Binder:6989_2 expire 2 lines
09-19 16:17:34.485  1302  1302 I chatty  : uid=1000 system_server expire 2 lines
09-19 16:17:34.764  1394  1394 D PhoneStatusBar: disable: < expand icons* alerts system_info* back home recent clock search quick_settings >
09-19 16:17:34.771  1302  3015 I chatty  : uid=1000(system) Binder:1302_7 expire 1 line
09-19 16:17:34.821  1394  1647 D EGL_adreno: eglMakeCurrent: 0xa7012860: ver 3 1 (tinfo 0xa7014600)
09-19 16:17:34.862  1394  1647 E EGL_adreno: tid 1647: eglSurfaceAttrib(1338): error 0x3009 (EGL_BAD_MATCH)
09-19 16:17:34.862  1394  1647 W OpenGLRenderer: Failed to set EGL_SWAP_BEHAVIOR on surface 0xa56ce760, error=EGL_BAD_MATCH
09-19 16:17:34.865  1394  1647 D EGL_adreno: eglMakeCurrent: 0xa7012860: ver 3 1 (tinfo 0xa7014600)
09-19 16:17:37.985  6989  8831 I chatty  : uid=10038(com.litatom.app) Binder:6989_4 expire 2 lines
09-19 16:17:39.014  1394  1394 D PhoneStatusBar: disable: < expand ICONS* alerts SYSTEM_INFO* back home recent clock search quick_settings >
09-19 16:17:39.039  1394  1647 D EGL_adreno: eglMakeCurrent: 0xa7012860: ver 3 1 (tinfo 0xa7014600)
09-19 16:17:39.082  1394  1647 E EGL_adreno: tid 1647: eglSurfaceAttrib(1338): error 0x3009 (EGL_BAD_MATCH)
09-19 16:17:39.082  1394  1647 W OpenGLRenderer: Failed to set EGL_SWAP_BEHAVIOR on surface 0xa3e93a00, error=EGL_BAD_MATCH
09-19 16:17:39.084  1394  1647 D EGL_adreno: eglMakeCurrent: 0xa7012860: ver 3 1 (tinfo 0xa7014600)
09-19 16:17:39.113  1302  3015 W VibratorService: Tried to stop vibrating but there is no vibrator device.
09-19 16:17:39.168  1394  1394 W ViewRootImpl[StatusBar]: Dropping event due to no window focus: MotionEvent { action=ACTION_MOVE, actionButton=0, id[0]=0, x[0]=-3.0, y[0]=-2.0, toolType[0]=TOOL_TYPE_UNKNOWN, buttonState=0, metaState=0, flags=0x0, edgeFlags=0x0, pointerCount=1, historySize=9, eventTime=17505893, downTime=-1, deviceId=0, source=0x10004 }
09-19 16:17:39.373  1302  1643 I chatty  : uid=1000(system) Binder:1302_5 expire 1 line
09-19 16:17:39.373  1394  1394 D PhoneStatusBar: disable: < expand icons* alerts system_info* back home recent clock search quick_settings >
09-19 16:17:39.407  1394  1647 D EGL_adreno: eglMakeCurrent: 0xa7012860: ver 3 1 (tinfo 0xa7014600)
09-19 16:17:39.441  1394  1647 E EGL_adreno: tid 1647: eglSurfaceAttrib(1338): error 0x3009 (EGL_BAD_MATCH)
09-19 16:17:39.441  1394  1647 W OpenGLRenderer: Failed to set EGL_SWAP_BEHAVIOR on surface 0xa3e928a0, error=EGL_BAD_MATCH
09-19 16:17:39.443  1394  1647 D EGL_adreno: eglMakeCurrent: 0xa7012860: ver 3 1 (tinfo 0xa7014600)
09-19 16:17:41.006  6989  6989 W ViewRootImpl[PartyChatActivity]: Dropping event due to root view being removed: KeyEvent { action=ACTION_DOWN, keyCode=KEYCODE_DPAD_DOWN, scanCode=0, metaState=0, flags=0x400, repeatCount=0, eventTime=17507702, downTime=17507702, deviceId=-1, source=0x101 }
09-19 16:17:41.007  6989  6989 W ViewRootImpl[PartyChatActivity]: Dropping event due to root view being removed: KeyEvent { action=ACTION_UP, keyCode=KEYCODE_DPAD_DOWN, scanCode=0, metaState=0, flags=0x400, repeatCount=0, eventTime=17507702, downTime=17507702, deviceId=-1, source=0x101 }
09-19 16:17:41.007  6989  6989 W ViewRootImpl[PartyChatActivity]: Dropping event due to root view being removed: KeyEvent { action=ACTION_DOWN, keyCode=KEYCODE_DPAD_DOWN, scanCode=0, metaState=0, flags=0x400, repeatCount=0, eventTime=17507702, downTime=17507702, deviceId=-1, source=0x101 }
09-19 16:17:41.007  6989  6989 W ViewRootImpl[PartyChatActivity]: Dropping event due to root view being removed: KeyEvent { action=ACTION_UP, keyCode=KEYCODE_DPAD_DOWN, scanCode=0, metaState=0, flags=0x400, repeatCount=0, eventTime=17507702, downTime=17507702, deviceId=-1, source=0x101 }
09-19 16:17:41.049  6989  6989 W ViewRootImpl[PartyChatActivity]: Dropping event due to no window focus: KeyEvent { action=ACTION_DOWN, keyCode=KEYCODE_MENU, scanCode=0, metaState=0, flags=0x8, repeatCount=0, eventTime=17507765, downTime=17507765, deviceId=-1, source=0x101 }
09-19 16:17:41.054  1698  1698 I chatty  : uid=1000(system) com.android.coreservice expire 54 lines
09-19 16:17:41.118  6989  6989 W ViewRootImpl[PartyChatActivity]: Cancelling event due to no window focus: KeyEvent { action=ACTION_UP, keyCode=KEYCODE_MENU, scanCode=0, metaState=0, flags=0x28, repeatCount=0, eventTime=17507785, downTime=17507785, deviceId=-1, source=0x101 }
09-19 16:17:41.118  6989  6989 W ViewRootImpl[PartyChatActivity]: Cancelling event due to no window focus: KeyEvent { action=ACTION_UP, keyCode=KEYCODE_MENU, scanCode=0, metaState=0, flags=0x28, repeatCount=0, eventTime=17507785, downTime=17507785, deviceId=-1, source=0x101 }
09-19 16:17:41.118  6989  6989 W ViewRootImpl[PartyChatActivity]: Cancelling event due to no window focus: KeyEvent { action=ACTION_UP, keyCode=KEYCODE_MENU, scanCode=0, metaState=0, flags=0x28, repeatCount=0, eventTime=17507785, downTime=17507785, deviceId=-1, source=0x101 }
09-19 16:17:41.118  6989  6989 W ViewRootImpl[PartyChatActivity]: Cancelling event due to no window focus: KeyEvent { action=ACTION_UP, keyCode=KEYCODE_MENU, scanCode=0, metaState=0, flags=0x28, repeatCount=0, eventTime=17507785, downTime=17507785, deviceId=-1, source=0x101 }
09-19 16:17:41.118  6989  6989 W ViewRootImpl[PartyChatActivity]: Cancelling event due to no window focus: KeyEvent { action=ACTION_UP, keyCode=KEYCODE_MENU, scanCode=0, metaState=0, flags=0x28, repeatCount=0, eventTime=17507785, downTime=17507785, deviceId=-1, source=0x101 }
09-19 16:17:41.118  6989  6989 W ViewRootImpl[PartyChatActivity]: Cancelling event due to no window focus: KeyEvent { action=ACTION_UP, keyCode=KEYCODE_MENU, scanCode=0, metaState=0, flags=0x28, repeatCount=0, eventTime=17507785, downTime=17507785, deviceId=-1, source=0x101 }
09-19 16:17:41.306  6989  6989 W ViewRootImpl[PartyChatActivity]: Dropping event due to root view being removed: KeyEvent { action=ACTION_DOWN, keyCode=KEYCODE_DPAD_LEFT, scanCode=0, metaState=0, flags=0x400, repeatCount=0, eventTime=17507977, downTime=17507977, deviceId=-1, source=0x101 }
09-19 16:17:41.306  6989  6989 W ViewRootImpl[PartyChatActivity]: Dropping event due to root view being removed: KeyEvent { action=ACTION_UP, keyCode=KEYCODE_DPAD_LEFT, scanCode=0, metaState=0, flags=0x400, repeatCount=0, eventTime=17507977, downTime=17507977, deviceId=-1, source=0x101 }
09-19 16:17:41.306  6989  6989 W ViewRootImpl[PartyChatActivity]: Dropping event due to root view being removed: KeyEvent { action=ACTION_DOWN, keyCode=KEYCODE_DPAD_LEFT, scanCode=0, metaState=0, flags=0x400, repeatCount=0, eventTime=17507977, downTime=17507977, deviceId=-1, source=0x101 }
09-19 16:17:41.306  6989  6989 W ViewRootImpl[PartyChatActivity]: Dropping event due to root view being removed: KeyEvent { action=ACTION_UP, keyCode=KEYCODE_DPAD_LEFT, scanCode=0, metaState=0, flags=0x400, repeatCount=0, eventTime=17507977, downTime=17507977, deviceId=-1, source=0x101 }
09-19 16:17:41.306  6989  6989 W ViewRootImpl[PartyChatActivity]: Dropping event due to root view being removed: KeyEvent { action=ACTION_DOWN, keyCode=KEYCODE_DPAD_LEFT, scanCode=0, metaState=0, flags=0x400, repeatCount=0, eventTime=17507977, downTime=17507977, deviceId=-1, source=0x101 }
09-19 16:17:41.306  6989  6989 W ViewRootImpl[PartyChatActivity]: Dropping event due to root view being removed: KeyEvent { action=ACTION_UP, keyCode=KEYCODE_DPAD_LEFT, scanCode=0, metaState=0, flags=0x400, repeatCount=0, eventTime=17507977, downTime=17507977, deviceId=-1, source=0x101 }
09-19 16:17:42.221  1302  5332 I chatty  : uid=1000(system) Binder:1302_10 expire 1 line
09-19 16:17:42.441  6989  7121 I chatty  : uid=10038(com.litatom.app) RenderThread expire 218 lines
09-19 16:17:42.628  6989  6989 I chatty  : uid=10038(com.litatom.app) expire 36 lines
09-19 16:17:42.996  1302  5331 I chatty  : uid=1000(system) Binder:1302_F expire 1 line
09-19 16:17:42.997  1394  1394 D PhoneStatusBar: disable: < expand ICONS* alerts SYSTEM_INFO* back home recent clock search quick_settings >
09-19 16:17:43.022  1394  1647 D EGL_adreno: eglMakeCurrent: 0xa7012860: ver 3 1 (tinfo 0xa7014600)
09-19 16:17:43.063  1394  1647 E EGL_adreno: tid 1647: eglSurfaceAttrib(1338): error 0x3009 (EGL_BAD_MATCH)
09-19 16:17:43.064  1394  1647 W OpenGLRenderer: Failed to set EGL_SWAP_BEHAVIOR on surface 0xc7c20fe0, error=EGL_BAD_MATCH
09-19 16:17:43.065  1394  1647 D EGL_adreno: eglMakeCurrent: 0xa7012860: ver 3 1 (tinfo 0xa7014600)
09-19 16:17:43.069  1302  1644 I chatty  : uid=1000(system) Binder:1302_6 expire 1 line
09-19 16:17:43.069  1394  1394 D PhoneStatusBar: disable: < expand icons* alerts system_info* back home recent clock search quick_settings >
09-19 16:17:43.113  1394  1647 D EGL_adreno: eglMakeCurrent: 0xa7012860: ver 3 1 (tinfo 0xa7014600)
09-19 16:17:43.148  1394  1647 E EGL_adreno: tid 1647: eglSurfaceAttrib(1338): error 0x3009 (EGL_BAD_MATCH)
09-19 16:17:43.148  1394  1647 W OpenGLRenderer: Failed to set EGL_SWAP_BEHAVIOR on surface 0xa45b09c0, error=EGL_BAD_MATCH
09-19 16:17:43.149  1394  1647 D EGL_adreno: eglMakeCurrent: 0xa7012860: ver 3 1 (tinfo 0xa7014600)
09-19 16:17:43.489  1302  5329 I chatty  : uid=1000(system) Binder:1302_D expire 1 line
09-19 16:17:44.523  6989  6989 W ViewRootImpl[PartyChatActivity]: Dropping event due to no window focus: KeyEvent { action=ACTION_DOWN, keyCode=KEYCODE_DPAD_UP, scanCode=0, metaState=0, flags=0x8, repeatCount=0, eventTime=17511253, downTime=17511253, deviceId=-1, source=0x101 }
09-19 16:17:44.531  6989  6989 W ViewRootImpl[PartyChatActivity]: Cancelling event due to no window focus: KeyEvent { action=ACTION_UP, keyCode=KEYCODE_DPAD_UP, scanCode=0, metaState=0, flags=0x28, repeatCount=0, eventTime=17511254, downTime=17511254, deviceId=-1, source=0x101 }
09-19 16:17:44.531  6989  6989 W ViewRootImpl[PartyChatActivity]: Cancelling event due to no window focus: KeyEvent { action=ACTION_UP, keyCode=KEYCODE_DPAD_UP, scanCode=0, metaState=0, flags=0x28, repeatCount=0, eventTime=17511254, downTime=17511254, deviceId=-1, source=0x101 }
09-19 16:17:44.531  6989  6989 W ViewRootImpl[PartyChatActivity]: Cancelling event due to no window focus: KeyEvent { action=ACTION_UP, keyCode=KEYCODE_DPAD_UP, scanCode=0, metaState=0, flags=0x28, repeatCount=0, eventTime=17511254, downTime=17511254, deviceId=-1, source=0x101 }
09-19 16:17:44.531  6989  6989 W ViewRootImpl[PartyChatActivity]: Cancelling event due to no window focus: KeyEvent { action=ACTION_UP, keyCode=KEYCODE_DPAD_UP, scanCode=0, metaState=0, flags=0x28, repeatCount=0, eventTime=17511254, downTime=17511254, deviceId=-1, source=0x101 }
09-19 16:17:44.531  6989  6989 W ViewRootImpl[PartyChatActivity]: Cancelling event due to no window focus: KeyEvent { action=ACTION_UP, keyCode=KEYCODE_DPAD_UP, scanCode=0, metaState=0, flags=0x28, repeatCount=0, eventTime=17511254, downTime=17511254, deviceId=-1, source=0x101 }
09-19 16:17:44.531  6989  6989 W ViewRootImpl[PartyChatActivity]: Cancelling event due to no window focus: KeyEvent { action=ACTION_UP, keyCode=KEYCODE_DPAD_UP, scanCode=0, metaState=0, flags=0x28, repeatCount=0, eventTime=17511254, downTime=17511254, deviceId=-1, source=0x101 }
09-19 16:17:44.531  6989  6989 W ViewRootImpl[PartyChatActivity]: Cancelling event due to no window focus: KeyEvent { action=ACTION_UP, keyCode=KEYCODE_DPAD_UP, scanCode=0, metaState=0, flags=0x28, repeatCount=0, eventTime=17511254, downTime=17511254, deviceId=-1, source=0x101 }
09-19 16:17:44.531  6989  6989 W ViewRootImpl[PartyChatActivity]: Cancelling event due to no window focus: KeyEvent { action=ACTION_UP, keyCode=KEYCODE_DPAD_UP, scanCode=0, metaState=0, flags=0x28, repeatCount=0, eventTime=17511254, downTime=17511254, deviceId=-1, source=0x101 }
09-19 16:17:44.531  6989  6989 W ViewRootImpl[PartyChatActivity]: Cancelling event due to no window focus: KeyEvent { action=ACTION_UP, keyCode=KEYCODE_DPAD_UP, scanCode=0, metaState=0, flags=0x28, repeatCount=0, eventTime=17511254, downTime=17511254, deviceId=-1, source=0x101 }
09-19 16:17:45.803  6989  7249 I chatty  : uid=10038(com.litatom.app) AgoraLogging expire 3 lines
09-19 16:17:46.287  6989  7121 I chatty  : uid=10038(com.litatom.app) RenderThread expire 197 lines
09-19 16:17:46.604  6989  6989 I chatty  : uid=10038(com.litatom.app) expire 43 lines
09-19 16:17:47.971  1302  1302 I chatty  : uid=1000 system_server expire 4 lines
09-19 16:17:48.104  6989  6989 W ViewRootImpl[PartyChatActivity]: Cancelling event due to no window focus: KeyEvent { action=ACTION_UP, keyCode=KEYCODE_DPAD_DOWN, scanCode=0, metaState=0, flags=0x28, repeatCount=0, eventTime=17514816, downTime=17514816, deviceId=-1, source=0x101 }
09-19 16:17:48.105  6989  6989 W ViewRootImpl[PartyChatActivity]: Cancelling event due to no window focus: KeyEvent { action=ACTION_UP, keyCode=KEYCODE_DPAD_DOWN, scanCode=0, metaState=0, flags=0x28, repeatCount=0, eventTime=17514816, downTime=17514816, deviceId=-1, source=0x101 }
09-19 16:17:48.105  6989  6989 W ViewRootImpl[PartyChatActivity]: Cancelling event due to no window focus: KeyEvent { action=ACTION_UP, keyCode=KEYCODE_DPAD_DOWN, scanCode=0, metaState=0, flags=0x28, repeatCount=0, eventTime=17514816, downTime=17514816, deviceId=-1, source=0x101 }
09-19 16:17:48.105  6989  6989 W ViewRootImpl[PartyChatActivity]: Cancelling event due to no window focus: KeyEvent { action=ACTION_UP, keyCode=KEYCODE_DPAD_DOWN, scanCode=0, metaState=0, flags=0x28, repeatCount=0, eventTime=17514816, downTime=17514816, deviceId=-1, source=0x101 }
09-19 16:17:48.105  6989  6989 W ViewRootImpl[PartyChatActivity]: Cancelling event due to no window focus: KeyEvent { action=ACTION_UP, keyCode=KEYCODE_DPAD_DOWN, scanCode=0, metaState=0, flags=0x28, repeatCount=0, eventTime=17514816, downTime=17514816, deviceId=-1, source=0x101 }
09-19 16:17:48.105  6989  6989 W ViewRootImpl[PartyChatActivity]: Cancelling event due to no window focus: KeyEvent { action=ACTION_UP, keyCode=KEYCODE_DPAD_DOWN, scanCode=0, metaState=0, flags=0x28, repeatCount=0, eventTime=17514816, downTime=17514816, deviceId=-1, source=0x101 }
09-19 16:17:48.105  6989  6989 W ViewRootImpl[PartyChatActivity]: Cancelling event due to no window focus: KeyEvent { action=ACTION_UP, keyCode=KEYCODE_DPAD_DOWN, scanCode=0, metaState=0, flags=0x28, repeatCount=0, eventTime=17514816, downTime=17514816, deviceId=-1, source=0x101 }
09-19 16:17:48.105  6989  6989 W ViewRootImpl[PartyChatActivity]: Cancelling event due to no window focus: KeyEvent { action=ACTION_UP, keyCode=KEYCODE_DPAD_DOWN, scanCode=0, metaState=0, flags=0x28, repeatCount=0, eventTime=17514816, downTime=17514816, deviceId=-1, source=0x101 }
09-19 16:17:48.105  6989  6989 W ViewRootImpl[PartyChatActivity]: Cancelling event due to no window focus: KeyEvent { action=ACTION_UP, keyCode=KEYCODE_DPAD_DOWN, scanCode=0, metaState=0, flags=0x28, repeatCount=0, eventTime=17514816, downTime=17514816, deviceId=-1, source=0x101 }
09-19 16:17:48.820  1302  1617 D NotificationService: notify pkg=android pid=1302
09-19 16:17:48.820  1302  1643 D NotificationService: notify pkg=android pid=1302
09-19 16:17:48.899  2010  3719 E EGL_adreno: tid 3719: eglSurfaceAttrib(1338): error 0x3009 (EGL_BAD_MATCH)
09-19 16:17:48.899  2010  3719 W OpenGLRenderer: Failed to set EGL_SWAP_BEHAVIOR on surface 0xb8f746c0, error=EGL_BAD_MATCH
09-19 16:17:48.918  6989  6989 W ViewRootImpl[PartyChatActivity]: Cancelling event due to no window focus: KeyEvent { action=ACTION_UP, keyCode=KEYCODE_MENU, scanCode=0, metaState=0, flags=0x28, repeatCount=0, eventTime=17515590, downTime=17515590, deviceId=-1, source=0x101 }
09-19 16:17:48.918  6989  6989 W ViewRootImpl[PartyChatActivity]: Cancelling event due to no window focus: KeyEvent { action=ACTION_UP, keyCode=KEYCODE_MENU, scanCode=0, metaState=0, flags=0x28, repeatCount=0, eventTime=17515590, downTime=17515590, deviceId=-1, source=0x101 }
09-19 16:17:48.919  6989  6989 W ViewRootImpl[PartyChatActivity]: Cancelling event due to no window focus: KeyEvent { action=ACTION_UP, keyCode=KEYCODE_MENU, scanCode=0, metaState=0, flags=0x28, repeatCount=0, eventTime=17515590, downTime=17515590, deviceId=-1, source=0x101 }
09-19 16:17:48.925  1698  1698 W ContextImpl: Calling a method in the system process without a qualified user: android.app.ContextImpl.startService:1358 android.content.ContextWrapper.startService:613 android.content.ContextWrapper.startService:613 com.android.coreservice.CoreBroadcastReceiver.onReceive:69 android.app.ActivityThread.handleReceiver:3073 
09-19 16:17:48.929  1698  1698 W ContextImpl: Calling a method in the system process without a qualified user: android.app.ContextImpl.startService:1358 android.content.ContextWrapper.startService:613 android.content.ContextWrapper.startService:613 com.android.coreservice.CoreBroadcastReceiver.onReceive:69 android.app.ActivityThread.handleReceiver:3073 
09-19 16:17:49.056  1698  1698 W ContextImpl: Calling a method in the system process without a qualified user: android.app.ContextImpl.startService:1358 android.content.ContextWrapper.startService:613 android.content.ContextWrapper.startService:613 com.android.coreservice.CoreBroadcastReceiver.onReceive:69 android.app.ActivityThread.handleReceiver:3073 
09-19 16:17:49.124  1698  1698 W ContextImpl: Calling a method in the system process without a qualified user: android.app.ContextImpl.startService:1358 android.content.ContextWrapper.startService:613 android.content.ContextWrapper.startService:613 com.android.coreservice.CoreBroadcastReceiver.onReceive:69 android.app.ActivityThread.handleReceiver:3073 
09-19 16:17:49.127  1698  1698 W ContextImpl: Calling a method in the system process without a qualified user: android.app.ContextImpl.startService:1358 android.content.ContextWrapper.startService:613 android.content.ContextWrapper.startService:613 com.android.coreservice.CoreBroadcastReceiver.onReceive:69 android.app.ActivityThread.handleReceiver:3073 
09-19 16:17:49.288  1302  1347 I chatty  : uid=1000(system) InputDispatcher expire 1 line
09-19 16:17:50.473  1698  1698 W ContextImpl: Calling a method in the system process without a qualified user: android.app.ContextImpl.startService:1358 android.content.ContextWrapper.startService:613 android.content.ContextWrapper.startService:613 com.android.coreservice.CoreBroadcastReceiver.onReceive:69 android.app.ActivityThread.handleReceiver:3073 
09-19 16:17:50.590  1698  1698 W ContextImpl: Calling a method in the system process without a qualified user: android.app.ContextImpl.startService:1358 android.content.ContextWrapper.startService:613 android.content.ContextWrapper.startService:613 com.android.coreservice.CoreBroadcastReceiver.onReceive:69 android.app.ActivityThread.handleReceiver:3073 
09-19 16:17:50.708  1698  1698 W ContextImpl: Calling a method in the system process without a qualified user: android.app.ContextImpl.startService:1358 android.content.ContextWrapper.startService:613 android.content.ContextWrapper.startService:613 com.android.coreservice.CoreBroadcastReceiver.onReceive:69 android.app.ActivityThread.handleReceiver:3073 
09-19 16:17:50.848  6989  7090 I chatty  : uid=10038(com.litatom.app) LogingTaskQueue expire 13 lines
09-19 16:17:50.895  1698  1698 W ContextImpl: Calling a method in the system process without a qualified user: android.app.ContextImpl.startService:1358 android.content.ContextWrapper.startService:613 android.content.ContextWrapper.startService:613 com.android.coreservice.CoreBroadcastReceiver.onReceive:69 android.app.ActivityThread.handleReceiver:3073 
09-19 16:17:50.989  1698  1698 W ContextImpl: Calling a method in the system process without a qualified user: android.app.ContextImpl.startService:1358 android.content.ContextWrapper.startService:613 android.content.ContextWrapper.startService:613 com.android.coreservice.CoreBroadcastReceiver.onReceive:69 android.app.ActivityThread.handleReceiver:3073 
09-19 16:17:50.993  1698  1698 W ContextImpl: Calling a method in the system process without a qualified user: android.app.ContextImpl.startService:1358 android.content.ContextWrapper.startService:613 android.content.ContextWrapper.startService:613 com.android.coreservice.CoreBroadcastReceiver.onReceive:69 android.app.ActivityThread.handleReceiver:3073 
09-19 16:17:51.089  1698  1698 W ContextImpl: Calling a method in the system process without a qualified user: android.app.ContextImpl.startService:1358 android.content.ContextWrapper.startService:613 android.content.ContextWrapper.startService:613 com.android.coreservice.CoreBroadcastReceiver.onReceive:69 android.app.ActivityThread.handleReceiver:3073 
09-19 16:17:51.091  6989  7121 I chatty  : uid=10038(com.litatom.app) RenderThread expire 220 lines
09-19 16:17:51.104  6989  6989 I chatty  : uid=10038(com.litatom.app) expire 33 lines
09-19 16:17:51.678  1698  1698 W ContextImpl: Calling a method in the system process without a qualified user: android.app.ContextImpl.startService:1358 android.content.ContextWrapper.startService:613 android.content.ContextWrapper.startService:613 com.android.coreservice.CoreBroadcastReceiver.onReceive:69 android.app.ActivityThread.handleReceiver:3073 
09-19 16:17:51.807  6989  6989 W ViewRootImpl[PartyChatActivity]: Dropping event due to root view being removed: KeyEvent { action=ACTION_DOWN, keyCode=KEYCODE_DPAD_DOWN, scanCode=0, metaState=0, flags=0x400, repeatCount=0, eventTime=17518463, downTime=17518463, deviceId=-1, source=0x101 }
09-19 16:17:51.807  6989  6989 W ViewRootImpl[PartyChatActivity]: Dropping event due to root view being removed: KeyEvent { action=ACTION_UP, keyCode=KEYCODE_DPAD_DOWN, scanCode=0, metaState=0, flags=0x400, repeatCount=0, eventTime=17518463, downTime=17518463, deviceId=-1, source=0x101 }
09-19 16:17:51.807  6989  6989 W ViewRootImpl[PartyChatActivity]: Dropping event due to root view being removed: KeyEvent { action=ACTION_DOWN, keyCode=KEYCODE_DPAD_DOWN, scanCode=0, metaState=0, flags=0x400, repeatCount=0, eventTime=17518463, downTime=17518463, deviceId=-1, source=0x101 }
09-19 16:17:51.807  6989  6989 W ViewRootImpl[PartyChatActivity]: Dropping event due to root view being removed: KeyEvent { action=ACTION_UP, keyCode=KEYCODE_DPAD_DOWN, scanCode=0, metaState=0, flags=0x400, repeatCount=0, eventTime=17518463, downTime=17518463, deviceId=-1, source=0x101 }
09-19 16:17:51.807  6989  6989 W ViewRootImpl[PartyChatActivity]: Dropping event due to root view being removed: KeyEvent { action=ACTION_DOWN, keyCode=KEYCODE_DPAD_DOWN, scanCode=0, metaState=0, flags=0x400, repeatCount=0, eventTime=17518463, downTime=17518463, deviceId=-1, source=0x101 }
09-19 16:17:51.807  6989  6989 W ViewRootImpl[PartyChatActivity]: Dropping event due to root view being removed: KeyEvent { action=ACTION_UP, keyCode=KEYCODE_DPAD_DOWN, scanCode=0, metaState=0, flags=0x400, repeatCount=0, eventTime=17518463, downTime=17518463, deviceId=-1, source=0x101 }
09-19 16:17:51.815  1698  1698 W ContextImpl: Calling a method in the system process without a qualified user: android.app.ContextImpl.startService:1358 android.content.ContextWrapper.startService:613 android.content.ContextWrapper.startService:613 com.android.coreservice.CoreBroadcastReceiver.onReceive:69 android.app.ActivityThread.handleReceiver:3073 
09-19 16:17:51.818  1698  1698 W ContextImpl: Calling a method in the system process without a qualified user: android.app.ContextImpl.startService:1358 android.content.ContextWrapper.startService:613 android.content.ContextWrapper.startService:613 com.android.coreservice.CoreBroadcastReceiver.onReceive:69 android.app.ActivityThread.handleReceiver:3073 
09-19 16:17:51.873  1698  1698 W ContextImpl: Calling a method in the system process without a qualified user: android.app.ContextImpl.startService:1358 android.content.ContextWrapper.startService:613 android.content.ContextWrapper.startService:613 com.android.coreservice.CoreBroadcastReceiver.onReceive:69 android.app.ActivityThread.handleReceiver:3073 
09-19 16:17:52.206  1698  1698 W ContextImpl: Calling a method in the system process without a qualified user: android.app.ContextImpl.startService:1358 android.content.ContextWrapper.startService:613 android.content.ContextWrapper.startService:613 com.android.coreservice.CoreBroadcastReceiver.onReceive:69 android.app.ActivityThread.handleReceiver:3073 
09-19 16:17:52.209  1698  1698 W ContextImpl: Calling a method in the system process without a qualified user: android.app.ContextImpl.startService:1358 android.content.ContextWrapper.startService:613 android.content.ContextWrapper.startService:613 com.android.coreservice.CoreBroadcastReceiver.onReceive:69 android.app.ActivityThread.handleReceiver:3073 
09-19 16:17:52.255  1698  1698 W ContextImpl: Calling a method in the system process without a qualified user: android.app.ContextImpl.startService:1358 android.content.ContextWrapper.startService:613 android.content.ContextWrapper.startService:613 com.android.coreservice.CoreBroadcastReceiver.onReceive:69 android.app.ActivityThread.handleReceiver:3073 
09-19 16:17:52.409  1302  1302 W System.err: java.lang.Exception: show AlertDialog! title=
09-19 16:17:52.411  1302  1302 W System.err: 	at android.app.AlertDialog.show(AlertDialog.java:134)
09-19 16:17:52.411  1302  1302 W System.err: 	at com.android.server.InputMethodManagerService.showInputMethodMenu(InputMethodManagerService.java:3296)
09-19 16:17:52.411  1302  1302 W System.err: 	at com.android.server.InputMethodManagerService.handleMessage(InputMethodManagerService.java:2806)
09-19 16:17:52.411  1302  1302 W System.err: 	at android.os.Handler.dispatchMessage(Handler.java:98)
09-19 16:17:52.411  1302  1302 W System.err: 	at android.os.Looper.loop(Looper.java:154)
09-19 16:17:52.411  1302  1302 W System.err: 	at com.android.server.SystemServer.run(SystemServer.java:364)
09-19 16:17:52.411  1302  1302 W System.err: 	at com.android.server.SystemServer.main(SystemServer.java:225)
09-19 16:17:52.411  1302  1302 W System.err: 	at java.lang.reflect.Method.invoke(Native Method)
09-19 16:17:52.411  1302  1302 W System.err: 	at com.android.internal.os.ZygoteInit$MethodAndArgsCaller.run(ZygoteInit.java:892)
09-19 16:17:52.411  1302  1302 W System.err: 	at com.android.internal.os.ZygoteInit.main(ZygoteInit.java:782)
09-19 16:17:52.506  1302 14161 I HostConnection: HostConnection::HostConnection: pid=1302, tid=14161, this=0xa9308bc0
09-19 16:17:52.508  1302 14161 I         : fastpipe: Connect success
09-19 16:17:52.508  1302 14161 D HostConnection: HostRPC::connect sucess: app=system_server, pid=1302, tid=14161, this=0xa3e87b40
09-19 16:17:52.509  1302 14161 D HostConnection: queryAndSetGLESMaxVersion select gles-version: 3.1 hostGLVersion:46 process:system_server
09-19 16:17:52.510  1302 14161 I OpenGLRenderer: Initialized EGL, version 1.4
09-19 16:17:52.510  1302 14161 D OpenGLRenderer: Swap behavior 1
09-19 16:17:52.510  1302 14161 I EGL_adreno: eglCreateContext request GLES major-version=2
09-19 16:17:52.584  1302 14161 D EGL_adreno: eglCreateContext: 0xa9184160: maj 3 min 1 rcv 4
09-19 16:17:52.597  1302 14161 D EGL_adreno: eglMakeCurrent: 0xa9184160: ver 3 1 (tinfo 0xa8aabbc0)
09-19 16:17:52.600  1302 14161 D HostConnection: ExtendedRCEncoderContext GL_VERSION return OpenGL ES 3.1
09-19 16:17:52.606  1302  1302 I chatty  : uid=1000 system_server expire 6 lines
09-19 16:17:52.612  1302 14161 E EGL_adreno: tid 14161: eglSurfaceAttrib(1338): error 0x3009 (EGL_BAD_MATCH)
09-19 16:17:52.612  1302 14161 W OpenGLRenderer: Failed to set EGL_SWAP_BEHAVIOR on surface 0xa91a0060, error=EGL_BAD_MATCH
09-19 16:17:52.623  1302 14161 D EGL_adreno: eglMakeCurrent: 0xa9184160: ver 3 1 (tinfo 0xa8aabbc0)
09-19 16:17:52.780  1302 14161 D EGL_adreno: eglMakeCurrent: 0xa9184160: ver 3 1 (tinfo 0xa8aabbc0)
09-19 16:17:52.800  6989  7249 I chatty  : uid=10038(com.litatom.app) AgoraLogging expire 3 lines
09-19 16:17:52.841  1302  3017 I chatty  : uid=1000(system) Binder:1302_9 expire 1 line
09-19 16:17:52.857  1302 14161 I HostConnection: HostConnection::~HostConnection, pid=1302, tid=14161, this=0xa9308bc0, m_stream=0xa3e87b40
09-19 16:17:52.858  1302 14161 I         : fastpipe: close connect
09-19 16:17:52.874  1302  5330 I chatty  : uid=1000(system) Binder:1302_E expire 1 line
09-19 16:17:53.293  1394  1629 I vol.Events: writeEvent active_stream_changed STREAM_MUSIC
09-19 16:17:53.295  1394  1629 I vol.Events: writeEvent key STREAM_MUSIC 0
09-19 16:17:53.309  1394  1394 I vol.Events: writeEvent show_dialog volume_changed keyguard=false
09-19 16:17:53.381  1394  1647 E EGL_adreno: tid 1647: eglSurfaceAttrib(1338): error 0x3009 (EGL_BAD_MATCH)
09-19 16:17:53.381  1394  1647 W OpenGLRenderer: Failed to set EGL_SWAP_BEHAVIOR on surface 0xa3e93a80, error=EGL_BAD_MATCH
09-19 16:17:53.392  1394  1647 D EGL_adreno: eglMakeCurrent: 0xa7012860: ver 3 1 (tinfo 0xa7014600)
09-19 16:17:53.640  1698  1698 W ContextImpl: Calling a method in the system process without a qualified user: android.app.ContextImpl.startService:1358 android.content.ContextWrapper.startService:613 android.content.ContextWrapper.startService:613 com.android.coreservice.CoreBroadcastReceiver.onReceive:69 android.app.ActivityThread.handleReceiver:3073 
09-19 16:17:53.643  1698  1698 W ContextImpl: Calling a method in the system process without a qualified user: android.app.ContextImpl.startService:1358 android.content.ContextWrapper.startService:613 android.content.ContextWrapper.startService:613 com.android.coreservice.CoreBroadcastReceiver.onReceive:69 android.app.ActivityThread.handleReceiver:3073 
09-19 16:17:53.796  1394  1394 I vol.Events: writeEvent dismiss_dialog touch_outside
09-19 16:17:53.800  1394  1629 I vol.Events: writeEvent active_stream_changed UNKNOWN_STREAM_-1
09-19 16:17:53.974  1698  1698 W ContextImpl: Calling a method in the system process without a qualified user: android.app.ContextImpl.startService:1358 android.content.ContextWrapper.startService:613 android.content.ContextWrapper.startService:613 com.android.coreservice.CoreBroadcastReceiver.onReceive:69 android.app.ActivityThread.handleReceiver:3073 
09-19 16:17:53.977  1698  1698 W ContextImpl: Calling a method in the system process without a qualified user: android.app.ContextImpl.startService:1358 android.content.ContextWrapper.startService:613 android.content.ContextWrapper.startService:613 com.android.coreservice.CoreBroadcastReceiver.onReceive:69 android.app.ActivityThread.handleReceiver:3073 
09-19 16:17:54.111  1394  1647 D EGL_adreno: eglMakeCurrent: 0xa7012860: ver 3 1 (tinfo 0xa7014600)
09-19 16:17:54.272  1698  1698 W ContextImpl: Calling a method in the system process without a qualified user: android.app.ContextImpl.startService:1358 android.content.ContextWrapper.startService:613 android.content.ContextWrapper.startService:613 com.android.coreservice.CoreBroadcastReceiver.onReceive:69 android.app.ActivityThread.handleReceiver:3073 
09-19 16:17:54.377  1698  1698 W ContextImpl: Calling a method in the system process without a qualified user: android.app.ContextImpl.startService:1358 android.content.ContextWrapper.startService:613 android.content.ContextWrapper.startService:613 com.android.coreservice.CoreBroadcastReceiver.onReceive:69 android.app.ActivityThread.handleReceiver:3073 
09-19 16:17:54.379  1698  1698 W ContextImpl: Calling a method in the system process without a qualified user: android.app.ContextImpl.startService:1358 android.content.ContextWrapper.startService:613 android.content.ContextWrapper.startService:613 com.android.coreservice.CoreBroadcastReceiver.onReceive:69 android.app.ActivityThread.handleReceiver:3073 
09-19 16:17:54.382  1698  1698 W ContextImpl: Calling a method in the system process without a qualified user: android.app.ContextImpl.startService:1358 android.content.ContextWrapper.startService:613 android.content.ContextWrapper.startService:613 com.android.coreservice.CoreBroadcastReceiver.onReceive:69 android.app.ActivityThread.handleReceiver:3073 
09-19 16:17:54.384  1302  5332 D NotificationService: notify pkg=android pid=1302
09-19 16:17:54.385  1302  1314 D NotificationService: notify pkg=android pid=1302
09-19 16:17:54.388  1698  1698 W ContextImpl: Calling a method in the system process without a qualified user: android.app.ContextImpl.startService:1358 android.content.ContextWrapper.startService:613 android.content.ContextWrapper.startService:613 com.android.coreservice.CoreBroadcastReceiver.onReceive:69 android.app.ActivityThread.handleReceiver:3073 
09-19 16:17:54.440  2010  3719 E EGL_adreno: tid 3719: eglSurfaceAttrib(1338): error 0x3009 (EGL_BAD_MATCH)
09-19 16:17:54.440  2010  3719 W OpenGLRenderer: Failed to set EGL_SWAP_BEHAVIOR on surface 0xb8f746e0, error=EGL_BAD_MATCH
09-19 16:17:54.445  1394  1647 D EGL_adreno: eglMakeCurrent: 0xa7012860: ver 3 1 (tinfo 0xa7014600)
09-19 16:17:54.493  1698  1698 W ContextImpl: Calling a method in the system process without a qualified user: android.app.ContextImpl.startService:1358 android.content.ContextWrapper.startService:613 android.content.ContextWrapper.startService:613 com.android.coreservice.CoreBroadcastReceiver.onReceive:69 android.app.ActivityThread.handleReceiver:3073 
09-19 16:17:54.495  1698  1698 W ContextImpl: Calling a method in the system process without a qualified user: android.app.ContextImpl.startService:1358 android.content.ContextWrapper.startService:613 android.content.ContextWrapper.startService:613 com.android.coreservice.CoreBroadcastReceiver.onReceive:69 android.app.ActivityThread.handleReceiver:3073 
09-19 16:17:54.520  1302  3015 D NotificationService: notify pkg=android pid=1302
09-19 16:17:54.710  1698  1698 W ContextImpl: Calling a method in the system process without a qualified user: android.app.ContextImpl.startService:1358 android.content.ContextWrapper.startService:613 android.content.ContextWrapper.startService:613 com.android.coreservice.CoreBroadcastReceiver.onReceive:69 android.app.ActivityThread.handleReceiver:3073 
09-19 16:17:54.713  1698  1698 W ContextImpl: Calling a method in the system process without a qualified user: android.app.ContextImpl.startService:1358 android.content.ContextWrapper.startService:613 android.content.ContextWrapper.startService:613 com.android.coreservice.CoreBroadcastReceiver.onReceive:69 android.app.ActivityThread.handleReceiver:3073 
09-19 16:17:54.977  1302  1302 I chatty  : uid=1000 system_server expire 2 lines
09-19 16:17:55.148  1302  1347 I chatty  : uid=1000(system) InputDispatcher expire 2 lines
09-19 16:17:55.972  1698  1698 W ContextImpl: Calling a method in the system process without a qualified user: android.app.ContextImpl.startService:1358 android.content.ContextWrapper.startService:613 android.content.ContextWrapper.startService:613 com.android.coreservice.CoreBroadcastReceiver.onReceive:69 android.app.ActivityThread.handleReceiver:3073 
09-19 16:17:56.055  1698  1698 W ContextImpl: Calling a method in the system process without a qualified user: android.app.ContextImpl.startService:1358 android.content.ContextWrapper.startService:613 android.content.ContextWrapper.startService:613 com.android.coreservice.CoreBroadcastReceiver.onReceive:69 android.app.ActivityThread.handleReceiver:3073 
09-19 16:17:56.173  1698  1698 W ContextImpl: Calling a method in the system process without a qualified user: android.app.ContextImpl.startService:1358 android.content.ContextWrapper.startService:613 android.content.ContextWrapper.startService:613 com.android.coreservice.CoreBroadcastReceiver.onReceive:69 android.app.ActivityThread.handleReceiver:3073 
09-19 16:17:56.541  1698  1698 W ContextImpl: Calling a method in the system process without a qualified user: android.app.ContextImpl.startService:1358 android.content.ContextWrapper.startService:613 android.content.ContextWrapper.startService:613 com.android.coreservice.CoreBroadcastReceiver.onReceive:69 android.app.ActivityThread.handleReceiver:3073 
09-19 16:17:56.685  6989  6989 W ViewRootImpl[PartyChatActivity]: Cancelling event due to no window focus: KeyEvent { action=ACTION_UP, keyCode=KEYCODE_DPAD_CENTER, scanCode=0, metaState=0, flags=0x28, repeatCount=0, eventTime=17523394, downTime=17523394, deviceId=-1, source=0x101 }
09-19 16:17:56.685  6989  6989 W ViewRootImpl[PartyChatActivity]: Cancelling event due to no window focus: KeyEvent { action=ACTION_UP, keyCode=KEYCODE_DPAD_CENTER, scanCode=0, metaState=0, flags=0x28, repeatCount=0, eventTime=17523394, downTime=17523394, deviceId=-1, source=0x101 }
09-19 16:17:56.685  6989  6989 W ViewRootImpl[PartyChatActivity]: Cancelling event due to no window focus: KeyEvent { action=ACTION_UP, keyCode=KEYCODE_DPAD_CENTER, scanCode=0, metaState=0, flags=0x28, repeatCount=0, eventTime=17523394, downTime=17523394, deviceId=-1, source=0x101 }
09-19 16:17:56.688  6989  6989 W ViewRootImpl[PartyChatActivity]: Cancelling event due to no window focus: KeyEvent { action=ACTION_UP, keyCode=KEYCODE_DPAD_CENTER, scanCode=0, metaState=0, flags=0x28, repeatCount=0, eventTime=17523394, downTime=17523394, deviceId=-1, source=0x101 }
09-19 16:17:56.689  6989  6989 W ViewRootImpl[PartyChatActivity]: Cancelling event due to no window focus: KeyEvent { action=ACTION_UP, keyCode=KEYCODE_DPAD_CENTER, scanCode=0, metaState=0, flags=0x28, repeatCount=0, eventTime=17523394, downTime=17523394, deviceId=-1, source=0x101 }
09-19 16:17:56.689  6989  6989 W ViewRootImpl[PartyChatActivity]: Cancelling event due to no window focus: KeyEvent { action=ACTION_UP, keyCode=KEYCODE_DPAD_CENTER, scanCode=0, metaState=0, flags=0x28, repeatCount=0, eventTime=17523394, downTime=17523394, deviceId=-1, source=0x101 }
09-19 16:17:56.689  6989  6989 W ViewRootImpl[PartyChatActivity]: Cancelling event due to no window focus: KeyEvent { action=ACTION_UP, keyCode=KEYCODE_DPAD_CENTER, scanCode=0, metaState=0, flags=0x28, repeatCount=0, eventTime=17523394, downTime=17523394, deviceId=-1, source=0x101 }
09-19 16:17:56.689  6989  6989 W ViewRootImpl[PartyChatActivity]: Cancelling event due to no window focus: KeyEvent { action=ACTION_UP, keyCode=KEYCODE_DPAD_CENTER, scanCode=0, metaState=0, flags=0x28, repeatCount=0, eventTime=17523394, downTime=17523394, deviceId=-1, source=0x101 }
09-19 16:17:56.689  6989  6989 W ViewRootImpl[PartyChatActivity]: Cancelling event due to no window focus: KeyEvent { action=ACTION_UP, keyCode=KEYCODE_DPAD_CENTER, scanCode=0, metaState=0, flags=0x28, repeatCount=0, eventTime=17523394, downTime=17523394, deviceId=-1, source=0x101 }
09-19 16:17:56.693  1698  1698 W ContextImpl: Calling a method in the system process without a qualified user: android.app.ContextImpl.startService:1358 android.content.ContextWrapper.startService:613 android.content.ContextWrapper.startService:613 com.android.coreservice.CoreBroadcastReceiver.onReceive:69 android.app.ActivityThread.handleReceiver:3073 
09-19 16:17:56.792  1698  1698 W ContextImpl: Calling a method in the system process without a qualified user: android.app.ContextImpl.startService:1358 android.content.ContextWrapper.startService:613 android.content.ContextWrapper.startService:613 com.android.coreservice.CoreBroadcastReceiver.onReceive:69 android.app.ActivityThread.handleReceiver:3073 
09-19 16:17:57.075  1698  1698 W ContextImpl: Calling a method in the system process without a qualified user: android.app.ContextImpl.startService:1358 android.content.ContextWrapper.startService:613 android.content.ContextWrapper.startService:613 com.android.coreservice.CoreBroadcastReceiver.onReceive:69 android.app.ActivityThread.handleReceiver:3073 
09-19 16:17:57.079  1698  1698 W ContextImpl: Calling a method in the system process without a qualified user: android.app.ContextImpl.startService:1358 android.content.ContextWrapper.startService:613 android.content.ContextWrapper.startService:613 com.android.coreservice.CoreBroadcastReceiver.onReceive:69 android.app.ActivityThread.handleReceiver:3073 
09-19 16:17:57.106  1698  1698 W ContextImpl: Calling a method in the system process without a qualified user: android.app.ContextImpl.startService:1358 android.content.ContextWrapper.startService:613 android.content.ContextWrapper.startService:613 com.android.coreservice.CoreBroadcastReceiver.onReceive:69 android.app.ActivityThread.handleReceiver:3073 
09-19 16:17:57.222  1698  1698 W ContextImpl: Calling a method in the system process without a qualified user: android.app.ContextImpl.startService:1358 android.content.ContextWrapper.startService:613 android.content.ContextWrapper.startService:613 com.android.coreservice.CoreBroadcastReceiver.onReceive:69 android.app.ActivityThread.handleReceiver:3073 
09-19 16:17:57.225  1698  1698 W ContextImpl: Calling a method in the system process without a qualified user: android.app.ContextImpl.startService:1358 android.content.ContextWrapper.startService:613 android.content.ContextWrapper.startService:613 com.android.coreservice.CoreBroadcastReceiver.onReceive:69 android.app.ActivityThread.handleReceiver:3073 
09-19 16:17:57.255  1698  1698 W ContextImpl: Calling a method in the system process without a qualified user: android.app.ContextImpl.startService:1358 android.content.ContextWrapper.startService:613 android.content.ContextWrapper.startService:613 com.android.coreservice.CoreBroadcastReceiver.onReceive:69 android.app.ActivityThread.handleReceiver:3073 
