09-19 16:16:20.854  6989  6989 W ViewRootImpl[PartyChatActivity]: Dropping event due to root view being removed: MotionEvent { action=ACTION_UP, actionButton=0, id[0]=0, x[0]=-273.04712, y[0]=-513.6514, toolType[0]=TOOL_TYPE_UNKNOWN, buttonState=0, metaState=0, flags=0x0, edgeFlags=0x0, pointerCount=1, historySize=0, eventTime=17427520, downTime=17427510, deviceId=0, source=0x1002 }
09-19 16:16:20.860  1698  1698 I chatty  : uid=1000(system) com.android.coreservice expire 33 lines
09-19 16:16:21.630  6989  6989 W ViewRootImpl[PartyChatActivity]: Dropping event due to no window focus: KeyEvent { action=ACTION_DOWN, keyCode=KEYCODE_MENU, scanCode=0, metaState=0, flags=0x8, repeatCount=0, eventTime=17428353, downTime=17428353, deviceId=-1, source=0x101 }
09-19 16:16:21.632  6989  6989 W ViewRootImpl[PartyChatActivity]: Cancelling event due to no window focus: KeyEvent { action=ACTION_UP, keyCode=KEYCODE_MENU, scanCode=0, metaState=0, flags=0x28, repeatCount=0, eventTime=17428355, downTime=17428355, deviceId=-1, source=0x101 }
09-19 16:16:21.632  6989  6989 W ViewRootImpl[PartyChatActivity]: Cancelling event due to no window focus: KeyEvent { action=ACTION_UP, keyCode=KEYCODE_MENU, scanCode=0, metaState=0, flags=0x28, repeatCount=0, eventTime=17428355, downTime=17428355, deviceId=-1, source=0x101 }
09-19 16:16:21.632  6989  6989 W ViewRootImpl[PartyChatActivity]: Cancelling event due to no window focus: KeyEvent { action=ACTION_UP, keyCode=KEYCODE_MENU, scanCode=0, metaState=0, flags=0x28, repeatCount=0, eventTime=17428355, downTime=17428355, deviceId=-1, source=0x101 }
09-19 16:16:21.632  6989  6989 W ViewRootImpl[PartyChatActivity]: Cancelling event due to no window focus: KeyEvent { action=ACTION_UP, keyCode=KEYCODE_MENU, scanCode=0, metaState=0, flags=0x28, repeatCount=0, eventTime=17428355, downTime=17428355, deviceId=-1, source=0x101 }
09-19 16:16:21.632  6989  6989 W ViewRootImpl[PartyChatActivity]: Cancelling event due to no window focus: KeyEvent { action=ACTION_UP, keyCode=KEYCODE_MENU, scanCode=0, metaState=0, flags=0x28, repeatCount=0, eventTime=17428355, downTime=17428355, deviceId=-1, source=0x101 }
09-19 16:16:21.633  6989  6989 W ViewRootImpl[PartyChatActivity]: Cancelling event due to no window focus: KeyEvent { action=ACTION_UP, keyCode=KEYCODE_MENU, scanCode=0, metaState=0, flags=0x28, repeatCount=0, eventTime=17428355, downTime=17428355, deviceId=-1, source=0x101 }
09-19 16:16:22.047  1302  1302 I chatty  : uid=1000 system_server expire 6 lines
09-19 16:16:22.144  1302  5332 I chatty  : uid=1000(system) Binder:1302_10 expire 3 lines
09-19 16:16:22.688  1302  3015 I chatty  : uid=1000(system) Binder:1302_7 expire 3 lines
09-19 16:16:23.910  6989  6989 W ViewRootImpl[PartyChatActivity]: Cancelling event due to no window focus: KeyEvent { action=ACTION_UP, keyCode=KEYCODE_DPAD_CENTER, scanCode=0, metaState=0, flags=0x28, repeatCount=0, eventTime=17430590, downTime=17430590, deviceId=-1, source=0x101 }
09-19 16:16:23.910  6989  6989 W ViewRootImpl[PartyChatActivity]: Cancelling event due to no window focus: KeyEvent { action=ACTION_UP, keyCode=KEYCODE_DPAD_CENTER, scanCode=0, metaState=0, flags=0x28, repeatCount=0, eventTime=17430590, downTime=17430590, deviceId=-1, source=0x101 }
09-19 16:16:23.910  6989  6989 W ViewRootImpl[PartyChatActivity]: Cancelling event due to no window focus: KeyEvent { action=ACTION_UP, keyCode=KEYCODE_DPAD_CENTER, scanCode=0, metaState=0, flags=0x28, repeatCount=0, eventTime=17430590, downTime=17430590, deviceId=-1, source=0x101 }
09-19 16:16:23.910  6989  6989 W ViewRootImpl[PartyChatActivity]: Cancelling event due to no window focus: KeyEvent { action=ACTION_UP, keyCode=KEYCODE_DPAD_CENTER, scanCode=0, metaState=0, flags=0x28, repeatCount=0, eventTime=17430590, downTime=17430590, deviceId=-1, source=0x101 }
09-19 16:16:23.910  6989  6989 W ViewRootImpl[PartyChatActivity]: Cancelling event due to no window focus: KeyEvent { action=ACTION_UP, keyCode=KEYCODE_DPAD_CENTER, scanCode=0, metaState=0, flags=0x28, repeatCount=0, eventTime=17430590, downTime=17430590, deviceId=-1, source=0x101 }
09-19 16:16:23.910  6989  6989 W ViewRootImpl[PartyChatActivity]: Cancelling event due to no window focus: KeyEvent { action=ACTION_UP, keyCode=KEYCODE_DPAD_CENTER, scanCode=0, metaState=0, flags=0x28, repeatCount=0, eventTime=17430590, downTime=17430590, deviceId=-1, source=0x101 }
09-19 16:16:23.910  6989  6989 W ViewRootImpl[PartyChatActivity]: Cancelling event due to no window focus: KeyEvent { action=ACTION_UP, keyCode=KEYCODE_DPAD_CENTER, scanCode=0, metaState=0, flags=0x28, repeatCount=0, eventTime=17430590, downTime=17430590, deviceId=-1, source=0x101 }
09-19 16:16:23.910  6989  6989 W ViewRootImpl[PartyChatActivity]: Cancelling event due to no window focus: KeyEvent { action=ACTION_UP, keyCode=KEYCODE_DPAD_CENTER, scanCode=0, metaState=0, flags=0x28, repeatCount=0, eventTime=17430590, downTime=17430590, deviceId=-1, source=0x101 }
09-19 16:16:23.910  6989  6989 W ViewRootImpl[PartyChatActivity]: Cancelling event due to no window focus: KeyEvent { action=ACTION_UP, keyCode=KEYCODE_DPAD_CENTER, scanCode=0, metaState=0, flags=0x28, repeatCount=0, eventTime=17430590, downTime=17430590, deviceId=-1, source=0x101 }
09-19 16:16:23.912  1302  1347 I chatty  : uid=1000(system) InputDispatcher expire 2 lines
09-19 16:16:26.161  6989  6989 W ViewRootImpl[PartyChatActivity]: Dropping event due to no window focus: KeyEvent { action=ACTION_DOWN, keyCode=KEYCODE_DPAD_DOWN, scanCode=0, metaState=0, flags=0x8, repeatCount=0, eventTime=17432834, downTime=17432834, deviceId=-1, source=0x101 }
09-19 16:16:26.165  6989  6989 W ViewRootImpl[PartyChatActivity]: Cancelling event due to no window focus: KeyEvent { action=ACTION_UP, keyCode=KEYCODE_DPAD_DOWN, scanCode=0, metaState=0, flags=0x28, repeatCount=0, eventTime=17432836, downTime=17432836, deviceId=-1, source=0x101 }
09-19 16:16:26.165  6989  6989 W ViewRootImpl[PartyChatActivity]: Cancelling event due to no window focus: KeyEvent { action=ACTION_UP, keyCode=KEYCODE_DPAD_DOWN, scanCode=0, metaState=0, flags=0x28, repeatCount=0, eventTime=17432836, downTime=17432836, deviceId=-1, source=0x101 }
09-19 16:16:26.165  6989  6989 W ViewRootImpl[PartyChatActivity]: Cancelling event due to no window focus: KeyEvent { action=ACTION_UP, keyCode=KEYCODE_DPAD_DOWN, scanCode=0, metaState=0, flags=0x28, repeatCount=0, eventTime=17432836, downTime=17432836, deviceId=-1, source=0x101 }
09-19 16:16:26.165  6989  6989 W ViewRootImpl[PartyChatActivity]: Cancelling event due to no window focus: KeyEvent { action=ACTION_UP, keyCode=KEYCODE_DPAD_DOWN, scanCode=0, metaState=0, flags=0x28, repeatCount=0, eventTime=17432836, downTime=17432836, deviceId=-1, source=0x101 }
09-19 16:16:26.165  6989  6989 W ViewRootImpl[PartyChatActivity]: Cancelling event due to no window focus: KeyEvent { action=ACTION_UP, keyCode=KEYCODE_DPAD_DOWN, scanCode=0, metaState=0, flags=0x28, repeatCount=0, eventTime=17432836, downTime=17432836, deviceId=-1, source=0x101 }
09-19 16:16:26.165  6989  6989 W ViewRootImpl[PartyChatActivity]: Cancelling event due to no window focus: KeyEvent { action=ACTION_UP, keyCode=KEYCODE_DPAD_DOWN, scanCode=0, metaState=0, flags=0x28, repeatCount=0, eventTime=17432836, downTime=17432836, deviceId=-1, source=0x101 }
09-19 16:16:26.165  6989  6989 W ViewRootImpl[PartyChatActivity]: Cancelling event due to no window focus: KeyEvent { action=ACTION_UP, keyCode=KEYCODE_DPAD_DOWN, scanCode=0, metaState=0, flags=0x28, repeatCount=0, eventTime=17432836, downTime=17432836, deviceId=-1, source=0x101 }
09-19 16:16:26.165  6989  6989 W ViewRootImpl[PartyChatActivity]: Cancelling event due to no window focus: KeyEvent { action=ACTION_UP, keyCode=KEYCODE_DPAD_DOWN, scanCode=0, metaState=0, flags=0x28, repeatCount=0, eventTime=17432836, downTime=17432836, deviceId=-1, source=0x101 }
09-19 16:16:26.165  6989  6989 W ViewRootImpl[PartyChatActivity]: Cancelling event due to no window focus: KeyEvent { action=ACTION_UP, keyCode=KEYCODE_DPAD_DOWN, scanCode=0, metaState=0, flags=0x28, repeatCount=0, eventTime=17432836, downTime=17432836, deviceId=-1, source=0x101 }
09-19 16:16:27.396  1302  1545 I chatty  : uid=1000(system) Binder:1302_3 expire 2 lines
09-19 16:16:28.698  1302  1617 I chatty  : uid=1000(system) Binder:1302_4 expire 1 line
09-19 16:16:29.014  1302  3020 I chatty  : uid=1000(system) Binder:1302_C expire 1 line
09-19 16:16:31.990  6989  6989 W ViewRootImpl[PartyChatActivity]: Dropping event due to no window focus: KeyEvent { action=ACTION_DOWN, keyCode=KEYCODE_TV_SATELLITE_CS, scanCode=0, metaState=0, flags=0x8, repeatCount=0, eventTime=17438716, downTime=17438716, deviceId=-1, source=0x101 }
09-19 16:16:31.992  6989  6989 W ViewRootImpl[PartyChatActivity]: Cancelling event due to no window focus: KeyEvent { action=ACTION_UP, keyCode=KEYCODE_TV_SATELLITE_CS, scanCode=0, metaState=0, flags=0x28, repeatCount=0, eventTime=17438722, downTime=17438722, deviceId=-1, source=0x101 }
09-19 16:16:31.992  6989  6989 W ViewRootImpl[PartyChatActivity]: Cancelling event due to no window focus: KeyEvent { action=ACTION_UP, keyCode=KEYCODE_TV_SATELLITE_CS, scanCode=0, metaState=0, flags=0x28, repeatCount=0, eventTime=17438722, downTime=17438722, deviceId=-1, source=0x101 }
09-19 16:16:31.992  6989  6989 W ViewRootImpl[PartyChatActivity]: Cancelling event due to no window focus: KeyEvent { action=ACTION_UP, keyCode=KEYCODE_TV_SATELLITE_CS, scanCode=0, metaState=0, flags=0x28, repeatCount=0, eventTime=17438722, downTime=17438722, deviceId=-1, source=0x101 }
09-19 16:16:31.993  6989  6989 W ViewRootImpl[PartyChatActivity]: Cancelling event due to no window focus: KeyEvent { action=ACTION_UP, keyCode=KEYCODE_TV_SATELLITE_CS, scanCode=0, metaState=0, flags=0x28, repeatCount=0, eventTime=17438722, downTime=17438722, deviceId=-1, source=0x101 }
09-19 16:16:31.993  6989  6989 W ViewRootImpl[PartyChatActivity]: Cancelling event due to no window focus: KeyEvent { action=ACTION_UP, keyCode=KEYCODE_TV_SATELLITE_CS, scanCode=0, metaState=0, flags=0x28, repeatCount=0, eventTime=17438722, downTime=17438722, deviceId=-1, source=0x101 }
09-19 16:16:31.993  6989  6989 W ViewRootImpl[PartyChatActivity]: Cancelling event due to no window focus: KeyEvent { action=ACTION_UP, keyCode=KEYCODE_TV_SATELLITE_CS, scanCode=0, metaState=0, flags=0x28, repeatCount=0, eventTime=17438722, downTime=17438722, deviceId=-1, source=0x101 }
09-19 16:16:31.994  6989  6989 W ViewRootImpl[PartyChatActivity]: Cancelling event due to no window focus: KeyEvent { action=ACTION_UP, keyCode=KEYCODE_TV_SATELLITE_CS, scanCode=0, metaState=0, flags=0x28, repeatCount=0, eventTime=17438722, downTime=17438722, deviceId=-1, source=0x101 }
09-19 16:16:31.994  6989  6989 W ViewRootImpl[PartyChatActivity]: Cancelling event due to no window focus: KeyEvent { action=ACTION_UP, keyCode=KEYCODE_TV_SATELLITE_CS, scanCode=0, metaState=0, flags=0x28, repeatCount=0, eventTime=17438722, downTime=17438722, deviceId=-1, source=0x101 }
09-19 16:16:31.994  6989  6989 W ViewRootImpl[PartyChatActivity]: Cancelling event due to no window focus: KeyEvent { action=ACTION_UP, keyCode=KEYCODE_TV_SATELLITE_CS, scanCode=0, metaState=0, flags=0x28, repeatCount=0, eventTime=17438722, downTime=17438722, deviceId=-1, source=0x101 }
09-19 16:16:31.997  1698  1698 I chatty  : uid=1000(system) com.android.coreservice expire 65 lines
09-19 16:16:34.312  1302  1644 I chatty  : uid=1000(system) Binder:1302_6 expire 3 lines
--------- beginning of main
09-19 16:16:34.370  1394  1647 W OpenGLRenderer: Failed to set EGL_SWAP_BEHAVIOR on surface 0xa4e1b060, error=EGL_BAD_MATCH
09-19 16:16:34.374  1394  1647 D EGL_adreno: eglMakeCurrent: 0xa7012860: ver 3 1 (tinfo 0xa7014600)
09-19 16:16:34.417  1302  5331 W VibratorService: Tried to stop vibrating but there is no vibrator device.
09-19 16:16:34.792  1302  5331 I chatty  : uid=1000(system) Binder:1302_F expire 2 lines
09-19 16:16:34.793  1394  1394 D PhoneStatusBar: disable: < expand icons* alerts system_info* back home recent clock search quick_settings >
09-19 16:16:34.824  1394  1647 D EGL_adreno: eglMakeCurrent: 0xa7012860: ver 3 1 (tinfo 0xa7014600)
09-19 16:16:34.860  1394  1647 E EGL_adreno: tid 1647: eglSurfaceAttrib(1338): error 0x3009 (EGL_BAD_MATCH)
09-19 16:16:34.860  1394  1647 W OpenGLRenderer: Failed to set EGL_SWAP_BEHAVIOR on surface 0xa4e0ce20, error=EGL_BAD_MATCH
09-19 16:16:34.863  1394  1647 D EGL_adreno: eglMakeCurrent: 0xa7012860: ver 3 1 (tinfo 0xa7014600)
09-19 16:16:35.687  6989  6989 W ViewRootImpl[PartyChatActivity]: Dropping event due to root view being removed: MotionEvent { action=ACTION_UP, actionButton=0, id[0]=0, x[0]=-258.27002, y[0]=-716.2901, toolType[0]=TOOL_TYPE_UNKNOWN, buttonState=0, metaState=0, flags=0x0, edgeFlags=0x0, pointerCount=1, historySize=0, eventTime=17442350, downTime=17442348, deviceId=0, source=0x1002 }
09-19 16:16:35.808  6989  7249 I chatty  : uid=10038(com.litatom.app) AgoraLogging expire 1 line
09-19 16:16:36.287  1302  3020 D NotificationService: notify pkg=com.litatom.app pid=1302
09-19 16:16:36.439  6989  6989 W ViewRootImpl[UserDetailActivity]: Dropping event due to no window focus: KeyEvent { action=ACTION_DOWN, keyCode=KEYCODE_DPAD_DOWN, scanCode=0, metaState=0, flags=0x8, repeatCount=0, eventTime=17443079, downTime=17443079, deviceId=-1, source=0x101 }
09-19 16:16:36.496  6989  6994 I chatty  : uid=10038(com.litatom.app) Jit thread pool expire 3 lines
09-19 16:16:36.942  1302  5329 I chatty  : uid=1000(system) Binder:1302_D expire 3 lines
09-19 16:16:37.460  6989  7121 I chatty  : uid=10038(com.litatom.app) RenderThread expire 234 lines
09-19 16:16:38.199 13709 13709 I appproc : exec app_process! cmdline: /system/bin com.android.commands.am.Am start -n com.litatom.app/com.lit.app.party.PartyChatActivity 
09-19 16:16:38.199 13709 13709 D AndroidRuntime: >>>>>> START com.android.internal.os.RuntimeInit uid 0 <<<<<<
09-19 16:16:38.199  6989  6989 I chatty  : uid=10038(com.litatom.app) expire 19 lines
09-19 16:16:38.202 13709 13709 D AndroidRuntime: CheckJNI is OFF
09-19 16:16:38.253 13709 13709 D ICU     : No timezone override file found: /data/misc/zoneinfo/current/icu/icu_tzdata.dat
09-19 16:16:38.267 13709 13709 D libnativebridge: PreInitializeNativeBridge name=unknown instruction_set=x86
09-19 16:16:38.268 13709 13709 D libnativebridge: call UnloadNativeBridge! state=1
09-19 16:16:38.287 13709 13709 E memtrack: Couldn't load memtrack module (No such file or directory)
09-19 16:16:38.287 13709 13709 E android.os.Debug: failed to load memtrack module: -2
09-19 16:16:38.289 13709 13709 I Radio-JNI: register_android_hardware_Radio DONE
09-19 16:16:38.297 13709 13709 D AndroidRuntime: Calling main entry com.android.commands.am.Am
09-19 16:16:38.301  1302  5330 I chatty  : uid=1000(system) Binder:1302_E expire 3 lines
09-19 16:16:38.314 13709 13709 D AndroidRuntime: Shutting down VM
09-19 16:16:38.473  1302  1347 I InputDispatcher: Dropped event because the current application is not responding and the user has started interacting with a different application.
09-19 16:16:38.473  1302  1347 I InputDispatcher: Dropped event because the current application is not responding and the user has started interacting with a different application.
09-19 16:16:38.473  1302  1314 I chatty  : uid=1000(system) Binder:1302_2 expire 4 lines
09-19 16:16:38.710  6989  6989 W ViewRootImpl[PartyChatActivity]: Cancelling event due to no window focus: KeyEvent { action=ACTION_UP, keyCode=KEYCODE_DPAD_RIGHT, scanCode=0, metaState=0, flags=0x28, repeatCount=0, eventTime=17445206, downTime=17445206, deviceId=-1, source=0x101 }
09-19 16:16:38.710  6989  6989 W ViewRootImpl[PartyChatActivity]: Cancelling event due to no window focus: KeyEvent { action=ACTION_UP, keyCode=KEYCODE_DPAD_RIGHT, scanCode=0, metaState=0, flags=0x28, repeatCount=0, eventTime=17445206, downTime=17445206, deviceId=-1, source=0x101 }
09-19 16:16:38.710  6989  6989 W ViewRootImpl[PartyChatActivity]: Cancelling event due to no window focus: KeyEvent { action=ACTION_UP, keyCode=KEYCODE_DPAD_RIGHT, scanCode=0, metaState=0, flags=0x28, repeatCount=0, eventTime=17445206, downTime=17445206, deviceId=-1, source=0x101 }
09-19 16:16:38.710  6989  6989 W ViewRootImpl[PartyChatActivity]: Cancelling event due to no window focus: KeyEvent { action=ACTION_UP, keyCode=KEYCODE_DPAD_RIGHT, scanCode=0, metaState=0, flags=0x28, repeatCount=0, eventTime=17445206, downTime=17445206, deviceId=-1, source=0x101 }
09-19 16:16:38.710  6989  6989 W ViewRootImpl[PartyChatActivity]: Cancelling event due to no window focus: KeyEvent { action=ACTION_UP, keyCode=KEYCODE_DPAD_RIGHT, scanCode=0, metaState=0, flags=0x28, repeatCount=0, eventTime=17445206, downTime=17445206, deviceId=-1, source=0x101 }
09-19 16:16:38.710  6989  6989 W ViewRootImpl[PartyChatActivity]: Cancelling event due to no window focus: KeyEvent { action=ACTION_UP, keyCode=KEYCODE_DPAD_RIGHT, scanCode=0, metaState=0, flags=0x28, repeatCount=0, eventTime=17445206, downTime=17445206, deviceId=-1, source=0x101 }
09-19 16:16:38.710  6989  6989 W ViewRootImpl[PartyChatActivity]: Cancelling event due to no window focus: KeyEvent { action=ACTION_UP, keyCode=KEYCODE_DPAD_RIGHT, scanCode=0, metaState=0, flags=0x28, repeatCount=0, eventTime=17445206, downTime=17445206, deviceId=-1, source=0x101 }
09-19 16:16:38.710  6989  6989 W ViewRootImpl[PartyChatActivity]: Cancelling event due to no window focus: KeyEvent { action=ACTION_UP, keyCode=KEYCODE_DPAD_RIGHT, scanCode=0, metaState=0, flags=0x28, repeatCount=0, eventTime=17445206, downTime=17445206, deviceId=-1, source=0x101 }
09-19 16:16:38.710  6989  6989 W ViewRootImpl[PartyChatActivity]: Cancelling event due to no window focus: KeyEvent { action=ACTION_UP, keyCode=KEYCODE_DPAD_RIGHT, scanCode=0, metaState=0, flags=0x28, repeatCount=0, eventTime=17445206, downTime=17445206, deviceId=-1, source=0x101 }
09-19 16:16:38.710  6989  6989 W ViewRootImpl[PartyChatActivity]: Cancelling event due to no window focus: KeyEvent { action=ACTION_UP, keyCode=KEYCODE_TV_INPUT_COMPOSITE_1, scanCode=0, metaState=0, flags=0x28, repeatCount=0, eventTime=17445206, downTime=17445206, deviceId=-1, source=0x101 }
09-19 16:16:38.711  6989  6989 W ViewRootImpl[PartyChatActivity]: Cancelling event due to no window focus: KeyEvent { action=ACTION_UP, keyCode=KEYCODE_TV_INPUT_COMPOSITE_1, scanCode=0, metaState=0, flags=0x28, repeatCount=0, eventTime=17445206, downTime=17445206, deviceId=-1, source=0x101 }
09-19 16:16:38.711  6989  6989 W ViewRootImpl[PartyChatActivity]: Cancelling event due to no window focus: KeyEvent { action=ACTION_UP, keyCode=KEYCODE_TV_INPUT_COMPOSITE_1, scanCode=0, metaState=0, flags=0x28, repeatCount=0, eventTime=17445206, downTime=17445206, deviceId=-1, source=0x101 }
09-19 16:16:38.711  6989  6989 W ViewRootImpl[PartyChatActivity]: Cancelling event due to no window focus: KeyEvent { action=ACTION_UP, keyCode=KEYCODE_TV_INPUT_COMPOSITE_1, scanCode=0, metaState=0, flags=0x28, repeatCount=0, eventTime=17445206, downTime=17445206, deviceId=-1, source=0x101 }
09-19 16:16:38.711  6989  6989 W ViewRootImpl[PartyChatActivity]: Cancelling event due to no window focus: KeyEvent { action=ACTION_UP, keyCode=KEYCODE_TV_INPUT_COMPOSITE_1, scanCode=0, metaState=0, flags=0x28, repeatCount=0, eventTime=17445206, downTime=17445206, deviceId=-1, source=0x101 }
09-19 16:16:38.711  6989  6989 W ViewRootImpl[PartyChatActivity]: Cancelling event due to no window focus: KeyEvent { action=ACTION_UP, keyCode=KEYCODE_TV_INPUT_COMPOSITE_1, scanCode=0, metaState=0, flags=0x28, repeatCount=0, eventTime=17445206, downTime=17445206, deviceId=-1, source=0x101 }
09-19 16:16:38.711  6989  6989 W ViewRootImpl[PartyChatActivity]: Cancelling event due to no window focus: KeyEvent { action=ACTION_UP, keyCode=KEYCODE_TV_INPUT_COMPOSITE_1, scanCode=0, metaState=0, flags=0x28, repeatCount=0, eventTime=17445206, downTime=17445206, deviceId=-1, source=0x101 }
09-19 16:16:38.711  6989  6989 W ViewRootImpl[PartyChatActivity]: Cancelling event due to no window focus: KeyEvent { action=ACTION_UP, keyCode=KEYCODE_TV_INPUT_COMPOSITE_1, scanCode=0, metaState=0, flags=0x28, repeatCount=0, eventTime=17445206, downTime=17445206, deviceId=-1, source=0x101 }
09-19 16:16:38.711  6989  6989 W ViewRootImpl[PartyChatActivity]: Cancelling event due to no window focus: KeyEvent { action=ACTION_UP, keyCode=KEYCODE_TV_INPUT_COMPOSITE_1, scanCode=0, metaState=0, flags=0x28, repeatCount=0, eventTime=17445206, downTime=17445206, deviceId=-1, source=0x101 }
09-19 16:16:38.711  6989  6989 W ViewRootImpl[PartyChatActivity]: Dropping event due to no window focus: KeyEvent { action=ACTION_DOWN, keyCode=KEYCODE_DPAD_UP, scanCode=0, metaState=0, flags=0x8, repeatCount=0, eventTime=17445345, downTime=17445345, deviceId=-1, source=0x101 }
09-19 16:16:38.713  6989  6989 W ViewRootImpl[PartyChatActivity]: Cancelling event due to no window focus: KeyEvent { action=ACTION_UP, keyCode=KEYCODE_DPAD_UP, scanCode=0, metaState=0, flags=0x28, repeatCount=0, eventTime=17445444, downTime=17445444, deviceId=-1, source=0x101 }
09-19 16:16:38.713  6989  6989 W ViewRootImpl[PartyChatActivity]: Cancelling event due to no window focus: KeyEvent { action=ACTION_UP, keyCode=KEYCODE_DPAD_UP, scanCode=0, metaState=0, flags=0x28, repeatCount=0, eventTime=17445444, downTime=17445444, deviceId=-1, source=0x101 }
09-19 16:16:38.713  6989  6989 W ViewRootImpl[PartyChatActivity]: Cancelling event due to no window focus: KeyEvent { action=ACTION_UP, keyCode=KEYCODE_DPAD_UP, scanCode=0, metaState=0, flags=0x28, repeatCount=0, eventTime=17445444, downTime=17445444, deviceId=-1, source=0x101 }
09-19 16:16:38.713  6989  6989 W ViewRootImpl[PartyChatActivity]: Cancelling event due to no window focus: KeyEvent { action=ACTION_UP, keyCode=KEYCODE_DPAD_UP, scanCode=0, metaState=0, flags=0x28, repeatCount=0, eventTime=17445444, downTime=17445444, deviceId=-1, source=0x101 }
09-19 16:16:38.713  6989  6989 W ViewRootImpl[PartyChatActivity]: Cancelling event due to no window focus: KeyEvent { action=ACTION_UP, keyCode=KEYCODE_DPAD_UP, scanCode=0, metaState=0, flags=0x28, repeatCount=0, eventTime=17445444, downTime=17445444, deviceId=-1, source=0x101 }
09-19 16:16:38.713  6989  6989 W ViewRootImpl[PartyChatActivity]: Cancelling event due to no window focus: KeyEvent { action=ACTION_UP, keyCode=KEYCODE_DPAD_UP, scanCode=0, metaState=0, flags=0x28, repeatCount=0, eventTime=17445444, downTime=17445444, deviceId=-1, source=0x101 }
09-19 16:16:38.713  6989  6989 W ViewRootImpl[PartyChatActivity]: Cancelling event due to no window focus: KeyEvent { action=ACTION_UP, keyCode=KEYCODE_DPAD_UP, scanCode=0, metaState=0, flags=0x28, repeatCount=0, eventTime=17445444, downTime=17445444, deviceId=-1, source=0x101 }
09-19 16:16:38.713  6989  6989 W ViewRootImpl[PartyChatActivity]: Cancelling event due to no window focus: KeyEvent { action=ACTION_UP, keyCode=KEYCODE_DPAD_UP, scanCode=0, metaState=0, flags=0x28, repeatCount=0, eventTime=17445444, downTime=17445444, deviceId=-1, source=0x101 }
09-19 16:16:38.713  6989  6989 W ViewRootImpl[PartyChatActivity]: Cancelling event due to no window focus: KeyEvent { action=ACTION_UP, keyCode=KEYCODE_DPAD_UP, scanCode=0, metaState=0, flags=0x28, repeatCount=0, eventTime=17445444, downTime=17445444, deviceId=-1, source=0x101 }
09-19 16:16:38.750  1302  1323 I ActivityManager: Displayed com.litatom.app/com.lit.app.party.PartyChatActivity: +401ms
09-19 16:16:40.258  1302  3015 I chatty  : uid=1000(system) Binder:1302_7 expire 3 lines
09-19 16:16:40.518  6989  7001 I chatty  : uid=10038(com.litatom.app) Binder:6989_1 expire 2 lines
09-19 16:16:40.869  6989  6989 W ViewRootImpl[PartyChatActivity]: Dropping event due to root view being removed: KeyEvent { action=ACTION_DOWN, keyCode=KEYCODE_DPAD_DOWN, scanCode=0, metaState=0, flags=0x400, repeatCount=0, eventTime=17447553, downTime=17447553, deviceId=-1, source=0x101 }
09-19 16:16:40.869  6989  6989 W ViewRootImpl[PartyChatActivity]: Dropping event due to root view being removed: KeyEvent { action=ACTION_UP, keyCode=KEYCODE_DPAD_DOWN, scanCode=0, metaState=0, flags=0x400, repeatCount=0, eventTime=17447553, downTime=17447553, deviceId=-1, source=0x101 }
09-19 16:16:41.245  6989  7121 I chatty  : uid=10038(com.litatom.app) RenderThread expire 157 lines
09-19 16:16:41.646  1302  1302 I chatty  : uid=1000 system_server expire 8 lines
09-19 16:16:41.696  6989  6989 I chatty  : uid=10038(com.litatom.app) expire 29 lines
09-19 16:16:41.774  6989  7249 I chatty  : uid=10038(com.litatom.app) AgoraLogging expire 3 lines
09-19 16:16:42.370  1302  1643 I chatty  : uid=1000(system) Binder:1302_5 expire 4 lines
09-19 16:16:42.371  1302  3017 I chatty  : uid=1000(system) Binder:1302_9 expire 3 lines
09-19 16:16:42.845  1302  3019 I chatty  : uid=1000(system) Binder:1302_B expire 2 lines
09-19 16:16:44.077  1302  3015 D NotificationService: notify pkg=android pid=1302
09-19 16:16:44.078  1302  3018 D NotificationService: notify pkg=android pid=1302
09-19 16:16:44.149  2010  3719 E EGL_adreno: tid 3719: eglSurfaceAttrib(1338): error 0x3009 (EGL_BAD_MATCH)
09-19 16:16:44.150  2010  3719 W OpenGLRenderer: Failed to set EGL_SWAP_BEHAVIOR on surface 0xb8f746c0, error=EGL_BAD_MATCH
09-19 16:16:44.660  6989  8831 I chatty  : uid=10038(com.litatom.app) Binder:6989_4 expire 2 lines
09-19 16:16:44.994  6989  7090 I chatty  : uid=10038(com.litatom.app) LogingTaskQueue expire 24 lines
09-19 16:16:45.381  1302  1617 I chatty  : uid=1000(system) Binder:1302_4 expire 4 lines
09-19 16:16:45.984  6989  6989 W ViewRootImpl[PartyChatActivity]: Dropping event due to no window focus: KeyEvent { action=ACTION_DOWN, keyCode=KEYCODE_DPAD_DOWN, scanCode=0, metaState=0, flags=0x8, repeatCount=0, eventTime=17452617, downTime=17452617, deviceId=-1, source=0x101 }
09-19 16:16:45.985  6989  6989 W ViewRootImpl[PartyChatActivity]: Cancelling event due to no window focus: KeyEvent { action=ACTION_UP, keyCode=KEYCODE_DPAD_DOWN, scanCode=0, metaState=0, flags=0x28, repeatCount=0, eventTime=17452622, downTime=17452622, deviceId=-1, source=0x101 }
09-19 16:16:45.985  6989  6989 W ViewRootImpl[PartyChatActivity]: Cancelling event due to no window focus: KeyEvent { action=ACTION_UP, keyCode=KEYCODE_DPAD_DOWN, scanCode=0, metaState=0, flags=0x28, repeatCount=0, eventTime=17452622, downTime=17452622, deviceId=-1, source=0x101 }
09-19 16:16:45.985  6989  6989 W ViewRootImpl[PartyChatActivity]: Cancelling event due to no window focus: KeyEvent { action=ACTION_UP, keyCode=KEYCODE_DPAD_DOWN, scanCode=0, metaState=0, flags=0x28, repeatCount=0, eventTime=17452622, downTime=17452622, deviceId=-1, source=0x101 }
09-19 16:16:45.985  6989  6989 W ViewRootImpl[PartyChatActivity]: Cancelling event due to no window focus: KeyEvent { action=ACTION_UP, keyCode=KEYCODE_DPAD_DOWN, scanCode=0, metaState=0, flags=0x28, repeatCount=0, eventTime=17452622, downTime=17452622, deviceId=-1, source=0x101 }
09-19 16:16:45.985  6989  6989 W ViewRootImpl[PartyChatActivity]: Cancelling event due to no window focus: KeyEvent { action=ACTION_UP, keyCode=KEYCODE_DPAD_DOWN, scanCode=0, metaState=0, flags=0x28, repeatCount=0, eventTime=17452622, downTime=17452622, deviceId=-1, source=0x101 }
09-19 16:16:45.985  6989  6989 W ViewRootImpl[PartyChatActivity]: Cancelling event due to no window focus: KeyEvent { action=ACTION_UP, keyCode=KEYCODE_DPAD_DOWN, scanCode=0, metaState=0, flags=0x28, repeatCount=0, eventTime=17452622, downTime=17452622, deviceId=-1, source=0x101 }
09-19 16:16:45.985  6989  6989 W ViewRootImpl[PartyChatActivity]: Cancelling event due to no window focus: KeyEvent { action=ACTION_UP, keyCode=KEYCODE_DPAD_DOWN, scanCode=0, metaState=0, flags=0x28, repeatCount=0, eventTime=17452622, downTime=17452622, deviceId=-1, source=0x101 }
09-19 16:16:45.985  6989  6989 W ViewRootImpl[PartyChatActivity]: Cancelling event due to no window focus: KeyEvent { action=ACTION_UP, keyCode=KEYCODE_DPAD_DOWN, scanCode=0, metaState=0, flags=0x28, repeatCount=0, eventTime=17452622, downTime=17452622, deviceId=-1, source=0x101 }
09-19 16:16:45.985  6989  6989 W ViewRootImpl[PartyChatActivity]: Cancelling event due to no window focus: KeyEvent { action=ACTION_UP, keyCode=KEYCODE_DPAD_DOWN, scanCode=0, metaState=0, flags=0x28, repeatCount=0, eventTime=17452622, downTime=17452622, deviceId=-1, source=0x101 }
09-19 16:16:45.986  6989  6989 W ViewRootImpl[PartyChatActivity]: Dropping event due to no window focus: KeyEvent { action=ACTION_DOWN, keyCode=KEYCODE_BACKSLASH, scanCode=0, metaState=0, flags=0x8, repeatCount=0, eventTime=17452699, downTime=17452699, deviceId=-1, source=0x101 }
09-19 16:16:45.988  1698  1698 I chatty  : uid=1000(system) com.android.coreservice expire 14 lines
09-19 16:16:46.204  6989  7161 I chatty  : uid=10038(com.litatom.app) CatThread expire 40 lines
09-19 16:16:46.294  1302  1316 I chatty  : uid=1000(system) ActivityManager expire 2 lines
09-19 16:16:46.808  6989  7090 I chatty  : uid=10038(com.litatom.app) LogingTaskQueue expire 17 lines
09-19 16:16:46.827  1302  1313 I chatty  : uid=1000(system) Binder:1302_1 expire 1 line
09-19 16:16:46.855  6989  7121 I chatty  : uid=10038(com.litatom.app) RenderThread expire 193 lines
09-19 16:16:46.872  6989  6989 I chatty  : uid=10038(com.litatom.app) expire 10 lines
09-19 16:16:47.352  1302  5333 I chatty  : uid=1000(system) Binder:1302_11 expire 1 line
09-19 16:16:47.513  1302  1545 I chatty  : uid=1000(system) Binder:1302_3 expire 4 lines
09-19 16:16:48.779  6989 13696 I chatty  : uid=10038(com.litatom.app) Binder:6989_5 expire 2 lines
09-19 16:16:49.546  1302  5332 I chatty  : uid=1000(system) Binder:1302_10 expire 3 lines
09-19 16:16:49.549  1302  3018 I chatty  : uid=1000(system) Binder:1302_A expire 2 lines
09-19 16:16:50.772  6989  7249 I chatty  : uid=10038(com.litatom.app) AgoraLogging expire 2 lines
09-19 16:16:52.872  6989  7001 I chatty  : uid=10038(com.litatom.app) Binder:6989_1 expire 2 lines
09-19 16:16:55.849  1394  1629 I vol.Events: writeEvent active_stream_changed STREAM_MUSIC
09-19 16:16:55.850  1394  1629 I vol.Events: writeEvent key STREAM_MUSIC 0
09-19 16:16:55.864  1394  1394 I vol.Events: writeEvent show_dialog volume_changed keyguard=false
09-19 16:16:55.906  1394  1647 E EGL_adreno: tid 1647: eglSurfaceAttrib(1338): error 0x3009 (EGL_BAD_MATCH)
09-19 16:16:55.906  1394  1647 W OpenGLRenderer: Failed to set EGL_SWAP_BEHAVIOR on surface 0xa4e0e180, error=EGL_BAD_MATCH
09-19 16:16:55.909  1394  1647 D EGL_adreno: eglMakeCurrent: 0xa7012860: ver 3 1 (tinfo 0xa7014600)
09-19 16:16:56.169  1302  1313 D NotificationService: notify pkg=com.litatom.app pid=1302
09-19 16:16:56.203  6989  6989 W ViewRootImpl[UserDetailActivity]: Dropping event due to no window focus: MotionEvent { action=ACTION_MOVE, actionButton=0, id[0]=0, x[0]=4.0, y[0]=-4.0, toolType[0]=TOOL_TYPE_UNKNOWN, buttonState=0, metaState=0, flags=0x0, edgeFlags=0x0, pointerCount=1, historySize=1, eventTime=17462927, downTime=-1, deviceId=0, source=0x10004 }
09-19 16:16:56.246  1394  1647 D EGL_adreno: eglMakeCurrent: 0xa7012860: ver 3 1 (tinfo 0xa7014600)
09-19 16:16:56.253  1394  1647 D EGL_adreno: eglMakeCurrent: 0xa7012860: ver 3 1 (tinfo 0xa7014600)
09-19 16:16:56.263  6989  6989 W ViewRootImpl[UserDetailActivity]: Dropping event due to no window focus: MotionEvent { action=ACTION_MOVE, actionButton=0, id[0]=0, x[0]=-4.0, y[0]=-2.0, toolType[0]=TOOL_TYPE_UNKNOWN, buttonState=0, metaState=0, flags=0x0, edgeFlags=0x0, pointerCount=1, historySize=5, eventTime=17462944, downTime=-1, deviceId=0, source=0x10004 }
09-19 16:16:56.263  6989  6989 W ViewRootImpl[UserDetailActivity]: Dropping event due to no window focus: MotionEvent { action=ACTION_DOWN, actionButton=0, id[0]=0, x[0]=0.0, y[0]=0.0, toolType[0]=TOOL_TYPE_UNKNOWN, buttonState=0, metaState=0, flags=0x0, edgeFlags=0x0, pointerCount=1, historySize=0, eventTime=17462945, downTime=17462921, deviceId=0, source=0x10004 }
09-19 16:16:56.264  1698  1698 I chatty  : uid=1000(system) com.android.coreservice expire 33 lines
09-19 16:16:56.264  6989  6989 W ViewRootImpl[UserDetailActivity]: Cancelling event due to no window focus: MotionEvent { action=ACTION_CANCEL, actionButton=0, id[0]=0, x[0]=0.0, y[0]=0.0, toolType[0]=TOOL_TYPE_UNKNOWN, buttonState=0, metaState=0, flags=0x0, edgeFlags=0x0, pointerCount=1, historySize=0, eventTime=17462946, downTime=17462921, deviceId=0, source=0x10004 }
09-19 16:16:56.264  6989  6989 W ViewRootImpl[UserDetailActivity]: Cancelling event due to no window focus: MotionEvent { action=ACTION_CANCEL, actionButton=0, id[0]=0, x[0]=0.0, y[0]=0.0, toolType[0]=TOOL_TYPE_UNKNOWN, buttonState=0, metaState=0, flags=0x0, edgeFlags=0x0, pointerCount=1, historySize=0, eventTime=17462946, downTime=17462921, deviceId=0, source=0x10004 }
09-19 16:16:56.264  6989  6989 W ViewRootImpl[UserDetailActivity]: Cancelling event due to no window focus: MotionEvent { action=ACTION_CANCEL, actionButton=0, id[0]=0, x[0]=0.0, y[0]=0.0, toolType[0]=TOOL_TYPE_UNKNOWN, buttonState=0, metaState=0, flags=0x0, edgeFlags=0x0, pointerCount=1, historySize=0, eventTime=17462946, downTime=17462921, deviceId=0, source=0x10004 }
09-19 16:16:56.264  6989  6989 W ViewRootImpl[UserDetailActivity]: Cancelling event due to no window focus: MotionEvent { action=ACTION_CANCEL, actionButton=0, id[0]=0, x[0]=0.0, y[0]=0.0, toolType[0]=TOOL_TYPE_UNKNOWN, buttonState=0, metaState=0, flags=0x0, edgeFlags=0x0, pointerCount=1, historySize=0, eventTime=17462946, downTime=17462921, deviceId=0, source=0x10004 }
09-19 16:16:56.264  6989  6989 W ViewRootImpl[UserDetailActivity]: Cancelling event due to no window focus: MotionEvent { action=ACTION_CANCEL, actionButton=0, id[0]=0, x[0]=0.0, y[0]=0.0, toolType[0]=TOOL_TYPE_UNKNOWN, buttonState=0, metaState=0, flags=0x0, edgeFlags=0x0, pointerCount=1, historySize=0, eventTime=17462946, downTime=17462921, deviceId=0, source=0x10004 }
09-19 16:16:56.264  6989  6989 W ViewRootImpl[UserDetailActivity]: Cancelling event due to no window focus: MotionEvent { action=ACTION_CANCEL, actionButton=0, id[0]=0, x[0]=0.0, y[0]=0.0, toolType[0]=TOOL_TYPE_UNKNOWN, buttonState=0, metaState=0, flags=0x0, edgeFlags=0x0, pointerCount=1, historySize=0, eventTime=17462946, downTime=17462921, deviceId=0, source=0x10004 }
09-19 16:16:56.264  6989  6989 W ViewRootImpl[UserDetailActivity]: Cancelling event due to no window focus: MotionEvent { action=ACTION_CANCEL, actionButton=0, id[0]=0, x[0]=0.0, y[0]=0.0, toolType[0]=TOOL_TYPE_UNKNOWN, buttonState=0, metaState=0, flags=0x0, edgeFlags=0x0, pointerCount=1, historySize=0, eventTime=17462946, downTime=17462921, deviceId=0, source=0x10004 }
09-19 16:16:56.282  6989  6989 W ViewRootImpl[PartyChatActivity]: Dropping event due to no window focus: MotionEvent { action=ACTION_MOVE, actionButton=0, id[0]=0, x[0]=-3.0, y[0]=-5.0, toolType[0]=TOOL_TYPE_UNKNOWN, buttonState=0, metaState=0, flags=0x0, edgeFlags=0x0, pointerCount=1, historySize=1, eventTime=17462923, downTime=-1, deviceId=0, source=0x10004 }
09-19 16:16:56.321  1394  1647 D EGL_adreno: eglMakeCurrent: 0xa7012860: ver 3 1 (tinfo 0xa7014600)
09-19 16:16:56.556  1394  1647 D EGL_adreno: eglMakeCurrent: 0xa7012860: ver 3 1 (tinfo 0xa7014600)
09-19 16:16:56.557  1394  1394 I vol.Events: writeEvent icon_click STREAM_MUSIC mute
09-19 16:16:56.562  1394  1629 I vol.Events: writeEvent level_changed STREAM_MUSIC 1
09-19 16:16:56.737  1394  1647 D EGL_adreno: eglMakeCurrent: 0xa7012860: ver 3 1 (tinfo 0xa7014600)
09-19 16:16:56.745  1394  1647 D EGL_adreno: eglMakeCurrent: 0xa7012860: ver 3 1 (tinfo 0xa7014600)
09-19 16:16:56.877  1394  1394 I vol.Events: writeEvent dismiss_dialog touch_outside
09-19 16:16:56.880  1394  1629 I vol.Events: writeEvent active_stream_changed UNKNOWN_STREAM_-1
09-19 16:16:56.890  6989  7121 I chatty  : uid=10038(com.litatom.app) RenderThread expire 27 lines
09-19 16:16:56.975  6989  7002 I chatty  : uid=10038(com.litatom.app) Binder:6989_2 expire 2 lines
09-19 16:16:57.193  1394  1647 D EGL_adreno: eglMakeCurrent: 0xa7012860: ver 3 1 (tinfo 0xa7014600)
09-19 16:16:57.225  1394  1647 D OpenGLRenderer: endAllActiveAnimators on 0xa71b4200 (RippleDrawable) with handle 0xa3aff850
09-19 16:16:57.232  6989  7121 I chatty  : uid=10038(com.litatom.app) RenderThread expire 238 lines
09-19 16:16:59.253  6989  6989 I chatty  : uid=10038(com.litatom.app) expire 4 lines
09-19 16:16:59.726 13855 13855 I appproc : exec app_process! cmdline: /system/bin com.android.commands.am.Am start -n com.litatom.app/com.lit.app.party.PartyChatActivity 
09-19 16:16:59.726 13855 13855 D AndroidRuntime: >>>>>> START com.android.internal.os.RuntimeInit uid 0 <<<<<<
09-19 16:16:59.728 13855 13855 D AndroidRuntime: CheckJNI is OFF
09-19 16:16:59.782 13855 13855 D ICU     : No timezone override file found: /data/misc/zoneinfo/current/icu/icu_tzdata.dat
09-19 16:16:59.794 13855 13855 D libnativebridge: PreInitializeNativeBridge name=unknown instruction_set=x86
09-19 16:16:59.794 13855 13855 D libnativebridge: call UnloadNativeBridge! state=1
09-19 16:16:59.814 13855 13855 E memtrack: Couldn't load memtrack module (No such file or directory)
09-19 16:16:59.815 13855 13855 E android.os.Debug: failed to load memtrack module: -2
09-19 16:16:59.816 13855 13855 I Radio-JNI: register_android_hardware_Radio DONE
09-19 16:16:59.819  6989  7090 I chatty  : uid=10038(com.litatom.app) LogingTaskQueue expire 26 lines
09-19 16:16:59.831 13855 13855 D AndroidRuntime: Calling main entry com.android.commands.am.Am
09-19 16:16:59.843 13855 13855 D AndroidRuntime: Shutting down VM
09-19 16:16:59.926  1302  1347 I InputDispatcher: Dropped event because the current application is not responding and the user has started interacting with a different application.
09-19 16:17:00.002  1394  1647 D EGL_adreno: eglMakeCurrent: 0xa7012860: ver 3 1 (tinfo 0xa7014600)
09-19 16:17:00.176  6989  7121 I chatty  : uid=10038(com.litatom.app) RenderThread expire 212 lines
09-19 16:17:00.223  6989  6989 W ViewRootImpl[PartyChatActivity]: Dropping event due to no window focus: MotionEvent { action=ACTION_MOVE, actionButton=0, id[0]=0, x[0]=-2.0, y[0]=3.0, toolType[0]=TOOL_TYPE_UNKNOWN, buttonState=0, metaState=0, flags=0x0, edgeFlags=0x0, pointerCount=1, historySize=9, eventTime=17466885, downTime=-1, deviceId=0, source=0x10004 }
09-19 16:17:00.258  6989  6989 W ViewRootImpl[PartyChatActivity]: Dropping event due to no window focus: KeyEvent { action=ACTION_DOWN, keyCode=KEYCODE_7, scanCode=0, metaState=0, flags=0x8, repeatCount=0, eventTime=17466886, downTime=17466886, deviceId=-1, source=0x101 }
09-19 16:17:00.258  6989  6989 W ViewRootImpl[PartyChatActivity]: Cancelling event due to no window focus: KeyEvent { action=ACTION_UP, keyCode=KEYCODE_7, scanCode=0, metaState=0, flags=0x28, repeatCount=0, eventTime=17466958, downTime=17466958, deviceId=-1, source=0x101 }
09-19 16:17:00.258  6989  6989 W ViewRootImpl[PartyChatActivity]: Cancelling event due to no window focus: KeyEvent { action=ACTION_UP, keyCode=KEYCODE_7, scanCode=0, metaState=0, flags=0x28, repeatCount=0, eventTime=17466958, downTime=17466958, deviceId=-1, source=0x101 }
09-19 16:17:00.258  6989  6989 W ViewRootImpl[PartyChatActivity]: Cancelling event due to no window focus: KeyEvent { action=ACTION_UP, keyCode=KEYCODE_7, scanCode=0, metaState=0, flags=0x28, repeatCount=0, eventTime=17466958, downTime=17466958, deviceId=-1, source=0x101 }
09-19 16:17:00.258  6989  6989 W ViewRootImpl[PartyChatActivity]: Cancelling event due to no window focus: KeyEvent { action=ACTION_UP, keyCode=KEYCODE_7, scanCode=0, metaState=0, flags=0x28, repeatCount=0, eventTime=17466958, downTime=17466958, deviceId=-1, source=0x101 }
09-19 16:17:00.258  6989  6989 W ViewRootImpl[PartyChatActivity]: Cancelling event due to no window focus: KeyEvent { action=ACTION_UP, keyCode=KEYCODE_7, scanCode=0, metaState=0, flags=0x28, repeatCount=0, eventTime=17466958, downTime=17466958, deviceId=-1, source=0x101 }
09-19 16:17:00.262  1302  1323 I ActivityManager: Displayed com.litatom.app/com.lit.app.party.PartyChatActivity: +406ms
09-19 16:17:00.262  6989  6989 W ViewRootImpl[PartyChatActivity]: Cancelling event due to no window focus: KeyEvent { action=ACTION_UP, keyCode=KEYCODE_7, scanCode=0, metaState=0, flags=0x28, repeatCount=0, eventTime=17466958, downTime=17466958, deviceId=-1, source=0x101 }
09-19 16:17:00.262  6989  6989 W ViewRootImpl[PartyChatActivity]: Cancelling event due to no window focus: KeyEvent { action=ACTION_UP, keyCode=KEYCODE_7, scanCode=0, metaState=0, flags=0x28, repeatCount=0, eventTime=17466958, downTime=17466958, deviceId=-1, source=0x101 }
09-19 16:17:00.262  6989  6989 W ViewRootImpl[PartyChatActivity]: Cancelling event due to no window focus: KeyEvent { action=ACTION_UP, keyCode=KEYCODE_7, scanCode=0, metaState=0, flags=0x28, repeatCount=0, eventTime=17466958, downTime=17466958, deviceId=-1, source=0x101 }
09-19 16:17:00.262  6989  6989 W ViewRootImpl[PartyChatActivity]: Cancelling event due to no window focus: KeyEvent { action=ACTION_UP, keyCode=KEYCODE_7, scanCode=0, metaState=0, flags=0x28, repeatCount=0, eventTime=17466958, downTime=17466958, deviceId=-1, source=0x101 }
09-19 16:17:00.263  6989  6989 W ViewRootImpl[PartyChatActivity]: Dropping event due to no window focus: KeyEvent { action=ACTION_DOWN, keyCode=KEYCODE_DPAD_DOWN, scanCode=0, metaState=0, flags=0x8, repeatCount=0, eventTime=17466974, downTime=17466974, deviceId=-1, source=0x101 }
09-19 16:17:00.776  1302  3016 I chatty  : uid=1000(system) Binder:1302_8 expire 1 line
09-19 16:17:00.782  1394  1394 D PhoneStatusBar: disable: < expand ICONS* alerts SYSTEM_INFO* back home recent clock search quick_settings >
09-19 16:17:00.788  1302  5333 W VibratorService: Tried to stop vibrating but there is no vibrator device.
09-19 16:17:00.803  6989  7249 I chatty  : uid=10038(com.litatom.app) AgoraLogging expire 2 lines
09-19 16:17:00.807  1394  1647 D EGL_adreno: eglMakeCurrent: 0xa7012860: ver 3 1 (tinfo 0xa7014600)
09-19 16:17:00.850  1394  1647 E EGL_adreno: tid 1647: eglSurfaceAttrib(1338): error 0x3009 (EGL_BAD_MATCH)
09-19 16:17:00.850  1394  1647 W OpenGLRenderer: Failed to set EGL_SWAP_BEHAVIOR on surface 0xa4e0efe0, error=EGL_BAD_MATCH
09-19 16:17:00.852  1394  1647 D EGL_adreno: eglMakeCurrent: 0xa7012860: ver 3 1 (tinfo 0xa7014600)
09-19 16:17:01.067  6989  7001 I chatty  : uid=10038(com.litatom.app) Binder:6989_1 expire 2 lines
09-19 16:17:01.110  1394  1629 I vol.Events: writeEvent level_changed STREAM_MUSIC 0
09-19 16:17:01.112  1394  1629 I vol.Events: writeEvent active_stream_changed STREAM_MUSIC
09-19 16:17:01.114  1394  1629 I vol.Events: writeEvent key STREAM_MUSIC 0
09-19 16:17:01.144  1394  1394 I vol.Events: writeEvent show_dialog volume_changed keyguard=false
09-19 16:17:01.192  1394  1647 E EGL_adreno: tid 1647: eglSurfaceAttrib(1338): error 0x3009 (EGL_BAD_MATCH)
09-19 16:17:01.192  1394  1647 W OpenGLRenderer: Failed to set EGL_SWAP_BEHAVIOR on surface 0xa45ae3e0, error=EGL_BAD_MATCH
09-19 16:17:01.212  1394  1647 D EGL_adreno: eglMakeCurrent: 0xa7012860: ver 3 1 (tinfo 0xa7014600)
09-19 16:17:01.224  1394  1647 D EGL_adreno: eglMakeCurrent: 0xa7012860: ver 3 1 (tinfo 0xa7014600)
09-19 16:17:01.228  1394  1647 D EGL_adreno: eglMakeCurrent: 0xa7012860: ver 3 1 (tinfo 0xa7014600)
09-19 16:17:01.243  1394  1647 D EGL_adreno: eglMakeCurrent: 0xa7012860: ver 3 1 (tinfo 0xa7014600)
09-19 16:17:01.248  1394  1647 D EGL_adreno: eglMakeCurrent: 0xa7012860: ver 3 1 (tinfo 0xa7014600)
09-19 16:17:01.255  1394  1647 D EGL_adreno: eglMakeCurrent: 0xa7012860: ver 3 1 (tinfo 0xa7014600)
09-19 16:17:01.262  1394  1647 D EGL_adreno: eglMakeCurrent: 0xa7012860: ver 3 1 (tinfo 0xa7014600)
09-19 16:17:01.269  1394  1647 D EGL_adreno: eglMakeCurrent: 0xa7012860: ver 3 1 (tinfo 0xa7014600)
09-19 16:17:01.279  1394  1647 D EGL_adreno: eglMakeCurrent: 0xa7012860: ver 3 1 (tinfo 0xa7014600)
09-19 16:17:01.291  1394  1647 D EGL_adreno: eglMakeCurrent: 0xa7012860: ver 3 1 (tinfo 0xa7014600)
09-19 16:17:01.295  1394  1647 D EGL_adreno: eglMakeCurrent: 0xa7012860: ver 3 1 (tinfo 0xa7014600)
09-19 16:17:01.305  1394  1647 D EGL_adreno: eglMakeCurrent: 0xa7012860: ver 3 1 (tinfo 0xa7014600)
09-19 16:17:01.311  1394  1647 D EGL_adreno: eglMakeCurrent: 0xa7012860: ver 3 1 (tinfo 0xa7014600)
09-19 16:17:01.320  1394  1647 D EGL_adreno: eglMakeCurrent: 0xa7012860: ver 3 1 (tinfo 0xa7014600)
09-19 16:17:01.330  1394  1647 D EGL_adreno: eglMakeCurrent: 0xa7012860: ver 3 1 (tinfo 0xa7014600)
09-19 16:17:01.337  1394  1647 D EGL_adreno: eglMakeCurrent: 0xa7012860: ver 3 1 (tinfo 0xa7014600)
09-19 16:17:01.344  1394  1647 D EGL_adreno: eglMakeCurrent: 0xa7012860: ver 3 1 (tinfo 0xa7014600)
09-19 16:17:01.353  1394  1647 D EGL_adreno: eglMakeCurrent: 0xa7012860: ver 3 1 (tinfo 0xa7014600)
09-19 16:17:01.358  1394  1647 D EGL_adreno: eglMakeCurrent: 0xa7012860: ver 3 1 (tinfo 0xa7014600)
09-19 16:17:01.371  1394  1647 D EGL_adreno: eglMakeCurrent: 0xa7012860: ver 3 1 (tinfo 0xa7014600)
09-19 16:17:01.377  1394  1647 D EGL_adreno: eglMakeCurrent: 0xa7012860: ver 3 1 (tinfo 0xa7014600)
09-19 16:17:01.391  1394  1647 D EGL_adreno: eglMakeCurrent: 0xa7012860: ver 3 1 (tinfo 0xa7014600)
09-19 16:17:01.395  1394  1647 D EGL_adreno: eglMakeCurrent: 0xa7012860: ver 3 1 (tinfo 0xa7014600)
09-19 16:17:01.404  1394  1647 D EGL_adreno: eglMakeCurrent: 0xa7012860: ver 3 1 (tinfo 0xa7014600)
09-19 16:17:01.410  1394  1647 D EGL_adreno: eglMakeCurrent: 0xa7012860: ver 3 1 (tinfo 0xa7014600)
09-19 16:17:01.420  1394  1647 D EGL_adreno: eglMakeCurrent: 0xa7012860: ver 3 1 (tinfo 0xa7014600)
09-19 16:17:01.425  1394  1647 D EGL_adreno: eglMakeCurrent: 0xa7012860: ver 3 1 (tinfo 0xa7014600)
09-19 16:17:01.436  1394  1647 D EGL_adreno: eglMakeCurrent: 0xa7012860: ver 3 1 (tinfo 0xa7014600)
09-19 16:17:01.441  1394  1647 D EGL_adreno: eglMakeCurrent: 0xa7012860: ver 3 1 (tinfo 0xa7014600)
09-19 16:17:01.453  1394  1647 D EGL_adreno: eglMakeCurrent: 0xa7012860: ver 3 1 (tinfo 0xa7014600)
09-19 16:17:01.459  1394  1647 D EGL_adreno: eglMakeCurrent: 0xa7012860: ver 3 1 (tinfo 0xa7014600)
09-19 16:17:01.470  1394  1647 D EGL_adreno: eglMakeCurrent: 0xa7012860: ver 3 1 (tinfo 0xa7014600)
09-19 16:17:01.474  1394  1647 D EGL_adreno: eglMakeCurrent: 0xa7012860: ver 3 1 (tinfo 0xa7014600)
09-19 16:17:01.490  1394  1647 D EGL_adreno: eglMakeCurrent: 0xa7012860: ver 3 1 (tinfo 0xa7014600)
09-19 16:17:01.493  1394  1647 D EGL_adreno: eglMakeCurrent: 0xa7012860: ver 3 1 (tinfo 0xa7014600)
09-19 16:17:01.514  1394  1647 D EGL_adreno: eglMakeCurrent: 0xa7012860: ver 3 1 (tinfo 0xa7014600)
09-19 16:17:01.519  1394  1647 D EGL_adreno: eglMakeCurrent: 0xa7012860: ver 3 1 (tinfo 0xa7014600)
09-19 16:17:01.526  1394  1647 D EGL_adreno: eglMakeCurrent: 0xa7012860: ver 3 1 (tinfo 0xa7014600)
09-19 16:17:01.529  1394  1647 D EGL_adreno: eglMakeCurrent: 0xa7012860: ver 3 1 (tinfo 0xa7014600)
09-19 16:17:01.533  1394  1394 D PhoneStatusBar: disable: < expand icons* alerts system_info* back home recent clock search quick_settings >
09-19 16:17:01.589  1394  1647 E EGL_adreno: tid 1647: eglSurfaceAttrib(1338): error 0x3009 (EGL_BAD_MATCH)
09-19 16:17:01.589  1394  1647 W OpenGLRenderer: Failed to set EGL_SWAP_BEHAVIOR on surface 0xa45aade0, error=EGL_BAD_MATCH
09-19 16:17:01.591  1394  1647 D EGL_adreno: eglMakeCurrent: 0xa7012860: ver 3 1 (tinfo 0xa7014600)
09-19 16:17:01.602  1394  1647 D EGL_adreno: eglMakeCurrent: 0xa7012860: ver 3 1 (tinfo 0xa7014600)
09-19 16:17:01.608  1394  1647 D EGL_adreno: eglMakeCurrent: 0xa7012860: ver 3 1 (tinfo 0xa7014600)
09-19 16:17:01.617  1394  1647 D EGL_adreno: eglMakeCurrent: 0xa7012860: ver 3 1 (tinfo 0xa7014600)
09-19 16:17:01.628  1394  1647 D EGL_adreno: eglMakeCurrent: 0xa7012860: ver 3 1 (tinfo 0xa7014600)
09-19 16:17:01.726  1394  1394 I vol.Events: writeEvent dismiss_dialog touch_outside
09-19 16:17:01.729  1394  1629 I vol.Events: writeEvent active_stream_changed UNKNOWN_STREAM_-1
09-19 16:17:01.739  1394  1647 D EGL_adreno: eglMakeCurrent: 0xa7012860: ver 3 1 (tinfo 0xa7014600)
09-19 16:17:01.744  1394  1647 D EGL_adreno: eglMakeCurrent: 0xa7012860: ver 3 1 (tinfo 0xa7014600)
09-19 16:17:01.755  1394  1647 D EGL_adreno: eglMakeCurrent: 0xa7012860: ver 3 1 (tinfo 0xa7014600)
09-19 16:17:01.775  1394  1647 D EGL_adreno: eglMakeCurrent: 0xa7012860: ver 3 1 (tinfo 0xa7014600)
09-19 16:17:01.779  1394  1647 D EGL_adreno: eglMakeCurrent: 0xa7012860: ver 3 1 (tinfo 0xa7014600)
09-19 16:17:01.787  1394  1647 D EGL_adreno: eglMakeCurrent: 0xa7012860: ver 3 1 (tinfo 0xa7014600)
09-19 16:17:01.794  1394  1647 D EGL_adreno: eglMakeCurrent: 0xa7012860: ver 3 1 (tinfo 0xa7014600)
09-19 16:17:01.803  1394  1647 D EGL_adreno: eglMakeCurrent: 0xa7012860: ver 3 1 (tinfo 0xa7014600)
09-19 16:17:01.808  1394  1647 D EGL_adreno: eglMakeCurrent: 0xa7012860: ver 3 1 (tinfo 0xa7014600)
09-19 16:17:01.819  1394  1647 D EGL_adreno: eglMakeCurrent: 0xa7012860: ver 3 1 (tinfo 0xa7014600)
09-19 16:17:01.825  1394  1647 D EGL_adreno: eglMakeCurrent: 0xa7012860: ver 3 1 (tinfo 0xa7014600)
09-19 16:17:01.837  1394  1647 D EGL_adreno: eglMakeCurrent: 0xa7012860: ver 3 1 (tinfo 0xa7014600)
09-19 16:17:01.842  1394  1647 D EGL_adreno: eglMakeCurrent: 0xa7012860: ver 3 1 (tinfo 0xa7014600)
09-19 16:17:01.853  1394  1647 D EGL_adreno: eglMakeCurrent: 0xa7012860: ver 3 1 (tinfo 0xa7014600)
09-19 16:17:01.858  1394  1647 D EGL_adreno: eglMakeCurrent: 0xa7012860: ver 3 1 (tinfo 0xa7014600)
09-19 16:17:01.873  1394  1647 D EGL_adreno: eglMakeCurrent: 0xa7012860: ver 3 1 (tinfo 0xa7014600)
09-19 16:17:01.877  1394  1647 D EGL_adreno: eglMakeCurrent: 0xa7012860: ver 3 1 (tinfo 0xa7014600)
09-19 16:17:01.886  1394  1647 D EGL_adreno: eglMakeCurrent: 0xa7012860: ver 3 1 (tinfo 0xa7014600)
09-19 16:17:01.891  1394  1647 D EGL_adreno: eglMakeCurrent: 0xa7012860: ver 3 1 (tinfo 0xa7014600)
09-19 16:17:01.902  1394  1647 D EGL_adreno: eglMakeCurrent: 0xa7012860: ver 3 1 (tinfo 0xa7014600)
