09-19 16:17:57.258  1698  1698 W ContextImpl: Calling a method in the system process without a qualified user: android.app.ContextImpl.startService:1358 android.content.ContextWrapper.startService:613 android.content.ContextWrapper.startService:613 com.android.coreservice.CoreBroadcastReceiver.onReceive:69 android.app.ActivityThread.handleReceiver:3073 
09-19 16:17:57.323  1698  1698 W ContextImpl: Calling a method in the system process without a qualified user: android.app.ContextImpl.startService:1358 android.content.ContextWrapper.startService:613 android.content.ContextWrapper.startService:613 com.android.coreservice.CoreBroadcastReceiver.onReceive:69 android.app.ActivityThread.handleReceiver:3073 
09-19 16:17:57.326  1698  1698 W ContextImpl: Calling a method in the system process without a qualified user: android.app.ContextImpl.startService:1358 android.content.ContextWrapper.startService:613 android.content.ContextWrapper.startService:613 com.android.coreservice.CoreBroadcastReceiver.onReceive:69 android.app.ActivityThread.handleReceiver:3073 
09-19 16:17:57.823  1698  1698 W ContextImpl: Calling a method in the system process without a qualified user: android.app.ContextImpl.startService:1358 android.content.ContextWrapper.startService:613 android.content.ContextWrapper.startService:613 com.android.coreservice.CoreBroadcastReceiver.onReceive:69 android.app.ActivityThread.handleReceiver:3073 
09-19 16:17:58.006  1698  1698 W ContextImpl: Calling a method in the system process without a qualified user: android.app.ContextImpl.startService:1358 android.content.ContextWrapper.startService:613 android.content.ContextWrapper.startService:613 com.android.coreservice.CoreBroadcastReceiver.onReceive:69 android.app.ActivityThread.handleReceiver:3073 
09-19 16:17:58.009  1698  1698 W ContextImpl: Calling a method in the system process without a qualified user: android.app.ContextImpl.startService:1358 android.content.ContextWrapper.startService:613 android.content.ContextWrapper.startService:613 com.android.coreservice.CoreBroadcastReceiver.onReceive:69 android.app.ActivityThread.handleReceiver:3073 
09-19 16:17:58.019  6989  7121 I chatty  : uid=10038(com.litatom.app) RenderThread expire 210 lines
09-19 16:17:58.027  1698  1698 W ContextImpl: Calling a method in the system process without a qualified user: android.app.ContextImpl.startService:1358 android.content.ContextWrapper.startService:613 android.content.ContextWrapper.startService:613 com.android.coreservice.CoreBroadcastReceiver.onReceive:69 android.app.ActivityThread.handleReceiver:3073 
09-19 16:17:58.029  1698  1698 W ContextImpl: Calling a method in the system process without a qualified user: android.app.ContextImpl.startService:1358 android.content.ContextWrapper.startService:613 android.content.ContextWrapper.startService:613 com.android.coreservice.CoreBroadcastReceiver.onReceive:69 android.app.ActivityThread.handleReceiver:3073 
09-19 16:17:58.041  6989  6989 I chatty  : uid=10038(com.litatom.app) expire 44 lines
09-19 16:17:58.306  1698  1698 W ContextImpl: Calling a method in the system process without a qualified user: android.app.ContextImpl.startService:1358 android.content.ContextWrapper.startService:613 android.content.ContextWrapper.startService:613 com.android.coreservice.CoreBroadcastReceiver.onReceive:69 android.app.ActivityThread.handleReceiver:3073 
09-19 16:17:58.310  1698  1698 W ContextImpl: Calling a method in the system process without a qualified user: android.app.ContextImpl.startService:1358 android.content.ContextWrapper.startService:613 android.content.ContextWrapper.startService:613 com.android.coreservice.CoreBroadcastReceiver.onReceive:69 android.app.ActivityThread.handleReceiver:3073 
09-19 16:17:58.430  1394  1629 I vol.Events: writeEvent active_stream_changed STREAM_MUSIC
09-19 16:17:58.432  1394  1629 I vol.Events: writeEvent key STREAM_MUSIC 0
09-19 16:17:58.447  1394  1394 I vol.Events: writeEvent show_dialog volume_changed keyguard=false
09-19 16:17:58.536  1394  1647 E EGL_adreno: tid 1647: eglSurfaceAttrib(1338): error 0x3009 (EGL_BAD_MATCH)
09-19 16:17:58.536  1394  1647 W OpenGLRenderer: Failed to set EGL_SWAP_BEHAVIOR on surface 0xa3d4f5a0, error=EGL_BAD_MATCH
09-19 16:17:58.542  1394  1647 D EGL_adreno: eglMakeCurrent: 0xa7012860: ver 3 1 (tinfo 0xa7014600)
09-19 16:17:58.975  1698  1698 W ContextImpl: Calling a method in the system process without a qualified user: android.app.ContextImpl.startService:1358 android.content.ContextWrapper.startService:613 android.content.ContextWrapper.startService:613 com.android.coreservice.CoreBroadcastReceiver.onReceive:69 android.app.ActivityThread.handleReceiver:3073 
09-19 16:17:58.992  1698  1698 W ContextImpl: Calling a method in the system process without a qualified user: android.app.ContextImpl.startService:1358 android.content.ContextWrapper.startService:613 android.content.ContextWrapper.startService:613 com.android.coreservice.CoreBroadcastReceiver.onReceive:69 android.app.ActivityThread.handleReceiver:3073 
09-19 16:17:59.041  1698  1698 W ContextImpl: Calling a method in the system process without a qualified user: android.app.ContextImpl.startService:1358 android.content.ContextWrapper.startService:613 android.content.ContextWrapper.startService:613 com.android.coreservice.CoreBroadcastReceiver.onReceive:69 android.app.ActivityThread.handleReceiver:3073 
09-19 16:17:59.047  1394  1394 I vol.Events: writeEvent dismiss_dialog touch_outside
09-19 16:17:59.051  1394  1629 I vol.Events: writeEvent active_stream_changed UNKNOWN_STREAM_-1
09-19 16:17:59.053  1698  1698 W ContextImpl: Calling a method in the system process without a qualified user: android.app.ContextImpl.startService:1358 android.content.ContextWrapper.startService:613 android.content.ContextWrapper.startService:613 com.android.coreservice.CoreBroadcastReceiver.onReceive:69 android.app.ActivityThread.handleReceiver:3073 
09-19 16:17:59.361  1394  1647 D EGL_adreno: eglMakeCurrent: 0xa7012860: ver 3 1 (tinfo 0xa7014600)
09-19 16:17:59.488  1302  3019 I chatty  : uid=1000(system) Binder:1302_B expire 2 lines
09-19 16:18:00.037  1394  1647 D EGL_adreno: eglMakeCurrent: 0xa7012860: ver 3 1 (tinfo 0xa7014600)
09-19 16:18:00.554  1698  1698 W ContextImpl: Calling a method in the system process without a qualified user: android.app.ContextImpl.startService:1358 android.content.ContextWrapper.startService:613 android.content.ContextWrapper.startService:613 com.android.coreservice.CoreBroadcastReceiver.onReceive:69 android.app.ActivityThread.handleReceiver:3073 
09-19 16:18:00.576  1698  1698 W ContextImpl: Calling a method in the system process without a qualified user: android.app.ContextImpl.startService:1358 android.content.ContextWrapper.startService:613 android.content.ContextWrapper.startService:613 com.android.coreservice.CoreBroadcastReceiver.onReceive:69 android.app.ActivityThread.handleReceiver:3073 
09-19 16:18:00.580  1698  1698 W ContextImpl: Calling a method in the system process without a qualified user: android.app.ContextImpl.startService:1358 android.content.ContextWrapper.startService:613 android.content.ContextWrapper.startService:613 com.android.coreservice.CoreBroadcastReceiver.onReceive:69 android.app.ActivityThread.handleReceiver:3073 
09-19 16:18:01.554  1698  1698 W ContextImpl: Calling a method in the system process without a qualified user: android.app.ContextImpl.startService:1358 android.content.ContextWrapper.startService:613 android.content.ContextWrapper.startService:613 com.android.coreservice.CoreBroadcastReceiver.onReceive:69 android.app.ActivityThread.handleReceiver:3073 
09-19 16:18:01.594  1698  1698 W ContextImpl: Calling a method in the system process without a qualified user: android.app.ContextImpl.startService:1358 android.content.ContextWrapper.startService:613 android.content.ContextWrapper.startService:613 com.android.coreservice.CoreBroadcastReceiver.onReceive:69 android.app.ActivityThread.handleReceiver:3073 
09-19 16:18:01.598  1698  1698 W ContextImpl: Calling a method in the system process without a qualified user: android.app.ContextImpl.startService:1358 android.content.ContextWrapper.startService:613 android.content.ContextWrapper.startService:613 com.android.coreservice.CoreBroadcastReceiver.onReceive:69 android.app.ActivityThread.handleReceiver:3073 
09-19 16:18:01.638  1698  1698 W ContextImpl: Calling a method in the system process without a qualified user: android.app.ContextImpl.startService:1358 android.content.ContextWrapper.startService:613 android.content.ContextWrapper.startService:613 com.android.coreservice.CoreBroadcastReceiver.onReceive:69 android.app.ActivityThread.handleReceiver:3073 
09-19 16:18:01.652  6989  6989 W ViewRootImpl[PartyChatActivity]: Cancelling event due to no window focus: KeyEvent { action=ACTION_UP, keyCode=KEYCODE_DPAD_DOWN, scanCode=0, metaState=0, flags=0x28, repeatCount=0, eventTime=17528372, downTime=17528372, deviceId=-1, source=0x101 }
09-19 16:18:01.652  6989  6989 W ViewRootImpl[PartyChatActivity]: Cancelling event due to no window focus: KeyEvent { action=ACTION_UP, keyCode=KEYCODE_DPAD_DOWN, scanCode=0, metaState=0, flags=0x28, repeatCount=0, eventTime=17528372, downTime=17528372, deviceId=-1, source=0x101 }
09-19 16:18:01.652  6989  6989 W ViewRootImpl[PartyChatActivity]: Cancelling event due to no window focus: KeyEvent { action=ACTION_UP, keyCode=KEYCODE_DPAD_DOWN, scanCode=0, metaState=0, flags=0x28, repeatCount=0, eventTime=17528372, downTime=17528372, deviceId=-1, source=0x101 }
09-19 16:18:01.652  6989  6989 W ViewRootImpl[PartyChatActivity]: Cancelling event due to no window focus: KeyEvent { action=ACTION_UP, keyCode=KEYCODE_DPAD_DOWN, scanCode=0, metaState=0, flags=0x28, repeatCount=0, eventTime=17528372, downTime=17528372, deviceId=-1, source=0x101 }
09-19 16:18:01.652  6989  6989 W ViewRootImpl[PartyChatActivity]: Cancelling event due to no window focus: KeyEvent { action=ACTION_UP, keyCode=KEYCODE_DPAD_DOWN, scanCode=0, metaState=0, flags=0x28, repeatCount=0, eventTime=17528372, downTime=17528372, deviceId=-1, source=0x101 }
09-19 16:18:01.652  6989  6989 W ViewRootImpl[PartyChatActivity]: Cancelling event due to no window focus: KeyEvent { action=ACTION_UP, keyCode=KEYCODE_DPAD_DOWN, scanCode=0, metaState=0, flags=0x28, repeatCount=0, eventTime=17528372, downTime=17528372, deviceId=-1, source=0x101 }
09-19 16:18:01.652  6989  6989 W ViewRootImpl[PartyChatActivity]: Cancelling event due to no window focus: KeyEvent { action=ACTION_UP, keyCode=KEYCODE_DPAD_DOWN, scanCode=0, metaState=0, flags=0x28, repeatCount=0, eventTime=17528372, downTime=17528372, deviceId=-1, source=0x101 }
09-19 16:18:01.652  6989  6989 W ViewRootImpl[PartyChatActivity]: Cancelling event due to no window focus: KeyEvent { action=ACTION_UP, keyCode=KEYCODE_DPAD_DOWN, scanCode=0, metaState=0, flags=0x28, repeatCount=0, eventTime=17528372, downTime=17528372, deviceId=-1, source=0x101 }
09-19 16:18:01.652  6989  6989 W ViewRootImpl[PartyChatActivity]: Cancelling event due to no window focus: KeyEvent { action=ACTION_UP, keyCode=KEYCODE_DPAD_DOWN, scanCode=0, metaState=0, flags=0x28, repeatCount=0, eventTime=17528372, downTime=17528372, deviceId=-1, source=0x101 }
09-19 16:18:01.719  1698  1698 W ContextImpl: Calling a method in the system process without a qualified user: android.app.ContextImpl.startService:1358 android.content.ContextWrapper.startService:613 android.content.ContextWrapper.startService:613 com.android.coreservice.CoreBroadcastReceiver.onReceive:69 android.app.ActivityThread.handleReceiver:3073 
09-19 16:18:01.721  1698  1698 W ContextImpl: Calling a method in the system process without a qualified user: android.app.ContextImpl.startService:1358 android.content.ContextWrapper.startService:613 android.content.ContextWrapper.startService:613 com.android.coreservice.CoreBroadcastReceiver.onReceive:69 android.app.ActivityThread.handleReceiver:3073 
09-19 16:18:01.810  1302  3016 D NotificationService: notify pkg=android pid=1302
09-19 16:18:01.812  1302  3020 D NotificationService: notify pkg=android pid=1302
09-19 16:18:01.815  1698  1698 W ContextImpl: Calling a method in the system process without a qualified user: android.app.ContextImpl.startService:1358 android.content.ContextWrapper.startService:613 android.content.ContextWrapper.startService:613 com.android.coreservice.CoreBroadcastReceiver.onReceive:69 android.app.ActivityThread.handleReceiver:3073 
09-19 16:18:01.817  1698  1698 W ContextImpl: Calling a method in the system process without a qualified user: android.app.ContextImpl.startService:1358 android.content.ContextWrapper.startService:613 android.content.ContextWrapper.startService:613 com.android.coreservice.CoreBroadcastReceiver.onReceive:69 android.app.ActivityThread.handleReceiver:3073 
09-19 16:18:01.853  2010  3719 E EGL_adreno: tid 3719: eglSurfaceAttrib(1338): error 0x3009 (EGL_BAD_MATCH)
09-19 16:18:01.853  2010  3719 W OpenGLRenderer: Failed to set EGL_SWAP_BEHAVIOR on surface 0xb8f746c0, error=EGL_BAD_MATCH
09-19 16:18:02.004  1302  1302 I chatty  : uid=1000 system_server expire 1 line
09-19 16:18:02.241  1698  1698 W ContextImpl: Calling a method in the system process without a qualified user: android.app.ContextImpl.startService:1358 android.content.ContextWrapper.startService:613 android.content.ContextWrapper.startService:613 com.android.coreservice.CoreBroadcastReceiver.onReceive:69 android.app.ActivityThread.handleReceiver:3073 
09-19 16:18:02.244  1698  1698 W ContextImpl: Calling a method in the system process without a qualified user: android.app.ContextImpl.startService:1358 android.content.ContextWrapper.startService:613 android.content.ContextWrapper.startService:613 com.android.coreservice.CoreBroadcastReceiver.onReceive:69 android.app.ActivityThread.handleReceiver:3073 
09-19 16:18:02.574  1698  1698 W ContextImpl: Calling a method in the system process without a qualified user: android.app.ContextImpl.startService:1358 android.content.ContextWrapper.startService:613 android.content.ContextWrapper.startService:613 com.android.coreservice.CoreBroadcastReceiver.onReceive:69 android.app.ActivityThread.handleReceiver:3073 
09-19 16:18:02.578  1698  1698 W ContextImpl: Calling a method in the system process without a qualified user: android.app.ContextImpl.startService:1358 android.content.ContextWrapper.startService:613 android.content.ContextWrapper.startService:613 com.android.coreservice.CoreBroadcastReceiver.onReceive:69 android.app.ActivityThread.handleReceiver:3073 
09-19 16:18:02.788  1698  1698 W ContextImpl: Calling a method in the system process without a qualified user: android.app.ContextImpl.startService:1358 android.content.ContextWrapper.startService:613 android.content.ContextWrapper.startService:613 com.android.coreservice.CoreBroadcastReceiver.onReceive:69 android.app.ActivityThread.handleReceiver:3073 
09-19 16:18:02.790  1698  1698 W ContextImpl: Calling a method in the system process without a qualified user: android.app.ContextImpl.startService:1358 android.content.ContextWrapper.startService:613 android.content.ContextWrapper.startService:613 com.android.coreservice.CoreBroadcastReceiver.onReceive:69 android.app.ActivityThread.handleReceiver:3073 
09-19 16:18:02.840  1698  1698 W ContextImpl: Calling a method in the system process without a qualified user: android.app.ContextImpl.startService:1358 android.content.ContextWrapper.startService:613 android.content.ContextWrapper.startService:613 com.android.coreservice.CoreBroadcastReceiver.onReceive:69 android.app.ActivityThread.handleReceiver:3073 
09-19 16:18:02.840  1302  1617 D NotificationService: notify pkg=android pid=1302
09-19 16:18:02.841  1302  3018 D NotificationService: notify pkg=android pid=1302
09-19 16:18:02.844  1698  1698 W ContextImpl: Calling a method in the system process without a qualified user: android.app.ContextImpl.startService:1358 android.content.ContextWrapper.startService:613 android.content.ContextWrapper.startService:613 com.android.coreservice.CoreBroadcastReceiver.onReceive:69 android.app.ActivityThread.handleReceiver:3073 
09-19 16:18:02.899  2010  3719 E EGL_adreno: tid 3719: eglSurfaceAttrib(1338): error 0x3009 (EGL_BAD_MATCH)
09-19 16:18:02.899  2010  3719 W OpenGLRenderer: Failed to set EGL_SWAP_BEHAVIOR on surface 0xb8f746e0, error=EGL_BAD_MATCH
09-19 16:18:03.171  1302  3015 I chatty  : uid=1000(system) Binder:1302_7 expire 2 lines
09-19 16:18:03.224  1698  1698 W ContextImpl: Calling a method in the system process without a qualified user: android.app.ContextImpl.startService:1358 android.content.ContextWrapper.startService:613 android.content.ContextWrapper.startService:613 com.android.coreservice.CoreBroadcastReceiver.onReceive:69 android.app.ActivityThread.handleReceiver:3073 
09-19 16:18:03.227  1698  1698 W ContextImpl: Calling a method in the system process without a qualified user: android.app.ContextImpl.startService:1358 android.content.ContextWrapper.startService:613 android.content.ContextWrapper.startService:613 com.android.coreservice.CoreBroadcastReceiver.onReceive:69 android.app.ActivityThread.handleReceiver:3073 
09-19 16:18:03.232  1698  1698 W ContextImpl: Calling a method in the system process without a qualified user: android.app.ContextImpl.startService:1358 android.content.ContextWrapper.startService:613 android.content.ContextWrapper.startService:613 com.android.coreservice.CoreBroadcastReceiver.onReceive:69 android.app.ActivityThread.handleReceiver:3073 
09-19 16:18:03.704  1698  1698 W ContextImpl: Calling a method in the system process without a qualified user: android.app.ContextImpl.startService:1358 android.content.ContextWrapper.startService:613 android.content.ContextWrapper.startService:613 com.android.coreservice.CoreBroadcastReceiver.onReceive:69 android.app.ActivityThread.handleReceiver:3073 
09-19 16:18:03.723  1698  1698 W ContextImpl: Calling a method in the system process without a qualified user: android.app.ContextImpl.startService:1358 android.content.ContextWrapper.startService:613 android.content.ContextWrapper.startService:613 com.android.coreservice.CoreBroadcastReceiver.onReceive:69 android.app.ActivityThread.handleReceiver:3073 
09-19 16:18:03.727  1698  1698 W ContextImpl: Calling a method in the system process without a qualified user: android.app.ContextImpl.startService:1358 android.content.ContextWrapper.startService:613 android.content.ContextWrapper.startService:613 com.android.coreservice.CoreBroadcastReceiver.onReceive:69 android.app.ActivityThread.handleReceiver:3073 
09-19 16:18:03.751  1698  1698 W ContextImpl: Calling a method in the system process without a qualified user: android.app.ContextImpl.startService:1358 android.content.ContextWrapper.startService:613 android.content.ContextWrapper.startService:613 com.android.coreservice.CoreBroadcastReceiver.onReceive:69 android.app.ActivityThread.handleReceiver:3073 
09-19 16:18:03.754  1698  1698 W ContextImpl: Calling a method in the system process without a qualified user: android.app.ContextImpl.startService:1358 android.content.ContextWrapper.startService:613 android.content.ContextWrapper.startService:613 com.android.coreservice.CoreBroadcastReceiver.onReceive:69 android.app.ActivityThread.handleReceiver:3073 
09-19 16:18:03.765  1698  1698 W ContextImpl: Calling a method in the system process without a qualified user: android.app.ContextImpl.startService:1358 android.content.ContextWrapper.startService:613 android.content.ContextWrapper.startService:613 com.android.coreservice.CoreBroadcastReceiver.onReceive:69 android.app.ActivityThread.handleReceiver:3073 
09-19 16:18:04.254  6989  6989 W ViewRootImpl[PartyChatActivity]: Dropping event due to no window focus: KeyEvent { action=ACTION_DOWN, keyCode=KEYCODE_DPAD_LEFT, scanCode=0, metaState=0, flags=0x8, repeatCount=0, eventTime=17530913, downTime=17530913, deviceId=-1, source=0x101 }
09-19 16:18:04.254  6989  6989 W ViewRootImpl[PartyChatActivity]: Cancelling event due to no window focus: KeyEvent { action=ACTION_UP, keyCode=KEYCODE_DPAD_LEFT, scanCode=0, metaState=0, flags=0x28, repeatCount=0, eventTime=17530914, downTime=17530914, deviceId=-1, source=0x101 }
09-19 16:18:04.254  6989  6989 W ViewRootImpl[PartyChatActivity]: Cancelling event due to no window focus: KeyEvent { action=ACTION_UP, keyCode=KEYCODE_DPAD_LEFT, scanCode=0, metaState=0, flags=0x28, repeatCount=0, eventTime=17530914, downTime=17530914, deviceId=-1, source=0x101 }
09-19 16:18:04.254  6989  6989 W ViewRootImpl[PartyChatActivity]: Cancelling event due to no window focus: KeyEvent { action=ACTION_UP, keyCode=KEYCODE_DPAD_LEFT, scanCode=0, metaState=0, flags=0x28, repeatCount=0, eventTime=17530914, downTime=17530914, deviceId=-1, source=0x101 }
09-19 16:18:04.254  6989  6989 W ViewRootImpl[PartyChatActivity]: Cancelling event due to no window focus: KeyEvent { action=ACTION_UP, keyCode=KEYCODE_DPAD_LEFT, scanCode=0, metaState=0, flags=0x28, repeatCount=0, eventTime=17530914, downTime=17530914, deviceId=-1, source=0x101 }
09-19 16:18:04.254  6989  6989 W ViewRootImpl[PartyChatActivity]: Cancelling event due to no window focus: KeyEvent { action=ACTION_UP, keyCode=KEYCODE_DPAD_LEFT, scanCode=0, metaState=0, flags=0x28, repeatCount=0, eventTime=17530914, downTime=17530914, deviceId=-1, source=0x101 }
09-19 16:18:04.254  6989  6989 W ViewRootImpl[PartyChatActivity]: Cancelling event due to no window focus: KeyEvent { action=ACTION_UP, keyCode=KEYCODE_DPAD_LEFT, scanCode=0, metaState=0, flags=0x28, repeatCount=0, eventTime=17530914, downTime=17530914, deviceId=-1, source=0x101 }
09-19 16:18:04.254  6989  6989 W ViewRootImpl[PartyChatActivity]: Cancelling event due to no window focus: KeyEvent { action=ACTION_UP, keyCode=KEYCODE_DPAD_LEFT, scanCode=0, metaState=0, flags=0x28, repeatCount=0, eventTime=17530914, downTime=17530914, deviceId=-1, source=0x101 }
09-19 16:18:04.254  6989  6989 W ViewRootImpl[PartyChatActivity]: Cancelling event due to no window focus: KeyEvent { action=ACTION_UP, keyCode=KEYCODE_DPAD_LEFT, scanCode=0, metaState=0, flags=0x28, repeatCount=0, eventTime=17530914, downTime=17530914, deviceId=-1, source=0x101 }
09-19 16:18:04.254  6989  6989 W ViewRootImpl[PartyChatActivity]: Cancelling event due to no window focus: KeyEvent { action=ACTION_UP, keyCode=KEYCODE_DPAD_LEFT, scanCode=0, metaState=0, flags=0x28, repeatCount=0, eventTime=17530914, downTime=17530914, deviceId=-1, source=0x101 }
09-19 16:18:04.257  6989  6989 W ViewRootImpl[PartyChatActivity]: Dropping event due to no window focus: KeyEvent { action=ACTION_DOWN, keyCode=KEYCODE_DPAD_UP, scanCode=0, metaState=0, flags=0x8, repeatCount=0, eventTime=17530944, downTime=17530944, deviceId=-1, source=0x101 }
09-19 16:18:04.264  1698  1698 W ContextImpl: Calling a method in the system process without a qualified user: android.app.ContextImpl.startService:1358 android.content.ContextWrapper.startService:613 android.content.ContextWrapper.startService:613 com.android.coreservice.CoreBroadcastReceiver.onReceive:69 android.app.ActivityThread.handleReceiver:3073 
09-19 16:18:04.390  1698  1698 W ContextImpl: Calling a method in the system process without a qualified user: android.app.ContextImpl.startService:1358 android.content.ContextWrapper.startService:613 android.content.ContextWrapper.startService:613 com.android.coreservice.CoreBroadcastReceiver.onReceive:69 android.app.ActivityThread.handleReceiver:3073 
09-19 16:18:04.790  1698  1698 W ContextImpl: Calling a method in the system process without a qualified user: android.app.ContextImpl.startService:1358 android.content.ContextWrapper.startService:613 android.content.ContextWrapper.startService:613 com.android.coreservice.CoreBroadcastReceiver.onReceive:69 android.app.ActivityThread.handleReceiver:3073 
09-19 16:18:04.792  1698  1698 W ContextImpl: Calling a method in the system process without a qualified user: android.app.ContextImpl.startService:1358 android.content.ContextWrapper.startService:613 android.content.ContextWrapper.startService:613 com.android.coreservice.CoreBroadcastReceiver.onReceive:69 android.app.ActivityThread.handleReceiver:3073 
09-19 16:18:04.824  6989  6989 W ViewRootImpl[PartyChatActivity]: Cancelling event due to no window focus: KeyEvent { action=ACTION_UP, keyCode=KEYCODE_DPAD_LEFT, scanCode=0, metaState=0, flags=0x28, repeatCount=0, eventTime=17531534, downTime=17531534, deviceId=-1, source=0x101 }
09-19 16:18:04.824  6989  6989 W ViewRootImpl[PartyChatActivity]: Cancelling event due to no window focus: KeyEvent { action=ACTION_UP, keyCode=KEYCODE_DPAD_LEFT, scanCode=0, metaState=0, flags=0x28, repeatCount=0, eventTime=17531534, downTime=17531534, deviceId=-1, source=0x101 }
09-19 16:18:04.824  6989  6989 W ViewRootImpl[PartyChatActivity]: Cancelling event due to no window focus: KeyEvent { action=ACTION_UP, keyCode=KEYCODE_DPAD_LEFT, scanCode=0, metaState=0, flags=0x28, repeatCount=0, eventTime=17531534, downTime=17531534, deviceId=-1, source=0x101 }
09-19 16:18:04.824  6989  6989 W ViewRootImpl[PartyChatActivity]: Cancelling event due to no window focus: KeyEvent { action=ACTION_UP, keyCode=KEYCODE_DPAD_LEFT, scanCode=0, metaState=0, flags=0x28, repeatCount=0, eventTime=17531534, downTime=17531534, deviceId=-1, source=0x101 }
09-19 16:18:04.824  6989  6989 W ViewRootImpl[PartyChatActivity]: Cancelling event due to no window focus: KeyEvent { action=ACTION_UP, keyCode=KEYCODE_DPAD_LEFT, scanCode=0, metaState=0, flags=0x28, repeatCount=0, eventTime=17531534, downTime=17531534, deviceId=-1, source=0x101 }
09-19 16:18:04.824  6989  6989 W ViewRootImpl[PartyChatActivity]: Cancelling event due to no window focus: KeyEvent { action=ACTION_UP, keyCode=KEYCODE_DPAD_LEFT, scanCode=0, metaState=0, flags=0x28, repeatCount=0, eventTime=17531534, downTime=17531534, deviceId=-1, source=0x101 }
09-19 16:18:04.824  6989  6989 W ViewRootImpl[PartyChatActivity]: Cancelling event due to no window focus: KeyEvent { action=ACTION_UP, keyCode=KEYCODE_DPAD_LEFT, scanCode=0, metaState=0, flags=0x28, repeatCount=0, eventTime=17531534, downTime=17531534, deviceId=-1, source=0x101 }
09-19 16:18:04.825  6989  6989 W ViewRootImpl[PartyChatActivity]: Cancelling event due to no window focus: KeyEvent { action=ACTION_UP, keyCode=KEYCODE_DPAD_LEFT, scanCode=0, metaState=0, flags=0x28, repeatCount=0, eventTime=17531534, downTime=17531534, deviceId=-1, source=0x101 }
09-19 16:18:04.825  6989  6989 W ViewRootImpl[PartyChatActivity]: Cancelling event due to no window focus: KeyEvent { action=ACTION_UP, keyCode=KEYCODE_DPAD_LEFT, scanCode=0, metaState=0, flags=0x28, repeatCount=0, eventTime=17531534, downTime=17531534, deviceId=-1, source=0x101 }
09-19 16:18:04.890  1698  1698 W ContextImpl: Calling a method in the system process without a qualified user: android.app.ContextImpl.startService:1358 android.content.ContextWrapper.startService:613 android.content.ContextWrapper.startService:613 com.android.coreservice.CoreBroadcastReceiver.onReceive:69 android.app.ActivityThread.handleReceiver:3073 
09-19 16:18:05.854  1698  1698 W ContextImpl: Calling a method in the system process without a qualified user: android.app.ContextImpl.startService:1358 android.content.ContextWrapper.startService:613 android.content.ContextWrapper.startService:613 com.android.coreservice.CoreBroadcastReceiver.onReceive:69 android.app.ActivityThread.handleReceiver:3073 
09-19 16:18:05.858  1698  1698 W ContextImpl: Calling a method in the system process without a qualified user: android.app.ContextImpl.startService:1358 android.content.ContextWrapper.startService:613 android.content.ContextWrapper.startService:613 com.android.coreservice.CoreBroadcastReceiver.onReceive:69 android.app.ActivityThread.handleReceiver:3073 
09-19 16:18:06.672  1698  1698 W ContextImpl: Calling a method in the system process without a qualified user: android.app.ContextImpl.startService:1358 android.content.ContextWrapper.startService:613 android.content.ContextWrapper.startService:613 com.android.coreservice.CoreBroadcastReceiver.onReceive:69 android.app.ActivityThread.handleReceiver:3073 
09-19 16:18:06.838  1698  1698 W ContextImpl: Calling a method in the system process without a qualified user: android.app.ContextImpl.startService:1358 android.content.ContextWrapper.startService:613 android.content.ContextWrapper.startService:613 com.android.coreservice.CoreBroadcastReceiver.onReceive:69 android.app.ActivityThread.handleReceiver:3073 
09-19 16:18:06.889  1698  1698 W ContextImpl: Calling a method in the system process without a qualified user: android.app.ContextImpl.startService:1358 android.content.ContextWrapper.startService:613 android.content.ContextWrapper.startService:613 com.android.coreservice.CoreBroadcastReceiver.onReceive:69 android.app.ActivityThread.handleReceiver:3073 
09-19 16:18:07.052  1698  1698 W ContextImpl: Calling a method in the system process without a qualified user: android.app.ContextImpl.startService:1358 android.content.ContextWrapper.startService:613 android.content.ContextWrapper.startService:613 com.android.coreservice.CoreBroadcastReceiver.onReceive:69 android.app.ActivityThread.handleReceiver:3073 
09-19 16:18:07.355  1302  5333 D NotificationService: notify pkg=com.litatom.app pid=1302
09-19 16:18:07.357  1302  1302 I chatty  : uid=1000 system_server expire 3 lines
09-19 16:18:07.383  1698  1698 W ContextImpl: Calling a method in the system process without a qualified user: android.app.ContextImpl.startService:1358 android.content.ContextWrapper.startService:613 android.content.ContextWrapper.startService:613 com.android.coreservice.CoreBroadcastReceiver.onReceive:44 android.app.ActivityThread.handleReceiver:3073 
09-19 16:18:07.395  1698  1698 W ContextImpl: Calling a method in the system process without a qualified user: android.app.ContextImpl.startService:1358 android.content.ContextWrapper.startService:613 android.content.ContextWrapper.startService:613 com.android.coreservice.CoreBroadcastReceiver.onReceive:53 android.app.ActivityThread.handleReceiver:3073 
09-19 16:18:08.159  6989  7121 I chatty  : uid=10038(com.litatom.app) RenderThread expire 254 lines
09-19 16:18:08.769  6989  7249 I chatty  : uid=10038(com.litatom.app) AgoraLogging expire 2 lines
09-19 16:18:09.775  1302  1357 D WifiStateMachine: setScanResults mScanResults.size=1
09-19 16:18:09.905  1394  1629 I vol.Events: writeEvent active_stream_changed STREAM_MUSIC
09-19 16:18:09.906  1394  1629 I vol.Events: writeEvent key STREAM_MUSIC 0
09-19 16:18:09.919  1394  1394 I vol.Events: writeEvent show_dialog volume_changed keyguard=false
09-19 16:18:09.959  1394  1647 E EGL_adreno: tid 1647: eglSurfaceAttrib(1338): error 0x3009 (EGL_BAD_MATCH)
09-19 16:18:09.959  1394  1647 W OpenGLRenderer: Failed to set EGL_SWAP_BEHAVIOR on surface 0xa3eb3de0, error=EGL_BAD_MATCH
09-19 16:18:09.962  1394  1647 D EGL_adreno: eglMakeCurrent: 0xa7012860: ver 3 1 (tinfo 0xa7014600)
09-19 16:18:10.915  1394  1394 I vol.Events: writeEvent dismiss_dialog touch_outside
09-19 16:18:10.919  1394  1629 I vol.Events: writeEvent active_stream_changed UNKNOWN_STREAM_-1
09-19 16:18:11.025  6989  7121 I chatty  : uid=10038(com.litatom.app) RenderThread expire 508 lines
09-19 16:18:11.228  1394  1647 D EGL_adreno: eglMakeCurrent: 0xa7012860: ver 3 1 (tinfo 0xa7014600)
09-19 16:18:12.965  1302  1347 I chatty  : uid=1000(system) InputDispatcher expire 1 line
09-19 16:18:14.512  1302  5332 I chatty  : uid=1000(system) Binder:1302_10 expire 1 line
09-19 16:18:15.465  1302  1617 I chatty  : uid=1000(system) Binder:1302_4 expire 1 line
09-19 16:18:16.098  1109  1109 E EGL_adreno: tid 1109: eglCreateSyncKHR(2089): error 0x3004 (EGL_BAD_ATTRIBUTE)
09-19 16:18:16.272  1302  1347 I chatty  : uid=1000(system) InputDispatcher expire 1 line
09-19 16:18:16.281 13286 13307 E EGL_adreno: tid 13307: eglSurfaceAttrib(1338): error 0x3009 (EGL_BAD_MATCH)
09-19 16:18:16.281 13286 13307 W OpenGLRenderer: Failed to set EGL_SWAP_BEHAVIOR on surface 0xa537f720, error=EGL_BAD_MATCH
09-19 16:18:16.304 13286 13307 D EGL_adreno: eglMakeCurrent: 0xb6e9c3e0: ver 3 1 (tinfo 0xba514370)
09-19 16:18:17.369  1302  1316 I chatty  : uid=1000(system) ActivityManager expire 1 line
09-19 16:18:17.621  1302  3018 D NotificationService: notify pkg=com.android.systemui pid=1302
09-19 16:18:17.624  1302  1302 I chatty  : uid=1000 system_server expire 3 lines
09-19 16:18:17.627 13286 13307 D EGL_adreno: eglMakeCurrent: 0xb6e9c3e0: ver 3 1 (tinfo 0xba514370)
09-19 16:18:17.799  1394  1647 D EGL_adreno: eglMakeCurrent: 0xa7012860: ver 3 1 (tinfo 0xa7014600)
09-19 16:18:18.799  6989  7249 I chatty  : uid=10038(com.litatom.app) AgoraLogging expire 3 lines
09-19 16:18:19.092  6989  7121 I chatty  : uid=10038(com.litatom.app) RenderThread expire 238 lines
09-19 16:18:19.155  1703  1734 W MediaProvider: Missing volume for /storage/emulated/0/Pictures/Screenshots/Screenshot_20220919-161817.png; assuming invalid
09-19 16:18:19.229 13286 14173 I HostConnection: HostConnection::HostConnection: pid=13286, tid=14173, this=0xbd7044c0
09-19 16:18:19.231 13286 14173 I         : fastpipe: Connect success
09-19 16:18:19.231 13286 14173 D HostConnection: HostRPC::connect sucess: app=com.android.systemui:screenshot, pid=13286, tid=14173, this=0xa5442300
09-19 16:18:19.233 13286 14173 D HostConnection: queryAndSetGLESMaxVersion select gles-version: 3.1 hostGLVersion:46 process:com.android.systemui:screenshot
09-19 16:18:19.239  1302  3015 D NotificationService: notify pkg=com.android.systemui pid=1302
09-19 16:18:19.856  6989  7090 I chatty  : uid=10038(com.litatom.app) LogingTaskQueue expire 13 lines
09-19 16:18:19.880  6989  6989 I chatty  : uid=10038(com.litatom.app) expire 2 lines
09-19 16:18:21.685  6989  7121 I chatty  : uid=10038(com.litatom.app) RenderThread expire 254 lines
09-19 16:18:24.770  6989  7249 I chatty  : uid=10038(com.litatom.app) AgoraLogging expire 2 lines
09-19 16:18:25.493  1302  1643 I chatty  : uid=1000(system) Binder:1302_5 expire 1 line
09-19 16:18:25.793  6989  7121 I chatty  : uid=10038(com.litatom.app) RenderThread expire 508 lines
09-19 16:18:27.313  1302  1347 I chatty  : uid=1000(system) InputDispatcher expire 2 lines
09-19 16:18:30.554  1302  3016 I chatty  : uid=1000(system) Binder:1302_8 expire 1 line
09-19 16:18:30.555  6989  6989 I chatty  : uid=10038(com.litatom.app) expire 15 lines
09-19 16:18:31.054  1302  1313 I chatty  : uid=1000(system) Binder:1302_1 expire 1 line
09-19 16:18:33.454  6989  7121 I chatty  : uid=10038(com.litatom.app) RenderThread expire 240 lines
09-19 16:18:33.776  1394  1629 I vol.Events: writeEvent active_stream_changed STREAM_MUSIC
09-19 16:18:33.777  1394  1629 I vol.Events: writeEvent key STREAM_MUSIC 0
09-19 16:18:33.788  1394  1394 I vol.Events: writeEvent show_dialog volume_changed keyguard=false
09-19 16:18:33.844  1394  1647 E EGL_adreno: tid 1647: eglSurfaceAttrib(1338): error 0x3009 (EGL_BAD_MATCH)
09-19 16:18:33.844  1394  1647 W OpenGLRenderer: Failed to set EGL_SWAP_BEHAVIOR on surface 0xa3d4f160, error=EGL_BAD_MATCH
09-19 16:18:33.846  1394  1647 D EGL_adreno: eglMakeCurrent: 0xa7012860: ver 3 1 (tinfo 0xa7014600)
09-19 16:18:34.406  1302  1347 I InputDispatcher: Dropped event because the current application is not responding and the user has started interacting with a different application.
09-19 16:18:34.406  1302  1644 I chatty  : uid=1000(system) Binder:1302_6 expire 2 lines
09-19 16:18:34.472  1394  1394 I vol.Events: writeEvent dismiss_dialog touch_outside
09-19 16:18:34.475  1394  1629 I vol.Events: writeEvent active_stream_changed UNKNOWN_STREAM_-1
09-19 16:18:34.794  1394  1647 D EGL_adreno: eglMakeCurrent: 0xa7012860: ver 3 1 (tinfo 0xa7014600)
09-19 16:18:34.797  6989  7249 I chatty  : uid=10038(com.litatom.app) AgoraLogging expire 2 lines
09-19 16:18:34.919  1302  5330 I chatty  : uid=1000(system) Binder:1302_E expire 1 line
09-19 16:18:35.290  1394  1647 D EGL_adreno: eglMakeCurrent: 0xa7012860: ver 3 1 (tinfo 0xa7014600)
09-19 16:18:35.297  1698  1698 W ContextImpl: Calling a method in the system process without a qualified user: android.app.ContextImpl.startService:1358 android.content.ContextWrapper.startService:613 android.content.ContextWrapper.startService:613 com.android.coreservice.CoreBroadcastReceiver.onReceive:69 android.app.ActivityThread.handleReceiver:3073 
09-19 16:18:35.659  1698  1698 W ContextImpl: Calling a method in the system process without a qualified user: android.app.ContextImpl.startService:1358 android.content.ContextWrapper.startService:613 android.content.ContextWrapper.startService:613 com.android.coreservice.CoreBroadcastReceiver.onReceive:69 android.app.ActivityThread.handleReceiver:3073 
09-19 16:18:36.723  1698  1698 W ContextImpl: Calling a method in the system process without a qualified user: android.app.ContextImpl.startService:1358 android.content.ContextWrapper.startService:613 android.content.ContextWrapper.startService:613 com.android.coreservice.CoreBroadcastReceiver.onReceive:69 android.app.ActivityThread.handleReceiver:3073 
09-19 16:18:36.795  6989  7121 I chatty  : uid=10038(com.litatom.app) RenderThread expire 190 lines
09-19 16:18:36.855  6989  6989 I chatty  : uid=10038(com.litatom.app) expire 60 lines
09-19 16:18:36.856  6989  6989 W ViewRootImpl[UserDetailActivity]: Dropping event due to no window focus: MotionEvent { action=ACTION_MOVE, actionButton=0, id[0]=0, x[0]=-3.0, y[0]=-4.0, toolType[0]=TOOL_TYPE_UNKNOWN, buttonState=0, metaState=0, flags=0x0, edgeFlags=0x0, pointerCount=1, historySize=0, eventTime=17563574, downTime=-1, deviceId=0, source=0x10004 }
09-19 16:18:36.863  1698  1698 W ContextImpl: Calling a method in the system process without a qualified user: android.app.ContextImpl.startService:1358 android.content.ContextWrapper.startService:613 android.content.ContextWrapper.startService:613 com.android.coreservice.CoreBroadcastReceiver.onReceive:69 android.app.ActivityThread.handleReceiver:3073 
09-19 16:18:36.886  1394  1629 I vol.Events: writeEvent active_stream_changed STREAM_MUSIC
09-19 16:18:36.888  1394  1629 I vol.Events: writeEvent key STREAM_MUSIC 0
09-19 16:18:36.904  1394  1394 I vol.Events: writeEvent show_dialog volume_changed keyguard=false
09-19 16:18:36.972  1394  1647 E EGL_adreno: tid 1647: eglSurfaceAttrib(1338): error 0x3009 (EGL_BAD_MATCH)
09-19 16:18:36.972  1394  1647 W OpenGLRenderer: Failed to set EGL_SWAP_BEHAVIOR on surface 0xa4e02400, error=EGL_BAD_MATCH
09-19 16:18:36.987  1394  1647 D EGL_adreno: eglMakeCurrent: 0xa7012860: ver 3 1 (tinfo 0xa7014600)
09-19 16:18:36.996  1394  1647 D EGL_adreno: eglMakeCurrent: 0xa7012860: ver 3 1 (tinfo 0xa7014600)
09-19 16:18:37.004  1394  1647 D EGL_adreno: eglMakeCurrent: 0xa7012860: ver 3 1 (tinfo 0xa7014600)
09-19 16:18:37.023  1394  1647 D EGL_adreno: eglMakeCurrent: 0xa7012860: ver 3 1 (tinfo 0xa7014600)
09-19 16:18:37.052  1394  1647 D EGL_adreno: eglMakeCurrent: 0xa7012860: ver 3 1 (tinfo 0xa7014600)
09-19 16:18:37.097  1698  1698 W ContextImpl: Calling a method in the system process without a qualified user: android.app.ContextImpl.startService:1358 android.content.ContextWrapper.startService:613 android.content.ContextWrapper.startService:613 com.android.coreservice.CoreBroadcastReceiver.onReceive:69 android.app.ActivityThread.handleReceiver:3073 
09-19 16:18:37.522  1302  5331 I chatty  : uid=1000(system) Binder:1302_F expire 2 lines
09-19 16:18:37.529  1698  1698 W ContextImpl: Calling a method in the system process without a qualified user: android.app.ContextImpl.startService:1358 android.content.ContextWrapper.startService:613 android.content.ContextWrapper.startService:613 com.android.coreservice.CoreBroadcastReceiver.onReceive:44 android.app.ActivityThread.handleReceiver:3073 
09-19 16:18:37.545  6989  6989 W ViewRootImpl[UserDetailActivity]: Dropping event due to no window focus: KeyEvent { action=ACTION_MULTIPLE, keyCode=KEYCODE_DPAD_LEFT, scanCode=0, metaState=0, flags=0x400, repeatCount=2, eventTime=17564263, downTime=17564263, deviceId=-1, source=0x101 }
09-19 16:18:37.545  6989  6989 W ViewRootImpl[UserDetailActivity]: Dropping event due to no window focus: KeyEvent { action=ACTION_DOWN, keyCode=KEYCODE_DPAD_LEFT, scanCode=0, metaState=0, flags=0x400, repeatCount=0, eventTime=17564263, downTime=17564263, deviceId=-1, source=0x101 }
09-19 16:18:37.545  6989  6989 W ViewRootImpl[UserDetailActivity]: Cancelling event due to no window focus: KeyEvent { action=ACTION_UP, keyCode=KEYCODE_DPAD_LEFT, scanCode=0, metaState=0, flags=0x420, repeatCount=0, eventTime=17564263, downTime=17564263, deviceId=-1, source=0x101 }
09-19 16:18:37.545  6989  6989 W ViewRootImpl[UserDetailActivity]: Cancelling event due to no window focus: KeyEvent { action=ACTION_UP, keyCode=KEYCODE_DPAD_LEFT, scanCode=0, metaState=0, flags=0x420, repeatCount=0, eventTime=17564263, downTime=17564263, deviceId=-1, source=0x101 }
09-19 16:18:37.545  6989  6989 W ViewRootImpl[UserDetailActivity]: Cancelling event due to no window focus: KeyEvent { action=ACTION_UP, keyCode=KEYCODE_DPAD_LEFT, scanCode=0, metaState=0, flags=0x420, repeatCount=0, eventTime=17564263, downTime=17564263, deviceId=-1, source=0x101 }
09-19 16:18:37.545  6989  6989 W ViewRootImpl[UserDetailActivity]: Dropping event due to no window focus: KeyEvent { action=ACTION_DOWN, keyCode=KEYCODE_DPAD_LEFT, scanCode=0, metaState=0, flags=0x400, repeatCount=0, eventTime=17564263, downTime=17564263, deviceId=-1, source=0x101 }
09-19 16:18:37.545  6989  6989 W ViewRootImpl[UserDetailActivity]: Cancelling event due to no window focus: KeyEvent { action=ACTION_UP, keyCode=KEYCODE_DPAD_LEFT, scanCode=0, metaState=0, flags=0x420, repeatCount=0, eventTime=17564263, downTime=17564263, deviceId=-1, source=0x101 }
09-19 16:18:37.545  6989  6989 W ViewRootImpl[UserDetailActivity]: Cancelling event due to no window focus: KeyEvent { action=ACTION_UP, keyCode=KEYCODE_DPAD_LEFT, scanCode=0, metaState=0, flags=0x420, repeatCount=0, eventTime=17564263, downTime=17564263, deviceId=-1, source=0x101 }
09-19 16:18:37.545  6989  6989 W ViewRootImpl[UserDetailActivity]: Cancelling event due to no window focus: KeyEvent { action=ACTION_UP, keyCode=KEYCODE_DPAD_LEFT, scanCode=0, metaState=0, flags=0x420, repeatCount=0, eventTime=17564263, downTime=17564263, deviceId=-1, source=0x101 }
09-19 16:18:37.545  6989  6989 W ViewRootImpl[UserDetailActivity]: Dropping event due to no window focus: KeyEvent { action=ACTION_DOWN, keyCode=KEYCODE_DPAD_LEFT, scanCode=0, metaState=0, flags=0x400, repeatCount=0, eventTime=17564263, downTime=17564263, deviceId=-1, source=0x101 }
09-19 16:18:37.545  6989  6989 W ViewRootImpl[UserDetailActivity]: Cancelling event due to no window focus: KeyEvent { action=ACTION_UP, keyCode=KEYCODE_DPAD_LEFT, scanCode=0, metaState=0, flags=0x420, repeatCount=0, eventTime=17564263, downTime=17564263, deviceId=-1, source=0x101 }
09-19 16:18:37.545  6989  6989 W ViewRootImpl[UserDetailActivity]: Cancelling event due to no window focus: KeyEvent { action=ACTION_UP, keyCode=KEYCODE_DPAD_LEFT, scanCode=0, metaState=0, flags=0x420, repeatCount=0, eventTime=17564263, downTime=17564263, deviceId=-1, source=0x101 }
09-19 16:18:37.545  6989  6989 W ViewRootImpl[UserDetailActivity]: Cancelling event due to no window focus: KeyEvent { action=ACTION_UP, keyCode=KEYCODE_DPAD_LEFT, scanCode=0, metaState=0, flags=0x420, repeatCount=0, eventTime=17564263, downTime=17564263, deviceId=-1, source=0x101 }
09-19 16:18:37.545  6989  6989 W ViewRootImpl[UserDetailActivity]: Dropping event due to no window focus: KeyEvent { action=ACTION_DOWN, keyCode=KEYCODE_DPAD_LEFT, scanCode=0, metaState=0, flags=0x400, repeatCount=0, eventTime=17564263, downTime=17564263, deviceId=-1, source=0x101 }
09-19 16:18:37.545  6989  6989 W ViewRootImpl[UserDetailActivity]: Cancelling event due to no window focus: KeyEvent { action=ACTION_UP, keyCode=KEYCODE_DPAD_LEFT, scanCode=0, metaState=0, flags=0x420, repeatCount=0, eventTime=17564263, downTime=17564263, deviceId=-1, source=0x101 }
09-19 16:18:37.545  6989  6989 W ViewRootImpl[UserDetailActivity]: Cancelling event due to no window focus: KeyEvent { action=ACTION_UP, keyCode=KEYCODE_DPAD_LEFT, scanCode=0, metaState=0, flags=0x420, repeatCount=0, eventTime=17564263, downTime=17564263, deviceId=-1, source=0x101 }
09-19 16:18:37.546  6989  6989 W ViewRootImpl[UserDetailActivity]: Cancelling event due to no window focus: KeyEvent { action=ACTION_UP, keyCode=KEYCODE_DPAD_LEFT, scanCode=0, metaState=0, flags=0x420, repeatCount=0, eventTime=17564263, downTime=17564263, deviceId=-1, source=0x101 }
09-19 16:18:37.550  6989  6989 W ViewRootImpl[UserDetailActivity]: Cancelling event due to no window focus: KeyEvent { action=ACTION_UP, keyCode=KEYCODE_DPAD_LEFT, scanCode=0, metaState=0, flags=0x420, repeatCount=0, eventTime=17564263, downTime=17564263, deviceId=-1, source=0x101 }
09-19 16:18:37.551  6989  6989 W ViewRootImpl[UserDetailActivity]: Cancelling event due to no window focus: KeyEvent { action=ACTION_UP, keyCode=KEYCODE_DPAD_LEFT, scanCode=0, metaState=0, flags=0x420, repeatCount=0, eventTime=17564263, downTime=17564263, deviceId=-1, source=0x101 }
09-19 16:18:37.551  6989  6989 W ViewRootImpl[UserDetailActivity]: Cancelling event due to no window focus: KeyEvent { action=ACTION_UP, keyCode=KEYCODE_DPAD_LEFT, scanCode=0, metaState=0, flags=0x420, repeatCount=0, eventTime=17564263, downTime=17564263, deviceId=-1, source=0x101 }
09-19 16:18:37.551  6989  6989 W ViewRootImpl[UserDetailActivity]: Cancelling event due to no window focus: KeyEvent { action=ACTION_UP, keyCode=KEYCODE_DPAD_LEFT, scanCode=0, metaState=0, flags=0x420, repeatCount=0, eventTime=17564263, downTime=17564263, deviceId=-1, source=0x101 }
09-19 16:18:37.551  6989  6989 W ViewRootImpl[UserDetailActivity]: Cancelling event due to no window focus: KeyEvent { action=ACTION_UP, keyCode=KEYCODE_DPAD_LEFT, scanCode=0, metaState=0, flags=0x420, repeatCount=0, eventTime=17564263, downTime=17564263, deviceId=-1, source=0x101 }
09-19 16:18:37.551  6989  6989 W ViewRootImpl[UserDetailActivity]: Cancelling event due to no window focus: KeyEvent { action=ACTION_UP, keyCode=KEYCODE_DPAD_LEFT, scanCode=0, metaState=0, flags=0x420, repeatCount=0, eventTime=17564263, downTime=17564263, deviceId=-1, source=0x101 }
09-19 16:18:37.551  6989  6989 W ViewRootImpl[UserDetailActivity]: Cancelling event due to no window focus: KeyEvent { action=ACTION_UP, keyCode=KEYCODE_DPAD_LEFT, scanCode=0, metaState=0, flags=0x420, repeatCount=0, eventTime=17564263, downTime=17564263, deviceId=-1, source=0x101 }
09-19 16:18:37.551  6989  6989 W ViewRootImpl[UserDetailActivity]: Cancelling event due to no window focus: KeyEvent { action=ACTION_UP, keyCode=KEYCODE_DPAD_LEFT, scanCode=0, metaState=0, flags=0x420, repeatCount=0, eventTime=17564263, downTime=17564263, deviceId=-1, source=0x101 }
09-19 16:18:37.551  6989  6989 W ViewRootImpl[UserDetailActivity]: Cancelling event due to no window focus: KeyEvent { action=ACTION_UP, keyCode=KEYCODE_DPAD_LEFT, scanCode=0, metaState=0, flags=0x420, repeatCount=0, eventTime=17564263, downTime=17564263, deviceId=-1, source=0x101 }
09-19 16:18:37.551  6989  6989 W ViewRootImpl[UserDetailActivity]: Cancelling event due to no window focus: KeyEvent { action=ACTION_UP, keyCode=KEYCODE_DPAD_LEFT, scanCode=0, metaState=0, flags=0x420, repeatCount=0, eventTime=17564263, downTime=17564263, deviceId=-1, source=0x101 }
09-19 16:18:37.551  6989  6989 W ViewRootImpl[UserDetailActivity]: Cancelling event due to no window focus: KeyEvent { action=ACTION_UP, keyCode=KEYCODE_DPAD_LEFT, scanCode=0, metaState=0, flags=0x420, repeatCount=0, eventTime=17564263, downTime=17564263, deviceId=-1, source=0x101 }
09-19 16:18:37.552  6989  6989 W ViewRootImpl[UserDetailActivity]: Cancelling event due to no window focus: KeyEvent { action=ACTION_UP, keyCode=KEYCODE_DPAD_LEFT, scanCode=0, metaState=0, flags=0x420, repeatCount=0, eventTime=17564263, downTime=17564263, deviceId=-1, source=0x101 }
09-19 16:18:37.552  6989  6989 W ViewRootImpl[UserDetailActivity]: Cancelling event due to no window focus: KeyEvent { action=ACTION_UP, keyCode=KEYCODE_DPAD_LEFT, scanCode=0, metaState=0, flags=0x420, repeatCount=0, eventTime=17564263, downTime=17564263, deviceId=-1, source=0x101 }
09-19 16:18:37.552  6989  6989 W ViewRootImpl[UserDetailActivity]: Cancelling event due to no window focus: KeyEvent { action=ACTION_UP, keyCode=KEYCODE_DPAD_LEFT, scanCode=0, metaState=0, flags=0x420, repeatCount=0, eventTime=17564263, downTime=17564263, deviceId=-1, source=0x101 }
09-19 16:18:37.552  6989  6989 W ViewRootImpl[UserDetailActivity]: Cancelling event due to no window focus: KeyEvent { action=ACTION_UP, keyCode=KEYCODE_DPAD_LEFT, scanCode=0, metaState=0, flags=0x420, repeatCount=0, eventTime=17564263, downTime=17564263, deviceId=-1, source=0x101 }
09-19 16:18:37.552  6989  6989 W ViewRootImpl[UserDetailActivity]: Cancelling event due to no window focus: KeyEvent { action=ACTION_UP, keyCode=KEYCODE_DPAD_LEFT, scanCode=0, metaState=0, flags=0x420, repeatCount=0, eventTime=17564263, downTime=17564263, deviceId=-1, source=0x101 }
09-19 16:18:37.552  6989  6989 W ViewRootImpl[UserDetailActivity]: Cancelling event due to no window focus: KeyEvent { action=ACTION_UP, keyCode=KEYCODE_DPAD_LEFT, scanCode=0, metaState=0, flags=0x420, repeatCount=0, eventTime=17564263, downTime=17564263, deviceId=-1, source=0x101 }
09-19 16:18:37.552  6989  6989 W ViewRootImpl[UserDetailActivity]: Cancelling event due to no window focus: KeyEvent { action=ACTION_UP, keyCode=KEYCODE_DPAD_LEFT, scanCode=0, metaState=0, flags=0x420, repeatCount=0, eventTime=17564263, downTime=17564263, deviceId=-1, source=0x101 }
