09-19 16:18:37.552  6989  6989 W ViewRootImpl[UserDetailActivity]: Cancelling event due to no window focus: KeyEvent { action=ACTION_UP, keyCode=KEYCODE_DPAD_LEFT, scanCode=0, metaState=0, flags=0x420, repeatCount=0, eventTime=17564263, downTime=17564263, deviceId=-1, source=0x101 }
09-19 16:18:37.552  6989  6989 W ViewRootImpl[UserDetailActivity]: Cancelling event due to no window focus: KeyEvent { action=ACTION_UP, keyCode=KEYCODE_DPAD_LEFT, scanCode=0, metaState=0, flags=0x420, repeatCount=0, eventTime=17564263, downTime=17564263, deviceId=-1, source=0x101 }
09-19 16:18:37.552  6989  6989 W ViewRootImpl[UserDetailActivity]: Cancelling event due to no window focus: KeyEvent { action=ACTION_UP, keyCode=KEYCODE_DPAD_LEFT, scanCode=0, metaState=0, flags=0x420, repeatCount=0, eventTime=17564263, downTime=17564263, deviceId=-1, source=0x101 }
09-19 16:18:37.552  6989  6989 W ViewRootImpl[UserDetailActivity]: Cancelling event due to no window focus: KeyEvent { action=ACTION_UP, keyCode=KEYCODE_DPAD_LEFT, scanCode=0, metaState=0, flags=0x420, repeatCount=0, eventTime=17564263, downTime=17564263, deviceId=-1, source=0x101 }
09-19 16:18:37.552  6989  6989 W ViewRootImpl[UserDetailActivity]: Cancelling event due to no window focus: KeyEvent { action=ACTION_UP, keyCode=KEYCODE_DPAD_LEFT, scanCode=0, metaState=0, flags=0x420, repeatCount=0, eventTime=17564263, downTime=17564263, deviceId=-1, source=0x101 }
09-19 16:18:37.552  6989  6989 W ViewRootImpl[UserDetailActivity]: Cancelling event due to no window focus: KeyEvent { action=ACTION_UP, keyCode=KEYCODE_DPAD_LEFT, scanCode=0, metaState=0, flags=0x420, repeatCount=0, eventTime=17564263, downTime=17564263, deviceId=-1, source=0x101 }
09-19 16:18:37.718  1698  1698 W ContextImpl: Calling a method in the system process without a qualified user: android.app.ContextImpl.startService:1358 android.content.ContextWrapper.startService:613 android.content.ContextWrapper.startService:613 com.android.coreservice.CoreBroadcastReceiver.onReceive:53 android.app.ActivityThread.handleReceiver:3073 
09-19 16:18:37.755  1394  1394 I vol.Events: writeEvent dismiss_dialog touch_outside
09-19 16:18:37.763  1394  1629 I vol.Events: writeEvent active_stream_changed UNKNOWN_STREAM_-1
09-19 16:18:37.771  1302  1302 I chatty  : uid=1000 system_server expire 2 lines
09-19 16:18:37.799  6989  6989 W ViewRootImpl[DetailsActivity]: Dropping event due to no window focus: KeyEvent { action=ACTION_DOWN, keyCode=KEYCODE_DPAD_RIGHT, scanCode=0, metaState=0, flags=0x8, repeatCount=0, eventTime=17564187, downTime=17564187, deviceId=-1, source=0x101 }
09-19 16:18:37.803  6989  6989 W ViewRootImpl[DetailsActivity]: Dropping event due to no window focus: MotionEvent { action=ACTION_MOVE, actionButton=0, id[0]=0, x[0]=4.0, y[0]=2.0, toolType[0]=TOOL_TYPE_UNKNOWN, buttonState=0, metaState=0, flags=0x0, edgeFlags=0x0, pointerCount=1, historySize=0, eventTime=17564188, downTime=-1, deviceId=0, source=0x10004 }
09-19 16:18:37.858  6989  6989 W ViewRootImpl[DetailsActivity]: Cancelling event due to no window focus: KeyEvent { action=ACTION_UP, keyCode=KEYCODE_DPAD_RIGHT, scanCode=0, metaState=0, flags=0x28, repeatCount=0, eventTime=17564488, downTime=17564488, deviceId=-1, source=0x101 }
09-19 16:18:37.858  6989  6989 W ViewRootImpl[DetailsActivity]: Cancelling event due to no window focus: KeyEvent { action=ACTION_UP, keyCode=KEYCODE_DPAD_RIGHT, scanCode=0, metaState=0, flags=0x28, repeatCount=0, eventTime=17564488, downTime=17564488, deviceId=-1, source=0x101 }
09-19 16:18:37.858  6989  6989 W ViewRootImpl[DetailsActivity]: Cancelling event due to no window focus: KeyEvent { action=ACTION_UP, keyCode=KEYCODE_DPAD_RIGHT, scanCode=0, metaState=0, flags=0x28, repeatCount=0, eventTime=17564488, downTime=17564488, deviceId=-1, source=0x101 }
09-19 16:18:37.858  6989  6989 W ViewRootImpl[DetailsActivity]: Cancelling event due to no window focus: KeyEvent { action=ACTION_UP, keyCode=KEYCODE_DPAD_RIGHT, scanCode=0, metaState=0, flags=0x28, repeatCount=0, eventTime=17564488, downTime=17564488, deviceId=-1, source=0x101 }
09-19 16:18:37.858  6989  6989 W ViewRootImpl[DetailsActivity]: Cancelling event due to no window focus: KeyEvent { action=ACTION_UP, keyCode=KEYCODE_DPAD_RIGHT, scanCode=0, metaState=0, flags=0x28, repeatCount=0, eventTime=17564488, downTime=17564488, deviceId=-1, source=0x101 }
09-19 16:18:37.858  6989  6989 W ViewRootImpl[DetailsActivity]: Cancelling event due to no window focus: KeyEvent { action=ACTION_UP, keyCode=KEYCODE_DPAD_RIGHT, scanCode=0, metaState=0, flags=0x28, repeatCount=0, eventTime=17564488, downTime=17564488, deviceId=-1, source=0x101 }
09-19 16:18:37.858  6989  6989 W ViewRootImpl[DetailsActivity]: Cancelling event due to no window focus: KeyEvent { action=ACTION_UP, keyCode=KEYCODE_DPAD_RIGHT, scanCode=0, metaState=0, flags=0x28, repeatCount=0, eventTime=17564488, downTime=17564488, deviceId=-1, source=0x101 }
09-19 16:18:37.858  6989  6989 W ViewRootImpl[DetailsActivity]: Cancelling event due to no window focus: KeyEvent { action=ACTION_UP, keyCode=KEYCODE_DPAD_RIGHT, scanCode=0, metaState=0, flags=0x28, repeatCount=0, eventTime=17564488, downTime=17564488, deviceId=-1, source=0x101 }
09-19 16:18:37.858  6989  6989 W ViewRootImpl[DetailsActivity]: Cancelling event due to no window focus: KeyEvent { action=ACTION_UP, keyCode=KEYCODE_DPAD_RIGHT, scanCode=0, metaState=0, flags=0x28, repeatCount=0, eventTime=17564488, downTime=17564488, deviceId=-1, source=0x101 }
09-19 16:18:37.865  1302  1323 I ActivityManager: Displayed com.litatom.app/com.lit.app.ui.feed.DetailsActivity: +324ms
09-19 16:18:37.873  1698  1698 W ContextImpl: Calling a method in the system process without a qualified user: android.app.ContextImpl.startService:1358 android.content.ContextWrapper.startService:613 android.content.ContextWrapper.startService:613 com.android.coreservice.CoreBroadcastReceiver.onReceive:69 android.app.ActivityThread.handleReceiver:3073 
09-19 16:18:37.967  1698  1698 W ContextImpl: Calling a method in the system process without a qualified user: android.app.ContextImpl.startService:1358 android.content.ContextWrapper.startService:613 android.content.ContextWrapper.startService:613 com.android.coreservice.CoreBroadcastReceiver.onReceive:69 android.app.ActivityThread.handleReceiver:3073 
09-19 16:18:37.986  1698  1698 W ContextImpl: Calling a method in the system process without a qualified user: android.app.ContextImpl.startService:1358 android.content.ContextWrapper.startService:613 android.content.ContextWrapper.startService:613 com.android.coreservice.CoreBroadcastReceiver.onReceive:69 android.app.ActivityThread.handleReceiver:3073 
09-19 16:18:38.077  1394  1647 D EGL_adreno: eglMakeCurrent: 0xa7012860: ver 3 1 (tinfo 0xa7014600)
09-19 16:18:38.307  1698  1698 W ContextImpl: Calling a method in the system process without a qualified user: android.app.ContextImpl.startService:1358 android.content.ContextWrapper.startService:613 android.content.ContextWrapper.startService:613 com.android.coreservice.CoreBroadcastReceiver.onReceive:44 android.app.ActivityThread.handleReceiver:3073 
09-19 16:18:38.319  1698  1698 W ContextImpl: Calling a method in the system process without a qualified user: android.app.ContextImpl.startService:1358 android.content.ContextWrapper.startService:613 android.content.ContextWrapper.startService:613 com.android.coreservice.CoreBroadcastReceiver.onReceive:53 android.app.ActivityThread.handleReceiver:3073 
09-19 16:18:38.376  1698  1698 W ContextImpl: Calling a method in the system process without a qualified user: android.app.ContextImpl.startService:1358 android.content.ContextWrapper.startService:613 android.content.ContextWrapper.startService:613 com.android.coreservice.CoreBroadcastReceiver.onReceive:69 android.app.ActivityThread.handleReceiver:3073 
09-19 16:18:38.450  6989  7000 I chatty  : uid=10038(com.litatom.app) HeapTaskDaemon expire 2 lines
09-19 16:18:38.698  1302  3016 I chatty  : uid=1000(system) Binder:1302_8 expire 1 line
09-19 16:18:38.707  1698  1698 W ContextImpl: Calling a method in the system process without a qualified user: android.app.ContextImpl.startService:1358 android.content.ContextWrapper.startService:613 android.content.ContextWrapper.startService:613 com.android.coreservice.CoreBroadcastReceiver.onReceive:44 android.app.ActivityThread.handleReceiver:3073 
09-19 16:18:38.711  1394  1629 I vol.Events: writeEvent active_stream_changed STREAM_MUSIC
09-19 16:18:38.713  1394  1629 I vol.Events: writeEvent key STREAM_MUSIC 0
09-19 16:18:38.724  1394  1394 I vol.Events: writeEvent show_dialog volume_changed keyguard=false
09-19 16:18:38.779  1302  1347 I InputDispatcher: Dropped event because the current application is not responding and the user has started interacting with a different application.
09-19 16:18:38.789  1394  1647 E EGL_adreno: tid 1647: eglSurfaceAttrib(1338): error 0x3009 (EGL_BAD_MATCH)
09-19 16:18:38.789  1394  1647 W OpenGLRenderer: Failed to set EGL_SWAP_BEHAVIOR on surface 0xa4e04a20, error=EGL_BAD_MATCH
09-19 16:18:38.803  1394  1647 D EGL_adreno: eglMakeCurrent: 0xa7012860: ver 3 1 (tinfo 0xa7014600)
09-19 16:18:38.879  1698  1698 W ContextImpl: Calling a method in the system process without a qualified user: android.app.ContextImpl.startService:1358 android.content.ContextWrapper.startService:613 android.content.ContextWrapper.startService:613 com.android.coreservice.CoreBroadcastReceiver.onReceive:53 android.app.ActivityThread.handleReceiver:3073 
09-19 16:18:38.922  6989 14189 I chatty  : uid=10038(com.litatom.app) Thread-12536 expire 2 lines
09-19 16:18:38.947  6989  6989 W ViewRootImpl[DetailsActivity]: Dropping event due to no window focus: KeyEvent { action=ACTION_DOWN, keyCode=KEYCODE_DPAD_RIGHT, scanCode=0, metaState=0, flags=0x8, repeatCount=0, eventTime=17565559, downTime=17565559, deviceId=-1, source=0x101 }
09-19 16:18:38.947  6989  6989 W ViewRootImpl[DetailsActivity]: Cancelling event due to no window focus: KeyEvent { action=ACTION_UP, keyCode=KEYCODE_DPAD_RIGHT, scanCode=0, metaState=0, flags=0x28, repeatCount=0, eventTime=17565637, downTime=17565637, deviceId=-1, source=0x101 }
09-19 16:18:38.947  6989  6989 W ViewRootImpl[DetailsActivity]: Cancelling event due to no window focus: KeyEvent { action=ACTION_UP, keyCode=KEYCODE_DPAD_RIGHT, scanCode=0, metaState=0, flags=0x28, repeatCount=0, eventTime=17565637, downTime=17565637, deviceId=-1, source=0x101 }
09-19 16:18:38.947  6989  6989 W ViewRootImpl[DetailsActivity]: Cancelling event due to no window focus: KeyEvent { action=ACTION_UP, keyCode=KEYCODE_DPAD_RIGHT, scanCode=0, metaState=0, flags=0x28, repeatCount=0, eventTime=17565637, downTime=17565637, deviceId=-1, source=0x101 }
09-19 16:18:38.947  6989  6989 W ViewRootImpl[DetailsActivity]: Cancelling event due to no window focus: KeyEvent { action=ACTION_UP, keyCode=KEYCODE_DPAD_RIGHT, scanCode=0, metaState=0, flags=0x28, repeatCount=0, eventTime=17565637, downTime=17565637, deviceId=-1, source=0x101 }
09-19 16:18:38.947  6989  6989 W ViewRootImpl[DetailsActivity]: Cancelling event due to no window focus: KeyEvent { action=ACTION_UP, keyCode=KEYCODE_DPAD_RIGHT, scanCode=0, metaState=0, flags=0x28, repeatCount=0, eventTime=17565637, downTime=17565637, deviceId=-1, source=0x101 }
09-19 16:18:38.947  6989  6989 W ViewRootImpl[DetailsActivity]: Cancelling event due to no window focus: KeyEvent { action=ACTION_UP, keyCode=KEYCODE_DPAD_RIGHT, scanCode=0, metaState=0, flags=0x28, repeatCount=0, eventTime=17565637, downTime=17565637, deviceId=-1, source=0x101 }
09-19 16:18:38.947  6989  6989 W ViewRootImpl[DetailsActivity]: Cancelling event due to no window focus: KeyEvent { action=ACTION_UP, keyCode=KEYCODE_DPAD_RIGHT, scanCode=0, metaState=0, flags=0x28, repeatCount=0, eventTime=17565637, downTime=17565637, deviceId=-1, source=0x101 }
09-19 16:18:38.947  6989  6989 W ViewRootImpl[DetailsActivity]: Cancelling event due to no window focus: KeyEvent { action=ACTION_UP, keyCode=KEYCODE_DPAD_RIGHT, scanCode=0, metaState=0, flags=0x28, repeatCount=0, eventTime=17565637, downTime=17565637, deviceId=-1, source=0x101 }
09-19 16:18:38.948  6989  6989 W ViewRootImpl[DetailsActivity]: Cancelling event due to no window focus: KeyEvent { action=ACTION_UP, keyCode=KEYCODE_DPAD_RIGHT, scanCode=0, metaState=0, flags=0x28, repeatCount=0, eventTime=17565637, downTime=17565637, deviceId=-1, source=0x101 }
09-19 16:18:39.000  1302  1323 I ActivityManager: Displayed com.litatom.app/com.lit.app.ui.feed.DetailsActivity: +272ms
09-19 16:18:39.004  1698  1698 W ContextImpl: Calling a method in the system process without a qualified user: android.app.ContextImpl.startService:1358 android.content.ContextWrapper.startService:613 android.content.ContextWrapper.startService:613 com.android.coreservice.CoreBroadcastReceiver.onReceive:69 android.app.ActivityThread.handleReceiver:3073 
09-19 16:18:39.038  1394  1647 D EGL_adreno: eglMakeCurrent: 0xa7012860: ver 3 1 (tinfo 0xa7014600)
09-19 16:18:39.099  1394  1647 E EGL_adreno: tid 1647: eglSurfaceAttrib(1338): error 0x3009 (EGL_BAD_MATCH)
09-19 16:18:39.099  1394  1647 W OpenGLRenderer: Failed to set EGL_SWAP_BEHAVIOR on surface 0xa521c840, error=EGL_BAD_MATCH
09-19 16:18:39.102  1394  1647 D EGL_adreno: eglMakeCurrent: 0xa7012860: ver 3 1 (tinfo 0xa7014600)
09-19 16:18:39.290  1698  1698 W ContextImpl: Calling a method in the system process without a qualified user: android.app.ContextImpl.startService:1358 android.content.ContextWrapper.startService:613 android.content.ContextWrapper.startService:613 com.android.coreservice.CoreBroadcastReceiver.onReceive:69 android.app.ActivityThread.handleReceiver:3073 
09-19 16:18:39.574  1698  1698 W ContextImpl: Calling a method in the system process without a qualified user: android.app.ContextImpl.startService:1358 android.content.ContextWrapper.startService:613 android.content.ContextWrapper.startService:613 com.android.coreservice.CoreBroadcastReceiver.onReceive:44 android.app.ActivityThread.handleReceiver:3073 
09-19 16:18:39.589  1698  1698 W ContextImpl: Calling a method in the system process without a qualified user: android.app.ContextImpl.startService:1358 android.content.ContextWrapper.startService:613 android.content.ContextWrapper.startService:613 com.android.coreservice.CoreBroadcastReceiver.onReceive:53 android.app.ActivityThread.handleReceiver:3073 
09-19 16:18:39.673  1698  1698 W ContextImpl: Calling a method in the system process without a qualified user: android.app.ContextImpl.startService:1358 android.content.ContextWrapper.startService:613 android.content.ContextWrapper.startService:613 com.android.coreservice.CoreBroadcastReceiver.onReceive:69 android.app.ActivityThread.handleReceiver:3073 
09-19 16:18:39.787  1302  3018 I chatty  : uid=1000(system) Binder:1302_A expire 1 line
09-19 16:18:39.807  1394  1394 I vol.Events: writeEvent dismiss_dialog touch_outside
09-19 16:18:39.810  1394  1629 I vol.Events: writeEvent active_stream_changed UNKNOWN_STREAM_-1
09-19 16:18:40.127  1394  1647 D EGL_adreno: eglMakeCurrent: 0xa7012860: ver 3 1 (tinfo 0xa7014600)
09-19 16:18:40.135  1302  5332 I chatty  : uid=1000(system) Binder:1302_10 expire 1 line
09-19 16:18:40.142  1698  1698 W ContextImpl: Calling a method in the system process without a qualified user: android.app.ContextImpl.startService:1358 android.content.ContextWrapper.startService:613 android.content.ContextWrapper.startService:613 com.android.coreservice.CoreBroadcastReceiver.onReceive:44 android.app.ActivityThread.handleReceiver:3073 
09-19 16:18:40.286  1698  1698 W ContextImpl: Calling a method in the system process without a qualified user: android.app.ContextImpl.startService:1358 android.content.ContextWrapper.startService:613 android.content.ContextWrapper.startService:613 com.android.coreservice.CoreBroadcastReceiver.onReceive:53 android.app.ActivityThread.handleReceiver:3073 
09-19 16:18:40.296  1302  1347 I chatty  : uid=1000(system) InputDispatcher expire 1 line
09-19 16:18:40.346  6989  6989 W ViewRootImpl[DetailsActivity]: Cancelling event due to no window focus: KeyEvent { action=ACTION_UP, keyCode=KEYCODE_CALCULATOR, scanCode=0, metaState=0, flags=0x28, repeatCount=0, eventTime=17567029, downTime=17567029, deviceId=-1, source=0x101 }
09-19 16:18:40.346  6989  6989 W ViewRootImpl[DetailsActivity]: Cancelling event due to no window focus: KeyEvent { action=ACTION_UP, keyCode=KEYCODE_CALCULATOR, scanCode=0, metaState=0, flags=0x28, repeatCount=0, eventTime=17567029, downTime=17567029, deviceId=-1, source=0x101 }
09-19 16:18:40.346  6989  6989 W ViewRootImpl[DetailsActivity]: Cancelling event due to no window focus: KeyEvent { action=ACTION_UP, keyCode=KEYCODE_CALCULATOR, scanCode=0, metaState=0, flags=0x28, repeatCount=0, eventTime=17567029, downTime=17567029, deviceId=-1, source=0x101 }
09-19 16:18:40.346  6989  6989 W ViewRootImpl[DetailsActivity]: Cancelling event due to no window focus: KeyEvent { action=ACTION_UP, keyCode=KEYCODE_CALCULATOR, scanCode=0, metaState=0, flags=0x28, repeatCount=0, eventTime=17567029, downTime=17567029, deviceId=-1, source=0x101 }
09-19 16:18:40.346  6989  6989 W ViewRootImpl[DetailsActivity]: Cancelling event due to no window focus: KeyEvent { action=ACTION_UP, keyCode=KEYCODE_CALCULATOR, scanCode=0, metaState=0, flags=0x28, repeatCount=0, eventTime=17567029, downTime=17567029, deviceId=-1, source=0x101 }
09-19 16:18:40.346  6989  6989 W ViewRootImpl[DetailsActivity]: Cancelling event due to no window focus: KeyEvent { action=ACTION_UP, keyCode=KEYCODE_CALCULATOR, scanCode=0, metaState=0, flags=0x28, repeatCount=0, eventTime=17567029, downTime=17567029, deviceId=-1, source=0x101 }
09-19 16:18:40.347  6989  6989 W ViewRootImpl[DetailsActivity]: Cancelling event due to no window focus: KeyEvent { action=ACTION_UP, keyCode=KEYCODE_CALCULATOR, scanCode=0, metaState=0, flags=0x28, repeatCount=0, eventTime=17567029, downTime=17567029, deviceId=-1, source=0x101 }
09-19 16:18:40.347  6989  6989 W ViewRootImpl[DetailsActivity]: Cancelling event due to no window focus: KeyEvent { action=ACTION_UP, keyCode=KEYCODE_CALCULATOR, scanCode=0, metaState=0, flags=0x28, repeatCount=0, eventTime=17567029, downTime=17567029, deviceId=-1, source=0x101 }
09-19 16:18:40.347  6989  6989 W ViewRootImpl[DetailsActivity]: Cancelling event due to no window focus: KeyEvent { action=ACTION_UP, keyCode=KEYCODE_CALCULATOR, scanCode=0, metaState=0, flags=0x28, repeatCount=0, eventTime=17567029, downTime=17567029, deviceId=-1, source=0x101 }
09-19 16:18:40.347  6989  6989 W ViewRootImpl[DetailsActivity]: Dropping event due to no window focus: KeyEvent { action=ACTION_DOWN, keyCode=KEYCODE_MENU, scanCode=0, metaState=0, flags=0x8, repeatCount=0, eventTime=17567042, downTime=17567042, deviceId=-1, source=0x101 }
09-19 16:18:40.348  6989  6989 W ViewRootImpl[DetailsActivity]: Cancelling event due to no window focus: KeyEvent { action=ACTION_UP, keyCode=KEYCODE_MENU, scanCode=0, metaState=0, flags=0x28, repeatCount=0, eventTime=17567079, downTime=17567079, deviceId=-1, source=0x101 }
09-19 16:18:40.348  6989  6989 W ViewRootImpl[DetailsActivity]: Cancelling event due to no window focus: KeyEvent { action=ACTION_UP, keyCode=KEYCODE_MENU, scanCode=0, metaState=0, flags=0x28, repeatCount=0, eventTime=17567079, downTime=17567079, deviceId=-1, source=0x101 }
09-19 16:18:40.348  6989  6989 W ViewRootImpl[DetailsActivity]: Cancelling event due to no window focus: KeyEvent { action=ACTION_UP, keyCode=KEYCODE_MENU, scanCode=0, metaState=0, flags=0x28, repeatCount=0, eventTime=17567079, downTime=17567079, deviceId=-1, source=0x101 }
09-19 16:18:40.348  6989  6989 W ViewRootImpl[DetailsActivity]: Cancelling event due to no window focus: KeyEvent { action=ACTION_UP, keyCode=KEYCODE_MENU, scanCode=0, metaState=0, flags=0x28, repeatCount=0, eventTime=17567079, downTime=17567079, deviceId=-1, source=0x101 }
09-19 16:18:40.348  6989  6989 W ViewRootImpl[DetailsActivity]: Cancelling event due to no window focus: KeyEvent { action=ACTION_UP, keyCode=KEYCODE_MENU, scanCode=0, metaState=0, flags=0x28, repeatCount=0, eventTime=17567079, downTime=17567079, deviceId=-1, source=0x101 }
09-19 16:18:40.348  6989  6989 W ViewRootImpl[DetailsActivity]: Cancelling event due to no window focus: KeyEvent { action=ACTION_UP, keyCode=KEYCODE_MENU, scanCode=0, metaState=0, flags=0x28, repeatCount=0, eventTime=17567079, downTime=17567079, deviceId=-1, source=0x101 }
09-19 16:18:40.396  1302  1323 I ActivityManager: Displayed com.litatom.app/com.lit.app.ui.feed.DetailsActivity: +247ms
09-19 16:18:40.397  1698  1698 W ContextImpl: Calling a method in the system process without a qualified user: android.app.ContextImpl.startService:1358 android.content.ContextWrapper.startService:613 android.content.ContextWrapper.startService:613 com.android.coreservice.CoreBroadcastReceiver.onReceive:69 android.app.ActivityThread.handleReceiver:3073 
09-19 16:18:41.018  1302  3015 I chatty  : uid=1000(system) Binder:1302_7 expire 1 line
09-19 16:18:41.541  6989  7121 I chatty  : uid=10038(com.litatom.app) RenderThread expire 218 lines
09-19 16:18:41.776  1302  1302 I chatty  : uid=1000 system_server expire 3 lines
09-19 16:18:41.831  6989  6989 I chatty  : uid=10038(com.litatom.app) expire 20 lines
09-19 16:18:42.031  1302  5332 I chatty  : uid=1000(system) Binder:1302_10 expire 1 line
09-19 16:18:42.431  1698  1698 W ContextImpl: Calling a method in the system process without a qualified user: android.app.ContextImpl.startService:1358 android.content.ContextWrapper.startService:613 android.content.ContextWrapper.startService:613 com.android.coreservice.CoreBroadcastReceiver.onReceive:44 android.app.ActivityThread.handleReceiver:3073 
09-19 16:18:42.447  1698  1698 W ContextImpl: Calling a method in the system process without a qualified user: android.app.ContextImpl.startService:1358 android.content.ContextWrapper.startService:613 android.content.ContextWrapper.startService:613 com.android.coreservice.CoreBroadcastReceiver.onReceive:53 android.app.ActivityThread.handleReceiver:3073 
09-19 16:18:42.455  1698  1698 W ContextImpl: Calling a method in the system process without a qualified user: android.app.ContextImpl.startService:1358 android.content.ContextWrapper.startService:613 android.content.ContextWrapper.startService:613 com.android.coreservice.CoreBroadcastReceiver.onReceive:69 android.app.ActivityThread.handleReceiver:3073 
09-19 16:18:42.565  1698  1698 W ContextImpl: Calling a method in the system process without a qualified user: android.app.ContextImpl.startService:1358 android.content.ContextWrapper.startService:613 android.content.ContextWrapper.startService:613 com.android.coreservice.CoreBroadcastReceiver.onReceive:44 android.app.ActivityThread.handleReceiver:3073 
09-19 16:18:42.581  6989  7090 I chatty  : uid=10038(com.litatom.app) LogingTaskQueue expire 15 lines
09-19 16:18:42.605  1698  1698 W ContextImpl: Calling a method in the system process without a qualified user: android.app.ContextImpl.startService:1358 android.content.ContextWrapper.startService:613 android.content.ContextWrapper.startService:613 com.android.coreservice.CoreBroadcastReceiver.onReceive:53 android.app.ActivityThread.handleReceiver:3073 
09-19 16:18:42.612  1698  1698 W ContextImpl: Calling a method in the system process without a qualified user: android.app.ContextImpl.startService:1358 android.content.ContextWrapper.startService:613 android.content.ContextWrapper.startService:613 com.android.coreservice.CoreBroadcastReceiver.onReceive:69 android.app.ActivityThread.handleReceiver:3073 
09-19 16:18:42.620  1698  1698 W ContextImpl: Calling a method in the system process without a qualified user: android.app.ContextImpl.startService:1358 android.content.ContextWrapper.startService:613 android.content.ContextWrapper.startService:613 com.android.coreservice.CoreBroadcastReceiver.onReceive:69 android.app.ActivityThread.handleReceiver:3073 
09-19 16:18:42.940  1698  1698 W ContextImpl: Calling a method in the system process without a qualified user: android.app.ContextImpl.startService:1358 android.content.ContextWrapper.startService:613 android.content.ContextWrapper.startService:613 com.android.coreservice.CoreBroadcastReceiver.onReceive:69 android.app.ActivityThread.handleReceiver:3073 
09-19 16:18:43.050  6989  7000 I chatty  : uid=10038(com.litatom.app) HeapTaskDaemon expire 2 lines
09-19 16:18:43.072  1698  1698 W ContextImpl: Calling a method in the system process without a qualified user: android.app.ContextImpl.startService:1358 android.content.ContextWrapper.startService:613 android.content.ContextWrapper.startService:613 com.android.coreservice.CoreBroadcastReceiver.onReceive:69 android.app.ActivityThread.handleReceiver:3073 
09-19 16:18:43.075  1698  1698 W ContextImpl: Calling a method in the system process without a qualified user: android.app.ContextImpl.startService:1358 android.content.ContextWrapper.startService:613 android.content.ContextWrapper.startService:613 com.android.coreservice.CoreBroadcastReceiver.onReceive:69 android.app.ActivityThread.handleReceiver:3073 
09-19 16:18:43.106  1698  1698 W ContextImpl: Calling a method in the system process without a qualified user: android.app.ContextImpl.startService:1358 android.content.ContextWrapper.startService:613 android.content.ContextWrapper.startService:613 com.android.coreservice.CoreBroadcastReceiver.onReceive:69 android.app.ActivityThread.handleReceiver:3073 
09-19 16:18:43.275  1302  1643 I chatty  : uid=1000(system) Binder:1302_5 expire 1 line
09-19 16:18:43.281  1698  1698 W ContextImpl: Calling a method in the system process without a qualified user: android.app.ContextImpl.startService:1358 android.content.ContextWrapper.startService:613 android.content.ContextWrapper.startService:613 com.android.coreservice.CoreBroadcastReceiver.onReceive:44 android.app.ActivityThread.handleReceiver:3073 
09-19 16:18:43.427  1698  1698 W ContextImpl: Calling a method in the system process without a qualified user: android.app.ContextImpl.startService:1358 android.content.ContextWrapper.startService:613 android.content.ContextWrapper.startService:613 com.android.coreservice.CoreBroadcastReceiver.onReceive:53 android.app.ActivityThread.handleReceiver:3073 
09-19 16:18:43.560  1302  1323 I ActivityManager: Displayed com.litatom.app/com.lit.app.ui.me.UserDetailActivity: +261ms
09-19 16:18:43.564  1698  1698 W ContextImpl: Calling a method in the system process without a qualified user: android.app.ContextImpl.startService:1358 android.content.ContextWrapper.startService:613 android.content.ContextWrapper.startService:613 com.android.coreservice.CoreBroadcastReceiver.onReceive:69 android.app.ActivityThread.handleReceiver:3073 
09-19 16:18:43.594  1302  1347 I chatty  : uid=1000(system) InputDispatcher expire 1 line
09-19 16:18:43.605  1394  1647 D EGL_adreno: eglMakeCurrent: 0xa7012860: ver 3 1 (tinfo 0xa7014600)
09-19 16:18:44.066  1114  1134 D AudioFlinger: mixer(0xc5a80000) throttle end: throttle time(9)
09-19 16:18:45.110  6989  7121 I chatty  : uid=10038(com.litatom.app) RenderThread expire 250 lines
09-19 16:18:45.771  6989  7249 I chatty  : uid=10038(com.litatom.app) AgoraLogging expire 1 line
09-19 16:18:45.836  6989  6989 I chatty  : uid=10038(com.litatom.app) expire 4 lines
09-19 16:18:45.909  1698  1698 W ContextImpl: Calling a method in the system process without a qualified user: android.app.ContextImpl.startService:1358 android.content.ContextWrapper.startService:613 android.content.ContextWrapper.startService:613 com.android.coreservice.CoreBroadcastReceiver.onReceive:69 android.app.ActivityThread.handleReceiver:3073 
09-19 16:18:46.597  1698  1698 W ContextImpl: Calling a method in the system process without a qualified user: android.app.ContextImpl.startService:1358 android.content.ContextWrapper.startService:613 android.content.ContextWrapper.startService:613 com.android.coreservice.CoreBroadcastReceiver.onReceive:69 android.app.ActivityThread.handleReceiver:3073 
09-19 16:18:46.634  1302  1313 I chatty  : uid=1000(system) Binder:1302_1 expire 1 line
09-19 16:18:46.634  1394  1394 D PhoneStatusBar: disable: < expand ICONS* alerts SYSTEM_INFO* back home recent clock search quick_settings >
09-19 16:18:46.654  1394  1647 D EGL_adreno: eglMakeCurrent: 0xa7012860: ver 3 1 (tinfo 0xa7014600)
09-19 16:18:46.695  1394  1647 E EGL_adreno: tid 1647: eglSurfaceAttrib(1338): error 0x3009 (EGL_BAD_MATCH)
09-19 16:18:46.695  1394  1647 W OpenGLRenderer: Failed to set EGL_SWAP_BEHAVIOR on surface 0xa45b45c0, error=EGL_BAD_MATCH
09-19 16:18:46.696  1394  1647 D EGL_adreno: eglMakeCurrent: 0xa7012860: ver 3 1 (tinfo 0xa7014600)
09-19 16:18:46.732  1302  3017 W VibratorService: Tried to stop vibrating but there is no vibrator device.
09-19 16:18:46.856  1302  1643 I chatty  : uid=1000(system) Binder:1302_5 expire 1 line
09-19 16:18:47.222  1302  3020 I chatty  : uid=1000(system) Binder:1302_C expire 1 line
09-19 16:18:47.223  1394  1394 D PhoneStatusBar: disable: < expand icons* alerts system_info* back home recent clock search quick_settings >
09-19 16:18:47.273  1394  1647 D EGL_adreno: eglMakeCurrent: 0xa7012860: ver 3 1 (tinfo 0xa7014600)
09-19 16:18:47.312  1394  1647 E EGL_adreno: tid 1647: eglSurfaceAttrib(1338): error 0x3009 (EGL_BAD_MATCH)
09-19 16:18:47.312  1394  1647 W OpenGLRenderer: Failed to set EGL_SWAP_BEHAVIOR on surface 0xa4e0d860, error=EGL_BAD_MATCH
09-19 16:18:47.314  1394  1647 D EGL_adreno: eglMakeCurrent: 0xa7012860: ver 3 1 (tinfo 0xa7014600)
09-19 16:18:47.531  1302  1316 I chatty  : uid=1000(system) ActivityManager expire 1 line
09-19 16:18:47.783  1302  1302 I chatty  : uid=1000 system_server expire 1 line
09-19 16:18:48.351  1302  5331 I chatty  : uid=1000(system) Binder:1302_F expire 1 line
09-19 16:18:49.236 13286 14173 I HostConnection: HostConnection::~HostConnection, pid=13286, tid=14173, this=0xbd7044c0, m_stream=0xa5442300
09-19 16:18:49.237 13286 14173 I         : fastpipe: close connect
09-19 16:18:50.028  6989  7121 I chatty  : uid=10038(com.litatom.app) RenderThread expire 252 lines
09-19 16:18:50.772  6989  7249 I chatty  : uid=10038(com.litatom.app) AgoraLogging expire 4 lines
09-19 16:18:53.088  6989  7121 I chatty  : uid=10038(com.litatom.app) RenderThread expire 763 lines
09-19 16:18:54.754  1302  1314 I chatty  : uid=1000(system) Binder:1302_2 expire 1 line
09-19 16:18:55.505  1114  1134 D AudioFlinger: mixer(0xc5a80000) throttle end: throttle time(4)
09-19 16:19:01.398  1302  3017 I chatty  : uid=1000(system) Binder:1302_9 expire 1 line
09-19 16:19:01.518  1302  5329 I chatty  : uid=1000(system) Binder:1302_D expire 1 line
09-19 16:19:01.638  1302  1347 I chatty  : uid=1000(system) InputDispatcher expire 1 line
09-19 16:19:01.768  6989  7249 I chatty  : uid=10038(com.litatom.app) AgoraLogging expire 2 lines
09-19 16:19:02.645  1302  1313 I chatty  : uid=1000(system) Binder:1302_1 expire 2 lines
09-19 16:19:03.503  6989  7121 I chatty  : uid=10038(com.litatom.app) RenderThread expire 253 lines
09-19 16:19:04.661  1302  3016 I chatty  : uid=1000(system) Binder:1302_8 expire 1 line
09-19 16:19:08.745  1302  1545 I chatty  : uid=1000(system) Binder:1302_3 expire 1 line
09-19 16:19:08.745  6989  6989 I chatty  : uid=10038(com.litatom.app) expire 1 line
09-19 16:19:09.188  6989  7121 I chatty  : uid=10038(com.litatom.app) RenderThread expire 254 lines
09-19 16:19:09.527  1302  5330 I chatty  : uid=1000(system) Binder:1302_E expire 1 line
09-19 16:19:11.770  6989  7249 I chatty  : uid=10038(com.litatom.app) AgoraLogging expire 1 line
09-19 16:19:12.274  6989  7121 I chatty  : uid=10038(com.litatom.app) RenderThread expire 492 lines
09-19 16:19:12.607  1394  1629 I vol.Events: writeEvent active_stream_changed STREAM_MUSIC
09-19 16:19:12.608  1394  1629 I vol.Events: writeEvent key STREAM_MUSIC 0
09-19 16:19:12.621  1394  1394 I vol.Events: writeEvent show_dialog volume_changed keyguard=false
09-19 16:19:12.661  1394  1647 E EGL_adreno: tid 1647: eglSurfaceAttrib(1338): error 0x3009 (EGL_BAD_MATCH)
09-19 16:19:12.661  1394  1647 W OpenGLRenderer: Failed to set EGL_SWAP_BEHAVIOR on surface 0xa4e0c880, error=EGL_BAD_MATCH
09-19 16:19:12.663  1394  1647 D EGL_adreno: eglMakeCurrent: 0xa7012860: ver 3 1 (tinfo 0xa7014600)
09-19 16:19:13.405  1394  1394 I vol.Events: writeEvent dismiss_dialog touch_outside
09-19 16:19:13.409  1394  1629 I vol.Events: writeEvent active_stream_changed UNKNOWN_STREAM_-1
09-19 16:19:13.726  1394  1647 D EGL_adreno: eglMakeCurrent: 0xa7012860: ver 3 1 (tinfo 0xa7014600)
09-19 16:19:15.145  1302  3016 I chatty  : uid=1000(system) Binder:1302_8 expire 1 line
09-19 16:19:15.463  1302  5331 I chatty  : uid=1000(system) Binder:1302_F expire 1 line
09-19 16:19:15.464  6989  6989 I chatty  : uid=10038(com.litatom.app) expire 4 lines
09-19 16:19:15.470  1394  1647 D EGL_adreno: eglMakeCurrent: 0xa7012860: ver 3 1 (tinfo 0xa7014600)
09-19 16:19:15.752  1302  3017 I chatty  : uid=1000(system) Binder:1302_9 expire 1 line
09-19 16:19:16.791  6989  7249 I chatty  : uid=10038(com.litatom.app) AgoraLogging expire 1 line
09-19 16:19:16.875  6989  7090 I chatty  : uid=10038(com.litatom.app) LogingTaskQueue expire 13 lines
09-19 16:19:18.693  1302  1617 I chatty  : uid=1000(system) Binder:1302_4 expire 1 line
09-19 16:19:18.974  6989  7121 I chatty  : uid=10038(com.litatom.app) RenderThread expire 254 lines
09-19 16:19:19.558  1109  1109 E EGL_adreno: tid 1109: eglCreateSyncKHR(2089): error 0x3004 (EGL_BAD_ATTRIBUTE)
09-19 16:19:19.694 13286 13307 E EGL_adreno: tid 13307: eglSurfaceAttrib(1338): error 0x3009 (EGL_BAD_MATCH)
09-19 16:19:19.694 13286 13307 W OpenGLRenderer: Failed to set EGL_SWAP_BEHAVIOR on surface 0xba516600, error=EGL_BAD_MATCH
09-19 16:19:19.712 13286 13307 D EGL_adreno: eglMakeCurrent: 0xb6e9c3e0: ver 3 1 (tinfo 0xba514370)
09-19 16:19:21.045  1302  1545 D NotificationService: notify pkg=com.android.systemui pid=1302
09-19 16:19:21.048  1302  1302 I chatty  : uid=1000 system_server expire 1 line
09-19 16:19:21.054 13286 13307 D EGL_adreno: eglMakeCurrent: 0xb6e9c3e0: ver 3 1 (tinfo 0xba514370)
09-19 16:19:21.367  1703  1734 W MediaProvider: Missing volume for /storage/emulated/0/Pictures/Screenshots/Screenshot_20220919-161921.png; assuming invalid
09-19 16:19:21.378 13286 14215 I HostConnection: HostConnection::HostConnection: pid=13286, tid=14215, this=0xbd704740
09-19 16:19:21.379  1302  1347 I chatty  : uid=1000(system) InputDispatcher expire 1 line
09-19 16:19:21.379 13286 14215 I         : fastpipe: Connect success
09-19 16:19:21.380 13286 14215 D HostConnection: HostRPC::connect sucess: app=com.android.systemui:screenshot, pid=13286, tid=14215, this=0xa5458d40
09-19 16:19:21.381 13286 14215 D HostConnection: queryAndSetGLESMaxVersion select gles-version: 3.1 hostGLVersion:46 process:com.android.systemui:screenshot
09-19 16:19:21.388  1302  3020 D NotificationService: notify pkg=com.android.systemui pid=1302
09-19 16:19:21.394  1302  1302 I chatty  : uid=1000 system_server expire 3 lines
09-19 16:19:21.805  6989  7249 I chatty  : uid=10038(com.litatom.app) AgoraLogging expire 3 lines
09-19 16:19:23.157  1302  5331 I chatty  : uid=1000(system) Binder:1302_F expire 1 line
09-19 16:19:23.444  1302  3020 I chatty  : uid=1000(system) Binder:1302_C expire 2 lines
09-19 16:19:23.683  1394  1629 I vol.Events: writeEvent active_stream_changed STREAM_MUSIC
09-19 16:19:23.686  1394  1629 I vol.Events: writeEvent key STREAM_MUSIC 0
09-19 16:19:23.707  6989  7121 I chatty  : uid=10038(com.litatom.app) RenderThread expire 719 lines
09-19 16:19:23.708  1394  1394 I vol.Events: writeEvent show_dialog volume_changed keyguard=false
09-19 16:19:23.762  1394  1647 E EGL_adreno: tid 1647: eglSurfaceAttrib(1338): error 0x3009 (EGL_BAD_MATCH)
09-19 16:19:23.763  1394  1647 W OpenGLRenderer: Failed to set EGL_SWAP_BEHAVIOR on surface 0xa4dfff20, error=EGL_BAD_MATCH
09-19 16:19:23.773  1394  1647 D EGL_adreno: eglMakeCurrent: 0xa7012860: ver 3 1 (tinfo 0xa7014600)
09-19 16:19:24.189  1394  1394 I vol.Events: writeEvent dismiss_dialog touch_outside
09-19 16:19:24.193  1394  1629 I vol.Events: writeEvent active_stream_changed UNKNOWN_STREAM_-1
09-19 16:19:24.519  1394  1647 D EGL_adreno: eglMakeCurrent: 0xa7012860: ver 3 1 (tinfo 0xa7014600)
09-19 16:19:25.700  1302  1643 I chatty  : uid=1000(system) Binder:1302_5 expire 1 line
09-19 16:19:27.364  1394  1629 I vol.Events: writeEvent active_stream_changed STREAM_MUSIC
09-19 16:19:27.365  1394  1629 I vol.Events: writeEvent key STREAM_MUSIC 0
09-19 16:19:27.379  1394  1394 I vol.Events: writeEvent show_dialog volume_changed keyguard=false
09-19 16:19:27.429  1394  1647 E EGL_adreno: tid 1647: eglSurfaceAttrib(1338): error 0x3009 (EGL_BAD_MATCH)
09-19 16:19:27.429  1394  1647 W OpenGLRenderer: Failed to set EGL_SWAP_BEHAVIOR on surface 0xa4e0cde0, error=EGL_BAD_MATCH
09-19 16:19:27.433  1394  1647 D EGL_adreno: eglMakeCurrent: 0xa7012860: ver 3 1 (tinfo 0xa7014600)
09-19 16:19:28.799  1394  1394 I vol.Events: writeEvent dismiss_dialog touch_outside
09-19 16:19:28.803  1394  1629 I vol.Events: writeEvent active_stream_changed UNKNOWN_STREAM_-1
09-19 16:19:28.963  1394  1629 I vol.Events: writeEvent active_stream_changed STREAM_MUSIC
09-19 16:19:28.966  1394  1629 I vol.Events: writeEvent key STREAM_MUSIC 0
09-19 16:19:28.968  1394  1394 I vol.Events: writeEvent show_dialog volume_changed keyguard=false
09-19 16:19:29.472  1394  1394 I vol.Events: writeEvent dismiss_dialog touch_outside
09-19 16:19:29.477  1394  1629 I vol.Events: writeEvent active_stream_changed UNKNOWN_STREAM_-1
09-19 16:19:29.770  6989  7249 I chatty  : uid=10038(com.litatom.app) AgoraLogging expire 1 line
09-19 16:19:29.778  1302  1357 D WifiStateMachine: setScanResults mScanResults.size=1
09-19 16:19:29.794  1394  1647 D EGL_adreno: eglMakeCurrent: 0xa7012860: ver 3 1 (tinfo 0xa7014600)
09-19 16:19:31.587  6989  7161 I chatty  : uid=10038(com.litatom.app) CatThread expire 45 lines
09-19 16:19:31.656  6989  7121 I chatty  : uid=10038(com.litatom.app) RenderThread expire 507 lines
09-19 16:19:32.543  1114  1134 D AudioFlinger: mixer(0xc5a80000) throttle end: throttle time(9)
09-19 16:19:34.662  1109  1109 E EGL_adreno: tid 1109: eglCreateSyncKHR(2089): error 0x3004 (EGL_BAD_ATTRIBUTE)
09-19 16:19:34.793 13286 13307 E EGL_adreno: tid 13307: eglSurfaceAttrib(1338): error 0x3009 (EGL_BAD_MATCH)
09-19 16:19:34.793 13286 13307 W OpenGLRenderer: Failed to set EGL_SWAP_BEHAVIOR on surface 0xba515be0, error=EGL_BAD_MATCH
09-19 16:19:34.802  6989  7249 I chatty  : uid=10038(com.litatom.app) AgoraLogging expire 2 lines
09-19 16:19:34.809 13286 13307 D EGL_adreno: eglMakeCurrent: 0xb6e9c3e0: ver 3 1 (tinfo 0xba514370)
09-19 16:19:36.137  1302  5329 D NotificationService: notify pkg=com.android.systemui pid=1302
09-19 16:19:36.157 13286 13307 D EGL_adreno: eglMakeCurrent: 0xb6e9c3e0: ver 3 1 (tinfo 0xba514370)
09-19 16:19:36.186  1394  1647 D EGL_adreno: eglMakeCurrent: 0xa7012860: ver 3 1 (tinfo 0xa7014600)
09-19 16:19:36.658  1703  1733 W MediaProvider: Missing volume for /storage/emulated/0/Pictures/Screenshots/Screenshot_20220919-161936.png; assuming invalid
09-19 16:19:36.674 13286 14218 I HostConnection: HostConnection::HostConnection: pid=13286, tid=14218, this=0xbd77abc0
09-19 16:19:36.676 13286 14218 I         : fastpipe: Connect success
09-19 16:19:36.676 13286 14218 D HostConnection: HostRPC::connect sucess: app=com.android.systemui:screenshot, pid=13286, tid=14218, this=0xa55f5980
09-19 16:19:36.677 13286 14218 D HostConnection: queryAndSetGLESMaxVersion select gles-version: 3.1 hostGLVersion:46 process:com.android.systemui:screenshot
09-19 16:19:36.681  1302  3018 D NotificationService: notify pkg=com.android.systemui pid=1302
09-19 16:19:37.156  1302  3019 I chatty  : uid=1000(system) Binder:1302_B expire 1 line
09-19 16:19:37.847  1394  1629 I vol.Events: writeEvent active_stream_changed STREAM_MUSIC
09-19 16:19:37.849  1394  1629 I vol.Events: writeEvent key STREAM_MUSIC 0
09-19 16:19:37.861  1394  1394 I vol.Events: writeEvent show_dialog volume_changed keyguard=false
09-19 16:19:37.910  1394  1647 E EGL_adreno: tid 1647: eglSurfaceAttrib(1338): error 0x3009 (EGL_BAD_MATCH)
09-19 16:19:37.910  1394  1647 W OpenGLRenderer: Failed to set EGL_SWAP_BEHAVIOR on surface 0xba5163a0, error=EGL_BAD_MATCH
09-19 16:19:37.914  1394  1647 D EGL_adreno: eglMakeCurrent: 0xa7012860: ver 3 1 (tinfo 0xa7014600)
09-19 16:19:38.853  1302  3016 I chatty  : uid=1000(system) Binder:1302_8 expire 1 line
09-19 16:19:39.016  1394  1394 I vol.Events: writeEvent dismiss_dialog touch_outside
09-19 16:19:39.020  1394  1629 I vol.Events: writeEvent active_stream_changed UNKNOWN_STREAM_-1
09-19 16:19:39.175  6989  7121 I chatty  : uid=10038(com.litatom.app) RenderThread expire 731 lines
09-19 16:19:39.327  1394  1647 D EGL_adreno: eglMakeCurrent: 0xa7012860: ver 3 1 (tinfo 0xa7014600)
09-19 16:19:39.360  1394  1647 D OpenGLRenderer: endAllActiveAnimators on 0xa71b4200 (RippleDrawable) with handle 0xa4e20780
09-19 16:19:44.495  1302  1314 I chatty  : uid=1000(system) Binder:1302_2 expire 1 line
09-19 16:19:44.884  6989  7090 I chatty  : uid=10038(com.litatom.app) LogingTaskQueue expire 28 lines
09-19 16:19:44.908  6989  6989 I chatty  : uid=10038(com.litatom.app) expire 4 lines
09-19 16:19:45.013  1302  3018 I chatty  : uid=1000(system) Binder:1302_A expire 1 line
09-19 16:19:45.770  6989  7249 I chatty  : uid=10038(com.litatom.app) AgoraLogging expire 1 line
09-19 16:19:47.421  6989  7121 I chatty  : uid=10038(com.litatom.app) RenderThread expire 509 lines
09-19 16:19:48.808  1302  1313 I chatty  : uid=1000(system) Binder:1302_1 expire 1 line
09-19 16:19:50.770  6989  7249 I chatty  : uid=10038(com.litatom.app) AgoraLogging expire 1 line
09-19 16:19:50.830  1302  3015 I chatty  : uid=1000(system) Binder:1302_7 expire 1 line
09-19 16:19:51.338  1302  5331 I chatty  : uid=1000(system) Binder:1302_F expire 1 line
09-19 16:19:51.384 13286 14215 I HostConnection: HostConnection::~HostConnection, pid=13286, tid=14215, this=0xbd704740, m_stream=0xa5458d40
09-19 16:19:51.385 13286 14215 I         : fastpipe: close connect
09-19 16:19:52.959  6989  7121 I chatty  : uid=10038(com.litatom.app) RenderThread expire 240 lines
09-19 16:19:53.840  6989  7090 I chatty  : uid=10038(com.litatom.app) LogingTaskQueue expire 13 lines
09-19 16:19:53.859  6989  6989 I chatty  : uid=10038(com.litatom.app) expire 3 lines
09-19 16:19:54.879  1302  3019 I chatty  : uid=1000(system) Binder:1302_B expire 1 line
09-19 16:19:55.561  1302  1347 I chatty  : uid=1000(system) InputDispatcher expire 1 line
09-19 16:19:55.569  1394  1647 D EGL_adreno: eglMakeCurrent: 0xa7012860: ver 3 1 (tinfo 0xa7014600)
09-19 16:19:55.754  6989  7121 I chatty  : uid=10038(com.litatom.app) RenderThread expire 251 lines
09-19 16:19:55.776  6989  7249 I chatty  : uid=10038(com.litatom.app) AgoraLogging expire 3 lines
09-19 16:19:55.898  1394  1629 I vol.Events: writeEvent active_stream_changed STREAM_MUSIC
09-19 16:19:55.900  1394  1629 I vol.Events: writeEvent key STREAM_MUSIC 0
09-19 16:19:55.911  1394  1394 I vol.Events: writeEvent show_dialog volume_changed keyguard=false
09-19 16:19:55.962  1394  1647 E EGL_adreno: tid 1647: eglSurfaceAttrib(1338): error 0x3009 (EGL_BAD_MATCH)
09-19 16:19:55.962  1394  1647 W OpenGLRenderer: Failed to set EGL_SWAP_BEHAVIOR on surface 0xa521c3c0, error=EGL_BAD_MATCH
09-19 16:19:55.974  1394  1647 D EGL_adreno: eglMakeCurrent: 0xa7012860: ver 3 1 (tinfo 0xa7014600)
09-19 16:19:56.784  1394  1394 I vol.Events: writeEvent dismiss_dialog touch_outside
09-19 16:19:56.789  1394  1629 I vol.Events: writeEvent active_stream_changed UNKNOWN_STREAM_-1
09-19 16:19:56.886  1394  1647 D EGL_adreno: eglMakeCurrent: 0xa7012860: ver 3 1 (tinfo 0xa7014600)
09-19 16:19:56.895  1394  1647 D EGL_adreno: eglMakeCurrent: 0xa7012860: ver 3 1 (tinfo 0xa7014600)
09-19 16:19:57.078  1394  1629 I vol.Events: writeEvent active_stream_changed STREAM_MUSIC
09-19 16:19:57.080  1394  1629 I vol.Events: writeEvent key STREAM_MUSIC 0
09-19 16:19:57.081  1394  1394 I vol.Events: writeEvent show_dialog volume_changed keyguard=false
09-19 16:19:57.108  1394  1647 D EGL_adreno: eglMakeCurrent: 0xa7012860: ver 3 1 (tinfo 0xa7014600)
09-19 16:19:57.630  1114  1134 D AudioFlinger: mixer(0xc5a80000) throttle end: throttle time(10)
09-19 16:19:58.116  1302  1617 I chatty  : uid=1000(system) Binder:1302_4 expire 2 lines
09-19 16:19:58.581  1394  1394 I vol.Events: writeEvent dismiss_dialog timeout
09-19 16:19:58.582  1394  1629 I vol.Events: writeEvent active_stream_changed UNKNOWN_STREAM_-1
09-19 16:19:59.185  1394  1647 D EGL_adreno: eglMakeCurrent: 0xa7012860: ver 3 1 (tinfo 0xa7014600)
09-19 16:19:59.675  6989  7121 I chatty  : uid=10038(com.litatom.app) RenderThread expire 240 lines
09-19 16:20:00.881  1394  1629 I vol.Events: writeEvent active_stream_changed STREAM_MUSIC
09-19 16:20:00.883  1394  1629 I vol.Events: writeEvent key STREAM_MUSIC 0
09-19 16:20:00.896  1394  1394 I vol.Events: writeEvent show_dialog volume_changed keyguard=false
09-19 16:20:00.943  1394  1647 E EGL_adreno: tid 1647: eglSurfaceAttrib(1338): error 0x3009 (EGL_BAD_MATCH)
09-19 16:20:00.943  1394  1647 W OpenGLRenderer: Failed to set EGL_SWAP_BEHAVIOR on surface 0xa4e0c800, error=EGL_BAD_MATCH
09-19 16:20:00.947  1394  1647 D EGL_adreno: eglMakeCurrent: 0xa7012860: ver 3 1 (tinfo 0xa7014600)
09-19 16:20:01.665  1394  1394 I vol.Events: writeEvent dismiss_dialog touch_outside
09-19 16:20:01.669  1394  1629 I vol.Events: writeEvent active_stream_changed UNKNOWN_STREAM_-1
09-19 16:20:01.849  6989  7090 I chatty  : uid=10038(com.litatom.app) LogingTaskQueue expire 13 lines
09-19 16:20:01.877  6989  6989 I chatty  : uid=10038(com.litatom.app) expire 2 lines
09-19 16:20:01.976  1394  1647 D EGL_adreno: eglMakeCurrent: 0xa7012860: ver 3 1 (tinfo 0xa7014600)
09-19 16:20:02.087  6989  7121 I chatty  : uid=10038(com.litatom.app) RenderThread expire 254 lines
09-19 16:20:02.770  6989  7249 I chatty  : uid=10038(com.litatom.app) AgoraLogging expire 1 line
09-19 16:20:04.809  6989  7121 I chatty  : uid=10038(com.litatom.app) RenderThread expire 240 lines
09-19 16:20:06.680 13286 14218 I HostConnection: HostConnection::~HostConnection, pid=13286, tid=14218, this=0xbd77abc0, m_stream=0xa55f5980
09-19 16:20:06.681 13286 14218 I         : fastpipe: close connect
09-19 16:20:06.859  6989  7090 I chatty  : uid=10038(com.litatom.app) LogingTaskQueue expire 13 lines
09-19 16:20:06.876  6989  6989 I chatty  : uid=10038(com.litatom.app) expire 2 lines
09-19 16:20:07.119  6989  7121 I chatty  : uid=10038(com.litatom.app) RenderThread expire 254 lines
09-19 16:20:07.535  1302  5333 I chatty  : uid=1000(system) Binder:1302_11 expire 1 line
09-19 16:20:07.801  6989  7249 I chatty  : uid=10038(com.litatom.app) AgoraLogging expire 2 lines
09-19 16:20:10.789  1302  1347 I chatty  : uid=1000(system) InputDispatcher expire 2 lines
09-19 16:20:10.864  1302  3020 I chatty  : uid=1000(system) Binder:1302_C expire 1 line
09-19 16:20:10.888  1394  1647 D EGL_adreno: eglMakeCurrent: 0xa7012860: ver 3 1 (tinfo 0xa7014600)
09-19 16:20:11.175  1302  5332 I chatty  : uid=1000(system) Binder:1302_10 expire 3 lines
09-19 16:20:12.093  6989  7121 I chatty  : uid=10038(com.litatom.app) RenderThread expire 239 lines
09-19 16:20:12.199  1394  1629 I vol.Events: writeEvent active_stream_changed STREAM_MUSIC
09-19 16:20:12.201  1394  1629 I vol.Events: writeEvent key STREAM_MUSIC 0
09-19 16:20:12.211  1394  1394 I vol.Events: writeEvent show_dialog volume_changed keyguard=false
09-19 16:20:12.258  1394  1647 E EGL_adreno: tid 1647: eglSurfaceAttrib(1338): error 0x3009 (EGL_BAD_MATCH)
09-19 16:20:12.258  1394  1647 W OpenGLRenderer: Failed to set EGL_SWAP_BEHAVIOR on surface 0xa4e05400, error=EGL_BAD_MATCH
09-19 16:20:12.274  1394  1647 D EGL_adreno: eglMakeCurrent: 0xa7012860: ver 3 1 (tinfo 0xa7014600)
09-19 16:20:12.683  1394  1394 I vol.Events: writeEvent dismiss_dialog touch_outside
09-19 16:20:12.688  1394  1629 I vol.Events: writeEvent active_stream_changed UNKNOWN_STREAM_-1
09-19 16:20:12.865  6989  7090 I chatty  : uid=10038(com.litatom.app) LogingTaskQueue expire 13 lines
09-19 16:20:12.894  6989  6989 I chatty  : uid=10038(com.litatom.app) expire 2 lines
09-19 16:20:12.993  1394  1647 D EGL_adreno: eglMakeCurrent: 0xa7012860: ver 3 1 (tinfo 0xa7014600)
09-19 16:20:13.420  1394  1629 I vol.Events: writeEvent active_stream_changed STREAM_MUSIC
09-19 16:20:13.423  1394  1629 I vol.Events: writeEvent key STREAM_MUSIC 0
09-19 16:20:13.434  1394  1394 I vol.Events: writeEvent show_dialog volume_changed keyguard=false
09-19 16:20:13.503  1394  1647 E EGL_adreno: tid 1647: eglSurfaceAttrib(1338): error 0x3009 (EGL_BAD_MATCH)
09-19 16:20:13.503  1394  1647 W OpenGLRenderer: Failed to set EGL_SWAP_BEHAVIOR on surface 0xa4e0c840, error=EGL_BAD_MATCH
09-19 16:20:13.507  1394  1647 D EGL_adreno: eglMakeCurrent: 0xa7012860: ver 3 1 (tinfo 0xa7014600)
09-19 16:20:13.972  1394  1647 D EGL_adreno: eglMakeCurrent: 0xa7012860: ver 3 1 (tinfo 0xa7014600)
09-19 16:20:14.016  1394  1647 E EGL_adreno: tid 1647: eglSurfaceAttrib(1338): error 0x3009 (EGL_BAD_MATCH)
09-19 16:20:14.016  1394  1647 W OpenGLRenderer: Failed to set EGL_SWAP_BEHAVIOR on surface 0xa4fb43a0, error=EGL_BAD_MATCH
09-19 16:20:14.019  1394  1647 D EGL_adreno: eglMakeCurrent: 0xa7012860: ver 3 1 (tinfo 0xa7014600)
09-19 16:20:14.020  1394  1394 I vol.Events: writeEvent dismiss_dialog touch_outside
09-19 16:20:14.025  1394  1629 I vol.Events: writeEvent active_stream_changed UNKNOWN_STREAM_-1
09-19 16:20:14.342  1394  1647 D EGL_adreno: eglMakeCurrent: 0xa7012860: ver 3 1 (tinfo 0xa7014600)
09-19 16:20:15.620  6989  7121 I chatty  : uid=10038(com.litatom.app) RenderThread expire 509 lines
09-19 16:20:17.069  1394  1647 D EGL_adreno: eglMakeCurrent: 0xa7012860: ver 3 1 (tinfo 0xa7014600)
