09-19 12:00:53.234  5388  5388 V libnb   : enter native_bridge2_getTrampoline Java_com_hyphenate_chat_adapter_EMAChatClient_native_1getGroupManager__, trampoline_addr 0x0
09-19 12:00:53.234  5388  5388 V libnb   : enter native_bridge2_getTrampoline Java_com_hyphenate_chat_adapter_EMAChatClient_native_1getGroupManager, trampoline_addr 0x0
09-19 12:00:53.234  5388  5388 V libnb   : enter native_bridge2_getTrampoline Java_com_hyphenate_chat_adapter_EMAChatClient_native_1getGroupManager__, trampoline_addr 0x0
09-19 12:00:53.234  5388  5388 V libnb   : enter native_bridge2_getTrampoline Java_com_hyphenate_chat_adapter_EMAChatClient_native_1getGroupManager, trampoline_addr 0x0
09-19 12:00:53.234  5388  5388 V libnb   : enter native_bridge2_getTrampoline Java_com_hyphenate_chat_adapter_EMAChatClient_native_1getGroupManager__, trampoline_addr 0x0
09-19 12:00:53.234  5388  5388 V libnb   : enter native_bridge2_getTrampoline Java_com_hyphenate_chat_adapter_EMAChatClient_native_1getGroupManager, trampoline_addr 0xb674e7e4
09-19 12:00:53.234  5388  5388 V libnb   : enter native_bridge2_getTrampoline Java_com_hyphenate_chat_adapter_EMAChatClient_native_1getContactManager, trampoline_addr 0x0
09-19 12:00:53.234  5388  5388 V libnb   : enter native_bridge2_getTrampoline Java_com_hyphenate_chat_adapter_EMAChatClient_native_1getContactManager__, trampoline_addr 0x0
09-19 12:00:53.234  5388  5388 V libnb   : enter native_bridge2_getTrampoline Java_com_hyphenate_chat_adapter_EMAChatClient_native_1getContactManager, trampoline_addr 0x0
09-19 12:00:53.234  5388  5388 V libnb   : enter native_bridge2_getTrampoline Java_com_hyphenate_chat_adapter_EMAChatClient_native_1getContactManager__, trampoline_addr 0x0
09-19 12:00:53.234  5388  5388 V libnb   : enter native_bridge2_getTrampoline Java_com_hyphenate_chat_adapter_EMAChatClient_native_1getContactManager, trampoline_addr 0x0
09-19 12:00:53.234  5388  5388 V libnb   : enter native_bridge2_getTrampoline Java_com_hyphenate_chat_adapter_EMAChatClient_native_1getContactManager__, trampoline_addr 0x0
09-19 12:00:53.234  5388  5388 V libnb   : enter native_bridge2_getTrampoline Java_com_hyphenate_chat_adapter_EMAChatClient_native_1getContactManager, trampoline_addr 0xb674e7ac
09-19 12:00:53.234  5388  5388 V libnb   : enter native_bridge2_getTrampoline Java_com_hyphenate_chat_adapter_EMAChatClient_native_1getPushManager, trampoline_addr 0x0
09-19 12:00:53.234  5388  5388 V libnb   : enter native_bridge2_getTrampoline Java_com_hyphenate_chat_adapter_EMAChatClient_native_1getPushManager__, trampoline_addr 0x0
09-19 12:00:53.234  5388  5388 V libnb   : enter native_bridge2_getTrampoline Java_com_hyphenate_chat_adapter_EMAChatClient_native_1getPushManager, trampoline_addr 0x0
09-19 12:00:53.234  5388  5388 V libnb   : enter native_bridge2_getTrampoline Java_com_hyphenate_chat_adapter_EMAChatClient_native_1getPushManager__, trampoline_addr 0x0
09-19 12:00:53.234  5388  5388 V libnb   : enter native_bridge2_getTrampoline Java_com_hyphenate_chat_adapter_EMAChatClient_native_1getPushManager, trampoline_addr 0x0
09-19 12:00:53.234  5388  5388 V libnb   : enter native_bridge2_getTrampoline Java_com_hyphenate_chat_adapter_EMAChatClient_native_1getPushManager__, trampoline_addr 0x0
09-19 12:00:53.234  5388  5388 V libnb   : enter native_bridge2_getTrampoline Java_com_hyphenate_chat_adapter_EMAChatClient_native_1getPushManager, trampoline_addr 0xb674e774
09-19 12:00:53.234  5388  5388 V libnb   : enter native_bridge2_getTrampoline Java_com_hyphenate_chat_adapter_EMAChatClient_native_1getUserInfoManager, trampoline_addr 0x0
09-19 12:00:53.234  5388  5388 V libnb   : enter native_bridge2_getTrampoline Java_com_hyphenate_chat_adapter_EMAChatClient_native_1getUserInfoManager__, trampoline_addr 0x0
09-19 12:00:53.234  5388  5388 V libnb   : enter native_bridge2_getTrampoline Java_com_hyphenate_chat_adapter_EMAChatClient_native_1getUserInfoManager, trampoline_addr 0x0
09-19 12:00:53.234  5388  5388 V libnb   : enter native_bridge2_getTrampoline Java_com_hyphenate_chat_adapter_EMAChatClient_native_1getUserInfoManager__, trampoline_addr 0x0
09-19 12:00:53.234  5388  5388 V libnb   : enter native_bridge2_getTrampoline Java_com_hyphenate_chat_adapter_EMAChatClient_native_1getUserInfoManager, trampoline_addr 0x0
09-19 12:00:53.234  5388  5388 V libnb   : enter native_bridge2_getTrampoline Java_com_hyphenate_chat_adapter_EMAChatClient_native_1getUserInfoManager__, trampoline_addr 0x0
09-19 12:00:53.234  5388  5388 V libnb   : enter native_bridge2_getTrampoline Java_com_hyphenate_chat_adapter_EMAChatClient_native_1getUserInfoManager, trampoline_addr 0xb674e73c
09-19 12:00:53.234  5388  5388 V libnb   : enter native_bridge2_getTrampoline Java_com_hyphenate_chat_adapter_EMAChatClient_native_1getSessionManager, trampoline_addr 0x0
09-19 12:00:53.234  5388  5388 V libnb   : enter native_bridge2_getTrampoline Java_com_hyphenate_chat_adapter_EMAChatClient_native_1getSessionManager__, trampoline_addr 0x0
09-19 12:00:53.234  5388  5388 V libnb   : enter native_bridge2_getTrampoline Java_com_hyphenate_chat_adapter_EMAChatClient_native_1getSessionManager, trampoline_addr 0x0
09-19 12:00:53.234  5388  5388 V libnb   : enter native_bridge2_getTrampoline Java_com_hyphenate_chat_adapter_EMAChatClient_native_1getSessionManager__, trampoline_addr 0x0
09-19 12:00:53.234  5388  5388 V libnb   : enter native_bridge2_getTrampoline Java_com_hyphenate_chat_adapter_EMAChatClient_native_1getSessionManager, trampoline_addr 0x0
09-19 12:00:53.234  5388  5388 V libnb   : enter native_bridge2_getTrampoline Java_com_hyphenate_chat_adapter_EMAChatClient_native_1getSessionManager__, trampoline_addr 0x0
09-19 12:00:53.234  5388  5388 V libnb   : enter native_bridge2_getTrampoline Java_com_hyphenate_chat_adapter_EMAChatClient_native_1getSessionManager, trampoline_addr 0xb674e704
09-19 12:00:53.234  5388  5388 V libnb   : enter native_bridge2_getTrampoline Java_com_hyphenate_chat_adapter_EMAChatClient_native_1getTranslateManager, trampoline_addr 0x0
09-19 12:00:53.234  5388  5388 V libnb   : enter native_bridge2_getTrampoline Java_com_hyphenate_chat_adapter_EMAChatClient_native_1getTranslateManager__, trampoline_addr 0x0
09-19 12:00:53.234  5388  5388 V libnb   : enter native_bridge2_getTrampoline Java_com_hyphenate_chat_adapter_EMAChatClient_native_1getTranslateManager, trampoline_addr 0x0
09-19 12:00:53.234  5388  5388 V libnb   : enter native_bridge2_getTrampoline Java_com_hyphenate_chat_adapter_EMAChatClient_native_1getTranslateManager__, trampoline_addr 0x0
09-19 12:00:53.234  5388  5388 V libnb   : enter native_bridge2_getTrampoline Java_com_hyphenate_chat_adapter_EMAChatClient_native_1getTranslateManager, trampoline_addr 0x0
09-19 12:00:53.234  5388  5388 V libnb   : enter native_bridge2_getTrampoline Java_com_hyphenate_chat_adapter_EMAChatClient_native_1getTranslateManager__, trampoline_addr 0x0
09-19 12:00:53.234  5388  5388 V libnb   : enter native_bridge2_getTrampoline Java_com_hyphenate_chat_adapter_EMAChatClient_native_1getTranslateManager, trampoline_addr 0xb674e6cc
09-19 12:00:53.235  5388  5388 V libnb   : enter native_bridge2_getTrampoline Java_com_hyphenate_chat_adapter_EMAChatClient_native_1getPresenceManager, trampoline_addr 0x0
09-19 12:00:53.235  5388  5388 V libnb   : enter native_bridge2_getTrampoline Java_com_hyphenate_chat_adapter_EMAChatClient_native_1getPresenceManager__, trampoline_addr 0x0
09-19 12:00:53.235  5388  5388 V libnb   : enter native_bridge2_getTrampoline Java_com_hyphenate_chat_adapter_EMAChatClient_native_1getPresenceManager, trampoline_addr 0x0
09-19 12:00:53.235  5388  5388 V libnb   : enter native_bridge2_getTrampoline Java_com_hyphenate_chat_adapter_EMAChatClient_native_1getPresenceManager__, trampoline_addr 0x0
09-19 12:00:53.235  5388  5388 V libnb   : enter native_bridge2_getTrampoline Java_com_hyphenate_chat_adapter_EMAChatClient_native_1getPresenceManager, trampoline_addr 0x0
09-19 12:00:53.235  5388  5388 V libnb   : enter native_bridge2_getTrampoline Java_com_hyphenate_chat_adapter_EMAChatClient_native_1getPresenceManager__, trampoline_addr 0x0
09-19 12:00:53.235  5388  5388 V libnb   : enter native_bridge2_getTrampoline Java_com_hyphenate_chat_adapter_EMAChatClient_native_1getPresenceManager, trampoline_addr 0xb674e694
09-19 12:00:53.235  5388  5388 V libnb   : enter native_bridge2_getTrampoline Java_com_hyphenate_chat_adapter_EMAConnectionListener_nativeInit, trampoline_addr 0x0
09-19 12:00:53.235  5388  5388 V libnb   : enter native_bridge2_getTrampoline Java_com_hyphenate_chat_adapter_EMAConnectionListener_nativeInit__, trampoline_addr 0x0
09-19 12:00:53.235  5388  5388 V libnb   : enter native_bridge2_getTrampoline Java_com_hyphenate_chat_adapter_EMAConnectionListener_nativeInit, trampoline_addr 0x0
09-19 12:00:53.235  5388  5388 V libnb   : enter native_bridge2_getTrampoline Java_com_hyphenate_chat_adapter_EMAConnectionListener_nativeInit__, trampoline_addr 0x0
09-19 12:00:53.235  5388  5388 V libnb   : enter native_bridge2_getTrampoline Java_com_hyphenate_chat_adapter_EMAConnectionListener_nativeInit, trampoline_addr 0x0
09-19 12:00:53.235  5388  5388 V libnb   : enter native_bridge2_getTrampoline Java_com_hyphenate_chat_adapter_EMAConnectionListener_nativeInit__, trampoline_addr 0x0
09-19 12:00:53.235  5388  5388 V libnb   : enter native_bridge2_getTrampoline Java_com_hyphenate_chat_adapter_EMAConnectionListener_nativeInit, trampoline_addr 0xb674e65c
09-19 12:00:53.235  5388  5388 V libnb   : enter native_bridge2_getTrampoline Java_com_hyphenate_chat_adapter_EMAChatClient_native_1addConnectionListener, trampoline_addr 0x0
09-19 12:00:53.235  5388  5388 V libnb   : enter native_bridge2_getTrampoline Java_com_hyphenate_chat_adapter_EMAChatClient_native_1addConnectionListener__Lcom_hyphenate_chat_adapter_EMAConnectionListener_2, trampoline_addr 0x0
09-19 12:00:53.235  5388  5388 V libnb   : enter native_bridge2_getTrampoline Java_com_hyphenate_chat_adapter_EMAChatClient_native_1addConnectionListener, trampoline_addr 0x0
09-19 12:00:53.235  5388  5388 V libnb   : enter native_bridge2_getTrampoline Java_com_hyphenate_chat_adapter_EMAChatClient_native_1addConnectionListener__Lcom_hyphenate_chat_adapter_EMAConnectionListener_2, trampoline_addr 0x0
09-19 12:00:53.235  5388  5388 V libnb   : enter native_bridge2_getTrampoline Java_com_hyphenate_chat_adapter_EMAChatClient_native_1addConnectionListener, trampoline_addr 0x0
09-19 12:00:53.235  5388  5388 V libnb   : enter native_bridge2_getTrampoline Java_com_hyphenate_chat_adapter_EMAChatClient_native_1addConnectionListener__Lcom_hyphenate_chat_adapter_EMAConnectionListener_2, trampoline_addr 0x0
09-19 12:00:53.235  5388  5388 V libnb   : enter native_bridge2_getTrampoline Java_com_hyphenate_chat_adapter_EMAChatClient_native_1addConnectionListener, trampoline_addr 0xb674e624
09-19 12:00:53.235  5388  5512 D ONE SDK : [2022/09/19 12:00:53:235]: addConnectionListener
09-19 12:00:53.235  5388  5512 D ONE SDK : [2022/09/19 12:00:53:235]: addConnectionCallbackListener
09-19 12:00:53.235  5388  5388 V libnb   : enter native_bridge2_getTrampoline Java_com_hyphenate_chat_adapter_EMAMultiDeviceListener_nativeInit, trampoline_addr 0x0
09-19 12:00:53.235  5388  5388 V libnb   : enter native_bridge2_getTrampoline Java_com_hyphenate_chat_adapter_EMAMultiDeviceListener_nativeInit__, trampoline_addr 0x0
09-19 12:00:53.235  5388  5388 V libnb   : enter native_bridge2_getTrampoline Java_com_hyphenate_chat_adapter_EMAMultiDeviceListener_nativeInit, trampoline_addr 0x0
09-19 12:00:53.235  5388  5388 V libnb   : enter native_bridge2_getTrampoline Java_com_hyphenate_chat_adapter_EMAMultiDeviceListener_nativeInit__, trampoline_addr 0x0
09-19 12:00:53.235  5388  5388 V libnb   : enter native_bridge2_getTrampoline Java_com_hyphenate_chat_adapter_EMAMultiDeviceListener_nativeInit, trampoline_addr 0x0
09-19 12:00:53.235  5388  5388 V libnb   : enter native_bridge2_getTrampoline Java_com_hyphenate_chat_adapter_EMAMultiDeviceListener_nativeInit__, trampoline_addr 0x0
09-19 12:00:53.235  5388  5388 V libnb   : enter native_bridge2_getTrampoline Java_com_hyphenate_chat_adapter_EMAMultiDeviceListener_nativeInit, trampoline_addr 0xb674e5ec
09-19 12:00:53.235  5388  5388 V libnb   : enter native_bridge2_getTrampoline Java_com_hyphenate_chat_adapter_EMAChatClient_native_1addMultiDeviceListener, trampoline_addr 0x0
09-19 12:00:53.235  5388  5388 V libnb   : enter native_bridge2_getTrampoline Java_com_hyphenate_chat_adapter_EMAChatClient_native_1addMultiDeviceListener__Lcom_hyphenate_chat_adapter_EMAMultiDeviceListener_2, trampoline_addr 0x0
09-19 12:00:53.235  5388  5388 V libnb   : enter native_bridge2_getTrampoline Java_com_hyphenate_chat_adapter_EMAChatClient_native_1addMultiDeviceListener, trampoline_addr 0x0
09-19 12:00:53.235  5388  5388 V libnb   : enter native_bridge2_getTrampoline Java_com_hyphenate_chat_adapter_EMAChatClient_native_1addMultiDeviceListener__Lcom_hyphenate_chat_adapter_EMAMultiDeviceListener_2, trampoline_addr 0x0
09-19 12:00:53.235  5388  5388 V libnb   : enter native_bridge2_getTrampoline Java_com_hyphenate_chat_adapter_EMAChatClient_native_1addMultiDeviceListener, trampoline_addr 0x0
09-19 12:00:53.235  5388  5388 V libnb   : enter native_bridge2_getTrampoline Java_com_hyphenate_chat_adapter_EMAChatClient_native_1addMultiDeviceListener__Lcom_hyphenate_chat_adapter_EMAMultiDeviceListener_2, trampoline_addr 0x0
09-19 12:00:53.236  5388  5388 V libnb   : enter native_bridge2_getTrampoline Java_com_hyphenate_chat_adapter_EMAChatClient_native_1addMultiDeviceListener, trampoline_addr 0xb674e5b4
09-19 12:00:53.238  5388  5388 V libnb   : enter native_bridge2_getTrampoline Java_com_hyphenate_chat_adapter_EMAChatManagerListener_nativeInit, trampoline_addr 0x0
09-19 12:00:53.238  5388  5388 V libnb   : enter native_bridge2_getTrampoline Java_com_hyphenate_chat_adapter_EMAChatManagerListener_nativeInit__, trampoline_addr 0x0
09-19 12:00:53.238  5388  5388 V libnb   : enter native_bridge2_getTrampoline Java_com_hyphenate_chat_adapter_EMAChatManagerListener_nativeInit, trampoline_addr 0x0
09-19 12:00:53.238  5388  5388 V libnb   : enter native_bridge2_getTrampoline Java_com_hyphenate_chat_adapter_EMAChatManagerListener_nativeInit__, trampoline_addr 0x0
09-19 12:00:53.238  5388  5388 V libnb   : enter native_bridge2_getTrampoline Java_com_hyphenate_chat_adapter_EMAChatManagerListener_nativeInit, trampoline_addr 0x0
09-19 12:00:53.238  5388  5388 V libnb   : enter native_bridge2_getTrampoline Java_com_hyphenate_chat_adapter_EMAChatManagerListener_nativeInit__, trampoline_addr 0x0
09-19 12:00:53.238  5388  5388 V libnb   : enter native_bridge2_getTrampoline Java_com_hyphenate_chat_adapter_EMAChatManagerListener_nativeInit, trampoline_addr 0xb674e57c
09-19 12:00:53.238  5388  5388 V libnb   : enter native_bridge2_getTrampoline Java_com_hyphenate_chat_adapter_EMABase__1hashCode, trampoline_addr 0x0
09-19 12:00:53.238  5388  5388 V libnb   : enter native_bridge2_getTrampoline Java_com_hyphenate_chat_adapter_EMABase__1hashCode__, trampoline_addr 0x0
09-19 12:00:53.238  5388  5388 V libnb   : enter native_bridge2_getTrampoline Java_com_hyphenate_chat_adapter_EMABase__1hashCode, trampoline_addr 0x0
09-19 12:00:53.238  5388  5388 V libnb   : enter native_bridge2_getTrampoline Java_com_hyphenate_chat_adapter_EMABase__1hashCode__, trampoline_addr 0x0
09-19 12:00:53.238  5388  5388 V libnb   : enter native_bridge2_getTrampoline Java_com_hyphenate_chat_adapter_EMABase__1hashCode, trampoline_addr 0x0
09-19 12:00:53.238  5388  5388 V libnb   : enter native_bridge2_getTrampoline Java_com_hyphenate_chat_adapter_EMABase__1hashCode__, trampoline_addr 0x0
09-19 12:00:53.238  5388  5388 V libnb   : enter native_bridge2_getTrampoline Java_com_hyphenate_chat_adapter_EMABase__1hashCode, trampoline_addr 0xb674e544
09-19 12:00:53.238  5388  5388 V libnb   : enter native_bridge2_getTrampoline Java_com_hyphenate_chat_adapter_EMAChatManager_nativeAddListener, trampoline_addr 0x0
09-19 12:00:53.238  5388  5388 V libnb   : enter native_bridge2_getTrampoline Java_com_hyphenate_chat_adapter_EMAChatManager_nativeAddListener__Lcom_hyphenate_chat_adapter_EMAChatManagerListener_2, trampoline_addr 0x0
09-19 12:00:53.238  5388  5388 V libnb   : enter native_bridge2_getTrampoline Java_com_hyphenate_chat_adapter_EMAChatManager_nativeAddListener, trampoline_addr 0x0
09-19 12:00:53.238  5388  5388 V libnb   : enter native_bridge2_getTrampoline Java_com_hyphenate_chat_adapter_EMAChatManager_nativeAddListener__Lcom_hyphenate_chat_adapter_EMAChatManagerListener_2, trampoline_addr 0x0
09-19 12:00:53.238  5388  5388 V libnb   : enter native_bridge2_getTrampoline Java_com_hyphenate_chat_adapter_EMAChatManager_nativeAddListener, trampoline_addr 0x0
09-19 12:00:53.238  5388  5388 V libnb   : enter native_bridge2_getTrampoline Java_com_hyphenate_chat_adapter_EMAChatManager_nativeAddListener__Lcom_hyphenate_chat_adapter_EMAChatManagerListener_2, trampoline_addr 0x0
09-19 12:00:53.238  5388  5388 V libnb   : enter native_bridge2_getTrampoline Java_com_hyphenate_chat_adapter_EMAChatManager_nativeAddListener, trampoline_addr 0xb674e50c
09-19 12:00:53.239  5388  5388 V libnb   : enter native_bridge2_getTrampoline Java_com_hyphenate_chat_adapter_EMAContactListener_nativeInit, trampoline_addr 0x0
09-19 12:00:53.239  5388  5388 V libnb   : enter native_bridge2_getTrampoline Java_com_hyphenate_chat_adapter_EMAContactListener_nativeInit__, trampoline_addr 0x0
09-19 12:00:53.239  5388  5388 V libnb   : enter native_bridge2_getTrampoline Java_com_hyphenate_chat_adapter_EMAContactListener_nativeInit, trampoline_addr 0x0
09-19 12:00:53.239  5388  5388 V libnb   : enter native_bridge2_getTrampoline Java_com_hyphenate_chat_adapter_EMAContactListener_nativeInit__, trampoline_addr 0x0
09-19 12:00:53.239  5388  5388 V libnb   : enter native_bridge2_getTrampoline Java_com_hyphenate_chat_adapter_EMAContactListener_nativeInit, trampoline_addr 0x0
09-19 12:00:53.239  5388  5388 V libnb   : enter native_bridge2_getTrampoline Java_com_hyphenate_chat_adapter_EMAContactListener_nativeInit__, trampoline_addr 0x0
09-19 12:00:53.239  5388  5388 V libnb   : enter native_bridge2_getTrampoline Java_com_hyphenate_chat_adapter_EMAContactListener_nativeInit, trampoline_addr 0xb674e4d4
09-19 12:00:53.239  5388  5388 V libnb   : enter native_bridge2_getTrampoline Java_com_hyphenate_chat_adapter_EMAContactManager_nativeInit, trampoline_addr 0x0
09-19 12:00:53.239  5388  5388 V libnb   : enter native_bridge2_getTrampoline Java_com_hyphenate_chat_adapter_EMAContactManager_nativeInit__Lcom_hyphenate_chat_adapter_EMAContactManager_2, trampoline_addr 0x0
09-19 12:00:53.239  5388  5388 V libnb   : enter native_bridge2_getTrampoline Java_com_hyphenate_chat_adapter_EMAContactManager_nativeInit, trampoline_addr 0x0
09-19 12:00:53.239  5388  5388 V libnb   : enter native_bridge2_getTrampoline Java_com_hyphenate_chat_adapter_EMAContactManager_nativeInit__Lcom_hyphenate_chat_adapter_EMAContactManager_2, trampoline_addr 0x0
09-19 12:00:53.239  5388  5388 V libnb   : enter native_bridge2_getTrampoline Java_com_hyphenate_chat_adapter_EMAContactManager_nativeInit, trampoline_addr 0x0
09-19 12:00:53.239  5388  5388 V libnb   : enter native_bridge2_getTrampoline Java_com_hyphenate_chat_adapter_EMAContactManager_nativeInit__Lcom_hyphenate_chat_adapter_EMAContactManager_2, trampoline_addr 0x0
09-19 12:00:53.239  5388  5388 V libnb   : enter native_bridge2_getTrampoline Java_com_hyphenate_chat_adapter_EMAContactManager_nativeInit, trampoline_addr 0xb674e49c
09-19 12:00:53.239  5388  5388 V libnb   : enter native_bridge2_getTrampoline Java_com_hyphenate_chat_adapter_EMAContactManager_nativeRegisterContactListener, trampoline_addr 0x0
09-19 12:00:53.239  5388  5388 V libnb   : enter native_bridge2_getTrampoline Java_com_hyphenate_chat_adapter_EMAContactManager_nativeRegisterContactListener__Lcom_hyphenate_chat_adapter_EMAContactListener_2, trampoline_addr 0x0
09-19 12:00:53.239  5388  5388 V libnb   : enter native_bridge2_getTrampoline Java_com_hyphenate_chat_adapter_EMAContactManager_nativeRegisterContactListener, trampoline_addr 0x0
09-19 12:00:53.239  5388  5388 V libnb   : enter native_bridge2_getTrampoline Java_com_hyphenate_chat_adapter_EMAContactManager_nativeRegisterContactListener__Lcom_hyphenate_chat_adapter_EMAContactListener_2, trampoline_addr 0x0
09-19 12:00:53.239  5388  5388 V libnb   : enter native_bridge2_getTrampoline Java_com_hyphenate_chat_adapter_EMAContactManager_nativeRegisterContactListener, trampoline_addr 0x0
09-19 12:00:53.239  5388  5388 V libnb   : enter native_bridge2_getTrampoline Java_com_hyphenate_chat_adapter_EMAContactManager_nativeRegisterContactListener__Lcom_hyphenate_chat_adapter_EMAContactListener_2, trampoline_addr 0x0
09-19 12:00:53.239  5388  5388 V libnb   : enter native_bridge2_getTrampoline Java_com_hyphenate_chat_adapter_EMAContactManager_nativeRegisterContactListener, trampoline_addr 0xb674e464
09-19 12:00:53.239  5388  5512 D ONE SDK : [2022/09/19 12:00:53:239]: registerContactListener
09-19 12:00:53.241  5388  5388 V libnb   : enter native_bridge2_getTrampoline Java_com_hyphenate_chat_adapter_EMAGroupManagerListener_nativeInit, trampoline_addr 0x0
09-19 12:00:53.242  5388  5388 V libnb   : enter native_bridge2_getTrampoline Java_com_hyphenate_chat_adapter_EMAGroupManagerListener_nativeInit__, trampoline_addr 0x0
09-19 12:00:53.242  5388  5388 V libnb   : enter native_bridge2_getTrampoline Java_com_hyphenate_chat_adapter_EMAGroupManagerListener_nativeInit, trampoline_addr 0x0
09-19 12:00:53.242  5388  5388 V libnb   : enter native_bridge2_getTrampoline Java_com_hyphenate_chat_adapter_EMAGroupManagerListener_nativeInit__, trampoline_addr 0x0
09-19 12:00:53.242  5388  5388 V libnb   : enter native_bridge2_getTrampoline Java_com_hyphenate_chat_adapter_EMAGroupManagerListener_nativeInit, trampoline_addr 0x0
09-19 12:00:53.242  5388  5388 V libnb   : enter native_bridge2_getTrampoline Java_com_hyphenate_chat_adapter_EMAGroupManagerListener_nativeInit__, trampoline_addr 0x0
09-19 12:00:53.242  5388  5388 V libnb   : enter native_bridge2_getTrampoline Java_com_hyphenate_chat_adapter_EMAGroupManagerListener_nativeInit, trampoline_addr 0xb674e42c
09-19 12:00:53.242  5388  5388 V libnb   : enter native_bridge2_getTrampoline Java_com_hyphenate_chat_adapter_EMAGroupManager_nativeAddListener, trampoline_addr 0x0
09-19 12:00:53.242  5388  5388 V libnb   : enter native_bridge2_getTrampoline Java_com_hyphenate_chat_adapter_EMAGroupManager_nativeAddListener__Lcom_hyphenate_chat_adapter_EMAGroupManagerListener_2, trampoline_addr 0x0
09-19 12:00:53.242  5388  5388 V libnb   : enter native_bridge2_getTrampoline Java_com_hyphenate_chat_adapter_EMAGroupManager_nativeAddListener, trampoline_addr 0x0
09-19 12:00:53.242  5388  5388 V libnb   : enter native_bridge2_getTrampoline Java_com_hyphenate_chat_adapter_EMAGroupManager_nativeAddListener__Lcom_hyphenate_chat_adapter_EMAGroupManagerListener_2, trampoline_addr 0x0
09-19 12:00:53.242  5388  5388 V libnb   : enter native_bridge2_getTrampoline Java_com_hyphenate_chat_adapter_EMAGroupManager_nativeAddListener, trampoline_addr 0x0
09-19 12:00:53.242  5388  5388 V libnb   : enter native_bridge2_getTrampoline Java_com_hyphenate_chat_adapter_EMAGroupManager_nativeAddListener__Lcom_hyphenate_chat_adapter_EMAGroupManagerListener_2, trampoline_addr 0x0
09-19 12:00:53.242  5388  5388 V libnb   : enter native_bridge2_getTrampoline Java_com_hyphenate_chat_adapter_EMAGroupManager_nativeAddListener, trampoline_addr 0xb674e3f4
09-19 12:00:53.243  5388  5388 V libnb   : enter native_bridge2_getTrampoline Java_com_hyphenate_chat_adapter_EMAChatRoomManagerListener_nativeInit, trampoline_addr 0x0
09-19 12:00:53.243  5388  5388 V libnb   : enter native_bridge2_getTrampoline Java_com_hyphenate_chat_adapter_EMAChatRoomManagerListener_nativeInit__, trampoline_addr 0x0
09-19 12:00:53.243  5388  5388 V libnb   : enter native_bridge2_getTrampoline Java_com_hyphenate_chat_adapter_EMAChatRoomManagerListener_nativeInit, trampoline_addr 0x0
09-19 12:00:53.243  5388  5388 V libnb   : enter native_bridge2_getTrampoline Java_com_hyphenate_chat_adapter_EMAChatRoomManagerListener_nativeInit__, trampoline_addr 0x0
09-19 12:00:53.243  5388  5388 V libnb   : enter native_bridge2_getTrampoline Java_com_hyphenate_chat_adapter_EMAChatRoomManagerListener_nativeInit, trampoline_addr 0x0
09-19 12:00:53.243  5388  5388 V libnb   : enter native_bridge2_getTrampoline Java_com_hyphenate_chat_adapter_EMAChatRoomManagerListener_nativeInit__, trampoline_addr 0x0
09-19 12:00:53.243  5388  5388 V libnb   : enter native_bridge2_getTrampoline Java_com_hyphenate_chat_adapter_EMAChatRoomManagerListener_nativeInit, trampoline_addr 0xb674e3bc
09-19 12:00:53.243  5388  5388 V libnb   : enter native_bridge2_getTrampoline Java_com_hyphenate_chat_adapter_EMAChatRoomManager_nativeAddListener, trampoline_addr 0x0
09-19 12:00:53.243  5388  5388 V libnb   : enter native_bridge2_getTrampoline Java_com_hyphenate_chat_adapter_EMAChatRoomManager_nativeAddListener__Lcom_hyphenate_chat_adapter_EMAChatRoomManagerListener_2, trampoline_addr 0x0
09-19 12:00:53.243  5388  5388 V libnb   : enter native_bridge2_getTrampoline Java_com_hyphenate_chat_adapter_EMAChatRoomManager_nativeAddListener, trampoline_addr 0x0
09-19 12:00:53.243  5388  5388 V libnb   : enter native_bridge2_getTrampoline Java_com_hyphenate_chat_adapter_EMAChatRoomManager_nativeAddListener__Lcom_hyphenate_chat_adapter_EMAChatRoomManagerListener_2, trampoline_addr 0x0
09-19 12:00:53.243  5388  5388 V libnb   : enter native_bridge2_getTrampoline Java_com_hyphenate_chat_adapter_EMAChatRoomManager_nativeAddListener, trampoline_addr 0x0
09-19 12:00:53.243  5388  5388 V libnb   : enter native_bridge2_getTrampoline Java_com_hyphenate_chat_adapter_EMAChatRoomManager_nativeAddListener__Lcom_hyphenate_chat_adapter_EMAChatRoomManagerListener_2, trampoline_addr 0x0
09-19 12:00:53.243  5388  5388 V libnb   : enter native_bridge2_getTrampoline Java_com_hyphenate_chat_adapter_EMAChatRoomManager_nativeAddListener, trampoline_addr 0xb674e384
09-19 12:00:53.243  5388  5388 V libnb   : enter native_bridge2_getTrampoline Java_com_hyphenate_chat_adapter_EMAPresenceManagerListener_nativeInit, trampoline_addr 0x0
09-19 12:00:53.243  5388  5388 V libnb   : enter native_bridge2_getTrampoline Java_com_hyphenate_chat_adapter_EMAPresenceManagerListener_nativeInit__, trampoline_addr 0x0
09-19 12:00:53.243  5388  5388 V libnb   : enter native_bridge2_getTrampoline Java_com_hyphenate_chat_adapter_EMAPresenceManagerListener_nativeInit, trampoline_addr 0x0
09-19 12:00:53.243  5388  5388 V libnb   : enter native_bridge2_getTrampoline Java_com_hyphenate_chat_adapter_EMAPresenceManagerListener_nativeInit__, trampoline_addr 0x0
09-19 12:00:53.243  5388  5388 V libnb   : enter native_bridge2_getTrampoline Java_com_hyphenate_chat_adapter_EMAPresenceManagerListener_nativeInit, trampoline_addr 0x0
09-19 12:00:53.243  5388  5388 V libnb   : enter native_bridge2_getTrampoline Java_com_hyphenate_chat_adapter_EMAPresenceManagerListener_nativeInit__, trampoline_addr 0x0
09-19 12:00:53.243  5388  5388 V libnb   : enter native_bridge2_getTrampoline Java_com_hyphenate_chat_adapter_EMAPresenceManagerListener_nativeInit, trampoline_addr 0xb674e34c
09-19 12:00:53.243  5388  5388 V libnb   : enter native_bridge2_getTrampoline Java_com_hyphenate_chat_adapter_EMAPresenceManager_nativeAddListener, trampoline_addr 0x0
09-19 12:00:53.243  5388  5388 V libnb   : enter native_bridge2_getTrampoline Java_com_hyphenate_chat_adapter_EMAPresenceManager_nativeAddListener__Lcom_hyphenate_chat_adapter_EMAPresenceManagerListener_2, trampoline_addr 0x0
09-19 12:00:53.243  5388  5388 V libnb   : enter native_bridge2_getTrampoline Java_com_hyphenate_chat_adapter_EMAPresenceManager_nativeAddListener, trampoline_addr 0x0
09-19 12:00:53.243  5388  5388 V libnb   : enter native_bridge2_getTrampoline Java_com_hyphenate_chat_adapter_EMAPresenceManager_nativeAddListener__Lcom_hyphenate_chat_adapter_EMAPresenceManagerListener_2, trampoline_addr 0x0
09-19 12:00:53.243  5388  5388 V libnb   : enter native_bridge2_getTrampoline Java_com_hyphenate_chat_adapter_EMAPresenceManager_nativeAddListener, trampoline_addr 0x0
09-19 12:00:53.244  5388  5388 V libnb   : enter native_bridge2_getTrampoline Java_com_hyphenate_chat_adapter_EMAPresenceManager_nativeAddListener__Lcom_hyphenate_chat_adapter_EMAPresenceManagerListener_2, trampoline_addr 0x0
09-19 12:00:53.244  5388  5388 V libnb   : enter native_bridge2_getTrampoline Java_com_hyphenate_chat_adapter_EMAPresenceManager_nativeAddListener, trampoline_addr 0xb674e314
09-19 12:00:53.244  5388  5388 V libnb   : enter native_bridge2_getTrampoline Java_com_hyphenate_chat_adapter_EMANetCallback_nativeInit, trampoline_addr 0x0
09-19 12:00:53.244  5388  5512 D ONE SDK : [2022/09/19 12:00:53:244]: Java_com_hyphenate_chat_adapter_EMAPresenceManager_nativeAddListener
09-19 12:00:53.244  5388  5388 V libnb   : enter native_bridge2_getTrampoline Java_com_hyphenate_chat_adapter_EMANetCallback_nativeInit__, trampoline_addr 0x0
09-19 12:00:53.244  5388  5388 V libnb   : enter native_bridge2_getTrampoline Java_com_hyphenate_chat_adapter_EMANetCallback_nativeInit, trampoline_addr 0x0
09-19 12:00:53.244  5388  5388 V libnb   : enter native_bridge2_getTrampoline Java_com_hyphenate_chat_adapter_EMANetCallback_nativeInit__, trampoline_addr 0x0
09-19 12:00:53.244  5388  5388 V libnb   : enter native_bridge2_getTrampoline Java_com_hyphenate_chat_adapter_EMANetCallback_nativeInit, trampoline_addr 0x0
09-19 12:00:53.244  5388  5388 V libnb   : enter native_bridge2_getTrampoline Java_com_hyphenate_chat_adapter_EMANetCallback_nativeInit__, trampoline_addr 0x0
09-19 12:00:53.244  5388  5388 V libnb   : enter native_bridge2_getTrampoline Java_com_hyphenate_chat_adapter_EMANetCallback_nativeInit, trampoline_addr 0xb674e2dc
09-19 12:00:53.244  5388  5388 V libnb   : enter native_bridge2_getTrampoline Java_com_hyphenate_chat_adapter_EMAChatConfig_nativeSetCallbackNet, trampoline_addr 0x0
09-19 12:00:53.244  5388  5388 V libnb   : enter native_bridge2_getTrampoline Java_com_hyphenate_chat_adapter_EMAChatConfig_nativeSetCallbackNet__Lcom_hyphenate_chat_adapter_EMANetCallback_2, trampoline_addr 0x0
09-19 12:00:53.244  5388  5388 V libnb   : enter native_bridge2_getTrampoline Java_com_hyphenate_chat_adapter_EMAChatConfig_nativeSetCallbackNet, trampoline_addr 0x0
09-19 12:00:53.244  5388  5388 V libnb   : enter native_bridge2_getTrampoline Java_com_hyphenate_chat_adapter_EMAChatConfig_nativeSetCallbackNet__Lcom_hyphenate_chat_adapter_EMANetCallback_2, trampoline_addr 0x0
09-19 12:00:53.244  5388  5388 V libnb   : enter native_bridge2_getTrampoline Java_com_hyphenate_chat_adapter_EMAChatConfig_nativeSetCallbackNet, trampoline_addr 0x0
09-19 12:00:53.244  5388  5388 V libnb   : enter native_bridge2_getTrampoline Java_com_hyphenate_chat_adapter_EMAChatConfig_nativeSetCallbackNet__Lcom_hyphenate_chat_adapter_EMANetCallback_2, trampoline_addr 0x0
09-19 12:00:53.244  5388  5388 V libnb   : enter native_bridge2_getTrampoline Java_com_hyphenate_chat_adapter_EMAChatConfig_nativeSetCallbackNet, trampoline_addr 0xb674e2a4
09-19 12:00:53.246  5388  5388 E EMClient: is autoLogin : true
09-19 12:00:53.246  5388  5388 E EMClient: lastLoginUser : love132275343127906
09-19 12:00:53.246  5388  5388 E EMClient: hyphenate SDK is initialized with version : 3.9.1.2
09-19 12:00:53.248  5388  5388 V libnb   : enter native_bridge2_getTrampoline Java_com_hyphenate_chat_adapter_EMASessionManager_nativeGetEncryptionKey, trampoline_addr 0x0
09-19 12:00:53.248  5388  5388 V libnb   : enter native_bridge2_getTrampoline Java_com_hyphenate_chat_adapter_EMASessionManager_nativeGetEncryptionKey__Ljava_lang_String_2, trampoline_addr 0x0
09-19 12:00:53.248  5388  5388 V libnb   : enter native_bridge2_getTrampoline Java_com_hyphenate_chat_adapter_EMASessionManager_nativeGetEncryptionKey, trampoline_addr 0x0
09-19 12:00:53.248  5388  5388 V libnb   : enter native_bridge2_getTrampoline Java_com_hyphenate_chat_adapter_EMASessionManager_nativeGetEncryptionKey__Ljava_lang_String_2, trampoline_addr 0x0
09-19 12:00:53.248  5388  5388 V libnb   : enter native_bridge2_getTrampoline Java_com_hyphenate_chat_adapter_EMASessionManager_nativeGetEncryptionKey, trampoline_addr 0x0
09-19 12:00:53.248  5388  5388 V libnb   : enter native_bridge2_getTrampoline Java_com_hyphenate_chat_adapter_EMASessionManager_nativeGetEncryptionKey__Ljava_lang_String_2, trampoline_addr 0x0
09-19 12:00:53.248  5388  5388 V libnb   : enter native_bridge2_getTrampoline Java_com_hyphenate_chat_adapter_EMASessionManager_nativeGetEncryptionKey, trampoline_addr 0xb674e26c
09-19 12:00:53.252  5388  5388 V libnb   : enter native_bridge2_getTrampoline Java_com_hyphenate_chat_adapter_EMAChatConfig_nativeSetDebugMode, trampoline_addr 0x0
09-19 12:00:53.252  5388  5388 V libnb   : enter native_bridge2_getTrampoline Java_com_hyphenate_chat_adapter_EMAChatConfig_nativeSetDebugMode__Z, trampoline_addr 0x0
09-19 12:00:53.252  5388  5388 V libnb   : enter native_bridge2_getTrampoline Java_com_hyphenate_chat_adapter_EMAChatConfig_nativeSetDebugMode, trampoline_addr 0x0
09-19 12:00:53.252  5388  5388 V libnb   : enter native_bridge2_getTrampoline Java_com_hyphenate_chat_adapter_EMAChatConfig_nativeSetDebugMode__Z, trampoline_addr 0x0
09-19 12:00:53.252  5388  5388 V libnb   : enter native_bridge2_getTrampoline Java_com_hyphenate_chat_adapter_EMAChatConfig_nativeSetDebugMode, trampoline_addr 0x0
09-19 12:00:53.252  5388  5388 V libnb   : enter native_bridge2_getTrampoline Java_com_hyphenate_chat_adapter_EMAChatConfig_nativeSetDebugMode__Z, trampoline_addr 0x0
09-19 12:00:53.252  5388  5388 V libnb   : enter native_bridge2_getTrampoline Java_com_hyphenate_chat_adapter_EMAChatConfig_nativeSetDebugMode, trampoline_addr 0xb674e234
09-19 12:00:53.252  5388  5518 V libnb   : enter native_bridge2_getTrampoline Java_com_hyphenate_chat_adapter_EMAChatConfig_nativeOpenDatabase, trampoline_addr 0x0
09-19 12:00:53.252  5388  5518 V libnb   : enter native_bridge2_getTrampoline Java_com_hyphenate_chat_adapter_EMAChatConfig_nativeOpenDatabase__Ljava_lang_String_2, trampoline_addr 0x0
09-19 12:00:53.252  5388  5518 V libnb   : enter native_bridge2_getTrampoline Java_com_hyphenate_chat_adapter_EMAChatConfig_nativeOpenDatabase, trampoline_addr 0x0
09-19 12:00:53.252  5388  5518 V libnb   : enter native_bridge2_getTrampoline Java_com_hyphenate_chat_adapter_EMAChatConfig_nativeOpenDatabase__Ljava_lang_String_2, trampoline_addr 0x0
09-19 12:00:53.252  5388  5518 V libnb   : enter native_bridge2_getTrampoline Java_com_hyphenate_chat_adapter_EMAChatConfig_nativeOpenDatabase, trampoline_addr 0x0
09-19 12:00:53.252  5388  5518 V libnb   : enter native_bridge2_getTrampoline Java_com_hyphenate_chat_adapter_EMAChatConfig_nativeOpenDatabase__Ljava_lang_String_2, trampoline_addr 0x0
09-19 12:00:53.252  5388  5518 V libnb   : enter native_bridge2_getTrampoline Java_com_hyphenate_chat_adapter_EMAChatConfig_nativeOpenDatabase, trampoline_addr 0xb674e1fc
09-19 12:00:53.253  5388  5519 V libnb   : enter native_bridge2_getTrampoline Java_com_hyphenate_chat_adapter_EMAChatClient_native_1isConnected, trampoline_addr 0x0
09-19 12:00:53.253  5388  5519 V libnb   : enter native_bridge2_getTrampoline Java_com_hyphenate_chat_adapter_EMAChatClient_native_1isConnected__, trampoline_addr 0x0
09-19 12:00:53.253  5388  5519 V libnb   : enter native_bridge2_getTrampoline Java_com_hyphenate_chat_adapter_EMAChatClient_native_1isConnected, trampoline_addr 0x0
09-19 12:00:53.253  5388  5519 V libnb   : enter native_bridge2_getTrampoline Java_com_hyphenate_chat_adapter_EMAChatClient_native_1isConnected__, trampoline_addr 0x0
09-19 12:00:53.253  5388  5519 V libnb   : enter native_bridge2_getTrampoline Java_com_hyphenate_chat_adapter_EMAChatClient_native_1isConnected, trampoline_addr 0x0
09-19 12:00:53.253  5388  5519 V libnb   : enter native_bridge2_getTrampoline Java_com_hyphenate_chat_adapter_EMAChatClient_native_1isConnected__, trampoline_addr 0x0
09-19 12:00:53.253  5388  5519 V libnb   : enter native_bridge2_getTrampoline Java_com_hyphenate_chat_adapter_EMAChatClient_native_1isConnected, trampoline_addr 0xb674e1c4
09-19 12:00:53.254  5388  5388 I MMKV    : <MemoryFile.cpp:97::open> open fd[0x46], /data/user/0/com.litatom.app/files/mmkv/user_conversation_sp
09-19 12:00:53.254  5388  5388 I MMKV    : <MemoryFile.cpp:97::open> open fd[0x47], /data/user/0/com.litatom.app/files/mmkv/user_conversation_sp.crc
09-19 12:00:53.254  5388  5388 I MMKV    : <MMKV_IO.cpp:81::loadFromFile> loading [user_conversation_sp] with 58 actual size, file size 4096, InterProcess 0, meta info version:3
09-19 12:00:53.254  5388  5388 I MMKV    : <MMKV_IO.cpp:86::loadFromFile> loading [user_conversation_sp] with crc 1386938156 sequence 3 version 3
09-19 12:00:53.254  5388  5388 I MMKV    : <MMKV_IO.cpp:130::loadFromFile> loaded [user_conversation_sp] with 2 key-values
09-19 12:00:53.260  5388  5520 V libnb   : enter native_bridge2_getTrampoline Java_com_hyphenate_chat_adapter_EMAChatManager_nativeLoadAllConversationsFromDB, trampoline_addr 0x0
09-19 12:00:53.260  5388  5520 V libnb   : enter native_bridge2_getTrampoline Java_com_hyphenate_chat_adapter_EMAChatManager_nativeLoadAllConversationsFromDB__, trampoline_addr 0x0
09-19 12:00:53.260  5388  5520 V libnb   : enter native_bridge2_getTrampoline Java_com_hyphenate_chat_adapter_EMAChatManager_nativeLoadAllConversationsFromDB, trampoline_addr 0x0
09-19 12:00:53.260  5388  5520 V libnb   : enter native_bridge2_getTrampoline Java_com_hyphenate_chat_adapter_EMAChatManager_nativeLoadAllConversationsFromDB__, trampoline_addr 0x0
09-19 12:00:53.260  5388  5520 V libnb   : enter native_bridge2_getTrampoline Java_com_hyphenate_chat_adapter_EMAChatManager_nativeLoadAllConversationsFromDB, trampoline_addr 0x0
09-19 12:00:53.260  5388  5520 V libnb   : enter native_bridge2_getTrampoline Java_com_hyphenate_chat_adapter_EMAChatManager_nativeLoadAllConversationsFromDB__, trampoline_addr 0x0
09-19 12:00:53.260  5388  5520 V libnb   : enter native_bridge2_getTrampoline Java_com_hyphenate_chat_adapter_EMAChatManager_nativeLoadAllConversationsFromDB, trampoline_addr 0xb674e18c
09-19 12:00:53.260  5388  5512 D ONE SDK : [2022/09/19 12:00:53:260]: Java_com_hyphenate_chat_adapter_EMAChatManager_nativeLoadAllConversationsFromDB
09-19 12:00:53.261  5388  5388 I MMKV    : <MemoryFile.cpp:97::open> open fd[0x4b], /data/user/0/com.litatom.app/files/mmkv/diamond_sp_v2
09-19 12:00:53.261  5388  5388 I MMKV    : <MemoryFile.cpp:97::open> open fd[0x4c], /data/user/0/com.litatom.app/files/mmkv/diamond_sp_v2.crc
09-19 12:00:53.262  5388  5512 D ONE SDK : [2022/09/19 12:00:53:261]: sqlite version: 3.34.1
09-19 12:00:53.263  5388  5512 D ONE SDK : [2022/09/19 12:00:53:262]: sqlite version: 3.34.1
09-19 12:00:53.266  5388  5512 D ONE SDK : [2022/09/19 12:00:53:266]: performMigrationIfNecessary current DB version: 6
09-19 12:00:53.269  5388  5518 V libnb   : enter native_bridge2_getTrampoline Java_com_hyphenate_chat_adapter_EMAGroupManager_nativeLoadAllMyGroupsFromDB, trampoline_addr 0x0
09-19 12:00:53.269  5388  5518 V libnb   : enter native_bridge2_getTrampoline Java_com_hyphenate_chat_adapter_EMAGroupManager_nativeLoadAllMyGroupsFromDB__, trampoline_addr 0x0
09-19 12:00:53.269  5388  5518 V libnb   : enter native_bridge2_getTrampoline Java_com_hyphenate_chat_adapter_EMAGroupManager_nativeLoadAllMyGroupsFromDB, trampoline_addr 0x0
09-19 12:00:53.269  5388  5518 V libnb   : enter native_bridge2_getTrampoline Java_com_hyphenate_chat_adapter_EMAGroupManager_nativeLoadAllMyGroupsFromDB__, trampoline_addr 0x0
09-19 12:00:53.269  5388  5518 V libnb   : enter native_bridge2_getTrampoline Java_com_hyphenate_chat_adapter_EMAGroupManager_nativeLoadAllMyGroupsFromDB, trampoline_addr 0x0
09-19 12:00:53.269  5388  5518 V libnb   : enter native_bridge2_getTrampoline Java_com_hyphenate_chat_adapter_EMAGroupManager_nativeLoadAllMyGroupsFromDB__, trampoline_addr 0x0
09-19 12:00:53.269  5388  5518 V libnb   : enter native_bridge2_getTrampoline Java_com_hyphenate_chat_adapter_EMAGroupManager_nativeLoadAllMyGroupsFromDB, trampoline_addr 0xb674e154
09-19 12:00:53.285  5388  5388 I MMKV    : <MMKV_IO.cpp:81::loadFromFile> loading [diamond_sp_v2] with 0 actual size, file size 4096, InterProcess 0, meta info version:1
09-19 12:00:53.285  5388  5388 I MMKV    : <MMKV_IO.cpp:130::loadFromFile> loaded [diamond_sp_v2] with 0 key-values
09-19 12:00:53.298  5388  5388 I MMKV    : <MemoryFile.cpp:97::open> open fd[0x4e], /data/user/0/com.litatom.app/files/mmkv/lit_web_page_cache
09-19 12:00:53.299  5388  5388 I MMKV    : <MemoryFile.cpp:97::open> open fd[0x4f], /data/user/0/com.litatom.app/files/mmkv/lit_web_page_cache.crc
09-19 12:00:53.305  5388  5512 D ONE SDK : [2022/09/19 12:00:53:304]: msgList.size25
09-19 12:00:53.307  5388  5512 D ONE SDK : [2022/09/19 12:00:53:307]: conversationMap.size:26
09-19 12:00:53.310  5388  5520 V libnb   : enter native_bridge2_getTrampoline Java_com_hyphenate_chat_adapter_EMAConversation_nativeInit, trampoline_addr 0x0
09-19 12:00:53.310  5388  5520 V libnb   : enter native_bridge2_getTrampoline Java_com_hyphenate_chat_adapter_EMAConversation_nativeInit__, trampoline_addr 0x0
09-19 12:00:53.310  5388  5520 V libnb   : enter native_bridge2_getTrampoline Java_com_hyphenate_chat_adapter_EMAConversation_nativeInit, trampoline_addr 0x0
09-19 12:00:53.310  5388  5520 V libnb   : enter native_bridge2_getTrampoline Java_com_hyphenate_chat_adapter_EMAConversation_nativeInit__, trampoline_addr 0x0
09-19 12:00:53.310  5388  5520 V libnb   : enter native_bridge2_getTrampoline Java_com_hyphenate_chat_adapter_EMAConversation_nativeInit, trampoline_addr 0x0
09-19 12:00:53.310  5388  5520 V libnb   : enter native_bridge2_getTrampoline Java_com_hyphenate_chat_adapter_EMAConversation_nativeInit__, trampoline_addr 0x0
09-19 12:00:53.310  5388  5520 V libnb   : enter native_bridge2_getTrampoline Java_com_hyphenate_chat_adapter_EMAConversation_nativeInit, trampoline_addr 0x0
09-19 12:00:53.310  5388  5520 V libnb   : enter native_bridge2_getTrampoline Java_com_hyphenate_chat_adapter_EMAConversation_nativeInit__, trampoline_addr 0xb674e11c
09-19 12:00:53.311  5388  5512 D ONE SDK : [2022/09/19 12:00:53:309]: Java_com_hyphenate_chat_adapter_EMAChatManager_nativeLoadAllConversationsFromDB
09-19 12:00:53.313  5388  5512 D ONE SDK : [2022/09/19 12:00:53:313]: msgList.size25
09-19 12:00:53.314  5388  5512 D ONE SDK : [2022/09/19 12:00:53:314]: conversationMap.size:26
09-19 12:00:53.315  5388  5388 I MMKV    : <MMKV_IO.cpp:81::loadFromFile> loading [lit_web_page_cache] with 2335 actual size, file size 8192, InterProcess 0, meta info version:3
09-19 12:00:53.315  5388  5388 I MMKV    : <MMKV_IO.cpp:86::loadFromFile> loading [lit_web_page_cache] with crc 1616446305 sequence 2 version 3
09-19 12:00:53.315  5388  5388 I MMKV    : <MMKV_IO.cpp:130::loadFromFile> loaded [lit_web_page_cache] with 5 key-values
09-19 12:00:53.316  5388  5518 V libnb   : enter native_bridge2_getTrampoline Java_com_hyphenate_chat_adapter_EMAChatConfig_nativeLogE, trampoline_addr 0x0
09-19 12:00:53.316  5388  5518 V libnb   : enter native_bridge2_getTrampoline Java_com_hyphenate_chat_adapter_EMAChatConfig_nativeLogE__Ljava_lang_String_2Ljava_lang_String_2, trampoline_addr 0x0
09-19 12:00:53.316  5388  5518 V libnb   : enter native_bridge2_getTrampoline Java_com_hyphenate_chat_adapter_EMAChatConfig_nativeLogE, trampoline_addr 0x0
09-19 12:00:53.316  5388  5518 V libnb   : enter native_bridge2_getTrampoline Java_com_hyphenate_chat_adapter_EMAChatConfig_nativeLogE__Ljava_lang_String_2Ljava_lang_String_2, trampoline_addr 0x0
09-19 12:00:53.316  5388  5518 V libnb   : enter native_bridge2_getTrampoline Java_com_hyphenate_chat_adapter_EMAChatConfig_nativeLogE, trampoline_addr 0x0
09-19 12:00:53.316  5388  5518 V libnb   : enter native_bridge2_getTrampoline Java_com_hyphenate_chat_adapter_EMAChatConfig_nativeLogE__Ljava_lang_String_2Ljava_lang_String_2, trampoline_addr 0x0
09-19 12:00:53.316  5388  5518 V libnb   : enter native_bridge2_getTrampoline Java_com_hyphenate_chat_adapter_EMAChatConfig_nativeLogE, trampoline_addr 0xb674e0e4
09-19 12:00:53.317  5388  5512 D ONE SDK : [2022/09/19 12:00:53:317]: [EMClient] emchat manager login in process:5388
09-19 12:00:53.317  5388  5519 V libnb   : enter native_bridge2_getTrampoline Java_com_hyphenate_chat_adapter_EMAError_nativeInit, trampoline_addr 0x0
09-19 12:00:53.317  5388  5512 D ONE SDK : [2022/09/19 12:00:53:317]: [EMClient] emchat manager login in process:5388 threadName:pool-34-thread-2 ID:183
09-19 12:00:53.317  5388  5519 V libnb   : enter native_bridge2_getTrampoline Java_com_hyphenate_chat_adapter_EMAError_nativeInit__, trampoline_addr 0x0
09-19 12:00:53.317  5388  5519 V libnb   : enter native_bridge2_getTrampoline Java_com_hyphenate_chat_adapter_EMAError_nativeInit, trampoline_addr 0x0
09-19 12:00:53.317  5388  5519 V libnb   : enter native_bridge2_getTrampoline Java_com_hyphenate_chat_adapter_EMAError_nativeInit__, trampoline_addr 0x0
09-19 12:00:53.317  5388  5519 V libnb   : enter native_bridge2_getTrampoline Java_com_hyphenate_chat_adapter_EMAError_nativeInit, trampoline_addr 0x0
09-19 12:00:53.317  5388  5519 V libnb   : enter native_bridge2_getTrampoline Java_com_hyphenate_chat_adapter_EMAError_nativeInit__, trampoline_addr 0x0
09-19 12:00:53.317  5388  5519 V libnb   : enter native_bridge2_getTrampoline Java_com_hyphenate_chat_adapter_EMAError_nativeInit, trampoline_addr 0x0
09-19 12:00:53.317  5388  5519 V libnb   : enter native_bridge2_getTrampoline Java_com_hyphenate_chat_adapter_EMAError_nativeInit__, trampoline_addr 0xb674e0ac
09-19 12:00:53.317  5388  5519 V libnb   : enter native_bridge2_getTrampoline Java_com_hyphenate_chat_adapter_EMAChatClient_native_1login, trampoline_addr 0x0
09-19 12:00:53.317  5388  5519 V libnb   : enter native_bridge2_getTrampoline Java_com_hyphenate_chat_adapter_EMAChatClient_native_1login__Ljava_lang_String_2Ljava_lang_String_2ZZLcom_hyphenate_chat_adapter_EMAError_2, trampoline_addr 0x0
09-19 12:00:53.317  5388  5519 V libnb   : enter native_bridge2_getTrampoline Java_com_hyphenate_chat_adapter_EMAChatClient_native_1login, trampoline_addr 0x0
09-19 12:00:53.317  5388  5519 V libnb   : enter native_bridge2_getTrampoline Java_com_hyphenate_chat_adapter_EMAChatClient_native_1login__Ljava_lang_String_2Ljava_lang_String_2ZZLcom_hyphenate_chat_adapter_EMAError_2, trampoline_addr 0x0
09-19 12:00:53.317  5388  5519 V libnb   : enter native_bridge2_getTrampoline Java_com_hyphenate_chat_adapter_EMAChatClient_native_1login, trampoline_addr 0x0
09-19 12:00:53.317  5388  5519 V libnb   : enter native_bridge2_getTrampoline Java_com_hyphenate_chat_adapter_EMAChatClient_native_1login__Ljava_lang_String_2Ljava_lang_String_2ZZLcom_hyphenate_chat_adapter_EMAError_2, trampoline_addr 0x0
09-19 12:00:53.317  5388  5519 V libnb   : enter native_bridge2_getTrampoline Java_com_hyphenate_chat_adapter_EMAChatClient_native_1login, trampoline_addr 0xb674e074
09-19 12:00:53.318  5388  5512 D ONE SDK : [2022/09/19 12:00:53:318]: autoLogin
09-19 12:00:53.318  5388  5512 D ONE SDK : [2022/09/19 12:00:53:318]: EMSessionManager::login(): is autoLogin? 1 type: 0, id: love132275343127906
09-19 12:00:53.318  5388  5512 D ONE SDK : [2022/09/19 12:00:53:318]: os version: 7.1.2
09-19 12:00:53.320  5388  5512 D ONE SDK : [2022/09/19 12:00:53:319]: current host: domain: mserver-sgp.easemob.com port: 443
09-19 12:00:53.321  5388  5512 D ONE SDK : [2022/09/19 12:00:53:320]: httprequest perform: https://mserver-sgp.easemob.com:443/api/v1/sdk/config?appkey=1102190223222824%23lit&version=3.9.1.2
09-19 12:00:53.322  5388  5512 D ONE SDK : [2022/09/19 12:00:53:322]: current host: domain: msync-im1-sgp.easemob.com port: 6717
09-19 12:00:53.322  5388  5512 D ONE SDK : [2022/09/19 12:00:53:322]: no im host with priority, using next host
09-19 12:00:53.322  5388  5512 D ONE SDK : [2022/09/19 12:00:53:322]: current host: domain: msync-im1-sgp.easemob.com port: 6717
09-19 12:00:53.323  5388  5512 D ONE SDK : [2022/09/19 12:00:53:323]: token status:  0
09-19 12:00:53.328  5388  5397 V libnb   : enter native_bridge2_getTrampoline Java_com_hyphenate_chat_adapter_EMAConversation_nativeFinalize, trampoline_addr 0x0
09-19 12:00:53.328  5388  5397 V libnb   : enter native_bridge2_getTrampoline Java_com_hyphenate_chat_adapter_EMAConversation_nativeFinalize__, trampoline_addr 0x0
09-19 12:00:53.328  5388  5397 V libnb   : enter native_bridge2_getTrampoline Java_com_hyphenate_chat_adapter_EMAConversation_nativeFinalize, trampoline_addr 0x0
09-19 12:00:53.328  5388  5397 V libnb   : enter native_bridge2_getTrampoline Java_com_hyphenate_chat_adapter_EMAConversation_nativeFinalize__, trampoline_addr 0x0
09-19 12:00:53.328  5388  5397 V libnb   : enter native_bridge2_getTrampoline Java_com_hyphenate_chat_adapter_EMAConversation_nativeFinalize, trampoline_addr 0x0
09-19 12:00:53.328  5388  5397 V libnb   : enter native_bridge2_getTrampoline Java_com_hyphenate_chat_adapter_EMAConversation_nativeFinalize__, trampoline_addr 0x0
09-19 12:00:53.328  5388  5397 V libnb   : enter native_bridge2_getTrampoline Java_com_hyphenate_chat_adapter_EMAConversation_nativeFinalize, trampoline_addr 0xb674e03c
09-19 12:00:53.328  5388  5512 D ONE SDK : [2022/09/19 12:00:53:327]: log: level: 2, area: 1, ChatClient::connect() 
09-19 12:00:53.357  5388  5388 W art     : Before Android 4.1, method double java.util.concurrent.ThreadLocalRandom.internalNextDouble(double, double) would have incorrectly overridden the package-private method in java.util.Random
09-19 12:00:53.357  5388  5388 W art     : Before Android 4.1, method int java.util.concurrent.ThreadLocalRandom.internalNextInt(int, int) would have incorrectly overridden the package-private method in java.util.Random
