09-19 11:47:53.539  1302  3020 I ActivityManager: START u0 {act=android.intent.action.CALL_BUTTON flg=0x10000000} from uid 10038 on display 0
09-19 11:47:55.253  3504  3661 I chatty  : uid=10038(com.litatom.app) expire 244 lines
09-19 11:47:56.542  3504  3590 I chatty  : uid=10038(com.litatom.app) expire 2 lines
09-19 11:47:57.304  3504  3606 I chatty  : uid=10038(com.litatom.app) expire 7 lines
09-19 11:47:59.169  3504  3504 I chatty  : uid=10038(com.litatom.app) expire 1 line
09-19 11:47:59.217  3504  5036 I chatty  : uid=10038(com.litatom.app) expire 1 line
09-19 11:47:59.453  3504  3661 I chatty  : uid=10038(com.litatom.app) expire 216 lines
09-19 11:47:59.602  3504  3606 I chatty  : uid=10038(com.litatom.app) expire 29 lines
09-19 11:47:59.988  3504  3504 I chatty  : uid=10038(com.litatom.app) expire 3 lines
09-19 11:47:59.999  3504  3516 I chatty  : uid=10038(com.litatom.app) expire 2 lines
09-19 11:48:00.093  1302  1317 D sensor_hal: cb_activate handle=0 enabled=0
09-19 11:48:00.108  1302  1317 D sensor_hal: cb_activate handle=0 enabled=1
09-19 11:48:00.108  1302  1317 D sensor_hal: cb_setDelay handle=0 delay-ns=200000000
09-19 11:48:00.141  4654  4654 I art     : System.exit called, status: 0
09-19 11:48:00.141  4654  4654 I AndroidRuntime: VM exiting with result code 0.
09-19 11:48:00.671  3504  3744 I chatty  : uid=10038(com.litatom.app) expire 2 lines
09-19 11:48:00.804  3504  4915 I chatty  : uid=10038(com.litatom.app) expire 1 line
09-19 11:48:01.161  3504  4893 I chatty  : uid=10038(com.litatom.app) expire 2 lines
09-19 11:48:03.153  3504  3661 I chatty  : uid=10038(com.litatom.app) expire 251 lines
09-19 11:48:03.272  3504  3606 I chatty  : uid=10038(com.litatom.app) expire 34 lines
09-19 11:48:07.469  3504  3661 I chatty  : uid=10038(com.litatom.app) expire 222 lines
09-19 11:48:07.889  3504  4893 I chatty  : uid=10038(com.litatom.app) expire 7 lines
09-19 11:48:11.287  3504  3661 I chatty  : uid=10038(com.litatom.app) expire 197 lines
09-19 11:48:11.329  3504  3606 I chatty  : uid=10038(com.litatom.app) expire 83 lines
09-19 11:48:14.652  3504  3661 I chatty  : uid=10038(com.litatom.app) expire 50 lines
09-19 11:48:14.979  3504  4893 I chatty  : uid=10038(com.litatom.app) expire 2 lines
09-19 11:48:15.391  3504  3504 I chatty  : uid=10038(com.litatom.app) expire 174 lines
09-19 11:48:15.602  3504  3661 I chatty  : uid=10038(com.litatom.app) expire 508 lines
09-19 11:48:21.302  3504  3606 I chatty  : uid=10038(com.litatom.app) expire 2 lines
09-19 11:48:24.453  3504  3661 I chatty  : uid=10038(com.litatom.app) expire 982 lines
09-19 11:48:41.764  1302  1357 D WifiStateMachine: setScanResults mScanResults.size=1
09-19 11:48:41.789  3504  3661 I chatty  : uid=10038(com.litatom.app) expire 979 lines
09-19 11:48:58.789  1114  1134 D audio_hw_hal: raw_start_output_stream, stream=0xc6f05140, sampleRate=48000, channel=2, bps=16, bufSize=4096
09-19 11:48:58.791  3504  3504 I chatty  : uid=10038(com.litatom.app) expire 11 lines
09-19 11:48:58.793  3504  3606 I chatty  : uid=10038(com.litatom.app) expire 9 lines
09-19 11:48:58.797  1698  1698 W ContextImpl: Calling a method in the system process without a qualified user: android.app.ContextImpl.startService:1358 android.content.ContextWrapper.startService:613 android.content.ContextWrapper.startService:613 com.android.coreservice.CoreBroadcastReceiver.onReceive:44 android.app.ActivityThread.handleReceiver:3073 
09-19 11:48:58.804  3504  3661 I chatty  : uid=10038(com.litatom.app) expire 14 lines
09-19 11:48:58.815  1698  1698 W ContextImpl: Calling a method in the system process without a qualified user: android.app.ContextImpl.startService:1358 android.content.ContextWrapper.startService:613 android.content.ContextWrapper.startService:613 com.android.coreservice.CoreBroadcastReceiver.onReceive:53 android.app.ActivityThread.handleReceiver:3073 
09-19 11:48:58.820  1698  1698 W ContextImpl: Calling a method in the system process without a qualified user: android.app.ContextImpl.startService:1358 android.content.ContextWrapper.startService:613 android.content.ContextWrapper.startService:613 com.android.coreservice.CoreBroadcastReceiver.onReceive:69 android.app.ActivityThread.handleReceiver:3073 
09-19 11:49:00.257  1114  1134 D AudioFlinger: mixer(0xc5a80000) throttle end: throttle time(10)
09-19 11:49:00.259  1698  1698 W ContextImpl: Calling a method in the system process without a qualified user: android.app.ContextImpl.startService:1358 android.content.ContextWrapper.startService:613 android.content.ContextWrapper.startService:613 com.android.coreservice.CoreBroadcastReceiver.onReceive:69 android.app.ActivityThread.handleReceiver:3073 
09-19 11:49:02.663  1302  1617 I ActivityManager: START u0 {cmp=com.litatom.app/com.lit.app.ui.feed.DetailsActivity (has extras)} from uid 10038 on display 0
09-19 11:49:02.665  1698  1698 W ContextImpl: Calling a method in the system process without a qualified user: android.app.ContextImpl.startService:1358 android.content.ContextWrapper.startService:613 android.content.ContextWrapper.startService:613 com.android.coreservice.CoreBroadcastReceiver.onReceive:44 android.app.ActivityThread.handleReceiver:3073 
09-19 11:49:02.750  1698  1698 W ContextImpl: Calling a method in the system process without a qualified user: android.app.ContextImpl.startService:1358 android.content.ContextWrapper.startService:613 android.content.ContextWrapper.startService:613 com.android.coreservice.CoreBroadcastReceiver.onReceive:53 android.app.ActivityThread.handleReceiver:3073 
09-19 11:49:02.808  1302  1323 I ActivityManager: Displayed com.litatom.app/com.lit.app.ui.feed.DetailsActivity: +136ms
09-19 11:49:02.809  1698  1698 W ContextImpl: Calling a method in the system process without a qualified user: android.app.ContextImpl.startService:1358 android.content.ContextWrapper.startService:613 android.content.ContextWrapper.startService:613 com.android.coreservice.CoreBroadcastReceiver.onReceive:69 android.app.ActivityThread.handleReceiver:3073 
09-19 11:49:03.842  1698  1698 W ContextImpl: Calling a method in the system process without a qualified user: android.app.ContextImpl.startService:1358 android.content.ContextWrapper.startService:613 android.content.ContextWrapper.startService:613 com.android.coreservice.CoreBroadcastReceiver.onReceive:44 android.app.ActivityThread.handleReceiver:3073 
09-19 11:49:03.847  1698  1698 W ContextImpl: Calling a method in the system process without a qualified user: android.app.ContextImpl.startService:1358 android.content.ContextWrapper.startService:613 android.content.ContextWrapper.startService:613 com.android.coreservice.CoreBroadcastReceiver.onReceive:53 android.app.ActivityThread.handleReceiver:3073 
09-19 11:49:03.850  1698  1698 W ContextImpl: Calling a method in the system process without a qualified user: android.app.ContextImpl.startService:1358 android.content.ContextWrapper.startService:613 android.content.ContextWrapper.startService:613 com.android.coreservice.CoreBroadcastReceiver.onReceive:69 android.app.ActivityThread.handleReceiver:3073 
09-19 11:49:06.936  1114  1134 D audio_hw_hal: log_func, out_standby
09-19 11:49:06.936  1114  1134 D audio_hw_hal: raw_close_output_stream, dev=0xc6f0a0c0, stream =0xc6f05140
09-19 11:49:06.936  1114  1134 D audio_hw_hal: raw_close_output_stream, stream=0xc6f05140,  success!
09-19 11:49:17.838  5261  5261 I appproc : exec app_process! cmdline: /system/bin com.android.commands.am.Am start -n com.litatom.app/com.lit.app.party.PartyChatActivity 
09-19 11:49:17.838  5261  5261 D AndroidRuntime: >>>>>> START com.android.internal.os.RuntimeInit uid 0 <<<<<<
09-19 11:49:17.840  5261  5261 D AndroidRuntime: CheckJNI is OFF
09-19 11:49:17.881  5261  5261 D ICU     : No timezone override file found: /data/misc/zoneinfo/current/icu/icu_tzdata.dat
09-19 11:49:17.903  5261  5261 D libnativebridge: PreInitializeNativeBridge name=unknown instruction_set=x86
09-19 11:49:17.904  5261  5261 D libnativebridge: call UnloadNativeBridge! state=1
09-19 11:49:17.915  5261  5261 E memtrack: Couldn't load memtrack module (No such file or directory)
09-19 11:49:17.915  5261  5261 E android.os.Debug: failed to load memtrack module: -2
09-19 11:49:17.916  5261  5261 I Radio-JNI: register_android_hardware_Radio DONE
09-19 11:49:17.926  5261  5261 D AndroidRuntime: Calling main entry com.android.commands.am.Am
09-19 11:49:17.928  1302  1313 I ActivityManager: START u0 {flg=0x10000000 cmp=com.litatom.app/com.lit.app.party.PartyChatActivity} from uid 0 on display 0
09-19 11:49:17.934  5261  5261 D AndroidRuntime: Shutting down VM
09-19 11:49:17.935  1698  1698 W ContextImpl: Calling a method in the system process without a qualified user: android.app.ContextImpl.startService:1358 android.content.ContextWrapper.startService:613 android.content.ContextWrapper.startService:613 com.android.coreservice.CoreBroadcastReceiver.onReceive:44 android.app.ActivityThread.handleReceiver:3073 
09-19 11:49:17.974  1698  1698 W ContextImpl: Calling a method in the system process without a qualified user: android.app.ContextImpl.startService:1358 android.content.ContextWrapper.startService:613 android.content.ContextWrapper.startService:613 com.android.coreservice.CoreBroadcastReceiver.onReceive:53 android.app.ActivityThread.handleReceiver:3073 
09-19 11:49:17.975  1302  1643 W InputMethodManagerService: Window already focused, ignoring focus gain of: com.android.internal.view.IInputMethodClient$Stub$Proxy@6e14e2b attribute=null, token = android.os.BinderProxy@68a7494
09-19 11:49:17.977  1698  1698 W ContextImpl: Calling a method in the system process without a qualified user: android.app.ContextImpl.startService:1358 android.content.ContextWrapper.startService:613 android.content.ContextWrapper.startService:613 com.android.coreservice.CoreBroadcastReceiver.onReceive:44 android.app.ActivityThread.handleReceiver:3073 
09-19 11:49:17.991  1698  1698 W ContextImpl: Calling a method in the system process without a qualified user: android.app.ContextImpl.startService:1358 android.content.ContextWrapper.startService:613 android.content.ContextWrapper.startService:613 com.android.coreservice.CoreBroadcastReceiver.onReceive:53 android.app.ActivityThread.handleReceiver:3073 
09-19 11:49:22.745  1114  1134 D audio_hw_hal: raw_start_output_stream, stream=0xc6f05140, sampleRate=48000, channel=2, bps=16, bufSize=4096
09-19 11:49:22.765  1698  1698 W ContextImpl: Calling a method in the system process without a qualified user: android.app.ContextImpl.startService:1358 android.content.ContextWrapper.startService:613 android.content.ContextWrapper.startService:613 com.android.coreservice.CoreBroadcastReceiver.onReceive:69 android.app.ActivityThread.handleReceiver:3073 
09-19 11:49:25.839  1114  1134 D audio_hw_hal: log_func, out_standby
09-19 11:49:25.839  1114  1134 D audio_hw_hal: raw_close_output_stream, dev=0xc6f0a0c0, stream =0xc6f05140
09-19 11:49:25.839  1114  1134 D audio_hw_hal: raw_close_output_stream, stream=0xc6f05140,  success!
09-19 11:49:26.621  1114  1134 D audio_hw_hal: raw_start_output_stream, stream=0xc6f05140, sampleRate=48000, channel=2, bps=16, bufSize=4096
09-19 11:49:26.624  1302  3015 I ActivityManager: START u0 {cmp=com.litatom.app/com.lit.app.party.list.PartyListActivity (has extras)} from uid 10038 on display 0
09-19 11:49:26.626  1698  1698 W ContextImpl: Calling a method in the system process without a qualified user: android.app.ContextImpl.startService:1358 android.content.ContextWrapper.startService:613 android.content.ContextWrapper.startService:613 com.android.coreservice.CoreBroadcastReceiver.onReceive:44 android.app.ActivityThread.handleReceiver:3073 
09-19 11:49:26.713  1698  1698 W ContextImpl: Calling a method in the system process without a qualified user: android.app.ContextImpl.startService:1358 android.content.ContextWrapper.startService:613 android.content.ContextWrapper.startService:613 com.android.coreservice.CoreBroadcastReceiver.onReceive:53 android.app.ActivityThread.handleReceiver:3073 
09-19 11:49:26.763  3504  3661 I chatty  : uid=10038(com.litatom.app) expire 206 lines
09-19 11:49:26.879  1302  1323 I ActivityManager: Displayed com.litatom.app/com.lit.app.party.list.PartyListActivity: +235ms (total +8s942ms)
09-19 11:49:26.880  1698  1698 W ContextImpl: Calling a method in the system process without a qualified user: android.app.ContextImpl.startService:1358 android.content.ContextWrapper.startService:613 android.content.ContextWrapper.startService:613 com.android.coreservice.CoreBroadcastReceiver.onReceive:69 android.app.ActivityThread.handleReceiver:3073 
09-19 11:49:27.423  3504  3509 I chatty  : uid=10038(com.litatom.app) expire 1 line
09-19 11:49:27.688  3504  3504 I chatty  : uid=10038(com.litatom.app) expire 88 lines
09-19 11:49:28.328  1698  1698 W ContextImpl: Calling a method in the system process without a qualified user: android.app.ContextImpl.startService:1358 android.content.ContextWrapper.startService:613 android.content.ContextWrapper.startService:613 com.android.coreservice.CoreBroadcastReceiver.onReceive:69 android.app.ActivityThread.handleReceiver:3073 
09-19 11:49:28.825  1302  3016 D sensor_hal: cb_setDelay handle=0 delay-ns=200000000
09-19 11:49:28.918  3504  5290 I chatty  : uid=10038(com.litatom.app) expire 2 lines
09-19 11:49:28.923  1698  1698 W ContextImpl: Calling a method in the system process without a qualified user: android.app.ContextImpl.startService:1358 android.content.ContextWrapper.startService:613 android.content.ContextWrapper.startService:613 com.android.coreservice.CoreBroadcastReceiver.onReceive:69 android.app.ActivityThread.handleReceiver:3073 
09-19 11:49:28.952  1302  3016 D sensor_hal: cb_setDelay handle=0 delay-ns=200000000
09-19 11:49:28.955  1302  3020 D sensor_hal: cb_activate handle=2 enabled=1
09-19 11:49:28.955  1302  3020 D sensor_hal: cb_setDelay handle=2 delay-ns=200000000
09-19 11:49:28.957  1302  1545 D sensor_hal: cb_activate handle=5 enabled=1
09-19 11:49:28.957  1302  1545 D sensor_hal: cb_setDelay handle=5 delay-ns=200000000
09-19 11:49:28.997  1698  1698 W ContextImpl: Calling a method in the system process without a qualified user: android.app.ContextImpl.startService:1358 android.content.ContextWrapper.startService:613 android.content.ContextWrapper.startService:613 com.android.coreservice.CoreBroadcastReceiver.onReceive:69 android.app.ActivityThread.handleReceiver:3073 
09-19 11:49:29.352  3504  5297 I chatty  : uid=10038(com.litatom.app) expire 2 lines
09-19 11:49:29.443  3504  5300 I chatty  : uid=10038(com.litatom.app) expire 3 lines
09-19 11:49:29.570  1302  1313 D sensor_hal: cb_activate handle=5 enabled=0
09-19 11:49:29.571  1302  3016 D sensor_hal: cb_activate handle=2 enabled=0
09-19 11:49:29.571  1302  1617 D sensor_hal: cb_setDelay handle=0 delay-ns=200000000
09-19 11:49:30.303  3504  3661 I chatty  : uid=10038(com.litatom.app) expire 507 lines
09-19 11:49:36.628  1302  1316 W ActivityManager: Launch timeout has expired, giving up wake lock!
09-19 11:49:38.821  3504  5300 I chatty  : uid=10038(com.litatom.app) expire 2 lines
09-19 11:49:40.108  3504  3661 I chatty  : uid=10038(com.litatom.app) expire 508 lines
09-19 11:49:48.871  3504  5300 I chatty  : uid=10038(com.litatom.app) expire 3 lines
09-19 11:49:50.807  3504  3661 I chatty  : uid=10038(com.litatom.app) expire 507 lines
09-19 11:49:56.211  3504  5300 I chatty  : uid=10038(com.litatom.app) expire 2 lines
09-19 11:50:00.426  3504  3661 I chatty  : uid=10038(com.litatom.app) expire 506 lines
09-19 11:50:07.820  3504  5300 I chatty  : uid=10038(com.litatom.app) expire 4 lines
09-19 11:50:10.220  3504  3661 I chatty  : uid=10038(com.litatom.app) expire 508 lines
09-19 11:50:17.871  3504  5300 I chatty  : uid=10038(com.litatom.app) expire 2 lines
09-19 11:50:20.973  3504  3661 I chatty  : uid=10038(com.litatom.app) expire 508 lines
09-19 11:50:28.870  3504  5300 I chatty  : uid=10038(com.litatom.app) expire 2 lines
09-19 11:50:30.573  3504  3661 I chatty  : uid=10038(com.litatom.app) expire 763 lines
09-19 11:50:40.870  3504  5300 I chatty  : uid=10038(com.litatom.app) expire 2 lines
09-19 11:50:45.672  3504  3661 I chatty  : uid=10038(com.litatom.app) expire 506 lines
09-19 11:50:51.904  3504  5300 I chatty  : uid=10038(com.litatom.app) expire 4 lines
09-19 11:50:55.619  3504  3661 I chatty  : uid=10038(com.litatom.app) expire 508 lines
09-19 11:51:05.820  3504  5300 I chatty  : uid=10038(com.litatom.app) expire 1 line
09-19 11:51:06.357  3504  3661 I chatty  : uid=10038(com.litatom.app) expire 509 lines
09-19 11:51:10.870  3504  5300 I chatty  : uid=10038(com.litatom.app) expire 2 lines
09-19 11:51:15.810  3504  3661 I chatty  : uid=10038(com.litatom.app) expire 508 lines
09-19 11:51:21.765  1302  1357 D WifiStateMachine: setScanResults mScanResults.size=1
09-19 11:51:21.820  3504  5300 I chatty  : uid=10038(com.litatom.app) expire 2 lines
09-19 11:51:25.906  3504  3661 I chatty  : uid=10038(com.litatom.app) expire 506 lines
09-19 11:51:31.808  3504  3606 I chatty  : uid=10038(com.litatom.app) expire 2 lines
09-19 11:51:31.871  3504  5300 I chatty  : uid=10038(com.litatom.app) expire 2 lines
09-19 11:51:36.505  3504  3661 I chatty  : uid=10038(com.litatom.app) expire 506 lines
09-19 11:51:42.871  3504  5300 I chatty  : uid=10038(com.litatom.app) expire 4 lines
09-19 11:51:45.923  3504  3661 I chatty  : uid=10038(com.litatom.app) expire 508 lines
09-19 11:51:53.839  3504  5300 I chatty  : uid=10038(com.litatom.app) expire 2 lines
09-19 11:51:56.069  3504  3661 I chatty  : uid=10038(com.litatom.app) expire 508 lines
09-19 11:52:03.891  3504  5300 I chatty  : uid=10038(com.litatom.app) expire 2 lines
09-19 11:52:06.654  3504  3661 I chatty  : uid=10038(com.litatom.app) expire 508 lines
09-19 11:52:15.819  3504  5300 I chatty  : uid=10038(com.litatom.app) expire 2 lines
09-19 11:52:16.103  3504  3661 I chatty  : uid=10038(com.litatom.app) expire 763 lines
09-19 11:52:26.870  3504  5300 I chatty  : uid=10038(com.litatom.app) expire 3 lines
09-19 11:52:31.153  3504  3661 I chatty  : uid=10038(com.litatom.app) expire 252 lines
09-19 11:52:36.706  3504  4982 I chatty  : uid=10038(com.litatom.app) expire 1 line
09-19 11:52:36.787  3504  3661 I chatty  : uid=10038(com.litatom.app) expire 254 lines
09-19 11:52:36.870  3504  5300 I chatty  : uid=10038(com.litatom.app) expire 2 lines
09-19 11:52:41.207  3504  3661 I chatty  : uid=10038(com.litatom.app) expire 508 lines
09-19 11:52:47.890  3504  5300 I chatty  : uid=10038(com.litatom.app) expire 2 lines
09-19 11:52:51.809  3504  3661 I chatty  : uid=10038(com.litatom.app) expire 508 lines
09-19 11:52:59.871  3504  5300 I chatty  : uid=10038(com.litatom.app) expire 2 lines
09-19 11:53:01.220  3504  3661 I chatty  : uid=10038(com.litatom.app) expire 763 lines
09-19 11:53:11.819  3504  5300 I chatty  : uid=10038(com.litatom.app) expire 4 lines
09-19 11:53:16.274  3504  3661 I chatty  : uid=10038(com.litatom.app) expire 761 lines
09-19 11:53:26.871  3504  5300 I chatty  : uid=10038(com.litatom.app) expire 2 lines
09-19 11:53:31.222  3504  3661 I chatty  : uid=10038(com.litatom.app) expire 508 lines
09-19 11:53:38.820  3504  5300 I chatty  : uid=10038(com.litatom.app) expire 2 lines
09-19 11:53:40.473  3504  3661 I chatty  : uid=10038(com.litatom.app) expire 508 lines
09-19 11:53:48.840  3504  5300 I chatty  : uid=10038(com.litatom.app) expire 2 lines
09-19 11:53:49.970  3504  3661 I chatty  : uid=10038(com.litatom.app) expire 508 lines
09-19 11:53:59.819  3504  5300 I chatty  : uid=10038(com.litatom.app) expire 1 line
09-19 11:53:59.855  3504  3661 I chatty  : uid=10038(com.litatom.app) expire 509 lines
09-19 11:54:01.764  1302  1357 D WifiStateMachine: setScanResults mScanResults.size=1
09-19 11:54:04.820  3504  5300 I chatty  : uid=10038(com.litatom.app) expire 4 lines
09-19 11:54:09.702  3504  3661 I chatty  : uid=10038(com.litatom.app) expire 506 lines
09-19 11:54:15.820  3504  5300 I chatty  : uid=10038(com.litatom.app) expire 2 lines
09-19 11:54:19.258  3504  3661 I chatty  : uid=10038(com.litatom.app) expire 508 lines
09-19 11:54:26.820  3504  5300 I chatty  : uid=10038(com.litatom.app) expire 2 lines
09-19 11:54:28.506  3504  3661 I chatty  : uid=10038(com.litatom.app) expire 508 lines
09-19 11:54:36.840  3504  5300 I chatty  : uid=10038(com.litatom.app) expire 2 lines
09-19 11:54:37.756  3504  3661 I chatty  : uid=10038(com.litatom.app) expire 763 lines
09-19 11:54:47.821  3504  5300 I chatty  : uid=10038(com.litatom.app) expire 2 lines
09-19 11:54:52.538  3504  3661 I chatty  : uid=10038(com.litatom.app) expire 253 lines
09-19 11:54:54.626  3504  4986 I chatty  : uid=10038(com.litatom.app) expire 1 line
09-19 11:54:57.094  3504  3661 I chatty  : uid=10038(com.litatom.app) expire 252 lines
09-19 11:54:57.870  3504  5300 I chatty  : uid=10038(com.litatom.app) expire 3 lines
09-19 11:55:01.707  3504  3661 D EGL_adreno: eglMakeCurrent: 0xa6df0f40: ver 3 1 (tinfo 0x9c622e50)
09-19 11:55:01.720  3504  3661 D EGL_adreno: eglMakeCurrent: 0xa6df0f40: ver 3 1 (tinfo 0x9c622e50)
09-19 11:55:01.723  3504  3661 D EGL_adreno: eglMakeCurrent: 0xa6df0f40: ver 3 1 (tinfo 0x9c622e50)
09-19 11:55:01.736  3504  3661 D EGL_adreno: eglMakeCurrent: 0xa6df0f40: ver 3 1 (tinfo 0x9c622e50)
09-19 11:55:01.738  3504  3661 D EGL_adreno: eglMakeCurrent: 0xa6df0f40: ver 3 1 (tinfo 0x9c622e50)
09-19 11:55:01.752  3504  3661 D EGL_adreno: eglMakeCurrent: 0xa6df0f40: ver 3 1 (tinfo 0x9c622e50)
09-19 11:55:01.756  3504  3661 D EGL_adreno: eglMakeCurrent: 0xa6df0f40: ver 3 1 (tinfo 0x9c622e50)
09-19 11:55:01.759  3504  3661 D EGL_adreno: eglMakeCurrent: 0xa6df0f40: ver 3 1 (tinfo 0x9c622e50)
09-19 11:55:01.772  3504  3661 D EGL_adreno: eglMakeCurrent: 0xa6df0f40: ver 3 1 (tinfo 0x9c622e50)
09-19 11:55:01.775  3504  3661 D EGL_adreno: eglMakeCurrent: 0xa6df0f40: ver 3 1 (tinfo 0x9c622e50)
09-19 11:55:01.787  3504  3661 D EGL_adreno: eglMakeCurrent: 0xa6df0f40: ver 3 1 (tinfo 0x9c622e50)
09-19 11:55:01.790  3504  3661 D EGL_adreno: eglMakeCurrent: 0xa6df0f40: ver 3 1 (tinfo 0x9c622e50)
09-19 11:55:01.804  3504  3661 D EGL_adreno: eglMakeCurrent: 0xa6df0f40: ver 3 1 (tinfo 0x9c622e50)
09-19 11:55:01.807  3504  3661 D EGL_adreno: eglMakeCurrent: 0xa6df0f40: ver 3 1 (tinfo 0x9c622e50)
09-19 11:55:01.819  3504  3661 D EGL_adreno: eglMakeCurrent: 0xa6df0f40: ver 3 1 (tinfo 0x9c622e50)
09-19 11:55:01.822  3504  3661 D EGL_adreno: eglMakeCurrent: 0xa6df0f40: ver 3 1 (tinfo 0x9c622e50)
09-19 11:55:01.835  3504  3661 D EGL_adreno: eglMakeCurrent: 0xa6df0f40: ver 3 1 (tinfo 0x9c622e50)
09-19 11:55:01.839  3504  3661 D EGL_adreno: eglMakeCurrent: 0xa6df0f40: ver 3 1 (tinfo 0x9c622e50)
09-19 11:55:01.852  3504  3661 D EGL_adreno: eglMakeCurrent: 0xa6df0f40: ver 3 1 (tinfo 0x9c622e50)
09-19 11:55:01.855  3504  3661 D EGL_adreno: eglMakeCurrent: 0xa6df0f40: ver 3 1 (tinfo 0x9c622e50)
09-19 11:55:01.858  3504  3661 D EGL_adreno: eglMakeCurrent: 0xa6df0f40: ver 3 1 (tinfo 0x9c622e50)
09-19 11:55:01.871  3504  3661 D EGL_adreno: eglMakeCurrent: 0xa6df0f40: ver 3 1 (tinfo 0x9c622e50)
09-19 11:55:01.874  3504  3661 D EGL_adreno: eglMakeCurrent: 0xa6df0f40: ver 3 1 (tinfo 0x9c622e50)
09-19 11:55:01.890  3504  3661 D EGL_adreno: eglMakeCurrent: 0xa6df0f40: ver 3 1 (tinfo 0x9c622e50)
09-19 11:55:01.893  3504  3661 D EGL_adreno: eglMakeCurrent: 0xa6df0f40: ver 3 1 (tinfo 0x9c622e50)
09-19 11:55:01.903  3504  3661 D EGL_adreno: eglMakeCurrent: 0xa6df0f40: ver 3 1 (tinfo 0x9c622e50)
09-19 11:55:01.906  3504  3661 D EGL_adreno: eglMakeCurrent: 0xa6df0f40: ver 3 1 (tinfo 0x9c622e50)
09-19 11:55:01.919  3504  3661 D EGL_adreno: eglMakeCurrent: 0xa6df0f40: ver 3 1 (tinfo 0x9c622e50)
09-19 11:55:01.923  3504  3661 D EGL_adreno: eglMakeCurrent: 0xa6df0f40: ver 3 1 (tinfo 0x9c622e50)
09-19 11:55:01.941  3504  3661 D EGL_adreno: eglMakeCurrent: 0xa6df0f40: ver 3 1 (tinfo 0x9c622e50)
09-19 11:55:01.944  3504  3661 D EGL_adreno: eglMakeCurrent: 0xa6df0f40: ver 3 1 (tinfo 0x9c622e50)
09-19 11:55:01.953  3504  3661 D EGL_adreno: eglMakeCurrent: 0xa6df0f40: ver 3 1 (tinfo 0x9c622e50)
09-19 11:55:01.956  3504  3661 D EGL_adreno: eglMakeCurrent: 0xa6df0f40: ver 3 1 (tinfo 0x9c622e50)
09-19 11:55:01.969  3504  3661 D EGL_adreno: eglMakeCurrent: 0xa6df0f40: ver 3 1 (tinfo 0x9c622e50)
09-19 11:55:02.038  3504  3661 D EGL_adreno: eglMakeCurrent: 0xa6df0f40: ver 3 1 (tinfo 0x9c622e50)
09-19 11:55:02.052  3504  3661 D EGL_adreno: eglMakeCurrent: 0xa6df0f40: ver 3 1 (tinfo 0x9c622e50)
09-19 11:55:02.055  3504  3661 D EGL_adreno: eglMakeCurrent: 0xa6df0f40: ver 3 1 (tinfo 0x9c622e50)
09-19 11:55:02.071  3504  3661 D EGL_adreno: eglMakeCurrent: 0xa6df0f40: ver 3 1 (tinfo 0x9c622e50)
09-19 11:55:02.161  3504  3661 D EGL_adreno: eglMakeCurrent: 0xa6df0f40: ver 3 1 (tinfo 0x9c622e50)
09-19 11:55:02.170  3504  3661 D EGL_adreno: eglMakeCurrent: 0xa6df0f40: ver 3 1 (tinfo 0x9c622e50)
09-19 11:55:02.190  3504  3661 D EGL_adreno: eglMakeCurrent: 0xa6df0f40: ver 3 1 (tinfo 0x9c622e50)
09-19 11:55:02.204  3504  3661 D EGL_adreno: eglMakeCurrent: 0xa6df0f40: ver 3 1 (tinfo 0x9c622e50)
09-19 11:55:02.257  3504  3661 D EGL_adreno: eglMakeCurrent: 0xa6df0f40: ver 3 1 (tinfo 0x9c622e50)
09-19 11:55:02.271  3504  3661 D EGL_adreno: eglMakeCurrent: 0xa6df0f40: ver 3 1 (tinfo 0x9c622e50)
09-19 11:55:02.344  3504  3661 D EGL_adreno: eglMakeCurrent: 0xa6df0f40: ver 3 1 (tinfo 0x9c622e50)
09-19 11:55:02.352  3504  3661 D EGL_adreno: eglMakeCurrent: 0xa6df0f40: ver 3 1 (tinfo 0x9c622e50)
09-19 11:55:02.355  3504  3661 D EGL_adreno: eglMakeCurrent: 0xa6df0f40: ver 3 1 (tinfo 0x9c622e50)
09-19 11:55:02.357  3504  3661 D EGL_adreno: eglMakeCurrent: 0xa6df0f40: ver 3 1 (tinfo 0x9c622e50)
09-19 11:55:02.456  3504  3661 D EGL_adreno: eglMakeCurrent: 0xa6df0f40: ver 3 1 (tinfo 0x9c622e50)
09-19 11:55:02.469  3504  3661 D EGL_adreno: eglMakeCurrent: 0xa6df0f40: ver 3 1 (tinfo 0x9c622e50)
09-19 11:55:02.488  3504  3661 D EGL_adreno: eglMakeCurrent: 0xa6df0f40: ver 3 1 (tinfo 0x9c622e50)
09-19 11:55:02.491  3504  3661 D EGL_adreno: eglMakeCurrent: 0xa6df0f40: ver 3 1 (tinfo 0x9c622e50)
09-19 11:55:02.557  3504  3661 D EGL_adreno: eglMakeCurrent: 0xa6df0f40: ver 3 1 (tinfo 0x9c622e50)
09-19 11:55:02.569  3504  3661 D EGL_adreno: eglMakeCurrent: 0xa6df0f40: ver 3 1 (tinfo 0x9c622e50)
09-19 11:55:02.639  3504  3661 D EGL_adreno: eglMakeCurrent: 0xa6df0f40: ver 3 1 (tinfo 0x9c622e50)
09-19 11:55:02.654  3504  3661 D EGL_adreno: eglMakeCurrent: 0xa6df0f40: ver 3 1 (tinfo 0x9c622e50)
09-19 11:55:02.657  3504  3661 D EGL_adreno: eglMakeCurrent: 0xa6df0f40: ver 3 1 (tinfo 0x9c622e50)
09-19 11:55:02.670  3504  3661 D EGL_adreno: eglMakeCurrent: 0xa6df0f40: ver 3 1 (tinfo 0x9c622e50)
09-19 11:55:02.757  3504  3661 D EGL_adreno: eglMakeCurrent: 0xa6df0f40: ver 3 1 (tinfo 0x9c622e50)
09-19 11:55:02.769  3504  3661 D EGL_adreno: eglMakeCurrent: 0xa6df0f40: ver 3 1 (tinfo 0x9c622e50)
09-19 11:55:02.788  3504  3661 D EGL_adreno: eglMakeCurrent: 0xa6df0f40: ver 3 1 (tinfo 0x9c622e50)
09-19 11:55:02.803  3504  3661 D EGL_adreno: eglMakeCurrent: 0xa6df0f40: ver 3 1 (tinfo 0x9c622e50)
09-19 11:55:02.855  3504  3661 D EGL_adreno: eglMakeCurrent: 0xa6df0f40: ver 3 1 (tinfo 0x9c622e50)
09-19 11:55:02.870  3504  3661 D EGL_adreno: eglMakeCurrent: 0xa6df0f40: ver 3 1 (tinfo 0x9c622e50)
09-19 11:55:02.901  3504  3606 D ONE SDK : [2022/09/19 11:55:02:901]: log: level: 1, area: 1, NO unread queue, an response for ping?
09-19 11:55:02.902  3504  3606 D ONE SDK : [2022/09/19 11:55:02:902]: native_1sendPing
09-19 11:55:02.940  3504  3661 D EGL_adreno: eglMakeCurrent: 0xa6df0f40: ver 3 1 (tinfo 0x9c622e50)
09-19 11:55:02.954  3504  3661 D EGL_adreno: eglMakeCurrent: 0xa6df0f40: ver 3 1 (tinfo 0x9c622e50)
09-19 11:55:02.957  3504  3661 D EGL_adreno: eglMakeCurrent: 0xa6df0f40: ver 3 1 (tinfo 0x9c622e50)
09-19 11:55:02.970  3504  3661 D EGL_adreno: eglMakeCurrent: 0xa6df0f40: ver 3 1 (tinfo 0x9c622e50)
09-19 11:55:03.056  3504  3661 D EGL_adreno: eglMakeCurrent: 0xa6df0f40: ver 3 1 (tinfo 0x9c622e50)
09-19 11:55:03.072  3504  3661 D EGL_adreno: eglMakeCurrent: 0xa6df0f40: ver 3 1 (tinfo 0x9c622e50)
09-19 11:55:03.092  3504  3661 D EGL_adreno: eglMakeCurrent: 0xa6df0f40: ver 3 1 (tinfo 0x9c622e50)
09-19 11:55:03.103  3504  3661 D EGL_adreno: eglMakeCurrent: 0xa6df0f40: ver 3 1 (tinfo 0x9c622e50)
09-19 11:55:03.156  3504  3661 D EGL_adreno: eglMakeCurrent: 0xa6df0f40: ver 3 1 (tinfo 0x9c622e50)
09-19 11:55:03.169  3504  3661 D EGL_adreno: eglMakeCurrent: 0xa6df0f40: ver 3 1 (tinfo 0x9c622e50)
09-19 11:55:03.240  3504  3661 D EGL_adreno: eglMakeCurrent: 0xa6df0f40: ver 3 1 (tinfo 0x9c622e50)
09-19 11:55:03.254  3504  3661 D EGL_adreno: eglMakeCurrent: 0xa6df0f40: ver 3 1 (tinfo 0x9c622e50)
09-19 11:55:03.258  3504  3661 D EGL_adreno: eglMakeCurrent: 0xa6df0f40: ver 3 1 (tinfo 0x9c622e50)
09-19 11:55:03.271  3504  3661 D EGL_adreno: eglMakeCurrent: 0xa6df0f40: ver 3 1 (tinfo 0x9c622e50)
09-19 11:55:03.355  3504  3661 D EGL_adreno: eglMakeCurrent: 0xa6df0f40: ver 3 1 (tinfo 0x9c622e50)
09-19 11:55:03.370  3504  3661 D EGL_adreno: eglMakeCurrent: 0xa6df0f40: ver 3 1 (tinfo 0x9c622e50)
09-19 11:55:03.390  3504  3661 D EGL_adreno: eglMakeCurrent: 0xa6df0f40: ver 3 1 (tinfo 0x9c622e50)
09-19 11:55:03.403  3504  3661 D EGL_adreno: eglMakeCurrent: 0xa6df0f40: ver 3 1 (tinfo 0x9c622e50)
09-19 11:55:03.456  3504  3661 D EGL_adreno: eglMakeCurrent: 0xa6df0f40: ver 3 1 (tinfo 0x9c622e50)
09-19 11:55:03.469  3504  3661 D EGL_adreno: eglMakeCurrent: 0xa6df0f40: ver 3 1 (tinfo 0x9c622e50)
09-19 11:55:03.544  3504  3661 D EGL_adreno: eglMakeCurrent: 0xa6df0f40: ver 3 1 (tinfo 0x9c622e50)
09-19 11:55:03.552  3504  3661 D EGL_adreno: eglMakeCurrent: 0xa6df0f40: ver 3 1 (tinfo 0x9c622e50)
09-19 11:55:03.556  3504  3661 D EGL_adreno: eglMakeCurrent: 0xa6df0f40: ver 3 1 (tinfo 0x9c622e50)
09-19 11:55:03.569  3504  3661 D EGL_adreno: eglMakeCurrent: 0xa6df0f40: ver 3 1 (tinfo 0x9c622e50)
09-19 11:55:03.655  3504  3661 D EGL_adreno: eglMakeCurrent: 0xa6df0f40: ver 3 1 (tinfo 0x9c622e50)
09-19 11:55:03.670  3504  3661 D EGL_adreno: eglMakeCurrent: 0xa6df0f40: ver 3 1 (tinfo 0x9c622e50)
09-19 11:55:03.690  3504  3661 D EGL_adreno: eglMakeCurrent: 0xa6df0f40: ver 3 1 (tinfo 0x9c622e50)
09-19 11:55:03.702  3504  3661 D EGL_adreno: eglMakeCurrent: 0xa6df0f40: ver 3 1 (tinfo 0x9c622e50)
09-19 11:55:03.755  3504  3661 D EGL_adreno: eglMakeCurrent: 0xa6df0f40: ver 3 1 (tinfo 0x9c622e50)
09-19 11:55:03.769  3504  3661 D EGL_adreno: eglMakeCurrent: 0xa6df0f40: ver 3 1 (tinfo 0x9c622e50)
09-19 11:55:03.840  3504  3661 D EGL_adreno: eglMakeCurrent: 0xa6df0f40: ver 3 1 (tinfo 0x9c622e50)
09-19 11:55:03.852  3504  3661 D EGL_adreno: eglMakeCurrent: 0xa6df0f40: ver 3 1 (tinfo 0x9c622e50)
09-19 11:55:03.855  3504  3661 D EGL_adreno: eglMakeCurrent: 0xa6df0f40: ver 3 1 (tinfo 0x9c622e50)
09-19 11:55:03.869  3504  3661 D EGL_adreno: eglMakeCurrent: 0xa6df0f40: ver 3 1 (tinfo 0x9c622e50)
09-19 11:55:03.957  3504  3661 D EGL_adreno: eglMakeCurrent: 0xa6df0f40: ver 3 1 (tinfo 0x9c622e50)
09-19 11:55:03.972  3504  3661 D EGL_adreno: eglMakeCurrent: 0xa6df0f40: ver 3 1 (tinfo 0x9c622e50)
09-19 11:55:03.989  3504  3661 D EGL_adreno: eglMakeCurrent: 0xa6df0f40: ver 3 1 (tinfo 0x9c622e50)
09-19 11:55:04.003  3504  3661 D EGL_adreno: eglMakeCurrent: 0xa6df0f40: ver 3 1 (tinfo 0x9c622e50)
09-19 11:55:04.062  3504  3661 D EGL_adreno: eglMakeCurrent: 0xa6df0f40: ver 3 1 (tinfo 0x9c622e50)
09-19 11:55:04.069  3504  3661 D EGL_adreno: eglMakeCurrent: 0xa6df0f40: ver 3 1 (tinfo 0x9c622e50)
09-19 11:55:04.138  3504  3661 D EGL_adreno: eglMakeCurrent: 0xa6df0f40: ver 3 1 (tinfo 0x9c622e50)
09-19 11:55:04.153  3504  3661 D EGL_adreno: eglMakeCurrent: 0xa6df0f40: ver 3 1 (tinfo 0x9c622e50)
09-19 11:55:04.157  3504  3661 D EGL_adreno: eglMakeCurrent: 0xa6df0f40: ver 3 1 (tinfo 0x9c622e50)
09-19 11:55:04.169  3504  3661 D EGL_adreno: eglMakeCurrent: 0xa6df0f40: ver 3 1 (tinfo 0x9c622e50)
09-19 11:55:04.256  3504  3661 D EGL_adreno: eglMakeCurrent: 0xa6df0f40: ver 3 1 (tinfo 0x9c622e50)
09-19 11:55:04.269  3504  3661 D EGL_adreno: eglMakeCurrent: 0xa6df0f40: ver 3 1 (tinfo 0x9c622e50)
09-19 11:55:04.289  3504  3661 D EGL_adreno: eglMakeCurrent: 0xa6df0f40: ver 3 1 (tinfo 0x9c622e50)
09-19 11:55:04.303  3504  3661 D EGL_adreno: eglMakeCurrent: 0xa6df0f40: ver 3 1 (tinfo 0x9c622e50)
09-19 11:55:04.339  3504  3661 D EGL_adreno: eglMakeCurrent: 0xa6df0f40: ver 3 1 (tinfo 0x9c622e50)
09-19 11:55:04.352  3504  3661 D EGL_adreno: eglMakeCurrent: 0xa6df0f40: ver 3 1 (tinfo 0x9c622e50)
09-19 11:55:04.355  3504  3661 D EGL_adreno: eglMakeCurrent: 0xa6df0f40: ver 3 1 (tinfo 0x9c622e50)
09-19 11:55:04.359  3504  3661 D EGL_adreno: eglMakeCurrent: 0xa6df0f40: ver 3 1 (tinfo 0x9c622e50)
09-19 11:55:04.370  3504  3661 D EGL_adreno: eglMakeCurrent: 0xa6df0f40: ver 3 1 (tinfo 0x9c622e50)
09-19 11:55:04.373  3504  3661 D EGL_adreno: eglMakeCurrent: 0xa6df0f40: ver 3 1 (tinfo 0x9c622e50)
09-19 11:55:04.385  3504  3661 D EGL_adreno: eglMakeCurrent: 0xa6df0f40: ver 3 1 (tinfo 0x9c622e50)
09-19 11:55:04.389  3504  3661 D EGL_adreno: eglMakeCurrent: 0xa6df0f40: ver 3 1 (tinfo 0x9c622e50)
09-19 11:55:04.402  3504  3661 D EGL_adreno: eglMakeCurrent: 0xa6df0f40: ver 3 1 (tinfo 0x9c622e50)
09-19 11:55:04.406  3504  3661 D EGL_adreno: eglMakeCurrent: 0xa6df0f40: ver 3 1 (tinfo 0x9c622e50)
09-19 11:55:04.420  3504  3661 D EGL_adreno: eglMakeCurrent: 0xa6df0f40: ver 3 1 (tinfo 0x9c622e50)
09-19 11:55:04.424  3504  3661 D EGL_adreno: eglMakeCurrent: 0xa6df0f40: ver 3 1 (tinfo 0x9c622e50)
09-19 11:55:04.436  3504  3661 D EGL_adreno: eglMakeCurrent: 0xa6df0f40: ver 3 1 (tinfo 0x9c622e50)
09-19 11:55:04.438  3504  3661 D EGL_adreno: eglMakeCurrent: 0xa6df0f40: ver 3 1 (tinfo 0x9c622e50)
09-19 11:55:04.452  3504  3661 D EGL_adreno: eglMakeCurrent: 0xa6df0f40: ver 3 1 (tinfo 0x9c622e50)
09-19 11:55:04.456  3504  3661 D EGL_adreno: eglMakeCurrent: 0xa6df0f40: ver 3 1 (tinfo 0x9c622e50)
09-19 11:55:04.459  3504  3661 D EGL_adreno: eglMakeCurrent: 0xa6df0f40: ver 3 1 (tinfo 0x9c622e50)
09-19 11:55:04.471  3504  3661 D EGL_adreno: eglMakeCurrent: 0xa6df0f40: ver 3 1 (tinfo 0x9c622e50)
09-19 11:55:04.475  3504  3661 D EGL_adreno: eglMakeCurrent: 0xa6df0f40: ver 3 1 (tinfo 0x9c622e50)
09-19 11:55:04.485  3504  3661 D EGL_adreno: eglMakeCurrent: 0xa6df0f40: ver 3 1 (tinfo 0x9c622e50)
09-19 11:55:04.488  3504  3661 D EGL_adreno: eglMakeCurrent: 0xa6df0f40: ver 3 1 (tinfo 0x9c622e50)
09-19 11:55:04.508  3504  3661 D EGL_adreno: eglMakeCurrent: 0xa6df0f40: ver 3 1 (tinfo 0x9c622e50)
09-19 11:55:04.512  3504  3661 D EGL_adreno: eglMakeCurrent: 0xa6df0f40: ver 3 1 (tinfo 0x9c622e50)
09-19 11:55:04.518  3504  3661 D EGL_adreno: eglMakeCurrent: 0xa6df0f40: ver 3 1 (tinfo 0x9c622e50)
09-19 11:55:04.521  3504  3661 D EGL_adreno: eglMakeCurrent: 0xa6df0f40: ver 3 1 (tinfo 0x9c622e50)
09-19 11:55:04.524  3504  3661 D EGL_adreno: eglMakeCurrent: 0xa6df0f40: ver 3 1 (tinfo 0x9c622e50)
09-19 11:55:04.525  3504  3661 D EGL_adreno: eglMakeCurrent: 0xa6df0f40: ver 3 1 (tinfo 0x9c622e50)
09-19 11:55:04.537  3504  3661 D EGL_adreno: eglMakeCurrent: 0xa6df0f40: ver 3 1 (tinfo 0x9c622e50)
09-19 11:55:04.540  3504  3661 D EGL_adreno: eglMakeCurrent: 0xa6df0f40: ver 3 1 (tinfo 0x9c622e50)
09-19 11:55:04.552  3504  3661 D EGL_adreno: eglMakeCurrent: 0xa6df0f40: ver 3 1 (tinfo 0x9c622e50)
09-19 11:55:04.555  3504  3661 D EGL_adreno: eglMakeCurrent: 0xa6df0f40: ver 3 1 (tinfo 0x9c622e50)
09-19 11:55:04.558  3504  3661 D EGL_adreno: eglMakeCurrent: 0xa6df0f40: ver 3 1 (tinfo 0x9c622e50)
09-19 11:55:04.569  3504  3661 D EGL_adreno: eglMakeCurrent: 0xa6df0f40: ver 3 1 (tinfo 0x9c622e50)
09-19 11:55:04.572  3504  3661 D EGL_adreno: eglMakeCurrent: 0xa6df0f40: ver 3 1 (tinfo 0x9c622e50)
09-19 11:55:04.587  3504  3661 D EGL_adreno: eglMakeCurrent: 0xa6df0f40: ver 3 1 (tinfo 0x9c622e50)
09-19 11:55:04.590  3504  3661 D EGL_adreno: eglMakeCurrent: 0xa6df0f40: ver 3 1 (tinfo 0x9c622e50)
09-19 11:55:04.603  3504  3661 D EGL_adreno: eglMakeCurrent: 0xa6df0f40: ver 3 1 (tinfo 0x9c622e50)
09-19 11:55:04.606  3504  3661 D EGL_adreno: eglMakeCurrent: 0xa6df0f40: ver 3 1 (tinfo 0x9c622e50)
09-19 11:55:04.620  3504  3661 D EGL_adreno: eglMakeCurrent: 0xa6df0f40: ver 3 1 (tinfo 0x9c622e50)
09-19 11:55:04.623  3504  3661 D EGL_adreno: eglMakeCurrent: 0xa6df0f40: ver 3 1 (tinfo 0x9c622e50)
09-19 11:55:04.636  3504  3661 D EGL_adreno: eglMakeCurrent: 0xa6df0f40: ver 3 1 (tinfo 0x9c622e50)
09-19 11:55:04.638  3504  3661 D EGL_adreno: eglMakeCurrent: 0xa6df0f40: ver 3 1 (tinfo 0x9c622e50)
09-19 11:55:04.653  3504  3661 D EGL_adreno: eglMakeCurrent: 0xa6df0f40: ver 3 1 (tinfo 0x9c622e50)
09-19 11:55:04.657  3504  3661 D EGL_adreno: eglMakeCurrent: 0xa6df0f40: ver 3 1 (tinfo 0x9c622e50)
09-19 11:55:04.659  3504  3661 D EGL_adreno: eglMakeCurrent: 0xa6df0f40: ver 3 1 (tinfo 0x9c622e50)
09-19 11:55:04.669  3504  3661 D EGL_adreno: eglMakeCurrent: 0xa6df0f40: ver 3 1 (tinfo 0x9c622e50)
09-19 11:55:04.674  3504  3661 D EGL_adreno: eglMakeCurrent: 0xa6df0f40: ver 3 1 (tinfo 0x9c622e50)
09-19 11:55:04.691  3504  3661 D EGL_adreno: eglMakeCurrent: 0xa6df0f40: ver 3 1 (tinfo 0x9c622e50)
09-19 11:55:04.695  3504  3661 D EGL_adreno: eglMakeCurrent: 0xa6df0f40: ver 3 1 (tinfo 0x9c622e50)
09-19 11:55:04.702  3504  3661 D EGL_adreno: eglMakeCurrent: 0xa6df0f40: ver 3 1 (tinfo 0x9c622e50)
09-19 11:55:04.706  3504  3661 D EGL_adreno: eglMakeCurrent: 0xa6df0f40: ver 3 1 (tinfo 0x9c622e50)
09-19 11:55:04.721  3504  3661 D EGL_adreno: eglMakeCurrent: 0xa6df0f40: ver 3 1 (tinfo 0x9c622e50)
09-19 11:55:04.724  3504  3661 D EGL_adreno: eglMakeCurrent: 0xa6df0f40: ver 3 1 (tinfo 0x9c622e50)
09-19 11:55:04.737  3504  3661 D EGL_adreno: eglMakeCurrent: 0xa6df0f40: ver 3 1 (tinfo 0x9c622e50)
09-19 11:55:04.740  3504  3661 D EGL_adreno: eglMakeCurrent: 0xa6df0f40: ver 3 1 (tinfo 0x9c622e50)
09-19 11:55:04.753  3504  3661 D EGL_adreno: eglMakeCurrent: 0xa6df0f40: ver 3 1 (tinfo 0x9c622e50)
09-19 11:55:04.755  3504  3661 D EGL_adreno: eglMakeCurrent: 0xa6df0f40: ver 3 1 (tinfo 0x9c622e50)
09-19 11:55:04.758  3504  3661 D EGL_adreno: eglMakeCurrent: 0xa6df0f40: ver 3 1 (tinfo 0x9c622e50)
09-19 11:55:04.769  3504  3661 D EGL_adreno: eglMakeCurrent: 0xa6df0f40: ver 3 1 (tinfo 0x9c622e50)
09-19 11:55:04.773  3504  3661 D EGL_adreno: eglMakeCurrent: 0xa6df0f40: ver 3 1 (tinfo 0x9c622e50)
09-19 11:55:04.788  3504  3661 D EGL_adreno: eglMakeCurrent: 0xa6df0f40: ver 3 1 (tinfo 0x9c622e50)
09-19 11:55:04.791  3504  3661 D EGL_adreno: eglMakeCurrent: 0xa6df0f40: ver 3 1 (tinfo 0x9c622e50)
09-19 11:55:04.802  3504  3661 D EGL_adreno: eglMakeCurrent: 0xa6df0f40: ver 3 1 (tinfo 0x9c622e50)
09-19 11:55:04.805  3504  3661 D EGL_adreno: eglMakeCurrent: 0xa6df0f40: ver 3 1 (tinfo 0x9c622e50)
09-19 11:55:04.819  3504  3661 D EGL_adreno: eglMakeCurrent: 0xa6df0f40: ver 3 1 (tinfo 0x9c622e50)
09-19 11:55:04.822  3504  3661 D EGL_adreno: eglMakeCurrent: 0xa6df0f40: ver 3 1 (tinfo 0x9c622e50)
09-19 11:55:04.837  3504  3661 D EGL_adreno: eglMakeCurrent: 0xa6df0f40: ver 3 1 (tinfo 0x9c622e50)
09-19 11:55:04.840  3504  3661 D EGL_adreno: eglMakeCurrent: 0xa6df0f40: ver 3 1 (tinfo 0x9c622e50)
09-19 11:55:04.853  3504  3661 D EGL_adreno: eglMakeCurrent: 0xa6df0f40: ver 3 1 (tinfo 0x9c622e50)
09-19 11:55:04.856  3504  3661 D EGL_adreno: eglMakeCurrent: 0xa6df0f40: ver 3 1 (tinfo 0x9c622e50)
09-19 11:55:04.859  3504  3661 D EGL_adreno: eglMakeCurrent: 0xa6df0f40: ver 3 1 (tinfo 0x9c622e50)
09-19 11:55:04.871  3504  3661 D EGL_adreno: eglMakeCurrent: 0xa6df0f40: ver 3 1 (tinfo 0x9c622e50)
09-19 11:55:04.874  3504  3661 D EGL_adreno: eglMakeCurrent: 0xa6df0f40: ver 3 1 (tinfo 0x9c622e50)
09-19 11:55:04.888  3504  3661 D EGL_adreno: eglMakeCurrent: 0xa6df0f40: ver 3 1 (tinfo 0x9c622e50)
09-19 11:55:04.891  3504  3661 D EGL_adreno: eglMakeCurrent: 0xa6df0f40: ver 3 1 (tinfo 0x9c622e50)
09-19 11:55:04.903  3504  3661 D EGL_adreno: eglMakeCurrent: 0xa6df0f40: ver 3 1 (tinfo 0x9c622e50)
09-19 11:55:04.906  3504  3661 D EGL_adreno: eglMakeCurrent: 0xa6df0f40: ver 3 1 (tinfo 0x9c622e50)
09-19 11:55:04.920  3504  3661 D EGL_adreno: eglMakeCurrent: 0xa6df0f40: ver 3 1 (tinfo 0x9c622e50)
09-19 11:55:04.923  3504  3661 D EGL_adreno: eglMakeCurrent: 0xa6df0f40: ver 3 1 (tinfo 0x9c622e50)
09-19 11:55:04.935  3504  3661 D EGL_adreno: eglMakeCurrent: 0xa6df0f40: ver 3 1 (tinfo 0x9c622e50)
09-19 11:55:04.941  3504  3661 D EGL_adreno: eglMakeCurrent: 0xa6df0f40: ver 3 1 (tinfo 0x9c622e50)
09-19 11:55:04.953  3504  3661 D EGL_adreno: eglMakeCurrent: 0xa6df0f40: ver 3 1 (tinfo 0x9c622e50)
09-19 11:55:04.956  3504  3661 D EGL_adreno: eglMakeCurrent: 0xa6df0f40: ver 3 1 (tinfo 0x9c622e50)
09-19 11:55:04.969  3504  3661 D EGL_adreno: eglMakeCurrent: 0xa6df0f40: ver 3 1 (tinfo 0x9c622e50)
09-19 11:55:05.039  3504  3661 D EGL_adreno: eglMakeCurrent: 0xa6df0f40: ver 3 1 (tinfo 0x9c622e50)
09-19 11:55:05.057  3504  3661 D EGL_adreno: eglMakeCurrent: 0xa6df0f40: ver 3 1 (tinfo 0x9c622e50)
09-19 11:55:05.060  3504  3661 D EGL_adreno: eglMakeCurrent: 0xa6df0f40: ver 3 1 (tinfo 0x9c622e50)
09-19 11:55:05.069  3504  3661 D EGL_adreno: eglMakeCurrent: 0xa6df0f40: ver 3 1 (tinfo 0x9c622e50)
09-19 11:55:05.157  3504  3661 D EGL_adreno: eglMakeCurrent: 0xa6df0f40: ver 3 1 (tinfo 0x9c622e50)
09-19 11:55:05.169  3504  3661 D EGL_adreno: eglMakeCurrent: 0xa6df0f40: ver 3 1 (tinfo 0x9c622e50)
09-19 11:55:05.191  3504  3661 D EGL_adreno: eglMakeCurrent: 0xa6df0f40: ver 3 1 (tinfo 0x9c622e50)
09-19 11:55:05.202  3504  3661 D EGL_adreno: eglMakeCurrent: 0xa6df0f40: ver 3 1 (tinfo 0x9c622e50)
09-19 11:55:05.256  3504  3661 D EGL_adreno: eglMakeCurrent: 0xa6df0f40: ver 3 1 (tinfo 0x9c622e50)
09-19 11:55:05.270  3504  3661 D EGL_adreno: eglMakeCurrent: 0xa6df0f40: ver 3 1 (tinfo 0x9c622e50)
09-19 11:55:05.339  3504  3661 D EGL_adreno: eglMakeCurrent: 0xa6df0f40: ver 3 1 (tinfo 0x9c622e50)
09-19 11:55:05.353  3504  3661 D EGL_adreno: eglMakeCurrent: 0xa6df0f40: ver 3 1 (tinfo 0x9c622e50)
09-19 11:55:05.357  3504  3661 D EGL_adreno: eglMakeCurrent: 0xa6df0f40: ver 3 1 (tinfo 0x9c622e50)
09-19 11:55:05.369  3504  3661 D EGL_adreno: eglMakeCurrent: 0xa6df0f40: ver 3 1 (tinfo 0x9c622e50)
09-19 11:55:05.460  3504  3661 D EGL_adreno: eglMakeCurrent: 0xa6df0f40: ver 3 1 (tinfo 0x9c622e50)
09-19 11:55:05.470  3504  3661 D EGL_adreno: eglMakeCurrent: 0xa6df0f40: ver 3 1 (tinfo 0x9c622e50)
09-19 11:55:05.489  3504  3661 D EGL_adreno: eglMakeCurrent: 0xa6df0f40: ver 3 1 (tinfo 0x9c622e50)
09-19 11:55:05.508  3504  3661 D EGL_adreno: eglMakeCurrent: 0xa6df0f40: ver 3 1 (tinfo 0x9c622e50)
09-19 11:55:05.556  3504  3661 D EGL_adreno: eglMakeCurrent: 0xa6df0f40: ver 3 1 (tinfo 0x9c622e50)
09-19 11:55:05.569  3504  3661 D EGL_adreno: eglMakeCurrent: 0xa6df0f40: ver 3 1 (tinfo 0x9c622e50)
09-19 11:55:05.639  3504  3661 D EGL_adreno: eglMakeCurrent: 0xa6df0f40: ver 3 1 (tinfo 0x9c622e50)
09-19 11:55:05.653  3504  3661 D EGL_adreno: eglMakeCurrent: 0xa6df0f40: ver 3 1 (tinfo 0x9c622e50)
09-19 11:55:05.656  3504  3661 D EGL_adreno: eglMakeCurrent: 0xa6df0f40: ver 3 1 (tinfo 0x9c622e50)
09-19 11:55:05.668  3504  3661 D EGL_adreno: eglMakeCurrent: 0xa6df0f40: ver 3 1 (tinfo 0x9c622e50)
09-19 11:55:05.761  3504  3661 D EGL_adreno: eglMakeCurrent: 0xa6df0f40: ver 3 1 (tinfo 0x9c622e50)
09-19 11:55:05.769  3504  3661 D EGL_adreno: eglMakeCurrent: 0xa6df0f40: ver 3 1 (tinfo 0x9c622e50)
09-19 11:55:05.790  3504  3661 D EGL_adreno: eglMakeCurrent: 0xa6df0f40: ver 3 1 (tinfo 0x9c622e50)
09-19 11:55:05.808  3504  3661 D EGL_adreno: eglMakeCurrent: 0xa6df0f40: ver 3 1 (tinfo 0x9c622e50)
09-19 11:55:05.821  3504  5300 E AGORA_SDK: cannot open log file for writing: agorartm.log, err=30
09-19 11:55:05.855  3504  3661 D EGL_adreno: eglMakeCurrent: 0xa6df0f40: ver 3 1 (tinfo 0x9c622e50)
09-19 11:55:05.869  3504  3661 D EGL_adreno: eglMakeCurrent: 0xa6df0f40: ver 3 1 (tinfo 0x9c622e50)
09-19 11:55:05.943  3504  3661 D EGL_adreno: eglMakeCurrent: 0xa6df0f40: ver 3 1 (tinfo 0x9c622e50)
09-19 11:55:05.952  3504  3661 D EGL_adreno: eglMakeCurrent: 0xa6df0f40: ver 3 1 (tinfo 0x9c622e50)
09-19 11:55:05.955  3504  3661 D EGL_adreno: eglMakeCurrent: 0xa6df0f40: ver 3 1 (tinfo 0x9c622e50)
09-19 11:55:05.969  3504  3661 D EGL_adreno: eglMakeCurrent: 0xa6df0f40: ver 3 1 (tinfo 0x9c622e50)
09-19 11:55:06.055  3504  3661 D EGL_adreno: eglMakeCurrent: 0xa6df0f40: ver 3 1 (tinfo 0x9c622e50)
09-19 11:55:06.056  3504  3661 D EGL_adreno: eglMakeCurrent: 0xa6df0f40: ver 3 1 (tinfo 0x9c622e50)
09-19 11:55:06.094  3504  3661 D EGL_adreno: eglMakeCurrent: 0xa6df0f40: ver 3 1 (tinfo 0x9c622e50)
09-19 11:55:06.103  3504  3661 D EGL_adreno: eglMakeCurrent: 0xa6df0f40: ver 3 1 (tinfo 0x9c622e50)
09-19 11:55:06.158  3504  3661 D EGL_adreno: eglMakeCurrent: 0xa6df0f40: ver 3 1 (tinfo 0x9c622e50)
09-19 11:55:06.169  3504  3661 D EGL_adreno: eglMakeCurrent: 0xa6df0f40: ver 3 1 (tinfo 0x9c622e50)
09-19 11:55:06.239  3504  3661 D EGL_adreno: eglMakeCurrent: 0xa6df0f40: ver 3 1 (tinfo 0x9c622e50)
09-19 11:55:06.252  3504  3661 D EGL_adreno: eglMakeCurrent: 0xa6df0f40: ver 3 1 (tinfo 0x9c622e50)
09-19 11:55:06.256  3504  3661 D EGL_adreno: eglMakeCurrent: 0xa6df0f40: ver 3 1 (tinfo 0x9c622e50)
09-19 11:55:06.272  3504  3661 D EGL_adreno: eglMakeCurrent: 0xa6df0f40: ver 3 1 (tinfo 0x9c622e50)
09-19 11:55:06.363  3504  3661 D EGL_adreno: eglMakeCurrent: 0xa6df0f40: ver 3 1 (tinfo 0x9c622e50)
09-19 11:55:06.370  3504  3661 D EGL_adreno: eglMakeCurrent: 0xa6df0f40: ver 3 1 (tinfo 0x9c622e50)
09-19 11:55:06.390  3504  3661 D EGL_adreno: eglMakeCurrent: 0xa6df0f40: ver 3 1 (tinfo 0x9c622e50)
09-19 11:55:06.403  3504  3661 D EGL_adreno: eglMakeCurrent: 0xa6df0f40: ver 3 1 (tinfo 0x9c622e50)
09-19 11:55:06.456  3504  3661 D EGL_adreno: eglMakeCurrent: 0xa6df0f40: ver 3 1 (tinfo 0x9c622e50)
09-19 11:55:06.468  3504  3661 D EGL_adreno: eglMakeCurrent: 0xa6df0f40: ver 3 1 (tinfo 0x9c622e50)
09-19 11:55:06.540  3504  3661 D EGL_adreno: eglMakeCurrent: 0xa6df0f40: ver 3 1 (tinfo 0x9c622e50)
09-19 11:55:06.553  3504  3661 D EGL_adreno: eglMakeCurrent: 0xa6df0f40: ver 3 1 (tinfo 0x9c622e50)
09-19 11:55:06.556  3504  3661 D EGL_adreno: eglMakeCurrent: 0xa6df0f40: ver 3 1 (tinfo 0x9c622e50)
09-19 11:55:06.570  3504  3661 D EGL_adreno: eglMakeCurrent: 0xa6df0f40: ver 3 1 (tinfo 0x9c622e50)
09-19 11:55:06.656  3504  3661 D EGL_adreno: eglMakeCurrent: 0xa6df0f40: ver 3 1 (tinfo 0x9c622e50)
09-19 11:55:06.671  3504  3661 D EGL_adreno: eglMakeCurrent: 0xa6df0f40: ver 3 1 (tinfo 0x9c622e50)
09-19 11:55:06.690  3504  3661 D EGL_adreno: eglMakeCurrent: 0xa6df0f40: ver 3 1 (tinfo 0x9c622e50)
09-19 11:55:06.703  3504  3661 D EGL_adreno: eglMakeCurrent: 0xa6df0f40: ver 3 1 (tinfo 0x9c622e50)
09-19 11:55:06.756  3504  3661 D EGL_adreno: eglMakeCurrent: 0xa6df0f40: ver 3 1 (tinfo 0x9c622e50)
09-19 11:55:06.769  3504  3661 D EGL_adreno: eglMakeCurrent: 0xa6df0f40: ver 3 1 (tinfo 0x9c622e50)
09-19 11:55:06.844  3504  3661 D EGL_adreno: eglMakeCurrent: 0xa6df0f40: ver 3 1 (tinfo 0x9c622e50)
09-19 11:55:06.852  3504  3661 D EGL_adreno: eglMakeCurrent: 0xa6df0f40: ver 3 1 (tinfo 0x9c622e50)
09-19 11:55:06.855  3504  3661 D EGL_adreno: eglMakeCurrent: 0xa6df0f40: ver 3 1 (tinfo 0x9c622e50)
09-19 11:55:06.868  3504  3661 D EGL_adreno: eglMakeCurrent: 0xa6df0f40: ver 3 1 (tinfo 0x9c622e50)
09-19 11:55:06.956  3504  3661 D EGL_adreno: eglMakeCurrent: 0xa6df0f40: ver 3 1 (tinfo 0x9c622e50)
09-19 11:55:06.970  3504  3661 D EGL_adreno: eglMakeCurrent: 0xa6df0f40: ver 3 1 (tinfo 0x9c622e50)
09-19 11:55:06.988  3504  3661 D EGL_adreno: eglMakeCurrent: 0xa6df0f40: ver 3 1 (tinfo 0x9c622e50)
09-19 11:55:07.004  3504  3661 D EGL_adreno: eglMakeCurrent: 0xa6df0f40: ver 3 1 (tinfo 0x9c622e50)
09-19 11:55:07.056  3504  3661 D EGL_adreno: eglMakeCurrent: 0xa6df0f40: ver 3 1 (tinfo 0x9c622e50)
09-19 11:55:07.072  3504  3661 D EGL_adreno: eglMakeCurrent: 0xa6df0f40: ver 3 1 (tinfo 0x9c622e50)
09-19 11:55:07.138  3504  3661 D EGL_adreno: eglMakeCurrent: 0xa6df0f40: ver 3 1 (tinfo 0x9c622e50)
09-19 11:55:07.154  3504  3661 D EGL_adreno: eglMakeCurrent: 0xa6df0f40: ver 3 1 (tinfo 0x9c622e50)
09-19 11:55:07.157  3504  3661 D EGL_adreno: eglMakeCurrent: 0xa6df0f40: ver 3 1 (tinfo 0x9c622e50)
09-19 11:55:07.170  3504  3661 D EGL_adreno: eglMakeCurrent: 0xa6df0f40: ver 3 1 (tinfo 0x9c622e50)
09-19 11:55:07.262  3504  3661 D EGL_adreno: eglMakeCurrent: 0xa6df0f40: ver 3 1 (tinfo 0x9c622e50)
09-19 11:55:07.269  3504  3661 D EGL_adreno: eglMakeCurrent: 0xa6df0f40: ver 3 1 (tinfo 0x9c622e50)
09-19 11:55:07.293  3504  3661 D EGL_adreno: eglMakeCurrent: 0xa6df0f40: ver 3 1 (tinfo 0x9c622e50)
09-19 11:55:07.301  3504  3661 D EGL_adreno: eglMakeCurrent: 0xa6df0f40: ver 3 1 (tinfo 0x9c622e50)
09-19 11:55:07.356  3504  3661 D EGL_adreno: eglMakeCurrent: 0xa6df0f40: ver 3 1 (tinfo 0x9c622e50)
09-19 11:55:07.359  3504  3661 D EGL_adreno: eglMakeCurrent: 0xa6df0f40: ver 3 1 (tinfo 0x9c622e50)
09-19 11:55:07.370  3504  3661 D EGL_adreno: eglMakeCurrent: 0xa6df0f40: ver 3 1 (tinfo 0x9c622e50)
09-19 11:55:07.373  3504  3661 D EGL_adreno: eglMakeCurrent: 0xa6df0f40: ver 3 1 (tinfo 0x9c622e50)
09-19 11:55:07.387  3504  3661 D EGL_adreno: eglMakeCurrent: 0xa6df0f40: ver 3 1 (tinfo 0x9c622e50)
09-19 11:55:07.390  3504  3661 D EGL_adreno: eglMakeCurrent: 0xa6df0f40: ver 3 1 (tinfo 0x9c622e50)
09-19 11:55:07.402  3504  3661 D EGL_adreno: eglMakeCurrent: 0xa6df0f40: ver 3 1 (tinfo 0x9c622e50)
09-19 11:55:07.405  3504  3661 D EGL_adreno: eglMakeCurrent: 0xa6df0f40: ver 3 1 (tinfo 0x9c622e50)
09-19 11:55:07.421  3504  3661 D EGL_adreno: eglMakeCurrent: 0xa6df0f40: ver 3 1 (tinfo 0x9c622e50)
09-19 11:55:07.424  3504  3661 D EGL_adreno: eglMakeCurrent: 0xa6df0f40: ver 3 1 (tinfo 0x9c622e50)
09-19 11:55:07.436  3504  3661 D EGL_adreno: eglMakeCurrent: 0xa6df0f40: ver 3 1 (tinfo 0x9c622e50)
09-19 11:55:07.440  3504  3661 D EGL_adreno: eglMakeCurrent: 0xa6df0f40: ver 3 1 (tinfo 0x9c622e50)
09-19 11:55:07.453  3504  3661 D EGL_adreno: eglMakeCurrent: 0xa6df0f40: ver 3 1 (tinfo 0x9c622e50)
