09-19 11:55:16.636  3504  3661 D EGL_adreno: eglMakeCurrent: 0xa6df0f40: ver 3 1 (tinfo 0x9c622e50)
09-19 11:55:16.639  3504  3661 D EGL_adreno: eglMakeCurrent: 0xa6df0f40: ver 3 1 (tinfo 0x9c622e50)
09-19 11:55:16.654  3504  3661 D EGL_adreno: eglMakeCurrent: 0xa6df0f40: ver 3 1 (tinfo 0x9c622e50)
09-19 11:55:16.657  3504  3661 D EGL_adreno: eglMakeCurrent: 0xa6df0f40: ver 3 1 (tinfo 0x9c622e50)
09-19 11:55:16.660  3504  3661 D EGL_adreno: eglMakeCurrent: 0xa6df0f40: ver 3 1 (tinfo 0x9c622e50)
09-19 11:55:16.671  3504  3661 D EGL_adreno: eglMakeCurrent: 0xa6df0f40: ver 3 1 (tinfo 0x9c622e50)
09-19 11:55:16.673  3504  3661 D EGL_adreno: eglMakeCurrent: 0xa6df0f40: ver 3 1 (tinfo 0x9c622e50)
09-19 11:55:16.686  3504  3661 D EGL_adreno: eglMakeCurrent: 0xa6df0f40: ver 3 1 (tinfo 0x9c622e50)
09-19 11:55:16.690  3504  3661 D EGL_adreno: eglMakeCurrent: 0xa6df0f40: ver 3 1 (tinfo 0x9c622e50)
09-19 11:55:16.703  3504  3661 D EGL_adreno: eglMakeCurrent: 0xa6df0f40: ver 3 1 (tinfo 0x9c622e50)
09-19 11:55:16.707  3504  3661 D EGL_adreno: eglMakeCurrent: 0xa6df0f40: ver 3 1 (tinfo 0x9c622e50)
09-19 11:55:16.720  3504  3661 D EGL_adreno: eglMakeCurrent: 0xa6df0f40: ver 3 1 (tinfo 0x9c622e50)
09-19 11:55:16.723  3504  3661 D EGL_adreno: eglMakeCurrent: 0xa6df0f40: ver 3 1 (tinfo 0x9c622e50)
09-19 11:55:16.736  3504  3661 D EGL_adreno: eglMakeCurrent: 0xa6df0f40: ver 3 1 (tinfo 0x9c622e50)
09-19 11:55:16.740  3504  3661 D EGL_adreno: eglMakeCurrent: 0xa6df0f40: ver 3 1 (tinfo 0x9c622e50)
09-19 11:55:16.753  3504  3661 D EGL_adreno: eglMakeCurrent: 0xa6df0f40: ver 3 1 (tinfo 0x9c622e50)
09-19 11:55:16.756  3504  3661 D EGL_adreno: eglMakeCurrent: 0xa6df0f40: ver 3 1 (tinfo 0x9c622e50)
09-19 11:55:16.759  3504  3661 D EGL_adreno: eglMakeCurrent: 0xa6df0f40: ver 3 1 (tinfo 0x9c622e50)
09-19 11:55:16.771  3504  3661 D EGL_adreno: eglMakeCurrent: 0xa6df0f40: ver 3 1 (tinfo 0x9c622e50)
09-19 11:55:16.775  3504  3661 D EGL_adreno: eglMakeCurrent: 0xa6df0f40: ver 3 1 (tinfo 0x9c622e50)
09-19 11:55:16.789  3504  3661 D EGL_adreno: eglMakeCurrent: 0xa6df0f40: ver 3 1 (tinfo 0x9c622e50)
09-19 11:55:16.792  3504  3661 D EGL_adreno: eglMakeCurrent: 0xa6df0f40: ver 3 1 (tinfo 0x9c622e50)
09-19 11:55:16.803  3504  3661 D EGL_adreno: eglMakeCurrent: 0xa6df0f40: ver 3 1 (tinfo 0x9c622e50)
09-19 11:55:16.805  3504  3661 D EGL_adreno: eglMakeCurrent: 0xa6df0f40: ver 3 1 (tinfo 0x9c622e50)
09-19 11:55:16.819  3504  3661 D EGL_adreno: eglMakeCurrent: 0xa6df0f40: ver 3 1 (tinfo 0x9c622e50)
09-19 11:55:16.820  3504  5300 E AGORA_SDK: cannot open log file for writing: agorartm.log, err=30
09-19 11:55:16.823  3504  3661 D EGL_adreno: eglMakeCurrent: 0xa6df0f40: ver 3 1 (tinfo 0x9c622e50)
09-19 11:55:16.836  3504  3661 D EGL_adreno: eglMakeCurrent: 0xa6df0f40: ver 3 1 (tinfo 0x9c622e50)
09-19 11:55:16.839  3504  3661 D EGL_adreno: eglMakeCurrent: 0xa6df0f40: ver 3 1 (tinfo 0x9c622e50)
09-19 11:55:16.856  3504  3661 D EGL_adreno: eglMakeCurrent: 0xa6df0f40: ver 3 1 (tinfo 0x9c622e50)
09-19 11:55:16.859  3504  3661 D EGL_adreno: eglMakeCurrent: 0xa6df0f40: ver 3 1 (tinfo 0x9c622e50)
09-19 11:55:16.862  3504  3661 D EGL_adreno: eglMakeCurrent: 0xa6df0f40: ver 3 1 (tinfo 0x9c622e50)
09-19 11:55:16.874  3504  3661 D EGL_adreno: eglMakeCurrent: 0xa6df0f40: ver 3 1 (tinfo 0x9c622e50)
09-19 11:55:16.877  3504  3661 D EGL_adreno: eglMakeCurrent: 0xa6df0f40: ver 3 1 (tinfo 0x9c622e50)
09-19 11:55:16.886  3504  3661 D EGL_adreno: eglMakeCurrent: 0xa6df0f40: ver 3 1 (tinfo 0x9c622e50)
09-19 11:55:16.891  3504  3661 D EGL_adreno: eglMakeCurrent: 0xa6df0f40: ver 3 1 (tinfo 0x9c622e50)
09-19 11:55:16.903  3504  3661 D EGL_adreno: eglMakeCurrent: 0xa6df0f40: ver 3 1 (tinfo 0x9c622e50)
09-19 11:55:16.905  3504  3661 D EGL_adreno: eglMakeCurrent: 0xa6df0f40: ver 3 1 (tinfo 0x9c622e50)
09-19 11:55:16.920  3504  3661 D EGL_adreno: eglMakeCurrent: 0xa6df0f40: ver 3 1 (tinfo 0x9c622e50)
09-19 11:55:16.922  3504  3661 D EGL_adreno: eglMakeCurrent: 0xa6df0f40: ver 3 1 (tinfo 0x9c622e50)
09-19 11:55:16.940  3504  3661 D EGL_adreno: eglMakeCurrent: 0xa6df0f40: ver 3 1 (tinfo 0x9c622e50)
09-19 11:55:16.943  3504  3661 D EGL_adreno: eglMakeCurrent: 0xa6df0f40: ver 3 1 (tinfo 0x9c622e50)
09-19 11:55:16.953  3504  3661 D EGL_adreno: eglMakeCurrent: 0xa6df0f40: ver 3 1 (tinfo 0x9c622e50)
09-19 11:55:16.956  3504  3661 D EGL_adreno: eglMakeCurrent: 0xa6df0f40: ver 3 1 (tinfo 0x9c622e50)
09-19 11:55:16.959  3504  3661 D EGL_adreno: eglMakeCurrent: 0xa6df0f40: ver 3 1 (tinfo 0x9c622e50)
09-19 11:55:16.970  3504  3661 D EGL_adreno: eglMakeCurrent: 0xa6df0f40: ver 3 1 (tinfo 0x9c622e50)
09-19 11:55:16.974  3504  3661 D EGL_adreno: eglMakeCurrent: 0xa6df0f40: ver 3 1 (tinfo 0x9c622e50)
09-19 11:55:16.985  3504  3661 D EGL_adreno: eglMakeCurrent: 0xa6df0f40: ver 3 1 (tinfo 0x9c622e50)
09-19 11:55:16.989  3504  3661 D EGL_adreno: eglMakeCurrent: 0xa6df0f40: ver 3 1 (tinfo 0x9c622e50)
09-19 11:55:17.003  3504  3661 D EGL_adreno: eglMakeCurrent: 0xa6df0f40: ver 3 1 (tinfo 0x9c622e50)
09-19 11:55:17.007  3504  3661 D EGL_adreno: eglMakeCurrent: 0xa6df0f40: ver 3 1 (tinfo 0x9c622e50)
09-19 11:55:17.018  3504  3661 D EGL_adreno: eglMakeCurrent: 0xa6df0f40: ver 3 1 (tinfo 0x9c622e50)
09-19 11:55:17.039  3504  3661 D EGL_adreno: eglMakeCurrent: 0xa6df0f40: ver 3 1 (tinfo 0x9c622e50)
09-19 11:55:17.053  3504  3661 D EGL_adreno: eglMakeCurrent: 0xa6df0f40: ver 3 1 (tinfo 0x9c622e50)
09-19 11:55:17.056  3504  3661 D EGL_adreno: eglMakeCurrent: 0xa6df0f40: ver 3 1 (tinfo 0x9c622e50)
09-19 11:55:17.069  3504  3661 D EGL_adreno: eglMakeCurrent: 0xa6df0f40: ver 3 1 (tinfo 0x9c622e50)
09-19 11:55:17.156  3504  3661 D EGL_adreno: eglMakeCurrent: 0xa6df0f40: ver 3 1 (tinfo 0x9c622e50)
09-19 11:55:17.171  3504  3661 D EGL_adreno: eglMakeCurrent: 0xa6df0f40: ver 3 1 (tinfo 0x9c622e50)
09-19 11:55:17.190  3504  3661 D EGL_adreno: eglMakeCurrent: 0xa6df0f40: ver 3 1 (tinfo 0x9c622e50)
09-19 11:55:17.202  3504  3661 D EGL_adreno: eglMakeCurrent: 0xa6df0f40: ver 3 1 (tinfo 0x9c622e50)
09-19 11:55:17.257  3504  3661 D EGL_adreno: eglMakeCurrent: 0xa6df0f40: ver 3 1 (tinfo 0x9c622e50)
09-19 11:55:17.271  3504  3661 D EGL_adreno: eglMakeCurrent: 0xa6df0f40: ver 3 1 (tinfo 0x9c622e50)
09-19 11:55:17.339  3504  3661 D EGL_adreno: eglMakeCurrent: 0xa6df0f40: ver 3 1 (tinfo 0x9c622e50)
09-19 11:55:17.354  3504  3661 D EGL_adreno: eglMakeCurrent: 0xa6df0f40: ver 3 1 (tinfo 0x9c622e50)
09-19 11:55:17.357  3504  3661 D EGL_adreno: eglMakeCurrent: 0xa6df0f40: ver 3 1 (tinfo 0x9c622e50)
09-19 11:55:17.370  3504  3661 D EGL_adreno: eglMakeCurrent: 0xa6df0f40: ver 3 1 (tinfo 0x9c622e50)
09-19 11:55:17.455  3504  3661 D EGL_adreno: eglMakeCurrent: 0xa6df0f40: ver 3 1 (tinfo 0x9c622e50)
09-19 11:55:17.471  3504  3661 D EGL_adreno: eglMakeCurrent: 0xa6df0f40: ver 3 1 (tinfo 0x9c622e50)
09-19 11:55:17.489  3504  3661 D EGL_adreno: eglMakeCurrent: 0xa6df0f40: ver 3 1 (tinfo 0x9c622e50)
09-19 11:55:17.502  3504  3661 D EGL_adreno: eglMakeCurrent: 0xa6df0f40: ver 3 1 (tinfo 0x9c622e50)
09-19 11:55:17.555  3504  3661 D EGL_adreno: eglMakeCurrent: 0xa6df0f40: ver 3 1 (tinfo 0x9c622e50)
09-19 11:55:17.571  3504  3661 D EGL_adreno: eglMakeCurrent: 0xa6df0f40: ver 3 1 (tinfo 0x9c622e50)
09-19 11:55:17.640  3504  3661 D EGL_adreno: eglMakeCurrent: 0xa6df0f40: ver 3 1 (tinfo 0x9c622e50)
09-19 11:55:17.661  3504  3661 D EGL_adreno: eglMakeCurrent: 0xa6df0f40: ver 3 1 (tinfo 0x9c622e50)
09-19 11:55:17.664  3504  3661 D EGL_adreno: eglMakeCurrent: 0xa6df0f40: ver 3 1 (tinfo 0x9c622e50)
09-19 11:55:17.669  3504  3661 D EGL_adreno: eglMakeCurrent: 0xa6df0f40: ver 3 1 (tinfo 0x9c622e50)
09-19 11:55:17.755  3504  3661 D EGL_adreno: eglMakeCurrent: 0xa6df0f40: ver 3 1 (tinfo 0x9c622e50)
09-19 11:55:17.770  3504  3661 D EGL_adreno: eglMakeCurrent: 0xa6df0f40: ver 3 1 (tinfo 0x9c622e50)
09-19 11:55:17.790  3504  3661 D EGL_adreno: eglMakeCurrent: 0xa6df0f40: ver 3 1 (tinfo 0x9c622e50)
09-19 11:55:17.804  3504  3661 D EGL_adreno: eglMakeCurrent: 0xa6df0f40: ver 3 1 (tinfo 0x9c622e50)
09-19 11:55:17.858  3504  3661 D EGL_adreno: eglMakeCurrent: 0xa6df0f40: ver 3 1 (tinfo 0x9c622e50)
09-19 11:55:17.870  3504  3661 D EGL_adreno: eglMakeCurrent: 0xa6df0f40: ver 3 1 (tinfo 0x9c622e50)
09-19 11:55:17.943  3504  3661 D EGL_adreno: eglMakeCurrent: 0xa6df0f40: ver 3 1 (tinfo 0x9c622e50)
09-19 11:55:17.952  3504  3661 D EGL_adreno: eglMakeCurrent: 0xa6df0f40: ver 3 1 (tinfo 0x9c622e50)
09-19 11:55:17.956  3504  3661 D EGL_adreno: eglMakeCurrent: 0xa6df0f40: ver 3 1 (tinfo 0x9c622e50)
09-19 11:55:17.968  3504  3661 D EGL_adreno: eglMakeCurrent: 0xa6df0f40: ver 3 1 (tinfo 0x9c622e50)
09-19 11:55:18.055  3504  3661 D EGL_adreno: eglMakeCurrent: 0xa6df0f40: ver 3 1 (tinfo 0x9c622e50)
09-19 11:55:18.072  3504  3661 D EGL_adreno: eglMakeCurrent: 0xa6df0f40: ver 3 1 (tinfo 0x9c622e50)
09-19 11:55:18.088  3504  3661 D EGL_adreno: eglMakeCurrent: 0xa6df0f40: ver 3 1 (tinfo 0x9c622e50)
09-19 11:55:18.102  3504  3661 D EGL_adreno: eglMakeCurrent: 0xa6df0f40: ver 3 1 (tinfo 0x9c622e50)
09-19 11:55:18.154  3504  3661 D EGL_adreno: eglMakeCurrent: 0xa6df0f40: ver 3 1 (tinfo 0x9c622e50)
09-19 11:55:18.170  3504  3661 D EGL_adreno: eglMakeCurrent: 0xa6df0f40: ver 3 1 (tinfo 0x9c622e50)
09-19 11:55:18.239  3504  3661 D EGL_adreno: eglMakeCurrent: 0xa6df0f40: ver 3 1 (tinfo 0x9c622e50)
09-19 11:55:18.252  3504  3661 D EGL_adreno: eglMakeCurrent: 0xa6df0f40: ver 3 1 (tinfo 0x9c622e50)
09-19 11:55:18.256  3504  3661 D EGL_adreno: eglMakeCurrent: 0xa6df0f40: ver 3 1 (tinfo 0x9c622e50)
09-19 11:55:18.268  3504  3661 D EGL_adreno: eglMakeCurrent: 0xa6df0f40: ver 3 1 (tinfo 0x9c622e50)
09-19 11:55:18.357  3504  3661 D EGL_adreno: eglMakeCurrent: 0xa6df0f40: ver 3 1 (tinfo 0x9c622e50)
09-19 11:55:18.370  3504  3661 D EGL_adreno: eglMakeCurrent: 0xa6df0f40: ver 3 1 (tinfo 0x9c622e50)
09-19 11:55:18.390  3504  3661 D EGL_adreno: eglMakeCurrent: 0xa6df0f40: ver 3 1 (tinfo 0x9c622e50)
09-19 11:55:18.404  3504  3661 D EGL_adreno: eglMakeCurrent: 0xa6df0f40: ver 3 1 (tinfo 0x9c622e50)
09-19 11:55:18.456  3504  3661 D EGL_adreno: eglMakeCurrent: 0xa6df0f40: ver 3 1 (tinfo 0x9c622e50)
09-19 11:55:18.471  3504  3661 D EGL_adreno: eglMakeCurrent: 0xa6df0f40: ver 3 1 (tinfo 0x9c622e50)
09-19 11:55:18.539  3504  3661 D EGL_adreno: eglMakeCurrent: 0xa6df0f40: ver 3 1 (tinfo 0x9c622e50)
09-19 11:55:18.553  3504  3661 D EGL_adreno: eglMakeCurrent: 0xa6df0f40: ver 3 1 (tinfo 0x9c622e50)
09-19 11:55:18.556  3504  3661 D EGL_adreno: eglMakeCurrent: 0xa6df0f40: ver 3 1 (tinfo 0x9c622e50)
09-19 11:55:18.569  3504  3661 D EGL_adreno: eglMakeCurrent: 0xa6df0f40: ver 3 1 (tinfo 0x9c622e50)
09-19 11:55:18.655  3504  3661 D EGL_adreno: eglMakeCurrent: 0xa6df0f40: ver 3 1 (tinfo 0x9c622e50)
09-19 11:55:18.670  3504  3661 D EGL_adreno: eglMakeCurrent: 0xa6df0f40: ver 3 1 (tinfo 0x9c622e50)
09-19 11:55:18.689  3504  3661 D EGL_adreno: eglMakeCurrent: 0xa6df0f40: ver 3 1 (tinfo 0x9c622e50)
09-19 11:55:18.703  3504  3661 D EGL_adreno: eglMakeCurrent: 0xa6df0f40: ver 3 1 (tinfo 0x9c622e50)
09-19 11:55:18.755  3504  3661 D EGL_adreno: eglMakeCurrent: 0xa6df0f40: ver 3 1 (tinfo 0x9c622e50)
09-19 11:55:18.770  3504  3661 D EGL_adreno: eglMakeCurrent: 0xa6df0f40: ver 3 1 (tinfo 0x9c622e50)
09-19 11:55:18.839  3504  3661 D EGL_adreno: eglMakeCurrent: 0xa6df0f40: ver 3 1 (tinfo 0x9c622e50)
09-19 11:55:18.853  3504  3661 D EGL_adreno: eglMakeCurrent: 0xa6df0f40: ver 3 1 (tinfo 0x9c622e50)
09-19 11:55:18.856  3504  3661 D EGL_adreno: eglMakeCurrent: 0xa6df0f40: ver 3 1 (tinfo 0x9c622e50)
09-19 11:55:18.870  3504  3661 D EGL_adreno: eglMakeCurrent: 0xa6df0f40: ver 3 1 (tinfo 0x9c622e50)
09-19 11:55:18.955  3504  3661 D EGL_adreno: eglMakeCurrent: 0xa6df0f40: ver 3 1 (tinfo 0x9c622e50)
09-19 11:55:18.970  3504  3661 D EGL_adreno: eglMakeCurrent: 0xa6df0f40: ver 3 1 (tinfo 0x9c622e50)
09-19 11:55:18.989  3504  3661 D EGL_adreno: eglMakeCurrent: 0xa6df0f40: ver 3 1 (tinfo 0x9c622e50)
09-19 11:55:19.003  3504  3661 D EGL_adreno: eglMakeCurrent: 0xa6df0f40: ver 3 1 (tinfo 0x9c622e50)
09-19 11:55:19.056  3504  3661 D EGL_adreno: eglMakeCurrent: 0xa6df0f40: ver 3 1 (tinfo 0x9c622e50)
09-19 11:55:19.070  3504  3661 D EGL_adreno: eglMakeCurrent: 0xa6df0f40: ver 3 1 (tinfo 0x9c622e50)
09-19 11:55:19.140  3504  3661 D EGL_adreno: eglMakeCurrent: 0xa6df0f40: ver 3 1 (tinfo 0x9c622e50)
09-19 11:55:19.154  3504  3661 D EGL_adreno: eglMakeCurrent: 0xa6df0f40: ver 3 1 (tinfo 0x9c622e50)
09-19 11:55:19.156  3504  3661 D EGL_adreno: eglMakeCurrent: 0xa6df0f40: ver 3 1 (tinfo 0x9c622e50)
09-19 11:55:19.170  3504  3661 D EGL_adreno: eglMakeCurrent: 0xa6df0f40: ver 3 1 (tinfo 0x9c622e50)
09-19 11:55:19.255  3504  3661 D EGL_adreno: eglMakeCurrent: 0xa6df0f40: ver 3 1 (tinfo 0x9c622e50)
09-19 11:55:19.270  3504  3661 D EGL_adreno: eglMakeCurrent: 0xa6df0f40: ver 3 1 (tinfo 0x9c622e50)
09-19 11:55:19.290  3504  3661 D EGL_adreno: eglMakeCurrent: 0xa6df0f40: ver 3 1 (tinfo 0x9c622e50)
09-19 11:55:19.304  3504  3661 D EGL_adreno: eglMakeCurrent: 0xa6df0f40: ver 3 1 (tinfo 0x9c622e50)
09-19 11:55:19.358  3504  3661 D EGL_adreno: eglMakeCurrent: 0xa6df0f40: ver 3 1 (tinfo 0x9c622e50)
09-19 11:55:19.369  3504  3661 D EGL_adreno: eglMakeCurrent: 0xa6df0f40: ver 3 1 (tinfo 0x9c622e50)
09-19 11:55:19.407  3504  3661 D EGL_adreno: eglMakeCurrent: 0xa6df0f40: ver 3 1 (tinfo 0x9c622e50)
09-19 11:55:19.420  3504  3661 D EGL_adreno: eglMakeCurrent: 0xa6df0f40: ver 3 1 (tinfo 0x9c622e50)
09-19 11:55:19.423  3504  3661 D EGL_adreno: eglMakeCurrent: 0xa6df0f40: ver 3 1 (tinfo 0x9c622e50)
09-19 11:55:19.440  3504  3661 D EGL_adreno: eglMakeCurrent: 0xa6df0f40: ver 3 1 (tinfo 0x9c622e50)
09-19 11:55:19.443  3504  3661 D EGL_adreno: eglMakeCurrent: 0xa6df0f40: ver 3 1 (tinfo 0x9c622e50)
09-19 11:55:19.454  3504  3661 D EGL_adreno: eglMakeCurrent: 0xa6df0f40: ver 3 1 (tinfo 0x9c622e50)
09-19 11:55:19.457  3504  3661 D EGL_adreno: eglMakeCurrent: 0xa6df0f40: ver 3 1 (tinfo 0x9c622e50)
09-19 11:55:19.461  3504  3661 D EGL_adreno: eglMakeCurrent: 0xa6df0f40: ver 3 1 (tinfo 0x9c622e50)
09-19 11:55:19.470  3504  3661 D EGL_adreno: eglMakeCurrent: 0xa6df0f40: ver 3 1 (tinfo 0x9c622e50)
09-19 11:55:19.473  3504  3661 D EGL_adreno: eglMakeCurrent: 0xa6df0f40: ver 3 1 (tinfo 0x9c622e50)
09-19 11:55:19.487  3504  3661 D EGL_adreno: eglMakeCurrent: 0xa6df0f40: ver 3 1 (tinfo 0x9c622e50)
09-19 11:55:19.490  3504  3661 D EGL_adreno: eglMakeCurrent: 0xa6df0f40: ver 3 1 (tinfo 0x9c622e50)
09-19 11:55:19.503  3504  3661 D EGL_adreno: eglMakeCurrent: 0xa6df0f40: ver 3 1 (tinfo 0x9c622e50)
09-19 11:55:19.506  3504  3661 D EGL_adreno: eglMakeCurrent: 0xa6df0f40: ver 3 1 (tinfo 0x9c622e50)
09-19 11:55:19.520  3504  3661 D EGL_adreno: eglMakeCurrent: 0xa6df0f40: ver 3 1 (tinfo 0x9c622e50)
09-19 11:55:19.523  3504  3661 D EGL_adreno: eglMakeCurrent: 0xa6df0f40: ver 3 1 (tinfo 0x9c622e50)
09-19 11:55:19.536  3504  3661 D EGL_adreno: eglMakeCurrent: 0xa6df0f40: ver 3 1 (tinfo 0x9c622e50)
09-19 11:55:19.539  3504  3661 D EGL_adreno: eglMakeCurrent: 0xa6df0f40: ver 3 1 (tinfo 0x9c622e50)
09-19 11:55:19.552  3504  3661 D EGL_adreno: eglMakeCurrent: 0xa6df0f40: ver 3 1 (tinfo 0x9c622e50)
09-19 11:55:19.555  3504  3661 D EGL_adreno: eglMakeCurrent: 0xa6df0f40: ver 3 1 (tinfo 0x9c622e50)
09-19 11:55:19.558  3504  3661 D EGL_adreno: eglMakeCurrent: 0xa6df0f40: ver 3 1 (tinfo 0x9c622e50)
09-19 11:55:19.570  3504  3661 D EGL_adreno: eglMakeCurrent: 0xa6df0f40: ver 3 1 (tinfo 0x9c622e50)
09-19 11:55:19.573  3504  3661 D EGL_adreno: eglMakeCurrent: 0xa6df0f40: ver 3 1 (tinfo 0x9c622e50)
09-19 11:55:19.587  3504  3661 D EGL_adreno: eglMakeCurrent: 0xa6df0f40: ver 3 1 (tinfo 0x9c622e50)
09-19 11:55:19.590  3504  3661 D EGL_adreno: eglMakeCurrent: 0xa6df0f40: ver 3 1 (tinfo 0x9c622e50)
09-19 11:55:19.603  3504  3661 D EGL_adreno: eglMakeCurrent: 0xa6df0f40: ver 3 1 (tinfo 0x9c622e50)
09-19 11:55:19.606  3504  3661 D EGL_adreno: eglMakeCurrent: 0xa6df0f40: ver 3 1 (tinfo 0x9c622e50)
09-19 11:55:19.620  3504  3661 D EGL_adreno: eglMakeCurrent: 0xa6df0f40: ver 3 1 (tinfo 0x9c622e50)
09-19 11:55:19.623  3504  3661 D EGL_adreno: eglMakeCurrent: 0xa6df0f40: ver 3 1 (tinfo 0x9c622e50)
09-19 11:55:19.636  3504  3661 D EGL_adreno: eglMakeCurrent: 0xa6df0f40: ver 3 1 (tinfo 0x9c622e50)
09-19 11:55:19.639  3504  3661 D EGL_adreno: eglMakeCurrent: 0xa6df0f40: ver 3 1 (tinfo 0x9c622e50)
09-19 11:55:19.652  3504  3661 D EGL_adreno: eglMakeCurrent: 0xa6df0f40: ver 3 1 (tinfo 0x9c622e50)
09-19 11:55:19.655  3504  3661 D EGL_adreno: eglMakeCurrent: 0xa6df0f40: ver 3 1 (tinfo 0x9c622e50)
09-19 11:55:19.658  3504  3661 D EGL_adreno: eglMakeCurrent: 0xa6df0f40: ver 3 1 (tinfo 0x9c622e50)
09-19 11:55:19.670  3504  3661 D EGL_adreno: eglMakeCurrent: 0xa6df0f40: ver 3 1 (tinfo 0x9c622e50)
09-19 11:55:19.673  3504  3661 D EGL_adreno: eglMakeCurrent: 0xa6df0f40: ver 3 1 (tinfo 0x9c622e50)
09-19 11:55:19.692  3504  3661 D EGL_adreno: eglMakeCurrent: 0xa6df0f40: ver 3 1 (tinfo 0x9c622e50)
09-19 11:55:19.695  3504  3661 D EGL_adreno: eglMakeCurrent: 0xa6df0f40: ver 3 1 (tinfo 0x9c622e50)
09-19 11:55:19.702  3504  3661 D EGL_adreno: eglMakeCurrent: 0xa6df0f40: ver 3 1 (tinfo 0x9c622e50)
09-19 11:55:19.706  3504  3661 D EGL_adreno: eglMakeCurrent: 0xa6df0f40: ver 3 1 (tinfo 0x9c622e50)
09-19 11:55:19.719  3504  3661 D EGL_adreno: eglMakeCurrent: 0xa6df0f40: ver 3 1 (tinfo 0x9c622e50)
09-19 11:55:19.722  3504  3661 D EGL_adreno: eglMakeCurrent: 0xa6df0f40: ver 3 1 (tinfo 0x9c622e50)
09-19 11:55:19.737  3504  3661 D EGL_adreno: eglMakeCurrent: 0xa6df0f40: ver 3 1 (tinfo 0x9c622e50)
09-19 11:55:19.740  3504  3661 D EGL_adreno: eglMakeCurrent: 0xa6df0f40: ver 3 1 (tinfo 0x9c622e50)
09-19 11:55:19.752  3504  3661 D EGL_adreno: eglMakeCurrent: 0xa6df0f40: ver 3 1 (tinfo 0x9c622e50)
09-19 11:55:19.755  3504  3661 D EGL_adreno: eglMakeCurrent: 0xa6df0f40: ver 3 1 (tinfo 0x9c622e50)
09-19 11:55:19.758  3504  3661 D EGL_adreno: eglMakeCurrent: 0xa6df0f40: ver 3 1 (tinfo 0x9c622e50)
09-19 11:55:19.770  3504  3661 D EGL_adreno: eglMakeCurrent: 0xa6df0f40: ver 3 1 (tinfo 0x9c622e50)
09-19 11:55:19.773  3504  3661 D EGL_adreno: eglMakeCurrent: 0xa6df0f40: ver 3 1 (tinfo 0x9c622e50)
09-19 11:55:19.788  3504  3661 D EGL_adreno: eglMakeCurrent: 0xa6df0f40: ver 3 1 (tinfo 0x9c622e50)
09-19 11:55:19.790  3504  3661 D EGL_adreno: eglMakeCurrent: 0xa6df0f40: ver 3 1 (tinfo 0x9c622e50)
09-19 11:55:19.803  3504  3661 D EGL_adreno: eglMakeCurrent: 0xa6df0f40: ver 3 1 (tinfo 0x9c622e50)
09-19 11:55:19.805  3504  3661 D EGL_adreno: eglMakeCurrent: 0xa6df0f40: ver 3 1 (tinfo 0x9c622e50)
09-19 11:55:19.820  3504  3661 D EGL_adreno: eglMakeCurrent: 0xa6df0f40: ver 3 1 (tinfo 0x9c622e50)
09-19 11:55:19.823  3504  3661 D EGL_adreno: eglMakeCurrent: 0xa6df0f40: ver 3 1 (tinfo 0x9c622e50)
09-19 11:55:19.837  3504  3661 D EGL_adreno: eglMakeCurrent: 0xa6df0f40: ver 3 1 (tinfo 0x9c622e50)
09-19 11:55:19.840  3504  3661 D EGL_adreno: eglMakeCurrent: 0xa6df0f40: ver 3 1 (tinfo 0x9c622e50)
09-19 11:55:19.852  3504  3661 D EGL_adreno: eglMakeCurrent: 0xa6df0f40: ver 3 1 (tinfo 0x9c622e50)
09-19 11:55:19.855  3504  3661 D EGL_adreno: eglMakeCurrent: 0xa6df0f40: ver 3 1 (tinfo 0x9c622e50)
09-19 11:55:19.858  3504  3661 D EGL_adreno: eglMakeCurrent: 0xa6df0f40: ver 3 1 (tinfo 0x9c622e50)
09-19 11:55:19.870  3504  3661 D EGL_adreno: eglMakeCurrent: 0xa6df0f40: ver 3 1 (tinfo 0x9c622e50)
09-19 11:55:19.872  3504  3661 D EGL_adreno: eglMakeCurrent: 0xa6df0f40: ver 3 1 (tinfo 0x9c622e50)
09-19 11:55:19.887  3504  3661 D EGL_adreno: eglMakeCurrent: 0xa6df0f40: ver 3 1 (tinfo 0x9c622e50)
09-19 11:55:19.890  3504  3661 D EGL_adreno: eglMakeCurrent: 0xa6df0f40: ver 3 1 (tinfo 0x9c622e50)
09-19 11:55:19.903  3504  3661 D EGL_adreno: eglMakeCurrent: 0xa6df0f40: ver 3 1 (tinfo 0x9c622e50)
09-19 11:55:19.906  3504  3661 D EGL_adreno: eglMakeCurrent: 0xa6df0f40: ver 3 1 (tinfo 0x9c622e50)
09-19 11:55:19.920  3504  3661 D EGL_adreno: eglMakeCurrent: 0xa6df0f40: ver 3 1 (tinfo 0x9c622e50)
09-19 11:55:19.922  3504  3661 D EGL_adreno: eglMakeCurrent: 0xa6df0f40: ver 3 1 (tinfo 0x9c622e50)
09-19 11:55:19.937  3504  3661 D EGL_adreno: eglMakeCurrent: 0xa6df0f40: ver 3 1 (tinfo 0x9c622e50)
09-19 11:55:19.940  3504  3661 D EGL_adreno: eglMakeCurrent: 0xa6df0f40: ver 3 1 (tinfo 0x9c622e50)
09-19 11:55:19.952  3504  3661 D EGL_adreno: eglMakeCurrent: 0xa6df0f40: ver 3 1 (tinfo 0x9c622e50)
09-19 11:55:19.955  3504  3661 D EGL_adreno: eglMakeCurrent: 0xa6df0f40: ver 3 1 (tinfo 0x9c622e50)
09-19 11:55:19.958  3504  3661 D EGL_adreno: eglMakeCurrent: 0xa6df0f40: ver 3 1 (tinfo 0x9c622e50)
09-19 11:55:19.970  3504  3661 D EGL_adreno: eglMakeCurrent: 0xa6df0f40: ver 3 1 (tinfo 0x9c622e50)
09-19 11:55:19.974  3504  3661 D EGL_adreno: eglMakeCurrent: 0xa6df0f40: ver 3 1 (tinfo 0x9c622e50)
09-19 11:55:19.987  3504  3661 D EGL_adreno: eglMakeCurrent: 0xa6df0f40: ver 3 1 (tinfo 0x9c622e50)
09-19 11:55:19.990  3504  3661 D EGL_adreno: eglMakeCurrent: 0xa6df0f40: ver 3 1 (tinfo 0x9c622e50)
09-19 11:55:20.003  3504  3661 D EGL_adreno: eglMakeCurrent: 0xa6df0f40: ver 3 1 (tinfo 0x9c622e50)
09-19 11:55:20.006  3504  3661 D EGL_adreno: eglMakeCurrent: 0xa6df0f40: ver 3 1 (tinfo 0x9c622e50)
09-19 11:55:20.020  3504  3661 D EGL_adreno: eglMakeCurrent: 0xa6df0f40: ver 3 1 (tinfo 0x9c622e50)
09-19 11:55:20.041  3504  3661 D EGL_adreno: eglMakeCurrent: 0xa6df0f40: ver 3 1 (tinfo 0x9c622e50)
09-19 11:55:20.053  3504  3661 D EGL_adreno: eglMakeCurrent: 0xa6df0f40: ver 3 1 (tinfo 0x9c622e50)
09-19 11:55:20.056  3504  3661 D EGL_adreno: eglMakeCurrent: 0xa6df0f40: ver 3 1 (tinfo 0x9c622e50)
09-19 11:55:20.070  3504  3661 D EGL_adreno: eglMakeCurrent: 0xa6df0f40: ver 3 1 (tinfo 0x9c622e50)
09-19 11:55:20.157  3504  3661 D EGL_adreno: eglMakeCurrent: 0xa6df0f40: ver 3 1 (tinfo 0x9c622e50)
09-19 11:55:20.169  3504  3661 D EGL_adreno: eglMakeCurrent: 0xa6df0f40: ver 3 1 (tinfo 0x9c622e50)
09-19 11:55:20.189  3504  3661 D EGL_adreno: eglMakeCurrent: 0xa6df0f40: ver 3 1 (tinfo 0x9c622e50)
09-19 11:55:20.203  3504  3661 D EGL_adreno: eglMakeCurrent: 0xa6df0f40: ver 3 1 (tinfo 0x9c622e50)
09-19 11:55:20.257  3504  3661 D EGL_adreno: eglMakeCurrent: 0xa6df0f40: ver 3 1 (tinfo 0x9c622e50)
09-19 11:55:20.269  3504  3661 D EGL_adreno: eglMakeCurrent: 0xa6df0f40: ver 3 1 (tinfo 0x9c622e50)
09-19 11:55:20.339  3504  3661 D EGL_adreno: eglMakeCurrent: 0xa6df0f40: ver 3 1 (tinfo 0x9c622e50)
09-19 11:55:20.352  3504  3661 D EGL_adreno: eglMakeCurrent: 0xa6df0f40: ver 3 1 (tinfo 0x9c622e50)
09-19 11:55:20.356  3504  3661 D EGL_adreno: eglMakeCurrent: 0xa6df0f40: ver 3 1 (tinfo 0x9c622e50)
09-19 11:55:20.369  3504  3661 D EGL_adreno: eglMakeCurrent: 0xa6df0f40: ver 3 1 (tinfo 0x9c622e50)
09-19 11:55:20.459  3504  3661 D EGL_adreno: eglMakeCurrent: 0xa6df0f40: ver 3 1 (tinfo 0x9c622e50)
09-19 11:55:20.470  3504  3661 D EGL_adreno: eglMakeCurrent: 0xa6df0f40: ver 3 1 (tinfo 0x9c622e50)
09-19 11:55:20.489  3504  3661 D EGL_adreno: eglMakeCurrent: 0xa6df0f40: ver 3 1 (tinfo 0x9c622e50)
09-19 11:55:20.503  3504  3661 D EGL_adreno: eglMakeCurrent: 0xa6df0f40: ver 3 1 (tinfo 0x9c622e50)
09-19 11:55:20.556  3504  3661 D EGL_adreno: eglMakeCurrent: 0xa6df0f40: ver 3 1 (tinfo 0x9c622e50)
09-19 11:55:20.569  3504  3661 D EGL_adreno: eglMakeCurrent: 0xa6df0f40: ver 3 1 (tinfo 0x9c622e50)
09-19 11:55:20.639  3504  3661 D EGL_adreno: eglMakeCurrent: 0xa6df0f40: ver 3 1 (tinfo 0x9c622e50)
09-19 11:55:20.653  3504  3661 D EGL_adreno: eglMakeCurrent: 0xa6df0f40: ver 3 1 (tinfo 0x9c622e50)
09-19 11:55:20.656  3504  3661 D EGL_adreno: eglMakeCurrent: 0xa6df0f40: ver 3 1 (tinfo 0x9c622e50)
09-19 11:55:20.670  3504  3661 D EGL_adreno: eglMakeCurrent: 0xa6df0f40: ver 3 1 (tinfo 0x9c622e50)
09-19 11:55:20.755  3504  3661 D EGL_adreno: eglMakeCurrent: 0xa6df0f40: ver 3 1 (tinfo 0x9c622e50)
09-19 11:55:20.771  3504  3661 D EGL_adreno: eglMakeCurrent: 0xa6df0f40: ver 3 1 (tinfo 0x9c622e50)
09-19 11:55:20.790  3504  3661 D EGL_adreno: eglMakeCurrent: 0xa6df0f40: ver 3 1 (tinfo 0x9c622e50)
09-19 11:55:20.804  3504  3661 D EGL_adreno: eglMakeCurrent: 0xa6df0f40: ver 3 1 (tinfo 0x9c622e50)
09-19 11:55:20.855  3504  3661 D EGL_adreno: eglMakeCurrent: 0xa6df0f40: ver 3 1 (tinfo 0x9c622e50)
09-19 11:55:20.870  3504  3661 D EGL_adreno: eglMakeCurrent: 0xa6df0f40: ver 3 1 (tinfo 0x9c622e50)
09-19 11:55:20.938  3504  3661 D EGL_adreno: eglMakeCurrent: 0xa6df0f40: ver 3 1 (tinfo 0x9c622e50)
09-19 11:55:20.953  3504  3661 D EGL_adreno: eglMakeCurrent: 0xa6df0f40: ver 3 1 (tinfo 0x9c622e50)
09-19 11:55:20.956  3504  3661 D EGL_adreno: eglMakeCurrent: 0xa6df0f40: ver 3 1 (tinfo 0x9c622e50)
09-19 11:55:20.970  3504  3661 D EGL_adreno: eglMakeCurrent: 0xa6df0f40: ver 3 1 (tinfo 0x9c622e50)
09-19 11:55:21.056  3504  3661 D EGL_adreno: eglMakeCurrent: 0xa6df0f40: ver 3 1 (tinfo 0x9c622e50)
09-19 11:55:21.070  3504  3661 D EGL_adreno: eglMakeCurrent: 0xa6df0f40: ver 3 1 (tinfo 0x9c622e50)
09-19 11:55:21.089  3504  3661 D EGL_adreno: eglMakeCurrent: 0xa6df0f40: ver 3 1 (tinfo 0x9c622e50)
09-19 11:55:21.102  3504  3661 D EGL_adreno: eglMakeCurrent: 0xa6df0f40: ver 3 1 (tinfo 0x9c622e50)
09-19 11:55:21.155  3504  3661 D EGL_adreno: eglMakeCurrent: 0xa6df0f40: ver 3 1 (tinfo 0x9c622e50)
09-19 11:55:21.170  3504  3661 D EGL_adreno: eglMakeCurrent: 0xa6df0f40: ver 3 1 (tinfo 0x9c622e50)
09-19 11:55:21.240  3504  3661 D EGL_adreno: eglMakeCurrent: 0xa6df0f40: ver 3 1 (tinfo 0x9c622e50)
09-19 11:55:21.252  3504  3661 D EGL_adreno: eglMakeCurrent: 0xa6df0f40: ver 3 1 (tinfo 0x9c622e50)
09-19 11:55:21.256  3504  3661 D EGL_adreno: eglMakeCurrent: 0xa6df0f40: ver 3 1 (tinfo 0x9c622e50)
09-19 11:55:21.270  3504  3661 D EGL_adreno: eglMakeCurrent: 0xa6df0f40: ver 3 1 (tinfo 0x9c622e50)
09-19 11:55:21.356  3504  3661 D EGL_adreno: eglMakeCurrent: 0xa6df0f40: ver 3 1 (tinfo 0x9c622e50)
09-19 11:55:21.372  3504  3661 D EGL_adreno: eglMakeCurrent: 0xa6df0f40: ver 3 1 (tinfo 0x9c622e50)
09-19 11:55:21.390  3504  3661 D EGL_adreno: eglMakeCurrent: 0xa6df0f40: ver 3 1 (tinfo 0x9c622e50)
09-19 11:55:21.403  3504  3661 D EGL_adreno: eglMakeCurrent: 0xa6df0f40: ver 3 1 (tinfo 0x9c622e50)
09-19 11:55:21.456  3504  3661 D EGL_adreno: eglMakeCurrent: 0xa6df0f40: ver 3 1 (tinfo 0x9c622e50)
09-19 11:55:21.469  3504  3661 D EGL_adreno: eglMakeCurrent: 0xa6df0f40: ver 3 1 (tinfo 0x9c622e50)
09-19 11:55:21.539  3504  3661 D EGL_adreno: eglMakeCurrent: 0xa6df0f40: ver 3 1 (tinfo 0x9c622e50)
09-19 11:55:21.553  3504  3661 D EGL_adreno: eglMakeCurrent: 0xa6df0f40: ver 3 1 (tinfo 0x9c622e50)
09-19 11:55:21.556  3504  3661 D EGL_adreno: eglMakeCurrent: 0xa6df0f40: ver 3 1 (tinfo 0x9c622e50)
09-19 11:55:21.569  3504  3661 D EGL_adreno: eglMakeCurrent: 0xa6df0f40: ver 3 1 (tinfo 0x9c622e50)
09-19 11:55:21.655  3504  3661 D EGL_adreno: eglMakeCurrent: 0xa6df0f40: ver 3 1 (tinfo 0x9c622e50)
09-19 11:55:21.670  3504  3661 D EGL_adreno: eglMakeCurrent: 0xa6df0f40: ver 3 1 (tinfo 0x9c622e50)
09-19 11:55:21.690  3504  3661 D EGL_adreno: eglMakeCurrent: 0xa6df0f40: ver 3 1 (tinfo 0x9c622e50)
09-19 11:55:21.703  3504  3661 D EGL_adreno: eglMakeCurrent: 0xa6df0f40: ver 3 1 (tinfo 0x9c622e50)
09-19 11:55:21.756  3504  3661 D EGL_adreno: eglMakeCurrent: 0xa6df0f40: ver 3 1 (tinfo 0x9c622e50)
09-19 11:55:21.769  3504  3661 D EGL_adreno: eglMakeCurrent: 0xa6df0f40: ver 3 1 (tinfo 0x9c622e50)
09-19 11:55:21.821  3504  5300 E AGORA_SDK: cannot open log file for writing: agorartm.log, err=30
09-19 11:55:21.821  1105  1105 D ldinit  : ld_exec_cmd am broadcast -a android.intent.action.TASK.CLOSE --es package com.litatom.app
09-19 11:55:21.821  1105  1105 D ldinit  : result:
09-19 11:55:21.823  1302  1644 I ActivityManager: Force stopping com.litatom.app appid=10038 user=0: from pid 1698
09-19 11:55:21.823  1302  1644 I ActivityManager: Killing 3504:com.litatom.app/u0a38 (adj 0): stop com.litatom.app
09-19 11:55:21.828  1302  1644 D ActivityManager: cleanUpApplicationRecord -- 3504
09-19 11:55:21.837  1302  1545 D GraphicsStats: Buffer count: 4
09-19 11:55:21.838  1302  5332 D sensor_hal: cb_setDelay handle=0 delay-ns=200000000
09-19 11:55:21.846  1302  1347 W InputDispatcher: channel '82d71ef com.litatom.app/com.lit.app.party.list.PartyListActivity (server)' ~ Consumer closed input channel or an error occurred.  events=0x9
09-19 11:55:21.846  1302  1347 E InputDispatcher: channel '82d71ef com.litatom.app/com.lit.app.party.list.PartyListActivity (server)' ~ Channel is unrecoverably broken and will be disposed!
09-19 11:55:21.846  1302  5331 D ConnectivityService: ConnectivityService NetworkRequestInfo binderDied(NetworkRequest [ LISTEN id=12, [ Transports: CELLULAR|WIFI|ETHERNET Capabilities: NOT_RESTRICTED&TRUSTED&NOT_VPN&FOREGROUND] ], android.os.BinderProxy@e6f2701)
09-19 11:55:21.846  1302  5329 D ConnectivityService: ConnectivityService NetworkRequestInfo binderDied(NetworkRequest [ TRACK_DEFAULT id=15, [ Capabilities: INTERNET&NOT_RESTRICTED&TRUSTED&NOT_VPN] ], android.os.BinderProxy@d8bafe7)
09-19 11:55:21.846  1302  1314 D ConnectivityService: ConnectivityService NetworkRequestInfo binderDied(NetworkRequest [ TRACK_DEFAULT id=13, [ Capabilities: INTERNET&NOT_RESTRICTED&TRUSTED&NOT_VPN] ], android.os.BinderProxy@efc19a6)
09-19 11:55:21.846  1302  3020 D ConnectivityService: ConnectivityService NetworkRequestInfo binderDied(NetworkRequest [ LISTEN id=16, [ Capabilities: INTERNET&NOT_RESTRICTED&TRUSTED&FOREGROUND] ], android.os.BinderProxy@7bc7794)
09-19 11:55:21.846  1302  1347 W InputDispatcher: channel '35f57a3 com.litatom.app/com.lit.app.party.list.PartyListActivity (server)' ~ Consumer closed input channel or an error occurred.  events=0x9
09-19 11:55:21.847  1302  3016 D ConnectivityService: ConnectivityService NetworkRequestInfo binderDied(NetworkRequest [ LISTEN id=14, [ Transports: CELLULAR|WIFI|ETHERNET Capabilities: NOT_RESTRICTED&TRUSTED&NOT_VPN&FOREGROUND] ], android.os.BinderProxy@826323d)
09-19 11:55:21.847  1302  3017 I WindowManager: WIN DEATH: Window{82d71ef u0 com.litatom.app/com.lit.app.party.list.PartyListActivity}
09-19 11:55:21.847  1302  1347 E InputDispatcher: channel '35f57a3 com.litatom.app/com.lit.app.party.list.PartyListActivity (server)' ~ Channel is unrecoverably broken and will be disposed!
09-19 11:55:21.847  1302  1347 W InputDispatcher: channel '6f0eb3d com.litatom.app/com.lit.app.ui.MainActivity (server)' ~ Consumer closed input channel or an error occurred.  events=0x9
09-19 11:55:21.847  1302  1347 E InputDispatcher: channel '6f0eb3d com.litatom.app/com.lit.app.ui.MainActivity (server)' ~ Channel is unrecoverably broken and will be disposed!
09-19 11:55:21.847  1302  3017 W InputDispatcher: Attempted to unregister already unregistered input channel '82d71ef com.litatom.app/com.lit.app.party.list.PartyListActivity (server)'
09-19 11:55:21.847  1302  3015 D ConnectivityService: ConnectivityService NetworkRequestInfo binderDied(NetworkRequest [ LISTEN id=17, [ Capabilities: NOT_RESTRICTED&TRUSTED&NOT_VPN&FOREGROUND] ], android.os.BinderProxy@3c02a32)
09-19 11:55:21.849  1302  1644 W ActivityManager: Force removing ActivityRecord{4019288 u0 com.litatom.app/com.lit.app.party.list.PartyListActivity t5}: app died, no saved state
09-19 11:55:21.852  1302  1617 I WindowManager: WIN DEATH: Window{35f57a3 u0 com.litatom.app/com.lit.app.party.list.PartyListActivity}
09-19 11:55:21.852  1302  1617 W InputDispatcher: Attempted to unregister already unregistered input channel '35f57a3 com.litatom.app/com.lit.app.party.list.PartyListActivity (server)'
09-19 11:55:21.868  1302  1545 I WindowManager: WIN DEATH: Window{6f0eb3d u0 com.litatom.app/com.lit.app.ui.MainActivity}
09-19 11:55:21.868  1302  1545 W InputDispatcher: Attempted to unregister already unregistered input channel '6f0eb3d com.litatom.app/com.lit.app.ui.MainActivity (server)'
09-19 11:55:21.888  1302  1644 W ActivityManager: Force removing ActivityRecord{3135eda u0 com.litatom.app/com.lit.app.ui.MainActivity t5}: app died, no saved state
09-19 11:55:21.911  1302  1362 E ConnectivityService: RemoteException caught trying to send a callback msg for NetworkRequest [ LISTEN id=12, [ Transports: CELLULAR|WIFI|ETHERNET Capabilities: NOT_RESTRICTED&TRUSTED&NOT_VPN&FOREGROUND] ]
09-19 11:55:21.911  1302  1362 D ConnectivityService: releasing NetworkRequest [ TRACK_DEFAULT id=15, [ Capabilities: INTERNET&NOT_RESTRICTED&TRUSTED&NOT_VPN] ]
09-19 11:55:21.911  1302  1362 E ConnectivityService: RemoteException caught trying to send a callback msg for NetworkRequest [ TRACK_DEFAULT id=15, [ Capabilities: INTERNET&NOT_RESTRICTED&TRUSTED&NOT_VPN] ]
09-19 11:55:21.911  1302  1362 D ConnectivityService: releasing NetworkRequest [ TRACK_DEFAULT id=13, [ Capabilities: INTERNET&NOT_RESTRICTED&TRUSTED&NOT_VPN] ]
09-19 11:55:21.912  1302  1362 E ConnectivityService: RemoteException caught trying to send a callback msg for NetworkRequest [ TRACK_DEFAULT id=13, [ Capabilities: INTERNET&NOT_RESTRICTED&TRUSTED&NOT_VPN] ]
09-19 11:55:21.912  1302  1362 E ConnectivityService: RemoteException caught trying to send a callback msg for NetworkRequest [ LISTEN id=16, [ Capabilities: INTERNET&NOT_RESTRICTED&TRUSTED&FOREGROUND] ]
09-19 11:55:21.912  1302  1362 E ConnectivityService: RemoteException caught trying to send a callback msg for NetworkRequest [ LISTEN id=14, [ Transports: CELLULAR|WIFI|ETHERNET Capabilities: NOT_RESTRICTED&TRUSTED&NOT_VPN&FOREGROUND] ]
09-19 11:55:21.912  1302  1362 E ConnectivityService: RemoteException caught trying to send a callback msg for NetworkRequest [ LISTEN id=17, [ Capabilities: NOT_RESTRICTED&TRUSTED&NOT_VPN&FOREGROUND] ]
09-19 11:55:22.014  5328  5328 I appproc : exec app_process! cmdline: /system/bin com.android.commands.am.Am broadcast -a android.intent.action.TASK.CLOSE --es package com.litatom.app 
09-19 11:55:22.014  5328  5328 D AndroidRuntime: >>>>>> START com.android.internal.os.RuntimeInit uid 0 <<<<<<
09-19 11:55:22.016  5328  5328 D AndroidRuntime: CheckJNI is OFF
09-19 11:55:22.058  1698  1698 W ContextImpl: Calling a method in the system process without a qualified user: android.app.ContextImpl.startService:1358 android.content.ContextWrapper.startService:613 android.content.ContextWrapper.startService:613 com.android.coreservice.CoreBroadcastReceiver.onReceive:53 android.app.ActivityThread.handleReceiver:3073 
09-19 11:55:22.076  5328  5328 D ICU     : No timezone override file found: /data/misc/zoneinfo/current/icu/icu_tzdata.dat
09-19 11:55:22.092  5328  5328 D libnativebridge: PreInitializeNativeBridge name=unknown instruction_set=x86
09-19 11:55:22.092  5328  5328 D libnativebridge: call UnloadNativeBridge! state=1
09-19 11:55:22.100  1302  5330 W ActivityManager: Spurious death for ProcessRecord{97d8ac8 0:com.litatom.app/u0a38}, curProc for 3504: null
09-19 11:55:22.112  1549  1549 E PhoneInterfaceManager: [PhoneIntfMgr] getCarrierPackageNamesForIntent: No UICC
09-19 11:55:22.112  1549  1549 D CarrierSvcBindHelper: No carrier app for: 0
09-19 11:55:22.126  1302  5330 W ActivityManager: Request to remove task ignored for non-existent task 5
09-19 11:55:22.132  1698  1698 W ContextImpl: Calling a method in the system process without a qualified user: android.app.ContextImpl.sendBroadcast:893 android.content.ContextWrapper.sendBroadcast:426 com.android.coreservice.TabManager.notifyClosing:345 com.android.coreservice.TabManager.updateInner:182 com.android.coreservice.TabManager.onUpdate:217 
09-19 11:55:22.133  1698  1698 I CoreService: notifyClosing notify tab closed taskPackageName:com.litatom.app
09-19 11:55:22.133  1698  1698 W ContextImpl: Calling a method in the system process without a qualified user: android.app.ContextImpl.startService:1358 android.content.ContextWrapper.startService:613 android.content.ContextWrapper.startService:613 com.android.coreservice.CoreBroadcastReceiver.onReceive:44 android.app.ActivityThread.handleReceiver:3073 
09-19 11:55:22.134  1698  1698 W ContextImpl: Calling a method in the system process without a qualified user: android.app.ContextImpl.startService:1358 android.content.ContextWrapper.startService:613 android.content.ContextWrapper.startService:613 com.android.coreservice.CoreBroadcastReceiver.onReceive:53 android.app.ActivityThread.handleReceiver:3073 
09-19 11:55:22.138  5328  5328 E memtrack: Couldn't load memtrack module (No such file or directory)
09-19 11:55:22.138  5328  5328 E android.os.Debug: failed to load memtrack module: -2
09-19 11:55:22.139  5328  5328 I Radio-JNI: register_android_hardware_Radio DONE
09-19 11:55:22.148  5328  5328 D AndroidRuntime: Calling main entry com.android.commands.am.Am
09-19 11:55:22.150  1105  1105 D ldinit  : Broadcasting: Intent { act=android.intent.action.TASK.CLOSE (has extras) }
09-19 11:55:22.156  1302  3018 E ActivityManager: Sending non-protected broadcast android.intent.action.TASK.CLOSE from system uid 0 pkg null
09-19 11:55:22.156  1302  3018 E ActivityManager: java.lang.Throwable
09-19 11:55:22.156  1302  3018 E ActivityManager: 	at com.android.server.am.ActivityManagerService.checkBroadcastFromSystem(ActivityManagerService.java:18113)
09-19 11:55:22.156  1302  3018 E ActivityManager: 	at com.android.server.am.ActivityManagerService.broadcastIntentLocked(ActivityManagerService.java:18680)
09-19 11:55:22.156  1302  3018 E ActivityManager: 	at com.android.server.am.ActivityManagerService.broadcastIntent(ActivityManagerService.java:18771)
09-19 11:55:22.156  1302  3018 E ActivityManager: 	at android.app.ActivityManagerNative.onTransact(ActivityManagerNative.java:499)
09-19 11:55:22.156  1302  3018 E ActivityManager: 	at com.android.server.am.ActivityManagerService.onTransact(ActivityManagerService.java:2820)
09-19 11:55:22.156  1302  3018 E ActivityManager: 	at android.os.Binder.execTransact(Binder.java:565)
09-19 11:55:22.186  1752  1948 E EGL_adreno: tid 1948: eglSurfaceAttrib(1338): error 0x3009 (EGL_BAD_MATCH)
09-19 11:55:22.186  1752  1948 W OpenGLRenderer: Failed to set EGL_SWAP_BEHAVIOR on surface 0xa789fa40, error=EGL_BAD_MATCH
09-19 11:55:22.205  1698  1698 W ContextImpl: Calling a method in the system process without a qualified user: android.app.ContextImpl.startService:1358 android.content.ContextWrapper.startService:613 android.content.ContextWrapper.startService:613 com.android.coreservice.CoreBroadcastReceiver.onReceive:69 android.app.ActivityThread.handleReceiver:3073 
09-19 11:55:22.211  1105  1105 D ldinit  : Broadcast completed: result=0
09-19 11:55:22.211  5328  5328 D AndroidRuntime: Shutting down VM
09-19 11:55:22.213  1752  1948 D EGL_adreno: eglMakeCurrent: 0xb6e9b540: ver 3 1 (tinfo 0xa5813030)
09-19 11:55:22.726  1752  1948 W OpenGLRenderer: Incorrectly called buildLayer on View: ShortcutAndWidgetContainer, destroying layer...
09-19 11:55:22.821  1105  1105 D ldinit  : ld_exec_cmd am broadcast -a com.ldmnq.APP_KILL --es packageName com.litatom.app --es pos pc
09-19 11:55:22.821  1105  1105 D ldinit  : result:
09-19 11:55:22.937  5343  5343 I appproc : exec app_process! cmdline: /system/bin com.android.commands.am.Am broadcast -a com.ldmnq.APP_KILL --es packageName com.litatom.app --es pos pc 
09-19 11:55:22.937  5343  5343 D AndroidRuntime: >>>>>> START com.android.internal.os.RuntimeInit uid 0 <<<<<<
09-19 11:55:22.938  5343  5343 D AndroidRuntime: CheckJNI is OFF
09-19 11:55:22.959  5343  5343 D ICU     : No timezone override file found: /data/misc/zoneinfo/current/icu/icu_tzdata.dat
09-19 11:55:22.965  5343  5343 D libnativebridge: PreInitializeNativeBridge name=unknown instruction_set=x86
09-19 11:55:22.965  5343  5343 D libnativebridge: call UnloadNativeBridge! state=1
09-19 11:55:22.977  5343  5343 E memtrack: Couldn't load memtrack module (No such file or directory)
09-19 11:55:22.977  5343  5343 E android.os.Debug: failed to load memtrack module: -2
09-19 11:55:22.978  5343  5343 I Radio-JNI: register_android_hardware_Radio DONE
09-19 11:55:22.982  5343  5343 D AndroidRuntime: Calling main entry com.android.commands.am.Am
09-19 11:55:22.983  1105  1105 D ldinit  : Broadcasting: Intent { act=com.ldmnq.APP_KILL (has extras) }
09-19 11:55:22.983  1302  5330 E ActivityManager: Sending non-protected broadcast com.ldmnq.APP_KILL from system uid 0 pkg null
09-19 11:55:22.983  1302  5330 E ActivityManager: java.lang.Throwable
09-19 11:55:22.983  1302  5330 E ActivityManager: 	at com.android.server.am.ActivityManagerService.checkBroadcastFromSystem(ActivityManagerService.java:18113)
09-19 11:55:22.983  1302  5330 E ActivityManager: 	at com.android.server.am.ActivityManagerService.broadcastIntentLocked(ActivityManagerService.java:18680)
09-19 11:55:22.983  1302  5330 E ActivityManager: 	at com.android.server.am.ActivityManagerService.broadcastIntent(ActivityManagerService.java:18771)
09-19 11:55:22.983  1302  5330 E ActivityManager: 	at android.app.ActivityManagerNative.onTransact(ActivityManagerNative.java:499)
09-19 11:55:22.983  1302  5330 E ActivityManager: 	at com.android.server.am.ActivityManagerService.onTransact(ActivityManagerService.java:2820)
09-19 11:55:22.983  1302  5330 E ActivityManager: 	at android.os.Binder.execTransact(Binder.java:565)
09-19 11:55:22.986  1819  1819 D EventBus: No subscribers registered for event class com.android.flysilkworm.b.a.e
09-19 11:55:22.986  1819  1819 D EventBus: No subscribers registered for event class org.greenrobot.eventbus.h
09-19 11:55:22.986  1105  1105 D ldinit  : Broadcast completed: result=0
09-19 11:55:22.986  5343  5343 D AndroidRuntime: Shutting down VM
09-19 11:55:24.832  1114  1134 D audio_hw_hal: log_func, out_standby
09-19 11:55:24.832  1114  1134 D audio_hw_hal: raw_close_output_stream, dev=0xc6f0a0c0, stream =0xc6f05140
09-19 11:55:24.832  1114  1134 D audio_hw_hal: raw_close_output_stream, stream=0xc6f05140,  success!
09-19 11:55:53.282  1302  1357 D WifiNative-HAL: Failing getSupportedFeatureset because HAL isn't started
09-19 11:55:53.283  1302  1319 E BatteryStatsService: no controller energy info supplied
09-19 11:55:53.283  1302  1319 E BatteryStatsService: no controller energy info supplied
09-19 11:55:53.293  1549  1549 E PhoneInterfaceManager: [PhoneIntfMgr] queryModemActivityInfo: Empty response
09-19 11:55:53.303  1302  1319 E KernelCpuSpeedReader: Failed to read cpu-freq: /sys/devices/system/cpu/cpu0/cpufreq/stats/time_in_state (No such file or directory)
09-19 11:55:53.303  1302  1319 E KernelUidCpuTimeReader: Failed to read uid_cputime: /proc/uid_cputime/show_uid_stat (No such file or directory)
09-19 11:55:53.303  1302  1319 E BatteryStatsService: modem info is invalid: ModemActivityInfo{ mTimestamp=0 mSleepTimeMs=0 mIdleTimeMs=0 mTxTimeMs[]=[0, 0, 0, 0, 0] mRxTimeMs=0 mEnergyUsed=0}
09-19 11:56:00.008  1302  1316 I ProcessStatsService: Prepared write state in 6ms
09-19 11:56:00.010  1302  1316 I ProcessStatsService: Prepared write state in 1ms
09-19 11:56:00.011  1302  1315 I ProcessStatsService: Pruning old procstats: /data/system/procstats/state-2022-08-26-21-27-10.bin
09-19 11:56:41.765  1302  1357 D WifiStateMachine: setScanResults mScanResults.size=1
09-19 11:59:21.766  1302  1357 D WifiStateMachine: setScanResults mScanResults.size=1
09-19 12:00:51.706  5362  5362 I appproc : exec app_process! cmdline: /system/bin com.android.commands.wm.Wm size 
09-19 12:00:51.706  5362  5362 D AndroidRuntime: >>>>>> START com.android.internal.os.RuntimeInit uid 0 <<<<<<
09-19 12:00:51.707  5362  5362 D AndroidRuntime: CheckJNI is OFF
09-19 12:00:51.725  5362  5362 D ICU     : No timezone override file found: /data/misc/zoneinfo/current/icu/icu_tzdata.dat
09-19 12:00:51.730  5362  5362 D libnativebridge: PreInitializeNativeBridge name=unknown instruction_set=x86
09-19 12:00:51.730  5362  5362 D libnativebridge: call UnloadNativeBridge! state=1
09-19 12:00:51.736  5362  5362 E memtrack: Couldn't load memtrack module (No such file or directory)
09-19 12:00:51.736  5362  5362 E android.os.Debug: failed to load memtrack module: -2
09-19 12:00:51.736  5362  5362 I Radio-JNI: register_android_hardware_Radio DONE
09-19 12:00:51.740  5362  5362 D AndroidRuntime: Calling main entry com.android.commands.wm.Wm
09-19 12:00:51.741  5362  5362 D AndroidRuntime: Shutting down VM
09-19 12:00:51.990  5378  5378 I appproc : exec app_process! cmdline: /system/bin com.android.commands.am.Am start -n com.litatom.app/com.lit.app.party.PartyChatActivity 
09-19 12:00:51.991  5378  5378 D AndroidRuntime: >>>>>> START com.android.internal.os.RuntimeInit uid 0 <<<<<<
09-19 12:00:51.992  5378  5378 D AndroidRuntime: CheckJNI is OFF
09-19 12:00:52.013  5378  5378 D ICU     : No timezone override file found: /data/misc/zoneinfo/current/icu/icu_tzdata.dat
09-19 12:00:52.018  5378  5378 D libnativebridge: PreInitializeNativeBridge name=unknown instruction_set=x86
09-19 12:00:52.018  5378  5378 D libnativebridge: call UnloadNativeBridge! state=1
09-19 12:00:52.023  5378  5378 E memtrack: Couldn't load memtrack module (No such file or directory)
09-19 12:00:52.023  5378  5378 E android.os.Debug: failed to load memtrack module: -2
09-19 12:00:52.023  5378  5378 I Radio-JNI: register_android_hardware_Radio DONE
09-19 12:00:52.026  5378  5378 D AndroidRuntime: Calling main entry com.android.commands.am.Am
09-19 12:00:52.028  1302  1617 I ActivityManager: START u0 {flg=0x10000000 cmp=com.litatom.app/com.lit.app.party.PartyChatActivity} from uid 0 on display 0
09-19 12:00:52.031  5378  5378 D AndroidRuntime: Shutting down VM
09-19 12:00:52.031  1698  1698 W ContextImpl: Calling a method in the system process without a qualified user: android.app.ContextImpl.startService:1358 android.content.ContextWrapper.startService:613 android.content.ContextWrapper.startService:613 com.android.coreservice.CoreBroadcastReceiver.onReceive:44 android.app.ActivityThread.handleReceiver:3073 
09-19 12:00:52.044  5388  5388 D libnativebridge: PreInitializeNativeBridge name=zygote instruction_set=arm
09-19 12:00:52.044  5388  5388 V libnb   : enter native_bridge2_initialize /data/user/0/com.litatom.app/code_cache arm
09-19 12:00:52.046  5388  5388 D houdini : [5388] Initialize library(version: 7.1.1b_x.49852 RELEASE)... successfully.
09-19 12:00:52.066  1302  5330 I ActivityManager: Start proc 5388:com.litatom.app/u0a38 for activity com.litatom.app/com.lit.app.party.PartyChatActivity
09-19 12:00:52.085  1698  1698 W ContextImpl: Calling a method in the system process without a qualified user: android.app.ContextImpl.startService:1358 android.content.ContextWrapper.startService:613 android.content.ContextWrapper.startService:613 com.android.coreservice.CoreBroadcastReceiver.onReceive:53 android.app.ActivityThread.handleReceiver:3073 
09-19 12:00:52.254  5402  5402 I appproc : exec app_process! cmdline: /system/bin com.android.commands.monkey.Monkey -p com.litatom.app --throttle 500 --ignore-timeouts --ignore-crashes --monitor-native-crashes -v -v -v 500 
09-19 12:00:52.254  5402  5402 D AndroidRuntime: >>>>>> START com.android.internal.os.RuntimeInit uid 0 <<<<<<
09-19 12:00:52.255  5402  5402 D AndroidRuntime: CheckJNI is OFF
09-19 12:00:52.275  5402  5402 D ICU     : No timezone override file found: /data/misc/zoneinfo/current/icu/icu_tzdata.dat
09-19 12:00:52.280  5402  5402 D libnativebridge: PreInitializeNativeBridge name=unknown instruction_set=x86
09-19 12:00:52.280  5402  5402 D libnativebridge: call UnloadNativeBridge! state=1
09-19 12:00:52.287  5402  5402 E memtrack: Couldn't load memtrack module (No such file or directory)
09-19 12:00:52.287  5402  5402 E android.os.Debug: failed to load memtrack module: -2
09-19 12:00:52.287  5402  5402 I Radio-JNI: register_android_hardware_Radio DONE
09-19 12:00:52.291  5402  5402 D AndroidRuntime: Calling main entry com.android.commands.monkey.Monkey
09-19 12:00:52.336  1302  1316 W BroadcastQueue: Skipping deliver [background] BroadcastRecord{bb6edc4 u-1 android.net.conn.CONNECTIVITY_CHANGE} to ReceiverList{2ed24ad 5402 (unknown name)/0/u-1 remote:1543856}: process crashing
09-19 12:00:52.388  1302  5329 I ActivityManager: START u0 {act=android.intent.action.MAIN cat=[android.intent.category.LAUNCHER] flg=0x10200000 cmp=com.litatom.app/com.lit.app.ui.SplashActivity} from uid 0 on display 0
09-19 12:00:52.552  5388  5420 W GooglePlayServicesUtil: com.litatom.app requires the Google Play Store, but it is missing.
09-19 12:00:52.560  5388  5421 V FA      : Deferring to Google Analytics for Firebase for event data collection. https://goo.gl/J1sWQy
09-19 12:00:52.562  5388  5421 E ActivityThread: Failed to find provider info for com.google.android.gms.chimera
09-19 12:00:52.563  5388  5421 W DynamiteModule: Failed to retrieve remote module version.
09-19 12:00:52.563  5388  5421 E DynamiteModule: Failed to load IDynamiteLoader from GmsCore: Application package com.google.android.gms not found
09-19 12:00:52.563  5388  5421 I DynamiteModule: Considering local module com.google.android.gms.ads.dynamite:214106404 and remote module com.google.android.gms.ads.dynamite:0
09-19 12:00:52.563  5388  5421 I DynamiteModule: Selected local version of com.google.android.gms.ads.dynamite
09-19 12:00:52.563  5388  5426 E DynamiteModule: Failed to load IDynamiteLoader from GmsCore: Application package com.google.android.gms not found
09-19 12:00:52.563  5388  5426 I DynamiteModule: Considering local module com.google.android.gms.measurement.dynamite:51 and remote module com.google.android.gms.measurement.dynamite:0
09-19 12:00:52.563  5388  5426 I DynamiteModule: Selected local version of com.google.android.gms.measurement.dynamite
09-19 12:00:52.564  5388  5422 W GooglePlayServicesUtil: com.litatom.app requires the Google Play Store, but it is missing.
09-19 12:00:52.564  5388  5421 W Ads     : #007 Could not call remote method. @2
09-19 12:00:52.564  5388  5421 W Ads     : com.google.android.gms.internal.ads.zzcjc: com.google.android.gms.dynamite.DynamiteModule$LoadingException: Failed to instantiate module class: com.google.android.gms.ads.measurement.DynamiteMeasurementManager
09-19 12:00:52.564  5388  5421 W Ads     : 	at com.google.android.gms.internal.ads.zzcjd.zzb(com.google.android.gms:play-services-ads-lite@@20.6.0:2)
