09-19 12:00:52.564  5388  5421 W Ads     : 	at com.google.android.gms.internal.ads.zzbwz.run(com.google.android.gms:play-services-ads-lite@@20.6.0:11)
09-19 12:00:52.564  5388  5421 W Ads     : 	at java.lang.Thread.run(Thread.java:761)
09-19 12:00:52.564  5388  5421 W Ads     : Caused by: com.google.android.gms.dynamite.DynamiteModule$LoadingException: Failed to instantiate module class: com.google.android.gms.ads.measurement.DynamiteMeasurementManager
09-19 12:00:52.564  5388  5421 W Ads     : 	at com.google.android.gms.dynamite.DynamiteModule.instantiate(com.google.android.gms:play-services-basement@@18.0.0:3)
09-19 12:00:52.564  5388  5421 W Ads     : 	at com.google.android.gms.internal.ads.zzcjd.zzb(com.google.android.gms:play-services-ads-lite@@20.6.0:1)
09-19 12:00:52.564  5388  5421 W Ads     : 	... 2 more
09-19 12:00:52.564  5388  5421 W Ads     : Caused by: java.lang.ClassNotFoundException: Didn't find class "com.google.android.gms.ads.measurement.DynamiteMeasurementManager" on path: DexPathList[[zip file "/data/app/com.litatom.app-1/base.apk"],nativeLibraryDirectories=[/data/app/com.litatom.app-1/lib/arm, /data/app/com.litatom.app-1/base.apk!/lib/armeabi-v7a, /system/lib, /vendor/lib]]
09-19 12:00:52.564  5388  5421 W Ads     : 	at dalvik.system.BaseDexClassLoader.findClass(BaseDexClassLoader.java:56)
09-19 12:00:52.564  5388  5421 W Ads     : 	at java.lang.ClassLoader.loadClass(ClassLoader.java:380)
09-19 12:00:52.564  5388  5421 W Ads     : 	at java.lang.ClassLoader.loadClass(ClassLoader.java:312)
09-19 12:00:52.564  5388  5421 W Ads     : 	at com.google.android.gms.dynamite.DynamiteModule.instantiate(com.google.android.gms:play-services-basement@@18.0.0:1)
09-19 12:00:52.564  5388  5421 W Ads     : 	... 3 more
09-19 12:00:52.564  5388  5422 W GoogleApiManager: The service for com.google.android.gms.internal.appset.zzd is not available: ConnectionResult{statusCode=SERVICE_INVALID, resolution=null, message=null}
09-19 12:00:52.566  5388  5426 E DynamiteModule: Failed to load IDynamiteLoader from GmsCore: Application package com.google.android.gms not found
09-19 12:00:52.585  5388  5388 I FirebaseApp: Device unlocked: initializing all Firebase APIs for app [DEFAULT]
09-19 12:00:52.609  5388  5388 I FirebaseInitProvider: FirebaseApp initialization successful
09-19 12:00:52.614  5388  5441 E FirebaseMessaging: Google Play services missing or without correct permission.
09-19 12:00:52.629  5388  5427 I FA      : App measurement initialized, version: 42004
09-19 12:00:52.629  5388  5427 I FA      : To enable debug logging run: adb shell setprop log.tag.FA VERBOSE
09-19 12:00:52.629  5388  5427 I FA      : To enable faster debug mode event logging run:
09-19 12:00:52.629  5388  5427 I FA      :   adb shell setprop debug.firebase.analytics.app com.litatom.app
09-19 12:00:52.641  5388  5427 W GooglePlayServicesUtil: com.litatom.app requires the Google Play Store, but it is missing.
09-19 12:00:52.641  5388  5427 W FA      : Service invalid
09-19 12:00:52.650  5388  5388 W b.p.x0  : You haven't set a value for AdvertiserIDCollectionEnabled. Set the flag to TRUE if you want to collect Advertiser ID for better advertising and analytics results. To request user consent before collecting data, set the flag value to FALSE, then change to TRUE once user consent is received. Learn more: https://developers.facebook.com/docs/app-events/getting-started-app-events-android#disable-auto-events.
09-19 12:00:52.655  5388  5450 W com.facebook.internal.c1: Apps that target Android API 30+ (Android 11+) cannot call Facebook native apps unless the package visibility needs are declared. Please follow https://developers.facebook.com/docs/android/troubleshooting/#faq_267321845055988 to make the declaration.
09-19 12:00:52.662  5388  5388 D DRouterCore: [LoadProvider] onCreate and DRouter set application | com.lit.app.LitApplication@58bcdae
09-19 12:00:52.662  5388  5388 D DRouterCore: drouter is debug: false
09-19 12:00:52.667  5388  5388 I MMKV    : Disable checkProcessMode()
09-19 12:00:52.673  5388  5388 V libnb   : enter native_bridge2_isSupported /data/app/com.litatom.app-1/lib/arm/libmmkv.so
09-19 12:00:52.673  5388  5388 V libnb   : enter native_bridge2_loadLibrary /data/app/com.litatom.app-1/lib/arm/libmmkv.so
09-19 12:00:52.898  1302  5331 W InputMethodManagerService: Window already focused, ignoring focus gain of: com.android.internal.view.IInputMethodClient$Stub$Proxy@249fc2e attribute=null, token = android.os.BinderProxy@e55e60
09-19 12:00:52.898  1698  1698 W ContextImpl: Calling a method in the system process without a qualified user: android.app.ContextImpl.startService:1358 android.content.ContextWrapper.startService:613 android.content.ContextWrapper.startService:613 com.android.coreservice.CoreBroadcastReceiver.onReceive:44 android.app.ActivityThread.handleReceiver:3073 
09-19 12:00:52.907  5388  5388 D houdini : [5388] Added shared library /data/app/com.litatom.app-1/lib/arm/libmmkv.so for ClassLoader by Native Bridge.
09-19 12:00:52.907  5388  5388 V libnb   : enter native_bridge2_getTrampoline JNI_OnLoad, trampoline_addr 0xb8fc0fc4
09-19 12:00:52.907  5388  5388 I MMKV    : <native-bridge.cpp:104::JNI_OnLoad> current API level = 25, libc++_shared=0
09-19 12:00:52.907  5388  5388 I MMKV    : <MMKV.cpp:165::initialize> version v1.2.13, page size 4096, arch armeabi-v7a/NEON
09-19 12:00:52.908  5388  5388 I MMKV    : <MMKV.cpp:207::initializeMMKV> root dir: /data/user/0/com.litatom.app/files/mmkv
09-19 12:00:52.914  5388  5388 I MMKV    : <MemoryFile.cpp:97::open> open fd[0x27], /data/user/0/com.litatom.app/files/mmkv/lit_app_default_kv
09-19 12:00:52.914  5388  5388 I MMKV    : <MemoryFile.cpp:97::open> open fd[0x28], /data/user/0/com.litatom.app/files/mmkv/lit_app_default_kv.crc
09-19 12:00:52.920  5388  5454 D FBAudienceNetwork: SDK dex loading time: 256
09-19 12:00:52.935  5388  5388 I MMKV    : <MMKV_IO.cpp:81::loadFromFile> loading [lit_app_default_kv] with 36561 actual size, file size 65536, InterProcess 0, meta info version:3
09-19 12:00:52.935  5388  5388 I MMKV    : <MMKV_IO.cpp:86::loadFromFile> loading [lit_app_default_kv] with crc 2494976132 sequence 3 version 3
09-19 12:00:52.935  5388  5388 I MMKV    : <MMKV_IO.cpp:130::loadFromFile> loaded [lit_app_default_kv] with 12 key-values
09-19 12:00:52.964  5388  5393 I art     : Do partial code cache collection, code=30KB, data=26KB
09-19 12:00:52.965  5388  5393 I art     : After code cache collection, code=30KB, data=26KB
09-19 12:00:52.965  5388  5393 I art     : Increasing code cache capacity to 128KB
09-19 12:00:52.985  5388  5388 V libnb   : enter native_bridge2_isSupported /data/app/com.litatom.app-1/lib/arm/libBugly-ext.so
09-19 12:00:52.985  5388  5388 V libnb   : enter native_bridge2_loadLibrary /data/app/com.litatom.app-1/lib/arm/libBugly-ext.so
09-19 12:00:52.986  5388  5388 D houdini : [5388] Added shared library /data/app/com.litatom.app-1/lib/arm/libBugly-ext.so for ClassLoader by Native Bridge.
09-19 12:00:52.986  5388  5388 V libnb   : enter native_bridge2_getTrampoline JNI_OnLoad, trampoline_addr 0xb8fc02a4
09-19 12:00:52.987  5388  5388 I CrashReport-Native: register native abi method success
09-19 12:00:52.997  1302  1316 W BroadcastQueue: Permission Denial: broadcasting Intent { act=android.net.conn.CONNECTIVITY_CHANGE flg=0x4000010 (has extras) } from null (pid=-1, uid=-1) requires com.tencent.bugly.BuglyBroadcastReceiver.permission due to registered receiver BroadcastFilter{cfb3c65 u0 ReceiverList{704315c 5388 com.litatom.app/10038/u0 remote:dea93cf}}
09-19 12:00:53.015  5388  5388 V libnb   : enter native_bridge2_isSupported /data/app/com.litatom.app-1/lib/arm/libguard.so
09-19 12:00:53.015  5388  5388 V libnb   : enter native_bridge2_loadLibrary /data/app/com.litatom.app-1/lib/arm/libguard.so
09-19 12:00:53.018  5388  5388 D houdini : [5388] Added shared library /data/app/com.litatom.app-1/lib/arm/libguard.so for ClassLoader by Native Bridge.
09-19 12:00:53.018  5388  5388 V libnb   : enter native_bridge2_getTrampoline JNI_OnLoad, trampoline_addr 0x0
09-19 12:00:53.018  5388  5388 V libnb   : enter native_bridge2_getTrampoline Java_com_litatom_libguard_LibGuard_initLib, trampoline_addr 0x0
09-19 12:00:53.018  5388  5388 V libnb   : enter native_bridge2_getTrampoline Java_com_litatom_libguard_LibGuard_initLib__Landroid_content_Context_2, trampoline_addr 0x0
09-19 12:00:53.018  5388  5388 V libnb   : enter native_bridge2_getTrampoline Java_com_litatom_libguard_LibGuard_initLib, trampoline_addr 0xb674efc4
09-19 12:00:53.036  5388  5388 V libnb   : enter native_bridge2_isSupported /data/app/com.litatom.app-1/lib/arm/libliteye.so
09-19 12:00:53.036  5388  5388 V libnb   : enter native_bridge2_loadLibrary /data/app/com.litatom.app-1/lib/arm/libliteye.so
09-19 12:00:53.042  5388  5388 D houdini : [5388] Added shared library /data/app/com.litatom.app-1/lib/arm/libliteye.so for ClassLoader by Native Bridge.
09-19 12:00:53.042  5388  5388 V libnb   : enter native_bridge2_getTrampoline JNI_OnLoad, trampoline_addr 0xb674ef8c
09-19 12:00:53.043  5388  5388 I LitEye.SDK: init: filesdir = /data/user/0/com.litatom.app/files
09-19 12:00:53.044  5388  5388 I MMKV    : <MemoryFile.cpp:97::open> open fd[0x2f], /data/user/0/com.litatom.app/files/mmkv/mmkv.default
09-19 12:00:53.044  5388  5388 I MMKV    : <MemoryFile.cpp:97::open> open fd[0x30], /data/user/0/com.litatom.app/files/mmkv/mmkv.default.crc
09-19 12:00:53.045  5388  5388 I MMKV    : <MMKV_IO.cpp:81::loadFromFile> loading [mmkv.default] with 299067 actual size, file size 524288, InterProcess 0, meta info version:3
09-19 12:00:53.045  5388  5388 I MMKV    : <MMKV_IO.cpp:86::loadFromFile> loading [mmkv.default] with crc 3014570185 sequence 2 version 3
09-19 12:00:53.045  5388  5388 I MMKV    : <MMKV_IO.cpp:130::loadFromFile> loaded [mmkv.default] with 10 key-values
09-19 12:00:53.052  5388  5474 V libnb   : enter native_bridge2_isSupported /data/app/com.litatom.app-1/lib/arm/libc++_shared.so
09-19 12:00:53.052  5388  5474 V libnb   : enter native_bridge2_loadLibrary /data/app/com.litatom.app-1/lib/arm/libc++_shared.so
09-19 12:00:53.056  5388  5474 D houdini : [5474] Added shared library /data/app/com.litatom.app-1/lib/arm/libc++_shared.so for ClassLoader by Native Bridge.
09-19 12:00:53.056  5388  5474 V libnb   : enter native_bridge2_getTrampoline JNI_OnLoad, trampoline_addr 0x0
09-19 12:00:53.057  5388  5474 V libnb   : enter native_bridge2_isSupported /data/app/com.litatom.app-1/lib/arm/libmarsxlog.so
09-19 12:00:53.057  5388  5474 V libnb   : enter native_bridge2_loadLibrary /data/app/com.litatom.app-1/lib/arm/libmarsxlog.so
09-19 12:00:53.061  5388  5474 D houdini : [5474] Added shared library /data/app/com.litatom.app-1/lib/arm/libmarsxlog.so for ClassLoader by Native Bridge.
09-19 12:00:53.061  5388  5474 V libnb   : enter native_bridge2_getTrampoline JNI_OnLoad, trampoline_addr 0xb674ee74
09-19 12:00:53.061  5388  5474 V libnb   : enter native_bridge2_getTrampoline Java_com_tencent_mars_xlog_Xlog_appenderOpen, trampoline_addr 0x0
09-19 12:00:53.061  5388  5474 V libnb   : enter native_bridge2_getTrampoline Java_com_tencent_mars_xlog_Xlog_appenderOpen__IILjava_lang_String_2Ljava_lang_String_2Ljava_lang_String_2ILjava_lang_String_2, trampoline_addr 0x0
09-19 12:00:53.061  5388  5474 V libnb   : enter native_bridge2_getTrampoline Java_com_tencent_mars_xlog_Xlog_appenderOpen, trampoline_addr 0x0
09-19 12:00:53.061  5388  5474 V libnb   : enter native_bridge2_getTrampoline Java_com_tencent_mars_xlog_Xlog_appenderOpen__IILjava_lang_String_2Ljava_lang_String_2Ljava_lang_String_2ILjava_lang_String_2, trampoline_addr 0x0
09-19 12:00:53.061  5388  5474 V libnb   : enter native_bridge2_getTrampoline Java_com_tencent_mars_xlog_Xlog_appenderOpen, trampoline_addr 0x0
09-19 12:00:53.061  5388  5474 V libnb   : enter native_bridge2_getTrampoline Java_com_tencent_mars_xlog_Xlog_appenderOpen__IILjava_lang_String_2Ljava_lang_String_2Ljava_lang_String_2ILjava_lang_String_2, trampoline_addr 0x0
09-19 12:00:53.061  5388  5474 V libnb   : enter native_bridge2_getTrampoline Java_com_tencent_mars_xlog_Xlog_appenderOpen, trampoline_addr 0x0
09-19 12:00:53.061  5388  5474 V libnb   : enter native_bridge2_getTrampoline Java_com_tencent_mars_xlog_Xlog_appenderOpen__IILjava_lang_String_2Ljava_lang_String_2Ljava_lang_String_2ILjava_lang_String_2, trampoline_addr 0x0
09-19 12:00:53.061  5388  5474 V libnb   : enter native_bridge2_getTrampoline Java_com_tencent_mars_xlog_Xlog_appenderOpen, trampoline_addr 0xb674ee3c
09-19 12:00:53.073  5388  5474 V libnb   : enter native_bridge2_getTrampoline Java_com_tencent_mars_xlog_Xlog_setConsoleLogOpen, trampoline_addr 0x0
09-19 12:00:53.073  5388  5474 V libnb   : enter native_bridge2_getTrampoline Java_com_tencent_mars_xlog_Xlog_setConsoleLogOpen__Z, trampoline_addr 0x0
09-19 12:00:53.073  5388  5474 V libnb   : enter native_bridge2_getTrampoline Java_com_tencent_mars_xlog_Xlog_setConsoleLogOpen, trampoline_addr 0x0
09-19 12:00:53.073  5388  5474 V libnb   : enter native_bridge2_getTrampoline Java_com_tencent_mars_xlog_Xlog_setConsoleLogOpen__Z, trampoline_addr 0x0
09-19 12:00:53.073  5388  5474 V libnb   : enter native_bridge2_getTrampoline Java_com_tencent_mars_xlog_Xlog_setConsoleLogOpen, trampoline_addr 0x0
09-19 12:00:53.073  5388  5474 V libnb   : enter native_bridge2_getTrampoline Java_com_tencent_mars_xlog_Xlog_setConsoleLogOpen__Z, trampoline_addr 0x0
09-19 12:00:53.073  5388  5474 V libnb   : enter native_bridge2_getTrampoline Java_com_tencent_mars_xlog_Xlog_setConsoleLogOpen, trampoline_addr 0x0
09-19 12:00:53.073  5388  5474 V libnb   : enter native_bridge2_getTrampoline Java_com_tencent_mars_xlog_Xlog_setConsoleLogOpen__Z, trampoline_addr 0x0
09-19 12:00:53.073  5388  5474 V libnb   : enter native_bridge2_getTrampoline Java_com_tencent_mars_xlog_Xlog_setConsoleLogOpen, trampoline_addr 0xb674ee04
09-19 12:00:53.075  5388  5388 D NetworkSecurityConfig: Using Network Security Config from resource network_security_config debugBuild: false
09-19 12:00:53.079  5388  5475 W System  : ClassLoader referenced unknown path: /system/app/Chrome/lib/x86
09-19 12:00:53.079  5388  5475 D ApplicationLoaders: ignored Vulkan layer search path /system/app/Chrome/lib/x86:/system/app/Chrome/Chrome.apk!/lib/x86:/system/lib:/vendor/lib for namespace 0xbccfa090
09-19 12:00:53.086  5388  5475 I WebViewFactory: Loading com.android.chrome version 86.0.4240.198 (code 424019821)
09-19 12:00:53.145  5388  5388 I MMKV    : <MemoryFile.cpp:97::open> open fd[0x3c], /data/user/0/com.litatom.app/files/mmkv/litmatch_abtest_sp
09-19 12:00:53.146  5388  5388 I MMKV    : <MemoryFile.cpp:97::open> open fd[0x3d], /data/user/0/com.litatom.app/files/mmkv/litmatch_abtest_sp.crc
09-19 12:00:53.159  5388  5388 I MMKV    : <MMKV_IO.cpp:81::loadFromFile> loading [litmatch_abtest_sp] with 148 actual size, file size 4096, InterProcess 0, meta info version:3
09-19 12:00:53.159  5388  5388 I MMKV    : <MMKV_IO.cpp:86::loadFromFile> loading [litmatch_abtest_sp] with crc 3177696303 sequence 1 version 3
09-19 12:00:53.159  5388  5388 I MMKV    : <MMKV_IO.cpp:130::loadFromFile> loaded [litmatch_abtest_sp] with 1 key-values
09-19 12:00:53.160  5388  5388 V libnb   : enter native_bridge2_getTrampoline Java_com_tencent_mars_xlog_Xlog_logWrite2, trampoline_addr 0x0
09-19 12:00:53.160  5388  5388 V libnb   : enter native_bridge2_getTrampoline Java_com_tencent_mars_xlog_Xlog_logWrite2__ILjava_lang_String_2Ljava_lang_String_2Ljava_lang_String_2IIJJLjava_lang_String_2, trampoline_addr 0x0
09-19 12:00:53.160  5388  5388 V libnb   : enter native_bridge2_getTrampoline Java_com_tencent_mars_xlog_Xlog_logWrite2, trampoline_addr 0x0
09-19 12:00:53.160  5388  5388 V libnb   : enter native_bridge2_getTrampoline Java_com_tencent_mars_xlog_Xlog_logWrite2__ILjava_lang_String_2Ljava_lang_String_2Ljava_lang_String_2IIJJLjava_lang_String_2, trampoline_addr 0x0
09-19 12:00:53.160  5388  5388 V libnb   : enter native_bridge2_getTrampoline Java_com_tencent_mars_xlog_Xlog_logWrite2, trampoline_addr 0x0
09-19 12:00:53.160  5388  5388 V libnb   : enter native_bridge2_getTrampoline Java_com_tencent_mars_xlog_Xlog_logWrite2__ILjava_lang_String_2Ljava_lang_String_2Ljava_lang_String_2IIJJLjava_lang_String_2, trampoline_addr 0x0
09-19 12:00:53.160  5388  5388 V libnb   : enter native_bridge2_getTrampoline Java_com_tencent_mars_xlog_Xlog_logWrite2, trampoline_addr 0x0
09-19 12:00:53.160  5388  5388 V libnb   : enter native_bridge2_getTrampoline Java_com_tencent_mars_xlog_Xlog_logWrite2__ILjava_lang_String_2Ljava_lang_String_2Ljava_lang_String_2IIJJLjava_lang_String_2, trampoline_addr 0x0
09-19 12:00:53.160  5388  5388 V libnb   : enter native_bridge2_getTrampoline Java_com_tencent_mars_xlog_Xlog_logWrite2, trampoline_addr 0xb674edcc
09-19 12:00:53.170  5388  5388 D AppsFlyer_6.5.2: Initializing AppsFlyer SDK: (v6.5.2.158)
09-19 12:00:53.183  5388  5388 V libnb   : enter native_bridge2_isSupported /data/app/com.litatom.app-1/lib/arm/libsqlcipher.so
09-19 12:00:53.183  5388  5388 V libnb   : enter native_bridge2_loadLibrary /data/app/com.litatom.app-1/lib/arm/libsqlcipher.so
09-19 12:00:53.188  5388  5388 D houdini : [5388] Added shared library /data/app/com.litatom.app-1/lib/arm/libsqlcipher.so for ClassLoader by Native Bridge.
09-19 12:00:53.188  5388  5388 V libnb   : enter native_bridge2_getTrampoline JNI_OnLoad, trampoline_addr 0x0
09-19 12:00:53.189  5388  5388 V libnb   : enter native_bridge2_isSupported /data/app/com.litatom.app-1/lib/arm/libhyphenate.so
09-19 12:00:53.189  5388  5388 V libnb   : enter native_bridge2_loadLibrary /data/app/com.litatom.app-1/lib/arm/libhyphenate.so
09-19 12:00:53.213  5388  5388 D houdini : [5388] Added shared library /data/app/com.litatom.app-1/lib/arm/libhyphenate.so for ClassLoader by Native Bridge.
09-19 12:00:53.214  5388  5388 V libnb   : enter native_bridge2_getTrampoline JNI_OnLoad, trampoline_addr 0xb674ed94
09-19 12:00:53.217  5388  5388 V libnb   : enter native_bridge2_getTrampoline Java_com_hyphenate_chat_adapter_EMAChatConfig_nativeInit, trampoline_addr 0x0
09-19 12:00:53.217  5388  5388 V libnb   : enter native_bridge2_getTrampoline Java_com_hyphenate_chat_adapter_EMAChatConfig_nativeInit__Ljava_lang_String_2Ljava_lang_String_2Ljava_lang_String_2, trampoline_addr 0x0
09-19 12:00:53.217  5388  5388 V libnb   : enter native_bridge2_getTrampoline Java_com_hyphenate_chat_adapter_EMAChatConfig_nativeInit, trampoline_addr 0x0
09-19 12:00:53.217  5388  5388 V libnb   : enter native_bridge2_getTrampoline Java_com_hyphenate_chat_adapter_EMAChatConfig_nativeInit__Ljava_lang_String_2Ljava_lang_String_2Ljava_lang_String_2, trampoline_addr 0x0
09-19 12:00:53.217  5388  5388 V libnb   : enter native_bridge2_getTrampoline Java_com_hyphenate_chat_adapter_EMAChatConfig_nativeInit, trampoline_addr 0x0
09-19 12:00:53.217  5388  5388 V libnb   : enter native_bridge2_getTrampoline Java_com_hyphenate_chat_adapter_EMAChatConfig_nativeInit__Ljava_lang_String_2Ljava_lang_String_2Ljava_lang_String_2, trampoline_addr 0x0
09-19 12:00:53.217  5388  5388 V libnb   : enter native_bridge2_getTrampoline Java_com_hyphenate_chat_adapter_EMAChatConfig_nativeInit, trampoline_addr 0xb674ed5c
09-19 12:00:53.217  5388  5388 V libnb   : enter native_bridge2_getTrampoline Java_com_hyphenate_chat_adapter_EMAChatConfig_nativesetRequireReadAck, trampoline_addr 0x0
09-19 12:00:53.217  5388  5388 V libnb   : enter native_bridge2_getTrampoline Java_com_hyphenate_chat_adapter_EMAChatConfig_nativesetRequireReadAck__Z, trampoline_addr 0x0
09-19 12:00:53.217  5388  5388 V libnb   : enter native_bridge2_getTrampoline Java_com_hyphenate_chat_adapter_EMAChatConfig_nativesetRequireReadAck, trampoline_addr 0x0
09-19 12:00:53.217  5388  5388 V libnb   : enter native_bridge2_getTrampoline Java_com_hyphenate_chat_adapter_EMAChatConfig_nativesetRequireReadAck__Z, trampoline_addr 0x0
09-19 12:00:53.217  5388  5388 V libnb   : enter native_bridge2_getTrampoline Java_com_hyphenate_chat_adapter_EMAChatConfig_nativesetRequireReadAck, trampoline_addr 0x0
09-19 12:00:53.217  5388  5388 V libnb   : enter native_bridge2_getTrampoline Java_com_hyphenate_chat_adapter_EMAChatConfig_nativesetRequireReadAck__Z, trampoline_addr 0x0
09-19 12:00:53.217  5388  5388 V libnb   : enter native_bridge2_getTrampoline Java_com_hyphenate_chat_adapter_EMAChatConfig_nativesetRequireReadAck, trampoline_addr 0xb674ed24
09-19 12:00:53.217  5388  5388 V libnb   : enter native_bridge2_getTrampoline Java_com_hyphenate_chat_adapter_EMAChatConfig_nativesetRequireDeliveryAck, trampoline_addr 0x0
09-19 12:00:53.217  5388  5388 V libnb   : enter native_bridge2_getTrampoline Java_com_hyphenate_chat_adapter_EMAChatConfig_nativesetRequireDeliveryAck__Z, trampoline_addr 0x0
09-19 12:00:53.217  5388  5388 V libnb   : enter native_bridge2_getTrampoline Java_com_hyphenate_chat_adapter_EMAChatConfig_nativesetRequireDeliveryAck, trampoline_addr 0x0
09-19 12:00:53.217  5388  5388 V libnb   : enter native_bridge2_getTrampoline Java_com_hyphenate_chat_adapter_EMAChatConfig_nativesetRequireDeliveryAck__Z, trampoline_addr 0x0
09-19 12:00:53.217  5388  5388 V libnb   : enter native_bridge2_getTrampoline Java_com_hyphenate_chat_adapter_EMAChatConfig_nativesetRequireDeliveryAck, trampoline_addr 0x0
09-19 12:00:53.217  5388  5388 V libnb   : enter native_bridge2_getTrampoline Java_com_hyphenate_chat_adapter_EMAChatConfig_nativesetRequireDeliveryAck__Z, trampoline_addr 0x0
09-19 12:00:53.217  5388  5388 V libnb   : enter native_bridge2_getTrampoline Java_com_hyphenate_chat_adapter_EMAChatConfig_nativesetRequireDeliveryAck, trampoline_addr 0xb674ecec
09-19 12:00:53.217  5388  5388 V libnb   : enter native_bridge2_getTrampoline Java_com_hyphenate_chat_adapter_EMAChatConfig_nativesetAutoAccept, trampoline_addr 0x0
09-19 12:00:53.217  5388  5388 V libnb   : enter native_bridge2_getTrampoline Java_com_hyphenate_chat_adapter_EMAChatConfig_nativesetAutoAccept__Z, trampoline_addr 0x0
09-19 12:00:53.217  5388  5388 V libnb   : enter native_bridge2_getTrampoline Java_com_hyphenate_chat_adapter_EMAChatConfig_nativesetAutoAccept, trampoline_addr 0x0
09-19 12:00:53.217  5388  5388 V libnb   : enter native_bridge2_getTrampoline Java_com_hyphenate_chat_adapter_EMAChatConfig_nativesetAutoAccept__Z, trampoline_addr 0x0
09-19 12:00:53.217  5388  5388 V libnb   : enter native_bridge2_getTrampoline Java_com_hyphenate_chat_adapter_EMAChatConfig_nativesetAutoAccept, trampoline_addr 0x0
09-19 12:00:53.217  5388  5388 V libnb   : enter native_bridge2_getTrampoline Java_com_hyphenate_chat_adapter_EMAChatConfig_nativesetAutoAccept__Z, trampoline_addr 0x0
09-19 12:00:53.217  5388  5388 V libnb   : enter native_bridge2_getTrampoline Java_com_hyphenate_chat_adapter_EMAChatConfig_nativesetAutoAccept, trampoline_addr 0xb674ecb4
09-19 12:00:53.217  5388  5388 V libnb   : enter native_bridge2_getTrampoline Java_com_hyphenate_chat_adapter_EMAChatConfig_nativesetDeleteMessageAsExitGroup, trampoline_addr 0x0
09-19 12:00:53.217  5388  5388 V libnb   : enter native_bridge2_getTrampoline Java_com_hyphenate_chat_adapter_EMAChatConfig_nativesetDeleteMessageAsExitGroup__Z, trampoline_addr 0x0
09-19 12:00:53.218  5388  5388 V libnb   : enter native_bridge2_getTrampoline Java_com_hyphenate_chat_adapter_EMAChatConfig_nativesetDeleteMessageAsExitGroup, trampoline_addr 0x0
09-19 12:00:53.218  5388  5388 V libnb   : enter native_bridge2_getTrampoline Java_com_hyphenate_chat_adapter_EMAChatConfig_nativesetDeleteMessageAsExitGroup__Z, trampoline_addr 0x0
09-19 12:00:53.218  5388  5388 V libnb   : enter native_bridge2_getTrampoline Java_com_hyphenate_chat_adapter_EMAChatConfig_nativesetDeleteMessageAsExitGroup, trampoline_addr 0x0
09-19 12:00:53.218  5388  5388 V libnb   : enter native_bridge2_getTrampoline Java_com_hyphenate_chat_adapter_EMAChatConfig_nativesetDeleteMessageAsExitGroup__Z, trampoline_addr 0x0
09-19 12:00:53.218  5388  5388 V libnb   : enter native_bridge2_getTrampoline Java_com_hyphenate_chat_adapter_EMAChatConfig_nativesetDeleteMessageAsExitGroup, trampoline_addr 0xb674ec7c
09-19 12:00:53.218  5388  5388 V libnb   : enter native_bridge2_getTrampoline Java_com_hyphenate_chat_adapter_EMAChatConfig_nativesetIsChatroomOwnerLeaveAllowed, trampoline_addr 0x0
09-19 12:00:53.218  5388  5388 V libnb   : enter native_bridge2_getTrampoline Java_com_hyphenate_chat_adapter_EMAChatConfig_nativesetIsChatroomOwnerLeaveAllowed__Z, trampoline_addr 0x0
09-19 12:00:53.218  5388  5388 V libnb   : enter native_bridge2_getTrampoline Java_com_hyphenate_chat_adapter_EMAChatConfig_nativesetIsChatroomOwnerLeaveAllowed, trampoline_addr 0x0
09-19 12:00:53.218  5388  5388 V libnb   : enter native_bridge2_getTrampoline Java_com_hyphenate_chat_adapter_EMAChatConfig_nativesetIsChatroomOwnerLeaveAllowed__Z, trampoline_addr 0x0
09-19 12:00:53.218  5388  5388 V libnb   : enter native_bridge2_getTrampoline Java_com_hyphenate_chat_adapter_EMAChatConfig_nativesetIsChatroomOwnerLeaveAllowed, trampoline_addr 0x0
09-19 12:00:53.218  5388  5388 V libnb   : enter native_bridge2_getTrampoline Java_com_hyphenate_chat_adapter_EMAChatConfig_nativesetIsChatroomOwnerLeaveAllowed__Z, trampoline_addr 0x0
09-19 12:00:53.218  5388  5388 V libnb   : enter native_bridge2_getTrampoline Java_com_hyphenate_chat_adapter_EMAChatConfig_nativesetIsChatroomOwnerLeaveAllowed, trampoline_addr 0xb674ec44
09-19 12:00:53.218  5388  5388 V libnb   : enter native_bridge2_getTrampoline Java_com_hyphenate_chat_adapter_EMAChatConfig_nativesetDeleteMessageAsExitChatRoom, trampoline_addr 0x0
09-19 12:00:53.218  5388  5388 V libnb   : enter native_bridge2_getTrampoline Java_com_hyphenate_chat_adapter_EMAChatConfig_nativesetDeleteMessageAsExitChatRoom__Z, trampoline_addr 0x0
09-19 12:00:53.218  5388  5388 V libnb   : enter native_bridge2_getTrampoline Java_com_hyphenate_chat_adapter_EMAChatConfig_nativesetDeleteMessageAsExitChatRoom, trampoline_addr 0x0
09-19 12:00:53.218  5388  5388 V libnb   : enter native_bridge2_getTrampoline Java_com_hyphenate_chat_adapter_EMAChatConfig_nativesetDeleteMessageAsExitChatRoom__Z, trampoline_addr 0x0
09-19 12:00:53.218  5388  5388 V libnb   : enter native_bridge2_getTrampoline Java_com_hyphenate_chat_adapter_EMAChatConfig_nativesetDeleteMessageAsExitChatRoom, trampoline_addr 0x0
09-19 12:00:53.218  5388  5388 V libnb   : enter native_bridge2_getTrampoline Java_com_hyphenate_chat_adapter_EMAChatConfig_nativesetDeleteMessageAsExitChatRoom__Z, trampoline_addr 0x0
09-19 12:00:53.218  5388  5388 V libnb   : enter native_bridge2_getTrampoline Java_com_hyphenate_chat_adapter_EMAChatConfig_nativesetDeleteMessageAsExitChatRoom, trampoline_addr 0xb674ec0c
09-19 12:00:53.218  5388  5388 V libnb   : enter native_bridge2_getTrampoline Java_com_hyphenate_chat_adapter_EMAChatConfig_nativesetAutoAcceptGroupInvitation, trampoline_addr 0x0
09-19 12:00:53.218  5388  5388 V libnb   : enter native_bridge2_getTrampoline Java_com_hyphenate_chat_adapter_EMAChatConfig_nativesetAutoAcceptGroupInvitation__Z, trampoline_addr 0x0
09-19 12:00:53.218  5388  5388 V libnb   : enter native_bridge2_getTrampoline Java_com_hyphenate_chat_adapter_EMAChatConfig_nativesetAutoAcceptGroupInvitation, trampoline_addr 0x0
09-19 12:00:53.218  5388  5388 V libnb   : enter native_bridge2_getTrampoline Java_com_hyphenate_chat_adapter_EMAChatConfig_nativesetAutoAcceptGroupInvitation__Z, trampoline_addr 0x0
09-19 12:00:53.218  5388  5388 V libnb   : enter native_bridge2_getTrampoline Java_com_hyphenate_chat_adapter_EMAChatConfig_nativesetAutoAcceptGroupInvitation, trampoline_addr 0x0
09-19 12:00:53.218  5388  5388 V libnb   : enter native_bridge2_getTrampoline Java_com_hyphenate_chat_adapter_EMAChatConfig_nativesetAutoAcceptGroupInvitation__Z, trampoline_addr 0x0
09-19 12:00:53.218  5388  5388 V libnb   : enter native_bridge2_getTrampoline Java_com_hyphenate_chat_adapter_EMAChatConfig_nativesetAutoAcceptGroupInvitation, trampoline_addr 0xb674ebd4
09-19 12:00:53.218  5388  5388 V libnb   : enter native_bridge2_getTrampoline Java_com_hyphenate_chat_adapter_EMAChatConfig_nativeenableDnsConfig, trampoline_addr 0x0
09-19 12:00:53.218  5388  5388 V libnb   : enter native_bridge2_getTrampoline Java_com_hyphenate_chat_adapter_EMAChatConfig_nativeenableDnsConfig__Z, trampoline_addr 0x0
09-19 12:00:53.218  5388  5388 V libnb   : enter native_bridge2_getTrampoline Java_com_hyphenate_chat_adapter_EMAChatConfig_nativeenableDnsConfig, trampoline_addr 0x0
09-19 12:00:53.218  5388  5388 V libnb   : enter native_bridge2_getTrampoline Java_com_hyphenate_chat_adapter_EMAChatConfig_nativeenableDnsConfig__Z, trampoline_addr 0x0
09-19 12:00:53.218  5388  5388 V libnb   : enter native_bridge2_getTrampoline Java_com_hyphenate_chat_adapter_EMAChatConfig_nativeenableDnsConfig, trampoline_addr 0x0
09-19 12:00:53.218  5388  5388 V libnb   : enter native_bridge2_getTrampoline Java_com_hyphenate_chat_adapter_EMAChatConfig_nativeenableDnsConfig__Z, trampoline_addr 0x0
09-19 12:00:53.218  5388  5388 V libnb   : enter native_bridge2_getTrampoline Java_com_hyphenate_chat_adapter_EMAChatConfig_nativeenableDnsConfig, trampoline_addr 0xb674eb9c
09-19 12:00:53.218  5388  5388 V libnb   : enter native_bridge2_getTrampoline Java_com_hyphenate_chat_adapter_EMAChatConfig_nativeSetSortMessageByServerTime, trampoline_addr 0x0
09-19 12:00:53.218  5388  5388 V libnb   : enter native_bridge2_getTrampoline Java_com_hyphenate_chat_adapter_EMAChatConfig_nativeSetSortMessageByServerTime__Z, trampoline_addr 0x0
09-19 12:00:53.218  5388  5388 V libnb   : enter native_bridge2_getTrampoline Java_com_hyphenate_chat_adapter_EMAChatConfig_nativeSetSortMessageByServerTime, trampoline_addr 0x0
09-19 12:00:53.218  5388  5388 V libnb   : enter native_bridge2_getTrampoline Java_com_hyphenate_chat_adapter_EMAChatConfig_nativeSetSortMessageByServerTime__Z, trampoline_addr 0x0
09-19 12:00:53.218  5388  5388 V libnb   : enter native_bridge2_getTrampoline Java_com_hyphenate_chat_adapter_EMAChatConfig_nativeSetSortMessageByServerTime, trampoline_addr 0x0
09-19 12:00:53.218  5388  5388 V libnb   : enter native_bridge2_getTrampoline Java_com_hyphenate_chat_adapter_EMAChatConfig_nativeSetSortMessageByServerTime__Z, trampoline_addr 0x0
09-19 12:00:53.218  5388  5388 V libnb   : enter native_bridge2_getTrampoline Java_com_hyphenate_chat_adapter_EMAChatConfig_nativeSetSortMessageByServerTime, trampoline_addr 0xb674eb64
09-19 12:00:53.218  5388  5388 V libnb   : enter native_bridge2_getTrampoline Java_com_hyphenate_chat_adapter_EMAChatConfig_nativeSetUsingHttpsOnly, trampoline_addr 0x0
09-19 12:00:53.218  5388  5388 V libnb   : enter native_bridge2_getTrampoline Java_com_hyphenate_chat_adapter_EMAChatConfig_nativeSetUsingHttpsOnly__Z, trampoline_addr 0x0
09-19 12:00:53.218  5388  5388 V libnb   : enter native_bridge2_getTrampoline Java_com_hyphenate_chat_adapter_EMAChatConfig_nativeSetUsingHttpsOnly, trampoline_addr 0x0
09-19 12:00:53.218  5388  5388 V libnb   : enter native_bridge2_getTrampoline Java_com_hyphenate_chat_adapter_EMAChatConfig_nativeSetUsingHttpsOnly__Z, trampoline_addr 0x0
09-19 12:00:53.218  5388  5388 V libnb   : enter native_bridge2_getTrampoline Java_com_hyphenate_chat_adapter_EMAChatConfig_nativeSetUsingHttpsOnly, trampoline_addr 0x0
09-19 12:00:53.218  5388  5388 V libnb   : enter native_bridge2_getTrampoline Java_com_hyphenate_chat_adapter_EMAChatConfig_nativeSetUsingHttpsOnly__Z, trampoline_addr 0x0
09-19 12:00:53.218  5388  5388 V libnb   : enter native_bridge2_getTrampoline Java_com_hyphenate_chat_adapter_EMAChatConfig_nativeSetUsingHttpsOnly, trampoline_addr 0xb674eb2c
09-19 12:00:53.218  5388  5388 V libnb   : enter native_bridge2_getTrampoline Java_com_hyphenate_chat_adapter_EMAChatConfig_nativeSetTransferAttachments, trampoline_addr 0x0
09-19 12:00:53.218  5388  5388 V libnb   : enter native_bridge2_getTrampoline Java_com_hyphenate_chat_adapter_EMAChatConfig_nativeSetTransferAttachments__Z, trampoline_addr 0x0
09-19 12:00:53.218  5388  5388 V libnb   : enter native_bridge2_getTrampoline Java_com_hyphenate_chat_adapter_EMAChatConfig_nativeSetTransferAttachments, trampoline_addr 0x0
09-19 12:00:53.218  5388  5388 V libnb   : enter native_bridge2_getTrampoline Java_com_hyphenate_chat_adapter_EMAChatConfig_nativeSetTransferAttachments__Z, trampoline_addr 0x0
09-19 12:00:53.218  5388  5388 V libnb   : enter native_bridge2_getTrampoline Java_com_hyphenate_chat_adapter_EMAChatConfig_nativeSetTransferAttachments, trampoline_addr 0x0
09-19 12:00:53.218  5388  5388 V libnb   : enter native_bridge2_getTrampoline Java_com_hyphenate_chat_adapter_EMAChatConfig_nativeSetTransferAttachments__Z, trampoline_addr 0x0
09-19 12:00:53.218  5388  5388 V libnb   : enter native_bridge2_getTrampoline Java_com_hyphenate_chat_adapter_EMAChatConfig_nativeSetTransferAttachments, trampoline_addr 0xb674eaf4
09-19 12:00:53.218  5388  5388 V libnb   : enter native_bridge2_getTrampoline Java_com_hyphenate_chat_adapter_EMAChatConfig_nativeSetAutodownloadThumbnail, trampoline_addr 0x0
09-19 12:00:53.218  5388  5388 V libnb   : enter native_bridge2_getTrampoline Java_com_hyphenate_chat_adapter_EMAChatConfig_nativeSetAutodownloadThumbnail__Z, trampoline_addr 0x0
09-19 12:00:53.218  5388  5388 V libnb   : enter native_bridge2_getTrampoline Java_com_hyphenate_chat_adapter_EMAChatConfig_nativeSetAutodownloadThumbnail, trampoline_addr 0x0
09-19 12:00:53.218  5388  5388 V libnb   : enter native_bridge2_getTrampoline Java_com_hyphenate_chat_adapter_EMAChatConfig_nativeSetAutodownloadThumbnail__Z, trampoline_addr 0x0
09-19 12:00:53.218  5388  5388 V libnb   : enter native_bridge2_getTrampoline Java_com_hyphenate_chat_adapter_EMAChatConfig_nativeSetAutodownloadThumbnail, trampoline_addr 0x0
09-19 12:00:53.218  5388  5388 V libnb   : enter native_bridge2_getTrampoline Java_com_hyphenate_chat_adapter_EMAChatConfig_nativeSetAutodownloadThumbnail__Z, trampoline_addr 0x0
09-19 12:00:53.218  5388  5388 V libnb   : enter native_bridge2_getTrampoline Java_com_hyphenate_chat_adapter_EMAChatConfig_nativeSetAutodownloadThumbnail, trampoline_addr 0xb674eabc
09-19 12:00:53.220  5388  5388 V libnb   : enter native_bridge2_getTrampoline Java_com_hyphenate_chat_adapter_EMAChatConfig_nativesetLogPath, trampoline_addr 0x0
09-19 12:00:53.220  5388  5388 V libnb   : enter native_bridge2_getTrampoline Java_com_hyphenate_chat_adapter_EMAChatConfig_nativesetLogPath__Ljava_lang_String_2, trampoline_addr 0x0
09-19 12:00:53.220  5388  5388 V libnb   : enter native_bridge2_getTrampoline Java_com_hyphenate_chat_adapter_EMAChatConfig_nativesetLogPath, trampoline_addr 0x0
09-19 12:00:53.220  5388  5388 V libnb   : enter native_bridge2_getTrampoline Java_com_hyphenate_chat_adapter_EMAChatConfig_nativesetLogPath__Ljava_lang_String_2, trampoline_addr 0x0
09-19 12:00:53.220  5388  5388 V libnb   : enter native_bridge2_getTrampoline Java_com_hyphenate_chat_adapter_EMAChatConfig_nativesetLogPath, trampoline_addr 0x0
09-19 12:00:53.220  5388  5388 V libnb   : enter native_bridge2_getTrampoline Java_com_hyphenate_chat_adapter_EMAChatConfig_nativesetLogPath__Ljava_lang_String_2, trampoline_addr 0x0
09-19 12:00:53.220  5388  5388 V libnb   : enter native_bridge2_getTrampoline Java_com_hyphenate_chat_adapter_EMAChatConfig_nativesetLogPath, trampoline_addr 0xb674ea84
09-19 12:00:53.220  5388  5388 V libnb   : enter native_bridge2_getTrampoline Java_com_hyphenate_chat_adapter_EMAChatConfig_nativesetDownloadPath, trampoline_addr 0x0
09-19 12:00:53.220  5388  5388 V libnb   : enter native_bridge2_getTrampoline Java_com_hyphenate_chat_adapter_EMAChatConfig_nativesetDownloadPath__Ljava_lang_String_2, trampoline_addr 0x0
09-19 12:00:53.220  5388  5388 V libnb   : enter native_bridge2_getTrampoline Java_com_hyphenate_chat_adapter_EMAChatConfig_nativesetDownloadPath, trampoline_addr 0x0
09-19 12:00:53.220  5388  5388 V libnb   : enter native_bridge2_getTrampoline Java_com_hyphenate_chat_adapter_EMAChatConfig_nativesetDownloadPath__Ljava_lang_String_2, trampoline_addr 0x0
09-19 12:00:53.220  5388  5388 V libnb   : enter native_bridge2_getTrampoline Java_com_hyphenate_chat_adapter_EMAChatConfig_nativesetDownloadPath, trampoline_addr 0x0
09-19 12:00:53.220  5388  5388 V libnb   : enter native_bridge2_getTrampoline Java_com_hyphenate_chat_adapter_EMAChatConfig_nativesetDownloadPath__Ljava_lang_String_2, trampoline_addr 0x0
09-19 12:00:53.220  5388  5388 V libnb   : enter native_bridge2_getTrampoline Java_com_hyphenate_chat_adapter_EMAChatConfig_nativesetDownloadPath, trampoline_addr 0xb674ea4c
09-19 12:00:53.221  5388  5388 V libnb   : enter native_bridge2_getTrampoline Java_com_hyphenate_chat_adapter_EMAChatConfig_nativeSetSDKVersion, trampoline_addr 0x0
09-19 12:00:53.221  5388  5388 V libnb   : enter native_bridge2_getTrampoline Java_com_hyphenate_chat_adapter_EMAChatConfig_nativeSetSDKVersion__Ljava_lang_String_2, trampoline_addr 0x0
09-19 12:00:53.221  5388  5388 V libnb   : enter native_bridge2_getTrampoline Java_com_hyphenate_chat_adapter_EMAChatConfig_nativeSetSDKVersion, trampoline_addr 0x0
09-19 12:00:53.221  5388  5388 V libnb   : enter native_bridge2_getTrampoline Java_com_hyphenate_chat_adapter_EMAChatConfig_nativeSetSDKVersion__Ljava_lang_String_2, trampoline_addr 0x0
09-19 12:00:53.221  5388  5388 V libnb   : enter native_bridge2_getTrampoline Java_com_hyphenate_chat_adapter_EMAChatConfig_nativeSetSDKVersion, trampoline_addr 0x0
09-19 12:00:53.221  5388  5388 V libnb   : enter native_bridge2_getTrampoline Java_com_hyphenate_chat_adapter_EMAChatConfig_nativeSetSDKVersion__Ljava_lang_String_2, trampoline_addr 0x0
09-19 12:00:53.221  5388  5388 V libnb   : enter native_bridge2_getTrampoline Java_com_hyphenate_chat_adapter_EMAChatConfig_nativeSetSDKVersion, trampoline_addr 0xb674ea14
09-19 12:00:53.221  5388  5388 V libnb   : enter native_bridge2_getTrampoline Java_com_hyphenate_chat_adapter_EMAChatConfig_nativeSetOSVersion, trampoline_addr 0x0
09-19 12:00:53.221  5388  5388 V libnb   : enter native_bridge2_getTrampoline Java_com_hyphenate_chat_adapter_EMAChatConfig_nativeSetOSVersion__Ljava_lang_String_2, trampoline_addr 0x0
09-19 12:00:53.221  5388  5388 V libnb   : enter native_bridge2_getTrampoline Java_com_hyphenate_chat_adapter_EMAChatConfig_nativeSetOSVersion, trampoline_addr 0x0
09-19 12:00:53.221  5388  5388 V libnb   : enter native_bridge2_getTrampoline Java_com_hyphenate_chat_adapter_EMAChatConfig_nativeSetOSVersion__Ljava_lang_String_2, trampoline_addr 0x0
09-19 12:00:53.221  5388  5388 V libnb   : enter native_bridge2_getTrampoline Java_com_hyphenate_chat_adapter_EMAChatConfig_nativeSetOSVersion, trampoline_addr 0x0
09-19 12:00:53.221  5388  5388 V libnb   : enter native_bridge2_getTrampoline Java_com_hyphenate_chat_adapter_EMAChatConfig_nativeSetOSVersion__Ljava_lang_String_2, trampoline_addr 0x0
09-19 12:00:53.221  5388  5388 V libnb   : enter native_bridge2_getTrampoline Java_com_hyphenate_chat_adapter_EMAChatConfig_nativeSetOSVersion, trampoline_addr 0xb674e9dc
09-19 12:00:53.221  5388  5388 V libnb   : enter native_bridge2_getTrampoline Java_com_hyphenate_chat_adapter_EMAChatConfig_nativeSetAppId, trampoline_addr 0x0
09-19 12:00:53.221  5388  5388 V libnb   : enter native_bridge2_getTrampoline Java_com_hyphenate_chat_adapter_EMAChatConfig_nativeSetAppId__Ljava_lang_String_2, trampoline_addr 0x0
09-19 12:00:53.221  5388  5388 V libnb   : enter native_bridge2_getTrampoline Java_com_hyphenate_chat_adapter_EMAChatConfig_nativeSetAppId, trampoline_addr 0x0
09-19 12:00:53.221  5388  5388 V libnb   : enter native_bridge2_getTrampoline Java_com_hyphenate_chat_adapter_EMAChatConfig_nativeSetAppId__Ljava_lang_String_2, trampoline_addr 0x0
09-19 12:00:53.221  5388  5388 V libnb   : enter native_bridge2_getTrampoline Java_com_hyphenate_chat_adapter_EMAChatConfig_nativeSetAppId, trampoline_addr 0x0
09-19 12:00:53.221  5388  5388 V libnb   : enter native_bridge2_getTrampoline Java_com_hyphenate_chat_adapter_EMAChatConfig_nativeSetAppId__Ljava_lang_String_2, trampoline_addr 0x0
09-19 12:00:53.221  5388  5388 V libnb   : enter native_bridge2_getTrampoline Java_com_hyphenate_chat_adapter_EMAChatConfig_nativeSetAppId, trampoline_addr 0xb674e9a4
09-19 12:00:53.221  5388  5388 V libnb   : enter native_bridge2_getTrampoline Java_com_hyphenate_chat_adapter_EMAChatConfig_nativegetChatAddress, trampoline_addr 0x0
09-19 12:00:53.221  5388  5388 V libnb   : enter native_bridge2_getTrampoline Java_com_hyphenate_chat_adapter_EMAChatConfig_nativegetChatAddress__, trampoline_addr 0x0
09-19 12:00:53.221  5388  5388 V libnb   : enter native_bridge2_getTrampoline Java_com_hyphenate_chat_adapter_EMAChatConfig_nativegetChatAddress, trampoline_addr 0x0
09-19 12:00:53.221  5388  5388 V libnb   : enter native_bridge2_getTrampoline Java_com_hyphenate_chat_adapter_EMAChatConfig_nativegetChatAddress__, trampoline_addr 0x0
09-19 12:00:53.221  5388  5388 V libnb   : enter native_bridge2_getTrampoline Java_com_hyphenate_chat_adapter_EMAChatConfig_nativegetChatAddress, trampoline_addr 0x0
09-19 12:00:53.221  5388  5388 V libnb   : enter native_bridge2_getTrampoline Java_com_hyphenate_chat_adapter_EMAChatConfig_nativegetChatAddress__, trampoline_addr 0x0
09-19 12:00:53.221  5388  5388 V libnb   : enter native_bridge2_getTrampoline Java_com_hyphenate_chat_adapter_EMAChatConfig_nativegetChatAddress, trampoline_addr 0xb674e96c
09-19 12:00:53.221  5388  5388 V libnb   : enter native_bridge2_getTrampoline Java_com_hyphenate_chat_adapter_EMAChatConfig_nativegetRestServer, trampoline_addr 0x0
09-19 12:00:53.221  5388  5388 V libnb   : enter native_bridge2_getTrampoline Java_com_hyphenate_chat_adapter_EMAChatConfig_nativegetRestServer__, trampoline_addr 0x0
09-19 12:00:53.221  5388  5388 V libnb   : enter native_bridge2_getTrampoline Java_com_hyphenate_chat_adapter_EMAChatConfig_nativegetRestServer, trampoline_addr 0x0
09-19 12:00:53.221  5388  5388 V libnb   : enter native_bridge2_getTrampoline Java_com_hyphenate_chat_adapter_EMAChatConfig_nativegetRestServer__, trampoline_addr 0x0
09-19 12:00:53.221  5388  5388 V libnb   : enter native_bridge2_getTrampoline Java_com_hyphenate_chat_adapter_EMAChatConfig_nativegetRestServer, trampoline_addr 0x0
09-19 12:00:53.221  5388  5388 V libnb   : enter native_bridge2_getTrampoline Java_com_hyphenate_chat_adapter_EMAChatConfig_nativegetRestServer__, trampoline_addr 0x0
09-19 12:00:53.221  5388  5388 V libnb   : enter native_bridge2_getTrampoline Java_com_hyphenate_chat_adapter_EMAChatConfig_nativegetRestServer, trampoline_addr 0xb674e934
09-19 12:00:53.222  5388  5388 V libnb   : enter native_bridge2_getTrampoline Java_com_hyphenate_chat_adapter_EMAChatConfig_nativesetDeviceUuid, trampoline_addr 0x0
09-19 12:00:53.222  5388  5388 V libnb   : enter native_bridge2_getTrampoline Java_com_hyphenate_chat_adapter_EMAChatConfig_nativesetDeviceUuid__Ljava_lang_String_2, trampoline_addr 0x0
09-19 12:00:53.222  5388  5388 V libnb   : enter native_bridge2_getTrampoline Java_com_hyphenate_chat_adapter_EMAChatConfig_nativesetDeviceUuid, trampoline_addr 0x0
09-19 12:00:53.222  5388  5388 V libnb   : enter native_bridge2_getTrampoline Java_com_hyphenate_chat_adapter_EMAChatConfig_nativesetDeviceUuid__Ljava_lang_String_2, trampoline_addr 0x0
09-19 12:00:53.222  5388  5388 V libnb   : enter native_bridge2_getTrampoline Java_com_hyphenate_chat_adapter_EMAChatConfig_nativesetDeviceUuid, trampoline_addr 0x0
09-19 12:00:53.222  5388  5388 V libnb   : enter native_bridge2_getTrampoline Java_com_hyphenate_chat_adapter_EMAChatConfig_nativesetDeviceUuid__Ljava_lang_String_2, trampoline_addr 0x0
09-19 12:00:53.222  5388  5388 V libnb   : enter native_bridge2_getTrampoline Java_com_hyphenate_chat_adapter_EMAChatConfig_nativesetDeviceUuid, trampoline_addr 0xb674e8fc
09-19 12:00:53.222  5388  5388 V libnb   : enter native_bridge2_getTrampoline Java_com_hyphenate_chat_adapter_EMAChatConfig_nativesetDeviceName, trampoline_addr 0x0
09-19 12:00:53.222  5388  5388 V libnb   : enter native_bridge2_getTrampoline Java_com_hyphenate_chat_adapter_EMAChatConfig_nativesetDeviceName__Ljava_lang_String_2, trampoline_addr 0x0
09-19 12:00:53.222  5388  5388 V libnb   : enter native_bridge2_getTrampoline Java_com_hyphenate_chat_adapter_EMAChatConfig_nativesetDeviceName, trampoline_addr 0x0
09-19 12:00:53.222  5388  5388 V libnb   : enter native_bridge2_getTrampoline Java_com_hyphenate_chat_adapter_EMAChatConfig_nativesetDeviceName__Ljava_lang_String_2, trampoline_addr 0x0
09-19 12:00:53.222  5388  5388 V libnb   : enter native_bridge2_getTrampoline Java_com_hyphenate_chat_adapter_EMAChatConfig_nativesetDeviceName, trampoline_addr 0x0
09-19 12:00:53.222  5388  5388 V libnb   : enter native_bridge2_getTrampoline Java_com_hyphenate_chat_adapter_EMAChatConfig_nativesetDeviceName__Ljava_lang_String_2, trampoline_addr 0x0
09-19 12:00:53.222  5388  5388 V libnb   : enter native_bridge2_getTrampoline Java_com_hyphenate_chat_adapter_EMAChatConfig_nativesetDeviceName, trampoline_addr 0xb674e8c4
09-19 12:00:53.222  5388  5388 E EMPushHelper: EMPushHelper init, config: EMPushConfig{fcmSenderId='787479292864', hwAppId='null', miAppId='null', miAppKey='null', mzAppId='null', mzAppKey='null', oppoAppKey='null', oppoAppSecret='null', vivoAppId='null', vivoAppKey='null', enabledPushTypes=[FCM]}
09-19 12:00:53.223  5388  5388 V libnb   : enter native_bridge2_getTrampoline Java_com_hyphenate_chat_adapter_EMAChatClient_native_1create, trampoline_addr 0x0
09-19 12:00:53.223  5388  5388 V libnb   : enter native_bridge2_getTrampoline Java_com_hyphenate_chat_adapter_EMAChatClient_native_1create__Lcom_hyphenate_chat_adapter_EMAChatConfig_2, trampoline_addr 0x0
09-19 12:00:53.223  5388  5388 V libnb   : enter native_bridge2_getTrampoline Java_com_hyphenate_chat_adapter_EMAChatClient_native_1create, trampoline_addr 0x0
09-19 12:00:53.223  5388  5388 V libnb   : enter native_bridge2_getTrampoline Java_com_hyphenate_chat_adapter_EMAChatClient_native_1create__Lcom_hyphenate_chat_adapter_EMAChatConfig_2, trampoline_addr 0x0
09-19 12:00:53.223  5388  5388 V libnb   : enter native_bridge2_getTrampoline Java_com_hyphenate_chat_adapter_EMAChatClient_native_1create, trampoline_addr 0x0
09-19 12:00:53.223  5388  5388 V libnb   : enter native_bridge2_getTrampoline Java_com_hyphenate_chat_adapter_EMAChatClient_native_1create__Lcom_hyphenate_chat_adapter_EMAChatConfig_2, trampoline_addr 0x0
09-19 12:00:53.223  5388  5388 V libnb   : enter native_bridge2_getTrampoline Java_com_hyphenate_chat_adapter_EMAChatClient_native_1create, trampoline_addr 0xb674e88c
09-19 12:00:53.232  5388  5388 V libnb   : enter native_bridge2_getTrampoline Java_com_hyphenate_chat_adapter_EMAChatClient_native_1getChatManager, trampoline_addr 0x0
09-19 12:00:53.232  5388  5512 D ONE SDK : [2022/09/19 12:00:53:232]: set temporary sampling rate
09-19 12:00:53.232  5388  5388 V libnb   : enter native_bridge2_getTrampoline Java_com_hyphenate_chat_adapter_EMAChatClient_native_1getChatManager__, trampoline_addr 0x0
09-19 12:00:53.232  5388  5388 V libnb   : enter native_bridge2_getTrampoline Java_com_hyphenate_chat_adapter_EMAChatClient_native_1getChatManager, trampoline_addr 0x0
09-19 12:00:53.232  5388  5388 V libnb   : enter native_bridge2_getTrampoline Java_com_hyphenate_chat_adapter_EMAChatClient_native_1getChatManager__, trampoline_addr 0x0
09-19 12:00:53.233  5388  5388 V libnb   : enter native_bridge2_getTrampoline Java_com_hyphenate_chat_adapter_EMAChatClient_native_1getChatManager, trampoline_addr 0x0
09-19 12:00:53.233  5388  5388 V libnb   : enter native_bridge2_getTrampoline Java_com_hyphenate_chat_adapter_EMAChatClient_native_1getChatManager__, trampoline_addr 0x0
09-19 12:00:53.233  5388  5388 V libnb   : enter native_bridge2_getTrampoline Java_com_hyphenate_chat_adapter_EMAChatClient_native_1getChatManager, trampoline_addr 0xb674e854
09-19 12:00:53.233  5388  5512 D ONE SDK : [2022/09/19 12:00:53:232]: getConfigInfoWithVersion() version : 3.9.1.2
09-19 12:00:53.233  5388  5512 D ONE SDK : [2022/09/19 12:00:53:233]: getBaseServerUrl()
09-19 12:00:53.233  5388  5512 D ONE SDK : [2022/09/19 12:00:53:233]: monitorBaseUrl()
09-19 12:00:53.233  5388  5512 D ONE SDK : [2022/09/19 12:00:53:233]: EMDNSManager::getCurrentHost: type: 4
09-19 12:00:53.233  5388  5388 V libnb   : enter native_bridge2_getTrampoline Java_com_hyphenate_chat_adapter_EMAChatClient_native_1getChatRoomManager, trampoline_addr 0x0
09-19 12:00:53.233  5388  5388 V libnb   : enter native_bridge2_getTrampoline Java_com_hyphenate_chat_adapter_EMAChatClient_native_1getChatRoomManager__, trampoline_addr 0x0
09-19 12:00:53.233  5388  5388 V libnb   : enter native_bridge2_getTrampoline Java_com_hyphenate_chat_adapter_EMAChatClient_native_1getChatRoomManager, trampoline_addr 0x0
09-19 12:00:53.233  5388  5388 V libnb   : enter native_bridge2_getTrampoline Java_com_hyphenate_chat_adapter_EMAChatClient_native_1getChatRoomManager__, trampoline_addr 0x0
09-19 12:00:53.233  5388  5388 V libnb   : enter native_bridge2_getTrampoline Java_com_hyphenate_chat_adapter_EMAChatClient_native_1getChatRoomManager, trampoline_addr 0x0
09-19 12:00:53.233  5388  5388 V libnb   : enter native_bridge2_getTrampoline Java_com_hyphenate_chat_adapter_EMAChatClient_native_1getChatRoomManager__, trampoline_addr 0x0
09-19 12:00:53.233  5388  5388 V libnb   : enter native_bridge2_getTrampoline Java_com_hyphenate_chat_adapter_EMAChatClient_native_1getChatRoomManager, trampoline_addr 0xb674e81c
09-19 12:00:53.233  5388  5512 D ONE SDK : [2022/09/19 12:00:53:233]: EMDNSManager::getHost: type: 4
09-19 12:00:53.233  5388  5512 D ONE SDK : [2022/09/19 12:00:53:233]: getBaseServerUrl() , monitorBaseUrl : 
09-19 12:00:53.233  5388  5512 D ONE SDK : [2022/09/19 12:00:53:233]: url is invalid
09-19 12:00:53.233  5388  5388 V libnb   : enter native_bridge2_getTrampoline Java_com_hyphenate_chat_adapter_EMAChatClient_native_1getGroupManager, trampoline_addr 0x0
