09-19 11:37:56.454  1698  1698 W ContextImpl: Calling a method in the system process without a qualified user: android.app.ContextImpl.startService:1358 android.content.ContextWrapper.startService:613 android.content.ContextWrapper.startService:613 com.android.coreservice.CoreBroadcastReceiver.onReceive:69 android.app.ActivityThread.handleReceiver:3073 
09-19 11:37:56.455  1698  1698 W ContextImpl: Calling a method in the system process without a qualified user: android.app.ContextImpl.startService:1358 android.content.ContextWrapper.startService:613 android.content.ContextWrapper.startService:613 com.android.coreservice.CoreBroadcastReceiver.onReceive:69 android.app.ActivityThread.handleReceiver:3073 
09-19 11:37:56.456  1698  1698 W ContextImpl: Calling a method in the system process without a qualified user: android.app.ContextImpl.startService:1358 android.content.ContextWrapper.startService:613 android.content.ContextWrapper.startService:613 com.android.coreservice.CoreBroadcastReceiver.onReceive:69 android.app.ActivityThread.handleReceiver:3073 
09-19 11:37:58.518  1698  1698 W ContextImpl: Calling a method in the system process without a qualified user: android.app.ContextImpl.sendBroadcast:878 android.content.ContextWrapper.sendBroadcast:421 com.android.coreservice.CoreService.sendImeAction:435 com.android.coreservice.HostService.onReceived:303 com.android.coreservice.HostService.onData:225 
09-19 11:37:58.535  1698  1698 W ContextImpl: Calling a method in the system process without a qualified user: android.app.ContextImpl.startService:1358 android.content.ContextWrapper.startService:613 android.content.ContextWrapper.startService:613 com.android.coreservice.CoreBroadcastReceiver.onReceive:69 android.app.ActivityThread.handleReceiver:3073 
09-19 11:37:58.560  1698  1698 W ContextImpl: Calling a method in the system process without a qualified user: android.app.ContextImpl.startService:1358 android.content.ContextWrapper.startService:613 android.content.ContextWrapper.startService:613 com.android.coreservice.CoreBroadcastReceiver.onReceive:69 android.app.ActivityThread.handleReceiver:3073 
09-19 11:37:58.562  1698  1698 W ContextImpl: Calling a method in the system process without a qualified user: android.app.ContextImpl.startService:1358 android.content.ContextWrapper.startService:613 android.content.ContextWrapper.startService:613 com.android.coreservice.CoreBroadcastReceiver.onReceive:69 android.app.ActivityThread.handleReceiver:3073 
09-19 11:37:59.097  1302  3020 I ActivityManager: START u0 {cmp=com.litatom.app/com.lit.app.ui.MainActivity (has extras)} from uid 10038 on display 0
09-19 11:37:59.102  1698  1698 W ContextImpl: Calling a method in the system process without a qualified user: android.app.ContextImpl.startService:1358 android.content.ContextWrapper.startService:613 android.content.ContextWrapper.startService:613 com.android.coreservice.CoreBroadcastReceiver.onReceive:44 android.app.ActivityThread.handleReceiver:3073 
09-19 11:37:59.139  1698  1698 W ContextImpl: Calling a method in the system process without a qualified user: android.app.ContextImpl.startService:1358 android.content.ContextWrapper.startService:613 android.content.ContextWrapper.startService:613 com.android.coreservice.CoreBroadcastReceiver.onReceive:69 android.app.ActivityThread.handleReceiver:3073 
09-19 11:38:00.015  1302  3016 D ConnectivityService: requestNetwork for uid/pid:10038/3504 NetworkRequest [ TRACK_DEFAULT id=13, [ Capabilities: INTERNET&NOT_RESTRICTED&TRUSTED&NOT_VPN] ]
09-19 11:38:00.089  1698  1698 W ContextImpl: Calling a method in the system process without a qualified user: android.app.ContextImpl.startService:1358 android.content.ContextWrapper.startService:613 android.content.ContextWrapper.startService:613 com.android.coreservice.CoreBroadcastReceiver.onReceive:53 android.app.ActivityThread.handleReceiver:3073 
09-19 11:38:00.320  1698  1698 W ContextImpl: Calling a method in the system process without a qualified user: android.app.ContextImpl.startService:1358 android.content.ContextWrapper.startService:613 android.content.ContextWrapper.startService:613 com.android.coreservice.CoreBroadcastReceiver.onReceive:69 android.app.ActivityThread.handleReceiver:3073 
09-19 11:38:09.103  1302  1316 W ActivityManager: Launch timeout has expired, giving up wake lock!
09-19 11:41:28.882  1302  1545 I ActivityManager: START u0 {flg=0x10000000 cmp=com.litatom.app/com.lit.app.ui.feed.TopicActivity} from uid 0 on display 0
09-19 11:41:28.921  1698  1698 W ContextImpl: Calling a method in the system process without a qualified user: android.app.ContextImpl.startService:1358 android.content.ContextWrapper.startService:613 android.content.ContextWrapper.startService:613 com.android.coreservice.CoreBroadcastReceiver.onReceive:44 android.app.ActivityThread.handleReceiver:3073 
09-19 11:41:29.071  1698  1698 W ContextImpl: Calling a method in the system process without a qualified user: android.app.ContextImpl.startService:1358 android.content.ContextWrapper.startService:613 android.content.ContextWrapper.startService:613 com.android.coreservice.CoreBroadcastReceiver.onReceive:53 android.app.ActivityThread.handleReceiver:3073 
09-19 11:41:29.123  1698  1698 W ContextImpl: Calling a method in the system process without a qualified user: android.app.ContextImpl.startService:1358 android.content.ContextWrapper.startService:613 android.content.ContextWrapper.startService:613 com.android.coreservice.CoreBroadcastReceiver.onReceive:69 android.app.ActivityThread.handleReceiver:3073 
09-19 11:41:29.241  1302  1316 W BroadcastQueue: Skipping deliver [background] BroadcastRecord{b2471d7 u-1 android.net.conn.CONNECTIVITY_CHANGE} to ReceiverList{c7e2ac4 3873 (unknown name)/0/u-1 remote:f0c3b71}: process crashing
09-19 11:41:29.249  1302  3018 I ActivityManager: START u0 {act=android.intent.action.MAIN cat=[android.intent.category.LAUNCHER] flg=0x10200000 cmp=com.litatom.app/com.lit.app.ui.SplashActivity} from uid 0 on display 0
09-19 11:41:30.769  1302  3015 I ActivityManager: START u0 {act=android.intent.action.MAIN cat=[android.intent.category.LAUNCHER] flg=0x10200000 cmp=com.litatom.app/com.lit.app.ui.SplashActivity} from uid 0 on display 0
09-19 11:41:31.274  1302  1347 I ActivityManager: START u0 {act=android.intent.action.MAIN cat=[android.intent.category.HOME] flg=0x10200000 cmp=com.android.launcher3/.Launcher (has extras)} from uid 1000 on display 0
--------- beginning of main
09-19 11:41:31.391  3504  3509 I chatty  : uid=10038(com.litatom.app) expire 3 lines
09-19 11:41:31.812  1114  1134 D AudioFlinger: mixer(0xc5a80000) throttle end: throttle time(10)
09-19 11:41:32.842  1698  1698 W ContextImpl: Calling a method in the system process without a qualified user: android.app.ContextImpl.startService:1358 android.content.ContextWrapper.startService:613 android.content.ContextWrapper.startService:613 com.android.coreservice.CoreBroadcastReceiver.onReceive:69 android.app.ActivityThread.handleReceiver:3073 
09-19 11:41:33.317  3504  3517 I chatty  : uid=10038(com.litatom.app) expire 2 lines
09-19 11:41:33.361  1302  1314 I ActivityManager: START u0 {act=android.intent.action.CALL_BUTTON flg=0x10000000} from uid 10038 on display 0
09-19 11:41:34.170  3504  3661 I chatty  : uid=10038(com.litatom.app) expire 251 lines
09-19 11:41:34.901  1114  1134 D audio_hw_hal: log_func, out_standby
09-19 11:41:34.901  1114  1134 D audio_hw_hal: raw_close_output_stream, dev=0xc6f0a0c0, stream =0xc6f05140
09-19 11:41:34.901  1114  1134 D audio_hw_hal: raw_close_output_stream, stream=0xc6f05140,  success!
09-19 11:41:36.752  3504  3516 I chatty  : uid=10038(com.litatom.app) expire 2 lines
09-19 11:41:37.712  1114  1134 D audio_hw_hal: raw_start_output_stream, stream=0xc6f05140, sampleRate=48000, channel=2, bps=16, bufSize=4096
09-19 11:41:37.724  1302  1545 I ActivityManager: START u0 {cmp=com.litatom.app/com.lit.app.ui.feed.DetailsActivity (has extras)} from uid 10038 on display 0
09-19 11:41:37.727  1698  1698 W ContextImpl: Calling a method in the system process without a qualified user: android.app.ContextImpl.startService:1358 android.content.ContextWrapper.startService:613 android.content.ContextWrapper.startService:613 com.android.coreservice.CoreBroadcastReceiver.onReceive:44 android.app.ActivityThread.handleReceiver:3073 
09-19 11:41:37.770  3504  3504 I chatty  : uid=10038(com.litatom.app) expire 2 lines
09-19 11:41:37.815  1698  1698 W ContextImpl: Calling a method in the system process without a qualified user: android.app.ContextImpl.startService:1358 android.content.ContextWrapper.startService:613 android.content.ContextWrapper.startService:613 com.android.coreservice.CoreBroadcastReceiver.onReceive:53 android.app.ActivityThread.handleReceiver:3073 
09-19 11:41:37.908  1302  1323 I ActivityManager: Displayed com.litatom.app/com.lit.app.ui.feed.DetailsActivity: +173ms
09-19 11:41:37.922  1698  1698 W ContextImpl: Calling a method in the system process without a qualified user: android.app.ContextImpl.startService:1358 android.content.ContextWrapper.startService:613 android.content.ContextWrapper.startService:613 com.android.coreservice.CoreBroadcastReceiver.onReceive:69 android.app.ActivityThread.handleReceiver:3073 
09-19 11:41:38.477  1698  1698 W ContextImpl: Calling a method in the system process without a qualified user: android.app.ContextImpl.startService:1358 android.content.ContextWrapper.startService:613 android.content.ContextWrapper.startService:613 com.android.coreservice.CoreBroadcastReceiver.onReceive:69 android.app.ActivityThread.handleReceiver:3073 
09-19 11:41:38.479  1698  1698 W ContextImpl: Calling a method in the system process without a qualified user: android.app.ContextImpl.startService:1358 android.content.ContextWrapper.startService:613 android.content.ContextWrapper.startService:613 com.android.coreservice.CoreBroadcastReceiver.onReceive:44 android.app.ActivityThread.handleReceiver:3073 
09-19 11:41:38.492  1698  1698 W ContextImpl: Calling a method in the system process without a qualified user: android.app.ContextImpl.startService:1358 android.content.ContextWrapper.startService:613 android.content.ContextWrapper.startService:613 com.android.coreservice.CoreBroadcastReceiver.onReceive:53 android.app.ActivityThread.handleReceiver:3073 
09-19 11:41:38.494  1698  1698 W ContextImpl: Calling a method in the system process without a qualified user: android.app.ContextImpl.startService:1358 android.content.ContextWrapper.startService:613 android.content.ContextWrapper.startService:613 com.android.coreservice.CoreBroadcastReceiver.onReceive:69 android.app.ActivityThread.handleReceiver:3073 
09-19 11:41:38.889  1302  1316 W ActivityManager: Launch timeout has expired, giving up wake lock!
09-19 11:41:38.981  1114  1134 D AudioFlinger: mixer(0xc5a80000) throttle end: throttle time(1)
09-19 11:41:39.268  3504  3661 I chatty  : uid=10038(com.litatom.app) expire 251 lines
09-19 11:41:40.205  3504  3517 I chatty  : uid=10038(com.litatom.app) expire 2 lines
09-19 11:41:40.322  1698  1698 W ContextImpl: Calling a method in the system process without a qualified user: android.app.ContextImpl.startService:1358 android.content.ContextWrapper.startService:613 android.content.ContextWrapper.startService:613 com.android.coreservice.CoreBroadcastReceiver.onReceive:69 android.app.ActivityThread.handleReceiver:3073 
09-19 11:41:43.369  1114  1134 D audio_hw_hal: log_func, out_standby
09-19 11:41:43.369  1114  1134 D audio_hw_hal: raw_close_output_stream, dev=0xc6f0a0c0, stream =0xc6f05140
09-19 11:41:43.369  1114  1134 D audio_hw_hal: raw_close_output_stream, stream=0xc6f05140,  success!
09-19 11:41:43.671  3504  3590 I chatty  : uid=10038(com.litatom.app) expire 2 lines
09-19 11:41:44.488  3504  3661 I chatty  : uid=10038(com.litatom.app) expire 253 lines
09-19 11:41:46.091  1114  1134 D audio_hw_hal: raw_start_output_stream, stream=0xc6f05140, sampleRate=48000, channel=2, bps=16, bufSize=4096
09-19 11:41:46.144  1698  1698 W ContextImpl: Calling a method in the system process without a qualified user: android.app.ContextImpl.startService:1358 android.content.ContextWrapper.startService:613 android.content.ContextWrapper.startService:613 com.android.coreservice.CoreBroadcastReceiver.onReceive:69 android.app.ActivityThread.handleReceiver:3073 
09-19 11:41:47.114  3504  3516 I chatty  : uid=10038(com.litatom.app) expire 4 lines
09-19 11:41:49.186  1114  1134 D audio_hw_hal: log_func, out_standby
09-19 11:41:49.186  1114  1134 D audio_hw_hal: raw_close_output_stream, dev=0xc6f0a0c0, stream =0xc6f05140
09-19 11:41:49.186  1114  1134 D audio_hw_hal: raw_close_output_stream, stream=0xc6f05140,  success!
09-19 11:41:49.840  3504  3661 I chatty  : uid=10038(com.litatom.app) expire 249 lines
09-19 11:41:50.644  1114  1134 D audio_hw_hal: raw_start_output_stream, stream=0xc6f05140, sampleRate=48000, channel=2, bps=16, bufSize=4096
09-19 11:41:50.916  1302  1314 I ActivityManager: START u0 {cmp=com.litatom.app/com.lit.app.ui.feed.DetailsActivity (has extras)} from uid 10038 on display 0
09-19 11:41:50.920  1698  1698 W ContextImpl: Calling a method in the system process without a qualified user: android.app.ContextImpl.startService:1358 android.content.ContextWrapper.startService:613 android.content.ContextWrapper.startService:613 com.android.coreservice.CoreBroadcastReceiver.onReceive:44 android.app.ActivityThread.handleReceiver:3073 
09-19 11:41:50.954  3504  3504 I chatty  : uid=10038(com.litatom.app) expire 2 lines
09-19 11:41:50.988  1698  1698 W ContextImpl: Calling a method in the system process without a qualified user: android.app.ContextImpl.startService:1358 android.content.ContextWrapper.startService:613 android.content.ContextWrapper.startService:613 com.android.coreservice.CoreBroadcastReceiver.onReceive:53 android.app.ActivityThread.handleReceiver:3073 
09-19 11:41:51.048  1302  1323 I ActivityManager: Displayed com.litatom.app/com.lit.app.ui.feed.DetailsActivity: +124ms
09-19 11:41:51.050  1698  1698 W ContextImpl: Calling a method in the system process without a qualified user: android.app.ContextImpl.startService:1358 android.content.ContextWrapper.startService:613 android.content.ContextWrapper.startService:613 com.android.coreservice.CoreBroadcastReceiver.onReceive:69 android.app.ActivityThread.handleReceiver:3073 
09-19 11:41:51.313  3504  3606 I chatty  : uid=10038(com.litatom.app) expire 4 lines
09-19 11:41:51.675  1302  1369 W AudioTrack: AUDIO_OUTPUT_FLAG_FAST denied by client; transfer 4, track 44100 Hz, output 48000 Hz
09-19 11:41:51.693  1698  1698 W ContextImpl: Calling a method in the system process without a qualified user: android.app.ContextImpl.startService:1358 android.content.ContextWrapper.startService:613 android.content.ContextWrapper.startService:613 com.android.coreservice.CoreBroadcastReceiver.onReceive:69 android.app.ActivityThread.handleReceiver:3073 
09-19 11:41:52.691  1698  1698 W ContextImpl: Calling a method in the system process without a qualified user: android.app.ContextImpl.startService:1358 android.content.ContextWrapper.startService:613 android.content.ContextWrapper.startService:613 com.android.coreservice.CoreBroadcastReceiver.onReceive:69 android.app.ActivityThread.handleReceiver:3073 
09-19 11:41:53.427  3504  3661 I chatty  : uid=10038(com.litatom.app) expire 137 lines
09-19 11:41:53.994  3504  3590 I chatty  : uid=10038(com.litatom.app) expire 8 lines
09-19 11:41:54.709  1698  1698 W ContextImpl: Calling a method in the system process without a qualified user: android.app.ContextImpl.startService:1358 android.content.ContextWrapper.startService:613 android.content.ContextWrapper.startService:613 com.android.coreservice.CoreBroadcastReceiver.onReceive:44 android.app.ActivityThread.handleReceiver:3073 
09-19 11:41:54.723  1698  1698 W ContextImpl: Calling a method in the system process without a qualified user: android.app.ContextImpl.startService:1358 android.content.ContextWrapper.startService:613 android.content.ContextWrapper.startService:613 com.android.coreservice.CoreBroadcastReceiver.onReceive:53 android.app.ActivityThread.handleReceiver:3073 
09-19 11:41:54.726  1698  1698 W ContextImpl: Calling a method in the system process without a qualified user: android.app.ContextImpl.startService:1358 android.content.ContextWrapper.startService:613 android.content.ContextWrapper.startService:613 com.android.coreservice.CoreBroadcastReceiver.onReceive:69 android.app.ActivityThread.handleReceiver:3073 
09-19 11:41:55.785  1114  1134 D audio_hw_hal: log_func, out_standby
09-19 11:41:55.785  1114  1134 D audio_hw_hal: raw_close_output_stream, dev=0xc6f0a0c0, stream =0xc6f05140
09-19 11:41:55.785  1114  1134 D audio_hw_hal: raw_close_output_stream, stream=0xc6f05140,  success!
09-19 11:41:56.210  1698  1698 W ContextImpl: Calling a method in the system process without a qualified user: android.app.ContextImpl.startService:1358 android.content.ContextWrapper.startService:613 android.content.ContextWrapper.startService:613 com.android.coreservice.CoreBroadcastReceiver.onReceive:44 android.app.ActivityThread.handleReceiver:3073 
09-19 11:41:56.228  1698  1698 W ContextImpl: Calling a method in the system process without a qualified user: android.app.ContextImpl.startService:1358 android.content.ContextWrapper.startService:613 android.content.ContextWrapper.startService:613 com.android.coreservice.CoreBroadcastReceiver.onReceive:53 android.app.ActivityThread.handleReceiver:3073 
09-19 11:41:56.230  1698  1698 W ContextImpl: Calling a method in the system process without a qualified user: android.app.ContextImpl.startService:1358 android.content.ContextWrapper.startService:613 android.content.ContextWrapper.startService:613 com.android.coreservice.CoreBroadcastReceiver.onReceive:69 android.app.ActivityThread.handleReceiver:3073 
09-19 11:42:00.287  1114  1134 D audio_hw_hal: raw_start_output_stream, stream=0xc6f05140, sampleRate=48000, channel=2, bps=16, bufSize=4096
09-19 11:42:00.331  1698  1698 W ContextImpl: Calling a method in the system process without a qualified user: android.app.ContextImpl.startService:1358 android.content.ContextWrapper.startService:613 android.content.ContextWrapper.startService:613 com.android.coreservice.CoreBroadcastReceiver.onReceive:69 android.app.ActivityThread.handleReceiver:3073 
09-19 11:42:00.861  3504  3517 I chatty  : uid=10038(com.litatom.app) expire 8 lines
09-19 11:42:00.920  1302  1316 W ActivityManager: Launch timeout has expired, giving up wake lock!
09-19 11:42:02.683  1302  1357 D WifiStateMachine: setScanResults mScanResults.size=1
09-19 11:42:03.388  1114  1134 D audio_hw_hal: log_func, out_standby
09-19 11:42:03.388  1114  1134 D audio_hw_hal: raw_close_output_stream, dev=0xc6f0a0c0, stream =0xc6f05140
09-19 11:42:03.388  1114  1134 D audio_hw_hal: raw_close_output_stream, stream=0xc6f05140,  success!
09-19 11:42:04.307  3504  3516 I chatty  : uid=10038(com.litatom.app) expire 6 lines
09-19 11:42:14.913  1394  1629 I vol.Events: writeEvent active_stream_changed STREAM_RING
09-19 11:42:14.914  1394  1629 I vol.Events: writeEvent key STREAM_RING 2
09-19 11:42:14.924  1394  1394 I vol.Events: writeEvent show_dialog volume_changed keyguard=false
09-19 11:42:14.966  1394  1647 E EGL_adreno: tid 1647: eglSurfaceAttrib(1338): error 0x3009 (EGL_BAD_MATCH)
09-19 11:42:14.966  1394  1647 W OpenGLRenderer: Failed to set EGL_SWAP_BEHAVIOR on surface 0xa5685be0, error=EGL_BAD_MATCH
09-19 11:42:14.972  1394  1647 D EGL_adreno: eglMakeCurrent: 0xa7012860: ver 3 1 (tinfo 0xa7014600)
09-19 11:42:15.415  1394  1394 I vol.Events: writeEvent dismiss_dialog touch_outside
09-19 11:42:15.416  1394  1629 I vol.Events: writeEvent active_stream_changed UNKNOWN_STREAM_-1
09-19 11:42:15.724  1394  1647 D EGL_adreno: eglMakeCurrent: 0xa7012860: ver 3 1 (tinfo 0xa7014600)
09-19 11:42:19.972  1302  1313 I ActivityManager: START u0 {act=android.intent.action.MAIN cat=[android.intent.category.LAUNCHER] flg=0x10200000 cmp=com.litatom.app/com.lit.app.ui.SplashActivity} from uid 0 on display 0
09-19 11:42:25.030  1394  1629 I vol.Events: writeEvent mute_changed STREAM_SYSTEM true
09-19 11:42:25.031  1394  1629 I vol.Events: writeEvent mute_changed STREAM_RING true
09-19 11:42:25.033  1394  1629 I vol.Events: writeEvent active_stream_changed STREAM_RING
09-19 11:42:25.037  1394  1629 I vol.Events: writeEvent key STREAM_RING 2
09-19 11:42:25.048  1394  1394 I vol.Events: writeEvent show_dialog volume_changed keyguard=false
09-19 11:42:25.096  1394  1647 E EGL_adreno: tid 1647: eglSurfaceAttrib(1338): error 0x3009 (EGL_BAD_MATCH)
09-19 11:42:25.096  1394  1647 W OpenGLRenderer: Failed to set EGL_SWAP_BEHAVIOR on surface 0xa521c160, error=EGL_BAD_MATCH
09-19 11:42:25.106  1394  1647 D EGL_adreno: eglMakeCurrent: 0xa7012860: ver 3 1 (tinfo 0xa7014600)
09-19 11:42:26.543  1394  1394 I vol.Events: writeEvent dismiss_dialog touch_outside
09-19 11:42:26.544  1394  1629 I vol.Events: writeEvent active_stream_changed UNKNOWN_STREAM_-1
09-19 11:42:26.553  1302  1317 D sensor_hal: cb_activate handle=0 enabled=0
09-19 11:42:26.604  1302  1317 D sensor_hal: cb_activate handle=0 enabled=1
09-19 11:42:26.604  1302  1317 D sensor_hal: cb_setDelay handle=0 delay-ns=200000000
09-19 11:42:26.633  3873  3873 I art     : System.exit called, status: 0
09-19 11:42:26.633  3873  3873 I AndroidRuntime: VM exiting with result code 0.
09-19 11:42:26.856  1394  1647 D EGL_adreno: eglMakeCurrent: 0xa7012860: ver 3 1 (tinfo 0xa7014600)
09-19 11:42:56.436  1394  1647 D EGL_adreno: eglMakeCurrent: 0xa7012860: ver 3 1 (tinfo 0xa7014600)
09-19 11:43:30.622  1114  1134 D audio_hw_hal: raw_start_output_stream, stream=0xc6f05140, sampleRate=48000, channel=2, bps=16, bufSize=4096
09-19 11:43:30.656  1698  1698 W ContextImpl: Calling a method in the system process without a qualified user: android.app.ContextImpl.startService:1358 android.content.ContextWrapper.startService:613 android.content.ContextWrapper.startService:613 com.android.coreservice.CoreBroadcastReceiver.onReceive:69 android.app.ActivityThread.handleReceiver:3073 
09-19 11:43:33.720  1114  1134 D audio_hw_hal: log_func, out_standby
09-19 11:43:33.720  1114  1134 D audio_hw_hal: raw_close_output_stream, dev=0xc6f0a0c0, stream =0xc6f05140
09-19 11:43:33.720  1114  1134 D audio_hw_hal: raw_close_output_stream, stream=0xc6f05140,  success!
09-19 11:44:00.643  4269  4269 I appproc : exec app_process! cmdline: /system/bin com.android.commands.wm.Wm size 
09-19 11:44:00.643  4269  4269 D AndroidRuntime: >>>>>> START com.android.internal.os.RuntimeInit uid 0 <<<<<<
09-19 11:44:00.645  4269  4269 D AndroidRuntime: CheckJNI is OFF
09-19 11:44:00.665  4269  4269 D ICU     : No timezone override file found: /data/misc/zoneinfo/current/icu/icu_tzdata.dat
09-19 11:44:00.672  4269  4269 D libnativebridge: PreInitializeNativeBridge name=unknown instruction_set=x86
09-19 11:44:00.672  4269  4269 D libnativebridge: call UnloadNativeBridge! state=1
09-19 11:44:00.678  4269  4269 E memtrack: Couldn't load memtrack module (No such file or directory)
09-19 11:44:00.678  4269  4269 E android.os.Debug: failed to load memtrack module: -2
09-19 11:44:00.678  4269  4269 I Radio-JNI: register_android_hardware_Radio DONE
09-19 11:44:00.682  4269  4269 D AndroidRuntime: Calling main entry com.android.commands.wm.Wm
09-19 11:44:00.683  4269  4269 D AndroidRuntime: Shutting down VM
09-19 11:44:00.949  4285  4285 I appproc : exec app_process! cmdline: /system/bin com.android.commands.am.Am start -n com.litatom.app/com.lit.app.ui.feed.TopicActivity,com.lit.app.party.PartyChatActivity 
09-19 11:44:00.949  4285  4285 D AndroidRuntime: >>>>>> START com.android.internal.os.RuntimeInit uid 0 <<<<<<
09-19 11:44:00.950  4285  4285 D AndroidRuntime: CheckJNI is OFF
09-19 11:44:00.972  4285  4285 D ICU     : No timezone override file found: /data/misc/zoneinfo/current/icu/icu_tzdata.dat
09-19 11:44:00.978  4285  4285 D libnativebridge: PreInitializeNativeBridge name=unknown instruction_set=x86
09-19 11:44:00.978  4285  4285 D libnativebridge: call UnloadNativeBridge! state=1
09-19 11:44:00.985  4285  4285 E memtrack: Couldn't load memtrack module (No such file or directory)
09-19 11:44:00.985  4285  4285 E android.os.Debug: failed to load memtrack module: -2
09-19 11:44:00.985  4285  4285 I Radio-JNI: register_android_hardware_Radio DONE
09-19 11:44:00.991  4285  4285 D AndroidRuntime: Calling main entry com.android.commands.am.Am
09-19 11:44:00.992  1302  3018 I ActivityManager: START u0 {flg=0x10000000 cmp=com.litatom.app/com.lit.app.ui.feed.TopicActivity,com.lit.app.party.PartyChatActivity} from uid 0 on display 0
09-19 11:44:00.992  4285  4285 D AndroidRuntime: Shutting down VM
09-19 11:44:01.198  4295  4295 I appproc : exec app_process! cmdline: /system/bin com.android.commands.monkey.Monkey -p com.litatom.app --throttle 500 --ignore-timeouts --ignore-crashes --monitor-native-crashes -v -v -v 500 
09-19 11:44:01.198  4295  4295 D AndroidRuntime: >>>>>> START com.android.internal.os.RuntimeInit uid 0 <<<<<<
09-19 11:44:01.200  4295  4295 D AndroidRuntime: CheckJNI is OFF
09-19 11:44:01.221  4295  4295 D ICU     : No timezone override file found: /data/misc/zoneinfo/current/icu/icu_tzdata.dat
09-19 11:44:01.227  4295  4295 D libnativebridge: PreInitializeNativeBridge name=unknown instruction_set=x86
09-19 11:44:01.227  4295  4295 D libnativebridge: call UnloadNativeBridge! state=1
09-19 11:44:01.233  4295  4295 E memtrack: Couldn't load memtrack module (No such file or directory)
09-19 11:44:01.233  4295  4295 E android.os.Debug: failed to load memtrack module: -2
09-19 11:44:01.233  4295  4295 I Radio-JNI: register_android_hardware_Radio DONE
09-19 11:44:01.238  4295  4295 D AndroidRuntime: Calling main entry com.android.commands.monkey.Monkey
09-19 11:44:01.263  1302  1316 W BroadcastQueue: Skipping deliver [background] BroadcastRecord{c0fa7b7 u-1 android.net.conn.CONNECTIVITY_CHANGE} to ReceiverList{64e5b24 4295 (unknown name)/0/u-1 remote:7484651}: process crashing
09-19 11:44:01.271  1302  1644 I ActivityManager: START u0 {act=android.intent.action.MAIN cat=[android.intent.category.LAUNCHER] flg=0x10200000 cmp=com.litatom.app/com.lit.app.ui.SplashActivity} from uid 0 on display 0
09-19 11:44:01.776  1302  1347 I ActivityManager: START u0 {act=android.intent.action.MAIN cat=[android.intent.category.HOME] flg=0x10200000 cmp=com.android.launcher3/.Launcher (has extras)} from uid 1000 on display 0
09-19 11:44:02.788  1114  1134 D audio_hw_hal: raw_start_output_stream, stream=0xc6f05140, sampleRate=48000, channel=2, bps=16, bufSize=4096
09-19 11:44:02.789  1114  1134 D AudioFlinger: mixer(0xc5a80000) throttle end: throttle time(10)
09-19 11:44:02.805  1698  1698 W ContextImpl: Calling a method in the system process without a qualified user: android.app.ContextImpl.startService:1358 android.content.ContextWrapper.startService:613 android.content.ContextWrapper.startService:613 com.android.coreservice.CoreBroadcastReceiver.onReceive:69 android.app.ActivityThread.handleReceiver:3073 
09-19 11:44:03.332  1302  3017 I ActivityManager: START u0 {cmp=com.litatom.app/com.lit.app.ui.me.UserDetailActivity (has extras)} from uid 10038 on display 0
09-19 11:44:03.336  1698  1698 W ContextImpl: Calling a method in the system process without a qualified user: android.app.ContextImpl.startService:1358 android.content.ContextWrapper.startService:613 android.content.ContextWrapper.startService:613 com.android.coreservice.CoreBroadcastReceiver.onReceive:44 android.app.ActivityThread.handleReceiver:3073 
09-19 11:44:03.355  1114  1134 D AudioFlinger: mixer(0xc5a80000) throttle end: throttle time(20)
09-19 11:44:03.356  1698  1698 W ContextImpl: Calling a method in the system process without a qualified user: android.app.ContextImpl.startService:1358 android.content.ContextWrapper.startService:613 android.content.ContextWrapper.startService:613 com.android.coreservice.CoreBroadcastReceiver.onReceive:69 android.app.ActivityThread.handleReceiver:3073 
09-19 11:44:03.394  3504  3504 I chatty  : uid=10038(com.litatom.app) expire 3 lines
09-19 11:44:03.426  1698  1698 W ContextImpl: Calling a method in the system process without a qualified user: android.app.ContextImpl.startService:1358 android.content.ContextWrapper.startService:613 android.content.ContextWrapper.startService:613 com.android.coreservice.CoreBroadcastReceiver.onReceive:53 android.app.ActivityThread.handleReceiver:3073 
09-19 11:44:03.472  3504  3661 I chatty  : uid=10038(com.litatom.app) expire 133 lines
09-19 11:44:03.517  1302  1323 I ActivityManager: Displayed com.litatom.app/com.lit.app.ui.me.UserDetailActivity: +176ms
09-19 11:44:03.518  1698  1698 W ContextImpl: Calling a method in the system process without a qualified user: android.app.ContextImpl.startService:1358 android.content.ContextWrapper.startService:613 android.content.ContextWrapper.startService:613 com.android.coreservice.CoreBroadcastReceiver.onReceive:69 android.app.ActivityThread.handleReceiver:3073 
09-19 11:44:05.372  3504  3517 I chatty  : uid=10038(com.litatom.app) expire 8 lines
09-19 11:44:06.433  1114  1134 D audio_hw_hal: log_func, out_standby
09-19 11:44:06.433  1114  1134 D audio_hw_hal: raw_close_output_stream, dev=0xc6f0a0c0, stream =0xc6f05140
09-19 11:44:06.433  1114  1134 D audio_hw_hal: raw_close_output_stream, stream=0xc6f05140,  success!
09-19 11:44:08.377  3504  3504 I chatty  : uid=10038(com.litatom.app) expire 1 line
09-19 11:44:10.406  1302  3020 I ActivityManager: Setting hasTopUi=true for pid=1394
09-19 11:44:10.406  1394  1394 D PhoneStatusBar: disable: < expand ICONS* alerts SYSTEM_INFO* back home recent clock search quick_settings >
09-19 11:44:10.421  1394  1647 D EGL_adreno: eglMakeCurrent: 0xa7012860: ver 3 1 (tinfo 0xa7014600)
09-19 11:44:10.451  1394  1647 E EGL_adreno: tid 1647: eglSurfaceAttrib(1338): error 0x3009 (EGL_BAD_MATCH)
09-19 11:44:10.451  1394  1647 W OpenGLRenderer: Failed to set EGL_SWAP_BEHAVIOR on surface 0xa45a66a0, error=EGL_BAD_MATCH
09-19 11:44:10.453  1394  1647 D EGL_adreno: eglMakeCurrent: 0xa7012860: ver 3 1 (tinfo 0xa7014600)
09-19 11:44:10.475  1302  1643 W VibratorService: Tried to stop vibrating but there is no vibrator device.
09-19 11:44:10.937  1302  3018 W InputMethodManagerService: Window already focused, ignoring focus gain of: com.android.internal.view.IInputMethodClient$Stub$Proxy@23eca7 attribute=null, token = android.os.BinderProxy@35d6af
09-19 11:44:10.938  1302  3019 I ActivityManager: Setting hasTopUi=false for pid=1394
09-19 11:44:10.938  1394  1394 D PhoneStatusBar: disable: < expand icons* alerts system_info* back home recent clock search quick_settings >
09-19 11:44:10.970  1394  1647 D EGL_adreno: eglMakeCurrent: 0xa7012860: ver 3 1 (tinfo 0xa7014600)
09-19 11:44:10.986  1394  1647 E EGL_adreno: tid 1647: eglSurfaceAttrib(1338): error 0x3009 (EGL_BAD_MATCH)
09-19 11:44:10.986  1394  1647 W OpenGLRenderer: Failed to set EGL_SWAP_BEHAVIOR on surface 0xa45a9460, error=EGL_BAD_MATCH
09-19 11:44:10.988  1394  1647 D EGL_adreno: eglMakeCurrent: 0xa7012860: ver 3 1 (tinfo 0xa7014600)
09-19 11:44:11.911  1698  1698 W ContextImpl: Calling a method in the system process without a qualified user: android.app.ContextImpl.startService:1358 android.content.ContextWrapper.startService:613 android.content.ContextWrapper.startService:613 com.android.coreservice.CoreBroadcastReceiver.onReceive:69 android.app.ActivityThread.handleReceiver:3073 
09-19 11:44:12.412  1114  1134 D audio_hw_hal: raw_start_output_stream, stream=0xc6f05140, sampleRate=48000, channel=2, bps=16, bufSize=4096
09-19 11:44:12.413  1114  1134 D AudioFlinger: mixer(0xc5a80000) throttle end: throttle time(10)
09-19 11:44:13.337  1302  1316 W ActivityManager: Launch timeout has expired, giving up wake lock!
09-19 11:44:15.643  3504  3516 I chatty  : uid=10038(com.litatom.app) expire 2 lines
09-19 11:44:16.459  1302  1369 W AudioTrack: AUDIO_OUTPUT_FLAG_FAST denied by client; transfer 4, track 44100 Hz, output 48000 Hz
09-19 11:44:16.507  3504  3661 I chatty  : uid=10038(com.litatom.app) expire 198 lines
09-19 11:44:16.547  1698  1698 W ContextImpl: Calling a method in the system process without a qualified user: android.app.ContextImpl.startService:1358 android.content.ContextWrapper.startService:613 android.content.ContextWrapper.startService:613 com.android.coreservice.CoreBroadcastReceiver.onReceive:69 android.app.ActivityThread.handleReceiver:3073 
09-19 11:44:16.553  3504  3755 I chatty  : uid=10038(com.litatom.app) expire 4 lines
09-19 11:44:19.203  3504  3661 I chatty  : uid=10038(com.litatom.app) expire 251 lines
09-19 11:44:20.596  1114  1134 D audio_hw_hal: log_func, out_standby
09-19 11:44:20.596  1114  1134 D audio_hw_hal: raw_close_output_stream, dev=0xc6f0a0c0, stream =0xc6f05140
09-19 11:44:20.596  1114  1134 D audio_hw_hal: raw_close_output_stream, stream=0xc6f05140,  success!
09-19 11:44:22.554  3504  3590 I chatty  : uid=10038(com.litatom.app) expire 2 lines
09-19 11:44:25.988  3504  3516 I chatty  : uid=10038(com.litatom.app) expire 2 lines
09-19 11:44:26.240  3504  3661 I chatty  : uid=10038(com.litatom.app) expire 253 lines
09-19 11:44:28.160  1114  1134 D audio_hw_hal: raw_start_output_stream, stream=0xc6f05140, sampleRate=48000, channel=2, bps=16, bufSize=4096
09-19 11:44:29.461  3504  3517 I chatty  : uid=10038(com.litatom.app) expire 2 lines
09-19 11:44:31.263  1114  1134 D audio_hw_hal: log_func, out_standby
09-19 11:44:31.263  1114  1134 D audio_hw_hal: raw_close_output_stream, dev=0xc6f0a0c0, stream =0xc6f05140
09-19 11:44:31.263  1114  1134 D audio_hw_hal: raw_close_output_stream, stream=0xc6f05140,  success!
09-19 11:44:31.305  3504  3661 I chatty  : uid=10038(com.litatom.app) expire 248 lines
09-19 11:44:32.196  1114  1134 D audio_hw_hal: raw_start_output_stream, stream=0xc6f05140, sampleRate=48000, channel=2, bps=16, bufSize=4096
09-19 11:44:32.894  3504  3590 I chatty  : uid=10038(com.litatom.app) expire 6 lines
09-19 11:44:33.467  1302  3015 W InputMethodManagerService: Window already focused, ignoring focus gain of: com.android.internal.view.IInputMethodClient$Stub$Proxy@f010bf9 attribute=null, token = android.os.BinderProxy@35d6af
09-19 11:44:33.503  3504  3509 I chatty  : uid=10038(com.litatom.app) expire 4 lines
09-19 11:44:34.739  1698  1698 W ContextImpl: Calling a method in the system process without a qualified user: android.app.ContextImpl.startService:1358 android.content.ContextWrapper.startService:613 android.content.ContextWrapper.startService:613 com.android.coreservice.CoreBroadcastReceiver.onReceive:69 android.app.ActivityThread.handleReceiver:3073 
09-19 11:44:35.747  1302  3020 I ActivityManager: Setting hasTopUi=true for pid=1394
09-19 11:44:35.747  1394  1394 D PhoneStatusBar: disable: < expand ICONS* alerts SYSTEM_INFO* back home recent clock search quick_settings >
09-19 11:44:35.769  1394  1647 D EGL_adreno: eglMakeCurrent: 0xa7012860: ver 3 1 (tinfo 0xa7014600)
09-19 11:44:35.788  1394  1647 E EGL_adreno: tid 1647: eglSurfaceAttrib(1338): error 0x3009 (EGL_BAD_MATCH)
09-19 11:44:35.788  1394  1647 W OpenGLRenderer: Failed to set EGL_SWAP_BEHAVIOR on surface 0xa45929e0, error=EGL_BAD_MATCH
09-19 11:44:35.789  1394  1647 D EGL_adreno: eglMakeCurrent: 0xa7012860: ver 3 1 (tinfo 0xa7014600)
09-19 11:44:35.803  1302  1314 W VibratorService: Tried to stop vibrating but there is no vibrator device.
09-19 11:44:37.252  1302  1644 I ActivityManager: START u0 {act=android.intent.action.MAIN cat=[android.intent.category.LAUNCHER] flg=0x10200000 cmp=com.litatom.app/com.lit.app.ui.SplashActivity} from uid 0 on display 0
09-19 11:44:37.359  1114  1134 D audio_hw_hal: log_func, out_standby
09-19 11:44:37.359  1114  1134 D audio_hw_hal: raw_close_output_stream, dev=0xc6f0a0c0, stream =0xc6f05140
09-19 11:44:37.359  1114  1134 D audio_hw_hal: raw_close_output_stream, stream=0xc6f05140,  success!
09-19 11:44:37.988  1302  1313 W InputMethodManagerService: Window already focused, ignoring focus gain of: com.android.internal.view.IInputMethodClient$Stub$Proxy@e2159d8 attribute=null, token = android.os.BinderProxy@35d6af
09-19 11:44:37.988  1302  3018 I ActivityManager: Setting hasTopUi=false for pid=1394
09-19 11:44:37.989  1394  1394 D PhoneStatusBar: disable: < expand icons* alerts system_info* back home recent clock search quick_settings >
09-19 11:44:38.021  1394  1647 D EGL_adreno: eglMakeCurrent: 0xa7012860: ver 3 1 (tinfo 0xa7014600)
09-19 11:44:38.035  1394  1647 E EGL_adreno: tid 1647: eglSurfaceAttrib(1338): error 0x3009 (EGL_BAD_MATCH)
09-19 11:44:38.035  1394  1647 W OpenGLRenderer: Failed to set EGL_SWAP_BEHAVIOR on surface 0xa56bfa40, error=EGL_BAD_MATCH
09-19 11:44:38.037  1394  1647 D EGL_adreno: eglMakeCurrent: 0xa7012860: ver 3 1 (tinfo 0xa7014600)
09-19 11:44:38.766  1114  1134 D audio_hw_hal: raw_start_output_stream, stream=0xc6f05140, sampleRate=48000, channel=2, bps=16, bufSize=4096
09-19 11:44:39.791  1698  1698 W ContextImpl: Calling a method in the system process without a qualified user: android.app.ContextImpl.startService:1358 android.content.ContextWrapper.startService:613 android.content.ContextWrapper.startService:613 com.android.coreservice.CoreBroadcastReceiver.onReceive:69 android.app.ActivityThread.handleReceiver:3073 
09-19 11:44:41.055  3504  3661 I chatty  : uid=10038(com.litatom.app) expire 14 lines
09-19 11:44:41.307  1698  1698 W ContextImpl: Calling a method in the system process without a qualified user: android.app.ContextImpl.startService:1358 android.content.ContextWrapper.startService:613 android.content.ContextWrapper.startService:613 com.android.coreservice.CoreBroadcastReceiver.onReceive:69 android.app.ActivityThread.handleReceiver:3073 
09-19 11:44:42.873  1114  1134 D audio_hw_hal: log_func, out_standby
09-19 11:44:42.873  1114  1134 D audio_hw_hal: raw_close_output_stream, dev=0xc6f0a0c0, stream =0xc6f05140
09-19 11:44:42.873  1114  1134 D audio_hw_hal: raw_close_output_stream, stream=0xc6f05140,  success!
09-19 11:44:43.185  3504  3590 I chatty  : uid=10038(com.litatom.app) expire 8 lines
09-19 11:44:43.325  1114  1134 D audio_hw_hal: raw_start_output_stream, stream=0xc6f05140, sampleRate=48000, channel=2, bps=16, bufSize=4096
09-19 11:44:43.342  1698  1698 W ContextImpl: Calling a method in the system process without a qualified user: android.app.ContextImpl.startService:1358 android.content.ContextWrapper.startService:613 android.content.ContextWrapper.startService:613 com.android.coreservice.CoreBroadcastReceiver.onReceive:69 android.app.ActivityThread.handleReceiver:3073 
09-19 11:44:44.344  1302  1314 I ActivityManager: Setting hasTopUi=true for pid=1394
09-19 11:44:44.344  1302  1317 D sensor_hal: cb_activate handle=0 enabled=0
09-19 11:44:44.345  1394  1394 D PhoneStatusBar: disable: < expand ICONS* alerts SYSTEM_INFO* back home recent clock search quick_settings >
09-19 11:44:44.345  1302  1317 D sensor_hal: cb_activate handle=0 enabled=1
09-19 11:44:44.345  1302  1317 D sensor_hal: cb_setDelay handle=0 delay-ns=200000000
09-19 11:44:44.350  4295  4295 I art     : System.exit called, status: 0
09-19 11:44:44.350  4295  4295 I AndroidRuntime: VM exiting with result code 0.
09-19 11:44:44.370  1394  1647 D EGL_adreno: eglMakeCurrent: 0xa7012860: ver 3 1 (tinfo 0xa7014600)
09-19 11:44:44.389  1394  1647 E EGL_adreno: tid 1647: eglSurfaceAttrib(1338): error 0x3009 (EGL_BAD_MATCH)
09-19 11:44:44.389  1394  1647 W OpenGLRenderer: Failed to set EGL_SWAP_BEHAVIOR on surface 0xa703d3e0, error=EGL_BAD_MATCH
09-19 11:44:44.390  1394  1647 D EGL_adreno: eglMakeCurrent: 0xa7012860: ver 3 1 (tinfo 0xa7014600)
09-19 11:44:44.470  1302  3018 W VibratorService: Tried to stop vibrating but there is no vibrator device.
09-19 11:44:46.419  1114  1134 D audio_hw_hal: log_func, out_standby
09-19 11:44:46.419  1114  1134 D audio_hw_hal: raw_close_output_stream, dev=0xc6f0a0c0, stream =0xc6f05140
09-19 11:44:46.419  1114  1134 D audio_hw_hal: raw_close_output_stream, stream=0xc6f05140,  success!
09-19 11:45:22.432  3504  3606 I chatty  : uid=10038(com.litatom.app) expire 10 lines
09-19 11:46:00.120  1302  1617 W InputMethodManagerService: Window already focused, ignoring focus gain of: com.android.internal.view.IInputMethodClient$Stub$Proxy@72d2c33 attribute=null, token = android.os.BinderProxy@35d6af
09-19 11:46:00.120  1302  1617 I ActivityManager: Setting hasTopUi=false for pid=1394
09-19 11:46:00.121  1394  1394 D PhoneStatusBar: disable: < expand icons* alerts system_info* back home recent clock search quick_settings >
09-19 11:46:00.123  3504  3661 I chatty  : uid=10038(com.litatom.app) expire 14 lines
09-19 11:46:00.127  1302  1315 I UsageStatsService: User[0] Flushing usage stats to disk
09-19 11:46:00.154  1394  1647 D EGL_adreno: eglMakeCurrent: 0xa7012860: ver 3 1 (tinfo 0xa7014600)
09-19 11:46:00.169  1394  1647 E EGL_adreno: tid 1647: eglSurfaceAttrib(1338): error 0x3009 (EGL_BAD_MATCH)
09-19 11:46:00.169  1394  1647 W OpenGLRenderer: Failed to set EGL_SWAP_BEHAVIOR on surface 0xa5685fc0, error=EGL_BAD_MATCH
09-19 11:46:00.171  1394  1647 D EGL_adreno: eglMakeCurrent: 0xa7012860: ver 3 1 (tinfo 0xa7014600)
09-19 11:46:01.437  1114  1134 D audio_hw_hal: raw_start_output_stream, stream=0xc6f05140, sampleRate=48000, channel=2, bps=16, bufSize=4096
09-19 11:46:01.447  1698  1698 W ContextImpl: Calling a method in the system process without a qualified user: android.app.ContextImpl.startService:1358 android.content.ContextWrapper.startService:613 android.content.ContextWrapper.startService:613 com.android.coreservice.CoreBroadcastReceiver.onReceive:44 android.app.ActivityThread.handleReceiver:3073 
09-19 11:46:01.460  1698  1698 W ContextImpl: Calling a method in the system process without a qualified user: android.app.ContextImpl.startService:1358 android.content.ContextWrapper.startService:613 android.content.ContextWrapper.startService:613 com.android.coreservice.CoreBroadcastReceiver.onReceive:53 android.app.ActivityThread.handleReceiver:3073 
09-19 11:46:01.461  1698  1698 W ContextImpl: Calling a method in the system process without a qualified user: android.app.ContextImpl.startService:1358 android.content.ContextWrapper.startService:613 android.content.ContextWrapper.startService:613 com.android.coreservice.CoreBroadcastReceiver.onReceive:69 android.app.ActivityThread.handleReceiver:3073 
09-19 11:46:01.762  1302  1357 D WifiStateMachine: setScanResults mScanResults.size=1
09-19 11:46:03.004  3504  3504 I chatty  : uid=10038(com.litatom.app) expire 11 lines
09-19 11:46:03.028  1114  1134 D AudioFlinger: mixer(0xc5a80000) throttle end: throttle time(15)
09-19 11:46:07.336  1114  1134 D audio_hw_hal: log_func, out_standby
09-19 11:46:07.336  1114  1134 D audio_hw_hal: raw_close_output_stream, dev=0xc6f0a0c0, stream =0xc6f05140
09-19 11:46:07.336  1114  1134 D audio_hw_hal: raw_close_output_stream, stream=0xc6f05140,  success!
09-19 11:47:03.471  4624  4624 I appproc : exec app_process! cmdline: /system/bin com.android.commands.wm.Wm size 
09-19 11:47:03.471  4624  4624 D AndroidRuntime: >>>>>> START com.android.internal.os.RuntimeInit uid 0 <<<<<<
09-19 11:47:03.473  4624  4624 D AndroidRuntime: CheckJNI is OFF
09-19 11:47:03.493  4624  4624 D ICU     : No timezone override file found: /data/misc/zoneinfo/current/icu/icu_tzdata.dat
09-19 11:47:03.503  4624  4624 D libnativebridge: PreInitializeNativeBridge name=unknown instruction_set=x86
09-19 11:47:03.503  4624  4624 D libnativebridge: call UnloadNativeBridge! state=1
09-19 11:47:03.512  4624  4624 E memtrack: Couldn't load memtrack module (No such file or directory)
09-19 11:47:03.512  4624  4624 E android.os.Debug: failed to load memtrack module: -2
09-19 11:47:03.513  4624  4624 I Radio-JNI: register_android_hardware_Radio DONE
09-19 11:47:03.516  4624  4624 D AndroidRuntime: Calling main entry com.android.commands.wm.Wm
09-19 11:47:03.518  4624  4624 D AndroidRuntime: Shutting down VM
09-19 11:47:03.762  4640  4640 I appproc : exec app_process! cmdline: /system/bin com.android.commands.am.Am start -n com.litatom.app/com.lit.app.party.PartyChatActivity 
09-19 11:47:03.762  4640  4640 D AndroidRuntime: >>>>>> START com.android.internal.os.RuntimeInit uid 0 <<<<<<
09-19 11:47:03.763  4640  4640 D AndroidRuntime: CheckJNI is OFF
09-19 11:47:03.781  4640  4640 D ICU     : No timezone override file found: /data/misc/zoneinfo/current/icu/icu_tzdata.dat
09-19 11:47:03.786  4640  4640 D libnativebridge: PreInitializeNativeBridge name=unknown instruction_set=x86
09-19 11:47:03.786  4640  4640 D libnativebridge: call UnloadNativeBridge! state=1
09-19 11:47:03.791  4640  4640 E memtrack: Couldn't load memtrack module (No such file or directory)
09-19 11:47:03.791  4640  4640 E android.os.Debug: failed to load memtrack module: -2
09-19 11:47:03.792  4640  4640 I Radio-JNI: register_android_hardware_Radio DONE
09-19 11:47:03.795  4640  4640 D AndroidRuntime: Calling main entry com.android.commands.am.Am
09-19 11:47:03.796  1302  1617 I ActivityManager: START u0 {flg=0x10000000 cmp=com.litatom.app/com.lit.app.party.PartyChatActivity} from uid 0 on display 0
09-19 11:47:03.799  4640  4640 D AndroidRuntime: Shutting down VM
09-19 11:47:03.799  1698  1698 W ContextImpl: Calling a method in the system process without a qualified user: android.app.ContextImpl.startService:1358 android.content.ContextWrapper.startService:613 android.content.ContextWrapper.startService:613 com.android.coreservice.CoreBroadcastReceiver.onReceive:44 android.app.ActivityThread.handleReceiver:3073 
09-19 11:47:03.890  1698  1698 W ContextImpl: Calling a method in the system process without a qualified user: android.app.ContextImpl.startService:1358 android.content.ContextWrapper.startService:613 android.content.ContextWrapper.startService:613 com.android.coreservice.CoreBroadcastReceiver.onReceive:53 android.app.ActivityThread.handleReceiver:3073 
09-19 11:47:03.892  1302  1313 W InputMethodManagerService: Window already focused, ignoring focus gain of: com.android.internal.view.IInputMethodClient$Stub$Proxy@d5d8a1 attribute=android.view.inputmethod.EditorInfo@947ac6, token = android.os.BinderProxy@68a7494
09-19 11:47:03.903  1698  1698 W ContextImpl: Calling a method in the system process without a qualified user: android.app.ContextImpl.startService:1358 android.content.ContextWrapper.startService:613 android.content.ContextWrapper.startService:613 com.android.coreservice.CoreBroadcastReceiver.onReceive:44 android.app.ActivityThread.handleReceiver:3073 
09-19 11:47:03.905  1698  1698 W ContextImpl: Calling a method in the system process without a qualified user: android.app.ContextImpl.startService:1358 android.content.ContextWrapper.startService:613 android.content.ContextWrapper.startService:613 com.android.coreservice.CoreBroadcastReceiver.onReceive:69 android.app.ActivityThread.handleReceiver:3073 
09-19 11:47:03.913  1698  1698 W ContextImpl: Calling a method in the system process without a qualified user: android.app.ContextImpl.startService:1358 android.content.ContextWrapper.startService:613 android.content.ContextWrapper.startService:613 com.android.coreservice.CoreBroadcastReceiver.onReceive:53 android.app.ActivityThread.handleReceiver:3073 
09-19 11:47:04.018  4654  4654 I appproc : exec app_process! cmdline: /system/bin com.android.commands.monkey.Monkey -p com.litatom.app --throttle 500 --ignore-timeouts --ignore-crashes --monitor-native-crashes -v -v -v 500 
09-19 11:47:04.019  4654  4654 D AndroidRuntime: >>>>>> START com.android.internal.os.RuntimeInit uid 0 <<<<<<
09-19 11:47:04.020  4654  4654 D AndroidRuntime: CheckJNI is OFF
09-19 11:47:04.043  4654  4654 D ICU     : No timezone override file found: /data/misc/zoneinfo/current/icu/icu_tzdata.dat
09-19 11:47:04.055  4654  4654 D libnativebridge: PreInitializeNativeBridge name=unknown instruction_set=x86
09-19 11:47:04.055  4654  4654 D libnativebridge: call UnloadNativeBridge! state=1
09-19 11:47:04.060  4654  4654 E memtrack: Couldn't load memtrack module (No such file or directory)
09-19 11:47:04.060  4654  4654 E android.os.Debug: failed to load memtrack module: -2
09-19 11:47:04.060  4654  4654 I Radio-JNI: register_android_hardware_Radio DONE
09-19 11:47:04.064  4654  4654 D AndroidRuntime: Calling main entry com.android.commands.monkey.Monkey
09-19 11:47:04.089  1302  1316 W BroadcastQueue: Skipping deliver [background] BroadcastRecord{cd65ddd u-1 android.net.conn.CONNECTIVITY_CHANGE} to ReceiverList{dcd7d52 4654 (unknown name)/0/u-1 remote:7c4ca87}: process crashing
09-19 11:47:04.093  1302  1313 I ActivityManager: START u0 {act=android.intent.action.MAIN cat=[android.intent.category.LAUNCHER] flg=0x10200000 cmp=com.litatom.app/com.lit.app.ui.SplashActivity} from uid 0 on display 0
09-19 11:47:04.852  1114  1134 D audio_hw_hal: raw_start_output_stream, stream=0xc6f05140, sampleRate=48000, channel=2, bps=16, bufSize=4096
09-19 11:47:04.865  1302  3015 I ActivityManager: START u0 {cmp=com.litatom.app/com.lit.app.ui.feed.DetailsActivity (has extras)} from uid 10038 on display 0
09-19 11:47:04.868  1698  1698 W ContextImpl: Calling a method in the system process without a qualified user: android.app.ContextImpl.startService:1358 android.content.ContextWrapper.startService:613 android.content.ContextWrapper.startService:613 com.android.coreservice.CoreBroadcastReceiver.onReceive:44 android.app.ActivityThread.handleReceiver:3073 
09-19 11:47:04.949  1698  1698 W ContextImpl: Calling a method in the system process without a qualified user: android.app.ContextImpl.startService:1358 android.content.ContextWrapper.startService:613 android.content.ContextWrapper.startService:613 com.android.coreservice.CoreBroadcastReceiver.onReceive:53 android.app.ActivityThread.handleReceiver:3073 
