09-19 11:47:05.010  1302  1323 I ActivityManager: Displayed com.litatom.app/com.lit.app.ui.feed.DetailsActivity: +125ms (total +1s205ms)
09-19 11:47:05.011  1698  1698 W ContextImpl: Calling a method in the system process without a qualified user: android.app.ContextImpl.startService:1358 android.content.ContextWrapper.startService:613 android.content.ContextWrapper.startService:613 com.android.coreservice.CoreBroadcastReceiver.onReceive:69 android.app.ActivityThread.handleReceiver:3073 
09-19 11:47:05.620  1698  1698 W ContextImpl: Calling a method in the system process without a qualified user: android.app.ContextImpl.startService:1358 android.content.ContextWrapper.startService:613 android.content.ContextWrapper.startService:613 com.android.coreservice.CoreBroadcastReceiver.onReceive:69 android.app.ActivityThread.handleReceiver:3073 
09-19 11:47:06.123  1698  1698 W ContextImpl: Calling a method in the system process without a qualified user: android.app.ContextImpl.startService:1358 android.content.ContextWrapper.startService:613 android.content.ContextWrapper.startService:613 com.android.coreservice.CoreBroadcastReceiver.onReceive:44 android.app.ActivityThread.handleReceiver:3073 
09-19 11:47:06.131  1698  1698 W ContextImpl: Calling a method in the system process without a qualified user: android.app.ContextImpl.startService:1358 android.content.ContextWrapper.startService:613 android.content.ContextWrapper.startService:613 com.android.coreservice.CoreBroadcastReceiver.onReceive:53 android.app.ActivityThread.handleReceiver:3073 
09-19 11:47:06.133  1698  1698 W ContextImpl: Calling a method in the system process without a qualified user: android.app.ContextImpl.startService:1358 android.content.ContextWrapper.startService:613 android.content.ContextWrapper.startService:613 com.android.coreservice.CoreBroadcastReceiver.onReceive:69 android.app.ActivityThread.handleReceiver:3073 
09-19 11:47:06.143  1114  1134 D AudioFlinger: mixer(0xc5a80000) throttle end: throttle time(10)
09-19 11:47:08.137  1698  1698 W ContextImpl: Calling a method in the system process without a qualified user: android.app.ContextImpl.startService:1358 android.content.ContextWrapper.startService:613 android.content.ContextWrapper.startService:613 com.android.coreservice.CoreBroadcastReceiver.onReceive:69 android.app.ActivityThread.handleReceiver:3073 
09-19 11:47:08.174  3504  3517 I chatty  : uid=10038(com.litatom.app) expire 4 lines
09-19 11:47:09.125  1302  1643 I ActivityManager: START u0 {act=android.intent.action.MAIN cat=[android.intent.category.LAUNCHER] flg=0x10200000 cmp=com.litatom.app/com.lit.app.ui.SplashActivity} from uid 0 on display 0
09-19 11:47:09.644  1302  1643 I ActivityManager: START u0 {cmp=com.litatom.app/com.lit.app.ui.feed.DetailsActivity (has extras)} from uid 10038 on display 0
09-19 11:47:09.647  1698  1698 W ContextImpl: Calling a method in the system process without a qualified user: android.app.ContextImpl.startService:1358 android.content.ContextWrapper.startService:613 android.content.ContextWrapper.startService:613 com.android.coreservice.CoreBroadcastReceiver.onReceive:44 android.app.ActivityThread.handleReceiver:3073 
09-19 11:47:09.712  1698  1698 W ContextImpl: Calling a method in the system process without a qualified user: android.app.ContextImpl.startService:1358 android.content.ContextWrapper.startService:613 android.content.ContextWrapper.startService:613 com.android.coreservice.CoreBroadcastReceiver.onReceive:53 android.app.ActivityThread.handleReceiver:3073 
09-19 11:47:09.746  3504  3661 I chatty  : uid=10038(com.litatom.app) expire 14 lines
09-19 11:47:09.765  1302  1323 I ActivityManager: Displayed com.litatom.app/com.lit.app.ui.feed.DetailsActivity: +112ms
09-19 11:47:09.765  1698  1698 W ContextImpl: Calling a method in the system process without a qualified user: android.app.ContextImpl.startService:1358 android.content.ContextWrapper.startService:613 android.content.ContextWrapper.startService:613 com.android.coreservice.CoreBroadcastReceiver.onReceive:69 android.app.ActivityThread.handleReceiver:3073 
09-19 11:47:10.137  1698  1698 W ContextImpl: Calling a method in the system process without a qualified user: android.app.ContextImpl.startService:1358 android.content.ContextWrapper.startService:613 android.content.ContextWrapper.startService:613 com.android.coreservice.CoreBroadcastReceiver.onReceive:69 android.app.ActivityThread.handleReceiver:3073 
09-19 11:47:12.735  1114  1134 D audio_hw_hal: log_func, out_standby
09-19 11:47:12.735  1114  1134 D audio_hw_hal: raw_close_output_stream, dev=0xc6f0a0c0, stream =0xc6f05140
09-19 11:47:12.735  1114  1134 D audio_hw_hal: raw_close_output_stream, stream=0xc6f05140,  success!
09-19 11:47:14.160  1114  1134 D audio_hw_hal: raw_start_output_stream, stream=0xc6f05140, sampleRate=48000, channel=2, bps=16, bufSize=4096
09-19 11:47:14.170  1698  1698 W ContextImpl: Calling a method in the system process without a qualified user: android.app.ContextImpl.startService:1358 android.content.ContextWrapper.startService:613 android.content.ContextWrapper.startService:613 com.android.coreservice.CoreBroadcastReceiver.onReceive:69 android.app.ActivityThread.handleReceiver:3073 
09-19 11:47:14.665  1302  1314 I ActivityManager: START u0 {act=android.intent.action.MAIN cat=[android.intent.category.LAUNCHER] flg=0x10200000 cmp=com.litatom.app/com.lit.app.ui.SplashActivity} from uid 0 on display 0
09-19 11:47:14.687  1698  1698 W ContextImpl: Calling a method in the system process without a qualified user: android.app.ContextImpl.startService:1358 android.content.ContextWrapper.startService:613 android.content.ContextWrapper.startService:613 com.android.coreservice.CoreBroadcastReceiver.onReceive:69 android.app.ActivityThread.handleReceiver:3073 
09-19 11:47:15.016  3504  3516 I chatty  : uid=10038(com.litatom.app) expire 7 lines
09-19 11:47:15.797  3504  3504 I chatty  : uid=10038(com.litatom.app) expire 10 lines
09-19 11:47:16.855  1302  1369 W AudioTrack: AUDIO_OUTPUT_FLAG_FAST denied by client; transfer 4, track 44100 Hz, output 48000 Hz
09-19 11:47:16.872  1698  1698 W ContextImpl: Calling a method in the system process without a qualified user: android.app.ContextImpl.startService:1358 android.content.ContextWrapper.startService:613 android.content.ContextWrapper.startService:613 com.android.coreservice.CoreBroadcastReceiver.onReceive:69 android.app.ActivityThread.handleReceiver:3073 
09-19 11:47:18.407  1698  1698 W ContextImpl: Calling a method in the system process without a qualified user: android.app.ContextImpl.startService:1358 android.content.ContextWrapper.startService:613 android.content.ContextWrapper.startService:613 com.android.coreservice.CoreBroadcastReceiver.onReceive:69 android.app.ActivityThread.handleReceiver:3073 
09-19 11:47:19.422  1698  1698 W ContextImpl: Calling a method in the system process without a qualified user: android.app.ContextImpl.startService:1358 android.content.ContextWrapper.startService:613 android.content.ContextWrapper.startService:613 com.android.coreservice.CoreBroadcastReceiver.onReceive:69 android.app.ActivityThread.handleReceiver:3073 
09-19 11:47:20.972  1698  1698 W ContextImpl: Calling a method in the system process without a qualified user: android.app.ContextImpl.startService:1358 android.content.ContextWrapper.startService:613 android.content.ContextWrapper.startService:613 com.android.coreservice.CoreBroadcastReceiver.onReceive:69 android.app.ActivityThread.handleReceiver:3073 
09-19 11:47:20.983  1114  1134 D AudioFlinger: mixer(0xc5a80000) throttle end: throttle time(7)
09-19 11:47:21.504  1698  1698 W ContextImpl: Calling a method in the system process without a qualified user: android.app.ContextImpl.startService:1358 android.content.ContextWrapper.startService:613 android.content.ContextWrapper.startService:613 com.android.coreservice.CoreBroadcastReceiver.onReceive:69 android.app.ActivityThread.handleReceiver:3073 
09-19 11:47:22.006  1698  1698 W ContextImpl: Calling a method in the system process without a qualified user: android.app.ContextImpl.startService:1358 android.content.ContextWrapper.startService:613 android.content.ContextWrapper.startService:613 com.android.coreservice.CoreBroadcastReceiver.onReceive:69 android.app.ActivityThread.handleReceiver:3073 
09-19 11:47:22.008  1698  1698 W ContextImpl: Calling a method in the system process without a qualified user: android.app.ContextImpl.startService:1358 android.content.ContextWrapper.startService:613 android.content.ContextWrapper.startService:613 com.android.coreservice.CoreBroadcastReceiver.onReceive:69 android.app.ActivityThread.handleReceiver:3073 
09-19 11:47:23.504  1698  1698 W ContextImpl: Calling a method in the system process without a qualified user: android.app.ContextImpl.startService:1358 android.content.ContextWrapper.startService:613 android.content.ContextWrapper.startService:613 com.android.coreservice.CoreBroadcastReceiver.onReceive:69 android.app.ActivityThread.handleReceiver:3073 
09-19 11:47:26.537  1698  1698 W ContextImpl: Calling a method in the system process without a qualified user: android.app.ContextImpl.startService:1358 android.content.ContextWrapper.startService:613 android.content.ContextWrapper.startService:613 com.android.coreservice.CoreBroadcastReceiver.onReceive:69 android.app.ActivityThread.handleReceiver:3073 
09-19 11:47:26.539  1698  1698 W ContextImpl: Calling a method in the system process without a qualified user: android.app.ContextImpl.startService:1358 android.content.ContextWrapper.startService:613 android.content.ContextWrapper.startService:613 com.android.coreservice.CoreBroadcastReceiver.onReceive:69 android.app.ActivityThread.handleReceiver:3073 
09-19 11:47:26.555  1698  1698 W ContextImpl: Calling a method in the system process without a qualified user: android.app.ContextImpl.startService:1358 android.content.ContextWrapper.startService:613 android.content.ContextWrapper.startService:613 com.android.coreservice.CoreBroadcastReceiver.onReceive:69 android.app.ActivityThread.handleReceiver:3073 
09-19 11:47:27.062  1698  1698 W ContextImpl: Calling a method in the system process without a qualified user: android.app.ContextImpl.startService:1358 android.content.ContextWrapper.startService:613 android.content.ContextWrapper.startService:613 com.android.coreservice.CoreBroadcastReceiver.onReceive:44 android.app.ActivityThread.handleReceiver:3073 
09-19 11:47:27.069  1698  1698 W ContextImpl: Calling a method in the system process without a qualified user: android.app.ContextImpl.startService:1358 android.content.ContextWrapper.startService:613 android.content.ContextWrapper.startService:613 com.android.coreservice.CoreBroadcastReceiver.onReceive:53 android.app.ActivityThread.handleReceiver:3073 
09-19 11:47:27.071  1698  1698 W ContextImpl: Calling a method in the system process without a qualified user: android.app.ContextImpl.startService:1358 android.content.ContextWrapper.startService:613 android.content.ContextWrapper.startService:613 com.android.coreservice.CoreBroadcastReceiver.onReceive:69 android.app.ActivityThread.handleReceiver:3073 
09-19 11:47:27.824  1302  3019 I ActivityManager: START u0 {cmp=com.litatom.app/com.lit.app.ui.feed.DetailsActivity (has extras)} from uid 10038 on display 0
09-19 11:47:27.826  1698  1698 W ContextImpl: Calling a method in the system process without a qualified user: android.app.ContextImpl.startService:1358 android.content.ContextWrapper.startService:613 android.content.ContextWrapper.startService:613 com.android.coreservice.CoreBroadcastReceiver.onReceive:44 android.app.ActivityThread.handleReceiver:3073 
09-19 11:47:27.875  1698  1698 W ContextImpl: Calling a method in the system process without a qualified user: android.app.ContextImpl.startService:1358 android.content.ContextWrapper.startService:613 android.content.ContextWrapper.startService:613 com.android.coreservice.CoreBroadcastReceiver.onReceive:53 android.app.ActivityThread.handleReceiver:3073 
09-19 11:47:27.924  1302  1323 I ActivityManager: Displayed com.litatom.app/com.lit.app.ui.feed.DetailsActivity: +92ms
09-19 11:47:27.925  1698  1698 W ContextImpl: Calling a method in the system process without a qualified user: android.app.ContextImpl.startService:1358 android.content.ContextWrapper.startService:613 android.content.ContextWrapper.startService:613 com.android.coreservice.CoreBroadcastReceiver.onReceive:69 android.app.ActivityThread.handleReceiver:3073 
09-19 11:47:28.088  1698  1698 W ContextImpl: Calling a method in the system process without a qualified user: android.app.ContextImpl.startService:1358 android.content.ContextWrapper.startService:613 android.content.ContextWrapper.startService:613 com.android.coreservice.CoreBroadcastReceiver.onReceive:69 android.app.ActivityThread.handleReceiver:3073 
09-19 11:47:28.200  3504  3661 I chatty  : uid=10038(com.litatom.app) expire 10 lines
09-19 11:47:30.091  1698  1698 W ContextImpl: Calling a method in the system process without a qualified user: android.app.ContextImpl.startService:1358 android.content.ContextWrapper.startService:613 android.content.ContextWrapper.startService:613 com.android.coreservice.CoreBroadcastReceiver.onReceive:44 android.app.ActivityThread.handleReceiver:3073 
09-19 11:47:30.093  3504  3606 I chatty  : uid=10038(com.litatom.app) expire 6 lines
09-19 11:47:30.096  1698  1698 W ContextImpl: Calling a method in the system process without a qualified user: android.app.ContextImpl.startService:1358 android.content.ContextWrapper.startService:613 android.content.ContextWrapper.startService:613 com.android.coreservice.CoreBroadcastReceiver.onReceive:53 android.app.ActivityThread.handleReceiver:3073 
09-19 11:47:30.097  1698  1698 W ContextImpl: Calling a method in the system process without a qualified user: android.app.ContextImpl.startService:1358 android.content.ContextWrapper.startService:613 android.content.ContextWrapper.startService:613 com.android.coreservice.CoreBroadcastReceiver.onReceive:69 android.app.ActivityThread.handleReceiver:3073 
09-19 11:47:31.253  3504  4844 I chatty  : uid=10038(com.litatom.app) expire 1 line
09-19 11:47:31.259  3504  4840 I chatty  : uid=10038(com.litatom.app) expire 3 lines
09-19 11:47:31.266  3504  3522 I chatty  : uid=10038(com.litatom.app) expire 4 lines
09-19 11:47:31.272  4848  4848 I chatty  : uid=10038(com.litatom.app) /system/bin/dex2oat expire 5 lines
09-19 11:47:31.273  3504  4851 I chatty  : uid=10038(com.litatom.app) expire 5 lines
09-19 11:47:31.277  3504  4852 I chatty  : uid=10038(com.litatom.app) expire 1 line
09-19 11:47:31.278  3504  4860 I chatty  : uid=10038(com.litatom.app) expire 2 lines
09-19 11:47:31.382  1302  3019 D ConnectivityService: requestNetwork for uid/pid:10038/3504 NetworkRequest [ TRACK_DEFAULT id=15, [ Capabilities: INTERNET&NOT_RESTRICTED&TRUSTED&NOT_VPN] ]
09-19 11:47:31.382  1302  1375 D Ethernet: got request NetworkRequest [ TRACK_DEFAULT id=15, [ Capabilities: INTERNET&NOT_RESTRICTED&TRUSTED&NOT_VPN] ] with score 60
09-19 11:47:31.382  1302  1357 D WIFI    : got request NetworkRequest [ TRACK_DEFAULT id=15, [ Capabilities: INTERNET&NOT_RESTRICTED&TRUSTED&NOT_VPN] ] with score 60
09-19 11:47:31.382  1302  1357 D WIFI_UT : got request NetworkRequest [ TRACK_DEFAULT id=15, [ Capabilities: INTERNET&NOT_RESTRICTED&TRUSTED&NOT_VPN] ] with score 60
09-19 11:47:31.383  1549  1549 D PhoneSwitcherNetworkRequstListener: got request NetworkRequest [ TRACK_DEFAULT id=15, [ Capabilities: INTERNET&NOT_RESTRICTED&TRUSTED&NOT_VPN] ] with score 60
09-19 11:47:31.386  3504  4839 I chatty  : uid=10038(com.litatom.app) expire 32 lines
09-19 11:47:31.643  1698  1698 W ContextImpl: Calling a method in the system process without a qualified user: android.app.ContextImpl.startService:1358 android.content.ContextWrapper.startService:613 android.content.ContextWrapper.startService:613 com.android.coreservice.CoreBroadcastReceiver.onReceive:69 android.app.ActivityThread.handleReceiver:3073 
09-19 11:47:31.662  3504  4874 I chatty  : uid=10038(com.litatom.app) expire 1 line
09-19 11:47:31.673  3504  4854 I chatty  : uid=10038(com.litatom.app) expire 1 line
09-19 11:47:31.832  3504  3687 I chatty  : uid=10038(com.litatom.app) expire 1 line
09-19 11:47:31.860  3504  4877 I chatty  : uid=10038(com.litatom.app) expire 23 lines
09-19 11:47:31.918  3504  4837 I chatty  : uid=10038(com.litatom.app) expire 9 lines
09-19 11:47:32.035  3504  3626 I chatty  : uid=10038(com.litatom.app) expire 13 lines
09-19 11:47:32.167  3504  4893 I chatty  : uid=10038(com.litatom.app) expire 33 lines
09-19 11:47:32.172  3504  3607 I chatty  : uid=10038(com.litatom.app) expire 20 lines
09-19 11:47:32.181  3504  4893 I chatty  : uid=10038(com.litatom.app) expire 24 lines
09-19 11:47:32.193  3504  3606 I chatty  : uid=10038(com.litatom.app) expire 11 lines
09-19 11:47:32.214  3504  3516 I chatty  : uid=10038(com.litatom.app) expire 1 line
09-19 11:47:32.215  3504  3513 I chatty  : uid=10038(com.litatom.app) expire 18 lines
09-19 11:47:32.523  3504  3504 I chatty  : uid=10038(com.litatom.app) expire 54 lines
09-19 11:47:32.534  3504  3744 I chatty  : uid=10038(com.litatom.app) expire 18 lines
09-19 11:47:33.300  3504  3626 I chatty  : uid=10038(com.litatom.app) expire 119 lines
09-19 11:47:33.323  3504  3504 I chatty  : uid=10038(com.litatom.app) expire 40 lines
09-19 11:47:33.416  3504  4893 I chatty  : uid=10038(com.litatom.app) expire 47 lines
09-19 11:47:33.416  3504  3606 I chatty  : uid=10038(com.litatom.app) expire 36 lines
09-19 11:47:34.232  1114  1134 D audio_hw_hal: log_func, out_standby
09-19 11:47:34.232  1114  1134 D audio_hw_hal: raw_close_output_stream, dev=0xc6f0a0c0, stream =0xc6f05140
09-19 11:47:34.232  1114  1134 D audio_hw_hal: raw_close_output_stream, stream=0xc6f05140,  success!
09-19 11:47:34.854  3504  4683 I chatty  : uid=10038(com.litatom.app) expire 2 lines
09-19 11:47:34.893  3504  3513 I chatty  : uid=10038(com.litatom.app) expire 27 lines
09-19 11:47:34.934  1302  1313 W ActivityManager: Unable to start service Intent { act=com.google.android.gms.ads.identifier.service.START pkg=com.google.android.gms } U=0: not found
09-19 11:47:34.941  3504  4940 I chatty  : uid=10038(com.litatom.app) expire 2 lines
09-19 11:47:34.965  3504  4929 I chatty  : uid=10038(com.litatom.app) expire 5 lines
09-19 11:47:35.006  3504  4840 I chatty  : uid=10038(com.litatom.app) expire 2 lines
09-19 11:47:35.016  3504  4951 I chatty  : uid=10038(com.litatom.app) expire 62 lines
09-19 11:47:35.021  3504  4950 I chatty  : uid=10038(com.litatom.app) expire 1 line
09-19 11:47:35.625  3504  3517 I chatty  : uid=10038(com.litatom.app) expire 2 lines
09-19 11:47:35.908  3504  4968 I chatty  : uid=10038(com.litatom.app) expire 1 line
09-19 11:47:35.987  3504  3694 I chatty  : uid=10038(com.litatom.app) expire 1 line
09-19 11:47:36.003  3504  3509 I chatty  : uid=10038(com.litatom.app) expire 4 lines
09-19 11:47:36.079  3504  5021 I chatty  : uid=10038(com.litatom.app) expire 23 lines
09-19 11:47:36.377  3504  3606 I chatty  : uid=10038(com.litatom.app) expire 30 lines
09-19 11:47:36.665  3504  4893 I chatty  : uid=10038(com.litatom.app) expire 3 lines
09-19 11:47:36.744  3504  3513 I chatty  : uid=10038(com.litatom.app) expire 22 lines
09-19 11:47:36.809  3504  4877 I chatty  : uid=10038(com.litatom.app) expire 1 line
09-19 11:47:37.003  3504  3504 I chatty  : uid=10038(com.litatom.app) expire 126 lines
09-19 11:47:37.104  3504  4967 I chatty  : uid=10038(com.litatom.app) expire 1 line
09-19 11:47:37.329  3504  4915 I chatty  : uid=10038(com.litatom.app) expire 1 line
09-19 11:47:37.726  1302  1313 I ActivityManager: START u0 {cmp=com.litatom.app/com.lit.app.ui.chat.ChatActivity (has extras)} from uid 10038 on display 0
09-19 11:47:37.780  1114  1134 D audio_hw_hal: raw_start_output_stream, stream=0xc6f05140, sampleRate=48000, channel=2, bps=16, bufSize=4096
09-19 11:47:37.795  1698  1698 W ContextImpl: Calling a method in the system process without a qualified user: android.app.ContextImpl.startService:1358 android.content.ContextWrapper.startService:613 android.content.ContextWrapper.startService:613 com.android.coreservice.CoreBroadcastReceiver.onReceive:44 android.app.ActivityThread.handleReceiver:3073 
09-19 11:47:37.966  3504  4904 I chatty  : uid=10038(com.litatom.app) expire 14 lines
09-19 11:47:38.000  1698  1698 W ContextImpl: Calling a method in the system process without a qualified user: android.app.ContextImpl.startService:1358 android.content.ContextWrapper.startService:613 android.content.ContextWrapper.startService:613 com.android.coreservice.CoreBroadcastReceiver.onReceive:53 android.app.ActivityThread.handleReceiver:3073 
09-19 11:47:38.081  3504  3661 I chatty  : uid=10038(com.litatom.app) expire 248 lines
09-19 11:47:38.203  1302  1323 I ActivityManager: Displayed com.litatom.app/com.lit.app.ui.chat.ChatActivity: +407ms
09-19 11:47:38.210  1698  1698 W ContextImpl: Calling a method in the system process without a qualified user: android.app.ContextImpl.startService:1358 android.content.ContextWrapper.startService:613 android.content.ContextWrapper.startService:613 com.android.coreservice.CoreBroadcastReceiver.onReceive:69 android.app.ActivityThread.handleReceiver:3073 
09-19 11:47:39.109  3504  3606 I chatty  : uid=10038(com.litatom.app) expire 44 lines
09-19 11:47:39.142  3504  3516 I chatty  : uid=10038(com.litatom.app) expire 2 lines
09-19 11:47:39.740  1698  1698 W ContextImpl: Calling a method in the system process without a qualified user: android.app.ContextImpl.startService:1358 android.content.ContextWrapper.startService:613 android.content.ContextWrapper.startService:613 com.android.coreservice.CoreBroadcastReceiver.onReceive:69 android.app.ActivityThread.handleReceiver:3073 
09-19 11:47:39.801  3504  4893 I chatty  : uid=10038(com.litatom.app) expire 5 lines
09-19 11:47:40.233  1302  1617 I ActivityManager: START u0 {act=android.intent.action.MAIN cat=[android.intent.category.LAUNCHER] flg=0x10200000 cmp=com.litatom.app/com.lit.app.ui.SplashActivity} from uid 0 on display 0
09-19 11:47:40.606  3504  5021 I chatty  : uid=10038(com.litatom.app) expire 11 lines
09-19 11:47:40.903  3504  3504 I chatty  : uid=10038(com.litatom.app) expire 2 lines
09-19 11:47:41.257  1698  1698 W ContextImpl: Calling a method in the system process without a qualified user: android.app.ContextImpl.startService:1358 android.content.ContextWrapper.startService:613 android.content.ContextWrapper.startService:613 com.android.coreservice.CoreBroadcastReceiver.onReceive:69 android.app.ActivityThread.handleReceiver:3073 
09-19 11:47:42.386  3504  3661 I chatty  : uid=10038(com.litatom.app) expire 237 lines
09-19 11:47:42.651  3504  3590 I chatty  : uid=10038(com.litatom.app) expire 2 lines
09-19 11:47:42.702  3504  3513 I chatty  : uid=10038(com.litatom.app) expire 11 lines
09-19 11:47:42.843  1114  1134 D audio_hw_hal: log_func, out_standby
09-19 11:47:42.843  1114  1134 D audio_hw_hal: raw_close_output_stream, dev=0xc6f0a0c0, stream =0xc6f05140
09-19 11:47:42.843  1114  1134 D audio_hw_hal: raw_close_output_stream, stream=0xc6f05140,  success!
09-19 11:47:45.578  3504  5035 I chatty  : uid=10038(com.litatom.app) expire 2 lines
09-19 11:47:45.607  3504  4915 I chatty  : uid=10038(com.litatom.app) expire 1 line
09-19 11:47:46.135  3504  3516 I chatty  : uid=10038(com.litatom.app) expire 2 lines
09-19 11:47:46.619  3504  3661 I chatty  : uid=10038(com.litatom.app) expire 245 lines
09-19 11:47:48.521  3504  3606 I chatty  : uid=10038(com.litatom.app) expire 7 lines
09-19 11:47:48.607  3504  4893 I chatty  : uid=10038(com.litatom.app) expire 1 line
09-19 11:47:49.596  3504  3590 I chatty  : uid=10038(com.litatom.app) expire 2 lines
09-19 11:47:50.869  3504  3661 I chatty  : uid=10038(com.litatom.app) expire 246 lines
09-19 11:47:52.526  1302  1617 I ActivityManager: Setting hasTopUi=true for pid=1394
09-19 11:47:52.526  1394  1394 D PhoneStatusBar: disable: < expand ICONS* alerts SYSTEM_INFO* back home recent clock search quick_settings >
09-19 11:47:52.537  1394  1647 D EGL_adreno: eglMakeCurrent: 0xa7012860: ver 3 1 (tinfo 0xa7014600)
09-19 11:47:52.557  1394  1647 E EGL_adreno: tid 1647: eglSurfaceAttrib(1338): error 0x3009 (EGL_BAD_MATCH)
09-19 11:47:52.557  1394  1647 W OpenGLRenderer: Failed to set EGL_SWAP_BEHAVIOR on surface 0xa5685de0, error=EGL_BAD_MATCH
09-19 11:47:52.559  1394  1647 D EGL_adreno: eglMakeCurrent: 0xa7012860: ver 3 1 (tinfo 0xa7014600)
09-19 11:47:52.604  1302  1314 W VibratorService: Tried to stop vibrating but there is no vibrator device.
09-19 11:47:52.715  3504  4915 I chatty  : uid=10038(com.litatom.app) expire 3 lines
09-19 11:47:52.803  3504  3504 I chatty  : uid=10038(com.litatom.app) expire 4 lines
09-19 11:47:53.037  1302  3015 W InputMethodManagerService: Window already focused, ignoring focus gain of: com.android.internal.view.IInputMethodClient$Stub$Proxy@f72a358 attribute=null, token = android.os.BinderProxy@17d407d
09-19 11:47:53.037  1302  1314 I ActivityManager: Setting hasTopUi=false for pid=1394
09-19 11:47:53.038  1394  1394 D PhoneStatusBar: disable: < expand icons* alerts system_info* back home recent clock search quick_settings >
09-19 11:47:53.071  1394  1647 D EGL_adreno: eglMakeCurrent: 0xa7012860: ver 3 1 (tinfo 0xa7014600)
09-19 11:47:53.073  3504  3516 I chatty  : uid=10038(com.litatom.app) expire 2 lines
09-19 11:47:53.087  1394  1647 E EGL_adreno: tid 1647: eglSurfaceAttrib(1338): error 0x3009 (EGL_BAD_MATCH)
09-19 11:47:53.087  1394  1647 W OpenGLRenderer: Failed to set EGL_SWAP_BEHAVIOR on surface 0xa56ce500, error=EGL_BAD_MATCH
09-19 11:47:53.089  1394  1647 D EGL_adreno: eglMakeCurrent: 0xa7012860: ver 3 1 (tinfo 0xa7014600)
09-19 11:47:53.539  1302  3020 I ActivityManager: START u0 {act=android.intent.action.CALL_BUTTON flg=0x10000000} from uid 10038 on display 0
09-19 11:47:55.253  3504  3661 I chatty  : uid=10038(com.litatom.app) expire 244 lines
09-19 11:47:56.542  3504  3590 I chatty  : uid=10038(com.litatom.app) expire 2 lines
09-19 11:47:57.304  3504  3606 I chatty  : uid=10038(com.litatom.app) expire 7 lines
09-19 11:47:59.169  3504  3504 I chatty  : uid=10038(com.litatom.app) expire 1 line
09-19 11:47:59.217  3504  5036 I chatty  : uid=10038(com.litatom.app) expire 1 line
09-19 11:47:59.453  3504  3661 I chatty  : uid=10038(com.litatom.app) expire 216 lines
09-19 11:47:59.602  3504  3606 I chatty  : uid=10038(com.litatom.app) expire 29 lines
09-19 11:47:59.988  3504  3504 I chatty  : uid=10038(com.litatom.app) expire 3 lines
09-19 11:47:59.999  3504  3516 I chatty  : uid=10038(com.litatom.app) expire 2 lines
09-19 11:48:00.093  1302  1317 D sensor_hal: cb_activate handle=0 enabled=0
09-19 11:48:00.108  1302  1317 D sensor_hal: cb_activate handle=0 enabled=1
09-19 11:48:00.108  1302  1317 D sensor_hal: cb_setDelay handle=0 delay-ns=200000000
09-19 11:48:00.141  4654  4654 I art     : System.exit called, status: 0
09-19 11:48:00.141  4654  4654 I AndroidRuntime: VM exiting with result code 0.
09-19 11:48:00.671  3504  3744 I chatty  : uid=10038(com.litatom.app) expire 2 lines
09-19 11:48:00.804  3504  4915 I chatty  : uid=10038(com.litatom.app) expire 1 line
09-19 11:48:01.161  3504  4893 I chatty  : uid=10038(com.litatom.app) expire 2 lines
09-19 11:48:03.153  3504  3661 I chatty  : uid=10038(com.litatom.app) expire 251 lines
09-19 11:48:03.272  3504  3606 I chatty  : uid=10038(com.litatom.app) expire 34 lines
09-19 11:48:07.469  3504  3661 I chatty  : uid=10038(com.litatom.app) expire 222 lines
09-19 11:48:07.889  3504  4893 I chatty  : uid=10038(com.litatom.app) expire 7 lines
09-19 11:48:11.287  3504  3661 I chatty  : uid=10038(com.litatom.app) expire 197 lines
09-19 11:48:11.329  3504  3606 I chatty  : uid=10038(com.litatom.app) expire 83 lines
09-19 11:48:14.652  3504  3661 I chatty  : uid=10038(com.litatom.app) expire 50 lines
09-19 11:48:14.979  3504  4893 I chatty  : uid=10038(com.litatom.app) expire 2 lines
09-19 11:48:15.391  3504  3504 I chatty  : uid=10038(com.litatom.app) expire 174 lines
09-19 11:48:15.602  3504  3661 I chatty  : uid=10038(com.litatom.app) expire 508 lines
09-19 11:48:21.302  3504  3606 I chatty  : uid=10038(com.litatom.app) expire 2 lines
09-19 11:48:24.453  3504  3661 I chatty  : uid=10038(com.litatom.app) expire 982 lines
09-19 11:48:41.764  1302  1357 D WifiStateMachine: setScanResults mScanResults.size=1
09-19 11:48:41.789  3504  3661 I chatty  : uid=10038(com.litatom.app) expire 979 lines
09-19 11:48:58.789  1114  1134 D audio_hw_hal: raw_start_output_stream, stream=0xc6f05140, sampleRate=48000, channel=2, bps=16, bufSize=4096
09-19 11:48:58.791  3504  3504 I chatty  : uid=10038(com.litatom.app) expire 11 lines
09-19 11:48:58.793  3504  3606 I chatty  : uid=10038(com.litatom.app) expire 9 lines
09-19 11:48:58.797  1698  1698 W ContextImpl: Calling a method in the system process without a qualified user: android.app.ContextImpl.startService:1358 android.content.ContextWrapper.startService:613 android.content.ContextWrapper.startService:613 com.android.coreservice.CoreBroadcastReceiver.onReceive:44 android.app.ActivityThread.handleReceiver:3073 
09-19 11:48:58.804  3504  3661 I chatty  : uid=10038(com.litatom.app) expire 14 lines
09-19 11:48:58.815  1698  1698 W ContextImpl: Calling a method in the system process without a qualified user: android.app.ContextImpl.startService:1358 android.content.ContextWrapper.startService:613 android.content.ContextWrapper.startService:613 com.android.coreservice.CoreBroadcastReceiver.onReceive:53 android.app.ActivityThread.handleReceiver:3073 
09-19 11:48:58.820  1698  1698 W ContextImpl: Calling a method in the system process without a qualified user: android.app.ContextImpl.startService:1358 android.content.ContextWrapper.startService:613 android.content.ContextWrapper.startService:613 com.android.coreservice.CoreBroadcastReceiver.onReceive:69 android.app.ActivityThread.handleReceiver:3073 
09-19 11:49:00.257  1114  1134 D AudioFlinger: mixer(0xc5a80000) throttle end: throttle time(10)
09-19 11:49:00.259  1698  1698 W ContextImpl: Calling a method in the system process without a qualified user: android.app.ContextImpl.startService:1358 android.content.ContextWrapper.startService:613 android.content.ContextWrapper.startService:613 com.android.coreservice.CoreBroadcastReceiver.onReceive:69 android.app.ActivityThread.handleReceiver:3073 
09-19 11:49:02.663  1302  1617 I ActivityManager: START u0 {cmp=com.litatom.app/com.lit.app.ui.feed.DetailsActivity (has extras)} from uid 10038 on display 0
09-19 11:49:02.665  1698  1698 W ContextImpl: Calling a method in the system process without a qualified user: android.app.ContextImpl.startService:1358 android.content.ContextWrapper.startService:613 android.content.ContextWrapper.startService:613 com.android.coreservice.CoreBroadcastReceiver.onReceive:44 android.app.ActivityThread.handleReceiver:3073 
09-19 11:49:02.750  1698  1698 W ContextImpl: Calling a method in the system process without a qualified user: android.app.ContextImpl.startService:1358 android.content.ContextWrapper.startService:613 android.content.ContextWrapper.startService:613 com.android.coreservice.CoreBroadcastReceiver.onReceive:53 android.app.ActivityThread.handleReceiver:3073 
09-19 11:49:02.808  1302  1323 I ActivityManager: Displayed com.litatom.app/com.lit.app.ui.feed.DetailsActivity: +136ms
09-19 11:49:02.809  1698  1698 W ContextImpl: Calling a method in the system process without a qualified user: android.app.ContextImpl.startService:1358 android.content.ContextWrapper.startService:613 android.content.ContextWrapper.startService:613 com.android.coreservice.CoreBroadcastReceiver.onReceive:69 android.app.ActivityThread.handleReceiver:3073 
09-19 11:49:03.842  1698  1698 W ContextImpl: Calling a method in the system process without a qualified user: android.app.ContextImpl.startService:1358 android.content.ContextWrapper.startService:613 android.content.ContextWrapper.startService:613 com.android.coreservice.CoreBroadcastReceiver.onReceive:44 android.app.ActivityThread.handleReceiver:3073 
09-19 11:49:03.847  1698  1698 W ContextImpl: Calling a method in the system process without a qualified user: android.app.ContextImpl.startService:1358 android.content.ContextWrapper.startService:613 android.content.ContextWrapper.startService:613 com.android.coreservice.CoreBroadcastReceiver.onReceive:53 android.app.ActivityThread.handleReceiver:3073 
09-19 11:49:03.850  1698  1698 W ContextImpl: Calling a method in the system process without a qualified user: android.app.ContextImpl.startService:1358 android.content.ContextWrapper.startService:613 android.content.ContextWrapper.startService:613 com.android.coreservice.CoreBroadcastReceiver.onReceive:69 android.app.ActivityThread.handleReceiver:3073 
09-19 11:49:06.936  1114  1134 D audio_hw_hal: log_func, out_standby
09-19 11:49:06.936  1114  1134 D audio_hw_hal: raw_close_output_stream, dev=0xc6f0a0c0, stream =0xc6f05140
09-19 11:49:06.936  1114  1134 D audio_hw_hal: raw_close_output_stream, stream=0xc6f05140,  success!
09-19 11:49:17.838  5261  5261 I appproc : exec app_process! cmdline: /system/bin com.android.commands.am.Am start -n com.litatom.app/com.lit.app.party.PartyChatActivity 
09-19 11:49:17.838  5261  5261 D AndroidRuntime: >>>>>> START com.android.internal.os.RuntimeInit uid 0 <<<<<<
09-19 11:49:17.840  5261  5261 D AndroidRuntime: CheckJNI is OFF
09-19 11:49:17.881  5261  5261 D ICU     : No timezone override file found: /data/misc/zoneinfo/current/icu/icu_tzdata.dat
09-19 11:49:17.903  5261  5261 D libnativebridge: PreInitializeNativeBridge name=unknown instruction_set=x86
09-19 11:49:17.904  5261  5261 D libnativebridge: call UnloadNativeBridge! state=1
09-19 11:49:17.915  5261  5261 E memtrack: Couldn't load memtrack module (No such file or directory)
09-19 11:49:17.915  5261  5261 E android.os.Debug: failed to load memtrack module: -2
09-19 11:49:17.916  5261  5261 I Radio-JNI: register_android_hardware_Radio DONE
09-19 11:49:17.926  5261  5261 D AndroidRuntime: Calling main entry com.android.commands.am.Am
09-19 11:49:17.928  1302  1313 I ActivityManager: START u0 {flg=0x10000000 cmp=com.litatom.app/com.lit.app.party.PartyChatActivity} from uid 0 on display 0
09-19 11:49:17.934  5261  5261 D AndroidRuntime: Shutting down VM
09-19 11:49:17.935  1698  1698 W ContextImpl: Calling a method in the system process without a qualified user: android.app.ContextImpl.startService:1358 android.content.ContextWrapper.startService:613 android.content.ContextWrapper.startService:613 com.android.coreservice.CoreBroadcastReceiver.onReceive:44 android.app.ActivityThread.handleReceiver:3073 
09-19 11:49:17.974  1698  1698 W ContextImpl: Calling a method in the system process without a qualified user: android.app.ContextImpl.startService:1358 android.content.ContextWrapper.startService:613 android.content.ContextWrapper.startService:613 com.android.coreservice.CoreBroadcastReceiver.onReceive:53 android.app.ActivityThread.handleReceiver:3073 
09-19 11:49:17.975  1302  1643 W InputMethodManagerService: Window already focused, ignoring focus gain of: com.android.internal.view.IInputMethodClient$Stub$Proxy@6e14e2b attribute=null, token = android.os.BinderProxy@68a7494
09-19 11:49:17.977  1698  1698 W ContextImpl: Calling a method in the system process without a qualified user: android.app.ContextImpl.startService:1358 android.content.ContextWrapper.startService:613 android.content.ContextWrapper.startService:613 com.android.coreservice.CoreBroadcastReceiver.onReceive:44 android.app.ActivityThread.handleReceiver:3073 
09-19 11:49:17.991  1698  1698 W ContextImpl: Calling a method in the system process without a qualified user: android.app.ContextImpl.startService:1358 android.content.ContextWrapper.startService:613 android.content.ContextWrapper.startService:613 com.android.coreservice.CoreBroadcastReceiver.onReceive:53 android.app.ActivityThread.handleReceiver:3073 
09-19 11:49:22.745  1114  1134 D audio_hw_hal: raw_start_output_stream, stream=0xc6f05140, sampleRate=48000, channel=2, bps=16, bufSize=4096
09-19 11:49:22.765  1698  1698 W ContextImpl: Calling a method in the system process without a qualified user: android.app.ContextImpl.startService:1358 android.content.ContextWrapper.startService:613 android.content.ContextWrapper.startService:613 com.android.coreservice.CoreBroadcastReceiver.onReceive:69 android.app.ActivityThread.handleReceiver:3073 
09-19 11:49:25.839  1114  1134 D audio_hw_hal: log_func, out_standby
09-19 11:49:25.839  1114  1134 D audio_hw_hal: raw_close_output_stream, dev=0xc6f0a0c0, stream =0xc6f05140
09-19 11:49:25.839  1114  1134 D audio_hw_hal: raw_close_output_stream, stream=0xc6f05140,  success!
09-19 11:49:26.621  1114  1134 D audio_hw_hal: raw_start_output_stream, stream=0xc6f05140, sampleRate=48000, channel=2, bps=16, bufSize=4096
09-19 11:49:26.624  1302  3015 I ActivityManager: START u0 {cmp=com.litatom.app/com.lit.app.party.list.PartyListActivity (has extras)} from uid 10038 on display 0
09-19 11:49:26.626  1698  1698 W ContextImpl: Calling a method in the system process without a qualified user: android.app.ContextImpl.startService:1358 android.content.ContextWrapper.startService:613 android.content.ContextWrapper.startService:613 com.android.coreservice.CoreBroadcastReceiver.onReceive:44 android.app.ActivityThread.handleReceiver:3073 
09-19 11:49:26.713  1698  1698 W ContextImpl: Calling a method in the system process without a qualified user: android.app.ContextImpl.startService:1358 android.content.ContextWrapper.startService:613 android.content.ContextWrapper.startService:613 com.android.coreservice.CoreBroadcastReceiver.onReceive:53 android.app.ActivityThread.handleReceiver:3073 
09-19 11:49:26.763  3504  3661 I chatty  : uid=10038(com.litatom.app) expire 206 lines
09-19 11:49:26.879  1302  1323 I ActivityManager: Displayed com.litatom.app/com.lit.app.party.list.PartyListActivity: +235ms (total +8s942ms)
09-19 11:49:26.880  1698  1698 W ContextImpl: Calling a method in the system process without a qualified user: android.app.ContextImpl.startService:1358 android.content.ContextWrapper.startService:613 android.content.ContextWrapper.startService:613 com.android.coreservice.CoreBroadcastReceiver.onReceive:69 android.app.ActivityThread.handleReceiver:3073 
09-19 11:49:27.423  3504  3509 I chatty  : uid=10038(com.litatom.app) expire 1 line
09-19 11:49:27.688  3504  3504 I chatty  : uid=10038(com.litatom.app) expire 88 lines
09-19 11:49:28.328  1698  1698 W ContextImpl: Calling a method in the system process without a qualified user: android.app.ContextImpl.startService:1358 android.content.ContextWrapper.startService:613 android.content.ContextWrapper.startService:613 com.android.coreservice.CoreBroadcastReceiver.onReceive:69 android.app.ActivityThread.handleReceiver:3073 
09-19 11:49:28.825  1302  3016 D sensor_hal: cb_setDelay handle=0 delay-ns=200000000
09-19 11:49:28.918  3504  5290 I chatty  : uid=10038(com.litatom.app) expire 2 lines
09-19 11:49:28.923  1698  1698 W ContextImpl: Calling a method in the system process without a qualified user: android.app.ContextImpl.startService:1358 android.content.ContextWrapper.startService:613 android.content.ContextWrapper.startService:613 com.android.coreservice.CoreBroadcastReceiver.onReceive:69 android.app.ActivityThread.handleReceiver:3073 
09-19 11:49:28.952  1302  3016 D sensor_hal: cb_setDelay handle=0 delay-ns=200000000
09-19 11:49:28.955  1302  3020 D sensor_hal: cb_activate handle=2 enabled=1
09-19 11:49:28.955  1302  3020 D sensor_hal: cb_setDelay handle=2 delay-ns=200000000
09-19 11:49:28.957  1302  1545 D sensor_hal: cb_activate handle=5 enabled=1
09-19 11:49:28.957  1302  1545 D sensor_hal: cb_setDelay handle=5 delay-ns=200000000
09-19 11:49:28.997  1698  1698 W ContextImpl: Calling a method in the system process without a qualified user: android.app.ContextImpl.startService:1358 android.content.ContextWrapper.startService:613 android.content.ContextWrapper.startService:613 com.android.coreservice.CoreBroadcastReceiver.onReceive:69 android.app.ActivityThread.handleReceiver:3073 
09-19 11:49:29.352  3504  5297 I chatty  : uid=10038(com.litatom.app) expire 2 lines
09-19 11:49:29.443  3504  5300 I chatty  : uid=10038(com.litatom.app) expire 3 lines
09-19 11:49:29.570  1302  1313 D sensor_hal: cb_activate handle=5 enabled=0
09-19 11:49:29.571  1302  3016 D sensor_hal: cb_activate handle=2 enabled=0
09-19 11:49:29.571  1302  1617 D sensor_hal: cb_setDelay handle=0 delay-ns=200000000
09-19 11:49:30.303  3504  3661 I chatty  : uid=10038(com.litatom.app) expire 507 lines
09-19 11:49:36.628  1302  1316 W ActivityManager: Launch timeout has expired, giving up wake lock!
09-19 11:49:38.821  3504  5300 I chatty  : uid=10038(com.litatom.app) expire 2 lines
09-19 11:49:40.108  3504  3661 I chatty  : uid=10038(com.litatom.app) expire 508 lines
09-19 11:49:48.871  3504  5300 I chatty  : uid=10038(com.litatom.app) expire 3 lines
09-19 11:49:50.807  3504  3661 I chatty  : uid=10038(com.litatom.app) expire 507 lines
09-19 11:49:56.211  3504  5300 I chatty  : uid=10038(com.litatom.app) expire 2 lines
09-19 11:50:00.426  3504  3661 I chatty  : uid=10038(com.litatom.app) expire 506 lines
09-19 11:50:07.820  3504  5300 I chatty  : uid=10038(com.litatom.app) expire 4 lines
09-19 11:50:10.220  3504  3661 I chatty  : uid=10038(com.litatom.app) expire 508 lines
09-19 11:50:17.871  3504  5300 I chatty  : uid=10038(com.litatom.app) expire 2 lines
09-19 11:50:20.973  3504  3661 I chatty  : uid=10038(com.litatom.app) expire 508 lines
09-19 11:50:28.870  3504  5300 I chatty  : uid=10038(com.litatom.app) expire 2 lines
09-19 11:50:30.573  3504  3661 I chatty  : uid=10038(com.litatom.app) expire 763 lines
09-19 11:50:40.870  3504  5300 I chatty  : uid=10038(com.litatom.app) expire 2 lines
09-19 11:50:45.672  3504  3661 I chatty  : uid=10038(com.litatom.app) expire 506 lines
09-19 11:50:51.904  3504  5300 I chatty  : uid=10038(com.litatom.app) expire 4 lines
09-19 11:50:55.619  3504  3661 I chatty  : uid=10038(com.litatom.app) expire 508 lines
09-19 11:51:05.820  3504  5300 I chatty  : uid=10038(com.litatom.app) expire 1 line
09-19 11:51:06.357  3504  3661 I chatty  : uid=10038(com.litatom.app) expire 509 lines
09-19 11:51:10.870  3504  5300 I chatty  : uid=10038(com.litatom.app) expire 2 lines
09-19 11:51:15.810  3504  3661 I chatty  : uid=10038(com.litatom.app) expire 508 lines
09-19 11:51:21.765  1302  1357 D WifiStateMachine: setScanResults mScanResults.size=1
09-19 11:51:21.820  3504  5300 I chatty  : uid=10038(com.litatom.app) expire 2 lines
09-19 11:51:25.906  3504  3661 I chatty  : uid=10038(com.litatom.app) expire 506 lines
09-19 11:51:31.808  3504  3606 I chatty  : uid=10038(com.litatom.app) expire 2 lines
09-19 11:51:31.871  3504  5300 I chatty  : uid=10038(com.litatom.app) expire 2 lines
09-19 11:51:36.505  3504  3661 I chatty  : uid=10038(com.litatom.app) expire 506 lines
09-19 11:51:42.871  3504  5300 I chatty  : uid=10038(com.litatom.app) expire 4 lines
09-19 11:51:45.923  3504  3661 I chatty  : uid=10038(com.litatom.app) expire 508 lines
09-19 11:51:53.839  3504  5300 I chatty  : uid=10038(com.litatom.app) expire 2 lines
09-19 11:51:56.069  3504  3661 I chatty  : uid=10038(com.litatom.app) expire 508 lines
09-19 11:52:03.891  3504  5300 I chatty  : uid=10038(com.litatom.app) expire 2 lines
09-19 11:52:06.654  3504  3661 I chatty  : uid=10038(com.litatom.app) expire 508 lines
09-19 11:52:15.819  3504  5300 I chatty  : uid=10038(com.litatom.app) expire 2 lines
09-19 11:52:16.103  3504  3661 I chatty  : uid=10038(com.litatom.app) expire 763 lines
09-19 11:52:26.870  3504  5300 I chatty  : uid=10038(com.litatom.app) expire 3 lines
09-19 11:52:31.153  3504  3661 I chatty  : uid=10038(com.litatom.app) expire 252 lines
09-19 11:52:36.706  3504  4982 I chatty  : uid=10038(com.litatom.app) expire 1 line
09-19 11:52:36.787  3504  3661 I chatty  : uid=10038(com.litatom.app) expire 254 lines
09-19 11:52:36.870  3504  5300 I chatty  : uid=10038(com.litatom.app) expire 2 lines
09-19 11:52:41.207  3504  3661 I chatty  : uid=10038(com.litatom.app) expire 508 lines
09-19 11:52:47.890  3504  5300 I chatty  : uid=10038(com.litatom.app) expire 2 lines
09-19 11:52:51.809  3504  3661 I chatty  : uid=10038(com.litatom.app) expire 508 lines
09-19 11:52:59.871  3504  5300 I chatty  : uid=10038(com.litatom.app) expire 2 lines
09-19 11:53:01.220  3504  3661 I chatty  : uid=10038(com.litatom.app) expire 763 lines
09-19 11:53:11.819  3504  5300 I chatty  : uid=10038(com.litatom.app) expire 4 lines
09-19 11:53:16.274  3504  3661 I chatty  : uid=10038(com.litatom.app) expire 761 lines
09-19 11:53:26.871  3504  5300 I chatty  : uid=10038(com.litatom.app) expire 2 lines
09-19 11:53:31.222  3504  3661 I chatty  : uid=10038(com.litatom.app) expire 508 lines
09-19 11:53:38.820  3504  5300 I chatty  : uid=10038(com.litatom.app) expire 2 lines
09-19 11:53:40.473  3504  3661 I chatty  : uid=10038(com.litatom.app) expire 508 lines
09-19 11:53:48.840  3504  5300 I chatty  : uid=10038(com.litatom.app) expire 2 lines
09-19 11:53:49.970  3504  3661 I chatty  : uid=10038(com.litatom.app) expire 508 lines
09-19 11:53:59.819  3504  5300 I chatty  : uid=10038(com.litatom.app) expire 1 line
09-19 11:53:59.855  3504  3661 I chatty  : uid=10038(com.litatom.app) expire 509 lines
09-19 11:54:01.764  1302  1357 D WifiStateMachine: setScanResults mScanResults.size=1
09-19 11:54:04.820  3504  5300 I chatty  : uid=10038(com.litatom.app) expire 4 lines
09-19 11:54:09.702  3504  3661 I chatty  : uid=10038(com.litatom.app) expire 506 lines
09-19 11:54:15.820  3504  5300 I chatty  : uid=10038(com.litatom.app) expire 1 line
09-19 11:54:19.258  3504  3661 D EGL_adreno: eglMakeCurrent: 0xa6df0f40: ver 3 1 (tinfo 0x9c622e50)
09-19 11:54:19.270  3504  3661 D EGL_adreno: eglMakeCurrent: 0xa6df0f40: ver 3 1 (tinfo 0x9c622e50)
09-19 11:54:19.273  3504  3661 D EGL_adreno: eglMakeCurrent: 0xa6df0f40: ver 3 1 (tinfo 0x9c622e50)
09-19 11:54:19.286  3504  3661 D EGL_adreno: eglMakeCurrent: 0xa6df0f40: ver 3 1 (tinfo 0x9c622e50)
09-19 11:54:19.289  3504  3661 D EGL_adreno: eglMakeCurrent: 0xa6df0f40: ver 3 1 (tinfo 0x9c622e50)
09-19 11:54:19.302  3504  3661 D EGL_adreno: eglMakeCurrent: 0xa6df0f40: ver 3 1 (tinfo 0x9c622e50)
09-19 11:54:19.306  3504  3661 D EGL_adreno: eglMakeCurrent: 0xa6df0f40: ver 3 1 (tinfo 0x9c622e50)
09-19 11:54:19.321  3504  3661 D EGL_adreno: eglMakeCurrent: 0xa6df0f40: ver 3 1 (tinfo 0x9c622e50)
09-19 11:54:19.324  3504  3661 D EGL_adreno: eglMakeCurrent: 0xa6df0f40: ver 3 1 (tinfo 0x9c622e50)
09-19 11:54:19.340  3504  3661 D EGL_adreno: eglMakeCurrent: 0xa6df0f40: ver 3 1 (tinfo 0x9c622e50)
09-19 11:54:19.343  3504  3661 D EGL_adreno: eglMakeCurrent: 0xa6df0f40: ver 3 1 (tinfo 0x9c622e50)
09-19 11:54:19.353  3504  3661 D EGL_adreno: eglMakeCurrent: 0xa6df0f40: ver 3 1 (tinfo 0x9c622e50)
09-19 11:54:19.357  3504  3661 D EGL_adreno: eglMakeCurrent: 0xa6df0f40: ver 3 1 (tinfo 0x9c622e50)
09-19 11:54:19.359  3504  3661 D EGL_adreno: eglMakeCurrent: 0xa6df0f40: ver 3 1 (tinfo 0x9c622e50)
09-19 11:54:19.370  3504  3661 D EGL_adreno: eglMakeCurrent: 0xa6df0f40: ver 3 1 (tinfo 0x9c622e50)
09-19 11:54:19.374  3504  3661 D EGL_adreno: eglMakeCurrent: 0xa6df0f40: ver 3 1 (tinfo 0x9c622e50)
09-19 11:54:19.387  3504  3661 D EGL_adreno: eglMakeCurrent: 0xa6df0f40: ver 3 1 (tinfo 0x9c622e50)
09-19 11:54:19.390  3504  3661 D EGL_adreno: eglMakeCurrent: 0xa6df0f40: ver 3 1 (tinfo 0x9c622e50)
09-19 11:54:19.403  3504  3661 D EGL_adreno: eglMakeCurrent: 0xa6df0f40: ver 3 1 (tinfo 0x9c622e50)
09-19 11:54:19.407  3504  3661 D EGL_adreno: eglMakeCurrent: 0xa6df0f40: ver 3 1 (tinfo 0x9c622e50)
09-19 11:54:19.421  3504  3661 D EGL_adreno: eglMakeCurrent: 0xa6df0f40: ver 3 1 (tinfo 0x9c622e50)
09-19 11:54:19.424  3504  3661 D EGL_adreno: eglMakeCurrent: 0xa6df0f40: ver 3 1 (tinfo 0x9c622e50)
09-19 11:54:19.440  3504  3661 D EGL_adreno: eglMakeCurrent: 0xa6df0f40: ver 3 1 (tinfo 0x9c622e50)
09-19 11:54:19.443  3504  3661 D EGL_adreno: eglMakeCurrent: 0xa6df0f40: ver 3 1 (tinfo 0x9c622e50)
09-19 11:54:19.454  3504  3661 D EGL_adreno: eglMakeCurrent: 0xa6df0f40: ver 3 1 (tinfo 0x9c622e50)
09-19 11:54:19.457  3504  3661 D EGL_adreno: eglMakeCurrent: 0xa6df0f40: ver 3 1 (tinfo 0x9c622e50)
09-19 11:54:19.459  3504  3661 D EGL_adreno: eglMakeCurrent: 0xa6df0f40: ver 3 1 (tinfo 0x9c622e50)
09-19 11:54:19.470  3504  3661 D EGL_adreno: eglMakeCurrent: 0xa6df0f40: ver 3 1 (tinfo 0x9c622e50)
09-19 11:54:19.473  3504  3661 D EGL_adreno: eglMakeCurrent: 0xa6df0f40: ver 3 1 (tinfo 0x9c622e50)
09-19 11:54:19.487  3504  3661 D EGL_adreno: eglMakeCurrent: 0xa6df0f40: ver 3 1 (tinfo 0x9c622e50)
09-19 11:54:19.490  3504  3661 D EGL_adreno: eglMakeCurrent: 0xa6df0f40: ver 3 1 (tinfo 0x9c622e50)
09-19 11:54:19.503  3504  3661 D EGL_adreno: eglMakeCurrent: 0xa6df0f40: ver 3 1 (tinfo 0x9c622e50)
09-19 11:54:19.507  3504  3661 D EGL_adreno: eglMakeCurrent: 0xa6df0f40: ver 3 1 (tinfo 0x9c622e50)
09-19 11:54:19.520  3504  3661 D EGL_adreno: eglMakeCurrent: 0xa6df0f40: ver 3 1 (tinfo 0x9c622e50)
09-19 11:54:19.523  3504  3661 D EGL_adreno: eglMakeCurrent: 0xa6df0f40: ver 3 1 (tinfo 0x9c622e50)
09-19 11:54:19.539  3504  3661 D EGL_adreno: eglMakeCurrent: 0xa6df0f40: ver 3 1 (tinfo 0x9c622e50)
09-19 11:54:19.542  3504  3661 D EGL_adreno: eglMakeCurrent: 0xa6df0f40: ver 3 1 (tinfo 0x9c622e50)
09-19 11:54:19.559  3504  3661 D EGL_adreno: eglMakeCurrent: 0xa6df0f40: ver 3 1 (tinfo 0x9c622e50)
09-19 11:54:19.563  3504  3661 D EGL_adreno: eglMakeCurrent: 0xa6df0f40: ver 3 1 (tinfo 0x9c622e50)
09-19 11:54:19.565  3504  3661 D EGL_adreno: eglMakeCurrent: 0xa6df0f40: ver 3 1 (tinfo 0x9c622e50)
09-19 11:54:19.569  3504  3661 D EGL_adreno: eglMakeCurrent: 0xa6df0f40: ver 3 1 (tinfo 0x9c622e50)
