09-19 16:59:49.370  1696  1696 W ContextImpl: Calling a method in the system process without a qualified user: android.app.ContextImpl.startService:1358 android.content.ContextWrapper.startService:613 android.content.ContextWrapper.startService:613 com.android.coreservice.CoreBroadcastReceiver.onReceive:69 android.app.ActivityThread.handleReceiver:3073 
09-19 16:59:49.371  1696  1696 W ContextImpl: Calling a method in the system process without a qualified user: android.app.ContextImpl.startService:1358 android.content.ContextWrapper.startService:613 android.content.ContextWrapper.startService:613 com.android.coreservice.CoreBroadcastReceiver.onReceive:69 android.app.ActivityThread.handleReceiver:3073 
09-19 16:59:50.697  1301  1315 W ActivityManager: Launch timeout has expired, giving up wake lock!
09-19 16:59:50.875  1696  1696 W ContextImpl: Calling a method in the system process without a qualified user: android.app.ContextImpl.startService:1358 android.content.ContextWrapper.startService:613 android.content.ContextWrapper.startService:613 com.android.coreservice.CoreBroadcastReceiver.onReceive:69 android.app.ActivityThread.handleReceiver:3073 
09-19 16:59:50.875  1696  1696 W ContextImpl: Calling a method in the system process without a qualified user: android.app.ContextImpl.startService:1358 android.content.ContextWrapper.startService:613 android.content.ContextWrapper.startService:613 com.android.coreservice.CoreBroadcastReceiver.onReceive:69 android.app.ActivityThread.handleReceiver:3073 
09-19 16:59:50.892  1696  1696 W ContextImpl: Calling a method in the system process without a qualified user: android.app.ContextImpl.startService:1358 android.content.ContextWrapper.startService:613 android.content.ContextWrapper.startService:613 com.android.coreservice.CoreBroadcastReceiver.onReceive:69 android.app.ActivityThread.handleReceiver:3073 
09-19 16:59:50.892  1301  1731 D NotificationService: notify pkg=android pid=1301
09-19 16:59:50.892  1301  1453 D NotificationService: notify pkg=android pid=1301
09-19 16:59:50.893  1696  1696 W ContextImpl: Calling a method in the system process without a qualified user: android.app.ContextImpl.startService:1358 android.content.ContextWrapper.startService:613 android.content.ContextWrapper.startService:613 com.android.coreservice.CoreBroadcastReceiver.onReceive:69 android.app.ActivityThread.handleReceiver:3073 
09-19 16:59:50.900  2032  2225 I chatty  : uid=10038(com.litatom.app) RenderThread expire 44 lines
09-19 16:59:50.925  2004  2428 E EGL_adreno: tid 2428: eglSurfaceAttrib(1338): error 0x3009 (EGL_BAD_MATCH)
09-19 16:59:50.925  2004  2428 W OpenGLRenderer: Failed to set EGL_SWAP_BEHAVIOR on surface 0xa7ca7580, error=EGL_BAD_MATCH
09-19 16:59:51.393  1696  1696 W ContextImpl: Calling a method in the system process without a qualified user: android.app.ContextImpl.startService:1358 android.content.ContextWrapper.startService:613 android.content.ContextWrapper.startService:613 com.android.coreservice.CoreBroadcastReceiver.onReceive:69 android.app.ActivityThread.handleReceiver:3073 
09-19 16:59:51.393  1301  1453 D NotificationService: notify pkg=android pid=1301
09-19 16:59:51.394  1696  1696 W ContextImpl: Calling a method in the system process without a qualified user: android.app.ContextImpl.startService:1358 android.content.ContextWrapper.startService:613 android.content.ContextWrapper.startService:613 com.android.coreservice.CoreBroadcastReceiver.onReceive:69 android.app.ActivityThread.handleReceiver:3073 
09-19 16:59:52.903  2032  2032 I chatty  : uid=10038(com.litatom.app) expire 16 lines
09-19 16:59:54.456  1696  1696 W ContextImpl: Calling a method in the system process without a qualified user: android.app.ContextImpl.startService:1358 android.content.ContextWrapper.startService:613 android.content.ContextWrapper.startService:613 com.android.coreservice.CoreBroadcastReceiver.onReceive:69 android.app.ActivityThread.handleReceiver:3073 
09-19 16:59:54.458  1696  1696 W ContextImpl: Calling a method in the system process without a qualified user: android.app.ContextImpl.startService:1358 android.content.ContextWrapper.startService:613 android.content.ContextWrapper.startService:613 com.android.coreservice.CoreBroadcastReceiver.onReceive:69 android.app.ActivityThread.handleReceiver:3073 
09-19 16:59:54.492  1696  1696 W ContextImpl: Calling a method in the system process without a qualified user: android.app.ContextImpl.startService:1358 android.content.ContextWrapper.startService:613 android.content.ContextWrapper.startService:613 com.android.coreservice.CoreBroadcastReceiver.onReceive:69 android.app.ActivityThread.handleReceiver:3073 
09-19 16:59:54.663  1696  1696 W ContextImpl: Calling a method in the system process without a qualified user: android.app.ContextImpl.startService:1358 android.content.ContextWrapper.startService:613 android.content.ContextWrapper.startService:613 com.android.coreservice.CoreBroadcastReceiver.onReceive:69 android.app.ActivityThread.handleReceiver:3073 
09-19 16:59:54.725  1696  1696 W ContextImpl: Calling a method in the system process without a qualified user: android.app.ContextImpl.startService:1358 android.content.ContextWrapper.startService:613 android.content.ContextWrapper.startService:613 com.android.coreservice.CoreBroadcastReceiver.onReceive:69 android.app.ActivityThread.handleReceiver:3073 
09-19 16:59:54.905  2032  2225 I chatty  : uid=10038(com.litatom.app) RenderThread expire 18 lines
09-19 16:59:55.779  2032  2044 I chatty  : uid=10038(com.litatom.app) Binder:2032_1 expire 6 lines
09-19 16:59:56.873  2032  2314 I chatty  : uid=10038(com.litatom.app) AgoraLogging expire 9 lines
09-19 16:59:59.275  2032  3048 I chatty  : uid=10038(com.litatom.app) Binder:2032_4 expire 4 lines
09-19 17:00:01.973  1301  1529 I ActivityManager: START u0 {act=android.intent.action.MAIN cat=[android.intent.category.LAUNCHER] flg=0x10200000 cmp=com.litatom.app/com.lit.app.ui.SplashActivity} from uid 0 on display 0
09-19 17:00:02.735  2032  2215 I chatty  : uid=10038(com.litatom.app) Binder:2032_3 expire 10 lines
09-19 17:00:05.021  1389  1611 I vol.Events: writeEvent level_changed STREAM_MUSIC 4
09-19 17:00:05.021  1389  1611 I vol.Events: writeEvent mute_changed STREAM_MUSIC false
09-19 17:00:05.024  1389  1611 I vol.Events: writeEvent active_stream_changed STREAM_MUSIC
09-19 17:00:05.025  1389  1611 I vol.Events: writeEvent key STREAM_MUSIC 4
09-19 17:00:05.046  1389  1389 I vol.Events: writeEvent show_dialog volume_changed keyguard=false
09-19 17:00:05.106  1389  1645 E EGL_adreno: tid 1645: eglSurfaceAttrib(1338): error 0x3009 (EGL_BAD_MATCH)
09-19 17:00:05.106  1389  1645 W OpenGLRenderer: Failed to set EGL_SWAP_BEHAVIOR on surface 0xa45e3320, error=EGL_BAD_MATCH
09-19 17:00:05.112  1389  1645 D EGL_adreno: eglMakeCurrent: 0xa703e500: ver 3 1 (tinfo 0xb6ebc650)
09-19 17:00:06.031  1389  1389 I vol.Events: writeEvent dismiss_dialog touch_outside
09-19 17:00:06.032  1389  1611 I vol.Events: writeEvent active_stream_changed UNKNOWN_STREAM_-1
09-19 17:00:06.340  1389  1645 D EGL_adreno: eglMakeCurrent: 0xa703e500: ver 3 1 (tinfo 0xb6ebc650)
09-19 17:00:09.563  1301  1345 I ActivityManager: START u0 {act=android.intent.action.MAIN cat=[android.intent.category.HOME] flg=0x10200000 cmp=com.android.launcher3/.Launcher (has extras)} from uid 1000 on display 0
09-19 17:00:09.566  1389  1645 D EGL_adreno: eglMakeCurrent: 0xa703e500: ver 3 1 (tinfo 0xb6ebc650)
09-19 17:00:13.622  1389  1611 I vol.Events: writeEvent mute_changed STREAM_MUSIC true
09-19 17:00:13.622  1389  1611 I vol.Events: writeEvent active_stream_changed STREAM_MUSIC
09-19 17:00:13.622  1389  1611 I vol.Events: writeEvent key STREAM_MUSIC 4
09-19 17:00:13.628  1389  1389 I vol.Events: writeEvent show_dialog volume_changed keyguard=false
09-19 17:00:13.677  1389  1645 E EGL_adreno: tid 1645: eglSurfaceAttrib(1338): error 0x3009 (EGL_BAD_MATCH)
09-19 17:00:13.677  1389  1645 W OpenGLRenderer: Failed to set EGL_SWAP_BEHAVIOR on surface 0xa45e5e20, error=EGL_BAD_MATCH
09-19 17:00:13.678  1389  1645 D EGL_adreno: eglMakeCurrent: 0xa703e500: ver 3 1 (tinfo 0xb6ebc650)
09-19 17:00:15.128  1389  1389 I vol.Events: writeEvent dismiss_dialog timeout
09-19 17:00:15.128  1301  1474 I ActivityManager: START u0 {act=android.intent.action.MAIN cat=[android.intent.category.LAUNCHER] flg=0x10200000 cmp=com.litatom.app/com.lit.app.ui.SplashActivity} from uid 0 on display 0
09-19 17:00:15.129  1389  1611 I vol.Events: writeEvent active_stream_changed UNKNOWN_STREAM_-1
09-19 17:00:15.439  1389  1645 D EGL_adreno: eglMakeCurrent: 0xa703e500: ver 3 1 (tinfo 0xb6ebc650)
09-19 17:00:19.238  1696  1696 W ContextImpl: Calling a method in the system process without a qualified user: android.app.ContextImpl.startService:1358 android.content.ContextWrapper.startService:613 android.content.ContextWrapper.startService:613 com.android.coreservice.CoreBroadcastReceiver.onReceive:69 android.app.ActivityThread.handleReceiver:3073 
09-19 17:00:19.702  2032  2225 I chatty  : uid=10038(com.litatom.app) RenderThread expire 104 lines
09-19 17:00:20.261  1696  1696 W ContextImpl: Calling a method in the system process without a qualified user: android.app.ContextImpl.startService:1358 android.content.ContextWrapper.startService:613 android.content.ContextWrapper.startService:613 com.android.coreservice.CoreBroadcastReceiver.onReceive:69 android.app.ActivityThread.handleReceiver:3073 
09-19 17:00:23.232  1301  1312 I ActivityManager: START u0 {act=android.intent.action.MAIN cat=[android.intent.category.LAUNCHER] flg=0x10200000 cmp=com.litatom.app/com.lit.app.ui.SplashActivity} from uid 0 on display 0
09-19 17:00:24.758  2032  2032 W ViewRootImpl[PopupWindow:1d80a63]: Dropping event due to root view being removed: MotionEvent { action=ACTION_MOVE, actionButton=0, id[0]=0, x[0]=193.95422, y[0]=893.51514, toolType[0]=TOOL_TYPE_UNKNOWN, buttonState=0, metaState=0, flags=0x0, edgeFlags=0x0, pointerCount=1, historySize=8, eventTime=893578, downTime=893575, deviceId=0, source=0x1002 }
09-19 17:00:24.758  2032  2032 W ViewRootImpl[PopupWindow:1d80a63]: Dropping event due to root view being removed: MotionEvent { action=ACTION_UP, actionButton=0, id[0]=0, x[0]=189.02374, y[0]=898.71265, toolType[0]=TOOL_TYPE_UNKNOWN, buttonState=0, metaState=0, flags=0x0, edgeFlags=0x0, pointerCount=1, historySize=0, eventTime=893579, downTime=893575, deviceId=0, source=0x1002 }
09-19 17:00:24.761  1696  1696 W ContextImpl: Calling a method in the system process without a qualified user: android.app.ContextImpl.startService:1358 android.content.ContextWrapper.startService:613 android.content.ContextWrapper.startService:613 com.android.coreservice.CoreBroadcastReceiver.onReceive:69 android.app.ActivityThread.handleReceiver:3073 
09-19 17:00:25.769  1696  1696 W ContextImpl: Calling a method in the system process without a qualified user: android.app.ContextImpl.startService:1358 android.content.ContextWrapper.startService:613 android.content.ContextWrapper.startService:613 com.android.coreservice.CoreBroadcastReceiver.onReceive:69 android.app.ActivityThread.handleReceiver:3073 
09-19 17:00:25.771  1696  1696 W ContextImpl: Calling a method in the system process without a qualified user: android.app.ContextImpl.startService:1358 android.content.ContextWrapper.startService:613 android.content.ContextWrapper.startService:613 com.android.coreservice.CoreBroadcastReceiver.onReceive:69 android.app.ActivityThread.handleReceiver:3073 
09-19 17:00:26.288  1696  1696 W ContextImpl: Calling a method in the system process without a qualified user: android.app.ContextImpl.startService:1358 android.content.ContextWrapper.startService:613 android.content.ContextWrapper.startService:613 com.android.coreservice.CoreBroadcastReceiver.onReceive:69 android.app.ActivityThread.handleReceiver:3073 
09-19 17:00:26.827  1696  1696 W ContextImpl: Calling a method in the system process without a qualified user: android.app.ContextImpl.startService:1358 android.content.ContextWrapper.startService:613 android.content.ContextWrapper.startService:613 com.android.coreservice.CoreBroadcastReceiver.onReceive:69 android.app.ActivityThread.handleReceiver:3073 
09-19 17:00:27.112  1696  1696 W ContextImpl: Calling a method in the system process without a qualified user: android.app.ContextImpl.startService:1358 android.content.ContextWrapper.startService:613 android.content.ContextWrapper.startService:613 com.android.coreservice.CoreBroadcastReceiver.onReceive:69 android.app.ActivityThread.handleReceiver:3073 
09-19 17:00:27.176  1696  1696 W ContextImpl: Calling a method in the system process without a qualified user: android.app.ContextImpl.startService:1358 android.content.ContextWrapper.startService:613 android.content.ContextWrapper.startService:613 com.android.coreservice.CoreBroadcastReceiver.onReceive:69 android.app.ActivityThread.handleReceiver:3073 
09-19 17:00:27.178  1696  1696 W ContextImpl: Calling a method in the system process without a qualified user: android.app.ContextImpl.startService:1358 android.content.ContextWrapper.startService:613 android.content.ContextWrapper.startService:613 com.android.coreservice.CoreBroadcastReceiver.onReceive:69 android.app.ActivityThread.handleReceiver:3073 
09-19 17:00:28.827  1696  1696 W ContextImpl: Calling a method in the system process without a qualified user: android.app.ContextImpl.startService:1358 android.content.ContextWrapper.startService:613 android.content.ContextWrapper.startService:613 com.android.coreservice.CoreBroadcastReceiver.onReceive:69 android.app.ActivityThread.handleReceiver:3073 
09-19 17:00:28.828  1696  1696 W ContextImpl: Calling a method in the system process without a qualified user: android.app.ContextImpl.startService:1358 android.content.ContextWrapper.startService:613 android.content.ContextWrapper.startService:613 com.android.coreservice.CoreBroadcastReceiver.onReceive:69 android.app.ActivityThread.handleReceiver:3073 
09-19 17:00:28.829  1301  1453 D NotificationService: notify pkg=android pid=1301
09-19 17:00:28.830  1301  1529 D NotificationService: notify pkg=android pid=1301
09-19 17:00:28.855  1389  1645 D EGL_adreno: eglMakeCurrent: 0xa703e500: ver 3 1 (tinfo 0xb6ebc650)
09-19 17:00:28.859  2004  2428 E EGL_adreno: tid 2428: eglSurfaceAttrib(1338): error 0x3009 (EGL_BAD_MATCH)
09-19 17:00:28.859  2004  2428 W OpenGLRenderer: Failed to set EGL_SWAP_BEHAVIOR on surface 0xa7ca75a0, error=EGL_BAD_MATCH
09-19 17:00:28.859  1389  1408 I art     : Do partial code cache collection, code=123KB, data=119KB
09-19 17:00:28.860  1389  1408 I art     : After code cache collection, code=119KB, data=116KB
09-19 17:00:28.860  1389  1408 I art     : Increasing code cache capacity to 512KB
09-19 17:00:29.330  1696  1696 W ContextImpl: Calling a method in the system process without a qualified user: android.app.ContextImpl.startService:1358 android.content.ContextWrapper.startService:613 android.content.ContextWrapper.startService:613 com.android.coreservice.CoreBroadcastReceiver.onReceive:69 android.app.ActivityThread.handleReceiver:3073 
09-19 17:00:29.331  1301  1312 D NotificationService: notify pkg=android pid=1301
09-19 17:00:29.332  1696  1696 W ContextImpl: Calling a method in the system process without a qualified user: android.app.ContextImpl.startService:1358 android.content.ContextWrapper.startService:613 android.content.ContextWrapper.startService:613 com.android.coreservice.CoreBroadcastReceiver.onReceive:69 android.app.ActivityThread.handleReceiver:3073 
09-19 17:00:29.834  1696  1696 W ContextImpl: Calling a method in the system process without a qualified user: android.app.ContextImpl.startService:1358 android.content.ContextWrapper.startService:613 android.content.ContextWrapper.startService:613 com.android.coreservice.CoreBroadcastReceiver.onReceive:69 android.app.ActivityThread.handleReceiver:3073 
09-19 17:00:30.381  2032  2045 I chatty  : uid=10038(com.litatom.app) Binder:2032_2 expire 4 lines
09-19 17:00:31.344  1696  1696 W ContextImpl: Calling a method in the system process without a qualified user: android.app.ContextImpl.startService:1358 android.content.ContextWrapper.startService:613 android.content.ContextWrapper.startService:613 com.android.coreservice.CoreBroadcastReceiver.onReceive:69 android.app.ActivityThread.handleReceiver:3073 
09-19 17:00:31.344  1301  1716 D NotificationService: notify pkg=android pid=1301
09-19 17:00:31.344  1301  1474 D NotificationService: notify pkg=android pid=1301
09-19 17:00:31.345  1696  1696 W ContextImpl: Calling a method in the system process without a qualified user: android.app.ContextImpl.startService:1358 android.content.ContextWrapper.startService:613 android.content.ContextWrapper.startService:613 com.android.coreservice.CoreBroadcastReceiver.onReceive:69 android.app.ActivityThread.handleReceiver:3073 
09-19 17:00:31.375  2004  2428 E EGL_adreno: tid 2428: eglSurfaceAttrib(1338): error 0x3009 (EGL_BAD_MATCH)
09-19 17:00:31.375  2004  2428 W OpenGLRenderer: Failed to set EGL_SWAP_BEHAVIOR on surface 0xa7ca7580, error=EGL_BAD_MATCH
09-19 17:00:31.387  2032  2225 I chatty  : uid=10038(com.litatom.app) RenderThread expire 86 lines
09-19 17:00:31.849  1301  1529 D NotificationService: notify pkg=android pid=1301
09-19 17:00:31.849  1696  1696 W ContextImpl: Calling a method in the system process without a qualified user: android.app.ContextImpl.startService:1358 android.content.ContextWrapper.startService:613 android.content.ContextWrapper.startService:613 com.android.coreservice.CoreBroadcastReceiver.onReceive:69 android.app.ActivityThread.handleReceiver:3073 
09-19 17:00:31.852  1696  1696 W ContextImpl: Calling a method in the system process without a qualified user: android.app.ContextImpl.startService:1358 android.content.ContextWrapper.startService:613 android.content.ContextWrapper.startService:613 com.android.coreservice.CoreBroadcastReceiver.onReceive:69 android.app.ActivityThread.handleReceiver:3073 
09-19 17:00:33.354  1301  1313 I ActivityManager: START u0 {act=android.intent.action.MAIN cat=[android.intent.category.LAUNCHER] flg=0x10200000 cmp=com.litatom.app/com.lit.app.ui.SplashActivity} from uid 0 on display 0
09-19 17:00:34.525  1389  1611 I vol.Events: writeEvent active_stream_changed STREAM_MUSIC
09-19 17:00:34.525  1389  1611 I vol.Events: writeEvent level_changed STREAM_MUSIC 3
09-19 17:00:34.525  1389  1611 I vol.Events: writeEvent key STREAM_MUSIC 3
09-19 17:00:34.529  1389  1389 I vol.Events: writeEvent show_dialog volume_changed keyguard=false
09-19 17:00:34.579  1389  1645 E EGL_adreno: tid 1645: eglSurfaceAttrib(1338): error 0x3009 (EGL_BAD_MATCH)
09-19 17:00:34.579  1389  1645 W OpenGLRenderer: Failed to set EGL_SWAP_BEHAVIOR on surface 0xa45e32e0, error=EGL_BAD_MATCH
09-19 17:00:34.587  1389  1645 D EGL_adreno: eglMakeCurrent: 0xa703e500: ver 3 1 (tinfo 0xb6ebc650)
09-19 17:00:35.028  1389  1389 I vol.Events: writeEvent dismiss_dialog touch_outside
09-19 17:00:35.029  1389  1611 I vol.Events: writeEvent active_stream_changed UNKNOWN_STREAM_-1
09-19 17:00:35.357  1389  1645 D EGL_adreno: eglMakeCurrent: 0xa703e500: ver 3 1 (tinfo 0xb6ebc650)
09-19 17:00:35.540  1696  1696 W ContextImpl: Calling a method in the system process without a qualified user: android.app.ContextImpl.startService:1358 android.content.ContextWrapper.startService:613 android.content.ContextWrapper.startService:613 com.android.coreservice.CoreBroadcastReceiver.onReceive:69 android.app.ActivityThread.handleReceiver:3073 
09-19 17:00:35.541  1696  1696 W ContextImpl: Calling a method in the system process without a qualified user: android.app.ContextImpl.startService:1358 android.content.ContextWrapper.startService:613 android.content.ContextWrapper.startService:613 com.android.coreservice.CoreBroadcastReceiver.onReceive:69 android.app.ActivityThread.handleReceiver:3073 
09-19 17:00:35.554  2032  2032 I chatty  : uid=10038(com.litatom.app) expire 4 lines
09-19 17:00:35.555  1696  1696 W ContextImpl: Calling a method in the system process without a qualified user: android.app.ContextImpl.startService:1358 android.content.ContextWrapper.startService:613 android.content.ContextWrapper.startService:613 com.android.coreservice.CoreBroadcastReceiver.onReceive:69 android.app.ActivityThread.handleReceiver:3073 
09-19 17:00:35.555  1301  1474 D NotificationService: notify pkg=android pid=1301
09-19 17:00:35.556  1696  1696 W ContextImpl: Calling a method in the system process without a qualified user: android.app.ContextImpl.startService:1358 android.content.ContextWrapper.startService:613 android.content.ContextWrapper.startService:613 com.android.coreservice.CoreBroadcastReceiver.onReceive:69 android.app.ActivityThread.handleReceiver:3073 
09-19 17:00:35.558  1696  1696 W ContextImpl: Calling a method in the system process without a qualified user: android.app.ContextImpl.startService:1358 android.content.ContextWrapper.startService:613 android.content.ContextWrapper.startService:613 com.android.coreservice.CoreBroadcastReceiver.onReceive:69 android.app.ActivityThread.handleReceiver:3073 
09-19 17:00:35.558  1301  1529 D NotificationService: notify pkg=android pid=1301
09-19 17:00:35.559  1696  1696 W ContextImpl: Calling a method in the system process without a qualified user: android.app.ContextImpl.startService:1358 android.content.ContextWrapper.startService:613 android.content.ContextWrapper.startService:613 com.android.coreservice.CoreBroadcastReceiver.onReceive:69 android.app.ActivityThread.handleReceiver:3073 
09-19 17:00:35.570  1389  1645 D EGL_adreno: eglMakeCurrent: 0xa703e500: ver 3 1 (tinfo 0xb6ebc650)
09-19 17:00:36.604  2032  2225 I chatty  : uid=10038(com.litatom.app) RenderThread expire 170 lines
09-19 17:00:37.271  2032  2215 I chatty  : uid=10038(com.litatom.app) Binder:2032_3 expire 4 lines
09-19 17:00:37.548  1696  1696 W ContextImpl: Calling a method in the system process without a qualified user: android.app.ContextImpl.startService:1358 android.content.ContextWrapper.startService:613 android.content.ContextWrapper.startService:613 com.android.coreservice.CoreBroadcastReceiver.onReceive:69 android.app.ActivityThread.handleReceiver:3073 
09-19 17:00:37.548  1301  1313 D NotificationService: notify pkg=android pid=1301
09-19 17:00:37.549  1696  1696 W ContextImpl: Calling a method in the system process without a qualified user: android.app.ContextImpl.startService:1358 android.content.ContextWrapper.startService:613 android.content.ContextWrapper.startService:613 com.android.coreservice.CoreBroadcastReceiver.onReceive:69 android.app.ActivityThread.handleReceiver:3073 
09-19 17:00:37.847  2032  2314 I chatty  : uid=10038(com.litatom.app) AgoraLogging expire 3 lines
09-19 17:00:39.608  1696  1696 W ContextImpl: Calling a method in the system process without a qualified user: android.app.ContextImpl.startService:1358 android.content.ContextWrapper.startService:613 android.content.ContextWrapper.startService:613 com.android.coreservice.CoreBroadcastReceiver.onReceive:69 android.app.ActivityThread.handleReceiver:3073 
09-19 17:00:39.609  1301  1453 D NotificationService: notify pkg=android pid=1301
09-19 17:00:39.609  1696  1696 W ContextImpl: Calling a method in the system process without a qualified user: android.app.ContextImpl.startService:1358 android.content.ContextWrapper.startService:613 android.content.ContextWrapper.startService:613 com.android.coreservice.CoreBroadcastReceiver.onReceive:69 android.app.ActivityThread.handleReceiver:3073 
09-19 17:00:40.110  1696  1696 W ContextImpl: Calling a method in the system process without a qualified user: android.app.ContextImpl.startService:1358 android.content.ContextWrapper.startService:613 android.content.ContextWrapper.startService:613 com.android.coreservice.CoreBroadcastReceiver.onReceive:69 android.app.ActivityThread.handleReceiver:3073 
09-19 17:00:40.110  1301  1313 D NotificationService: notify pkg=android pid=1301
09-19 17:00:40.113  1696  1696 W ContextImpl: Calling a method in the system process without a qualified user: android.app.ContextImpl.startService:1358 android.content.ContextWrapper.startService:613 android.content.ContextWrapper.startService:613 com.android.coreservice.CoreBroadcastReceiver.onReceive:69 android.app.ActivityThread.handleReceiver:3073 
09-19 17:00:42.659  1696  1696 W ContextImpl: Calling a method in the system process without a qualified user: android.app.ContextImpl.startService:1358 android.content.ContextWrapper.startService:613 android.content.ContextWrapper.startService:613 com.android.coreservice.CoreBroadcastReceiver.onReceive:69 android.app.ActivityThread.handleReceiver:3073 
09-19 17:00:42.660  1696  1696 W ContextImpl: Calling a method in the system process without a qualified user: android.app.ContextImpl.startService:1358 android.content.ContextWrapper.startService:613 android.content.ContextWrapper.startService:613 com.android.coreservice.CoreBroadcastReceiver.onReceive:69 android.app.ActivityThread.handleReceiver:3073 
09-19 17:00:42.663  1301  1731 D NotificationService: notify pkg=android pid=1301
09-19 17:00:44.167  1696  1696 W ContextImpl: Calling a method in the system process without a qualified user: android.app.ContextImpl.startService:1358 android.content.ContextWrapper.startService:613 android.content.ContextWrapper.startService:613 com.android.coreservice.CoreBroadcastReceiver.onReceive:69 android.app.ActivityThread.handleReceiver:3073 
09-19 17:00:44.169  1301  1312 D NotificationService: notify pkg=android pid=1301
09-19 17:00:44.169  1696  1696 W ContextImpl: Calling a method in the system process without a qualified user: android.app.ContextImpl.startService:1358 android.content.ContextWrapper.startService:613 android.content.ContextWrapper.startService:613 com.android.coreservice.CoreBroadcastReceiver.onReceive:69 android.app.ActivityThread.handleReceiver:3073 
09-19 17:00:44.185  2032  2045 I chatty  : uid=10038(com.litatom.app) Binder:2032_2 expire 4 lines
09-19 17:00:44.670  1696  1696 W ContextImpl: Calling a method in the system process without a qualified user: android.app.ContextImpl.startService:1358 android.content.ContextWrapper.startService:613 android.content.ContextWrapper.startService:613 com.android.coreservice.CoreBroadcastReceiver.onReceive:69 android.app.ActivityThread.handleReceiver:3073 
09-19 17:00:44.671  1301  1312 D NotificationService: notify pkg=android pid=1301
09-19 17:00:44.671  1696  1696 W ContextImpl: Calling a method in the system process without a qualified user: android.app.ContextImpl.startService:1358 android.content.ContextWrapper.startService:613 android.content.ContextWrapper.startService:613 com.android.coreservice.CoreBroadcastReceiver.onReceive:69 android.app.ActivityThread.handleReceiver:3073 
09-19 17:00:47.739  1696  1696 W ContextImpl: Calling a method in the system process without a qualified user: android.app.ContextImpl.startService:1358 android.content.ContextWrapper.startService:613 android.content.ContextWrapper.startService:613 com.android.coreservice.CoreBroadcastReceiver.onReceive:69 android.app.ActivityThread.handleReceiver:3073 
09-19 17:00:47.740  1301  1529 D NotificationService: notify pkg=android pid=1301
09-19 17:00:47.742  1696  1696 W ContextImpl: Calling a method in the system process without a qualified user: android.app.ContextImpl.startService:1358 android.content.ContextWrapper.startService:613 android.content.ContextWrapper.startService:613 com.android.coreservice.CoreBroadcastReceiver.onReceive:69 android.app.ActivityThread.handleReceiver:3073 
09-19 17:00:47.787  2032  2225 I chatty  : uid=10038(com.litatom.app) RenderThread expire 69 lines
09-19 17:00:48.751  2004  2004 W InputService: onEvaluateInputViewShown inputType=0 imeOptions=0
09-19 17:00:48.751  2004  2004 W InputService: onEvaluateInputViewShown inputType=0 imeOptions=0
09-19 17:00:48.751  1301  1529 D NotificationService: notify pkg=android pid=1301
09-19 17:00:48.752  1696  1696 W ContextImpl: Calling a method in the system process without a qualified user: android.app.ContextImpl.startService:1358 android.content.ContextWrapper.startService:613 android.content.ContextWrapper.startService:613 com.android.coreservice.CoreBroadcastReceiver.onReceive:69 android.app.ActivityThread.handleReceiver:3073 
09-19 17:00:50.762  1696  1696 W ContextImpl: Calling a method in the system process without a qualified user: android.app.ContextImpl.startService:1358 android.content.ContextWrapper.startService:613 android.content.ContextWrapper.startService:613 com.android.coreservice.CoreBroadcastReceiver.onReceive:69 android.app.ActivityThread.handleReceiver:3073 
09-19 17:00:50.763  1696  1696 W ContextImpl: Calling a method in the system process without a qualified user: android.app.ContextImpl.startService:1358 android.content.ContextWrapper.startService:613 android.content.ContextWrapper.startService:613 com.android.coreservice.CoreBroadcastReceiver.onReceive:69 android.app.ActivityThread.handleReceiver:3073 
09-19 17:00:50.775  1696  1696 W ContextImpl: Calling a method in the system process without a qualified user: android.app.ContextImpl.startService:1358 android.content.ContextWrapper.startService:613 android.content.ContextWrapper.startService:613 com.android.coreservice.CoreBroadcastReceiver.onReceive:69 android.app.ActivityThread.handleReceiver:3073 
09-19 17:00:50.775  1301  1312 D NotificationService: notify pkg=android pid=1301
09-19 17:00:50.779  1301  1731 D NotificationService: notify pkg=android pid=1301
09-19 17:00:50.779  1696  1696 W ContextImpl: Calling a method in the system process without a qualified user: android.app.ContextImpl.startService:1358 android.content.ContextWrapper.startService:613 android.content.ContextWrapper.startService:613 com.android.coreservice.CoreBroadcastReceiver.onReceive:69 android.app.ActivityThread.handleReceiver:3073 
09-19 17:00:50.781  1696  1696 W ContextImpl: Calling a method in the system process without a qualified user: android.app.ContextImpl.startService:1358 android.content.ContextWrapper.startService:613 android.content.ContextWrapper.startService:613 com.android.coreservice.CoreBroadcastReceiver.onReceive:69 android.app.ActivityThread.handleReceiver:3073 
09-19 17:00:50.782  1696  1696 W ContextImpl: Calling a method in the system process without a qualified user: android.app.ContextImpl.startService:1358 android.content.ContextWrapper.startService:613 android.content.ContextWrapper.startService:613 com.android.coreservice.CoreBroadcastReceiver.onReceive:69 android.app.ActivityThread.handleReceiver:3073 
09-19 17:00:51.067  2032  3048 I chatty  : uid=10038(com.litatom.app) Binder:2032_4 expire 6 lines
09-19 17:00:52.583  2032  2225 I chatty  : uid=10038(com.litatom.app) RenderThread expire 139 lines
09-19 17:00:53.130  2032  2314 I chatty  : uid=10038(com.litatom.app) AgoraLogging expire 6 lines
09-19 17:00:53.307  2032  2032 I chatty  : uid=10038(com.litatom.app) expire 15 lines
09-19 17:00:54.508  2032  2215 I chatty  : uid=10038(com.litatom.app) Binder:2032_3 expire 2 lines
09-19 17:00:55.311  1696  1696 W ContextImpl: Calling a method in the system process without a qualified user: android.app.ContextImpl.startService:1358 android.content.ContextWrapper.startService:613 android.content.ContextWrapper.startService:613 com.android.coreservice.CoreBroadcastReceiver.onReceive:69 android.app.ActivityThread.handleReceiver:3073 
09-19 17:00:55.312  1696  1696 W ContextImpl: Calling a method in the system process without a qualified user: android.app.ContextImpl.startService:1358 android.content.ContextWrapper.startService:613 android.content.ContextWrapper.startService:613 com.android.coreservice.CoreBroadcastReceiver.onReceive:69 android.app.ActivityThread.handleReceiver:3073 
09-19 17:00:55.319  1301  1301 W WindowManager: Attempted to remove non-existing token: android.os.Binder@9e92a0c
09-19 17:00:55.320  1301  1474 D NotificationService: notify pkg=android pid=1301
09-19 17:00:57.359  1696  1696 W ContextImpl: Calling a method in the system process without a qualified user: android.app.ContextImpl.startService:1358 android.content.ContextWrapper.startService:613 android.content.ContextWrapper.startService:613 com.android.coreservice.CoreBroadcastReceiver.onReceive:69 android.app.ActivityThread.handleReceiver:3073 
09-19 17:00:57.360  1696  1696 W ContextImpl: Calling a method in the system process without a qualified user: android.app.ContextImpl.startService:1358 android.content.ContextWrapper.startService:613 android.content.ContextWrapper.startService:613 com.android.coreservice.CoreBroadcastReceiver.onReceive:69 android.app.ActivityThread.handleReceiver:3073 
09-19 17:00:57.360  1301  1716 D NotificationService: notify pkg=android pid=1301
09-19 17:00:57.956  2032  2044 I chatty  : uid=10038(com.litatom.app) Binder:2032_1 expire 2 lines
09-19 17:00:59.372  1696  1696 W ContextImpl: Calling a method in the system process without a qualified user: android.app.ContextImpl.startService:1358 android.content.ContextWrapper.startService:613 android.content.ContextWrapper.startService:613 com.android.coreservice.CoreBroadcastReceiver.onReceive:69 android.app.ActivityThread.handleReceiver:3073 
09-19 17:00:59.373  1696  1696 W ContextImpl: Calling a method in the system process without a qualified user: android.app.ContextImpl.startService:1358 android.content.ContextWrapper.startService:613 android.content.ContextWrapper.startService:613 com.android.coreservice.CoreBroadcastReceiver.onReceive:69 android.app.ActivityThread.handleReceiver:3073 
09-19 17:00:59.373  1301  1474 D NotificationService: notify pkg=android pid=1301
09-19 17:00:59.871  1301  1529 I ActivityManager: START u0 {act=android.intent.action.MAIN cat=[android.intent.category.LAUNCHER] flg=0x10200000 cmp=com.litatom.app/com.lit.app.ui.SplashActivity} from uid 0 on display 0
09-19 17:01:01.392  2032  2045 I chatty  : uid=10038(com.litatom.app) Binder:2032_2 expire 4 lines
09-19 17:01:01.427  1696  1696 W ContextImpl: Calling a method in the system process without a qualified user: android.app.ContextImpl.startService:1358 android.content.ContextWrapper.startService:613 android.content.ContextWrapper.startService:613 com.android.coreservice.CoreBroadcastReceiver.onReceive:69 android.app.ActivityThread.handleReceiver:3073 
09-19 17:01:01.428  1301  1453 D NotificationService: notify pkg=android pid=1301
09-19 17:01:01.428  1696  1696 W ContextImpl: Calling a method in the system process without a qualified user: android.app.ContextImpl.startService:1358 android.content.ContextWrapper.startService:613 android.content.ContextWrapper.startService:613 com.android.coreservice.CoreBroadcastReceiver.onReceive:69 android.app.ActivityThread.handleReceiver:3073 
09-19 17:01:03.439  1696  1696 W ContextImpl: Calling a method in the system process without a qualified user: android.app.ContextImpl.startService:1358 android.content.ContextWrapper.startService:613 android.content.ContextWrapper.startService:613 com.android.coreservice.CoreBroadcastReceiver.onReceive:69 android.app.ActivityThread.handleReceiver:3073 
09-19 17:01:03.439  1301  1474 D NotificationService: notify pkg=android pid=1301
09-19 17:01:03.443  1696  1696 W ContextImpl: Calling a method in the system process without a qualified user: android.app.ContextImpl.startService:1358 android.content.ContextWrapper.startService:613 android.content.ContextWrapper.startService:613 com.android.coreservice.CoreBroadcastReceiver.onReceive:69 android.app.ActivityThread.handleReceiver:3073 
09-19 17:01:03.472  2032  2225 I chatty  : uid=10038(com.litatom.app) RenderThread expire 67 lines
09-19 17:01:03.994  1696  1696 W ContextImpl: Calling a method in the system process without a qualified user: android.app.ContextImpl.startService:1358 android.content.ContextWrapper.startService:613 android.content.ContextWrapper.startService:613 com.android.coreservice.CoreBroadcastReceiver.onReceive:69 android.app.ActivityThread.handleReceiver:3073 
09-19 17:01:03.996  1696  1696 W ContextImpl: Calling a method in the system process without a qualified user: android.app.ContextImpl.startService:1358 android.content.ContextWrapper.startService:613 android.content.ContextWrapper.startService:613 com.android.coreservice.CoreBroadcastReceiver.onReceive:69 android.app.ActivityThread.handleReceiver:3073 
09-19 17:01:04.026  2032  2032 I chatty  : uid=10038(com.litatom.app) expire 20 lines
09-19 17:01:04.026  1696  1696 W ContextImpl: Calling a method in the system process without a qualified user: android.app.ContextImpl.startService:1358 android.content.ContextWrapper.startService:613 android.content.ContextWrapper.startService:613 com.android.coreservice.CoreBroadcastReceiver.onReceive:69 android.app.ActivityThread.handleReceiver:3073 
09-19 17:01:04.834  1696  1696 W ContextImpl: Calling a method in the system process without a qualified user: android.app.ContextImpl.startService:1358 android.content.ContextWrapper.startService:613 android.content.ContextWrapper.startService:613 com.android.coreservice.CoreBroadcastReceiver.onReceive:69 android.app.ActivityThread.handleReceiver:3073 
09-19 17:01:04.882  1696  1696 W ContextImpl: Calling a method in the system process without a qualified user: android.app.ContextImpl.startService:1358 android.content.ContextWrapper.startService:613 android.content.ContextWrapper.startService:613 com.android.coreservice.CoreBroadcastReceiver.onReceive:69 android.app.ActivityThread.handleReceiver:3073 
09-19 17:01:04.990  1696  1696 W ContextImpl: Calling a method in the system process without a qualified user: android.app.ContextImpl.startService:1358 android.content.ContextWrapper.startService:613 android.content.ContextWrapper.startService:613 com.android.coreservice.CoreBroadcastReceiver.onReceive:69 android.app.ActivityThread.handleReceiver:3073 
09-19 17:01:05.952  1301  1474 I ActivityManager: START u0 {act=android.intent.action.MAIN cat=[android.intent.category.LAUNCHER] flg=0x10200000 cmp=com.litatom.app/com.lit.app.ui.SplashActivity} from uid 0 on display 0
09-19 17:01:06.473  1696  1696 W ContextImpl: Calling a method in the system process without a qualified user: android.app.ContextImpl.startService:1358 android.content.ContextWrapper.startService:613 android.content.ContextWrapper.startService:613 com.android.coreservice.CoreBroadcastReceiver.onReceive:69 android.app.ActivityThread.handleReceiver:3073 
09-19 17:01:06.474  1696  1696 W ContextImpl: Calling a method in the system process without a qualified user: android.app.ContextImpl.startService:1358 android.content.ContextWrapper.startService:613 android.content.ContextWrapper.startService:613 com.android.coreservice.CoreBroadcastReceiver.onReceive:69 android.app.ActivityThread.handleReceiver:3073 
09-19 17:01:07.071  1696  1696 W ContextImpl: Calling a method in the system process without a qualified user: android.app.ContextImpl.startService:1358 android.content.ContextWrapper.startService:613 android.content.ContextWrapper.startService:613 com.android.coreservice.CoreBroadcastReceiver.onReceive:69 android.app.ActivityThread.handleReceiver:3073 
09-19 17:01:07.072  1696  1696 W ContextImpl: Calling a method in the system process without a qualified user: android.app.ContextImpl.startService:1358 android.content.ContextWrapper.startService:613 android.content.ContextWrapper.startService:613 com.android.coreservice.CoreBroadcastReceiver.onReceive:69 android.app.ActivityThread.handleReceiver:3073 
09-19 17:01:07.094  1696  1696 W ContextImpl: Calling a method in the system process without a qualified user: android.app.ContextImpl.startService:1358 android.content.ContextWrapper.startService:613 android.content.ContextWrapper.startService:613 com.android.coreservice.CoreBroadcastReceiver.onReceive:69 android.app.ActivityThread.handleReceiver:3073 
09-19 17:01:07.095  1301  1453 D NotificationService: notify pkg=android pid=1301
09-19 17:01:07.095  1301  1474 D NotificationService: notify pkg=android pid=1301
09-19 17:01:07.096  1696  1696 W ContextImpl: Calling a method in the system process without a qualified user: android.app.ContextImpl.startService:1358 android.content.ContextWrapper.startService:613 android.content.ContextWrapper.startService:613 com.android.coreservice.CoreBroadcastReceiver.onReceive:69 android.app.ActivityThread.handleReceiver:3073 
09-19 17:01:07.106  2004  2428 E EGL_adreno: tid 2428: eglSurfaceAttrib(1338): error 0x3009 (EGL_BAD_MATCH)
09-19 17:01:07.106  2004  2428 W OpenGLRenderer: Failed to set EGL_SWAP_BEHAVIOR on surface 0xa7ca75a0, error=EGL_BAD_MATCH
09-19 17:01:08.022  1696  1696 W ContextImpl: Calling a method in the system process without a qualified user: android.app.ContextImpl.startService:1358 android.content.ContextWrapper.startService:613 android.content.ContextWrapper.startService:613 com.android.coreservice.CoreBroadcastReceiver.onReceive:69 android.app.ActivityThread.handleReceiver:3073 
09-19 17:01:08.023  1696  1696 W ContextImpl: Calling a method in the system process without a qualified user: android.app.ContextImpl.startService:1358 android.content.ContextWrapper.startService:613 android.content.ContextWrapper.startService:613 com.android.coreservice.CoreBroadcastReceiver.onReceive:69 android.app.ActivityThread.handleReceiver:3073 
09-19 17:01:08.025  1696  1696 W ContextImpl: Calling a method in the system process without a qualified user: android.app.ContextImpl.startService:1358 android.content.ContextWrapper.startService:613 android.content.ContextWrapper.startService:613 com.android.coreservice.CoreBroadcastReceiver.onReceive:69 android.app.ActivityThread.handleReceiver:3073 
09-19 17:01:08.025  1696  1696 W ContextImpl: Calling a method in the system process without a qualified user: android.app.ContextImpl.startService:1358 android.content.ContextWrapper.startService:613 android.content.ContextWrapper.startService:613 com.android.coreservice.CoreBroadcastReceiver.onReceive:69 android.app.ActivityThread.handleReceiver:3073 
09-19 17:01:09.020  1696  1696 W ContextImpl: Calling a method in the system process without a qualified user: android.app.ContextImpl.startService:1358 android.content.ContextWrapper.startService:613 android.content.ContextWrapper.startService:613 com.android.coreservice.CoreBroadcastReceiver.onReceive:69 android.app.ActivityThread.handleReceiver:3073 
09-19 17:01:09.505  1301  1345 I ActivityManager: START u0 {act=android.speech.action.WEB_SEARCH} from uid 1000 on display 0
09-19 17:01:11.022  1696  1696 W ContextImpl: Calling a method in the system process without a qualified user: android.app.ContextImpl.startService:1358 android.content.ContextWrapper.startService:613 android.content.ContextWrapper.startService:613 com.android.coreservice.CoreBroadcastReceiver.onReceive:69 android.app.ActivityThread.handleReceiver:3073 
09-19 17:01:12.076  1696  1696 W ContextImpl: Calling a method in the system process without a qualified user: android.app.ContextImpl.startService:1358 android.content.ContextWrapper.startService:613 android.content.ContextWrapper.startService:613 com.android.coreservice.CoreBroadcastReceiver.onReceive:69 android.app.ActivityThread.handleReceiver:3073 
09-19 17:01:12.256  1696  1696 W ContextImpl: Calling a method in the system process without a qualified user: android.app.ContextImpl.startService:1358 android.content.ContextWrapper.startService:613 android.content.ContextWrapper.startService:613 com.android.coreservice.CoreBroadcastReceiver.onReceive:69 android.app.ActivityThread.handleReceiver:3073 
09-19 17:01:12.315  1696  1696 W ContextImpl: Calling a method in the system process without a qualified user: android.app.ContextImpl.startService:1358 android.content.ContextWrapper.startService:613 android.content.ContextWrapper.startService:613 com.android.coreservice.CoreBroadcastReceiver.onReceive:69 android.app.ActivityThread.handleReceiver:3073 
09-19 17:01:12.317  1696  1696 W ContextImpl: Calling a method in the system process without a qualified user: android.app.ContextImpl.startService:1358 android.content.ContextWrapper.startService:613 android.content.ContextWrapper.startService:613 com.android.coreservice.CoreBroadcastReceiver.onReceive:69 android.app.ActivityThread.handleReceiver:3073 
09-19 17:01:12.354  2032  2225 I chatty  : uid=10038(com.litatom.app) RenderThread expire 156 lines
09-19 17:01:13.027  1696  1696 W ContextImpl: Calling a method in the system process without a qualified user: android.app.ContextImpl.startService:1358 android.content.ContextWrapper.startService:613 android.content.ContextWrapper.startService:613 com.android.coreservice.CoreBroadcastReceiver.onReceive:69 android.app.ActivityThread.handleReceiver:3073 
09-19 17:01:13.028  1696  1696 W ContextImpl: Calling a method in the system process without a qualified user: android.app.ContextImpl.startService:1358 android.content.ContextWrapper.startService:613 android.content.ContextWrapper.startService:613 com.android.coreservice.CoreBroadcastReceiver.onReceive:69 android.app.ActivityThread.handleReceiver:3073 
09-19 17:01:13.041  1696  1696 W ContextImpl: Calling a method in the system process without a qualified user: android.app.ContextImpl.startService:1358 android.content.ContextWrapper.startService:613 android.content.ContextWrapper.startService:613 com.android.coreservice.CoreBroadcastReceiver.onReceive:69 android.app.ActivityThread.handleReceiver:3073 
09-19 17:01:13.041  1301  1453 D NotificationService: notify pkg=android pid=1301
09-19 17:01:13.041  1301  1529 D NotificationService: notify pkg=android pid=1301
09-19 17:01:13.043  1696  1696 W ContextImpl: Calling a method in the system process without a qualified user: android.app.ContextImpl.startService:1358 android.content.ContextWrapper.startService:613 android.content.ContextWrapper.startService:613 com.android.coreservice.CoreBroadcastReceiver.onReceive:69 android.app.ActivityThread.handleReceiver:3073 
09-19 17:01:13.074  2004  2428 E EGL_adreno: tid 2428: eglSurfaceAttrib(1338): error 0x3009 (EGL_BAD_MATCH)
09-19 17:01:13.074  2004  2428 W OpenGLRenderer: Failed to set EGL_SWAP_BEHAVIOR on surface 0xa7ca7580, error=EGL_BAD_MATCH
09-19 17:01:13.530  1696  1696 W ContextImpl: Calling a method in the system process without a qualified user: android.app.ContextImpl.startService:1358 android.content.ContextWrapper.startService:613 android.content.ContextWrapper.startService:613 com.android.coreservice.CoreBroadcastReceiver.onReceive:69 android.app.ActivityThread.handleReceiver:3073 
09-19 17:01:13.530  1301  1731 D NotificationService: notify pkg=android pid=1301
09-19 17:01:13.531  1696  1696 W ContextImpl: Calling a method in the system process without a qualified user: android.app.ContextImpl.startService:1358 android.content.ContextWrapper.startService:613 android.content.ContextWrapper.startService:613 com.android.coreservice.CoreBroadcastReceiver.onReceive:69 android.app.ActivityThread.handleReceiver:3073 
09-19 17:01:14.531  1301  1312 I ActivityManager: START u0 {act=android.intent.action.MAIN cat=[android.intent.category.LAUNCHER] flg=0x10200000 cmp=com.litatom.app/com.lit.app.ui.SplashActivity} from uid 0 on display 0
09-19 17:01:14.864  2032  2314 I chatty  : uid=10038(com.litatom.app) AgoraLogging expire 4 lines
09-19 17:01:15.188  2032  2044 I chatty  : uid=10038(com.litatom.app) Binder:2032_1 expire 2 lines
09-19 17:01:16.616  1696  1696 W ContextImpl: Calling a method in the system process without a qualified user: android.app.ContextImpl.startService:1358 android.content.ContextWrapper.startService:613 android.content.ContextWrapper.startService:613 com.android.coreservice.CoreBroadcastReceiver.onReceive:69 android.app.ActivityThread.handleReceiver:3073 
09-19 17:01:16.616  1301  1312 D NotificationService: notify pkg=android pid=1301
09-19 17:01:16.619  1696  1696 W ContextImpl: Calling a method in the system process without a qualified user: android.app.ContextImpl.startService:1358 android.content.ContextWrapper.startService:613 android.content.ContextWrapper.startService:613 com.android.coreservice.CoreBroadcastReceiver.onReceive:69 android.app.ActivityThread.handleReceiver:3073 
09-19 17:01:17.119  1301  1345 I ActivityManager: START u0 {act=android.intent.action.MAIN cat=[android.intent.category.HOME] flg=0x10200000 cmp=com.android.launcher3/.Launcher (has extras)} from uid 1000 on display 0
09-19 17:01:17.119  1301  1301 D NotificationService: notify pkg=android pid=1301
09-19 17:01:18.621  2032  2215 I chatty  : uid=10038(com.litatom.app) Binder:2032_3 expire 2 lines
09-19 17:01:20.190  1301  1716 I ActivityManager: START u0 {act=android.intent.action.MAIN cat=[android.intent.category.LAUNCHER] flg=0x10200000 cmp=com.litatom.app/com.lit.app.ui.SplashActivity} from uid 0 on display 0
09-19 17:01:22.060  2032  3048 I chatty  : uid=10038(com.litatom.app) Binder:2032_4 expire 4 lines
09-19 17:01:22.215  1301  1731 D NotificationService: notify pkg=android pid=1301
09-19 17:01:22.215  1696  1696 W ContextImpl: Calling a method in the system process without a qualified user: android.app.ContextImpl.startService:1358 android.content.ContextWrapper.startService:613 android.content.ContextWrapper.startService:613 com.android.coreservice.CoreBroadcastReceiver.onReceive:69 android.app.ActivityThread.handleReceiver:3073 
09-19 17:01:22.218  1696  1696 W ContextImpl: Calling a method in the system process without a qualified user: android.app.ContextImpl.startService:1358 android.content.ContextWrapper.startService:613 android.content.ContextWrapper.startService:613 com.android.coreservice.CoreBroadcastReceiver.onReceive:69 android.app.ActivityThread.handleReceiver:3073 
