09-19 17:02:27.107  1696  1696 W ContextImpl: Calling a method in the system process without a qualified user: android.app.ContextImpl.startService:1358 android.content.ContextWrapper.startService:613 android.content.ContextWrapper.startService:613 com.android.coreservice.CoreBroadcastReceiver.onReceive:69 android.app.ActivityThread.handleReceiver:3073 
09-19 17:02:27.423  2032  2225 I chatty  : uid=10038(com.litatom.app) RenderThread expire 246 lines
09-19 17:02:27.651  1696  1696 W ContextImpl: Calling a method in the system process without a qualified user: android.app.ContextImpl.startService:1358 android.content.ContextWrapper.startService:613 android.content.ContextWrapper.startService:613 com.android.coreservice.CoreBroadcastReceiver.onReceive:69 android.app.ActivityThread.handleReceiver:3073 
09-19 17:02:27.847  2032  2314 I chatty  : uid=10038(com.litatom.app) AgoraLogging expire 1 line
09-19 17:02:28.448  4811  4811 I appproc : exec app_process! cmdline: /system/bin com.android.commands.am.Am start -n com.litatom.app/com.lit.app.party.PartyChatActivity 
09-19 17:02:28.448  4811  4811 D AndroidRuntime: >>>>>> START com.android.internal.os.RuntimeInit uid 0 <<<<<<
09-19 17:02:28.450  4811  4811 D AndroidRuntime: CheckJNI is OFF
09-19 17:02:28.450  2032  2045 I chatty  : uid=10038(com.litatom.app) Binder:2032_2 expire 4 lines
09-19 17:02:28.482  4811  4811 D ICU     : No timezone override file found: /data/misc/zoneinfo/current/icu/icu_tzdata.dat
09-19 17:02:28.490  4811  4811 D libnativebridge: PreInitializeNativeBridge name=unknown instruction_set=x86
09-19 17:02:28.491  4811  4811 D libnativebridge: call UnloadNativeBridge! state=1
09-19 17:02:28.497  4811  4811 E memtrack: Couldn't load memtrack module (No such file or directory)
09-19 17:02:28.497  4811  4811 E android.os.Debug: failed to load memtrack module: -2
09-19 17:02:28.498  4811  4811 I Radio-JNI: register_android_hardware_Radio DONE
09-19 17:02:28.506  4811  4811 D AndroidRuntime: Calling main entry com.android.commands.am.Am
09-19 17:02:28.508  1301  1474 I ActivityManager: START u0 {flg=0x10000000 cmp=com.litatom.app/com.lit.app.party.PartyChatActivity} from uid 0 on display 0
09-19 17:02:28.517  4811  4811 D AndroidRuntime: Shutting down VM
09-19 17:02:28.517  1696  1696 W ContextImpl: Calling a method in the system process without a qualified user: android.app.ContextImpl.startService:1358 android.content.ContextWrapper.startService:613 android.content.ContextWrapper.startService:613 com.android.coreservice.CoreBroadcastReceiver.onReceive:44 android.app.ActivityThread.handleReceiver:3073 
09-19 17:02:28.591  1696  1696 W ContextImpl: Calling a method in the system process without a qualified user: android.app.ContextImpl.startService:1358 android.content.ContextWrapper.startService:613 android.content.ContextWrapper.startService:613 com.android.coreservice.CoreBroadcastReceiver.onReceive:69 android.app.ActivityThread.handleReceiver:3073 
09-19 17:02:28.659  1696  1696 W ContextImpl: Calling a method in the system process without a qualified user: android.app.ContextImpl.startService:1358 android.content.ContextWrapper.startService:613 android.content.ContextWrapper.startService:613 com.android.coreservice.CoreBroadcastReceiver.onReceive:53 android.app.ActivityThread.handleReceiver:3073 
09-19 17:02:29.884  2032  2225 I chatty  : uid=10038(com.litatom.app) RenderThread expire 247 lines
09-19 17:02:31.702  1301  1312 I ActivityManager: START u0 {cmp=com.litatom.app/com.lit.app.ui.me.UserDetailActivity (has extras)} from uid 10038 on display 0
09-19 17:02:31.717  1696  1696 W ContextImpl: Calling a method in the system process without a qualified user: android.app.ContextImpl.startService:1358 android.content.ContextWrapper.startService:613 android.content.ContextWrapper.startService:613 com.android.coreservice.CoreBroadcastReceiver.onReceive:44 android.app.ActivityThread.handleReceiver:3073 
09-19 17:02:31.780  2032  2032 I chatty  : uid=10038(com.litatom.app) expire 3 lines
09-19 17:02:31.798  1696  1696 W ContextImpl: Calling a method in the system process without a qualified user: android.app.ContextImpl.startService:1358 android.content.ContextWrapper.startService:613 android.content.ContextWrapper.startService:613 com.android.coreservice.CoreBroadcastReceiver.onReceive:53 android.app.ActivityThread.handleReceiver:3073 
09-19 17:02:31.918  1696  1696 W ContextImpl: Calling a method in the system process without a qualified user: android.app.ContextImpl.startService:1358 android.content.ContextWrapper.startService:613 android.content.ContextWrapper.startService:613 com.android.coreservice.CoreBroadcastReceiver.onReceive:69 android.app.ActivityThread.handleReceiver:3073 
09-19 17:02:31.919  1301  1322 I ActivityManager: Displayed com.litatom.app/com.lit.app.ui.me.UserDetailActivity: +196ms
09-19 17:02:31.989  2032  2044 I chatty  : uid=10038(com.litatom.app) Binder:2032_1 expire 2 lines
09-19 17:02:32.291  2032  2205 I chatty  : uid=10038(com.litatom.app) glide-disk-cach expire 2 lines
09-19 17:02:32.320  1122  1122 I FFmpegExtractor: android-source:0xc397c400
09-19 17:02:32.348  1122  1122 D FFmpegExtractor: supported codec (h264) by official Stagefright
09-19 17:02:32.348  1122  1122 D FFmpegExtractor: supported codec (aac) by official Stagefright
09-19 17:02:32.349  1122  1122 D FFmpegExtractor: ffmpeg detected media content as 'video/mp4' with confidence 0.08
09-19 17:02:32.351  1122  1579 I SampleTable: There are reordered frames present.
09-19 17:02:32.366  1123  4860 I MediaPlayerService: MediaPlayerService::getOMX
09-19 17:02:32.366  1123  4860 I OMXClient: MuxOMX ctor
09-19 17:02:32.367  1120  1133 I OMXMaster: makeComponentInstance(OMX.google.h264.decoder) in mediacodec process
09-19 17:02:32.391  1123  4860 D ACodec  : Setting [OMX.google.h264.decoder] input port buffer number: 1
09-19 17:02:32.392  1123  4860 D ACodec  : Setting [OMX.google.h264.decoder] output port buffer number: 1
09-19 17:02:32.393  1120  1120 D SoftVideoDecoderOMXComponent: Color Aspects preference: 1 
09-19 17:02:32.397  1122  1137 D MediaBufferGroup: creating MemoryDealer
09-19 17:02:32.408  1120  4861 D SoftVideoDecoderOMXComponent: Color Aspects preference: 1 
09-19 17:02:32.549  1301  1315 W ActivityManager: Launch timeout has expired, giving up wake lock!
09-19 17:02:32.864  2032  2314 I chatty  : uid=10038(com.litatom.app) AgoraLogging expire 1 line
09-19 17:02:33.585  2032  2225 I chatty  : uid=10038(com.litatom.app) RenderThread expire 249 lines
09-19 17:02:33.842  4870  4870 I appproc : exec app_process! cmdline: /system/bin com.android.commands.am.Am start -n com.litatom.app/com.lit.app.party.PartyChatActivity 
09-19 17:02:33.842  4870  4870 D AndroidRuntime: >>>>>> START com.android.internal.os.RuntimeInit uid 0 <<<<<<
09-19 17:02:33.843  4870  4870 D AndroidRuntime: CheckJNI is OFF
09-19 17:02:33.877  4870  4870 D ICU     : No timezone override file found: /data/misc/zoneinfo/current/icu/icu_tzdata.dat
09-19 17:02:33.884  4870  4870 D libnativebridge: PreInitializeNativeBridge name=unknown instruction_set=x86
09-19 17:02:33.885  4870  4870 D libnativebridge: call UnloadNativeBridge! state=1
09-19 17:02:33.893  4870  4870 E memtrack: Couldn't load memtrack module (No such file or directory)
09-19 17:02:33.893  4870  4870 E android.os.Debug: failed to load memtrack module: -2
09-19 17:02:33.893  4870  4870 I Radio-JNI: register_android_hardware_Radio DONE
09-19 17:02:33.899  4870  4870 D AndroidRuntime: Calling main entry com.android.commands.am.Am
09-19 17:02:33.901  1301  1716 I ActivityManager: START u0 {flg=0x10000000 cmp=com.litatom.app/com.lit.app.party.PartyChatActivity} from uid 0 on display 0
09-19 17:02:33.917  4870  4870 D AndroidRuntime: Shutting down VM
09-19 17:02:33.918  1696  1696 W ContextImpl: Calling a method in the system process without a qualified user: android.app.ContextImpl.startService:1358 android.content.ContextWrapper.startService:613 android.content.ContextWrapper.startService:613 com.android.coreservice.CoreBroadcastReceiver.onReceive:44 android.app.ActivityThread.handleReceiver:3073 
09-19 17:02:33.992  1696  1696 W ContextImpl: Calling a method in the system process without a qualified user: android.app.ContextImpl.startService:1358 android.content.ContextWrapper.startService:613 android.content.ContextWrapper.startService:613 com.android.coreservice.CoreBroadcastReceiver.onReceive:69 android.app.ActivityThread.handleReceiver:3073 
09-19 17:02:34.028  1696  1696 W ContextImpl: Calling a method in the system process without a qualified user: android.app.ContextImpl.startService:1358 android.content.ContextWrapper.startService:613 android.content.ContextWrapper.startService:613 com.android.coreservice.CoreBroadcastReceiver.onReceive:53 android.app.ActivityThread.handleReceiver:3073 
09-19 17:02:34.342  2032  2032 I chatty  : uid=10038(com.litatom.app) expire 4 lines
09-19 17:02:35.496  2032  3048 I chatty  : uid=10038(com.litatom.app) Binder:2032_4 expire 2 lines
09-19 17:02:37.051  2032  2225 I chatty  : uid=10038(com.litatom.app) RenderThread expire 252 lines
09-19 17:02:37.869  2032  2314 I chatty  : uid=10038(com.litatom.app) AgoraLogging expire 1 line
09-19 17:02:38.977  2032  2045 I chatty  : uid=10038(com.litatom.app) Binder:2032_2 expire 2 lines
09-19 17:02:40.085  2032  2225 I chatty  : uid=10038(com.litatom.app) RenderThread expire 249 lines
09-19 17:02:41.841  1696  1696 W ContextImpl: Calling a method in the system process without a qualified user: android.app.ContextImpl.startService:1358 android.content.ContextWrapper.startService:613 android.content.ContextWrapper.startService:613 com.android.coreservice.CoreBroadcastReceiver.onReceive:69 android.app.ActivityThread.handleReceiver:3073 
09-19 17:02:41.842  1696  1696 W ContextImpl: Calling a method in the system process without a qualified user: android.app.ContextImpl.startService:1358 android.content.ContextWrapper.startService:613 android.content.ContextWrapper.startService:613 com.android.coreservice.CoreBroadcastReceiver.onReceive:69 android.app.ActivityThread.handleReceiver:3073 
09-19 17:02:42.340  2032  2032 I chatty  : uid=10038(com.litatom.app) expire 3 lines
09-19 17:02:42.464  2032  2044 I chatty  : uid=10038(com.litatom.app) Binder:2032_1 expire 2 lines
09-19 17:02:42.872  2032  2314 I chatty  : uid=10038(com.litatom.app) AgoraLogging expire 5 lines
09-19 17:02:43.872  1696  1696 W ContextImpl: Calling a method in the system process without a qualified user: android.app.ContextImpl.startService:1358 android.content.ContextWrapper.startService:613 android.content.ContextWrapper.startService:613 com.android.coreservice.CoreBroadcastReceiver.onReceive:69 android.app.ActivityThread.handleReceiver:3073 
09-19 17:02:43.902  1301  1315 W ActivityManager: Launch timeout has expired, giving up wake lock!
09-19 17:02:44.967  1696  1696 W ContextImpl: Calling a method in the system process without a qualified user: android.app.ContextImpl.startService:1358 android.content.ContextWrapper.startService:613 android.content.ContextWrapper.startService:613 com.android.coreservice.CoreBroadcastReceiver.onReceive:69 android.app.ActivityThread.handleReceiver:3073 
09-19 17:02:45.390  1696  1696 W ContextImpl: Calling a method in the system process without a qualified user: android.app.ContextImpl.startService:1358 android.content.ContextWrapper.startService:613 android.content.ContextWrapper.startService:613 com.android.coreservice.CoreBroadcastReceiver.onReceive:69 android.app.ActivityThread.handleReceiver:3073 
09-19 17:02:45.850  2032  2225 I chatty  : uid=10038(com.litatom.app) RenderThread expire 235 lines
09-19 17:02:45.931  2032  2044 I chatty  : uid=10038(com.litatom.app) Binder:2032_1 expire 2 lines
09-19 17:02:46.385  1696  1696 W ContextImpl: Calling a method in the system process without a qualified user: android.app.ContextImpl.startService:1358 android.content.ContextWrapper.startService:613 android.content.ContextWrapper.startService:613 com.android.coreservice.CoreBroadcastReceiver.onReceive:69 android.app.ActivityThread.handleReceiver:3073 
09-19 17:02:47.402  1696  1696 W ContextImpl: Calling a method in the system process without a qualified user: android.app.ContextImpl.startService:1358 android.content.ContextWrapper.startService:613 android.content.ContextWrapper.startService:613 com.android.coreservice.CoreBroadcastReceiver.onReceive:69 android.app.ActivityThread.handleReceiver:3073 
09-19 17:02:48.919  1696  1696 W ContextImpl: Calling a method in the system process without a qualified user: android.app.ContextImpl.startService:1358 android.content.ContextWrapper.startService:613 android.content.ContextWrapper.startService:613 com.android.coreservice.CoreBroadcastReceiver.onReceive:69 android.app.ActivityThread.handleReceiver:3073 
09-19 17:02:49.400  2032  2215 I chatty  : uid=10038(com.litatom.app) Binder:2032_3 expire 6 lines
09-19 17:02:49.456  1696  1696 W ContextImpl: Calling a method in the system process without a qualified user: android.app.ContextImpl.startService:1358 android.content.ContextWrapper.startService:613 android.content.ContextWrapper.startService:613 com.android.coreservice.CoreBroadcastReceiver.onReceive:69 android.app.ActivityThread.handleReceiver:3073 
09-19 17:02:49.470  2032  2032 I chatty  : uid=10038(com.litatom.app) expire 6 lines
09-19 17:02:49.921  1301  1453 I ActivityManager: Setting hasTopUi=true for pid=1389
09-19 17:02:49.921  1389  1389 D PhoneStatusBar: disable: < expand ICONS* alerts SYSTEM_INFO* back home recent clock search quick_settings >
09-19 17:02:49.935  1389  1645 D EGL_adreno: eglMakeCurrent: 0xa703e500: ver 3 1 (tinfo 0xb6ebc650)
09-19 17:02:49.959  1389  1645 E EGL_adreno: tid 1645: eglSurfaceAttrib(1338): error 0x3009 (EGL_BAD_MATCH)
09-19 17:02:49.959  1389  1645 W OpenGLRenderer: Failed to set EGL_SWAP_BEHAVIOR on surface 0xa4fb9de0, error=EGL_BAD_MATCH
09-19 17:02:49.961  1389  1645 D EGL_adreno: eglMakeCurrent: 0xa703e500: ver 3 1 (tinfo 0xb6ebc650)
09-19 17:02:49.978  1301  1716 W VibratorService: Tried to stop vibrating but there is no vibrator device.
09-19 17:02:50.423  2032  2032 W ViewRootImpl[PartyChatActivity]: Cancelling event due to no window focus: KeyEvent { action=ACTION_UP, keyCode=KEYCODE_BOOKMARK, scanCode=0, metaState=0, flags=0x28, repeatCount=0, eventTime=1039253, downTime=1039253, deviceId=-1, source=0x101 }
09-19 17:02:50.423  2032  2032 W ViewRootImpl[PartyChatActivity]: Cancelling event due to no window focus: KeyEvent { action=ACTION_UP, keyCode=KEYCODE_BOOKMARK, scanCode=0, metaState=0, flags=0x28, repeatCount=0, eventTime=1039253, downTime=1039253, deviceId=-1, source=0x101 }
09-19 17:02:50.423  2032  2032 W ViewRootImpl[PartyChatActivity]: Cancelling event due to no window focus: KeyEvent { action=ACTION_UP, keyCode=KEYCODE_BOOKMARK, scanCode=0, metaState=0, flags=0x28, repeatCount=0, eventTime=1039253, downTime=1039253, deviceId=-1, source=0x101 }
09-19 17:02:50.423  2032  2032 W ViewRootImpl[PartyChatActivity]: Cancelling event due to no window focus: KeyEvent { action=ACTION_UP, keyCode=KEYCODE_BOOKMARK, scanCode=0, metaState=0, flags=0x28, repeatCount=0, eventTime=1039253, downTime=1039253, deviceId=-1, source=0x101 }
09-19 17:02:50.423  2032  2032 W ViewRootImpl[PartyChatActivity]: Cancelling event due to no window focus: KeyEvent { action=ACTION_UP, keyCode=KEYCODE_BOOKMARK, scanCode=0, metaState=0, flags=0x28, repeatCount=0, eventTime=1039253, downTime=1039253, deviceId=-1, source=0x101 }
09-19 17:02:50.423  2032  2032 W ViewRootImpl[PartyChatActivity]: Cancelling event due to no window focus: KeyEvent { action=ACTION_UP, keyCode=KEYCODE_BOOKMARK, scanCode=0, metaState=0, flags=0x28, repeatCount=0, eventTime=1039253, downTime=1039253, deviceId=-1, source=0x101 }
09-19 17:02:50.423  2032  2032 W ViewRootImpl[PartyChatActivity]: Cancelling event due to no window focus: KeyEvent { action=ACTION_UP, keyCode=KEYCODE_BOOKMARK, scanCode=0, metaState=0, flags=0x28, repeatCount=0, eventTime=1039253, downTime=1039253, deviceId=-1, source=0x101 }
09-19 17:02:50.423  2032  2032 W ViewRootImpl[PartyChatActivity]: Cancelling event due to no window focus: KeyEvent { action=ACTION_UP, keyCode=KEYCODE_BOOKMARK, scanCode=0, metaState=0, flags=0x28, repeatCount=0, eventTime=1039253, downTime=1039253, deviceId=-1, source=0x101 }
09-19 17:02:50.423  2032  2032 W ViewRootImpl[PartyChatActivity]: Cancelling event due to no window focus: KeyEvent { action=ACTION_UP, keyCode=KEYCODE_BOOKMARK, scanCode=0, metaState=0, flags=0x28, repeatCount=0, eventTime=1039253, downTime=1039253, deviceId=-1, source=0x101 }
09-19 17:02:50.434  1301  1312 W InputMethodManagerService: Window already focused, ignoring focus gain of: com.android.internal.view.IInputMethodClient$Stub$Proxy@bda487c attribute=null, token = android.os.BinderProxy@d9882a1
09-19 17:02:50.436  1301  1474 I ActivityManager: Setting hasTopUi=false for pid=1389
09-19 17:02:50.437  1389  1389 D PhoneStatusBar: disable: < expand icons* alerts system_info* back home recent clock search quick_settings >
09-19 17:02:50.469  1389  1645 D EGL_adreno: eglMakeCurrent: 0xa703e500: ver 3 1 (tinfo 0xb6ebc650)
09-19 17:02:50.482  1389  1645 E EGL_adreno: tid 1645: eglSurfaceAttrib(1338): error 0x3009 (EGL_BAD_MATCH)
09-19 17:02:50.482  1389  1645 W OpenGLRenderer: Failed to set EGL_SWAP_BEHAVIOR on surface 0xa4fb2840, error=EGL_BAD_MATCH
09-19 17:02:50.483  1389  1645 D EGL_adreno: eglMakeCurrent: 0xa703e500: ver 3 1 (tinfo 0xb6ebc650)
09-19 17:02:51.433  1301  1716 I ActivityManager: Setting hasTopUi=true for pid=1389
09-19 17:02:51.434  1389  1389 D PhoneStatusBar: disable: < expand ICONS* alerts SYSTEM_INFO* back home recent clock search quick_settings >
09-19 17:02:51.452  1389  1645 D EGL_adreno: eglMakeCurrent: 0xa703e500: ver 3 1 (tinfo 0xb6ebc650)
09-19 17:02:51.473  1389  1645 E EGL_adreno: tid 1645: eglSurfaceAttrib(1338): error 0x3009 (EGL_BAD_MATCH)
09-19 17:02:51.473  1389  1645 W OpenGLRenderer: Failed to set EGL_SWAP_BEHAVIOR on surface 0xa4fb2920, error=EGL_BAD_MATCH
09-19 17:02:51.474  1389  1645 D EGL_adreno: eglMakeCurrent: 0xa703e500: ver 3 1 (tinfo 0xb6ebc650)
09-19 17:02:51.490  1301  1313 W VibratorService: Tried to stop vibrating but there is no vibrator device.
09-19 17:02:51.953  1301  1312 W InputMethodManagerService: Window already focused, ignoring focus gain of: com.android.internal.view.IInputMethodClient$Stub$Proxy@51d0167 attribute=null, token = android.os.BinderProxy@d9882a1
09-19 17:02:51.953  1301  1474 I ActivityManager: Setting hasTopUi=false for pid=1389
09-19 17:02:51.953  1389  1389 D PhoneStatusBar: disable: < expand icons* alerts system_info* back home recent clock search quick_settings >
09-19 17:02:51.987  1389  1645 D EGL_adreno: eglMakeCurrent: 0xa703e500: ver 3 1 (tinfo 0xb6ebc650)
09-19 17:02:52.001  1389  1645 E EGL_adreno: tid 1645: eglSurfaceAttrib(1338): error 0x3009 (EGL_BAD_MATCH)
09-19 17:02:52.001  1389  1645 W OpenGLRenderer: Failed to set EGL_SWAP_BEHAVIOR on surface 0xa4fba160, error=EGL_BAD_MATCH
09-19 17:02:52.003  1389  1645 D EGL_adreno: eglMakeCurrent: 0xa703e500: ver 3 1 (tinfo 0xb6ebc650)
09-19 17:02:53.969  1696  1696 W ContextImpl: Calling a method in the system process without a qualified user: android.app.ContextImpl.startService:1358 android.content.ContextWrapper.startService:613 android.content.ContextWrapper.startService:613 com.android.coreservice.CoreBroadcastReceiver.onReceive:69 android.app.ActivityThread.handleReceiver:3073 
09-19 17:02:53.972  1696  1696 W ContextImpl: Calling a method in the system process without a qualified user: android.app.ContextImpl.startService:1358 android.content.ContextWrapper.startService:613 android.content.ContextWrapper.startService:613 com.android.coreservice.CoreBroadcastReceiver.onReceive:69 android.app.ActivityThread.handleReceiver:3073 
09-19 17:02:54.502  1696  1696 W ContextImpl: Calling a method in the system process without a qualified user: android.app.ContextImpl.startService:1358 android.content.ContextWrapper.startService:613 android.content.ContextWrapper.startService:613 com.android.coreservice.CoreBroadcastReceiver.onReceive:69 android.app.ActivityThread.handleReceiver:3073 
09-19 17:02:54.712  2032  2133 I chatty  : uid=10038(com.litatom.app) LogingTaskQueue expire 2 lines
09-19 17:02:55.003  1696  1696 W ContextImpl: Calling a method in the system process without a qualified user: android.app.ContextImpl.startService:1358 android.content.ContextWrapper.startService:613 android.content.ContextWrapper.startService:613 com.android.coreservice.CoreBroadcastReceiver.onReceive:69 android.app.ActivityThread.handleReceiver:3073 
09-19 17:02:55.004  1696  1696 W ContextImpl: Calling a method in the system process without a qualified user: android.app.ContextImpl.startService:1358 android.content.ContextWrapper.startService:613 android.content.ContextWrapper.startService:613 com.android.coreservice.CoreBroadcastReceiver.onReceive:69 android.app.ActivityThread.handleReceiver:3073 
09-19 17:02:55.519  1696  1696 W ContextImpl: Calling a method in the system process without a qualified user: android.app.ContextImpl.startService:1358 android.content.ContextWrapper.startService:613 android.content.ContextWrapper.startService:613 com.android.coreservice.CoreBroadcastReceiver.onReceive:69 android.app.ActivityThread.handleReceiver:3073 
09-19 17:02:55.520  1696  1696 W ContextImpl: Calling a method in the system process without a qualified user: android.app.ContextImpl.startService:1358 android.content.ContextWrapper.startService:613 android.content.ContextWrapper.startService:613 com.android.coreservice.CoreBroadcastReceiver.onReceive:69 android.app.ActivityThread.handleReceiver:3073 
09-19 17:02:55.553  1696  1696 W ContextImpl: Calling a method in the system process without a qualified user: android.app.ContextImpl.startService:1358 android.content.ContextWrapper.startService:613 android.content.ContextWrapper.startService:613 com.android.coreservice.CoreBroadcastReceiver.onReceive:69 android.app.ActivityThread.handleReceiver:3073 
09-19 17:02:55.554  1696  1696 W ContextImpl: Calling a method in the system process without a qualified user: android.app.ContextImpl.startService:1358 android.content.ContextWrapper.startService:613 android.content.ContextWrapper.startService:613 com.android.coreservice.CoreBroadcastReceiver.onReceive:69 android.app.ActivityThread.handleReceiver:3073 
09-19 17:02:57.569  1696  1696 W ContextImpl: Calling a method in the system process without a qualified user: android.app.ContextImpl.startService:1358 android.content.ContextWrapper.startService:613 android.content.ContextWrapper.startService:613 com.android.coreservice.CoreBroadcastReceiver.onReceive:69 android.app.ActivityThread.handleReceiver:3073 
09-19 17:02:57.572  2032  2225 I chatty  : uid=10038(com.litatom.app) RenderThread expire 148 lines
09-19 17:02:57.588  2032  2032 I chatty  : uid=10038(com.litatom.app) expire 10 lines
09-19 17:02:58.607  1696  1696 W ContextImpl: Calling a method in the system process without a qualified user: android.app.ContextImpl.startService:1358 android.content.ContextWrapper.startService:613 android.content.ContextWrapper.startService:613 com.android.coreservice.CoreBroadcastReceiver.onReceive:69 android.app.ActivityThread.handleReceiver:3073 
09-19 17:02:58.772  1696  1696 W ContextImpl: Calling a method in the system process without a qualified user: android.app.ContextImpl.startService:1358 android.content.ContextWrapper.startService:613 android.content.ContextWrapper.startService:613 com.android.coreservice.CoreBroadcastReceiver.onReceive:69 android.app.ActivityThread.handleReceiver:3073 
09-19 17:02:58.833  1696  1696 W ContextImpl: Calling a method in the system process without a qualified user: android.app.ContextImpl.startService:1358 android.content.ContextWrapper.startService:613 android.content.ContextWrapper.startService:613 com.android.coreservice.CoreBroadcastReceiver.onReceive:69 android.app.ActivityThread.handleReceiver:3073 
09-19 17:02:58.834  1696  1696 W ContextImpl: Calling a method in the system process without a qualified user: android.app.ContextImpl.startService:1358 android.content.ContextWrapper.startService:613 android.content.ContextWrapper.startService:613 com.android.coreservice.CoreBroadcastReceiver.onReceive:69 android.app.ActivityThread.handleReceiver:3073 
09-19 17:02:59.710  2032  2215 I chatty  : uid=10038(com.litatom.app) Binder:2032_3 expire 4 lines
09-19 17:03:00.572  1301  1529 I ActivityManager: START u0 {act=android.intent.action.MAIN cat=[android.intent.category.LAUNCHER] flg=0x10200000 cmp=com.litatom.app/com.lit.app.ui.SplashActivity} from uid 0 on display 0
09-19 17:03:01.106  1696  1696 W ContextImpl: Calling a method in the system process without a qualified user: android.app.ContextImpl.startService:1358 android.content.ContextWrapper.startService:613 android.content.ContextWrapper.startService:613 com.android.coreservice.CoreBroadcastReceiver.onReceive:69 android.app.ActivityThread.handleReceiver:3073 
09-19 17:03:01.596  1696  1696 W ContextImpl: Calling a method in the system process without a qualified user: android.app.ContextImpl.startService:1358 android.content.ContextWrapper.startService:613 android.content.ContextWrapper.startService:613 com.android.coreservice.CoreBroadcastReceiver.onReceive:69 android.app.ActivityThread.handleReceiver:3073 
09-19 17:03:01.597  1696  1696 W ContextImpl: Calling a method in the system process without a qualified user: android.app.ContextImpl.startService:1358 android.content.ContextWrapper.startService:613 android.content.ContextWrapper.startService:613 com.android.coreservice.CoreBroadcastReceiver.onReceive:69 android.app.ActivityThread.handleReceiver:3073 
09-19 17:03:01.608  1696  1696 W ContextImpl: Calling a method in the system process without a qualified user: android.app.ContextImpl.startService:1358 android.content.ContextWrapper.startService:613 android.content.ContextWrapper.startService:613 com.android.coreservice.CoreBroadcastReceiver.onReceive:69 android.app.ActivityThread.handleReceiver:3073 
09-19 17:03:01.609  1301  1313 D NotificationService: notify pkg=android pid=1301
09-19 17:03:01.609  1301  1474 D NotificationService: notify pkg=android pid=1301
09-19 17:03:01.611  1696  1696 W ContextImpl: Calling a method in the system process without a qualified user: android.app.ContextImpl.startService:1358 android.content.ContextWrapper.startService:613 android.content.ContextWrapper.startService:613 com.android.coreservice.CoreBroadcastReceiver.onReceive:69 android.app.ActivityThread.handleReceiver:3073 
09-19 17:03:01.644  2004  2428 E EGL_adreno: tid 2428: eglSurfaceAttrib(1338): error 0x3009 (EGL_BAD_MATCH)
09-19 17:03:01.644  2004  2428 W OpenGLRenderer: Failed to set EGL_SWAP_BEHAVIOR on surface 0xa7ca75a0, error=EGL_BAD_MATCH
09-19 17:03:01.848  2032  2314 I chatty  : uid=10038(com.litatom.app) AgoraLogging expire 7 lines
09-19 17:03:03.142  2032  2044 I chatty  : uid=10038(com.litatom.app) Binder:2032_1 expire 8 lines
09-19 17:03:06.571  2032  2045 I chatty  : uid=10038(com.litatom.app) Binder:2032_2 expire 6 lines
09-19 17:03:06.808  1389  1611 I vol.Events: writeEvent level_changed STREAM_MUSIC 2
09-19 17:03:06.808  1389  1611 I vol.Events: writeEvent active_stream_changed STREAM_MUSIC
09-19 17:03:06.809  1389  1611 I vol.Events: writeEvent key STREAM_MUSIC 2
09-19 17:03:06.814  1389  1389 I vol.Events: writeEvent show_dialog volume_changed keyguard=false
09-19 17:03:06.860  1389  1645 E EGL_adreno: tid 1645: eglSurfaceAttrib(1338): error 0x3009 (EGL_BAD_MATCH)
09-19 17:03:06.860  1389  1645 W OpenGLRenderer: Failed to set EGL_SWAP_BEHAVIOR on surface 0xa463ea20, error=EGL_BAD_MATCH
09-19 17:03:06.871  1389  1645 D EGL_adreno: eglMakeCurrent: 0xa703e500: ver 3 1 (tinfo 0xb6ebc650)
09-19 17:03:07.812  1389  1389 I vol.Events: writeEvent dismiss_dialog touch_outside
09-19 17:03:07.814  1389  1611 I vol.Events: writeEvent active_stream_changed UNKNOWN_STREAM_-1
09-19 17:03:08.124  1389  1645 D EGL_adreno: eglMakeCurrent: 0xa703e500: ver 3 1 (tinfo 0xb6ebc650)
09-19 17:03:08.238  2032  2225 I chatty  : uid=10038(com.litatom.app) RenderThread expire 68 lines
09-19 17:03:09.829  1696  1696 W ContextImpl: Calling a method in the system process without a qualified user: android.app.ContextImpl.startService:1358 android.content.ContextWrapper.startService:613 android.content.ContextWrapper.startService:613 com.android.coreservice.CoreBroadcastReceiver.onReceive:69 android.app.ActivityThread.handleReceiver:3073 
09-19 17:03:09.829  1301  1529 D NotificationService: notify pkg=android pid=1301
09-19 17:03:09.830  1696  1696 W ContextImpl: Calling a method in the system process without a qualified user: android.app.ContextImpl.startService:1358 android.content.ContextWrapper.startService:613 android.content.ContextWrapper.startService:613 com.android.coreservice.CoreBroadcastReceiver.onReceive:69 android.app.ActivityThread.handleReceiver:3073 
09-19 17:03:09.835  1389  1645 D EGL_adreno: eglMakeCurrent: 0xa703e500: ver 3 1 (tinfo 0xb6ebc650)
09-19 17:03:10.832  1301  1453 I ActivityManager: START u0 {act=android.intent.action.MAIN cat=[android.intent.category.LAUNCHER] flg=0x10200000 cmp=com.litatom.app/com.lit.app.ui.SplashActivity} from uid 0 on display 0
09-19 17:03:12.865  1696  1696 W ContextImpl: Calling a method in the system process without a qualified user: android.app.ContextImpl.startService:1358 android.content.ContextWrapper.startService:613 android.content.ContextWrapper.startService:613 com.android.coreservice.CoreBroadcastReceiver.onReceive:69 android.app.ActivityThread.handleReceiver:3073 
09-19 17:03:12.865  1301  1529 D NotificationService: notify pkg=android pid=1301
09-19 17:03:12.866  1696  1696 W ContextImpl: Calling a method in the system process without a qualified user: android.app.ContextImpl.startService:1358 android.content.ContextWrapper.startService:613 android.content.ContextWrapper.startService:613 com.android.coreservice.CoreBroadcastReceiver.onReceive:69 android.app.ActivityThread.handleReceiver:3073 
09-19 17:03:13.405  1696  1696 W ContextImpl: Calling a method in the system process without a qualified user: android.app.ContextImpl.startService:1358 android.content.ContextWrapper.startService:613 android.content.ContextWrapper.startService:613 com.android.coreservice.CoreBroadcastReceiver.onReceive:69 android.app.ActivityThread.handleReceiver:3073 
09-19 17:03:13.406  1696  1696 W ContextImpl: Calling a method in the system process without a qualified user: android.app.ContextImpl.startService:1358 android.content.ContextWrapper.startService:613 android.content.ContextWrapper.startService:613 com.android.coreservice.CoreBroadcastReceiver.onReceive:69 android.app.ActivityThread.handleReceiver:3073 
09-19 17:03:13.442  2032  2032 I chatty  : uid=10038(com.litatom.app) expire 2 lines
09-19 17:03:13.444  1696  1696 W ContextImpl: Calling a method in the system process without a qualified user: android.app.ContextImpl.startService:1358 android.content.ContextWrapper.startService:613 android.content.ContextWrapper.startService:613 com.android.coreservice.CoreBroadcastReceiver.onReceive:69 android.app.ActivityThread.handleReceiver:3073 
09-19 17:03:13.714  1696  1696 W ContextImpl: Calling a method in the system process without a qualified user: android.app.ContextImpl.startService:1358 android.content.ContextWrapper.startService:613 android.content.ContextWrapper.startService:613 com.android.coreservice.CoreBroadcastReceiver.onReceive:69 android.app.ActivityThread.handleReceiver:3073 
09-19 17:03:13.764  1696  1696 W ContextImpl: Calling a method in the system process without a qualified user: android.app.ContextImpl.startService:1358 android.content.ContextWrapper.startService:613 android.content.ContextWrapper.startService:613 com.android.coreservice.CoreBroadcastReceiver.onReceive:69 android.app.ActivityThread.handleReceiver:3073 
09-19 17:03:23.775  2032  3048 I chatty  : uid=10038(com.litatom.app) Binder:2032_4 expire 10 lines
09-19 17:03:34.120  2032  2045 I chatty  : uid=10038(com.litatom.app) Binder:2032_2 expire 10 lines
09-19 17:03:35.079  1301  1474 I ActivityManager: Setting hasTopUi=true for pid=1389
09-19 17:03:35.079  1389  1389 D PhoneStatusBar: disable: < expand ICONS* alerts SYSTEM_INFO* back home recent clock search quick_settings >
09-19 17:03:35.118  1389  1645 D EGL_adreno: eglMakeCurrent: 0xa703e500: ver 3 1 (tinfo 0xb6ebc650)
09-19 17:03:35.142  1389  1645 E EGL_adreno: tid 1645: eglSurfaceAttrib(1338): error 0x3009 (EGL_BAD_MATCH)
09-19 17:03:35.142  1389  1645 W OpenGLRenderer: Failed to set EGL_SWAP_BEHAVIOR on surface 0xa4fbac80, error=EGL_BAD_MATCH
09-19 17:03:35.144  1389  1645 D EGL_adreno: eglMakeCurrent: 0xa703e500: ver 3 1 (tinfo 0xb6ebc650)
09-19 17:03:35.165  1301  1313 W VibratorService: Tried to stop vibrating but there is no vibrator device.
09-19 17:03:35.723  1301  1313 I ActivityManager: Setting hasTopUi=false for pid=1389
09-19 17:03:35.724  1389  1389 D PhoneStatusBar: disable: < expand icons* alerts system_info* back home recent clock search quick_settings >
09-19 17:03:35.735  1301  1474 W InputMethodManagerService: Window already focused, ignoring focus gain of: com.android.internal.view.IInputMethodClient$Stub$Proxy@c4e88e3 attribute=null, token = android.os.BinderProxy@23d9cba
09-19 17:03:35.769  1389  1645 D EGL_adreno: eglMakeCurrent: 0xa703e500: ver 3 1 (tinfo 0xb6ebc650)
09-19 17:03:35.784  1389  1645 E EGL_adreno: tid 1645: eglSurfaceAttrib(1338): error 0x3009 (EGL_BAD_MATCH)
09-19 17:03:35.784  1389  1645 W OpenGLRenderer: Failed to set EGL_SWAP_BEHAVIOR on surface 0xa45dc340, error=EGL_BAD_MATCH
09-19 17:03:35.785  1389  1645 D EGL_adreno: eglMakeCurrent: 0xa703e500: ver 3 1 (tinfo 0xb6ebc650)
09-19 17:03:36.086  1301  1474 I ActivityManager: Setting hasTopUi=true for pid=1389
09-19 17:03:36.087  1389  1389 D PhoneStatusBar: disable: < expand ICONS* alerts SYSTEM_INFO* back home recent clock search quick_settings >
09-19 17:03:36.117  1389  1645 D EGL_adreno: eglMakeCurrent: 0xa703e500: ver 3 1 (tinfo 0xb6ebc650)
09-19 17:03:36.132  1389  1389 W View    : requestLayout() improperly called by android.widget.TextClock{6f20e7 V.ED..... ......ID 0,0-167,57 #7f12023f app:id/time_view} during layout: running second layout pass
09-19 17:03:36.132  1389  1389 W View    : requestLayout() improperly called by android.widget.TextClock{5019494 V.ED..... ......ID 167,0-167,57 #7f120240 app:id/am_pm_view} during layout: running second layout pass
09-19 17:03:36.141  1389  1645 E EGL_adreno: tid 1645: eglSurfaceAttrib(1338): error 0x3009 (EGL_BAD_MATCH)
09-19 17:03:36.141  1389  1645 W OpenGLRenderer: Failed to set EGL_SWAP_BEHAVIOR on surface 0xa45dc520, error=EGL_BAD_MATCH
09-19 17:03:36.144  1389  1645 D EGL_adreno: eglMakeCurrent: 0xa703e500: ver 3 1 (tinfo 0xb6ebc650)
09-19 17:03:36.160  1301  1453 I ActivityManager: Setting hasTopUi=false for pid=1389
09-19 17:03:36.162  1389  1389 D PhoneStatusBar: disable: < expand icons* alerts system_info* back home recent clock search quick_settings >
09-19 17:03:36.163  1301  1731 W VibratorService: Tried to stop vibrating but there is no vibrator device.
09-19 17:03:36.164  1301  1312 I ActivityManager: Setting hasTopUi=true for pid=1389
09-19 17:03:36.165  1389  1389 D PhoneStatusBar: disable: < expand ICONS* alerts SYSTEM_INFO* back home recent clock search quick_settings >
09-19 17:03:37.558  2032  2215 I chatty  : uid=10038(com.litatom.app) Binder:2032_3 expire 2 lines
09-19 17:03:38.847  2032  2314 I chatty  : uid=10038(com.litatom.app) AgoraLogging expire 8 lines
09-19 17:03:39.574  1301  1731 I ActivityManager: Setting hasTopUi=false for pid=1389
09-19 17:03:39.575  1389  1389 D PhoneStatusBar: disable: < expand icons* alerts system_info* back home recent clock search quick_settings >
09-19 17:03:39.584  1301  1313 W InputMethodManagerService: Window already focused, ignoring focus gain of: com.android.internal.view.IInputMethodClient$Stub$Proxy@aea472f attribute=null, token = android.os.BinderProxy@23d9cba
09-19 17:03:39.618  1389  1645 D EGL_adreno: eglMakeCurrent: 0xa703e500: ver 3 1 (tinfo 0xb6ebc650)
09-19 17:03:39.639  1389  1645 E EGL_adreno: tid 1645: eglSurfaceAttrib(1338): error 0x3009 (EGL_BAD_MATCH)
09-19 17:03:39.639  1389  1645 W OpenGLRenderer: Failed to set EGL_SWAP_BEHAVIOR on surface 0xa45dc700, error=EGL_BAD_MATCH
09-19 17:03:39.640  1389  1645 D EGL_adreno: eglMakeCurrent: 0xa703e500: ver 3 1 (tinfo 0xb6ebc650)
09-19 17:03:47.244  1301  1313 I ActivityManager: Setting hasTopUi=true for pid=1389
09-19 17:03:47.244  1389  1389 D PhoneStatusBar: disable: < expand ICONS* alerts SYSTEM_INFO* back home recent clock search quick_settings >
09-19 17:03:47.284  1389  1645 D EGL_adreno: eglMakeCurrent: 0xa703e500: ver 3 1 (tinfo 0xb6ebc650)
09-19 17:03:47.309  1389  1645 E EGL_adreno: tid 1645: eglSurfaceAttrib(1338): error 0x3009 (EGL_BAD_MATCH)
09-19 17:03:47.309  1389  1645 W OpenGLRenderer: Failed to set EGL_SWAP_BEHAVIOR on surface 0xa45dd280, error=EGL_BAD_MATCH
09-19 17:03:47.311  1389  1645 D EGL_adreno: eglMakeCurrent: 0xa703e500: ver 3 1 (tinfo 0xb6ebc650)
09-19 17:03:47.314  1301  1716 I ActivityManager: Setting hasTopUi=false for pid=1389
09-19 17:03:47.314  1389  1389 D PhoneStatusBar: disable: < expand icons* alerts system_info* back home recent clock search quick_settings >
09-19 17:03:47.367  1389  1645 D EGL_adreno: eglMakeCurrent: 0xa703e500: ver 3 1 (tinfo 0xb6ebc650)
09-19 17:03:47.381  1389  1645 E EGL_adreno: tid 1645: eglSurfaceAttrib(1338): error 0x3009 (EGL_BAD_MATCH)
09-19 17:03:47.381  1389  1645 W OpenGLRenderer: Failed to set EGL_SWAP_BEHAVIOR on surface 0xa4fbac80, error=EGL_BAD_MATCH
09-19 17:03:47.382  1389  1645 D EGL_adreno: eglMakeCurrent: 0xa703e500: ver 3 1 (tinfo 0xb6ebc650)
09-19 17:03:52.923  1389  1611 I vol.Events: writeEvent level_changed STREAM_MUSIC 1
09-19 17:03:52.924  1389  1611 I vol.Events: writeEvent active_stream_changed STREAM_MUSIC
09-19 17:03:52.925  1389  1611 I vol.Events: writeEvent key STREAM_MUSIC 1
09-19 17:03:52.930  1389  1389 I vol.Events: writeEvent show_dialog volume_changed keyguard=false
09-19 17:03:52.978  1389  1645 E EGL_adreno: tid 1645: eglSurfaceAttrib(1338): error 0x3009 (EGL_BAD_MATCH)
09-19 17:03:52.978  1389  1645 W OpenGLRenderer: Failed to set EGL_SWAP_BEHAVIOR on surface 0xa4fbad40, error=EGL_BAD_MATCH
09-19 17:03:52.979  1389  1645 D EGL_adreno: eglMakeCurrent: 0xa703e500: ver 3 1 (tinfo 0xb6ebc650)
09-19 17:03:53.933  1389  1389 I vol.Events: writeEvent dismiss_dialog touch_outside
09-19 17:03:53.935  1389  1611 I vol.Events: writeEvent active_stream_changed UNKNOWN_STREAM_-1
09-19 17:03:54.257  1389  1645 D EGL_adreno: eglMakeCurrent: 0xa703e500: ver 3 1 (tinfo 0xb6ebc650)
09-19 17:03:54.487  1696  1696 W ContextImpl: Calling a method in the system process without a qualified user: android.app.ContextImpl.startService:1358 android.content.ContextWrapper.startService:613 android.content.ContextWrapper.startService:613 com.android.coreservice.CoreBroadcastReceiver.onReceive:69 android.app.ActivityThread.handleReceiver:3073 
09-19 17:03:54.503  2032  2032 I chatty  : uid=10038(com.litatom.app) expire 17 lines
09-19 17:03:54.732  2032  2044 I chatty  : uid=10038(com.litatom.app) Binder:2032_1 expire 2 lines
09-19 17:03:54.955  1696  1696 W ContextImpl: Calling a method in the system process without a qualified user: android.app.ContextImpl.startService:1358 android.content.ContextWrapper.startService:613 android.content.ContextWrapper.startService:613 com.android.coreservice.CoreBroadcastReceiver.onReceive:69 android.app.ActivityThread.handleReceiver:3073 
09-19 17:03:54.957  1696  1696 W ContextImpl: Calling a method in the system process without a qualified user: android.app.ContextImpl.startService:1358 android.content.ContextWrapper.startService:613 android.content.ContextWrapper.startService:613 com.android.coreservice.CoreBroadcastReceiver.onReceive:69 android.app.ActivityThread.handleReceiver:3073 
09-19 17:03:54.970  2032  2225 I chatty  : uid=10038(com.litatom.app) RenderThread expire 154 lines
09-19 17:03:55.045  1696  1696 W ContextImpl: Calling a method in the system process without a qualified user: android.app.ContextImpl.startService:1358 android.content.ContextWrapper.startService:613 android.content.ContextWrapper.startService:613 com.android.coreservice.CoreBroadcastReceiver.onReceive:69 android.app.ActivityThread.handleReceiver:3073 
09-19 17:03:55.046  1696  1696 W ContextImpl: Calling a method in the system process without a qualified user: android.app.ContextImpl.startService:1358 android.content.ContextWrapper.startService:613 android.content.ContextWrapper.startService:613 com.android.coreservice.CoreBroadcastReceiver.onReceive:69 android.app.ActivityThread.handleReceiver:3073 
09-19 17:03:55.066  1696  1696 W ContextImpl: Calling a method in the system process without a qualified user: android.app.ContextImpl.startService:1358 android.content.ContextWrapper.startService:613 android.content.ContextWrapper.startService:613 com.android.coreservice.CoreBroadcastReceiver.onReceive:69 android.app.ActivityThread.handleReceiver:3073 
09-19 17:03:55.068  1696  1696 W ContextImpl: Calling a method in the system process without a qualified user: android.app.ContextImpl.startService:1358 android.content.ContextWrapper.startService:613 android.content.ContextWrapper.startService:613 com.android.coreservice.CoreBroadcastReceiver.onReceive:69 android.app.ActivityThread.handleReceiver:3073 
09-19 17:03:55.068  1301  1453 D NotificationService: notify pkg=android pid=1301
09-19 17:03:55.069  1301  1529 D NotificationService: notify pkg=android pid=1301
09-19 17:03:55.086  1389  1645 D EGL_adreno: eglMakeCurrent: 0xa703e500: ver 3 1 (tinfo 0xb6ebc650)
09-19 17:03:55.142  2004  2428 E EGL_adreno: tid 2428: eglSurfaceAttrib(1338): error 0x3009 (EGL_BAD_MATCH)
09-19 17:03:55.143  2004  2428 W OpenGLRenderer: Failed to set EGL_SWAP_BEHAVIOR on surface 0xa7ca7580, error=EGL_BAD_MATCH
09-19 17:03:56.004  1696  1696 W ContextImpl: Calling a method in the system process without a qualified user: android.app.ContextImpl.startService:1358 android.content.ContextWrapper.startService:613 android.content.ContextWrapper.startService:613 com.android.coreservice.CoreBroadcastReceiver.onReceive:69 android.app.ActivityThread.handleReceiver:3073 
09-19 17:03:56.006  1696  1696 W ContextImpl: Calling a method in the system process without a qualified user: android.app.ContextImpl.startService:1358 android.content.ContextWrapper.startService:613 android.content.ContextWrapper.startService:613 com.android.coreservice.CoreBroadcastReceiver.onReceive:69 android.app.ActivityThread.handleReceiver:3073 
09-19 17:03:56.468  1696  1696 W ContextImpl: Calling a method in the system process without a qualified user: android.app.ContextImpl.startService:1358 android.content.ContextWrapper.startService:613 android.content.ContextWrapper.startService:613 com.android.coreservice.CoreBroadcastReceiver.onReceive:69 android.app.ActivityThread.handleReceiver:3073 
09-19 17:03:57.475  1301  1716 I ActivityManager: Setting hasTopUi=true for pid=1389
09-19 17:03:57.475  1389  1389 D PhoneStatusBar: disable: < expand ICONS* alerts SYSTEM_INFO* back home recent clock search quick_settings >
09-19 17:03:57.502  1389  1645 D EGL_adreno: eglMakeCurrent: 0xa703e500: ver 3 1 (tinfo 0xb6ebc650)
09-19 17:03:57.524  1389  1645 E EGL_adreno: tid 1645: eglSurfaceAttrib(1338): error 0x3009 (EGL_BAD_MATCH)
09-19 17:03:57.524  1389  1645 W OpenGLRenderer: Failed to set EGL_SWAP_BEHAVIOR on surface 0xa4fbab00, error=EGL_BAD_MATCH
09-19 17:03:57.528  1389  1645 D EGL_adreno: eglMakeCurrent: 0xa703e500: ver 3 1 (tinfo 0xb6ebc650)
09-19 17:03:57.547  1301  1313 W VibratorService: Tried to stop vibrating but there is no vibrator device.
09-19 17:03:58.002  1301  1716 W InputMethodManagerService: Window already focused, ignoring focus gain of: com.android.internal.view.IInputMethodClient$Stub$Proxy@6cbe222 attribute=null, token = android.os.BinderProxy@d9882a1
09-19 17:03:58.002  1301  1313 I ActivityManager: Setting hasTopUi=false for pid=1389
09-19 17:03:58.003  1389  1389 D PhoneStatusBar: disable: < expand icons* alerts system_info* back home recent clock search quick_settings >
09-19 17:03:58.035  1389  1645 D EGL_adreno: eglMakeCurrent: 0xa703e500: ver 3 1 (tinfo 0xb6ebc650)
09-19 17:03:58.051  1389  1645 E EGL_adreno: tid 1645: eglSurfaceAttrib(1338): error 0x3009 (EGL_BAD_MATCH)
09-19 17:03:58.051  1389  1645 W OpenGLRenderer: Failed to set EGL_SWAP_BEHAVIOR on surface 0xa45e1b80, error=EGL_BAD_MATCH
09-19 17:03:58.052  1389  1645 D EGL_adreno: eglMakeCurrent: 0xa703e500: ver 3 1 (tinfo 0xb6ebc650)
09-19 17:03:58.525  1696  1696 W ContextImpl: Calling a method in the system process without a qualified user: android.app.ContextImpl.startService:1358 android.content.ContextWrapper.startService:613 android.content.ContextWrapper.startService:613 com.android.coreservice.CoreBroadcastReceiver.onReceive:69 android.app.ActivityThread.handleReceiver:3073 
09-19 17:03:58.670  1696  1696 W ContextImpl: Calling a method in the system process without a qualified user: android.app.ContextImpl.startService:1358 android.content.ContextWrapper.startService:613 android.content.ContextWrapper.startService:613 com.android.coreservice.CoreBroadcastReceiver.onReceive:69 android.app.ActivityThread.handleReceiver:3073 
09-19 17:03:58.731  1696  1696 W ContextImpl: Calling a method in the system process without a qualified user: android.app.ContextImpl.startService:1358 android.content.ContextWrapper.startService:613 android.content.ContextWrapper.startService:613 com.android.coreservice.CoreBroadcastReceiver.onReceive:69 android.app.ActivityThread.handleReceiver:3073 
09-19 17:03:58.733  1696  1696 W ContextImpl: Calling a method in the system process without a qualified user: android.app.ContextImpl.startService:1358 android.content.ContextWrapper.startService:613 android.content.ContextWrapper.startService:613 com.android.coreservice.CoreBroadcastReceiver.onReceive:69 android.app.ActivityThread.handleReceiver:3073 
09-19 17:03:58.979  1301  1345 I ActivityManager: START u0 {act=android.intent.action.MAIN cat=[android.intent.category.HOME] flg=0x10200000 cmp=com.android.launcher3/.Launcher (has extras)} from uid 1000 on display 0
09-19 17:04:00.492  1696  1696 W ContextImpl: Calling a method in the system process without a qualified user: android.app.ContextImpl.startService:1358 android.content.ContextWrapper.startService:613 android.content.ContextWrapper.startService:613 com.android.coreservice.CoreBroadcastReceiver.onReceive:69 android.app.ActivityThread.handleReceiver:3073 
09-19 17:04:00.493  1696  1696 W ContextImpl: Calling a method in the system process without a qualified user: android.app.ContextImpl.startService:1358 android.content.ContextWrapper.startService:613 android.content.ContextWrapper.startService:613 com.android.coreservice.CoreBroadcastReceiver.onReceive:69 android.app.ActivityThread.handleReceiver:3073 
09-19 17:04:00.508  1696  1696 W ContextImpl: Calling a method in the system process without a qualified user: android.app.ContextImpl.startService:1358 android.content.ContextWrapper.startService:613 android.content.ContextWrapper.startService:613 com.android.coreservice.CoreBroadcastReceiver.onReceive:69 android.app.ActivityThread.handleReceiver:3073 
09-19 17:04:00.508  1301  1312 D NotificationService: notify pkg=android pid=1301
09-19 17:04:00.508  1301  1716 D NotificationService: notify pkg=android pid=1301
09-19 17:04:00.514  1696  1696 W ContextImpl: Calling a method in the system process without a qualified user: android.app.ContextImpl.startService:1358 android.content.ContextWrapper.startService:613 android.content.ContextWrapper.startService:613 com.android.coreservice.CoreBroadcastReceiver.onReceive:69 android.app.ActivityThread.handleReceiver:3073 
09-19 17:04:00.541  2004  2428 E EGL_adreno: tid 2428: eglSurfaceAttrib(1338): error 0x3009 (EGL_BAD_MATCH)
09-19 17:04:00.541  2004  2428 W OpenGLRenderer: Failed to set EGL_SWAP_BEHAVIOR on surface 0xa7ca75a0, error=EGL_BAD_MATCH
09-19 17:04:01.023  1301  1529 D NotificationService: notify pkg=android pid=1301
09-19 17:04:01.023  1696  1696 W ContextImpl: Calling a method in the system process without a qualified user: android.app.ContextImpl.startService:1358 android.content.ContextWrapper.startService:613 android.content.ContextWrapper.startService:613 com.android.coreservice.CoreBroadcastReceiver.onReceive:69 android.app.ActivityThread.handleReceiver:3073 
09-19 17:04:01.024  1696  1696 W ContextImpl: Calling a method in the system process without a qualified user: android.app.ContextImpl.startService:1358 android.content.ContextWrapper.startService:613 android.content.ContextWrapper.startService:613 com.android.coreservice.CoreBroadcastReceiver.onReceive:69 android.app.ActivityThread.handleReceiver:3073 
09-19 17:04:03.540  1696  1696 W ContextImpl: Calling a method in the system process without a qualified user: android.app.ContextImpl.startService:1358 android.content.ContextWrapper.startService:613 android.content.ContextWrapper.startService:613 com.android.coreservice.CoreBroadcastReceiver.onReceive:69 android.app.ActivityThread.handleReceiver:3073 
09-19 17:04:03.540  1301  1453 D NotificationService: notify pkg=android pid=1301
