09-19 17:01:23.741  1696  1696 W ContextImpl: Calling a method in the system process without a qualified user: android.app.ContextImpl.startService:1358 android.content.ContextWrapper.startService:613 android.content.ContextWrapper.startService:613 com.android.coreservice.CoreBroadcastReceiver.onReceive:69 android.app.ActivityThread.handleReceiver:3073 
09-19 17:01:23.742  1696  1696 W ContextImpl: Calling a method in the system process without a qualified user: android.app.ContextImpl.startService:1358 android.content.ContextWrapper.startService:613 android.content.ContextWrapper.startService:613 com.android.coreservice.CoreBroadcastReceiver.onReceive:69 android.app.ActivityThread.handleReceiver:3073 
09-19 17:01:23.742  1301  1529 D NotificationService: notify pkg=android pid=1301
09-19 17:01:23.788  2032  2225 I chatty  : uid=10038(com.litatom.app) RenderThread expire 74 lines
09-19 17:01:25.254  1301  1529 I ActivityManager: Setting hasTopUi=true for pid=1389
09-19 17:01:25.255  1389  1389 D PhoneStatusBar: disable: < expand ICONS* alerts SYSTEM_INFO* back home recent clock search quick_settings >
09-19 17:01:25.285  1389  1645 D EGL_adreno: eglMakeCurrent: 0xa703e500: ver 3 1 (tinfo 0xb6ebc650)
09-19 17:01:25.310  1389  1645 E EGL_adreno: tid 1645: eglSurfaceAttrib(1338): error 0x3009 (EGL_BAD_MATCH)
09-19 17:01:25.310  1389  1645 W OpenGLRenderer: Failed to set EGL_SWAP_BEHAVIOR on surface 0xa4fb9600, error=EGL_BAD_MATCH
09-19 17:01:25.312  1389  1645 D EGL_adreno: eglMakeCurrent: 0xa703e500: ver 3 1 (tinfo 0xb6ebc650)
09-19 17:01:25.337  1301  1474 W VibratorService: Tried to stop vibrating but there is no vibrator device.
09-19 17:01:25.523  2032  2045 I chatty  : uid=10038(com.litatom.app) Binder:2032_2 expire 4 lines
09-19 17:01:25.840  1301  1474 I ActivityManager: Setting hasTopUi=false for pid=1389
09-19 17:01:25.841  1389  1389 D PhoneStatusBar: disable: < expand icons* alerts system_info* back home recent clock search quick_settings >
09-19 17:01:25.851  1301  1529 W InputMethodManagerService: Window already focused, ignoring focus gain of: com.android.internal.view.IInputMethodClient$Stub$Proxy@ff9f64 attribute=null, token = android.os.BinderProxy@5750ced
09-19 17:01:25.889  1389  1645 D EGL_adreno: eglMakeCurrent: 0xa703e500: ver 3 1 (tinfo 0xb6ebc650)
09-19 17:01:25.908  1389  1645 E EGL_adreno: tid 1645: eglSurfaceAttrib(1338): error 0x3009 (EGL_BAD_MATCH)
09-19 17:01:25.908  1389  1645 W OpenGLRenderer: Failed to set EGL_SWAP_BEHAVIOR on surface 0xa4fb27e0, error=EGL_BAD_MATCH
09-19 17:01:25.908  1389  1645 D EGL_adreno: eglMakeCurrent: 0xa703e500: ver 3 1 (tinfo 0xb6ebc650)
09-19 17:01:26.775  1301  1716 I ActivityManager: START u0 {act=android.intent.action.MAIN cat=[android.intent.category.LAUNCHER] flg=0x10200000 cmp=com.litatom.app/com.lit.app.ui.SplashActivity} from uid 0 on display 0
09-19 17:01:28.334  1696  1696 W ContextImpl: Calling a method in the system process without a qualified user: android.app.ContextImpl.startService:1358 android.content.ContextWrapper.startService:613 android.content.ContextWrapper.startService:613 com.android.coreservice.CoreBroadcastReceiver.onReceive:69 android.app.ActivityThread.handleReceiver:3073 
09-19 17:01:28.338  1696  1696 W ContextImpl: Calling a method in the system process without a qualified user: android.app.ContextImpl.startService:1358 android.content.ContextWrapper.startService:613 android.content.ContextWrapper.startService:613 com.android.coreservice.CoreBroadcastReceiver.onReceive:69 android.app.ActivityThread.handleReceiver:3073 
09-19 17:01:28.344  2032  2032 I chatty  : uid=10038(com.litatom.app) expire 10 lines
09-19 17:01:28.391  1696  1696 W ContextImpl: Calling a method in the system process without a qualified user: android.app.ContextImpl.startService:1358 android.content.ContextWrapper.startService:613 android.content.ContextWrapper.startService:613 com.android.coreservice.CoreBroadcastReceiver.onReceive:69 android.app.ActivityThread.handleReceiver:3073 
09-19 17:01:28.391  1301  1716 D NotificationService: notify pkg=android pid=1301
09-19 17:01:28.393  1696  1696 W ContextImpl: Calling a method in the system process without a qualified user: android.app.ContextImpl.startService:1358 android.content.ContextWrapper.startService:613 android.content.ContextWrapper.startService:613 com.android.coreservice.CoreBroadcastReceiver.onReceive:69 android.app.ActivityThread.handleReceiver:3073 
09-19 17:01:28.394  1696  1696 W ContextImpl: Calling a method in the system process without a qualified user: android.app.ContextImpl.startService:1358 android.content.ContextWrapper.startService:613 android.content.ContextWrapper.startService:613 com.android.coreservice.CoreBroadcastReceiver.onReceive:69 android.app.ActivityThread.handleReceiver:3073 
09-19 17:01:28.394  1301  1453 D NotificationService: notify pkg=android pid=1301
09-19 17:01:28.402  1696  1696 W ContextImpl: Calling a method in the system process without a qualified user: android.app.ContextImpl.startService:1358 android.content.ContextWrapper.startService:613 android.content.ContextWrapper.startService:613 com.android.coreservice.CoreBroadcastReceiver.onReceive:69 android.app.ActivityThread.handleReceiver:3073 
09-19 17:01:28.875  1696  1696 W ContextImpl: Calling a method in the system process without a qualified user: android.app.ContextImpl.startService:1358 android.content.ContextWrapper.startService:613 android.content.ContextWrapper.startService:613 com.android.coreservice.CoreBroadcastReceiver.onReceive:69 android.app.ActivityThread.handleReceiver:3073 
09-19 17:01:28.875  1301  1453 D NotificationService: notify pkg=android pid=1301
09-19 17:01:28.876  1696  1696 W ContextImpl: Calling a method in the system process without a qualified user: android.app.ContextImpl.startService:1358 android.content.ContextWrapper.startService:613 android.content.ContextWrapper.startService:613 com.android.coreservice.CoreBroadcastReceiver.onReceive:69 android.app.ActivityThread.handleReceiver:3073 
09-19 17:01:29.871  1301  1312 I ActivityManager: START u0 {act=android.intent.action.MAIN cat=[android.intent.category.LAUNCHER] flg=0x10200000 cmp=com.litatom.app/com.lit.app.ui.SplashActivity} from uid 0 on display 0
09-19 17:01:30.893  1301  1716 D NotificationService: notify pkg=android pid=1301
09-19 17:01:30.893  1696  1696 W ContextImpl: Calling a method in the system process without a qualified user: android.app.ContextImpl.startService:1358 android.content.ContextWrapper.startService:613 android.content.ContextWrapper.startService:613 com.android.coreservice.CoreBroadcastReceiver.onReceive:69 android.app.ActivityThread.handleReceiver:3073 
09-19 17:01:30.894  1696  1696 W ContextImpl: Calling a method in the system process without a qualified user: android.app.ContextImpl.startService:1358 android.content.ContextWrapper.startService:613 android.content.ContextWrapper.startService:613 com.android.coreservice.CoreBroadcastReceiver.onReceive:69 android.app.ActivityThread.handleReceiver:3073 
09-19 17:01:33.493  1696  1696 W ContextImpl: Calling a method in the system process without a qualified user: android.app.ContextImpl.startService:1358 android.content.ContextWrapper.startService:613 android.content.ContextWrapper.startService:613 com.android.coreservice.CoreBroadcastReceiver.onReceive:69 android.app.ActivityThread.handleReceiver:3073 
09-19 17:01:33.497  1696  1696 W ContextImpl: Calling a method in the system process without a qualified user: android.app.ContextImpl.startService:1358 android.content.ContextWrapper.startService:613 android.content.ContextWrapper.startService:613 com.android.coreservice.CoreBroadcastReceiver.onReceive:69 android.app.ActivityThread.handleReceiver:3073 
09-19 17:01:33.498  1696  1696 W ContextImpl: Calling a method in the system process without a qualified user: android.app.ContextImpl.startService:1358 android.content.ContextWrapper.startService:613 android.content.ContextWrapper.startService:613 com.android.coreservice.CoreBroadcastReceiver.onReceive:69 android.app.ActivityThread.handleReceiver:3073 
09-19 17:01:33.797  1696  1696 W ContextImpl: Calling a method in the system process without a qualified user: android.app.ContextImpl.startService:1358 android.content.ContextWrapper.startService:613 android.content.ContextWrapper.startService:613 com.android.coreservice.CoreBroadcastReceiver.onReceive:69 android.app.ActivityThread.handleReceiver:3073 
09-19 17:01:33.853  1696  1696 W ContextImpl: Calling a method in the system process without a qualified user: android.app.ContextImpl.startService:1358 android.content.ContextWrapper.startService:613 android.content.ContextWrapper.startService:613 com.android.coreservice.CoreBroadcastReceiver.onReceive:69 android.app.ActivityThread.handleReceiver:3073 
09-19 17:01:33.955  1696  1696 W ContextImpl: Calling a method in the system process without a qualified user: android.app.ContextImpl.startService:1358 android.content.ContextWrapper.startService:613 android.content.ContextWrapper.startService:613 com.android.coreservice.CoreBroadcastReceiver.onReceive:69 android.app.ActivityThread.handleReceiver:3073 
09-19 17:01:34.461  1696  1696 W ContextImpl: Calling a method in the system process without a qualified user: android.app.ContextImpl.startService:1358 android.content.ContextWrapper.startService:613 android.content.ContextWrapper.startService:613 com.android.coreservice.CoreBroadcastReceiver.onReceive:69 android.app.ActivityThread.handleReceiver:3073 
09-19 17:01:34.551  2032  2225 I chatty  : uid=10038(com.litatom.app) RenderThread expire 158 lines
09-19 17:01:34.622  1696  1696 W ContextImpl: Calling a method in the system process without a qualified user: android.app.ContextImpl.startService:1358 android.content.ContextWrapper.startService:613 android.content.ContextWrapper.startService:613 com.android.coreservice.CoreBroadcastReceiver.onReceive:69 android.app.ActivityThread.handleReceiver:3073 
09-19 17:01:34.696  1696  1696 W ContextImpl: Calling a method in the system process without a qualified user: android.app.ContextImpl.startService:1358 android.content.ContextWrapper.startService:613 android.content.ContextWrapper.startService:613 com.android.coreservice.CoreBroadcastReceiver.onReceive:69 android.app.ActivityThread.handleReceiver:3073 
09-19 17:01:34.697  1696  1696 W ContextImpl: Calling a method in the system process without a qualified user: android.app.ContextImpl.startService:1358 android.content.ContextWrapper.startService:613 android.content.ContextWrapper.startService:613 com.android.coreservice.CoreBroadcastReceiver.onReceive:69 android.app.ActivityThread.handleReceiver:3073 
09-19 17:01:35.848  2032  2314 I chatty  : uid=10038(com.litatom.app) AgoraLogging expire 4 lines
09-19 17:01:35.990  2032  2215 I chatty  : uid=10038(com.litatom.app) Binder:2032_3 expire 4 lines
09-19 17:01:37.474  1696  1696 W ContextImpl: Calling a method in the system process without a qualified user: android.app.ContextImpl.startService:1358 android.content.ContextWrapper.startService:613 android.content.ContextWrapper.startService:613 com.android.coreservice.CoreBroadcastReceiver.onReceive:69 android.app.ActivityThread.handleReceiver:3073 
09-19 17:01:37.475  1696  1696 W ContextImpl: Calling a method in the system process without a qualified user: android.app.ContextImpl.startService:1358 android.content.ContextWrapper.startService:613 android.content.ContextWrapper.startService:613 com.android.coreservice.CoreBroadcastReceiver.onReceive:69 android.app.ActivityThread.handleReceiver:3073 
09-19 17:01:37.475  1301  1731 D NotificationService: notify pkg=android pid=1301
09-19 17:01:37.475  1301  1716 D NotificationService: notify pkg=android pid=1301
09-19 17:01:37.508  2004  2428 E EGL_adreno: tid 2428: eglSurfaceAttrib(1338): error 0x3009 (EGL_BAD_MATCH)
09-19 17:01:37.508  2004  2428 W OpenGLRenderer: Failed to set EGL_SWAP_BEHAVIOR on surface 0xa7ca75a0, error=EGL_BAD_MATCH
09-19 17:01:37.980  1301  1529 I ActivityManager: Setting hasTopUi=true for pid=1389
09-19 17:01:37.981  1389  1389 D PhoneStatusBar: disable: < expand ICONS* alerts SYSTEM_INFO* back home recent clock search quick_settings >
09-19 17:01:38.018  1389  1645 D EGL_adreno: eglMakeCurrent: 0xa703e500: ver 3 1 (tinfo 0xb6ebc650)
09-19 17:01:38.025  1389  1389 W View    : requestLayout() improperly called by android.widget.TextClock{6f20e7 V.ED..... ......ID 0,0-167,57 #7f12023f app:id/time_view} during layout: running second layout pass
09-19 17:01:38.026  1389  1389 W View    : requestLayout() improperly called by android.widget.TextClock{5019494 V.ED..... ......ID 167,0-167,57 #7f120240 app:id/am_pm_view} during layout: running second layout pass
09-19 17:01:38.039  1389  1645 E EGL_adreno: tid 1645: eglSurfaceAttrib(1338): error 0x3009 (EGL_BAD_MATCH)
09-19 17:01:38.039  1389  1645 W OpenGLRenderer: Failed to set EGL_SWAP_BEHAVIOR on surface 0xa4fb2880, error=EGL_BAD_MATCH
09-19 17:01:38.041  1389  1645 D EGL_adreno: eglMakeCurrent: 0xa703e500: ver 3 1 (tinfo 0xb6ebc650)
09-19 17:01:38.043  1301  1716 I ActivityManager: Setting hasTopUi=false for pid=1389
09-19 17:01:38.043  1389  1389 D PhoneStatusBar: disable: < expand icons* alerts system_info* back home recent clock search quick_settings >
09-19 17:01:38.045  1301  1312 I ActivityManager: Setting hasTopUi=true for pid=1389
09-19 17:01:38.045  1389  1389 D PhoneStatusBar: disable: < expand ICONS* alerts SYSTEM_INFO* back home recent clock search quick_settings >
09-19 17:01:38.087  1301  1474 I ActivityManager: Setting hasTopUi=false for pid=1389
09-19 17:01:38.088  1389  1389 D PhoneStatusBar: disable: < expand icons* alerts system_info* back home recent clock search quick_settings >
09-19 17:01:38.090  1301  1313 W VibratorService: Tried to stop vibrating but there is no vibrator device.
09-19 17:01:38.092  1301  1453 I ActivityManager: Setting hasTopUi=true for pid=1389
09-19 17:01:38.092  1389  1389 D PhoneStatusBar: disable: < expand ICONS* alerts SYSTEM_INFO* back home recent clock search quick_settings >
09-19 17:01:38.247  1301  1355 D WifiStateMachine: setScanResults mScanResults.size=1
09-19 17:01:39.488  2032  2045 I chatty  : uid=10038(com.litatom.app) Binder:2032_2 expire 4 lines
09-19 17:01:40.258  1301  1529 I ActivityManager: Setting hasTopUi=false for pid=1389
09-19 17:01:40.258  1389  1389 D PhoneStatusBar: disable: < expand icons* alerts system_info* back home recent clock search quick_settings >
09-19 17:01:40.268  1301  1731 W InputMethodManagerService: Window already focused, ignoring focus gain of: com.android.internal.view.IInputMethodClient$Stub$Proxy@dfef3a attribute=null, token = android.os.BinderProxy@ce77ba6
09-19 17:01:40.301  1389  1645 D EGL_adreno: eglMakeCurrent: 0xa703e500: ver 3 1 (tinfo 0xb6ebc650)
09-19 17:01:40.319  1389  1645 E EGL_adreno: tid 1645: eglSurfaceAttrib(1338): error 0x3009 (EGL_BAD_MATCH)
09-19 17:01:40.319  1389  1645 W OpenGLRenderer: Failed to set EGL_SWAP_BEHAVIOR on surface 0xa52194e0, error=EGL_BAD_MATCH
09-19 17:01:40.322  1389  1645 D EGL_adreno: eglMakeCurrent: 0xa703e500: ver 3 1 (tinfo 0xb6ebc650)
09-19 17:01:40.507  1696  1696 W ContextImpl: Calling a method in the system process without a qualified user: android.app.ContextImpl.startService:1358 android.content.ContextWrapper.startService:613 android.content.ContextWrapper.startService:613 com.android.coreservice.CoreBroadcastReceiver.onReceive:69 android.app.ActivityThread.handleReceiver:3073 
09-19 17:01:40.508  1696  1696 W ContextImpl: Calling a method in the system process without a qualified user: android.app.ContextImpl.startService:1358 android.content.ContextWrapper.startService:613 android.content.ContextWrapper.startService:613 com.android.coreservice.CoreBroadcastReceiver.onReceive:69 android.app.ActivityThread.handleReceiver:3073 
09-19 17:01:40.522  2032  2032 I chatty  : uid=10038(com.litatom.app) expire 4 lines
09-19 17:01:40.524  1696  1696 W ContextImpl: Calling a method in the system process without a qualified user: android.app.ContextImpl.startService:1358 android.content.ContextWrapper.startService:613 android.content.ContextWrapper.startService:613 com.android.coreservice.CoreBroadcastReceiver.onReceive:69 android.app.ActivityThread.handleReceiver:3073 
09-19 17:01:40.525  1301  1716 D NotificationService: notify pkg=android pid=1301
09-19 17:01:40.526  1696  1696 W ContextImpl: Calling a method in the system process without a qualified user: android.app.ContextImpl.startService:1358 android.content.ContextWrapper.startService:613 android.content.ContextWrapper.startService:613 com.android.coreservice.CoreBroadcastReceiver.onReceive:69 android.app.ActivityThread.handleReceiver:3073 
09-19 17:01:40.526  1301  1474 D NotificationService: notify pkg=android pid=1301
09-19 17:01:40.527  1696  1696 W ContextImpl: Calling a method in the system process without a qualified user: android.app.ContextImpl.startService:1358 android.content.ContextWrapper.startService:613 android.content.ContextWrapper.startService:613 com.android.coreservice.CoreBroadcastReceiver.onReceive:69 android.app.ActivityThread.handleReceiver:3073 
09-19 17:01:40.529  1696  1696 W ContextImpl: Calling a method in the system process without a qualified user: android.app.ContextImpl.startService:1358 android.content.ContextWrapper.startService:613 android.content.ContextWrapper.startService:613 com.android.coreservice.CoreBroadcastReceiver.onReceive:69 android.app.ActivityThread.handleReceiver:3073 
09-19 17:01:43.563  1696  1696 W ContextImpl: Calling a method in the system process without a qualified user: android.app.ContextImpl.startService:1358 android.content.ContextWrapper.startService:613 android.content.ContextWrapper.startService:613 com.android.coreservice.CoreBroadcastReceiver.onReceive:69 android.app.ActivityThread.handleReceiver:3073 
09-19 17:01:43.564  1696  1696 W ContextImpl: Calling a method in the system process without a qualified user: android.app.ContextImpl.startService:1358 android.content.ContextWrapper.startService:613 android.content.ContextWrapper.startService:613 com.android.coreservice.CoreBroadcastReceiver.onReceive:69 android.app.ActivityThread.handleReceiver:3073 
09-19 17:01:43.565  1301  1312 D NotificationService: notify pkg=android pid=1301
09-19 17:01:46.439  2032  2044 I chatty  : uid=10038(com.litatom.app) Binder:2032_1 expire 2 lines
09-19 17:01:46.579  1696  1696 W ContextImpl: Calling a method in the system process without a qualified user: android.app.ContextImpl.startService:1358 android.content.ContextWrapper.startService:613 android.content.ContextWrapper.startService:613 com.android.coreservice.CoreBroadcastReceiver.onReceive:69 android.app.ActivityThread.handleReceiver:3073 
09-19 17:01:49.619  1301  1529 I ActivityManager: START u0 {act=android.intent.action.CALL_BUTTON flg=0x10000000} from uid 10038 on display 0
09-19 17:01:49.880  2032  3048 I chatty  : uid=10038(com.litatom.app) Binder:2032_4 expire 2 lines
09-19 17:01:50.627  1696  1696 W ContextImpl: Calling a method in the system process without a qualified user: android.app.ContextImpl.startService:1358 android.content.ContextWrapper.startService:613 android.content.ContextWrapper.startService:613 com.android.coreservice.CoreBroadcastReceiver.onReceive:69 android.app.ActivityThread.handleReceiver:3073 
09-19 17:01:50.627  1301  1716 D NotificationService: notify pkg=android pid=1301
09-19 17:01:50.628  1696  1696 W ContextImpl: Calling a method in the system process without a qualified user: android.app.ContextImpl.startService:1358 android.content.ContextWrapper.startService:613 android.content.ContextWrapper.startService:613 com.android.coreservice.CoreBroadcastReceiver.onReceive:69 android.app.ActivityThread.handleReceiver:3073 
09-19 17:01:50.628  1301  1529 D NotificationService: notify pkg=android pid=1301
09-19 17:01:50.654  2032  2225 I chatty  : uid=10038(com.litatom.app) RenderThread expire 149 lines
09-19 17:01:50.658  2004  2428 E EGL_adreno: tid 2428: eglSurfaceAttrib(1338): error 0x3009 (EGL_BAD_MATCH)
09-19 17:01:50.658  2004  2428 W OpenGLRenderer: Failed to set EGL_SWAP_BEHAVIOR on surface 0xa7ca7580, error=EGL_BAD_MATCH
09-19 17:01:51.128  1301  1312 D NotificationService: notify pkg=android pid=1301
09-19 17:01:51.128  1696  1696 W ContextImpl: Calling a method in the system process without a qualified user: android.app.ContextImpl.startService:1358 android.content.ContextWrapper.startService:613 android.content.ContextWrapper.startService:613 com.android.coreservice.CoreBroadcastReceiver.onReceive:69 android.app.ActivityThread.handleReceiver:3073 
09-19 17:01:51.130  1696  1696 W ContextImpl: Calling a method in the system process without a qualified user: android.app.ContextImpl.startService:1358 android.content.ContextWrapper.startService:613 android.content.ContextWrapper.startService:613 com.android.coreservice.CoreBroadcastReceiver.onReceive:69 android.app.ActivityThread.handleReceiver:3073 
09-19 17:01:52.134  1696  1696 W ContextImpl: Calling a method in the system process without a qualified user: android.app.ContextImpl.startService:1358 android.content.ContextWrapper.startService:613 android.content.ContextWrapper.startService:613 com.android.coreservice.CoreBroadcastReceiver.onReceive:69 android.app.ActivityThread.handleReceiver:3073 
09-19 17:01:52.135  1301  1529 D NotificationService: notify pkg=android pid=1301
09-19 17:01:52.139  1696  1696 W ContextImpl: Calling a method in the system process without a qualified user: android.app.ContextImpl.startService:1358 android.content.ContextWrapper.startService:613 android.content.ContextWrapper.startService:613 com.android.coreservice.CoreBroadcastReceiver.onReceive:69 android.app.ActivityThread.handleReceiver:3073 
09-19 17:01:56.874  2032  3048 I chatty  : uid=10038(com.litatom.app) Binder:2032_4 expire 4 lines
09-19 17:01:57.695  1301  1716 D NotificationService: notify pkg=android pid=1301
09-19 17:01:57.695  1696  1696 W ContextImpl: Calling a method in the system process without a qualified user: android.app.ContextImpl.startService:1358 android.content.ContextWrapper.startService:613 android.content.ContextWrapper.startService:613 com.android.coreservice.CoreBroadcastReceiver.onReceive:69 android.app.ActivityThread.handleReceiver:3073 
09-19 17:01:57.696  1696  1696 W ContextImpl: Calling a method in the system process without a qualified user: android.app.ContextImpl.startService:1358 android.content.ContextWrapper.startService:613 android.content.ContextWrapper.startService:613 com.android.coreservice.CoreBroadcastReceiver.onReceive:69 android.app.ActivityThread.handleReceiver:3073 
09-19 17:01:58.873  2032  2314 I chatty  : uid=10038(com.litatom.app) AgoraLogging expire 3 lines
09-19 17:01:59.706  1696  1696 W ContextImpl: Calling a method in the system process without a qualified user: android.app.ContextImpl.startService:1358 android.content.ContextWrapper.startService:613 android.content.ContextWrapper.startService:613 com.android.coreservice.CoreBroadcastReceiver.onReceive:69 android.app.ActivityThread.handleReceiver:3073 
09-19 17:01:59.706  1301  1731 D NotificationService: notify pkg=android pid=1301
09-19 17:01:59.707  1696  1696 W ContextImpl: Calling a method in the system process without a qualified user: android.app.ContextImpl.startService:1358 android.content.ContextWrapper.startService:613 android.content.ContextWrapper.startService:613 com.android.coreservice.CoreBroadcastReceiver.onReceive:69 android.app.ActivityThread.handleReceiver:3073 
09-19 17:02:01.256  1696  1696 W ContextImpl: Calling a method in the system process without a qualified user: android.app.ContextImpl.startService:1358 android.content.ContextWrapper.startService:613 android.content.ContextWrapper.startService:613 com.android.coreservice.CoreBroadcastReceiver.onReceive:69 android.app.ActivityThread.handleReceiver:3073 
09-19 17:02:01.257  1696  1696 W ContextImpl: Calling a method in the system process without a qualified user: android.app.ContextImpl.startService:1358 android.content.ContextWrapper.startService:613 android.content.ContextWrapper.startService:613 com.android.coreservice.CoreBroadcastReceiver.onReceive:69 android.app.ActivityThread.handleReceiver:3073 
09-19 17:02:01.273  2032  2032 I chatty  : uid=10038(com.litatom.app) expire 4 lines
09-19 17:02:01.276  1696  1696 W ContextImpl: Calling a method in the system process without a qualified user: android.app.ContextImpl.startService:1358 android.content.ContextWrapper.startService:613 android.content.ContextWrapper.startService:613 com.android.coreservice.CoreBroadcastReceiver.onReceive:69 android.app.ActivityThread.handleReceiver:3073 
09-19 17:02:01.276  1301  1312 D NotificationService: notify pkg=android pid=1301
09-19 17:02:01.278  1696  1696 W ContextImpl: Calling a method in the system process without a qualified user: android.app.ContextImpl.startService:1358 android.content.ContextWrapper.startService:613 android.content.ContextWrapper.startService:613 com.android.coreservice.CoreBroadcastReceiver.onReceive:69 android.app.ActivityThread.handleReceiver:3073 
09-19 17:02:01.284  2032  2225 I chatty  : uid=10038(com.litatom.app) RenderThread expire 162 lines
09-19 17:02:02.884  1696  1696 W ContextImpl: Calling a method in the system process without a qualified user: android.app.ContextImpl.startService:1358 android.content.ContextWrapper.startService:613 android.content.ContextWrapper.startService:613 com.android.coreservice.CoreBroadcastReceiver.onReceive:69 android.app.ActivityThread.handleReceiver:3073 
09-19 17:02:02.886  1696  1696 W ContextImpl: Calling a method in the system process without a qualified user: android.app.ContextImpl.startService:1358 android.content.ContextWrapper.startService:613 android.content.ContextWrapper.startService:613 com.android.coreservice.CoreBroadcastReceiver.onReceive:69 android.app.ActivityThread.handleReceiver:3073 
09-19 17:02:03.858  2032  2215 I chatty  : uid=10038(com.litatom.app) Binder:2032_3 expire 2 lines
09-19 17:02:04.078  2032  2037 I chatty  : uid=10038(com.litatom.app) Jit thread pool expire 3 lines
09-19 17:02:04.801  2032  2225 I chatty  : uid=10038(com.litatom.app) RenderThread expire 252 lines
09-19 17:02:04.872  2032  2314 I chatty  : uid=10038(com.litatom.app) AgoraLogging expire 1 line
09-19 17:02:07.352  2032  3048 I chatty  : uid=10038(com.litatom.app) Binder:2032_4 expire 2 lines
09-19 17:02:07.754  2032  2225 I chatty  : uid=10038(com.litatom.app) RenderThread expire 246 lines
09-19 17:02:08.847  1301  1474 I ActivityManager: START u0 {cmp=com.litatom.app/com.lit.app.ui.me.UserDetailActivity (has extras)} from uid 10038 on display 0
09-19 17:02:08.868  1696  1696 W ContextImpl: Calling a method in the system process without a qualified user: android.app.ContextImpl.startService:1358 android.content.ContextWrapper.startService:613 android.content.ContextWrapper.startService:613 com.android.coreservice.CoreBroadcastReceiver.onReceive:44 android.app.ActivityThread.handleReceiver:3073 
09-19 17:02:08.933  2032  2032 I chatty  : uid=10038(com.litatom.app) expire 5 lines
09-19 17:02:08.948  1696  1696 W ContextImpl: Calling a method in the system process without a qualified user: android.app.ContextImpl.startService:1358 android.content.ContextWrapper.startService:613 android.content.ContextWrapper.startService:613 com.android.coreservice.CoreBroadcastReceiver.onReceive:53 android.app.ActivityThread.handleReceiver:3073 
09-19 17:02:09.084  1301  1322 I ActivityManager: Displayed com.litatom.app/com.lit.app.ui.me.UserDetailActivity: +208ms
09-19 17:02:09.086  1696  1696 W ContextImpl: Calling a method in the system process without a qualified user: android.app.ContextImpl.startService:1358 android.content.ContextWrapper.startService:613 android.content.ContextWrapper.startService:613 com.android.coreservice.CoreBroadcastReceiver.onReceive:69 android.app.ActivityThread.handleReceiver:3073 
09-19 17:02:09.940  2032  2037 I chatty  : uid=10038(com.litatom.app) Jit thread pool expire 3 lines
09-19 17:02:09.982  2032  2314 I chatty  : uid=10038(com.litatom.app) AgoraLogging expire 1 line
09-19 17:02:10.155  1301  1453 I ActivityManager: START u0 {cmp=com.litatom.app/com.lit.app.ui.feed.DetailsActivity (has extras)} from uid 10038 on display 0
09-19 17:02:10.168  1696  1696 W ContextImpl: Calling a method in the system process without a qualified user: android.app.ContextImpl.startService:1358 android.content.ContextWrapper.startService:613 android.content.ContextWrapper.startService:613 com.android.coreservice.CoreBroadcastReceiver.onReceive:44 android.app.ActivityThread.handleReceiver:3073 
09-19 17:02:10.295  1696  1696 W ContextImpl: Calling a method in the system process without a qualified user: android.app.ContextImpl.startService:1358 android.content.ContextWrapper.startService:613 android.content.ContextWrapper.startService:613 com.android.coreservice.CoreBroadcastReceiver.onReceive:53 android.app.ActivityThread.handleReceiver:3073 
09-19 17:02:10.361  2032  2032 W ViewRootImpl[DetailsActivity]: Dropping event due to no window focus: KeyEvent { action=ACTION_DOWN, keyCode=KEYCODE_DPAD_CENTER, scanCode=0, metaState=0, flags=0x8, repeatCount=0, eventTime=999165, downTime=999165, deviceId=-1, source=0x101 }
09-19 17:02:10.361  2032  2032 W ViewRootImpl[DetailsActivity]: Cancelling event due to no window focus: KeyEvent { action=ACTION_UP, keyCode=KEYCODE_DPAD_CENTER, scanCode=0, metaState=0, flags=0x28, repeatCount=0, eventTime=999166, downTime=999166, deviceId=-1, source=0x101 }
09-19 17:02:10.361  2032  2032 W ViewRootImpl[DetailsActivity]: Cancelling event due to no window focus: KeyEvent { action=ACTION_UP, keyCode=KEYCODE_DPAD_CENTER, scanCode=0, metaState=0, flags=0x28, repeatCount=0, eventTime=999166, downTime=999166, deviceId=-1, source=0x101 }
09-19 17:02:10.361  2032  2032 W ViewRootImpl[DetailsActivity]: Cancelling event due to no window focus: KeyEvent { action=ACTION_UP, keyCode=KEYCODE_DPAD_CENTER, scanCode=0, metaState=0, flags=0x28, repeatCount=0, eventTime=999166, downTime=999166, deviceId=-1, source=0x101 }
09-19 17:02:10.361  2032  2032 W ViewRootImpl[DetailsActivity]: Cancelling event due to no window focus: KeyEvent { action=ACTION_UP, keyCode=KEYCODE_DPAD_CENTER, scanCode=0, metaState=0, flags=0x28, repeatCount=0, eventTime=999166, downTime=999166, deviceId=-1, source=0x101 }
09-19 17:02:10.361  2032  2032 W ViewRootImpl[DetailsActivity]: Cancelling event due to no window focus: KeyEvent { action=ACTION_UP, keyCode=KEYCODE_DPAD_CENTER, scanCode=0, metaState=0, flags=0x28, repeatCount=0, eventTime=999166, downTime=999166, deviceId=-1, source=0x101 }
09-19 17:02:10.361  2032  2032 W ViewRootImpl[DetailsActivity]: Cancelling event due to no window focus: KeyEvent { action=ACTION_UP, keyCode=KEYCODE_DPAD_CENTER, scanCode=0, metaState=0, flags=0x28, repeatCount=0, eventTime=999166, downTime=999166, deviceId=-1, source=0x101 }
09-19 17:02:10.361  2032  2032 W ViewRootImpl[DetailsActivity]: Cancelling event due to no window focus: KeyEvent { action=ACTION_UP, keyCode=KEYCODE_DPAD_CENTER, scanCode=0, metaState=0, flags=0x28, repeatCount=0, eventTime=999166, downTime=999166, deviceId=-1, source=0x101 }
09-19 17:02:10.361  2032  2032 W ViewRootImpl[DetailsActivity]: Cancelling event due to no window focus: KeyEvent { action=ACTION_UP, keyCode=KEYCODE_DPAD_CENTER, scanCode=0, metaState=0, flags=0x28, repeatCount=0, eventTime=999166, downTime=999166, deviceId=-1, source=0x101 }
09-19 17:02:10.361  2032  2032 W ViewRootImpl[DetailsActivity]: Cancelling event due to no window focus: KeyEvent { action=ACTION_UP, keyCode=KEYCODE_DPAD_CENTER, scanCode=0, metaState=0, flags=0x28, repeatCount=0, eventTime=999166, downTime=999166, deviceId=-1, source=0x101 }
09-19 17:02:10.419  1301  1322 I ActivityManager: Displayed com.litatom.app/com.lit.app.ui.feed.DetailsActivity: +244ms
09-19 17:02:10.435  1696  1696 W ContextImpl: Calling a method in the system process without a qualified user: android.app.ContextImpl.startService:1358 android.content.ContextWrapper.startService:613 android.content.ContextWrapper.startService:613 com.android.coreservice.CoreBroadcastReceiver.onReceive:69 android.app.ActivityThread.handleReceiver:3073 
09-19 17:02:10.690  2032  2225 I chatty  : uid=10038(com.litatom.app) RenderThread expire 249 lines
09-19 17:02:10.837  2032  2045 I chatty  : uid=10038(com.litatom.app) Binder:2032_2 expire 2 lines
09-19 17:02:10.886  1696  1696 W ContextImpl: Calling a method in the system process without a qualified user: android.app.ContextImpl.startService:1358 android.content.ContextWrapper.startService:613 android.content.ContextWrapper.startService:613 com.android.coreservice.CoreBroadcastReceiver.onReceive:69 android.app.ActivityThread.handleReceiver:3073 
09-19 17:02:11.382  1301  1474 I ActivityManager: Setting hasTopUi=true for pid=1389
09-19 17:02:11.382  1389  1389 D PhoneStatusBar: disable: < expand ICONS* alerts SYSTEM_INFO* back home recent clock search quick_settings >
09-19 17:02:11.418  1389  1645 D EGL_adreno: eglMakeCurrent: 0xa703e500: ver 3 1 (tinfo 0xb6ebc650)
09-19 17:02:11.441  1389  1645 E EGL_adreno: tid 1645: eglSurfaceAttrib(1338): error 0x3009 (EGL_BAD_MATCH)
09-19 17:02:11.441  1389  1645 W OpenGLRenderer: Failed to set EGL_SWAP_BEHAVIOR on surface 0xa4fb2920, error=EGL_BAD_MATCH
09-19 17:02:11.441  1389  1645 D EGL_adreno: eglMakeCurrent: 0xa703e500: ver 3 1 (tinfo 0xb6ebc650)
09-19 17:02:11.466  1301  1474 W VibratorService: Tried to stop vibrating but there is no vibrator device.
09-19 17:02:11.922  1301  1474 I ActivityManager: Setting hasTopUi=false for pid=1389
09-19 17:02:11.923  1389  1389 D PhoneStatusBar: disable: < expand icons* alerts system_info* back home recent clock search quick_settings >
09-19 17:02:11.929  1301  1529 W InputMethodManagerService: Window already focused, ignoring focus gain of: com.android.internal.view.IInputMethodClient$Stub$Proxy@4d5daf2 attribute=null, token = android.os.BinderProxy@e1f929a
09-19 17:02:11.987  1389  1645 D EGL_adreno: eglMakeCurrent: 0xa703e500: ver 3 1 (tinfo 0xb6ebc650)
09-19 17:02:12.009  1389  1645 E EGL_adreno: tid 1645: eglSurfaceAttrib(1338): error 0x3009 (EGL_BAD_MATCH)
09-19 17:02:12.010  1389  1645 W OpenGLRenderer: Failed to set EGL_SWAP_BEHAVIOR on surface 0xa4fb9bc0, error=EGL_BAD_MATCH
09-19 17:02:12.011  1389  1645 D EGL_adreno: eglMakeCurrent: 0xa703e500: ver 3 1 (tinfo 0xb6ebc650)
09-19 17:02:12.209  4674  4674 I appproc : exec app_process! cmdline: /system/bin com.android.commands.am.Am start -n com.litatom.app/com.lit.app.party.PartyChatActivity 
09-19 17:02:12.209  4674  4674 D AndroidRuntime: >>>>>> START com.android.internal.os.RuntimeInit uid 0 <<<<<<
09-19 17:02:12.211  4674  4674 D AndroidRuntime: CheckJNI is OFF
09-19 17:02:12.244  4674  4674 D ICU     : No timezone override file found: /data/misc/zoneinfo/current/icu/icu_tzdata.dat
09-19 17:02:12.259  4674  4674 D libnativebridge: PreInitializeNativeBridge name=unknown instruction_set=x86
09-19 17:02:12.259  4674  4674 D libnativebridge: call UnloadNativeBridge! state=1
09-19 17:02:12.266  4674  4674 E memtrack: Couldn't load memtrack module (No such file or directory)
09-19 17:02:12.266  4674  4674 E android.os.Debug: failed to load memtrack module: -2
09-19 17:02:12.267  4674  4674 I Radio-JNI: register_android_hardware_Radio DONE
09-19 17:02:12.274  4674  4674 D AndroidRuntime: Calling main entry com.android.commands.am.Am
09-19 17:02:12.276  1301  1731 I ActivityManager: START u0 {flg=0x10000000 cmp=com.litatom.app/com.lit.app.party.PartyChatActivity} from uid 0 on display 0
09-19 17:02:12.284  4674  4674 D AndroidRuntime: Shutting down VM
09-19 17:02:12.284  1696  1696 W ContextImpl: Calling a method in the system process without a qualified user: android.app.ContextImpl.startService:1358 android.content.ContextWrapper.startService:613 android.content.ContextWrapper.startService:613 com.android.coreservice.CoreBroadcastReceiver.onReceive:44 android.app.ActivityThread.handleReceiver:3073 
09-19 17:02:12.358  1696  1696 W ContextImpl: Calling a method in the system process without a qualified user: android.app.ContextImpl.startService:1358 android.content.ContextWrapper.startService:613 android.content.ContextWrapper.startService:613 com.android.coreservice.CoreBroadcastReceiver.onReceive:69 android.app.ActivityThread.handleReceiver:3073 
09-19 17:02:12.422  1696  1696 W ContextImpl: Calling a method in the system process without a qualified user: android.app.ContextImpl.startService:1358 android.content.ContextWrapper.startService:613 android.content.ContextWrapper.startService:613 com.android.coreservice.CoreBroadcastReceiver.onReceive:53 android.app.ActivityThread.handleReceiver:3073 
09-19 17:02:12.656  2032  2032 I chatty  : uid=10038(com.litatom.app) expire 7 lines
09-19 17:02:14.151  2032  2225 I chatty  : uid=10038(com.litatom.app) RenderThread expire 249 lines
09-19 17:02:14.345  2032  2215 I chatty  : uid=10038(com.litatom.app) Binder:2032_3 expire 2 lines
09-19 17:02:14.932  1301  1313 I ActivityManager: START u0 {cmp=com.litatom.app/com.lit.app.ui.me.UserDetailActivity (has extras)} from uid 10038 on display 0
09-19 17:02:14.951  1696  1696 W ContextImpl: Calling a method in the system process without a qualified user: android.app.ContextImpl.startService:1358 android.content.ContextWrapper.startService:613 android.content.ContextWrapper.startService:613 com.android.coreservice.CoreBroadcastReceiver.onReceive:44 android.app.ActivityThread.handleReceiver:3073 
09-19 17:02:15.029  1696  1696 W ContextImpl: Calling a method in the system process without a qualified user: android.app.ContextImpl.startService:1358 android.content.ContextWrapper.startService:613 android.content.ContextWrapper.startService:613 com.android.coreservice.CoreBroadcastReceiver.onReceive:53 android.app.ActivityThread.handleReceiver:3073 
09-19 17:02:15.169  1301  1322 I ActivityManager: Displayed com.litatom.app/com.lit.app.ui.me.UserDetailActivity: +210ms
09-19 17:02:15.170  1696  1696 W ContextImpl: Calling a method in the system process without a qualified user: android.app.ContextImpl.startService:1358 android.content.ContextWrapper.startService:613 android.content.ContextWrapper.startService:613 com.android.coreservice.CoreBroadcastReceiver.onReceive:69 android.app.ActivityThread.handleReceiver:3073 
09-19 17:02:15.847  2032  2314 I chatty  : uid=10038(com.litatom.app) AgoraLogging expire 1 line
09-19 17:02:17.485  1696  1696 W ContextImpl: Calling a method in the system process without a qualified user: android.app.ContextImpl.startService:1358 android.content.ContextWrapper.startService:613 android.content.ContextWrapper.startService:613 com.android.coreservice.CoreBroadcastReceiver.onReceive:69 android.app.ActivityThread.handleReceiver:3073 
09-19 17:02:17.607  4718  4718 I appproc : exec app_process! cmdline: /system/bin com.android.commands.am.Am start -n com.litatom.app/com.lit.app.party.PartyChatActivity 
09-19 17:02:17.607  4718  4718 D AndroidRuntime: >>>>>> START com.android.internal.os.RuntimeInit uid 0 <<<<<<
09-19 17:02:17.609  4718  4718 D AndroidRuntime: CheckJNI is OFF
09-19 17:02:17.609  2032  2225 I chatty  : uid=10038(com.litatom.app) RenderThread expire 248 lines
09-19 17:02:17.638  4718  4718 D ICU     : No timezone override file found: /data/misc/zoneinfo/current/icu/icu_tzdata.dat
09-19 17:02:17.644  4718  4718 D libnativebridge: PreInitializeNativeBridge name=unknown instruction_set=x86
09-19 17:02:17.644  4718  4718 D libnativebridge: call UnloadNativeBridge! state=1
09-19 17:02:17.652  4718  4718 E memtrack: Couldn't load memtrack module (No such file or directory)
09-19 17:02:17.652  4718  4718 E android.os.Debug: failed to load memtrack module: -2
09-19 17:02:17.653  4718  4718 I Radio-JNI: register_android_hardware_Radio DONE
09-19 17:02:17.659  4718  4718 D AndroidRuntime: Calling main entry com.android.commands.am.Am
09-19 17:02:17.661  1301  1731 I ActivityManager: START u0 {flg=0x10000000 cmp=com.litatom.app/com.lit.app.party.PartyChatActivity} from uid 0 on display 0
09-19 17:02:17.673  1696  1696 W ContextImpl: Calling a method in the system process without a qualified user: android.app.ContextImpl.startService:1358 android.content.ContextWrapper.startService:613 android.content.ContextWrapper.startService:613 com.android.coreservice.CoreBroadcastReceiver.onReceive:44 android.app.ActivityThread.handleReceiver:3073 
09-19 17:02:17.674  4718  4718 D AndroidRuntime: Shutting down VM
09-19 17:02:17.726  1696  1696 W ContextImpl: Calling a method in the system process without a qualified user: android.app.ContextImpl.startService:1358 android.content.ContextWrapper.startService:613 android.content.ContextWrapper.startService:613 com.android.coreservice.CoreBroadcastReceiver.onReceive:69 android.app.ActivityThread.handleReceiver:3073 
09-19 17:02:17.769  1696  1696 W ContextImpl: Calling a method in the system process without a qualified user: android.app.ContextImpl.startService:1358 android.content.ContextWrapper.startService:613 android.content.ContextWrapper.startService:613 com.android.coreservice.CoreBroadcastReceiver.onReceive:53 android.app.ActivityThread.handleReceiver:3073 
09-19 17:02:17.845  2032  2045 I chatty  : uid=10038(com.litatom.app) Binder:2032_2 expire 2 lines
09-19 17:02:18.036  2032  2032 I chatty  : uid=10038(com.litatom.app) expire 16 lines
09-19 17:02:18.851  1301  1315 W ActivityManager: Launch timeout has expired, giving up wake lock!
09-19 17:02:18.989  1301  1312 I ActivityManager: START u0 {act=android.intent.action.CALL_BUTTON flg=0x10000000} from uid 10038 on display 0
09-19 17:02:20.955  2032  2225 I chatty  : uid=10038(com.litatom.app) RenderThread expire 241 lines
09-19 17:02:20.995  1301  1453 I ActivityManager: START u0 {act=android.intent.action.MAIN cat=[android.intent.category.LAUNCHER] flg=0x10200000 cmp=com.litatom.app/com.lit.app.ui.SplashActivity} from uid 0 on display 0
09-19 17:02:21.368  2032  2045 I chatty  : uid=10038(com.litatom.app) Binder:2032_2 expire 2 lines
09-19 17:02:21.848  2032  2314 I chatty  : uid=10038(com.litatom.app) AgoraLogging expire 1 line
09-19 17:02:22.009  1301  1313 I ActivityManager: START u0 {act=android.intent.action.CALL_BUTTON flg=0x10000000} from uid 10038 on display 0
09-19 17:02:22.547  1301  1453 I ActivityManager: START u0 {cmp=com.litatom.app/com.lit.app.ui.me.UserDetailActivity (has extras)} from uid 10038 on display 0
09-19 17:02:22.568  1696  1696 W ContextImpl: Calling a method in the system process without a qualified user: android.app.ContextImpl.startService:1358 android.content.ContextWrapper.startService:613 android.content.ContextWrapper.startService:613 com.android.coreservice.CoreBroadcastReceiver.onReceive:44 android.app.ActivityThread.handleReceiver:3073 
09-19 17:02:22.663  1696  1696 W ContextImpl: Calling a method in the system process without a qualified user: android.app.ContextImpl.startService:1358 android.content.ContextWrapper.startService:613 android.content.ContextWrapper.startService:613 com.android.coreservice.CoreBroadcastReceiver.onReceive:53 android.app.ActivityThread.handleReceiver:3073 
09-19 17:02:22.802  1696  1696 W ContextImpl: Calling a method in the system process without a qualified user: android.app.ContextImpl.startService:1358 android.content.ContextWrapper.startService:613 android.content.ContextWrapper.startService:613 com.android.coreservice.CoreBroadcastReceiver.onReceive:69 android.app.ActivityThread.handleReceiver:3073 
09-19 17:02:22.803  1301  1322 I ActivityManager: Displayed com.litatom.app/com.lit.app.ui.me.UserDetailActivity: +231ms
09-19 17:02:23.040  4770  4770 I appproc : exec app_process! cmdline: /system/bin com.android.commands.am.Am start -n com.litatom.app/com.lit.app.party.PartyChatActivity 
09-19 17:02:23.040  4770  4770 D AndroidRuntime: >>>>>> START com.android.internal.os.RuntimeInit uid 0 <<<<<<
09-19 17:02:23.042  4770  4770 D AndroidRuntime: CheckJNI is OFF
09-19 17:02:23.070  4770  4770 D ICU     : No timezone override file found: /data/misc/zoneinfo/current/icu/icu_tzdata.dat
09-19 17:02:23.075  4770  4770 D libnativebridge: PreInitializeNativeBridge name=unknown instruction_set=x86
09-19 17:02:23.076  4770  4770 D libnativebridge: call UnloadNativeBridge! state=1
09-19 17:02:23.083  4770  4770 E memtrack: Couldn't load memtrack module (No such file or directory)
09-19 17:02:23.083  4770  4770 E android.os.Debug: failed to load memtrack module: -2
09-19 17:02:23.084  4770  4770 I Radio-JNI: register_android_hardware_Radio DONE
09-19 17:02:23.091  4770  4770 D AndroidRuntime: Calling main entry com.android.commands.am.Am
09-19 17:02:23.094  1301  1529 I ActivityManager: START u0 {flg=0x10000000 cmp=com.litatom.app/com.lit.app.party.PartyChatActivity} from uid 0 on display 0
09-19 17:02:23.101  4770  4770 D AndroidRuntime: Shutting down VM
09-19 17:02:23.101  1696  1696 W ContextImpl: Calling a method in the system process without a qualified user: android.app.ContextImpl.startService:1358 android.content.ContextWrapper.startService:613 android.content.ContextWrapper.startService:613 com.android.coreservice.CoreBroadcastReceiver.onReceive:44 android.app.ActivityThread.handleReceiver:3073 
09-19 17:02:23.198  1696  1696 W ContextImpl: Calling a method in the system process without a qualified user: android.app.ContextImpl.startService:1358 android.content.ContextWrapper.startService:613 android.content.ContextWrapper.startService:613 com.android.coreservice.CoreBroadcastReceiver.onReceive:69 android.app.ActivityThread.handleReceiver:3073 
09-19 17:02:23.283  1696  1696 W ContextImpl: Calling a method in the system process without a qualified user: android.app.ContextImpl.startService:1358 android.content.ContextWrapper.startService:613 android.content.ContextWrapper.startService:613 com.android.coreservice.CoreBroadcastReceiver.onReceive:53 android.app.ActivityThread.handleReceiver:3073 
09-19 17:02:23.545  1301  1474 I ActivityManager: START u0 {cmp=com.litatom.app/com.lit.app.ui.me.UserDetailActivity (has extras)} from uid 10038 on display 0
09-19 17:02:23.551  1696  1696 W ContextImpl: Calling a method in the system process without a qualified user: android.app.ContextImpl.startService:1358 android.content.ContextWrapper.startService:613 android.content.ContextWrapper.startService:613 com.android.coreservice.CoreBroadcastReceiver.onReceive:44 android.app.ActivityThread.handleReceiver:3073 
09-19 17:02:23.621  1696  1696 W ContextImpl: Calling a method in the system process without a qualified user: android.app.ContextImpl.startService:1358 android.content.ContextWrapper.startService:613 android.content.ContextWrapper.startService:613 com.android.coreservice.CoreBroadcastReceiver.onReceive:53 android.app.ActivityThread.handleReceiver:3073 
09-19 17:02:23.735  1301  1322 I ActivityManager: Displayed com.litatom.app/com.lit.app.ui.me.UserDetailActivity: +180ms
09-19 17:02:23.736  1696  1696 W ContextImpl: Calling a method in the system process without a qualified user: android.app.ContextImpl.startService:1358 android.content.ContextWrapper.startService:613 android.content.ContextWrapper.startService:613 com.android.coreservice.CoreBroadcastReceiver.onReceive:69 android.app.ActivityThread.handleReceiver:3073 
09-19 17:02:24.385  2032  2225 I chatty  : uid=10038(com.litatom.app) RenderThread expire 251 lines
09-19 17:02:24.943  2032  2045 I chatty  : uid=10038(com.litatom.app) Binder:2032_2 expire 2 lines
09-19 17:02:25.898  1301  1313 I ActivityManager: START u0 {cmp=com.litatom.app/com.lit.app.ui.feed.DetailsActivity (has extras)} from uid 10038 on display 0
09-19 17:02:25.919  1696  1696 W ContextImpl: Calling a method in the system process without a qualified user: android.app.ContextImpl.startService:1358 android.content.ContextWrapper.startService:613 android.content.ContextWrapper.startService:613 com.android.coreservice.CoreBroadcastReceiver.onReceive:44 android.app.ActivityThread.handleReceiver:3073 
09-19 17:02:25.988  2032  2032 I chatty  : uid=10038(com.litatom.app) expire 6 lines
09-19 17:02:26.022  1696  1696 W ContextImpl: Calling a method in the system process without a qualified user: android.app.ContextImpl.startService:1358 android.content.ContextWrapper.startService:613 android.content.ContextWrapper.startService:613 com.android.coreservice.CoreBroadcastReceiver.onReceive:53 android.app.ActivityThread.handleReceiver:3073 
09-19 17:02:26.134  1696  1696 W ContextImpl: Calling a method in the system process without a qualified user: android.app.ContextImpl.startService:1358 android.content.ContextWrapper.startService:613 android.content.ContextWrapper.startService:613 com.android.coreservice.CoreBroadcastReceiver.onReceive:69 android.app.ActivityThread.handleReceiver:3073 
09-19 17:02:26.135  1301  1322 I ActivityManager: Displayed com.litatom.app/com.lit.app.ui.feed.DetailsActivity: +210ms
09-19 17:02:26.572  1301  1312 I ActivityManager: START u0 {act=android.intent.action.MAIN cat=[android.intent.category.LAUNCHER] flg=0x10200000 cmp=com.litatom.app/com.lit.app.ui.SplashActivity} from uid 0 on display 0
09-19 17:02:26.619  1696  1696 W ContextImpl: Calling a method in the system process without a qualified user: android.app.ContextImpl.startService:1358 android.content.ContextWrapper.startService:613 android.content.ContextWrapper.startService:613 com.android.coreservice.CoreBroadcastReceiver.onReceive:69 android.app.ActivityThread.handleReceiver:3073 
