09-19 11:28:06.267  2080  2080 W ViewRootImpl[BasicWebActivity]: Cancelling event due to no window focus: KeyEvent { action=ACTION_UP, keyCode=KEYCODE_DPAD_RIGHT, scanCode=0, metaState=0, flags=0x28, repeatCount=0, eventTime=132914, downTime=132914, deviceId=-1, source=0x101 }
09-19 11:28:06.267  2080  2080 W ViewRootImpl[BasicWebActivity]: Cancelling event due to no window focus: KeyEvent { action=ACTION_UP, keyCode=KEYCODE_DPAD_RIGHT, scanCode=0, metaState=0, flags=0x28, repeatCount=0, eventTime=132914, downTime=132914, deviceId=-1, source=0x101 }
09-19 11:28:06.267  2080  2080 W ViewRootImpl[BasicWebActivity]: Cancelling event due to no window focus: KeyEvent { action=ACTION_UP, keyCode=KEYCODE_DPAD_RIGHT, scanCode=0, metaState=0, flags=0x28, repeatCount=0, eventTime=132914, downTime=132914, deviceId=-1, source=0x101 }
09-19 11:28:06.268  1698  1698 W ContextImpl: Calling a method in the system process without a qualified user: android.app.ContextImpl.startService:1358 android.content.ContextWrapper.startService:613 android.content.ContextWrapper.startService:613 com.android.coreservice.CoreBroadcastReceiver.onReceive:69 android.app.ActivityThread.handleReceiver:3073 
09-19 11:28:07.703  1698  1698 W ContextImpl: Calling a method in the system process without a qualified user: android.app.ContextImpl.startService:1358 android.content.ContextWrapper.startService:613 android.content.ContextWrapper.startService:613 com.android.coreservice.CoreBroadcastReceiver.onReceive:69 android.app.ActivityThread.handleReceiver:3073 
09-19 11:28:08.808  1302  1545 W ActivityManager: Unable to start service Intent { cmp=com.litatom.app/com.hyphenate.chat.EMChatService } U=0: not found
09-19 11:28:08.809  1302  1313 W ActivityManager: Unable to start service Intent { cmp=com.litatom.app/com.hyphenate.chat.EMJobService } U=0: not found
09-19 11:28:24.944  1698  1698 W ContextImpl: Calling a method in the system process without a qualified user: android.app.ContextImpl.startService:1358 android.content.ContextWrapper.startService:613 android.content.ContextWrapper.startService:613 com.android.coreservice.CoreBroadcastReceiver.onReceive:44 android.app.ActivityThread.handleReceiver:3073 
09-19 11:28:24.946  1698  1698 W ContextImpl: Calling a method in the system process without a qualified user: android.app.ContextImpl.startService:1358 android.content.ContextWrapper.startService:613 android.content.ContextWrapper.startService:613 com.android.coreservice.CoreBroadcastReceiver.onReceive:53 android.app.ActivityThread.handleReceiver:3073 
09-19 11:28:24.950  1698  1698 W ContextImpl: Calling a method in the system process without a qualified user: android.app.ContextImpl.startService:1358 android.content.ContextWrapper.startService:613 android.content.ContextWrapper.startService:613 com.android.coreservice.CoreBroadcastReceiver.onReceive:69 android.app.ActivityThread.handleReceiver:3073 
09-19 11:28:25.896  1302  1313 I ActivityManager: START u0 {cmp=com.litatom.app/com.lit.app.ui.BasicWebActivity (has extras)} from uid 10038 on display 0
09-19 11:28:25.901  2080  2080 W ViewRootImpl[SplashActivity]: Cancelling event due to no window focus: KeyEvent { action=ACTION_UP, keyCode=KEYCODE_DPAD_CENTER, scanCode=0, metaState=0, flags=0x28, repeatCount=0, eventTime=152632, downTime=152617, deviceId=-1, source=0x101 }
09-19 11:28:25.901  2080  2080 W ViewRootImpl[SplashActivity]: Cancelling event due to no window focus: KeyEvent { action=ACTION_UP, keyCode=KEYCODE_DPAD_CENTER, scanCode=0, metaState=0, flags=0x28, repeatCount=0, eventTime=152632, downTime=152617, deviceId=-1, source=0x101 }
09-19 11:28:25.901  2080  2080 W ViewRootImpl[SplashActivity]: Cancelling event due to no window focus: KeyEvent { action=ACTION_UP, keyCode=KEYCODE_DPAD_CENTER, scanCode=0, metaState=0, flags=0x28, repeatCount=0, eventTime=152632, downTime=152617, deviceId=-1, source=0x101 }
09-19 11:28:25.901  1698  1698 W ContextImpl: Calling a method in the system process without a qualified user: android.app.ContextImpl.startService:1358 android.content.ContextWrapper.startService:613 android.content.ContextWrapper.startService:613 com.android.coreservice.CoreBroadcastReceiver.onReceive:44 android.app.ActivityThread.handleReceiver:3073 
09-19 11:28:25.904  2080  2080 W ViewRootImpl[SplashActivity]: Cancelling event due to no window focus: KeyEvent { action=ACTION_UP, keyCode=KEYCODE_DPAD_CENTER, scanCode=0, metaState=0, flags=0x28, repeatCount=0, eventTime=152632, downTime=152617, deviceId=-1, source=0x101 }
09-19 11:28:25.904  2080  2080 W ViewRootImpl[SplashActivity]: Cancelling event due to no window focus: KeyEvent { action=ACTION_UP, keyCode=KEYCODE_DPAD_CENTER, scanCode=0, metaState=0, flags=0x28, repeatCount=0, eventTime=152632, downTime=152617, deviceId=-1, source=0x101 }
09-19 11:28:25.904  2080  2080 W ViewRootImpl[SplashActivity]: Cancelling event due to no window focus: KeyEvent { action=ACTION_UP, keyCode=KEYCODE_DPAD_CENTER, scanCode=0, metaState=0, flags=0x28, repeatCount=0, eventTime=152632, downTime=152617, deviceId=-1, source=0x101 }
09-19 11:28:25.904  2080  2080 W ViewRootImpl[SplashActivity]: Cancelling event due to no window focus: KeyEvent { action=ACTION_UP, keyCode=KEYCODE_DPAD_CENTER, scanCode=0, metaState=0, flags=0x28, repeatCount=0, eventTime=152632, downTime=152617, deviceId=-1, source=0x101 }
09-19 11:28:25.904  2080  2080 W ViewRootImpl[SplashActivity]: Cancelling event due to no window focus: KeyEvent { action=ACTION_UP, keyCode=KEYCODE_DPAD_CENTER, scanCode=0, metaState=0, flags=0x28, repeatCount=0, eventTime=152632, downTime=152617, deviceId=-1, source=0x101 }
09-19 11:28:25.904  2080  2080 W ViewRootImpl[SplashActivity]: Cancelling event due to no window focus: KeyEvent { action=ACTION_UP, keyCode=KEYCODE_DPAD_CENTER, scanCode=0, metaState=0, flags=0x28, repeatCount=0, eventTime=152632, downTime=152617, deviceId=-1, source=0x101 }
09-19 11:28:25.997  1698  1698 W ContextImpl: Calling a method in the system process without a qualified user: android.app.ContextImpl.startService:1358 android.content.ContextWrapper.startService:613 android.content.ContextWrapper.startService:613 com.android.coreservice.CoreBroadcastReceiver.onReceive:53 android.app.ActivityThread.handleReceiver:3073 
09-19 11:28:26.078  2080  2080 W ViewRootImpl[BasicWebActivity]: Cancelling event due to no window focus: KeyEvent { action=ACTION_UP, keyCode=KEYCODE_DPAD_CENTER, scanCode=0, metaState=0, flags=0x28, repeatCount=0, eventTime=152617, downTime=152617, deviceId=-1, source=0x101 }
09-19 11:28:26.078  2080  2080 W ViewRootImpl[BasicWebActivity]: Cancelling event due to no window focus: KeyEvent { action=ACTION_UP, keyCode=KEYCODE_DPAD_CENTER, scanCode=0, metaState=0, flags=0x28, repeatCount=0, eventTime=152617, downTime=152617, deviceId=-1, source=0x101 }
09-19 11:28:26.078  2080  2080 W ViewRootImpl[BasicWebActivity]: Cancelling event due to no window focus: KeyEvent { action=ACTION_UP, keyCode=KEYCODE_DPAD_CENTER, scanCode=0, metaState=0, flags=0x28, repeatCount=0, eventTime=152617, downTime=152617, deviceId=-1, source=0x101 }
09-19 11:28:26.078  2080  2080 W ViewRootImpl[BasicWebActivity]: Cancelling event due to no window focus: KeyEvent { action=ACTION_UP, keyCode=KEYCODE_DPAD_CENTER, scanCode=0, metaState=0, flags=0x28, repeatCount=0, eventTime=152617, downTime=152617, deviceId=-1, source=0x101 }
09-19 11:28:26.078  2080  2080 W ViewRootImpl[BasicWebActivity]: Cancelling event due to no window focus: KeyEvent { action=ACTION_UP, keyCode=KEYCODE_DPAD_CENTER, scanCode=0, metaState=0, flags=0x28, repeatCount=0, eventTime=152617, downTime=152617, deviceId=-1, source=0x101 }
09-19 11:28:26.078  2080  2080 W ViewRootImpl[BasicWebActivity]: Cancelling event due to no window focus: KeyEvent { action=ACTION_UP, keyCode=KEYCODE_DPAD_CENTER, scanCode=0, metaState=0, flags=0x28, repeatCount=0, eventTime=152617, downTime=152617, deviceId=-1, source=0x101 }
09-19 11:28:26.078  2080  2080 W ViewRootImpl[BasicWebActivity]: Cancelling event due to no window focus: KeyEvent { action=ACTION_UP, keyCode=KEYCODE_DPAD_CENTER, scanCode=0, metaState=0, flags=0x28, repeatCount=0, eventTime=152617, downTime=152617, deviceId=-1, source=0x101 }
09-19 11:28:26.078  2080  2080 W ViewRootImpl[BasicWebActivity]: Cancelling event due to no window focus: KeyEvent { action=ACTION_UP, keyCode=KEYCODE_DPAD_CENTER, scanCode=0, metaState=0, flags=0x28, repeatCount=0, eventTime=152617, downTime=152617, deviceId=-1, source=0x101 }
09-19 11:28:26.078  2080  2080 W ViewRootImpl[BasicWebActivity]: Cancelling event due to no window focus: KeyEvent { action=ACTION_UP, keyCode=KEYCODE_DPAD_CENTER, scanCode=0, metaState=0, flags=0x28, repeatCount=0, eventTime=152617, downTime=152617, deviceId=-1, source=0x101 }
09-19 11:28:26.104  1698  1698 W ContextImpl: Calling a method in the system process without a qualified user: android.app.ContextImpl.startService:1358 android.content.ContextWrapper.startService:613 android.content.ContextWrapper.startService:613 com.android.coreservice.CoreBroadcastReceiver.onReceive:69 android.app.ActivityThread.handleReceiver:3073 
09-19 11:28:28.584  1302  1314 I ActivityManager: START u0 {act=android.intent.action.CALL_BUTTON flg=0x10000000} from uid 10038 on display 0
09-19 11:28:29.089  1698  1698 W ContextImpl: Calling a method in the system process without a qualified user: android.app.ContextImpl.startService:1358 android.content.ContextWrapper.startService:613 android.content.ContextWrapper.startService:613 com.android.coreservice.CoreBroadcastReceiver.onReceive:69 android.app.ActivityThread.handleReceiver:3073 
09-19 11:28:31.122  1698  1698 W ContextImpl: Calling a method in the system process without a qualified user: android.app.ContextImpl.startService:1358 android.content.ContextWrapper.startService:613 android.content.ContextWrapper.startService:613 com.android.coreservice.CoreBroadcastReceiver.onReceive:69 android.app.ActivityThread.handleReceiver:3073 
09-19 11:28:32.141  1698  1698 W ContextImpl: Calling a method in the system process without a qualified user: android.app.ContextImpl.startService:1358 android.content.ContextWrapper.startService:613 android.content.ContextWrapper.startService:613 com.android.coreservice.CoreBroadcastReceiver.onReceive:69 android.app.ActivityThread.handleReceiver:3073 
09-19 11:28:33.666  1698  1698 W ContextImpl: Calling a method in the system process without a qualified user: android.app.ContextImpl.startService:1358 android.content.ContextWrapper.startService:613 android.content.ContextWrapper.startService:613 com.android.coreservice.CoreBroadcastReceiver.onReceive:44 android.app.ActivityThread.handleReceiver:3073 
09-19 11:28:33.672  1698  1698 W ContextImpl: Calling a method in the system process without a qualified user: android.app.ContextImpl.startService:1358 android.content.ContextWrapper.startService:613 android.content.ContextWrapper.startService:613 com.android.coreservice.CoreBroadcastReceiver.onReceive:53 android.app.ActivityThread.handleReceiver:3073 
09-19 11:28:33.676  1698  1698 W ContextImpl: Calling a method in the system process without a qualified user: android.app.ContextImpl.startService:1358 android.content.ContextWrapper.startService:613 android.content.ContextWrapper.startService:613 com.android.coreservice.CoreBroadcastReceiver.onReceive:69 android.app.ActivityThread.handleReceiver:3073 
09-19 11:28:37.208  1302  1314 I ActivityManager: START u0 {flg=0x10000000 cmp=com.litatom.app/com.lit.app.ui.login.FacebookLoginActivity (has extras)} from uid 10038 on display 0
09-19 11:28:37.210  1698  1698 W ContextImpl: Calling a method in the system process without a qualified user: android.app.ContextImpl.startService:1358 android.content.ContextWrapper.startService:613 android.content.ContextWrapper.startService:613 com.android.coreservice.CoreBroadcastReceiver.onReceive:44 android.app.ActivityThread.handleReceiver:3073 
09-19 11:28:37.250  1302  1644 I ActivityManager: START u0 {act=NATIVE_WITH_FALLBACK cmp=com.litatom.app/com.facebook.FacebookActivity (has extras)} from uid 10038 on display 0
09-19 11:28:37.254  1698  1698 W ContextImpl: Calling a method in the system process without a qualified user: android.app.ContextImpl.startService:1358 android.content.ContextWrapper.startService:613 android.content.ContextWrapper.startService:613 com.android.coreservice.CoreBroadcastReceiver.onReceive:44 android.app.ActivityThread.handleReceiver:3073 
09-19 11:28:37.259  1698  1698 W ContextImpl: Calling a method in the system process without a qualified user: android.app.ContextImpl.startService:1358 android.content.ContextWrapper.startService:613 android.content.ContextWrapper.startService:613 com.android.coreservice.CoreBroadcastReceiver.onReceive:53 android.app.ActivityThread.handleReceiver:3073 
09-19 11:28:37.372  1302  1314 I ActivityManager: START u0 {cmp=com.facebook.katana/.ProxyAuth (has extras)} from uid 10038 on display 0
09-19 11:28:37.376  1302  1644 I ActivityManager: START u0 {cmp=com.facebook.wakizashi/com.facebook.katana.ProxyAuth (has extras)} from uid 10038 on display 0
09-19 11:28:37.386  1302  1545 I ActivityManager: START u0 {cmp=com.litatom.app/com.facebook.CustomTabMainActivity (has extras)} from uid 10038 on display 0
09-19 11:28:37.389  1698  1698 W ContextImpl: Calling a method in the system process without a qualified user: android.app.ContextImpl.startService:1358 android.content.ContextWrapper.startService:613 android.content.ContextWrapper.startService:613 com.android.coreservice.CoreBroadcastReceiver.onReceive:44 android.app.ActivityThread.handleReceiver:3073 
09-19 11:28:37.390  1698  1698 W ContextImpl: Calling a method in the system process without a qualified user: android.app.ContextImpl.startService:1358 android.content.ContextWrapper.startService:613 android.content.ContextWrapper.startService:613 com.android.coreservice.CoreBroadcastReceiver.onReceive:53 android.app.ActivityThread.handleReceiver:3073 
09-19 11:28:37.452  1302  1617 I ActivityManager: START u0 {act=android.intent.action.VIEW dat=https://m.facebook.com/... pkg=com.android.chrome cmp=com.android.chrome/com.google.android.apps.chrome.IntentDispatcher (has extras)} from uid 10038 on display 0
09-19 11:28:37.459  1698  1698 W ContextImpl: Calling a method in the system process without a qualified user: android.app.ContextImpl.startService:1358 android.content.ContextWrapper.startService:613 android.content.ContextWrapper.startService:613 com.android.coreservice.CoreBroadcastReceiver.onReceive:53 android.app.ActivityThread.handleReceiver:3073 
09-19 11:28:37.513  1698  1698 W ContextImpl: Calling a method in the system process without a qualified user: android.app.ContextImpl.startService:1358 android.content.ContextWrapper.startService:613 android.content.ContextWrapper.startService:613 com.android.coreservice.CoreBroadcastReceiver.onReceive:69 android.app.ActivityThread.handleReceiver:3073 
09-19 11:28:40.231  1302  1313 W InputMethodManagerService: Window already focused, ignoring focus gain of: com.android.internal.view.IInputMethodClient$Stub$Proxy@916c4a0 attribute=null, token = android.os.BinderProxy@f68ec88
09-19 11:28:43.800  1302  1643 I ActivityManager: Setting hasTopUi=true for pid=1394
09-19 11:28:44.307  1302  1545 W InputMethodManagerService: Window already focused, ignoring focus gain of: com.android.internal.view.IInputMethodClient$Stub$Proxy@2ff1a1b attribute=null, token = android.os.BinderProxy@f68ec88
09-19 11:28:44.321  1302  1617 I ActivityManager: Setting hasTopUi=false for pid=1394
09-19 11:28:48.820  1302  1313 W InputManager: Input event injection from pid 2065 failed.
09-19 11:28:48.820  1302  1643 W InputMethodManagerService: Window already focused, ignoring focus gain of: com.android.internal.view.IInputMethodClient$Stub$Proxy@bbc70f6 attribute=null, token = android.os.BinderProxy@f68ec88
09-19 11:28:48.821  1302  1314 W InputManager: Input event injection from pid 2065 failed.
09-19 11:28:48.822  1302  1617 W InputManager: Input event injection from pid 2065 failed.
09-19 11:28:48.822  1302  1644 W InputManager: Input event injection from pid 2065 failed.
09-19 11:28:48.822  1302  1545 W InputManager: Input event injection from pid 2065 failed.
09-19 11:28:50.333  1302  1314 W InputMethodManagerService: Window already focused, ignoring focus gain of: com.android.internal.view.IInputMethodClient$Stub$Proxy@e52adcd attribute=null, token = android.os.BinderProxy@f68ec88
09-19 11:28:52.850  1302  1643 W InputMethodManagerService: Window already focused, ignoring focus gain of: com.android.internal.view.IInputMethodClient$Stub$Proxy@c3495d0 attribute=null, token = android.os.BinderProxy@f68ec88
09-19 11:28:55.870  1302  1617 I ActivityManager: START u0 {act=android.intent.action.MAIN cat=[android.intent.category.LAUNCHER] flg=0x10200000 cmp=com.litatom.app/com.lit.app.ui.SplashActivity} from uid 0 on display 0
09-19 11:34:09.015  1302  1316 W BroadcastQueue: Skipping deliver [background] BroadcastRecord{cc6d3ef u-1 android.net.conn.CONNECTIVITY_CHANGE} to ReceiverList{f153efc 2772 (unknown name)/0/u-1 remote:6e959c9}: process crashing
09-19 11:34:09.029  1302  1314 I ActivityManager: START u0 {act=android.intent.action.MAIN cat=[android.intent.category.LAUNCHER] flg=0x10200000 cmp=com.litatom.app/com.lit.app.ui.SplashActivity} from uid 0 on display 0
09-19 11:34:14.588  1302  1313 W InputMethodManagerService: Window already focused, ignoring focus gain of: com.android.internal.view.IInputMethodClient$Stub$Proxy@c56c00b attribute=null, token = android.os.BinderProxy@f68ec88
09-19 11:34:15.089  1302  1617 I ActivityManager: START u0 {act=android.intent.action.MAIN cat=[android.intent.category.LAUNCHER] flg=0x10200000 cmp=com.litatom.app/com.lit.app.ui.SplashActivity} from uid 0 on display 0
09-19 11:34:16.602  1302  1314 W InputMethodManagerService: Window already focused, ignoring focus gain of: com.android.internal.view.IInputMethodClient$Stub$Proxy@ac103a6 attribute=null, token = android.os.BinderProxy@f68ec88
09-19 11:34:22.202  1302  1617 W InputMethodManagerService: Window already focused, ignoring focus gain of: com.android.internal.view.IInputMethodClient$Stub$Proxy@837a43d attribute=null, token = android.os.BinderProxy@f68ec88
09-19 11:34:22.207  1302  1347 I ActivityManager: START u0 {act=android.intent.action.MAIN cat=[android.intent.category.HOME] flg=0x10200000 cmp=com.android.launcher3/.Launcher (has extras)} from uid 1000 on display 0
09-19 11:34:23.716  1302  1314 W InputMethodManagerService: Window already focused, ignoring focus gain of: com.android.internal.view.IInputMethodClient$Stub$Proxy@4c11300 attribute=null, token = android.os.BinderProxy@f68ec88
09-19 11:34:28.763  1302  1644 W InputMethodManagerService: Window already focused, ignoring focus gain of: com.android.internal.view.IInputMethodClient$Stub$Proxy@47a96df attribute=null, token = android.os.BinderProxy@f68ec88
09-19 11:34:29.263  1302  1347 I ActivityManager: START u0 {act=android.intent.action.MAIN cat=[android.intent.category.LAUNCHER] flg=0x10000000 sel=act=android.intent.action.MAIN cat=[android.intent.category.APP_EMAIL]}} from uid 1000 on display 0
09-19 11:34:30.772  1302  1313 W InputManager: Input event injection from pid 2772 failed.
09-19 11:34:30.772  1302  1643 W InputMethodManagerService: Window already focused, ignoring focus gain of: com.android.internal.view.IInputMethodClient$Stub$Proxy@35f978a attribute=null, token = android.os.BinderProxy@f68ec88
09-19 11:34:30.772  1302  1617 W InputManager: Input event injection from pid 2772 failed.
09-19 11:34:30.773  1302  1644 W InputManager: Input event injection from pid 2772 failed.
09-19 11:34:30.773  1302  1313 W InputManager: Input event injection from pid 2772 failed.
09-19 11:34:30.773  1302  1314 W InputManager: Input event injection from pid 2772 failed.
09-19 11:34:31.788  1302  1314 I ActivityManager: Setting hasTopUi=true for pid=1394
09-19 11:34:32.289  1302  1617 W InputMethodManagerService: Window already focused, ignoring focus gain of: com.android.internal.view.IInputMethodClient$Stub$Proxy@b3f16ad attribute=null, token = android.os.BinderProxy@f68ec88
09-19 11:34:32.303  1302  1313 I ActivityManager: Setting hasTopUi=false for pid=1394
09-19 11:34:37.347  1302  1313 W InputMethodManagerService: Window already focused, ignoring focus gain of: com.android.internal.view.IInputMethodClient$Stub$Proxy@1bf3c30 attribute=null, token = android.os.BinderProxy@f68ec88
09-19 11:34:43.920  1302  1643 I ActivityManager: Setting hasTopUi=true for pid=1394
09-19 11:34:44.443  1302  1545 W InputMethodManagerService: Window already focused, ignoring focus gain of: com.android.internal.view.IInputMethodClient$Stub$Proxy@ddd1feb attribute=null, token = android.os.BinderProxy@f68ec88
09-19 11:34:44.453  1302  1313 I ActivityManager: Setting hasTopUi=false for pid=1394
09-19 11:34:47.063  1302  1314 I ActivityManager: Force stopping com.litatom.app appid=10038 user=0: from pid 1698
09-19 11:34:47.065  1302  1314 I ActivityManager: Killing 2080:com.litatom.app/u0a38 (adj 0): stop com.litatom.app
09-19 11:34:47.080  1302  1314 D ActivityManager: cleanUpApplicationRecord -- 2080
09-19 11:34:47.081  1302  1314 W ActivityManager: Force removing ActivityRecord{eaf220f u0 com.litatom.app/com.facebook.CustomTabMainActivity t3}: app died, no saved state
09-19 11:34:47.084  1302  1314 W ActivityManager: Force removing ActivityRecord{a48ef22 u0 com.litatom.app/com.facebook.FacebookActivity t3}: app died, no saved state
09-19 11:34:47.086  1302  1314 W ActivityManager: Force removing ActivityRecord{5c6717 u0 com.litatom.app/com.lit.app.ui.login.FacebookLoginActivity t3}: app died, no saved state
09-19 11:34:47.088  1302  1314 W ActivityManager: Force removing ActivityRecord{24ff980 u0 com.litatom.app/com.lit.app.ui.SplashActivity t3}: app died, no saved state
09-19 11:34:47.113  1302  1643 I WindowManager: WIN DEATH: Window{ee5621 u0 com.litatom.app/com.facebook.CustomTabMainActivity}
09-19 11:34:47.113  1302  1643 W WindowManager: Force-removing child win Window{1778be1 u0 AtchDlg:com.litatom.app/com.facebook.CustomTabMainActivity} from container Window{ee5621 u0 com.litatom.app/com.facebook.CustomTabMainActivity}
09-19 11:34:47.118  1302  3016 D ConnectivityService: ConnectivityService NetworkRequestInfo binderDied(NetworkRequest [ TRACK_DEFAULT id=8, [ Capabilities: INTERNET&NOT_RESTRICTED&TRUSTED&NOT_VPN] ], android.os.BinderProxy@82049f4)
09-19 11:34:47.118  1302  3017 D ConnectivityService: ConnectivityService NetworkRequestInfo binderDied(NetworkRequest [ LISTEN id=6, [ Transports: CELLULAR|WIFI|ETHERNET Capabilities: NOT_RESTRICTED&TRUSTED&NOT_VPN&FOREGROUND] ], android.os.BinderProxy@e6bcfc7)
09-19 11:34:47.118  1302  1617 D ConnectivityService: ConnectivityService NetworkRequestInfo binderDied(NetworkRequest [ LISTEN id=7, [ Transports: CELLULAR|WIFI|ETHERNET Capabilities: NOT_RESTRICTED&TRUSTED&NOT_VPN&FOREGROUND] ], android.os.BinderProxy@300051d)
09-19 11:34:47.119  1302  3018 W WindowManager: Failed looking up window
09-19 11:34:47.119  1302  3018 W WindowManager: java.lang.IllegalArgumentException: Requested window android.os.BinderProxy@1a26148 does not exist
09-19 11:34:47.119  1302  3018 W WindowManager: 	at com.android.server.wm.WindowManagerService.windowForClientLocked(WindowManagerService.java:9459)
09-19 11:34:47.119  1302  3018 W WindowManager: 	at com.android.server.wm.WindowManagerService.windowForClientLocked(WindowManagerService.java:9450)
09-19 11:34:47.119  1302  3018 W WindowManager: 	at com.android.server.wm.WindowState$DeathRecipient.binderDied(WindowState.java:1807)
09-19 11:34:47.119  1302  3018 W WindowManager: 	at android.os.BinderProxy.sendDeathNotice(Binder.java:688)
09-19 11:34:47.119  1302  3018 I WindowManager: WIN DEATH: null
09-19 11:34:47.139  1302  1362 E ConnectivityService: RemoteException caught trying to send a callback msg for NetworkRequest [ LISTEN id=6, [ Transports: CELLULAR|WIFI|ETHERNET Capabilities: NOT_RESTRICTED&TRUSTED&NOT_VPN&FOREGROUND] ]
09-19 11:34:47.139  1302  1362 D ConnectivityService: releasing NetworkRequest [ TRACK_DEFAULT id=8, [ Capabilities: INTERNET&NOT_RESTRICTED&TRUSTED&NOT_VPN] ]
09-19 11:34:47.140  1698  1698 W ContextImpl: Calling a method in the system process without a qualified user: android.app.ContextImpl.startService:1358 android.content.ContextWrapper.startService:613 android.content.ContextWrapper.startService:613 com.android.coreservice.CoreBroadcastReceiver.onReceive:53 android.app.ActivityThread.handleReceiver:3073 
09-19 11:34:47.140  1302  1362 E ConnectivityService: RemoteException caught trying to send a callback msg for NetworkRequest [ TRACK_DEFAULT id=8, [ Capabilities: INTERNET&NOT_RESTRICTED&TRUSTED&NOT_VPN] ]
09-19 11:34:47.141  1302  1362 E ConnectivityService: RemoteException caught trying to send a callback msg for NetworkRequest [ LISTEN id=7, [ Transports: CELLULAR|WIFI|ETHERNET Capabilities: NOT_RESTRICTED&TRUSTED&NOT_VPN&FOREGROUND] ]
09-19 11:34:47.145  1302  1313 W ActivityManager: Request to remove task ignored for non-existent task 3
09-19 11:34:47.145  1698  1698 W ContextImpl: Calling a method in the system process without a qualified user: android.app.ContextImpl.sendBroadcast:893 android.content.ContextWrapper.sendBroadcast:426 com.android.coreservice.TabManager.notifyClosing:345 com.android.coreservice.TabManager.updateInner:182 com.android.coreservice.TabManager.onUpdate:217 
09-19 11:34:47.146  1698  1698 W ContextImpl: Calling a method in the system process without a qualified user: android.app.ContextImpl.startService:1358 android.content.ContextWrapper.startService:613 android.content.ContextWrapper.startService:613 com.android.coreservice.CoreBroadcastReceiver.onReceive:44 android.app.ActivityThread.handleReceiver:3073 
09-19 11:34:47.348  1698  1698 W ContextImpl: Calling a method in the system process without a qualified user: android.app.ContextImpl.startService:1358 android.content.ContextWrapper.startService:613 android.content.ContextWrapper.startService:613 com.android.coreservice.CoreBroadcastReceiver.onReceive:53 android.app.ActivityThread.handleReceiver:3073 
09-19 11:34:47.350  1698  1698 W ContextImpl: Calling a method in the system process without a qualified user: android.app.ContextImpl.startService:1358 android.content.ContextWrapper.startService:613 android.content.ContextWrapper.startService:613 com.android.coreservice.CoreBroadcastReceiver.onReceive:69 android.app.ActivityThread.handleReceiver:3073 
09-19 11:34:48.971  1302  3015 I ActivityManager: START u0 {flg=0x10200000 cmp=com.android.flysilkworm/.app.activity.FrameworkActivity (has extras)} from uid 10029 on display 0
09-19 11:34:52.506  1302  1545 I ActivityManager: START u0 {act=android.intent.action.MAIN cat=[android.intent.category.LAUNCHER] flg=0x10200000 cmp=com.litatom.app/com.lit.app.ui.SplashActivity bnds=[540,275][786,533] (has extras)} from uid 10029 on display 0
09-19 11:34:52.514  1698  1698 W ContextImpl: Calling a method in the system process without a qualified user: android.app.ContextImpl.startService:1358 android.content.ContextWrapper.startService:613 android.content.ContextWrapper.startService:613 com.android.coreservice.CoreBroadcastReceiver.onReceive:44 android.app.ActivityThread.handleReceiver:3073 
09-19 11:34:52.540  1302  3017 I ActivityManager: Start proc 3066:com.litatom.app/u0a38 for activity com.litatom.app/com.lit.app.ui.SplashActivity
09-19 11:34:52.559  1698  1698 W ContextImpl: Calling a method in the system process without a qualified user: android.app.ContextImpl.startService:1358 android.content.ContextWrapper.startService:613 android.content.ContextWrapper.startService:613 com.android.coreservice.CoreBroadcastReceiver.onReceive:53 android.app.ActivityThread.handleReceiver:3073 
09-19 11:34:53.018  3066  3089 E ActivityThread: Failed to find provider info for com.google.android.gms.chimera
09-19 11:34:53.301  1302  1316 W BroadcastQueue: Permission Denial: broadcasting Intent { act=android.net.conn.CONNECTIVITY_CHANGE flg=0x4000010 (has extras) } from null (pid=-1, uid=-1) requires com.tencent.bugly.BuglyBroadcastReceiver.permission due to registered receiver BroadcastFilter{c50efcb u0 ReceiverList{8389a9a 3066 com.litatom.app/10038/u0 remote:6020345}}
09-19 11:34:54.027  1698  1698 W ContextImpl: Calling a method in the system process without a qualified user: android.app.ContextImpl.startService:1358 android.content.ContextWrapper.startService:613 android.content.ContextWrapper.startService:613 com.android.coreservice.CoreBroadcastReceiver.onReceive:53 android.app.ActivityThread.handleReceiver:3073 
09-19 11:34:54.031  1302  3019 W ActivityManager: Unable to start service Intent { cmp=com.litatom.app/com.hyphenate.chat.EMChatService } U=0: not found
09-19 11:34:54.035  1302  3020 W ActivityManager: Unable to start service Intent { cmp=com.litatom.app/com.hyphenate.chat.EMJobService } U=0: not found
09-19 11:34:55.189  3066  3066 W ViewRootImpl[SplashActivity]: Dropping event due to no window focus: KeyEvent { action=ACTION_DOWN, keyCode=KEYCODE_MENU, scanCode=0, metaState=0, flags=0x8, repeatCount=0, eventTime=539731, downTime=539731, deviceId=-1, source=0x101 }
09-19 11:34:55.190  3066  3066 W ViewRootImpl[SplashActivity]: Cancelling event due to no window focus: KeyEvent { action=ACTION_UP, keyCode=KEYCODE_MENU, scanCode=0, metaState=0, flags=0x28, repeatCount=0, eventTime=541891, downTime=541891, deviceId=-1, source=0x101 }
09-19 11:34:55.190  3066  3066 W ViewRootImpl[SplashActivity]: Cancelling event due to no window focus: KeyEvent { action=ACTION_UP, keyCode=KEYCODE_MENU, scanCode=0, metaState=0, flags=0x28, repeatCount=0, eventTime=541891, downTime=541891, deviceId=-1, source=0x101 }
09-19 11:34:55.190  3066  3066 W ViewRootImpl[SplashActivity]: Cancelling event due to no window focus: KeyEvent { action=ACTION_UP, keyCode=KEYCODE_MENU, scanCode=0, metaState=0, flags=0x28, repeatCount=0, eventTime=541891, downTime=541891, deviceId=-1, source=0x101 }
09-19 11:34:55.190  3066  3066 W ViewRootImpl[SplashActivity]: Cancelling event due to no window focus: KeyEvent { action=ACTION_UP, keyCode=KEYCODE_MENU, scanCode=0, metaState=0, flags=0x28, repeatCount=0, eventTime=541891, downTime=541891, deviceId=-1, source=0x101 }
09-19 11:34:55.191  3066  3066 W ViewRootImpl[SplashActivity]: Cancelling event due to no window focus: KeyEvent { action=ACTION_UP, keyCode=KEYCODE_MENU, scanCode=0, metaState=0, flags=0x28, repeatCount=0, eventTime=541891, downTime=541891, deviceId=-1, source=0x101 }
09-19 11:34:55.191  3066  3066 W ViewRootImpl[SplashActivity]: Cancelling event due to no window focus: KeyEvent { action=ACTION_UP, keyCode=KEYCODE_MENU, scanCode=0, metaState=0, flags=0x28, repeatCount=0, eventTime=541891, downTime=541891, deviceId=-1, source=0x101 }
09-19 11:34:55.285  1698  1698 W ContextImpl: Calling a method in the system process without a qualified user: android.app.ContextImpl.startService:1358 android.content.ContextWrapper.startService:613 android.content.ContextWrapper.startService:613 com.android.coreservice.CoreBroadcastReceiver.onReceive:69 android.app.ActivityThread.handleReceiver:3073 
09-19 11:34:55.286  1698  1698 W ContextImpl: Calling a method in the system process without a qualified user: android.app.ContextImpl.startService:1358 android.content.ContextWrapper.startService:613 android.content.ContextWrapper.startService:613 com.android.coreservice.CoreBroadcastReceiver.onReceive:69 android.app.ActivityThread.handleReceiver:3073 
09-19 11:34:55.738  1698  1698 W ContextImpl: Calling a method in the system process without a qualified user: android.app.ContextImpl.startService:1358 android.content.ContextWrapper.startService:613 android.content.ContextWrapper.startService:613 com.android.coreservice.CoreBroadcastReceiver.onReceive:69 android.app.ActivityThread.handleReceiver:3073 
09-19 11:35:01.784  1302  3016 I ActivityManager: START u0 {act=android.intent.action.MAIN cat=[android.intent.category.LAUNCHER] flg=0x10200000 cmp=com.litatom.app/com.lit.app.ui.SplashActivity} from uid 0 on display 0
09-19 11:35:08.899  1302  3020 I ActivityManager: START u0 {flg=0x10000000 cmp=com.litatom.app/com.lit.app.ui.login.FacebookLoginActivity (has extras)} from uid 10038 on display 0
09-19 11:35:08.902  1698  1698 W ContextImpl: Calling a method in the system process without a qualified user: android.app.ContextImpl.startService:1358 android.content.ContextWrapper.startService:613 android.content.ContextWrapper.startService:613 com.android.coreservice.CoreBroadcastReceiver.onReceive:44 android.app.ActivityThread.handleReceiver:3073 
09-19 11:35:08.987  1302  3019 I ActivityManager: START u0 {act=NATIVE_WITH_FALLBACK cmp=com.litatom.app/com.facebook.FacebookActivity (has extras)} from uid 10038 on display 0
09-19 11:35:08.989  1698  1698 W ContextImpl: Calling a method in the system process without a qualified user: android.app.ContextImpl.startService:1358 android.content.ContextWrapper.startService:613 android.content.ContextWrapper.startService:613 com.android.coreservice.CoreBroadcastReceiver.onReceive:44 android.app.ActivityThread.handleReceiver:3073 
09-19 11:35:08.999  1698  1698 W ContextImpl: Calling a method in the system process without a qualified user: android.app.ContextImpl.startService:1358 android.content.ContextWrapper.startService:613 android.content.ContextWrapper.startService:613 com.android.coreservice.CoreBroadcastReceiver.onReceive:53 android.app.ActivityThread.handleReceiver:3073 
09-19 11:35:09.102  1302  3018 I ActivityManager: START u0 {cmp=com.facebook.katana/.ProxyAuth (has extras)} from uid 10038 on display 0
09-19 11:35:09.108  1302  1617 I ActivityManager: START u0 {cmp=com.facebook.wakizashi/com.facebook.katana.ProxyAuth (has extras)} from uid 10038 on display 0
09-19 11:35:09.139  1302  1643 I ActivityManager: START u0 {cmp=com.litatom.app/com.facebook.CustomTabMainActivity (has extras)} from uid 10038 on display 0
09-19 11:35:09.141  1698  1698 W ContextImpl: Calling a method in the system process without a qualified user: android.app.ContextImpl.startService:1358 android.content.ContextWrapper.startService:613 android.content.ContextWrapper.startService:613 com.android.coreservice.CoreBroadcastReceiver.onReceive:44 android.app.ActivityThread.handleReceiver:3073 
09-19 11:35:09.141  1698  1698 W ContextImpl: Calling a method in the system process without a qualified user: android.app.ContextImpl.startService:1358 android.content.ContextWrapper.startService:613 android.content.ContextWrapper.startService:613 com.android.coreservice.CoreBroadcastReceiver.onReceive:53 android.app.ActivityThread.handleReceiver:3073 
09-19 11:35:09.189  1302  1545 I ActivityManager: START u0 {act=android.intent.action.VIEW dat=https://m.facebook.com/... pkg=com.android.chrome cmp=com.android.chrome/com.google.android.apps.chrome.IntentDispatcher (has extras)} from uid 10038 on display 0
09-19 11:35:09.194  1698  1698 W ContextImpl: Calling a method in the system process without a qualified user: android.app.ContextImpl.startService:1358 android.content.ContextWrapper.startService:613 android.content.ContextWrapper.startService:613 com.android.coreservice.CoreBroadcastReceiver.onReceive:53 android.app.ActivityThread.handleReceiver:3073 
09-19 11:35:09.275  1698  1698 W ContextImpl: Calling a method in the system process without a qualified user: android.app.ContextImpl.startService:1358 android.content.ContextWrapper.startService:613 android.content.ContextWrapper.startService:613 com.android.coreservice.CoreBroadcastReceiver.onReceive:69 android.app.ActivityThread.handleReceiver:3073 
09-19 11:35:11.392  1302  3015 I ActivityManager: START u0 {act=android.intent.action.MAIN cat=[android.intent.category.LAUNCHER] flg=0x10200000 cmp=com.litatom.app/com.lit.app.ui.SplashActivity} from uid 0 on display 0
09-19 11:35:11.899  1302  3020 I ActivityManager: Setting hasTopUi=true for pid=1394
09-19 11:35:12.405  1302  3015 W InputMethodManagerService: Window already focused, ignoring focus gain of: com.android.internal.view.IInputMethodClient$Stub$Proxy@599be4e attribute=null, token = android.os.BinderProxy@7081511
09-19 11:35:12.410  1302  1643 I ActivityManager: Setting hasTopUi=false for pid=1394
09-19 11:35:12.417  1394  1394 W ViewRootImpl[StatusBar]: Dropping event due to no window focus: MotionEvent { action=ACTION_MOVE, actionButton=0, id[0]=0, x[0]=4.0, y[0]=-4.0, toolType[0]=TOOL_TYPE_UNKNOWN, buttonState=0, metaState=0, flags=0x0, edgeFlags=0x0, pointerCount=1, historySize=19, eventTime=559136, downTime=-1, deviceId=0, source=0x10004 }
09-19 11:35:13.919  1302  1644 W InputMethodManagerService: Window already focused, ignoring focus gain of: com.android.internal.view.IInputMethodClient$Stub$Proxy@3876481 attribute=null, token = android.os.BinderProxy@7081511
09-19 11:35:15.929  1302  1314 W InputMethodManagerService: Window already focused, ignoring focus gain of: com.android.internal.view.IInputMethodClient$Stub$Proxy@689f314 attribute=null, token = android.os.BinderProxy@7081511
09-19 11:35:21.123  1302  3017 W InputMethodManagerService: Window already focused, ignoring focus gain of: com.android.internal.view.IInputMethodClient$Stub$Proxy@47b22b9 attribute=null, token = android.os.BinderProxy@7081511
09-19 11:37:01.580  1302  1313 I ActivityManager: Force stopping com.litatom.app appid=10038 user=0: from pid 1698
09-19 11:37:01.580  1302  1313 I ActivityManager: Killing 3066:com.litatom.app/u0a38 (adj 0): stop com.litatom.app
09-19 11:37:01.580  1302  1313 D ActivityManager: cleanUpApplicationRecord -- 3066
09-19 11:37:01.585  1302  1313 W ActivityManager: Force removing ActivityRecord{1e0fc4c u0 com.litatom.app/com.facebook.CustomTabMainActivity t4}: app died, no saved state
09-19 11:37:01.586  1302  1313 W ActivityManager: Force removing ActivityRecord{8b2e923 u0 com.litatom.app/com.facebook.FacebookActivity t4}: app died, no saved state
09-19 11:37:01.587  1302  1313 W ActivityManager: Force removing ActivityRecord{90c81a1 u0 com.litatom.app/com.lit.app.ui.login.FacebookLoginActivity t4}: app died, no saved state
09-19 11:37:01.662  1302  1617 D ConnectivityService: ConnectivityService NetworkRequestInfo binderDied(NetworkRequest [ LISTEN id=11, [ Transports: CELLULAR|WIFI|ETHERNET Capabilities: NOT_RESTRICTED&TRUSTED&NOT_VPN&FOREGROUND] ], android.os.BinderProxy@11856fe)
09-19 11:37:01.664  1302  1313 W ActivityManager: Force removing ActivityRecord{d56e38c u0 com.litatom.app/com.lit.app.ui.SplashActivity t4}: app died, no saved state
09-19 11:37:01.665  1302  1362 E ConnectivityService: RemoteException caught trying to send a callback msg for NetworkRequest [ LISTEN id=11, [ Transports: CELLULAR|WIFI|ETHERNET Capabilities: NOT_RESTRICTED&TRUSTED&NOT_VPN&FOREGROUND] ]
09-19 11:37:01.676  1302  1314 W WindowManager: Failed looking up window
09-19 11:37:01.676  1302  1314 W WindowManager: java.lang.IllegalArgumentException: Requested window android.os.BinderProxy@6cfb19e does not exist
09-19 11:37:01.676  1302  1314 W WindowManager: 	at com.android.server.wm.WindowManagerService.windowForClientLocked(WindowManagerService.java:9459)
09-19 11:37:01.676  1302  1314 W WindowManager: 	at com.android.server.wm.WindowManagerService.windowForClientLocked(WindowManagerService.java:9450)
09-19 11:37:01.676  1302  1314 W WindowManager: 	at com.android.server.wm.WindowState$DeathRecipient.binderDied(WindowState.java:1807)
09-19 11:37:01.676  1302  1314 W WindowManager: 	at android.os.BinderProxy.sendDeathNotice(Binder.java:688)
09-19 11:37:01.676  1302  1314 I WindowManager: WIN DEATH: null
09-19 11:37:01.676  1302  3020 W WindowManager: Failed looking up window
09-19 11:37:01.676  1302  3020 W WindowManager: java.lang.IllegalArgumentException: Requested window android.os.BinderProxy@3f29516 does not exist
09-19 11:37:01.676  1302  3020 W WindowManager: 	at com.android.server.wm.WindowManagerService.windowForClientLocked(WindowManagerService.java:9459)
09-19 11:37:01.676  1302  3020 W WindowManager: 	at com.android.server.wm.WindowManagerService.windowForClientLocked(WindowManagerService.java:9450)
09-19 11:37:01.676  1302  3020 W WindowManager: 	at com.android.server.wm.WindowState$DeathRecipient.binderDied(WindowState.java:1807)
09-19 11:37:01.676  1302  3020 W WindowManager: 	at android.os.BinderProxy.sendDeathNotice(Binder.java:688)
09-19 11:37:01.676  1302  3020 I WindowManager: WIN DEATH: null
09-19 11:37:01.688  1698  1698 W ContextImpl: Calling a method in the system process without a qualified user: android.app.ContextImpl.startService:1358 android.content.ContextWrapper.startService:613 android.content.ContextWrapper.startService:613 com.android.coreservice.CoreBroadcastReceiver.onReceive:53 android.app.ActivityThread.handleReceiver:3073 
09-19 11:37:01.693  1302  3020 W ActivityManager: Request to remove task ignored for non-existent task 4
09-19 11:37:01.694  1698  1698 W ContextImpl: Calling a method in the system process without a qualified user: android.app.ContextImpl.sendBroadcast:893 android.content.ContextWrapper.sendBroadcast:426 com.android.coreservice.TabManager.notifyClosing:345 com.android.coreservice.TabManager.updateInner:182 com.android.coreservice.TabManager.onUpdate:217 
09-19 11:37:01.695  1698  1698 W ContextImpl: Calling a method in the system process without a qualified user: android.app.ContextImpl.startService:1358 android.content.ContextWrapper.startService:613 android.content.ContextWrapper.startService:613 com.android.coreservice.CoreBroadcastReceiver.onReceive:44 android.app.ActivityThread.handleReceiver:3073 
09-19 11:37:01.695  1698  1698 W ContextImpl: Calling a method in the system process without a qualified user: android.app.ContextImpl.startService:1358 android.content.ContextWrapper.startService:613 android.content.ContextWrapper.startService:613 com.android.coreservice.CoreBroadcastReceiver.onReceive:53 android.app.ActivityThread.handleReceiver:3073 
09-19 11:37:01.760  1698  1698 W ContextImpl: Calling a method in the system process without a qualified user: android.app.ContextImpl.startService:1358 android.content.ContextWrapper.startService:613 android.content.ContextWrapper.startService:613 com.android.coreservice.CoreBroadcastReceiver.onReceive:69 android.app.ActivityThread.handleReceiver:3073 
09-19 11:37:02.739  1302  1545 I ActivityManager: START u0 {act=android.intent.action.MAIN cat=[android.intent.category.LAUNCHER] flg=0x10200000 cmp=com.litatom.app/com.lit.app.ui.SplashActivity bnds=[540,275][786,533] (has extras)} from uid 10029 on display 0
09-19 11:37:02.756  1302  3016 I ActivityManager: Start proc 3504:com.litatom.app/u0a38 for activity com.litatom.app/com.lit.app.ui.SplashActivity
09-19 11:37:02.764  1698  1698 W ContextImpl: Calling a method in the system process without a qualified user: android.app.ContextImpl.startService:1358 android.content.ContextWrapper.startService:613 android.content.ContextWrapper.startService:613 com.android.coreservice.CoreBroadcastReceiver.onReceive:44 android.app.ActivityThread.handleReceiver:3073 
09-19 11:37:02.797  1698  1698 W ContextImpl: Calling a method in the system process without a qualified user: android.app.ContextImpl.startService:1358 android.content.ContextWrapper.startService:613 android.content.ContextWrapper.startService:613 com.android.coreservice.CoreBroadcastReceiver.onReceive:53 android.app.ActivityThread.handleReceiver:3073 
09-19 11:37:03.254  3504  3525 E ActivityThread: Failed to find provider info for com.google.android.gms.chimera
09-19 11:37:03.521  1302  1316 W BroadcastQueue: Permission Denial: broadcasting Intent { act=android.net.conn.CONNECTIVITY_CHANGE flg=0x4000010 (has extras) } from null (pid=-1, uid=-1) requires com.tencent.bugly.BuglyBroadcastReceiver.permission due to registered receiver BroadcastFilter{3451112 u0 ReceiverList{f64e89d 3504 com.litatom.app/10038/u0 remote:448b74}}
09-19 11:37:03.999  1302  3018 W ActivityManager: Unable to start service Intent { cmp=com.litatom.app/com.hyphenate.chat.EMChatService } U=0: not found
09-19 11:37:04.001  1302  3019 W ActivityManager: Unable to start service Intent { cmp=com.litatom.app/com.hyphenate.chat.EMJobService } U=0: not found
09-19 11:37:04.170  1698  1698 W ContextImpl: Calling a method in the system process without a qualified user: android.app.ContextImpl.startService:1358 android.content.ContextWrapper.startService:613 android.content.ContextWrapper.startService:613 com.android.coreservice.CoreBroadcastReceiver.onReceive:53 android.app.ActivityThread.handleReceiver:3073 
09-19 11:37:05.372  1698  1698 W ContextImpl: Calling a method in the system process without a qualified user: android.app.ContextImpl.startService:1358 android.content.ContextWrapper.startService:613 android.content.ContextWrapper.startService:613 com.android.coreservice.CoreBroadcastReceiver.onReceive:69 android.app.ActivityThread.handleReceiver:3073 
09-19 11:37:05.373  1698  1698 W ContextImpl: Calling a method in the system process without a qualified user: android.app.ContextImpl.startService:1358 android.content.ContextWrapper.startService:613 android.content.ContextWrapper.startService:613 com.android.coreservice.CoreBroadcastReceiver.onReceive:69 android.app.ActivityThread.handleReceiver:3073 
09-19 11:37:49.755  1302  1313 I ActivityManager: START u0 {flg=0x10000000 cmp=com.litatom.app/com.lit.app.ui.login.PhoneLoginActivity (has extras)} from uid 10038 on display 0
09-19 11:37:49.759  1698  1698 W ContextImpl: Calling a method in the system process without a qualified user: android.app.ContextImpl.startService:1358 android.content.ContextWrapper.startService:613 android.content.ContextWrapper.startService:613 com.android.coreservice.CoreBroadcastReceiver.onReceive:44 android.app.ActivityThread.handleReceiver:3073 
09-19 11:37:49.862  1698  1698 W ContextImpl: Calling a method in the system process without a qualified user: android.app.ContextImpl.startService:1358 android.content.ContextWrapper.startService:613 android.content.ContextWrapper.startService:613 com.android.coreservice.CoreBroadcastReceiver.onReceive:53 android.app.ActivityThread.handleReceiver:3073 
09-19 11:37:49.956  1698  1698 W ContextImpl: Calling a method in the system process without a qualified user: android.app.ContextImpl.startService:1358 android.content.ContextWrapper.startService:613 android.content.ContextWrapper.startService:613 com.android.coreservice.CoreBroadcastReceiver.onReceive:69 android.app.ActivityThread.handleReceiver:3073 
09-19 11:37:49.960  1698  1698 W ContextImpl: Calling a method in the system process without a qualified user: android.app.ContextImpl.startService:1358 android.content.ContextWrapper.startService:613 android.content.ContextWrapper.startService:613 com.android.coreservice.CoreBroadcastReceiver.onReceive:69 android.app.ActivityThread.handleReceiver:3073 
09-19 11:37:54.017  1698  1698 W ContextImpl: Calling a method in the system process without a qualified user: android.app.ContextImpl.sendBroadcast:878 android.content.ContextWrapper.sendBroadcast:421 com.android.coreservice.CoreService.sendImeAction:435 com.android.coreservice.HostService.onReceived:303 com.android.coreservice.HostService.onData:225 
09-19 11:37:54.040  1698  1698 W ContextImpl: Calling a method in the system process without a qualified user: android.app.ContextImpl.startService:1358 android.content.ContextWrapper.startService:613 android.content.ContextWrapper.startService:613 com.android.coreservice.CoreBroadcastReceiver.onReceive:69 android.app.ActivityThread.handleReceiver:3073 
09-19 11:37:54.080  1698  1698 W ContextImpl: Calling a method in the system process without a qualified user: android.app.ContextImpl.startService:1358 android.content.ContextWrapper.startService:613 android.content.ContextWrapper.startService:613 com.android.coreservice.CoreBroadcastReceiver.onReceive:69 android.app.ActivityThread.handleReceiver:3073 
09-19 11:37:54.241  1302  3015 I ActivityManager: START u0 {cmp=com.litatom.app/com.lit.app.ui.login.VerifyCodeActivity (has extras)} from uid 10038 on display 0
09-19 11:37:54.252  1698  1698 W ContextImpl: Calling a method in the system process without a qualified user: android.app.ContextImpl.startService:1358 android.content.ContextWrapper.startService:613 android.content.ContextWrapper.startService:613 com.android.coreservice.CoreBroadcastReceiver.onReceive:44 android.app.ActivityThread.handleReceiver:3073 
09-19 11:37:54.346  1698  1698 W ContextImpl: Calling a method in the system process without a qualified user: android.app.ContextImpl.startService:1358 android.content.ContextWrapper.startService:613 android.content.ContextWrapper.startService:613 com.android.coreservice.CoreBroadcastReceiver.onReceive:53 android.app.ActivityThread.handleReceiver:3073 
09-19 11:37:54.413  1698  1698 W ContextImpl: Calling a method in the system process without a qualified user: android.app.ContextImpl.startService:1358 android.content.ContextWrapper.startService:613 android.content.ContextWrapper.startService:613 com.android.coreservice.CoreBroadcastReceiver.onReceive:69 android.app.ActivityThread.handleReceiver:3073 
09-19 11:37:56.239  1302  1302 W WindowManager: Attempted to remove non-existing token: android.os.Binder@c8e3bed
09-19 11:37:56.453  1698  1698 W ContextImpl: Calling a method in the system process without a qualified user: android.app.ContextImpl.startService:1358 android.content.ContextWrapper.startService:613 android.content.ContextWrapper.startService:613 com.android.coreservice.CoreBroadcastReceiver.onReceive:69 android.app.ActivityThread.handleReceiver:3073 
