09-19 12:00:53.755  5388  5519 V libnb   : enter native_bridge2_getTrampoline Java_com_hyphenate_chat_adapter_EMAChatConfig_nativegetAppKey__, trampoline_addr 0x0
09-19 12:00:53.755  5388  5519 V libnb   : enter native_bridge2_getTrampoline Java_com_hyphenate_chat_adapter_EMAChatConfig_nativegetAppKey, trampoline_addr 0x0
09-19 12:00:53.755  5388  5519 V libnb   : enter native_bridge2_getTrampoline Java_com_hyphenate_chat_adapter_EMAChatConfig_nativegetAppKey__, trampoline_addr 0x0
09-19 12:00:53.755  5388  5519 V libnb   : enter native_bridge2_getTrampoline Java_com_hyphenate_chat_adapter_EMAChatConfig_nativegetAppKey, trampoline_addr 0x9f130ee4
09-19 12:00:53.761  5388  5519 V libnb   : enter native_bridge2_getTrampoline Java_com_hyphenate_chat_adapter_EMAChatConfig_nativeHasHeartBeatCustomizedParams, trampoline_addr 0x0
09-19 12:00:53.761  5388  5519 V libnb   : enter native_bridge2_getTrampoline Java_com_hyphenate_chat_adapter_EMAChatConfig_nativeHasHeartBeatCustomizedParams__, trampoline_addr 0x0
09-19 12:00:53.761  5388  5519 V libnb   : enter native_bridge2_getTrampoline Java_com_hyphenate_chat_adapter_EMAChatConfig_nativeHasHeartBeatCustomizedParams, trampoline_addr 0x0
09-19 12:00:53.761  5388  5519 V libnb   : enter native_bridge2_getTrampoline Java_com_hyphenate_chat_adapter_EMAChatConfig_nativeHasHeartBeatCustomizedParams__, trampoline_addr 0x0
09-19 12:00:53.761  5388  5519 V libnb   : enter native_bridge2_getTrampoline Java_com_hyphenate_chat_adapter_EMAChatConfig_nativeHasHeartBeatCustomizedParams, trampoline_addr 0x0
09-19 12:00:53.761  5388  5519 V libnb   : enter native_bridge2_getTrampoline Java_com_hyphenate_chat_adapter_EMAChatConfig_nativeHasHeartBeatCustomizedParams__, trampoline_addr 0x0
09-19 12:00:53.761  5388  5519 V libnb   : enter native_bridge2_getTrampoline Java_com_hyphenate_chat_adapter_EMAChatConfig_nativeHasHeartBeatCustomizedParams, trampoline_addr 0x9f130eac
09-19 12:00:53.761  5388  5519 W GooglePlayServicesUtil: com.litatom.app requires the Google Play Store, but it is missing.
09-19 12:00:53.762  5388  5512 D ONE SDK : [2022/09/19 12:00:53:762]: [EMPushHelper] EMPushHelper register, prefer push type: NORMAL
09-19 12:00:53.762  5388  5512 D ONE SDK : [2022/09/19 12:00:53:762]: [EMNormalPush] startChatService
09-19 12:00:53.762  1302  1313 W ActivityManager: Unable to start service Intent { cmp=com.litatom.app/com.hyphenate.chat.EMChatService } U=0: not found
09-19 12:00:53.763  5388  5512 D ONE SDK : [2022/09/19 12:00:53:763]: [EMNormalPush] scheduleJob
09-19 12:00:53.763  1302  1644 W ActivityManager: Unable to start service Intent { cmp=com.litatom.app/com.hyphenate.chat.EMJobService } U=0: not found
09-19 12:00:53.763  5388  5519 W JobInfo : Specified interval for 11 is +1m0s0ms. Clamped to +15m0s0ms
09-19 12:00:53.763  5388  5519 W JobInfo : Specified flex for 11 is +1m0s0ms. Clamped to +5m0s0ms
09-19 12:00:53.782  5388  5519 D EMClient: hyphenate login onSuccess
09-19 12:00:53.782  5388  5512 D ONE SDK : [2022/09/19 12:00:53:782]: [EMNormalPush] No such service ComponentInfo{com.litatom.app/com.hyphenate.chat.EMJobService}
09-19 12:00:53.864  5388  5388 D EventBus: No subscribers registered for event class b.x.a.t.r
09-19 12:00:53.864  5388  5388 D EventBus: No subscribers registered for event class t.b.a.i
09-19 12:00:53.868  5388  5388 D EventBus: No subscribers registered for event class b.x.a.t.r
09-19 12:00:53.868  5388  5388 D EventBus: No subscribers registered for event class t.b.a.i
09-19 12:00:53.869  5388  5519 V libnb   : enter native_bridge2_getTrampoline Java_com_hyphenate_chat_adapter_EMAChatClient_native_1onNetworkChanged, trampoline_addr 0x0
09-19 12:00:53.869  5388  5519 V libnb   : enter native_bridge2_getTrampoline Java_com_hyphenate_chat_adapter_EMAChatClient_native_1onNetworkChanged__I, trampoline_addr 0x0
09-19 12:00:53.869  5388  5519 V libnb   : enter native_bridge2_getTrampoline Java_com_hyphenate_chat_adapter_EMAChatClient_native_1onNetworkChanged, trampoline_addr 0x0
09-19 12:00:53.869  5388  5519 V libnb   : enter native_bridge2_getTrampoline Java_com_hyphenate_chat_adapter_EMAChatClient_native_1onNetworkChanged__I, trampoline_addr 0x0
09-19 12:00:53.869  5388  5519 V libnb   : enter native_bridge2_getTrampoline Java_com_hyphenate_chat_adapter_EMAChatClient_native_1onNetworkChanged, trampoline_addr 0x0
09-19 12:00:53.869  5388  5519 V libnb   : enter native_bridge2_getTrampoline Java_com_hyphenate_chat_adapter_EMAChatClient_native_1onNetworkChanged__I, trampoline_addr 0x0
09-19 12:00:53.869  5388  5519 V libnb   : enter native_bridge2_getTrampoline Java_com_hyphenate_chat_adapter_EMAChatClient_native_1onNetworkChanged, trampoline_addr 0x9f130e74
09-19 12:00:53.869  5388  5512 D ONE SDK : [2022/09/19 12:00:53:869]: native_1onNetworkChanged: 2
09-19 12:00:53.869  5388  5512 D ONE SDK : [2022/09/19 12:00:53:869]: onNetworkChanged(): 2
09-19 12:00:53.896  5388  5512 D ONE SDK : [2022/09/19 12:00:53:895]: log: level: 2, area: 1, SEND:
09-19 12:00:53.896  5388  5512 D ONE SDK : { verison : MSYNC_V1, compress_algorimth : 0, command : SYNC, encrypt_type : [ 0 ], payload : { queue : love125107114451784 } }
09-19 12:00:53.898  1302  1314 I ActivityManager: Activity reported stop, but no longer stopping: ActivityRecord{8cecd8a u0 com.litatom.app/com.lit.app.party.PartyChatActivity t6 f}
09-19 12:00:53.972  1698  1698 W ContextImpl: Calling a method in the system process without a qualified user: android.app.ContextImpl.startService:1358 android.content.ContextWrapper.startService:613 android.content.ContextWrapper.startService:613 com.android.coreservice.CoreBroadcastReceiver.onReceive:69 android.app.ActivityThread.handleReceiver:3073 
09-19 12:00:53.976  1114  1134 D audio_hw_hal: raw_start_output_stream, stream=0xc6f05140, sampleRate=48000, channel=2, bps=16, bufSize=4096
09-19 12:00:54.053  5388  5512 D ONE SDK : [2022/09/19 12:00:54:053]: log: level: 2, area: 1, SEND:
09-19 12:00:54.053  5388  5512 D ONE SDK : { verison : MSYNC_V1, compress_algorimth : 0, command : SYNC, encrypt_type : [ 0 ], payload : { key : 1056541548927257144, queue : love125107114451784 } }
09-19 12:00:54.054  5388  5512 D ONE SDK : [2022/09/19 12:00:54:053]: callbackReceievedMessages : shouldCreate : 1
09-19 12:00:54.072  5388  5512 D ONE SDK : [2022/09/19 12:00:54:072]: _EMAChatManagerListenerImpl onReceiveMessage
09-19 12:00:54.073  5388  5513 V libnb   : enter native_bridge2_getTrampoline Java_com_hyphenate_chat_adapter_message_EMAMessage_nativeInit, trampoline_addr 0x0
09-19 12:00:54.073  5388  5513 V libnb   : enter native_bridge2_getTrampoline Java_com_hyphenate_chat_adapter_message_EMAMessage_nativeInit__, trampoline_addr 0x0
09-19 12:00:54.073  5388  5513 V libnb   : enter native_bridge2_getTrampoline Java_com_hyphenate_chat_adapter_message_EMAMessage_nativeInit, trampoline_addr 0x0
09-19 12:00:54.073  5388  5513 V libnb   : enter native_bridge2_getTrampoline Java_com_hyphenate_chat_adapter_message_EMAMessage_nativeInit__, trampoline_addr 0x0
09-19 12:00:54.073  5388  5513 V libnb   : enter native_bridge2_getTrampoline Java_com_hyphenate_chat_adapter_message_EMAMessage_nativeInit, trampoline_addr 0x0
09-19 12:00:54.073  5388  5513 V libnb   : enter native_bridge2_getTrampoline Java_com_hyphenate_chat_adapter_message_EMAMessage_nativeInit__, trampoline_addr 0x0
09-19 12:00:54.073  5388  5513 V libnb   : enter native_bridge2_getTrampoline Java_com_hyphenate_chat_adapter_message_EMAMessage_nativeInit, trampoline_addr 0x0
09-19 12:00:54.073  5388  5513 V libnb   : enter native_bridge2_getTrampoline Java_com_hyphenate_chat_adapter_message_EMAMessage_nativeInit__, trampoline_addr 0x9f130e3c
09-19 12:00:54.074  5388  5512 D ONE SDK : [2022/09/19 12:00:54:073]: _EMAChatManagerListenerImpl onUpdateConversationList
09-19 12:00:54.075  5388  5565 V libnb   : enter native_bridge2_getTrampoline Java_com_hyphenate_chat_adapter_message_EMAMessage_nativeConversationId, trampoline_addr 0x0
09-19 12:00:54.075  5388  5565 V libnb   : enter native_bridge2_getTrampoline Java_com_hyphenate_chat_adapter_message_EMAMessage_nativeConversationId__, trampoline_addr 0x0
09-19 12:00:54.075  5388  5565 V libnb   : enter native_bridge2_getTrampoline Java_com_hyphenate_chat_adapter_message_EMAMessage_nativeConversationId, trampoline_addr 0x0
09-19 12:00:54.075  5388  5565 V libnb   : enter native_bridge2_getTrampoline Java_com_hyphenate_chat_adapter_message_EMAMessage_nativeConversationId__, trampoline_addr 0x0
09-19 12:00:54.075  5388  5565 V libnb   : enter native_bridge2_getTrampoline Java_com_hyphenate_chat_adapter_message_EMAMessage_nativeConversationId, trampoline_addr 0x0
09-19 12:00:54.075  5388  5565 V libnb   : enter native_bridge2_getTrampoline Java_com_hyphenate_chat_adapter_message_EMAMessage_nativeConversationId__, trampoline_addr 0x0
09-19 12:00:54.075  5388  5565 V libnb   : enter native_bridge2_getTrampoline Java_com_hyphenate_chat_adapter_message_EMAMessage_nativeConversationId, trampoline_addr 0x9f130e04
09-19 12:00:54.076  5388  5565 V libnb   : enter native_bridge2_getTrampoline Java_com_hyphenate_chat_adapter_message_EMAMessage_nativeFrom, trampoline_addr 0x0
09-19 12:00:54.076  5388  5565 V libnb   : enter native_bridge2_getTrampoline Java_com_hyphenate_chat_adapter_message_EMAMessage_nativeFrom__, trampoline_addr 0x0
09-19 12:00:54.076  5388  5565 V libnb   : enter native_bridge2_getTrampoline Java_com_hyphenate_chat_adapter_message_EMAMessage_nativeFrom, trampoline_addr 0x0
09-19 12:00:54.076  5388  5565 V libnb   : enter native_bridge2_getTrampoline Java_com_hyphenate_chat_adapter_message_EMAMessage_nativeFrom__, trampoline_addr 0x0
09-19 12:00:54.076  5388  5565 V libnb   : enter native_bridge2_getTrampoline Java_com_hyphenate_chat_adapter_message_EMAMessage_nativeFrom, trampoline_addr 0x0
09-19 12:00:54.076  5388  5565 V libnb   : enter native_bridge2_getTrampoline Java_com_hyphenate_chat_adapter_message_EMAMessage_nativeFrom__, trampoline_addr 0x0
09-19 12:00:54.076  5388  5565 V libnb   : enter native_bridge2_getTrampoline Java_com_hyphenate_chat_adapter_message_EMAMessage_nativeFrom, trampoline_addr 0x9f130dcc
09-19 12:00:54.076  5388  5565 V libnb   : enter native_bridge2_getTrampoline Java_com_hyphenate_chat_adapter_message_EMAMessage_nativeChatType, trampoline_addr 0x0
09-19 12:00:54.076  5388  5565 V libnb   : enter native_bridge2_getTrampoline Java_com_hyphenate_chat_adapter_message_EMAMessage_nativeChatType__, trampoline_addr 0x0
09-19 12:00:54.076  5388  5565 V libnb   : enter native_bridge2_getTrampoline Java_com_hyphenate_chat_adapter_message_EMAMessage_nativeChatType, trampoline_addr 0x0
09-19 12:00:54.076  5388  5565 V libnb   : enter native_bridge2_getTrampoline Java_com_hyphenate_chat_adapter_message_EMAMessage_nativeChatType__, trampoline_addr 0x0
09-19 12:00:54.076  5388  5565 V libnb   : enter native_bridge2_getTrampoline Java_com_hyphenate_chat_adapter_message_EMAMessage_nativeChatType, trampoline_addr 0x0
09-19 12:00:54.076  5388  5565 V libnb   : enter native_bridge2_getTrampoline Java_com_hyphenate_chat_adapter_message_EMAMessage_nativeChatType__, trampoline_addr 0x0
09-19 12:00:54.076  5388  5565 V libnb   : enter native_bridge2_getTrampoline Java_com_hyphenate_chat_adapter_message_EMAMessage_nativeChatType, trampoline_addr 0x9f130d94
09-19 12:00:54.077  5388  5565 V libnb   : enter native_bridge2_getTrampoline Java_com_hyphenate_chat_adapter_EMAChatManager_nativeConversationWithType, trampoline_addr 0x0
09-19 12:00:54.077  5388  5565 V libnb   : enter native_bridge2_getTrampoline Java_com_hyphenate_chat_adapter_EMAChatManager_nativeConversationWithType__Ljava_lang_String_2IZ, trampoline_addr 0x0
09-19 12:00:54.077  5388  5565 V libnb   : enter native_bridge2_getTrampoline Java_com_hyphenate_chat_adapter_EMAChatManager_nativeConversationWithType, trampoline_addr 0x0
09-19 12:00:54.077  5388  5565 V libnb   : enter native_bridge2_getTrampoline Java_com_hyphenate_chat_adapter_EMAChatManager_nativeConversationWithType__Ljava_lang_String_2IZ, trampoline_addr 0x0
09-19 12:00:54.077  5388  5565 V libnb   : enter native_bridge2_getTrampoline Java_com_hyphenate_chat_adapter_EMAChatManager_nativeConversationWithType, trampoline_addr 0x0
09-19 12:00:54.077  5388  5565 V libnb   : enter native_bridge2_getTrampoline Java_com_hyphenate_chat_adapter_EMAChatManager_nativeConversationWithType__Ljava_lang_String_2IZ, trampoline_addr 0x0
09-19 12:00:54.077  5388  5565 V libnb   : enter native_bridge2_getTrampoline Java_com_hyphenate_chat_adapter_EMAChatManager_nativeConversationWithType, trampoline_addr 0x9f130d5c
09-19 12:00:54.077  5388  5565 V libnb   : enter native_bridge2_getTrampoline Java_com_hyphenate_chat_adapter_EMAConversation_nativeConversationId, trampoline_addr 0x0
09-19 12:00:54.077  5388  5565 V libnb   : enter native_bridge2_getTrampoline Java_com_hyphenate_chat_adapter_EMAConversation_nativeConversationId__, trampoline_addr 0x0
09-19 12:00:54.077  5388  5565 V libnb   : enter native_bridge2_getTrampoline Java_com_hyphenate_chat_adapter_EMAConversation_nativeConversationId, trampoline_addr 0x0
09-19 12:00:54.077  5388  5565 V libnb   : enter native_bridge2_getTrampoline Java_com_hyphenate_chat_adapter_EMAConversation_nativeConversationId__, trampoline_addr 0x0
09-19 12:00:54.077  5388  5565 V libnb   : enter native_bridge2_getTrampoline Java_com_hyphenate_chat_adapter_EMAConversation_nativeConversationId, trampoline_addr 0x0
09-19 12:00:54.077  5388  5565 V libnb   : enter native_bridge2_getTrampoline Java_com_hyphenate_chat_adapter_EMAConversation_nativeConversationId__, trampoline_addr 0x0
09-19 12:00:54.077  5388  5565 V libnb   : enter native_bridge2_getTrampoline Java_com_hyphenate_chat_adapter_EMAConversation_nativeConversationId, trampoline_addr 0x9f130d24
09-19 12:00:54.077  5388  5565 D EMChatManager: convID:love125107114451784
09-19 12:00:54.077  5388  5565 V libnb   : enter native_bridge2_getTrampoline Java_com_hyphenate_chat_adapter_message_EMAMessage_nativeBodies, trampoline_addr 0x0
09-19 12:00:54.077  5388  5565 V libnb   : enter native_bridge2_getTrampoline Java_com_hyphenate_chat_adapter_message_EMAMessage_nativeBodies__, trampoline_addr 0x0
09-19 12:00:54.077  5388  5565 V libnb   : enter native_bridge2_getTrampoline Java_com_hyphenate_chat_adapter_message_EMAMessage_nativeBodies, trampoline_addr 0x0
09-19 12:00:54.077  5388  5565 V libnb   : enter native_bridge2_getTrampoline Java_com_hyphenate_chat_adapter_message_EMAMessage_nativeBodies__, trampoline_addr 0x0
09-19 12:00:54.077  5388  5565 V libnb   : enter native_bridge2_getTrampoline Java_com_hyphenate_chat_adapter_message_EMAMessage_nativeBodies, trampoline_addr 0x0
09-19 12:00:54.077  5388  5565 V libnb   : enter native_bridge2_getTrampoline Java_com_hyphenate_chat_adapter_message_EMAMessage_nativeBodies__, trampoline_addr 0x0
09-19 12:00:54.077  5388  5565 V libnb   : enter native_bridge2_getTrampoline Java_com_hyphenate_chat_adapter_message_EMAMessage_nativeBodies, trampoline_addr 0x9f130cec
09-19 12:00:54.077  5388  5565 V libnb   : enter native_bridge2_getTrampoline Java_com_hyphenate_chat_adapter_message_EMATextMessageBody_nativeInit, trampoline_addr 0x0
09-19 12:00:54.077  5388  5565 V libnb   : enter native_bridge2_getTrampoline Java_com_hyphenate_chat_adapter_message_EMATextMessageBody_nativeInit__Ljava_lang_String_2, trampoline_addr 0x0
09-19 12:00:54.077  5388  5565 V libnb   : enter native_bridge2_getTrampoline Java_com_hyphenate_chat_adapter_message_EMATextMessageBody_nativeInit, trampoline_addr 0x0
09-19 12:00:54.077  5388  5565 V libnb   : enter native_bridge2_getTrampoline Java_com_hyphenate_chat_adapter_message_EMATextMessageBody_nativeInit__Ljava_lang_String_2, trampoline_addr 0x0
09-19 12:00:54.077  5388  5565 V libnb   : enter native_bridge2_getTrampoline Java_com_hyphenate_chat_adapter_message_EMATextMessageBody_nativeInit, trampoline_addr 0x0
09-19 12:00:54.077  5388  5565 V libnb   : enter native_bridge2_getTrampoline Java_com_hyphenate_chat_adapter_message_EMATextMessageBody_nativeInit__Ljava_lang_String_2, trampoline_addr 0x0
09-19 12:00:54.077  5388  5565 V libnb   : enter native_bridge2_getTrampoline Java_com_hyphenate_chat_adapter_message_EMATextMessageBody_nativeInit, trampoline_addr 0x0
09-19 12:00:54.077  5388  5565 V libnb   : enter native_bridge2_getTrampoline Java_com_hyphenate_chat_adapter_message_EMATextMessageBody_nativeInit__Ljava_lang_String_2, trampoline_addr 0x9f130cb4
09-19 12:00:54.078  5388  5565 V libnb   : enter native_bridge2_getTrampoline Java_com_hyphenate_chat_adapter_message_EMAMessageBody_nativeType, trampoline_addr 0x0
09-19 12:00:54.078  5388  5565 V libnb   : enter native_bridge2_getTrampoline Java_com_hyphenate_chat_adapter_message_EMAMessageBody_nativeType__, trampoline_addr 0x0
09-19 12:00:54.078  5388  5565 V libnb   : enter native_bridge2_getTrampoline Java_com_hyphenate_chat_adapter_message_EMAMessageBody_nativeType, trampoline_addr 0x0
09-19 12:00:54.078  5388  5565 V libnb   : enter native_bridge2_getTrampoline Java_com_hyphenate_chat_adapter_message_EMAMessageBody_nativeType__, trampoline_addr 0x0
09-19 12:00:54.078  5388  5565 V libnb   : enter native_bridge2_getTrampoline Java_com_hyphenate_chat_adapter_message_EMAMessageBody_nativeType, trampoline_addr 0x0
09-19 12:00:54.078  5388  5565 V libnb   : enter native_bridge2_getTrampoline Java_com_hyphenate_chat_adapter_message_EMAMessageBody_nativeType__, trampoline_addr 0x0
09-19 12:00:54.078  5388  5565 V libnb   : enter native_bridge2_getTrampoline Java_com_hyphenate_chat_adapter_message_EMAMessageBody_nativeType, trampoline_addr 0x9f130c7c
09-19 12:00:54.078  5388  5565 V libnb   : enter native_bridge2_getTrampoline Java_com_hyphenate_chat_adapter_EMAChatConfig_nativeGetSortMessageByServerTime, trampoline_addr 0x0
09-19 12:00:54.078  5388  5565 V libnb   : enter native_bridge2_getTrampoline Java_com_hyphenate_chat_adapter_EMAChatConfig_nativeGetSortMessageByServerTime__, trampoline_addr 0x0
09-19 12:00:54.078  5388  5565 V libnb   : enter native_bridge2_getTrampoline Java_com_hyphenate_chat_adapter_EMAChatConfig_nativeGetSortMessageByServerTime, trampoline_addr 0x0
09-19 12:00:54.078  5388  5565 V libnb   : enter native_bridge2_getTrampoline Java_com_hyphenate_chat_adapter_EMAChatConfig_nativeGetSortMessageByServerTime__, trampoline_addr 0x0
09-19 12:00:54.078  5388  5565 V libnb   : enter native_bridge2_getTrampoline Java_com_hyphenate_chat_adapter_EMAChatConfig_nativeGetSortMessageByServerTime, trampoline_addr 0x0
09-19 12:00:54.078  5388  5565 V libnb   : enter native_bridge2_getTrampoline Java_com_hyphenate_chat_adapter_EMAChatConfig_nativeGetSortMessageByServerTime__, trampoline_addr 0x0
09-19 12:00:54.078  5388  5565 V libnb   : enter native_bridge2_getTrampoline Java_com_hyphenate_chat_adapter_EMAChatConfig_nativeGetSortMessageByServerTime, trampoline_addr 0x9f130c44
09-19 12:00:54.078  5388  5565 V libnb   : enter native_bridge2_getTrampoline Java_com_hyphenate_chat_adapter_message_EMAMessage_nativeTimeStamp, trampoline_addr 0x0
09-19 12:00:54.078  5388  5565 V libnb   : enter native_bridge2_getTrampoline Java_com_hyphenate_chat_adapter_message_EMAMessage_nativeTimeStamp__, trampoline_addr 0x0
09-19 12:00:54.078  5388  5565 V libnb   : enter native_bridge2_getTrampoline Java_com_hyphenate_chat_adapter_message_EMAMessage_nativeTimeStamp, trampoline_addr 0x0
09-19 12:00:54.078  5388  5565 V libnb   : enter native_bridge2_getTrampoline Java_com_hyphenate_chat_adapter_message_EMAMessage_nativeTimeStamp__, trampoline_addr 0x0
09-19 12:00:54.078  5388  5565 V libnb   : enter native_bridge2_getTrampoline Java_com_hyphenate_chat_adapter_message_EMAMessage_nativeTimeStamp, trampoline_addr 0x0
09-19 12:00:54.078  5388  5565 V libnb   : enter native_bridge2_getTrampoline Java_com_hyphenate_chat_adapter_message_EMAMessage_nativeTimeStamp__, trampoline_addr 0x0
09-19 12:00:54.078  5388  5565 V libnb   : enter native_bridge2_getTrampoline Java_com_hyphenate_chat_adapter_message_EMAMessage_nativeTimeStamp, trampoline_addr 0x9f130c0c
09-19 12:00:54.078  5388  5565 V libnb   : enter native_bridge2_getTrampoline Java_com_hyphenate_chat_adapter_message_EMAMessage_nativeMsgId, trampoline_addr 0x0
09-19 12:00:54.078  5388  5565 V libnb   : enter native_bridge2_getTrampoline Java_com_hyphenate_chat_adapter_message_EMAMessage_nativeMsgId__, trampoline_addr 0x0
09-19 12:00:54.078  5388  5565 V libnb   : enter native_bridge2_getTrampoline Java_com_hyphenate_chat_adapter_message_EMAMessage_nativeMsgId, trampoline_addr 0x0
09-19 12:00:54.078  5388  5565 V libnb   : enter native_bridge2_getTrampoline Java_com_hyphenate_chat_adapter_message_EMAMessage_nativeMsgId__, trampoline_addr 0x0
09-19 12:00:54.078  5388  5565 V libnb   : enter native_bridge2_getTrampoline Java_com_hyphenate_chat_adapter_message_EMAMessage_nativeMsgId, trampoline_addr 0x0
09-19 12:00:54.078  5388  5565 V libnb   : enter native_bridge2_getTrampoline Java_com_hyphenate_chat_adapter_message_EMAMessage_nativeMsgId__, trampoline_addr 0x0
09-19 12:00:54.078  5388  5565 V libnb   : enter native_bridge2_getTrampoline Java_com_hyphenate_chat_adapter_message_EMAMessage_nativeMsgId, trampoline_addr 0x9f130bd4
09-19 12:00:54.080  5388  5388 V libnb   : enter native_bridge2_getTrampoline Java_com_hyphenate_chat_adapter_message_EMATextMessageBody_nativeText, trampoline_addr 0x0
09-19 12:00:54.080  5388  5388 V libnb   : enter native_bridge2_getTrampoline Java_com_hyphenate_chat_adapter_message_EMATextMessageBody_nativeText__, trampoline_addr 0x0
09-19 12:00:54.080  5388  5388 V libnb   : enter native_bridge2_getTrampoline Java_com_hyphenate_chat_adapter_message_EMATextMessageBody_nativeText, trampoline_addr 0x0
09-19 12:00:54.080  5388  5388 V libnb   : enter native_bridge2_getTrampoline Java_com_hyphenate_chat_adapter_message_EMATextMessageBody_nativeText__, trampoline_addr 0x0
09-19 12:00:54.080  5388  5388 V libnb   : enter native_bridge2_getTrampoline Java_com_hyphenate_chat_adapter_message_EMATextMessageBody_nativeText, trampoline_addr 0x0
09-19 12:00:54.080  5388  5388 V libnb   : enter native_bridge2_getTrampoline Java_com_hyphenate_chat_adapter_message_EMATextMessageBody_nativeText__, trampoline_addr 0x0
09-19 12:00:54.081  5388  5388 V libnb   : enter native_bridge2_getTrampoline Java_com_hyphenate_chat_adapter_message_EMATextMessageBody_nativeText, trampoline_addr 0x9f130b9c
09-19 12:00:54.086  5388  5388 V libnb   : enter native_bridge2_getTrampoline Java_com_hyphenate_chat_adapter_message_EMAMessage_nativeGetIntAttribute, trampoline_addr 0x0
09-19 12:00:54.086  5388  5388 V libnb   : enter native_bridge2_getTrampoline Java_com_hyphenate_chat_adapter_message_EMAMessage_nativeGetIntAttribute__Ljava_lang_String_2ILjava_util_concurrent_atomic_AtomicInteger_2, trampoline_addr 0x0
09-19 12:00:54.086  5388  5388 V libnb   : enter native_bridge2_getTrampoline Java_com_hyphenate_chat_adapter_message_EMAMessage_nativeGetIntAttribute, trampoline_addr 0x0
09-19 12:00:54.086  5388  5388 V libnb   : enter native_bridge2_getTrampoline Java_com_hyphenate_chat_adapter_message_EMAMessage_nativeGetIntAttribute__Ljava_lang_String_2ILjava_util_concurrent_atomic_AtomicInteger_2, trampoline_addr 0x0
09-19 12:00:54.086  5388  5388 V libnb   : enter native_bridge2_getTrampoline Java_com_hyphenate_chat_adapter_message_EMAMessage_nativeGetIntAttribute, trampoline_addr 0x0
09-19 12:00:54.086  5388  5388 V libnb   : enter native_bridge2_getTrampoline Java_com_hyphenate_chat_adapter_message_EMAMessage_nativeGetIntAttribute__Ljava_lang_String_2ILjava_util_concurrent_atomic_AtomicInteger_2, trampoline_addr 0x0
09-19 12:00:54.087  5388  5388 V libnb   : enter native_bridge2_getTrampoline Java_com_hyphenate_chat_adapter_message_EMAMessage_nativeGetIntAttribute, trampoline_addr 0x9f130b64
09-19 12:00:54.087  1698  1698 W ContextImpl: Calling a method in the system process without a qualified user: android.app.ContextImpl.startService:1358 android.content.ContextWrapper.startService:613 android.content.ContextWrapper.startService:613 com.android.coreservice.CoreBroadcastReceiver.onReceive:69 android.app.ActivityThread.handleReceiver:3073 
09-19 12:00:54.099  5388  5388 V libnb   : enter native_bridge2_getTrampoline Java_com_hyphenate_chat_adapter_message_EMAMessage_nativeIsOnlineState, trampoline_addr 0x0
09-19 12:00:54.099  5388  5388 V libnb   : enter native_bridge2_getTrampoline Java_com_hyphenate_chat_adapter_message_EMAMessage_nativeIsOnlineState__, trampoline_addr 0x0
09-19 12:00:54.099  5388  5388 V libnb   : enter native_bridge2_getTrampoline Java_com_hyphenate_chat_adapter_message_EMAMessage_nativeIsOnlineState, trampoline_addr 0x0
09-19 12:00:54.099  5388  5388 V libnb   : enter native_bridge2_getTrampoline Java_com_hyphenate_chat_adapter_message_EMAMessage_nativeIsOnlineState__, trampoline_addr 0x0
09-19 12:00:54.099  5388  5388 V libnb   : enter native_bridge2_getTrampoline Java_com_hyphenate_chat_adapter_message_EMAMessage_nativeIsOnlineState, trampoline_addr 0x0
09-19 12:00:54.099  5388  5388 V libnb   : enter native_bridge2_getTrampoline Java_com_hyphenate_chat_adapter_message_EMAMessage_nativeIsOnlineState__, trampoline_addr 0x0
09-19 12:00:54.099  5388  5388 V libnb   : enter native_bridge2_getTrampoline Java_com_hyphenate_chat_adapter_message_EMAMessage_nativeIsOnlineState, trampoline_addr 0x9f130b2c
09-19 12:00:54.099  5388  5388 D ConversationManager: handleMessageReceive...
09-19 12:00:54.133  5388  5397 V libnb   : enter native_bridge2_getTrampoline Java_com_hyphenate_chat_adapter_message_EMATextMessageBody_nativeFinalize, trampoline_addr 0x0
09-19 12:00:54.133  5388  5397 V libnb   : enter native_bridge2_getTrampoline Java_com_hyphenate_chat_adapter_message_EMATextMessageBody_nativeFinalize__, trampoline_addr 0x0
09-19 12:00:54.133  5388  5397 V libnb   : enter native_bridge2_getTrampoline Java_com_hyphenate_chat_adapter_message_EMATextMessageBody_nativeFinalize, trampoline_addr 0x0
09-19 12:00:54.133  5388  5397 V libnb   : enter native_bridge2_getTrampoline Java_com_hyphenate_chat_adapter_message_EMATextMessageBody_nativeFinalize__, trampoline_addr 0x0
09-19 12:00:54.133  5388  5397 V libnb   : enter native_bridge2_getTrampoline Java_com_hyphenate_chat_adapter_message_EMATextMessageBody_nativeFinalize, trampoline_addr 0x0
09-19 12:00:54.133  5388  5397 V libnb   : enter native_bridge2_getTrampoline Java_com_hyphenate_chat_adapter_message_EMATextMessageBody_nativeFinalize__, trampoline_addr 0x0
09-19 12:00:54.133  5388  5397 V libnb   : enter native_bridge2_getTrampoline Java_com_hyphenate_chat_adapter_message_EMATextMessageBody_nativeFinalize, trampoline_addr 0x9f130af4
09-19 12:00:54.133  5388  5397 V libnb   : enter native_bridge2_getTrampoline Java_com_hyphenate_chat_adapter_EMAError_nativeFinalize, trampoline_addr 0x0
09-19 12:00:54.133  5388  5397 V libnb   : enter native_bridge2_getTrampoline Java_com_hyphenate_chat_adapter_EMAError_nativeFinalize__, trampoline_addr 0x0
09-19 12:00:54.133  5388  5397 V libnb   : enter native_bridge2_getTrampoline Java_com_hyphenate_chat_adapter_EMAError_nativeFinalize, trampoline_addr 0x0
09-19 12:00:54.133  5388  5397 V libnb   : enter native_bridge2_getTrampoline Java_com_hyphenate_chat_adapter_EMAError_nativeFinalize__, trampoline_addr 0x0
09-19 12:00:54.133  5388  5397 V libnb   : enter native_bridge2_getTrampoline Java_com_hyphenate_chat_adapter_EMAError_nativeFinalize, trampoline_addr 0x0
09-19 12:00:54.133  5388  5397 V libnb   : enter native_bridge2_getTrampoline Java_com_hyphenate_chat_adapter_EMAError_nativeFinalize__, trampoline_addr 0x0
09-19 12:00:54.133  5388  5397 V libnb   : enter native_bridge2_getTrampoline Java_com_hyphenate_chat_adapter_EMAError_nativeFinalize, trampoline_addr 0x9f130abc
09-19 12:00:54.138  5388  5393 I art     : Do partial code cache collection, code=59KB, data=53KB
09-19 12:00:54.139  5388  5393 I art     : After code cache collection, code=56KB, data=51KB
09-19 12:00:54.139  5388  5393 I art     : Increasing code cache capacity to 256KB
09-19 12:00:54.140  5388  5388 D EventBus: No subscribers registered for event class b.x.a.t.i2
09-19 12:00:54.140  5388  5388 D EventBus: No subscribers registered for event class t.b.a.i
09-19 12:00:54.147  5388  5388 D EventBus: No subscribers registered for event class b.x.a.t.l0
09-19 12:00:54.147  5388  5388 D EventBus: No subscribers registered for event class t.b.a.i
09-19 12:00:54.748  5388  5388 I MMKV    : <MemoryFile.cpp:97::open> open fd[0x8f], /data/user/0/com.litatom.app/files/mmkv/matching_model_sp
09-19 12:00:54.748  5388  5388 I MMKV    : <MemoryFile.cpp:97::open> open fd[0x90], /data/user/0/com.litatom.app/files/mmkv/matching_model_sp.crc
09-19 12:00:54.748  5388  5388 I MMKV    : <MMKV_IO.cpp:81::loadFromFile> loading [matching_model_sp] with 7317 actual size, file size 16384, InterProcess 0, meta info version:3
09-19 12:00:54.748  5388  5388 I MMKV    : <MMKV_IO.cpp:86::loadFromFile> loading [matching_model_sp] with crc 4142368947 sequence 3 version 3
09-19 12:00:54.749  5388  5388 I MMKV    : <MMKV_IO.cpp:130::loadFromFile> loaded [matching_model_sp] with 6 key-values
09-19 12:00:54.989  1114  1134 D AudioFlinger: mixer(0xc5a80000) throttle end: throttle time(10)
09-19 12:00:54.992  1752  1948 E EGL_adreno: tid 1948: eglSurfaceAttrib(1338): error 0x3009 (EGL_BAD_MATCH)
09-19 12:00:54.992  1752  1948 W OpenGLRenderer: Failed to set EGL_SWAP_BEHAVIOR on surface 0xa78a0ba0, error=EGL_BAD_MATCH
09-19 12:00:54.993  1698  1698 W ContextImpl: Calling a method in the system process without a qualified user: android.app.ContextImpl.startService:1358 android.content.ContextWrapper.startService:613 android.content.ContextWrapper.startService:613 com.android.coreservice.CoreBroadcastReceiver.onReceive:69 android.app.ActivityThread.handleReceiver:3073 
09-19 12:00:54.995  1698  1698 W ContextImpl: Calling a method in the system process without a qualified user: android.app.ContextImpl.startService:1358 android.content.ContextWrapper.startService:613 android.content.ContextWrapper.startService:613 com.android.coreservice.CoreBroadcastReceiver.onReceive:69 android.app.ActivityThread.handleReceiver:3073 
09-19 12:00:55.024  1752  1948 E EGL_adreno: tid 1948: eglSurfaceAttrib(1338): error 0x3009 (EGL_BAD_MATCH)
09-19 12:00:55.024  1752  1948 W OpenGLRenderer: Failed to set EGL_SWAP_BEHAVIOR on surface 0xa73938a0, error=EGL_BAD_MATCH
09-19 12:00:55.026  1752  1948 D EGL_adreno: eglMakeCurrent: 0xb6e9b540: ver 3 1 (tinfo 0xa5813030)
09-19 12:00:55.976  1698  1698 W ContextImpl: Calling a method in the system process without a qualified user: android.app.ContextImpl.startService:1358 android.content.ContextWrapper.startService:613 android.content.ContextWrapper.startService:613 com.android.coreservice.CoreBroadcastReceiver.onReceive:69 android.app.ActivityThread.handleReceiver:3073 
09-19 12:00:55.978  1698  1698 W ContextImpl: Calling a method in the system process without a qualified user: android.app.ContextImpl.startService:1358 android.content.ContextWrapper.startService:613 android.content.ContextWrapper.startService:613 com.android.coreservice.CoreBroadcastReceiver.onReceive:69 android.app.ActivityThread.handleReceiver:3073 
09-19 12:00:55.981  1302  3017 D NotificationService: notify pkg=android pid=1302
09-19 12:00:55.981  1302  5330 D NotificationService: notify pkg=android pid=1302
09-19 12:00:55.989  2010  3719 E EGL_adreno: tid 3719: eglSurfaceAttrib(1338): error 0x3009 (EGL_BAD_MATCH)
09-19 12:00:55.989  2010  3719 W OpenGLRenderer: Failed to set EGL_SWAP_BEHAVIOR on surface 0xb8f746c0, error=EGL_BAD_MATCH
09-19 12:00:56.411  5388  5401 I art     : Starting a blocking GC Explicit
09-19 12:00:56.422  5388  5401 I art     : Explicit concurrent mark sweep GC freed 24354(1222KB) AllocSpace objects, 0(0B) LOS objects, 24% free, 10MB/13MB, paused 353us total 10.911ms
09-19 12:00:56.483  1752  1948 D EGL_adreno: eglMakeCurrent: 0xb6e9b540: ver 3 1 (tinfo 0xa5813030)
09-19 12:00:56.496  1752  1752 W InputEventReceiver: Attempted to finish an input event but the input event receiver has already been disposed.
09-19 12:00:56.496  1752  1752 W ViewRootImpl[PopupWindow:684c889]: Dropping event due to root view being removed: MotionEvent { action=ACTION_UP, actionButton=0, id[0]=0, x[0]=504.7561, y[0]=1632.4683, toolType[0]=TOOL_TYPE_UNKNOWN, buttonState=0, metaState=0, flags=0x0, edgeFlags=0x0, pointerCount=1, historySize=0, eventTime=2103209, downTime=2103209, deviceId=0, source=0x1002 }
09-19 12:00:56.496  1752  1752 W InputEventReceiver: Attempted to finish an input event but the input event receiver has already been disposed.
09-19 12:00:56.498  1752  1752 W IInputConnectionWrapper: finishComposingText on inactive InputConnection
09-19 12:00:56.499  1698  1698 W ContextImpl: Calling a method in the system process without a qualified user: android.app.ContextImpl.startService:1358 android.content.ContextWrapper.startService:613 android.content.ContextWrapper.startService:613 com.android.coreservice.CoreBroadcastReceiver.onReceive:69 android.app.ActivityThread.handleReceiver:3073 
09-19 12:00:56.499  1752  1752 W IInputConnectionWrapper: finishComposingText on inactive InputConnection
09-19 12:00:56.500  1698  1698 W ContextImpl: Calling a method in the system process without a qualified user: android.app.ContextImpl.startService:1358 android.content.ContextWrapper.startService:613 android.content.ContextWrapper.startService:613 com.android.coreservice.CoreBroadcastReceiver.onReceive:69 android.app.ActivityThread.handleReceiver:3073 
09-19 12:00:58.077  1114  1134 D audio_hw_hal: log_func, out_standby
09-19 12:00:58.077  1114  1134 D audio_hw_hal: raw_close_output_stream, dev=0xc6f0a0c0, stream =0xc6f05140
09-19 12:00:58.077  1114  1134 D audio_hw_hal: raw_close_output_stream, stream=0xc6f05140,  success!
09-19 12:00:58.519  1752  1948 D EGL_adreno: eglMakeCurrent: 0xb6e9b540: ver 3 1 (tinfo 0xa5813030)
09-19 12:00:59.014  1302  1643 I ActivityManager: Setting hasTopUi=true for pid=1394
09-19 12:00:59.015  1394  1394 D PhoneStatusBar: disable: < expand ICONS* alerts SYSTEM_INFO* back home recent clock search quick_settings >
09-19 12:00:59.017  1394  1452 I art     : Do partial code cache collection, code=122KB, data=117KB
09-19 12:00:59.018  1394  1452 I art     : After code cache collection, code=113KB, data=113KB
09-19 12:00:59.018  1394  1452 I art     : Increasing code cache capacity to 512KB
09-19 12:00:59.037  1394  1647 D EGL_adreno: eglMakeCurrent: 0xa7012860: ver 3 1 (tinfo 0xa7014600)
09-19 12:00:59.055  1394  1647 E EGL_adreno: tid 1647: eglSurfaceAttrib(1338): error 0x3009 (EGL_BAD_MATCH)
09-19 12:00:59.055  1394  1647 W OpenGLRenderer: Failed to set EGL_SWAP_BEHAVIOR on surface 0xa5685fc0, error=EGL_BAD_MATCH
09-19 12:00:59.055  1394  1647 D EGL_adreno: eglMakeCurrent: 0xa7012860: ver 3 1 (tinfo 0xa7014600)
09-19 12:00:59.090  1302  5330 W VibratorService: Tried to stop vibrating but there is no vibrator device.
09-19 12:00:59.539  1302  3020 W InputMethodManagerService: Window already focused, ignoring focus gain of: com.android.internal.view.IInputMethodClient$Stub$Proxy@8d2c2f9 attribute=android.view.inputmethod.EditorInfo@ebb123e, token = android.os.BinderProxy@e55e60
09-19 12:00:59.540  1698  1698 W ContextImpl: Calling a method in the system process without a qualified user: android.app.ContextImpl.startService:1358 android.content.ContextWrapper.startService:613 android.content.ContextWrapper.startService:613 com.android.coreservice.CoreBroadcastReceiver.onReceive:69 android.app.ActivityThread.handleReceiver:3073 
09-19 12:00:59.553  1302  3016 I ActivityManager: Setting hasTopUi=false for pid=1394
09-19 12:00:59.554  1394  1394 D PhoneStatusBar: disable: < expand icons* alerts system_info* back home recent clock search quick_settings >
09-19 12:00:59.587  1394  1647 D EGL_adreno: eglMakeCurrent: 0xa7012860: ver 3 1 (tinfo 0xa7014600)
09-19 12:00:59.602  1394  1647 E EGL_adreno: tid 1647: eglSurfaceAttrib(1338): error 0x3009 (EGL_BAD_MATCH)
09-19 12:00:59.602  1394  1647 W OpenGLRenderer: Failed to set EGL_SWAP_BEHAVIOR on surface 0xc787c840, error=EGL_BAD_MATCH
09-19 12:00:59.603  1394  1647 D EGL_adreno: eglMakeCurrent: 0xa7012860: ver 3 1 (tinfo 0xa7014600)
09-19 12:00:59.817  5388  5401 I art     : Starting a blocking GC Explicit
09-19 12:00:59.828  5388  5401 I art     : Explicit concurrent mark sweep GC freed 89(4KB) AllocSpace objects, 0(0B) LOS objects, 25% free, 9MB/13MB, paused 286us total 11.313ms
09-19 12:01:00.018  1302  1347 I ActivityManager: START u0 {act=android.intent.action.MAIN cat=[android.intent.category.HOME] flg=0x10200000 cmp=com.android.launcher3/.Launcher (has extras)} from uid 1000 on display 0
09-19 12:01:00.108  1752  5583 D LdAppStoreUtils: onFunnelDelay=com.shenghe.yhlm.ld
09-19 12:01:00.110  1752  1770 I art     : Do partial code cache collection, code=30KB, data=30KB
09-19 12:01:00.110  1752  1770 I art     : After code cache collection, code=26KB, data=29KB
09-19 12:01:00.110  1752  1770 I art     : Increasing code cache capacity to 128KB
09-19 12:01:00.193  1752  5583 D LdAppStoreUtils: onFunnelDelay=com.manling.lkhx.ld
09-19 12:01:00.535  1752  1752 D LdHotSeatAdImp: Test: launcherAdStore, begin
09-19 12:01:00.535  1302  1545 I ActivityManager: START u0 {flg=0x10200000 cmp=com.android.flysilkworm/.app.activity.FrameworkActivity (has extras)} from uid 10029 on display 0
09-19 12:01:00.536  1114  1134 D audio_hw_hal: raw_start_output_stream, stream=0xc6f05140, sampleRate=48000, channel=2, bps=16, bufSize=4096
09-19 12:01:00.536  1752  1752 D LdAppStoreUtils: onFunnel=com.manling.lkhx.ld
09-19 12:01:02.045  1302  3017 W MediaSessionService: Attempted to dispatch null or non-media key event.
09-19 12:01:02.045  1302  3015 W MediaSessionService: Attempted to dispatch null or non-media key event.
09-19 12:01:02.079  5388  5388 W EventBus: Subscriber to unregister was not registered before: class com.lit.app.party.view.PartyChatLayout
09-19 12:01:02.551  1302  3017 I ActivityManager: Setting hasTopUi=true for pid=1394
09-19 12:01:02.551  1394  1394 D PhoneStatusBar: disable: < expand ICONS* alerts SYSTEM_INFO* back home recent clock search quick_settings >
09-19 12:01:02.569  1394  1647 D EGL_adreno: eglMakeCurrent: 0xa7012860: ver 3 1 (tinfo 0xa7014600)
09-19 12:01:02.588  1394  1647 E EGL_adreno: tid 1647: eglSurfaceAttrib(1338): error 0x3009 (EGL_BAD_MATCH)
09-19 12:01:02.588  1394  1647 W OpenGLRenderer: Failed to set EGL_SWAP_BEHAVIOR on surface 0xa5221440, error=EGL_BAD_MATCH
09-19 12:01:02.588  1394  1647 D EGL_adreno: eglMakeCurrent: 0xa7012860: ver 3 1 (tinfo 0xa7014600)
09-19 12:01:02.604  1302  5330 W VibratorService: Tried to stop vibrating but there is no vibrator device.
09-19 12:01:03.056  1752  1752 W ViewRootImpl[Launcher]: Cancelling event due to no window focus: KeyEvent { action=ACTION_UP, keyCode=KEYCODE_DPAD_RIGHT, scanCode=0, metaState=0, flags=0x28, repeatCount=0, eventTime=2109785, downTime=2109785, deviceId=-1, source=0x101 }
09-19 12:01:03.056  1752  1752 W ViewRootImpl[Launcher]: Cancelling event due to no window focus: KeyEvent { action=ACTION_UP, keyCode=KEYCODE_DPAD_RIGHT, scanCode=0, metaState=0, flags=0x28, repeatCount=0, eventTime=2109785, downTime=2109785, deviceId=-1, source=0x101 }
09-19 12:01:03.057  1752  1752 W ViewRootImpl[Launcher]: Cancelling event due to no window focus: KeyEvent { action=ACTION_UP, keyCode=KEYCODE_DPAD_RIGHT, scanCode=0, metaState=0, flags=0x28, repeatCount=0, eventTime=2109785, downTime=2109785, deviceId=-1, source=0x101 }
09-19 12:01:03.057  1302  1313 W InputMethodManagerService: Window already focused, ignoring focus gain of: com.android.internal.view.IInputMethodClient$Stub$Proxy@471fe84 attribute=android.view.inputmethod.EditorInfo@e2dc66d, token = android.os.BinderProxy@e55e60
09-19 12:01:03.059  1698  1698 W ContextImpl: Calling a method in the system process without a qualified user: android.app.ContextImpl.startService:1358 android.content.ContextWrapper.startService:613 android.content.ContextWrapper.startService:613 com.android.coreservice.CoreBroadcastReceiver.onReceive:69 android.app.ActivityThread.handleReceiver:3073 
09-19 12:01:03.071  1302  5329 I ActivityManager: Setting hasTopUi=false for pid=1394
09-19 12:01:03.071  1394  1394 D PhoneStatusBar: disable: < expand icons* alerts system_info* back home recent clock search quick_settings >
09-19 12:01:03.104  1394  1647 D EGL_adreno: eglMakeCurrent: 0xa7012860: ver 3 1 (tinfo 0xa7014600)
09-19 12:01:03.123  1394  1647 E EGL_adreno: tid 1647: eglSurfaceAttrib(1338): error 0x3009 (EGL_BAD_MATCH)
09-19 12:01:03.123  1394  1647 W OpenGLRenderer: Failed to set EGL_SWAP_BEHAVIOR on surface 0xa52216c0, error=EGL_BAD_MATCH
09-19 12:01:03.125  1394  1647 D EGL_adreno: eglMakeCurrent: 0xa7012860: ver 3 1 (tinfo 0xa7014600)
09-19 12:01:03.209  5388  5400 I art     : Starting a blocking GC Explicit
09-19 12:01:03.222  5388  5400 I art     : Explicit concurrent mark sweep GC freed 6074(277KB) AllocSpace objects, 2(40KB) LOS objects, 24% free, 10MB/13MB, paused 313us total 12.907ms
09-19 12:01:03.641  1114  1134 D audio_hw_hal: log_func, out_standby
09-19 12:01:03.641  1114  1134 D audio_hw_hal: raw_close_output_stream, dev=0xc6f0a0c0, stream =0xc6f05140
09-19 12:01:03.641  1114  1134 D audio_hw_hal: raw_close_output_stream, stream=0xc6f05140,  success!
09-19 12:01:04.061  1752  1752 D LdHotSeatAdImp: Test: launcherAdStore, begin
09-19 12:01:04.061  1302  1545 I ActivityManager: START u0 {flg=0x10200000 cmp=com.android.flysilkworm/.app.activity.FrameworkActivity (has extras)} from uid 10029 on display 0
09-19 12:01:04.062  1114  1134 D audio_hw_hal: raw_start_output_stream, stream=0xc6f05140, sampleRate=48000, channel=2, bps=16, bufSize=4096
09-19 12:01:04.062  1752  1752 D LdAppStoreUtils: onFunnel=com.shenghe.kbcq.ld
09-19 12:01:04.563  1752  1752 D LdHotSeatAdImp: Test: launcherAdStore, begin
09-19 12:01:04.564  1302  5330 I ActivityManager: START u0 {flg=0x10200000 cmp=com.android.flysilkworm/.app.activity.FrameworkActivity (has extras)} from uid 10029 on display 0
09-19 12:01:04.565  1752  1752 D LdAppStoreUtils: onFunnel=com.manling.lkhx.ld
09-19 12:01:05.280  1752  5583 D LdAppStoreUtils: onFunnelDelay=com.shengjue.lhzg.ld
09-19 12:01:05.573  1752  1752 W Launcher: No global search activity found.
09-19 12:01:05.586  1698  1698 W ContextImpl: Calling a method in the system process without a qualified user: android.app.ContextImpl.startService:1358 android.content.ContextWrapper.startService:613 android.content.ContextWrapper.startService:613 com.android.coreservice.CoreBroadcastReceiver.onReceive:69 android.app.ActivityThread.handleReceiver:3073 
09-19 12:01:06.087  1698  1698 W ContextImpl: Calling a method in the system process without a qualified user: android.app.ContextImpl.startService:1358 android.content.ContextWrapper.startService:613 android.content.ContextWrapper.startService:613 com.android.coreservice.CoreBroadcastReceiver.onReceive:69 android.app.ActivityThread.handleReceiver:3073 
09-19 12:01:06.601  5388  5400 I art     : Starting a blocking GC Explicit
09-19 12:01:06.603  1698  1698 W ContextImpl: Calling a method in the system process without a qualified user: android.app.ContextImpl.startService:1358 android.content.ContextWrapper.startService:613 android.content.ContextWrapper.startService:613 com.android.coreservice.CoreBroadcastReceiver.onReceive:69 android.app.ActivityThread.handleReceiver:3073 
09-19 12:01:06.608  1114  1134 D AudioFlinger: mixer(0xc5a80000) throttle end: throttle time(2)
09-19 12:01:06.611  5388  5400 I art     : Explicit concurrent mark sweep GC freed 8428(486KB) AllocSpace objects, 25(952KB) LOS objects, 24% free, 8MB/11MB, paused 311us total 10.085ms
09-19 12:01:07.606  1394  1629 I vol.Events: writeEvent mute_changed STREAM_SYSTEM false
09-19 12:01:07.608  1394  1629 I vol.Events: writeEvent mute_changed STREAM_RING false
09-19 12:01:07.610  1394  1629 I vol.Events: writeEvent active_stream_changed STREAM_RING
09-19 12:01:07.611  1394  1629 I vol.Events: writeEvent key STREAM_RING 2
09-19 12:01:07.614  1394  1394 I vol.Events: writeEvent show_dialog volume_changed keyguard=false
09-19 12:01:07.645  1394  1647 E EGL_adreno: tid 1647: eglSurfaceAttrib(1338): error 0x3009 (EGL_BAD_MATCH)
09-19 12:01:07.645  1394  1647 W OpenGLRenderer: Failed to set EGL_SWAP_BEHAVIOR on surface 0xa45aa800, error=EGL_BAD_MATCH
09-19 12:01:07.654  1394  1647 D EGL_adreno: eglMakeCurrent: 0xa7012860: ver 3 1 (tinfo 0xa7014600)
09-19 12:01:08.139  1698  1698 W ContextImpl: Calling a method in the system process without a qualified user: android.app.ContextImpl.startService:1358 android.content.ContextWrapper.startService:613 android.content.ContextWrapper.startService:613 com.android.coreservice.CoreBroadcastReceiver.onReceive:69 android.app.ActivityThread.handleReceiver:3073 
09-19 12:01:08.256  1698  1698 W ContextImpl: Calling a method in the system process without a qualified user: android.app.ContextImpl.startService:1358 android.content.ContextWrapper.startService:613 android.content.ContextWrapper.startService:613 com.android.coreservice.CoreBroadcastReceiver.onReceive:69 android.app.ActivityThread.handleReceiver:3073 
09-19 12:01:08.624  1752  1752 D LdShortcut: shortcutCmd cmd=7
09-19 12:01:08.624  1302  5331 I ActivityManager: START u0 {act=android.intent.action.MAIN cat=[android.intent.category.LAUNCHER] flg=0x10200000 cmp=com.android.settings/.Settings bnds=[87,437][264,666] (has extras)} from uid 10029 on display 0
09-19 12:01:09.628  1394  1394 I vol.Events: writeEvent dismiss_dialog touch_outside
09-19 12:01:09.629  1394  1629 I vol.Events: writeEvent active_stream_changed UNKNOWN_STREAM_-1
09-19 12:01:09.636  1752  1752 D LdShortcut: shortcutCmd cmd=7
09-19 12:01:09.636  1302  1313 I ActivityManager: START u0 {act=android.intent.action.MAIN cat=[android.intent.category.LAUNCHER] flg=0x10200000 cmp=com.cyanogenmod.filemanager/.activities.NavigationActivity bnds=[441,437][618,666] (has extras)} from uid 10029 on display 0
09-19 12:01:09.660  1114  1134 D AudioFlinger: mixer(0xc5a80000) throttle end: throttle time(3)
09-19 12:01:09.939  1394  1647 D EGL_adreno: eglMakeCurrent: 0xa7012860: ver 3 1 (tinfo 0xa7014600)
09-19 12:01:09.979  5388  5400 I art     : Starting a blocking GC Explicit
09-19 12:01:09.990  5388  5400 I art     : Explicit concurrent mark sweep GC freed 5335(196KB) AllocSpace objects, 2(40KB) LOS objects, 24% free, 8MB/11MB, paused 286us total 10.916ms
09-19 12:01:11.167  1752  5693 D LdAppStoreUtils: onFunnelDelay=com.shenghe.yhlm.ld
09-19 12:01:11.173  1752  1948 E EGL_adreno: tid 1948: eglSurfaceAttrib(1338): error 0x3009 (EGL_BAD_MATCH)
09-19 12:01:11.173  1752  1948 W OpenGLRenderer: Failed to set EGL_SWAP_BEHAVIOR on surface 0xa7330680, error=EGL_BAD_MATCH
09-19 12:01:11.174  1698  1698 W ContextImpl: Calling a method in the system process without a qualified user: android.app.ContextImpl.startService:1358 android.content.ContextWrapper.startService:613 android.content.ContextWrapper.startService:613 com.android.coreservice.CoreBroadcastReceiver.onReceive:69 android.app.ActivityThread.handleReceiver:3073 
09-19 12:01:11.176  1698  1698 W ContextImpl: Calling a method in the system process without a qualified user: android.app.ContextImpl.startService:1358 android.content.ContextWrapper.startService:613 android.content.ContextWrapper.startService:613 com.android.coreservice.CoreBroadcastReceiver.onReceive:69 android.app.ActivityThread.handleReceiver:3073 
09-19 12:01:11.204  1752  5693 D LdAppStoreUtils: onFunnelDelay=com.manling.lkhx.ld
09-19 12:01:11.226  1752  5693 D LdAppStoreUtils: onFunnelDelay=com.shengjue.lhzg.ld
09-19 12:01:11.240  1752  1948 E EGL_adreno: tid 1948: eglSurfaceAttrib(1338): error 0x3009 (EGL_BAD_MATCH)
09-19 12:01:11.240  1752  1948 W OpenGLRenderer: Failed to set EGL_SWAP_BEHAVIOR on surface 0xa73baa80, error=EGL_BAD_MATCH
09-19 12:01:11.241  1752  1948 D EGL_adreno: eglMakeCurrent: 0xb6e9b540: ver 3 1 (tinfo 0xa5813030)
09-19 12:01:11.249  1752  1948 D EGL_adreno: eglMakeCurrent: 0xb6e9b540: ver 3 1 (tinfo 0xa5813030)
09-19 12:01:11.254  1752  1948 D EGL_adreno: eglMakeCurrent: 0xb6e9b540: ver 3 1 (tinfo 0xa5813030)
09-19 12:01:11.259  1752  1948 D EGL_adreno: eglMakeCurrent: 0xb6e9b540: ver 3 1 (tinfo 0xa5813030)
09-19 12:01:11.685  1752  1948 D EGL_adreno: eglMakeCurrent: 0xb6e9b540: ver 3 1 (tinfo 0xa5813030)
09-19 12:01:12.703  1752  1948 D EGL_adreno: eglMakeCurrent: 0xb6e9b540: ver 3 1 (tinfo 0xa5813030)
09-19 12:01:12.709  1752  1948 D EGL_adreno: eglMakeCurrent: 0xb6e9b540: ver 3 1 (tinfo 0xa5813030)
09-19 12:01:12.769  1752  1948 D EGL_adreno: eglMakeCurrent: 0xb6e9b540: ver 3 1 (tinfo 0xa5813030)
09-19 12:01:12.784  1752  1948 E EGL_adreno: tid 1948: eglSurfaceAttrib(1338): error 0x3009 (EGL_BAD_MATCH)
09-19 12:01:12.784  1752  1948 W OpenGLRenderer: Failed to set EGL_SWAP_BEHAVIOR on surface 0xa5c0d080, error=EGL_BAD_MATCH
09-19 12:01:12.784  1752  1948 D EGL_adreno: eglMakeCurrent: 0xb6e9b540: ver 3 1 (tinfo 0xa5813030)
09-19 12:01:13.194  1698  1698 W ContextImpl: Calling a method in the system process without a qualified user: android.app.ContextImpl.startService:1358 android.content.ContextWrapper.startService:613 android.content.ContextWrapper.startService:613 com.android.coreservice.CoreBroadcastReceiver.onReceive:69 android.app.ActivityThread.handleReceiver:3073 
09-19 12:01:13.194  1698  1698 W ContextImpl: Calling a method in the system process without a qualified user: android.app.ContextImpl.startService:1358 android.content.ContextWrapper.startService:613 android.content.ContextWrapper.startService:613 com.android.coreservice.CoreBroadcastReceiver.onReceive:69 android.app.ActivityThread.handleReceiver:3073 
09-19 12:01:13.194  1302  1314 D NotificationService: notify pkg=android pid=1302
