09-19 12:01:34.603  5388  5737 D EGL_adreno: eglMakeCurrent: 0x9b8e6140: ver 3 1 (tinfo 0x997b2730)
09-19 12:01:34.606  5388  5737 D EGL_adreno: eglMakeCurrent: 0x9b8e6140: ver 3 1 (tinfo 0x997b2730)
09-19 12:01:34.619  5388  5737 D EGL_adreno: eglMakeCurrent: 0x9b8e6140: ver 3 1 (tinfo 0x997b2730)
09-19 12:01:34.622  5388  5737 D EGL_adreno: eglMakeCurrent: 0x9b8e6140: ver 3 1 (tinfo 0x997b2730)
09-19 12:01:34.636  5388  5737 D EGL_adreno: eglMakeCurrent: 0x9b8e6140: ver 3 1 (tinfo 0x997b2730)
09-19 12:01:34.638  5388  5737 D EGL_adreno: eglMakeCurrent: 0x9b8e6140: ver 3 1 (tinfo 0x997b2730)
09-19 12:01:34.652  5388  5737 D EGL_adreno: eglMakeCurrent: 0x9b8e6140: ver 3 1 (tinfo 0x997b2730)
09-19 12:01:34.656  5388  5737 D EGL_adreno: eglMakeCurrent: 0x9b8e6140: ver 3 1 (tinfo 0x997b2730)
09-19 12:01:34.669  5388  5737 D EGL_adreno: eglMakeCurrent: 0x9b8e6140: ver 3 1 (tinfo 0x997b2730)
09-19 12:01:34.672  5388  5737 D EGL_adreno: eglMakeCurrent: 0x9b8e6140: ver 3 1 (tinfo 0x997b2730)
09-19 12:01:34.685  5388  5737 D EGL_adreno: eglMakeCurrent: 0x9b8e6140: ver 3 1 (tinfo 0x997b2730)
09-19 12:01:34.688  5388  5737 D EGL_adreno: eglMakeCurrent: 0x9b8e6140: ver 3 1 (tinfo 0x997b2730)
09-19 12:01:34.690  5388  5737 D EGL_adreno: eglMakeCurrent: 0x9b8e6140: ver 3 1 (tinfo 0x997b2730)
09-19 12:01:34.692  5388  5737 D EGL_adreno: eglMakeCurrent: 0x9b8e6140: ver 3 1 (tinfo 0x997b2730)
09-19 12:01:34.702  5388  5737 D EGL_adreno: eglMakeCurrent: 0x9b8e6140: ver 3 1 (tinfo 0x997b2730)
09-19 12:01:34.705  5388  5737 D EGL_adreno: eglMakeCurrent: 0x9b8e6140: ver 3 1 (tinfo 0x997b2730)
09-19 12:01:34.708  5388  5737 D EGL_adreno: eglMakeCurrent: 0x9b8e6140: ver 3 1 (tinfo 0x997b2730)
09-19 12:01:34.709  5388  5737 D EGL_adreno: eglMakeCurrent: 0x9b8e6140: ver 3 1 (tinfo 0x997b2730)
09-19 12:01:34.730  5388  5737 D EGL_adreno: eglMakeCurrent: 0x9b8e6140: ver 3 1 (tinfo 0x997b2730)
09-19 12:01:34.732  5388  5737 D EGL_adreno: eglMakeCurrent: 0x9b8e6140: ver 3 1 (tinfo 0x997b2730)
09-19 12:01:34.735  5388  5737 D EGL_adreno: eglMakeCurrent: 0x9b8e6140: ver 3 1 (tinfo 0x997b2730)
09-19 12:01:34.738  5388  5737 D EGL_adreno: eglMakeCurrent: 0x9b8e6140: ver 3 1 (tinfo 0x997b2730)
09-19 12:01:34.740  5388  5737 D EGL_adreno: eglMakeCurrent: 0x9b8e6140: ver 3 1 (tinfo 0x997b2730)
09-19 12:01:34.741  5388  5737 D EGL_adreno: eglMakeCurrent: 0x9b8e6140: ver 3 1 (tinfo 0x997b2730)
09-19 12:01:34.752  5388  5737 D EGL_adreno: eglMakeCurrent: 0x9b8e6140: ver 3 1 (tinfo 0x997b2730)
09-19 12:01:34.756  5388  5737 D EGL_adreno: eglMakeCurrent: 0x9b8e6140: ver 3 1 (tinfo 0x997b2730)
09-19 12:01:34.758  5388  5737 D EGL_adreno: eglMakeCurrent: 0x9b8e6140: ver 3 1 (tinfo 0x997b2730)
09-19 12:01:34.759  5388  5737 D EGL_adreno: eglMakeCurrent: 0x9b8e6140: ver 3 1 (tinfo 0x997b2730)
09-19 12:01:34.769  5388  5737 D EGL_adreno: eglMakeCurrent: 0x9b8e6140: ver 3 1 (tinfo 0x997b2730)
09-19 12:01:34.772  5388  5737 D EGL_adreno: eglMakeCurrent: 0x9b8e6140: ver 3 1 (tinfo 0x997b2730)
09-19 12:01:34.775  5388  5737 D EGL_adreno: eglMakeCurrent: 0x9b8e6140: ver 3 1 (tinfo 0x997b2730)
09-19 12:01:34.776  5388  5737 D EGL_adreno: eglMakeCurrent: 0x9b8e6140: ver 3 1 (tinfo 0x997b2730)
09-19 12:01:34.795  5388  5737 D EGL_adreno: eglMakeCurrent: 0x9b8e6140: ver 3 1 (tinfo 0x997b2730)
09-19 12:01:34.798  5388  5737 D EGL_adreno: eglMakeCurrent: 0x9b8e6140: ver 3 1 (tinfo 0x997b2730)
09-19 12:01:34.802  5388  5737 D EGL_adreno: eglMakeCurrent: 0x9b8e6140: ver 3 1 (tinfo 0x997b2730)
09-19 12:01:34.804  5388  5737 D EGL_adreno: eglMakeCurrent: 0x9b8e6140: ver 3 1 (tinfo 0x997b2730)
09-19 12:01:34.806  5388  5737 D EGL_adreno: eglMakeCurrent: 0x9b8e6140: ver 3 1 (tinfo 0x997b2730)
09-19 12:01:34.807  5388  5737 D EGL_adreno: eglMakeCurrent: 0x9b8e6140: ver 3 1 (tinfo 0x997b2730)
09-19 12:01:34.818  5388  5737 D EGL_adreno: eglMakeCurrent: 0x9b8e6140: ver 3 1 (tinfo 0x997b2730)
09-19 12:01:34.821  5388  5737 D EGL_adreno: eglMakeCurrent: 0x9b8e6140: ver 3 1 (tinfo 0x997b2730)
09-19 12:01:34.823  5388  5737 D EGL_adreno: eglMakeCurrent: 0x9b8e6140: ver 3 1 (tinfo 0x997b2730)
09-19 12:01:34.824  5388  5737 D EGL_adreno: eglMakeCurrent: 0x9b8e6140: ver 3 1 (tinfo 0x997b2730)
09-19 12:01:34.836  5388  5737 D EGL_adreno: eglMakeCurrent: 0x9b8e6140: ver 3 1 (tinfo 0x997b2730)
09-19 12:01:34.839  5388  5737 D EGL_adreno: eglMakeCurrent: 0x9b8e6140: ver 3 1 (tinfo 0x997b2730)
09-19 12:01:34.853  5388  5737 D EGL_adreno: eglMakeCurrent: 0x9b8e6140: ver 3 1 (tinfo 0x997b2730)
09-19 12:01:34.856  5388  5737 D EGL_adreno: eglMakeCurrent: 0x9b8e6140: ver 3 1 (tinfo 0x997b2730)
09-19 12:01:34.870  5388  5737 D EGL_adreno: eglMakeCurrent: 0x9b8e6140: ver 3 1 (tinfo 0x997b2730)
09-19 12:01:34.873  5388  5737 D EGL_adreno: eglMakeCurrent: 0x9b8e6140: ver 3 1 (tinfo 0x997b2730)
09-19 12:01:34.886  5388  5737 D EGL_adreno: eglMakeCurrent: 0x9b8e6140: ver 3 1 (tinfo 0x997b2730)
09-19 12:01:34.889  5388  5737 D EGL_adreno: eglMakeCurrent: 0x9b8e6140: ver 3 1 (tinfo 0x997b2730)
09-19 12:01:34.903  5388  5737 D EGL_adreno: eglMakeCurrent: 0x9b8e6140: ver 3 1 (tinfo 0x997b2730)
09-19 12:01:34.906  5388  5737 D EGL_adreno: eglMakeCurrent: 0x9b8e6140: ver 3 1 (tinfo 0x997b2730)
09-19 12:01:34.919  5388  5737 D EGL_adreno: eglMakeCurrent: 0x9b8e6140: ver 3 1 (tinfo 0x997b2730)
09-19 12:01:34.923  5388  5737 D EGL_adreno: eglMakeCurrent: 0x9b8e6140: ver 3 1 (tinfo 0x997b2730)
09-19 12:01:34.936  5388  5737 D EGL_adreno: eglMakeCurrent: 0x9b8e6140: ver 3 1 (tinfo 0x997b2730)
09-19 12:01:34.939  5388  5737 D EGL_adreno: eglMakeCurrent: 0x9b8e6140: ver 3 1 (tinfo 0x997b2730)
09-19 12:01:34.952  5388  5737 D EGL_adreno: eglMakeCurrent: 0x9b8e6140: ver 3 1 (tinfo 0x997b2730)
09-19 12:01:34.955  5388  5737 D EGL_adreno: eglMakeCurrent: 0x9b8e6140: ver 3 1 (tinfo 0x997b2730)
09-19 12:01:34.969  5388  5737 D EGL_adreno: eglMakeCurrent: 0x9b8e6140: ver 3 1 (tinfo 0x997b2730)
09-19 12:01:34.972  5388  5737 D EGL_adreno: eglMakeCurrent: 0x9b8e6140: ver 3 1 (tinfo 0x997b2730)
09-19 12:01:34.985  5388  5737 D EGL_adreno: eglMakeCurrent: 0x9b8e6140: ver 3 1 (tinfo 0x997b2730)
09-19 12:01:34.989  5388  5737 D EGL_adreno: eglMakeCurrent: 0x9b8e6140: ver 3 1 (tinfo 0x997b2730)
09-19 12:01:34.991  5388  5737 D EGL_adreno: eglMakeCurrent: 0x9b8e6140: ver 3 1 (tinfo 0x997b2730)
09-19 12:01:34.992  5388  5737 D EGL_adreno: eglMakeCurrent: 0x9b8e6140: ver 3 1 (tinfo 0x997b2730)
09-19 12:01:35.002  5388  5737 D EGL_adreno: eglMakeCurrent: 0x9b8e6140: ver 3 1 (tinfo 0x997b2730)
09-19 12:01:35.005  5388  5737 D EGL_adreno: eglMakeCurrent: 0x9b8e6140: ver 3 1 (tinfo 0x997b2730)
09-19 12:01:35.019  5388  5737 D EGL_adreno: eglMakeCurrent: 0x9b8e6140: ver 3 1 (tinfo 0x997b2730)
09-19 12:01:35.022  5388  5737 D EGL_adreno: eglMakeCurrent: 0x9b8e6140: ver 3 1 (tinfo 0x997b2730)
09-19 12:01:35.035  5388  5737 D EGL_adreno: eglMakeCurrent: 0x9b8e6140: ver 3 1 (tinfo 0x997b2730)
09-19 12:01:35.039  5388  5737 D EGL_adreno: eglMakeCurrent: 0x9b8e6140: ver 3 1 (tinfo 0x997b2730)
09-19 12:01:35.042  5388  5737 D EGL_adreno: eglMakeCurrent: 0x9b8e6140: ver 3 1 (tinfo 0x997b2730)
09-19 12:01:35.043  5388  5737 D EGL_adreno: eglMakeCurrent: 0x9b8e6140: ver 3 1 (tinfo 0x997b2730)
09-19 12:01:35.053  5388  5737 D EGL_adreno: eglMakeCurrent: 0x9b8e6140: ver 3 1 (tinfo 0x997b2730)
09-19 12:01:35.056  5388  5737 D EGL_adreno: eglMakeCurrent: 0x9b8e6140: ver 3 1 (tinfo 0x997b2730)
09-19 12:01:35.070  5388  5737 D EGL_adreno: eglMakeCurrent: 0x9b8e6140: ver 3 1 (tinfo 0x997b2730)
09-19 12:01:35.073  5388  5737 D EGL_adreno: eglMakeCurrent: 0x9b8e6140: ver 3 1 (tinfo 0x997b2730)
09-19 12:01:35.088  5388  5737 D EGL_adreno: eglMakeCurrent: 0x9b8e6140: ver 3 1 (tinfo 0x997b2730)
09-19 12:01:35.091  5388  5737 D EGL_adreno: eglMakeCurrent: 0x9b8e6140: ver 3 1 (tinfo 0x997b2730)
09-19 12:01:35.106  5388  5737 D EGL_adreno: eglMakeCurrent: 0x9b8e6140: ver 3 1 (tinfo 0x997b2730)
09-19 12:01:35.108  5388  5737 D EGL_adreno: eglMakeCurrent: 0x9b8e6140: ver 3 1 (tinfo 0x997b2730)
09-19 12:01:35.119  5388  5737 D EGL_adreno: eglMakeCurrent: 0x9b8e6140: ver 3 1 (tinfo 0x997b2730)
09-19 12:01:35.121  5388  5737 D EGL_adreno: eglMakeCurrent: 0x9b8e6140: ver 3 1 (tinfo 0x997b2730)
09-19 12:01:35.136  5388  5737 D EGL_adreno: eglMakeCurrent: 0x9b8e6140: ver 3 1 (tinfo 0x997b2730)
09-19 12:01:35.138  5388  5737 D EGL_adreno: eglMakeCurrent: 0x9b8e6140: ver 3 1 (tinfo 0x997b2730)
09-19 12:01:35.140  5388  5737 D EGL_adreno: eglMakeCurrent: 0x9b8e6140: ver 3 1 (tinfo 0x997b2730)
09-19 12:01:35.855  5388  5737 D EGL_adreno: eglMakeCurrent: 0x9b8e6140: ver 3 1 (tinfo 0x997b2730)
09-19 12:01:35.869  5388  5737 D EGL_adreno: eglMakeCurrent: 0x9b8e6140: ver 3 1 (tinfo 0x997b2730)
09-19 12:01:36.266  1752  5583 D LdAppStoreUtils: onFunnelDelay=com.tanwan.sbqjly.ld
09-19 12:01:36.303  1752  5583 D LdAppStoreUtils: onFunnelDelay=com.game.crossgate.ld
09-19 12:01:36.345  1752  5583 D LdAppStoreUtils: onFunnelDelay=com.beeplaying.cardgame4
09-19 12:01:36.848  1114  1134 D audio_hw_hal: raw_start_output_stream, stream=0xc6f05140, sampleRate=48000, channel=2, bps=16, bufSize=4096
09-19 12:01:36.855  5388  5737 D EGL_adreno: eglMakeCurrent: 0x9b8e6140: ver 3 1 (tinfo 0x997b2730)
09-19 12:01:36.857  1698  1698 W ContextImpl: Calling a method in the system process without a qualified user: android.app.ContextImpl.startService:1358 android.content.ContextWrapper.startService:613 android.content.ContextWrapper.startService:613 com.android.coreservice.CoreBroadcastReceiver.onReceive:69 android.app.ActivityThread.handleReceiver:3073 
09-19 12:01:36.869  5388  5737 D EGL_adreno: eglMakeCurrent: 0x9b8e6140: ver 3 1 (tinfo 0x997b2730)
09-19 12:01:37.888  5388  5737 D EGL_adreno: eglMakeCurrent: 0x9b8e6140: ver 3 1 (tinfo 0x997b2730)
09-19 12:01:37.891  1698  1698 W ContextImpl: Calling a method in the system process without a qualified user: android.app.ContextImpl.startService:1358 android.content.ContextWrapper.startService:613 android.content.ContextWrapper.startService:613 com.android.coreservice.CoreBroadcastReceiver.onReceive:69 android.app.ActivityThread.handleReceiver:3073 
09-19 12:01:37.902  5388  5737 D EGL_adreno: eglMakeCurrent: 0x9b8e6140: ver 3 1 (tinfo 0x997b2730)
09-19 12:01:38.404  5388  5737 D EGL_adreno: eglMakeCurrent: 0x9b8e6140: ver 3 1 (tinfo 0x997b2730)
09-19 12:01:38.406  5388  5737 D EGL_adreno: eglMakeCurrent: 0x9b8e6140: ver 3 1 (tinfo 0x997b2730)
09-19 12:01:38.421  5388  5737 D EGL_adreno: eglMakeCurrent: 0x9b8e6140: ver 3 1 (tinfo 0x997b2730)
09-19 12:01:38.423  1698  1698 W ContextImpl: Calling a method in the system process without a qualified user: android.app.ContextImpl.startService:1358 android.content.ContextWrapper.startService:613 android.content.ContextWrapper.startService:613 com.android.coreservice.CoreBroadcastReceiver.onReceive:69 android.app.ActivityThread.handleReceiver:3073 
09-19 12:01:38.436  5388  5737 D EGL_adreno: eglMakeCurrent: 0x9b8e6140: ver 3 1 (tinfo 0x997b2730)
09-19 12:01:38.922  5388  5737 D EGL_adreno: eglMakeCurrent: 0x9b8e6140: ver 3 1 (tinfo 0x997b2730)
09-19 12:01:38.937  5388  5737 D EGL_adreno: eglMakeCurrent: 0x9b8e6140: ver 3 1 (tinfo 0x997b2730)
09-19 12:01:38.939  5388  5737 D EGL_adreno: eglMakeCurrent: 0x9b8e6140: ver 3 1 (tinfo 0x997b2730)
09-19 12:01:38.953  5388  5737 D EGL_adreno: eglMakeCurrent: 0x9b8e6140: ver 3 1 (tinfo 0x997b2730)
09-19 12:01:38.955  5388  5737 D EGL_adreno: eglMakeCurrent: 0x9b8e6140: ver 3 1 (tinfo 0x997b2730)
09-19 12:01:38.969  5388  5737 D EGL_adreno: eglMakeCurrent: 0x9b8e6140: ver 3 1 (tinfo 0x997b2730)
09-19 12:01:38.972  5388  5737 D EGL_adreno: eglMakeCurrent: 0x9b8e6140: ver 3 1 (tinfo 0x997b2730)
09-19 12:01:38.985  5388  5737 D EGL_adreno: eglMakeCurrent: 0x9b8e6140: ver 3 1 (tinfo 0x997b2730)
09-19 12:01:38.989  5388  5737 D EGL_adreno: eglMakeCurrent: 0x9b8e6140: ver 3 1 (tinfo 0x997b2730)
09-19 12:01:38.991  5388  5737 D EGL_adreno: eglMakeCurrent: 0x9b8e6140: ver 3 1 (tinfo 0x997b2730)
09-19 12:01:38.991  5388  5737 D EGL_adreno: eglMakeCurrent: 0x9b8e6140: ver 3 1 (tinfo 0x997b2730)
09-19 12:01:39.002  5388  5737 D EGL_adreno: eglMakeCurrent: 0x9b8e6140: ver 3 1 (tinfo 0x997b2730)
09-19 12:01:39.005  5388  5737 D EGL_adreno: eglMakeCurrent: 0x9b8e6140: ver 3 1 (tinfo 0x997b2730)
09-19 12:01:39.023  5388  5737 D EGL_adreno: eglMakeCurrent: 0x9b8e6140: ver 3 1 (tinfo 0x997b2730)
09-19 12:01:39.025  5388  5737 D EGL_adreno: eglMakeCurrent: 0x9b8e6140: ver 3 1 (tinfo 0x997b2730)
09-19 12:01:39.040  5388  5737 D EGL_adreno: eglMakeCurrent: 0x9b8e6140: ver 3 1 (tinfo 0x997b2730)
09-19 12:01:39.043  5388  5737 D EGL_adreno: eglMakeCurrent: 0x9b8e6140: ver 3 1 (tinfo 0x997b2730)
09-19 12:01:39.053  5388  5737 D EGL_adreno: eglMakeCurrent: 0x9b8e6140: ver 3 1 (tinfo 0x997b2730)
09-19 12:01:39.055  5388  5737 D EGL_adreno: eglMakeCurrent: 0x9b8e6140: ver 3 1 (tinfo 0x997b2730)
09-19 12:01:39.070  5388  5737 D EGL_adreno: eglMakeCurrent: 0x9b8e6140: ver 3 1 (tinfo 0x997b2730)
09-19 12:01:39.073  5388  5737 D EGL_adreno: eglMakeCurrent: 0x9b8e6140: ver 3 1 (tinfo 0x997b2730)
09-19 12:01:39.087  5388  5737 D EGL_adreno: eglMakeCurrent: 0x9b8e6140: ver 3 1 (tinfo 0x997b2730)
09-19 12:01:39.090  5388  5737 D EGL_adreno: eglMakeCurrent: 0x9b8e6140: ver 3 1 (tinfo 0x997b2730)
09-19 12:01:39.106  5388  5737 D EGL_adreno: eglMakeCurrent: 0x9b8e6140: ver 3 1 (tinfo 0x997b2730)
09-19 12:01:39.109  5388  5737 D EGL_adreno: eglMakeCurrent: 0x9b8e6140: ver 3 1 (tinfo 0x997b2730)
09-19 12:01:39.120  5388  5737 D EGL_adreno: eglMakeCurrent: 0x9b8e6140: ver 3 1 (tinfo 0x997b2730)
09-19 12:01:39.123  5388  5737 D EGL_adreno: eglMakeCurrent: 0x9b8e6140: ver 3 1 (tinfo 0x997b2730)
09-19 12:01:39.136  5388  5737 D EGL_adreno: eglMakeCurrent: 0x9b8e6140: ver 3 1 (tinfo 0x997b2730)
09-19 12:01:39.139  5388  5737 D EGL_adreno: eglMakeCurrent: 0x9b8e6140: ver 3 1 (tinfo 0x997b2730)
09-19 12:01:39.153  5388  5737 D EGL_adreno: eglMakeCurrent: 0x9b8e6140: ver 3 1 (tinfo 0x997b2730)
09-19 12:01:39.156  5388  5737 D EGL_adreno: eglMakeCurrent: 0x9b8e6140: ver 3 1 (tinfo 0x997b2730)
09-19 12:01:39.170  5388  5737 D EGL_adreno: eglMakeCurrent: 0x9b8e6140: ver 3 1 (tinfo 0x997b2730)
09-19 12:01:39.172  5388  5737 D EGL_adreno: eglMakeCurrent: 0x9b8e6140: ver 3 1 (tinfo 0x997b2730)
09-19 12:01:39.186  5388  5737 D EGL_adreno: eglMakeCurrent: 0x9b8e6140: ver 3 1 (tinfo 0x997b2730)
09-19 12:01:39.189  5388  5737 D EGL_adreno: eglMakeCurrent: 0x9b8e6140: ver 3 1 (tinfo 0x997b2730)
09-19 12:01:39.202  5388  5737 D EGL_adreno: eglMakeCurrent: 0x9b8e6140: ver 3 1 (tinfo 0x997b2730)
09-19 12:01:39.205  5388  5737 D EGL_adreno: eglMakeCurrent: 0x9b8e6140: ver 3 1 (tinfo 0x997b2730)
09-19 12:01:39.220  5388  5737 D EGL_adreno: eglMakeCurrent: 0x9b8e6140: ver 3 1 (tinfo 0x997b2730)
09-19 12:01:39.223  5388  5737 D EGL_adreno: eglMakeCurrent: 0x9b8e6140: ver 3 1 (tinfo 0x997b2730)
09-19 12:01:39.236  5388  5737 D EGL_adreno: eglMakeCurrent: 0x9b8e6140: ver 3 1 (tinfo 0x997b2730)
09-19 12:01:39.239  5388  5737 D EGL_adreno: eglMakeCurrent: 0x9b8e6140: ver 3 1 (tinfo 0x997b2730)
09-19 12:01:39.253  5388  5737 D EGL_adreno: eglMakeCurrent: 0x9b8e6140: ver 3 1 (tinfo 0x997b2730)
09-19 12:01:39.255  5388  5737 D EGL_adreno: eglMakeCurrent: 0x9b8e6140: ver 3 1 (tinfo 0x997b2730)
09-19 12:01:39.281  5388  5737 D EGL_adreno: eglMakeCurrent: 0x9b8e6140: ver 3 1 (tinfo 0x997b2730)
09-19 12:01:39.284  5388  5737 D EGL_adreno: eglMakeCurrent: 0x9b8e6140: ver 3 1 (tinfo 0x997b2730)
09-19 12:01:39.285  5388  5737 D EGL_adreno: eglMakeCurrent: 0x9b8e6140: ver 3 1 (tinfo 0x997b2730)
09-19 12:01:39.288  5388  5737 D EGL_adreno: eglMakeCurrent: 0x9b8e6140: ver 3 1 (tinfo 0x997b2730)
09-19 12:01:39.290  5388  5737 D EGL_adreno: eglMakeCurrent: 0x9b8e6140: ver 3 1 (tinfo 0x997b2730)
09-19 12:01:39.291  5388  5737 D EGL_adreno: eglMakeCurrent: 0x9b8e6140: ver 3 1 (tinfo 0x997b2730)
09-19 12:01:39.302  5388  5737 D EGL_adreno: eglMakeCurrent: 0x9b8e6140: ver 3 1 (tinfo 0x997b2730)
09-19 12:01:39.305  5388  5737 D EGL_adreno: eglMakeCurrent: 0x9b8e6140: ver 3 1 (tinfo 0x997b2730)
09-19 12:01:39.307  5388  5737 D EGL_adreno: eglMakeCurrent: 0x9b8e6140: ver 3 1 (tinfo 0x997b2730)
09-19 12:01:39.308  5388  5737 D EGL_adreno: eglMakeCurrent: 0x9b8e6140: ver 3 1 (tinfo 0x997b2730)
09-19 12:01:39.319  5388  5737 D EGL_adreno: eglMakeCurrent: 0x9b8e6140: ver 3 1 (tinfo 0x997b2730)
09-19 12:01:39.321  5388  5737 D EGL_adreno: eglMakeCurrent: 0x9b8e6140: ver 3 1 (tinfo 0x997b2730)
09-19 12:01:39.340  5388  5737 D EGL_adreno: eglMakeCurrent: 0x9b8e6140: ver 3 1 (tinfo 0x997b2730)
09-19 12:01:39.342  5388  5737 D EGL_adreno: eglMakeCurrent: 0x9b8e6140: ver 3 1 (tinfo 0x997b2730)
09-19 12:01:39.353  5388  5737 D EGL_adreno: eglMakeCurrent: 0x9b8e6140: ver 3 1 (tinfo 0x997b2730)
09-19 12:01:39.356  5388  5737 D EGL_adreno: eglMakeCurrent: 0x9b8e6140: ver 3 1 (tinfo 0x997b2730)
09-19 12:01:39.369  5388  5737 D EGL_adreno: eglMakeCurrent: 0x9b8e6140: ver 3 1 (tinfo 0x997b2730)
09-19 12:01:39.371  5388  5737 D EGL_adreno: eglMakeCurrent: 0x9b8e6140: ver 3 1 (tinfo 0x997b2730)
09-19 12:01:39.387  5388  5737 D EGL_adreno: eglMakeCurrent: 0x9b8e6140: ver 3 1 (tinfo 0x997b2730)
09-19 12:01:39.389  5388  5737 D EGL_adreno: eglMakeCurrent: 0x9b8e6140: ver 3 1 (tinfo 0x997b2730)
09-19 12:01:39.403  5388  5737 D EGL_adreno: eglMakeCurrent: 0x9b8e6140: ver 3 1 (tinfo 0x997b2730)
09-19 12:01:39.406  5388  5737 D EGL_adreno: eglMakeCurrent: 0x9b8e6140: ver 3 1 (tinfo 0x997b2730)
09-19 12:01:39.411  1698  1698 W ContextImpl: Calling a method in the system process without a qualified user: android.app.ContextImpl.startService:1358 android.content.ContextWrapper.startService:613 android.content.ContextWrapper.startService:613 com.android.coreservice.CoreBroadcastReceiver.onReceive:69 android.app.ActivityThread.handleReceiver:3073 
09-19 12:01:39.412  1698  1698 W ContextImpl: Calling a method in the system process without a qualified user: android.app.ContextImpl.startService:1358 android.content.ContextWrapper.startService:613 android.content.ContextWrapper.startService:613 com.android.coreservice.CoreBroadcastReceiver.onReceive:69 android.app.ActivityThread.handleReceiver:3073 
09-19 12:01:39.419  5388  5737 D EGL_adreno: eglMakeCurrent: 0x9b8e6140: ver 3 1 (tinfo 0x997b2730)
09-19 12:01:39.422  5388  5737 D EGL_adreno: eglMakeCurrent: 0x9b8e6140: ver 3 1 (tinfo 0x997b2730)
09-19 12:01:39.424  1698  1698 W ContextImpl: Calling a method in the system process without a qualified user: android.app.ContextImpl.startService:1358 android.content.ContextWrapper.startService:613 android.content.ContextWrapper.startService:613 com.android.coreservice.CoreBroadcastReceiver.onReceive:69 android.app.ActivityThread.handleReceiver:3073 
09-19 12:01:39.425  1302  1313 D NotificationService: notify pkg=android pid=1302
09-19 12:01:39.426  1302  3016 D NotificationService: notify pkg=android pid=1302
09-19 12:01:39.426  1698  1698 W ContextImpl: Calling a method in the system process without a qualified user: android.app.ContextImpl.startService:1358 android.content.ContextWrapper.startService:613 android.content.ContextWrapper.startService:613 com.android.coreservice.CoreBroadcastReceiver.onReceive:69 android.app.ActivityThread.handleReceiver:3073 
09-19 12:01:39.436  5388  5737 D EGL_adreno: eglMakeCurrent: 0x9b8e6140: ver 3 1 (tinfo 0x997b2730)
09-19 12:01:39.440  5388  5737 D EGL_adreno: eglMakeCurrent: 0x9b8e6140: ver 3 1 (tinfo 0x997b2730)
09-19 12:01:39.445  2010  3719 E EGL_adreno: tid 3719: eglSurfaceAttrib(1338): error 0x3009 (EGL_BAD_MATCH)
09-19 12:01:39.445  2010  3719 W OpenGLRenderer: Failed to set EGL_SWAP_BEHAVIOR on surface 0xb8f746c0, error=EGL_BAD_MATCH
09-19 12:01:39.453  5388  5737 D EGL_adreno: eglMakeCurrent: 0x9b8e6140: ver 3 1 (tinfo 0x997b2730)
09-19 12:01:39.456  5388  5737 D EGL_adreno: eglMakeCurrent: 0x9b8e6140: ver 3 1 (tinfo 0x997b2730)
09-19 12:01:39.471  5388  5737 D EGL_adreno: eglMakeCurrent: 0x9b8e6140: ver 3 1 (tinfo 0x997b2730)
09-19 12:01:39.474  5388  5737 D EGL_adreno: eglMakeCurrent: 0x9b8e6140: ver 3 1 (tinfo 0x997b2730)
09-19 12:01:39.487  5388  5737 D EGL_adreno: eglMakeCurrent: 0x9b8e6140: ver 3 1 (tinfo 0x997b2730)
09-19 12:01:39.490  5388  5737 D EGL_adreno: eglMakeCurrent: 0x9b8e6140: ver 3 1 (tinfo 0x997b2730)
09-19 12:01:39.502  5388  5737 D EGL_adreno: eglMakeCurrent: 0x9b8e6140: ver 3 1 (tinfo 0x997b2730)
09-19 12:01:39.505  5388  5737 D EGL_adreno: eglMakeCurrent: 0x9b8e6140: ver 3 1 (tinfo 0x997b2730)
09-19 12:01:39.506  5388  5737 D EGL_adreno: eglMakeCurrent: 0x9b8e6140: ver 3 1 (tinfo 0x997b2730)
09-19 12:01:39.507  5388  5737 D EGL_adreno: eglMakeCurrent: 0x9b8e6140: ver 3 1 (tinfo 0x997b2730)
09-19 12:01:39.529  5388  5737 D EGL_adreno: eglMakeCurrent: 0x9b8e6140: ver 3 1 (tinfo 0x997b2730)
09-19 12:01:39.532  5388  5737 D EGL_adreno: eglMakeCurrent: 0x9b8e6140: ver 3 1 (tinfo 0x997b2730)
09-19 12:01:39.535  5388  5737 D EGL_adreno: eglMakeCurrent: 0x9b8e6140: ver 3 1 (tinfo 0x997b2730)
09-19 12:01:39.538  5388  5737 D EGL_adreno: eglMakeCurrent: 0x9b8e6140: ver 3 1 (tinfo 0x997b2730)
09-19 12:01:39.542  5388  5737 D EGL_adreno: eglMakeCurrent: 0x9b8e6140: ver 3 1 (tinfo 0x997b2730)
09-19 12:01:39.542  5388  5737 D EGL_adreno: eglMakeCurrent: 0x9b8e6140: ver 3 1 (tinfo 0x997b2730)
09-19 12:01:39.553  5388  5737 D EGL_adreno: eglMakeCurrent: 0x9b8e6140: ver 3 1 (tinfo 0x997b2730)
09-19 12:01:39.556  5388  5737 D EGL_adreno: eglMakeCurrent: 0x9b8e6140: ver 3 1 (tinfo 0x997b2730)
09-19 12:01:39.568  5388  5737 D EGL_adreno: eglMakeCurrent: 0x9b8e6140: ver 3 1 (tinfo 0x997b2730)
09-19 12:01:39.571  5388  5737 D EGL_adreno: eglMakeCurrent: 0x9b8e6140: ver 3 1 (tinfo 0x997b2730)
09-19 12:01:39.573  5388  5737 D EGL_adreno: eglMakeCurrent: 0x9b8e6140: ver 3 1 (tinfo 0x997b2730)
09-19 12:01:39.574  5388  5737 D EGL_adreno: eglMakeCurrent: 0x9b8e6140: ver 3 1 (tinfo 0x997b2730)
09-19 12:01:39.586  5388  5737 D EGL_adreno: eglMakeCurrent: 0x9b8e6140: ver 3 1 (tinfo 0x997b2730)
09-19 12:01:39.589  5388  5737 D EGL_adreno: eglMakeCurrent: 0x9b8e6140: ver 3 1 (tinfo 0x997b2730)
09-19 12:01:39.603  5388  5737 D EGL_adreno: eglMakeCurrent: 0x9b8e6140: ver 3 1 (tinfo 0x997b2730)
09-19 12:01:39.606  5388  5737 D EGL_adreno: eglMakeCurrent: 0x9b8e6140: ver 3 1 (tinfo 0x997b2730)
09-19 12:01:39.620  5388  5737 D EGL_adreno: eglMakeCurrent: 0x9b8e6140: ver 3 1 (tinfo 0x997b2730)
09-19 12:01:39.622  5388  5737 D EGL_adreno: eglMakeCurrent: 0x9b8e6140: ver 3 1 (tinfo 0x997b2730)
09-19 12:01:39.636  5388  5737 D EGL_adreno: eglMakeCurrent: 0x9b8e6140: ver 3 1 (tinfo 0x997b2730)
09-19 12:01:39.639  5388  5737 D EGL_adreno: eglMakeCurrent: 0x9b8e6140: ver 3 1 (tinfo 0x997b2730)
09-19 12:01:39.656  5388  5737 D EGL_adreno: eglMakeCurrent: 0x9b8e6140: ver 3 1 (tinfo 0x997b2730)
09-19 12:01:39.659  5388  5737 D EGL_adreno: eglMakeCurrent: 0x9b8e6140: ver 3 1 (tinfo 0x997b2730)
09-19 12:01:39.670  5388  5737 D EGL_adreno: eglMakeCurrent: 0x9b8e6140: ver 3 1 (tinfo 0x997b2730)
09-19 12:01:39.672  5388  5737 D EGL_adreno: eglMakeCurrent: 0x9b8e6140: ver 3 1 (tinfo 0x997b2730)
09-19 12:01:39.687  5388  5737 D EGL_adreno: eglMakeCurrent: 0x9b8e6140: ver 3 1 (tinfo 0x997b2730)
09-19 12:01:39.690  5388  5737 D EGL_adreno: eglMakeCurrent: 0x9b8e6140: ver 3 1 (tinfo 0x997b2730)
09-19 12:01:39.702  5388  5737 D EGL_adreno: eglMakeCurrent: 0x9b8e6140: ver 3 1 (tinfo 0x997b2730)
09-19 12:01:39.705  5388  5737 D EGL_adreno: eglMakeCurrent: 0x9b8e6140: ver 3 1 (tinfo 0x997b2730)
09-19 12:01:39.707  5388  5737 D EGL_adreno: eglMakeCurrent: 0x9b8e6140: ver 3 1 (tinfo 0x997b2730)
09-19 12:01:39.707  5388  5737 D EGL_adreno: eglMakeCurrent: 0x9b8e6140: ver 3 1 (tinfo 0x997b2730)
09-19 12:01:39.719  5388  5737 D EGL_adreno: eglMakeCurrent: 0x9b8e6140: ver 3 1 (tinfo 0x997b2730)
09-19 12:01:39.722  5388  5737 D EGL_adreno: eglMakeCurrent: 0x9b8e6140: ver 3 1 (tinfo 0x997b2730)
09-19 12:01:39.736  5388  5737 D EGL_adreno: eglMakeCurrent: 0x9b8e6140: ver 3 1 (tinfo 0x997b2730)
09-19 12:01:39.939  5388  5737 D EGL_adreno: eglMakeCurrent: 0x9b8e6140: ver 3 1 (tinfo 0x997b2730)
09-19 12:01:39.953  5388  5737 D EGL_adreno: eglMakeCurrent: 0x9b8e6140: ver 3 1 (tinfo 0x997b2730)
09-19 12:01:40.421  2010  2010 W InputService: onEvaluateInputViewShown inputType=0 imeOptions=0
09-19 12:01:40.421  2010  2010 W InputService: onEvaluateInputViewShown inputType=0 imeOptions=0
09-19 12:01:40.421  1302  3015 D NotificationService: notify pkg=android pid=1302
09-19 12:01:40.422  1698  1698 W ContextImpl: Calling a method in the system process without a qualified user: android.app.ContextImpl.startService:1358 android.content.ContextWrapper.startService:613 android.content.ContextWrapper.startService:613 com.android.coreservice.CoreBroadcastReceiver.onReceive:69 android.app.ActivityThread.handleReceiver:3073 
09-19 12:01:40.423  5388  5737 D EGL_adreno: eglMakeCurrent: 0x9b8e6140: ver 3 1 (tinfo 0x997b2730)
09-19 12:01:40.435  5388  5737 D EGL_adreno: eglMakeCurrent: 0x9b8e6140: ver 3 1 (tinfo 0x997b2730)
09-19 12:01:40.436  5388  5388 W IInputConnectionWrapper: finishComposingText on inactive InputConnection
09-19 12:01:40.821  5388  5747 E FirebaseMessaging: Failed to get FIS auth token
09-19 12:01:40.821  5388  5747 E FirebaseMessaging: java.util.concurrent.ExecutionException: b.s.d.t.i: Firebase Installations Service is unavailable. Please try again later.
09-19 12:01:40.821  5388  5747 E FirebaseMessaging: 	at com.google.android.gms.tasks.Tasks.zza(com.google.android.gms:play-services-tasks@@17.2.1:5)
09-19 12:01:40.821  5388  5747 E FirebaseMessaging: 	at com.google.android.gms.tasks.Tasks.await(com.google.android.gms:play-services-tasks@@17.2.1:8)
09-19 12:01:40.821  5388  5747 E FirebaseMessaging: 	at b.s.d.v.z.b(com.google.firebase:firebase-messaging@@22.0.0:24)
09-19 12:01:40.821  5388  5747 E FirebaseMessaging: 	at b.s.d.v.u.then(com.google.firebase:firebase-messaging@@22.0.0:14)
09-19 12:01:40.821  5388  5747 E FirebaseMessaging: 	at com.google.android.gms.tasks.zze.run(com.google.android.gms:play-services-tasks@@17.2.1:1)
09-19 12:01:40.821  5388  5747 E FirebaseMessaging: 	at java.util.concurrent.ThreadPoolExecutor.runWorker(ThreadPoolExecutor.java:1133)
09-19 12:01:40.821  5388  5747 E FirebaseMessaging: 	at java.util.concurrent.ThreadPoolExecutor$Worker.run(ThreadPoolExecutor.java:607)
09-19 12:01:40.821  5388  5747 E FirebaseMessaging: 	at com.google.android.gms.common.util.concurrent.zza.run(com.google.android.gms:play-services-basement@@18.0.0:2)
09-19 12:01:40.821  5388  5747 E FirebaseMessaging: 	at java.lang.Thread.run(Thread.java:761)
09-19 12:01:40.821  5388  5747 E FirebaseMessaging: Caused by: b.s.d.t.i: Firebase Installations Service is unavailable. Please try again later.
09-19 12:01:40.821  5388  5747 E FirebaseMessaging: 	at b.s.d.t.g.j(FirebaseInstallations.java:76)
09-19 12:01:40.821  5388  5747 E FirebaseMessaging: 	at b.s.d.t.a.run(lambda:16)
09-19 12:01:40.821  5388  5747 E FirebaseMessaging: 	at java.util.concurrent.ThreadPoolExecutor.runWorker(ThreadPoolExecutor.java:1133)
09-19 12:01:40.821  5388  5747 E FirebaseMessaging: 	at java.util.concurrent.ThreadPoolExecutor$Worker.run(ThreadPoolExecutor.java:607)
09-19 12:01:40.821  5388  5747 E FirebaseMessaging: 	... 1 more
09-19 12:01:40.821  5388  5747 W Metadata: Failed to find package android.content.pm.PackageManager$NameNotFoundException: com.google.android.gms
09-19 12:01:40.822  5388  5747 E Metadata: Google Play services missing or without correct permission.
09-19 12:01:40.926  1698  1698 W ContextImpl: Calling a method in the system process without a qualified user: android.app.ContextImpl.startService:1358 android.content.ContextWrapper.startService:613 android.content.ContextWrapper.startService:613 com.android.coreservice.CoreBroadcastReceiver.onReceive:69 android.app.ActivityThread.handleReceiver:3073 
09-19 12:01:40.939  5388  5737 D EGL_adreno: eglMakeCurrent: 0x9b8e6140: ver 3 1 (tinfo 0x997b2730)
09-19 12:01:40.953  5388  5737 D EGL_adreno: eglMakeCurrent: 0x9b8e6140: ver 3 1 (tinfo 0x997b2730)
09-19 12:01:42.969  5388  5388 D IMTyping: releaseTyping...
09-19 12:01:42.970  5388  5388 D IMContract: markMessageAsRead conversation is null
09-19 12:01:42.974  1698  1698 W ContextImpl: Calling a method in the system process without a qualified user: android.app.ContextImpl.startService:1358 android.content.ContextWrapper.startService:613 android.content.ContextWrapper.startService:613 com.android.coreservice.CoreBroadcastReceiver.onReceive:44 android.app.ActivityThread.handleReceiver:3073 
09-19 12:01:42.988  1698  1698 W ContextImpl: Calling a method in the system process without a qualified user: android.app.ContextImpl.startService:1358 android.content.ContextWrapper.startService:613 android.content.ContextWrapper.startService:613 com.android.coreservice.CoreBroadcastReceiver.onReceive:53 android.app.ActivityThread.handleReceiver:3073 
09-19 12:01:42.990  1698  1698 W ContextImpl: Calling a method in the system process without a qualified user: android.app.ContextImpl.startService:1358 android.content.ContextWrapper.startService:613 android.content.ContextWrapper.startService:613 com.android.coreservice.CoreBroadcastReceiver.onReceive:69 android.app.ActivityThread.handleReceiver:3073 
09-19 12:01:43.019  5388  5737 D EGL_adreno: eglMakeCurrent: 0x9b8e6140: ver 3 1 (tinfo 0x997b2730)
09-19 12:01:43.022  5388  5737 D EGL_adreno: eglMakeCurrent: 0x9b8e6140: ver 3 1 (tinfo 0x997b2730)
09-19 12:01:44.231  1302  5332 I ActivityManager: START u0 {cmp=com.litatom.app/com.lit.app.ui.feed.DetailsActivity (has extras)} from uid 10038 on display 0
09-19 12:01:44.234  1698  1698 W ContextImpl: Calling a method in the system process without a qualified user: android.app.ContextImpl.startService:1358 android.content.ContextWrapper.startService:613 android.content.ContextWrapper.startService:613 com.android.coreservice.CoreBroadcastReceiver.onReceive:44 android.app.ActivityThread.handleReceiver:3073 
09-19 12:01:44.240  5388  5737 D EGL_adreno: eglMakeCurrent: 0x9b8e6140: ver 3 1 (tinfo 0x997b2730)
09-19 12:01:44.255  5388  5737 D EGL_adreno: eglMakeCurrent: 0x9b8e6140: ver 3 1 (tinfo 0x997b2730)
09-19 12:01:44.261  5388  5388 I AppCompatViewInflater: app:theme is now deprecated. Please move to using android:theme instead.
09-19 12:01:44.263  5388  5388 D BaseActivity: isNightMode ==> false , isSystemDarkOpen ==> false , isFollowSystemMode() ==> false
09-19 12:01:44.303  1698  1698 W ContextImpl: Calling a method in the system process without a qualified user: android.app.ContextImpl.startService:1358 android.content.ContextWrapper.startService:613 android.content.ContextWrapper.startService:613 com.android.coreservice.CoreBroadcastReceiver.onReceive:53 android.app.ActivityThread.handleReceiver:3073 
09-19 12:01:44.348  5388  5737 E EGL_adreno: tid 5737: eglSurfaceAttrib(1338): error 0x3009 (EGL_BAD_MATCH)
09-19 12:01:44.348  5388  5737 W OpenGLRenderer: Failed to set EGL_SWAP_BEHAVIOR on surface 0x977fd2e0, error=EGL_BAD_MATCH
09-19 12:01:44.354  5388  5737 D EGL_adreno: eglMakeCurrent: 0x9b8e6140: ver 3 1 (tinfo 0x997b2730)
09-19 12:01:44.375  1302  1323 I ActivityManager: Displayed com.litatom.app/com.lit.app.ui.feed.DetailsActivity: +137ms
09-19 12:01:44.376  1698  1698 W ContextImpl: Calling a method in the system process without a qualified user: android.app.ContextImpl.startService:1358 android.content.ContextWrapper.startService:613 android.content.ContextWrapper.startService:613 com.android.coreservice.CoreBroadcastReceiver.onReceive:69 android.app.ActivityThread.handleReceiver:3073 
09-19 12:01:44.376  5388  5737 D EGL_adreno: eglMakeCurrent: 0x9b8e6140: ver 3 1 (tinfo 0x997b2730)
09-19 12:01:44.380  5388  5737 D EGL_adreno: eglMakeCurrent: 0x9b8e6140: ver 3 1 (tinfo 0x997b2730)
09-19 12:01:44.388  5388  5737 D EGL_adreno: eglMakeCurrent: 0x9b8e6140: ver 3 1 (tinfo 0x997b2730)
09-19 12:01:44.391  5388  5737 D EGL_adreno: eglMakeCurrent: 0x9b8e6140: ver 3 1 (tinfo 0x997b2730)
09-19 12:01:44.403  5388  5737 D EGL_adreno: eglMakeCurrent: 0x9b8e6140: ver 3 1 (tinfo 0x997b2730)
09-19 12:01:44.405  5388  5737 D EGL_adreno: eglMakeCurrent: 0x9b8e6140: ver 3 1 (tinfo 0x997b2730)
09-19 12:01:44.419  5388  5737 D EGL_adreno: eglMakeCurrent: 0x9b8e6140: ver 3 1 (tinfo 0x997b2730)
09-19 12:01:44.422  5388  5737 D EGL_adreno: eglMakeCurrent: 0x9b8e6140: ver 3 1 (tinfo 0x997b2730)
09-19 12:01:44.435  5388  5737 D EGL_adreno: eglMakeCurrent: 0x9b8e6140: ver 3 1 (tinfo 0x997b2730)
09-19 12:01:44.438  5388  5737 D EGL_adreno: eglMakeCurrent: 0x9b8e6140: ver 3 1 (tinfo 0x997b2730)
09-19 12:01:44.440  5388  5737 D EGL_adreno: eglMakeCurrent: 0x9b8e6140: ver 3 1 (tinfo 0x997b2730)
09-19 12:01:44.453  5388  5737 D EGL_adreno: eglMakeCurrent: 0x9b8e6140: ver 3 1 (tinfo 0x997b2730)
09-19 12:01:44.457  5388  5737 D EGL_adreno: eglMakeCurrent: 0x9b8e6140: ver 3 1 (tinfo 0x997b2730)
09-19 12:01:44.459  5388  5737 D EGL_adreno: eglMakeCurrent: 0x9b8e6140: ver 3 1 (tinfo 0x997b2730)
09-19 12:01:44.469  5388  5737 D EGL_adreno: eglMakeCurrent: 0x9b8e6140: ver 3 1 (tinfo 0x997b2730)
09-19 12:01:44.473  5388  5737 D EGL_adreno: eglMakeCurrent: 0x9b8e6140: ver 3 1 (tinfo 0x997b2730)
09-19 12:01:44.485  5388  5737 D EGL_adreno: eglMakeCurrent: 0x9b8e6140: ver 3 1 (tinfo 0x997b2730)
09-19 12:01:44.607  5388  5737 D EGL_adreno: eglMakeCurrent: 0x9b8e6140: ver 3 1 (tinfo 0x997b2730)
09-19 12:01:44.619  5388  5737 D EGL_adreno: eglMakeCurrent: 0x9b8e6140: ver 3 1 (tinfo 0x997b2730)
09-19 12:01:44.622  5388  5737 D EGL_adreno: eglMakeCurrent: 0x9b8e6140: ver 3 1 (tinfo 0x997b2730)
09-19 12:01:44.638  5388  5737 D EGL_adreno: eglMakeCurrent: 0x9b8e6140: ver 3 1 (tinfo 0x997b2730)
09-19 12:01:44.640  5388  5737 D EGL_adreno: eglMakeCurrent: 0x9b8e6140: ver 3 1 (tinfo 0x997b2730)
09-19 12:01:44.652  5388  5737 D EGL_adreno: eglMakeCurrent: 0x9b8e6140: ver 3 1 (tinfo 0x997b2730)
09-19 12:01:44.989  5388  5737 D EGL_adreno: eglMakeCurrent: 0x9b8e6140: ver 3 1 (tinfo 0x997b2730)
09-19 12:01:44.991  1698  1698 W ContextImpl: Calling a method in the system process without a qualified user: android.app.ContextImpl.startService:1358 android.content.ContextWrapper.startService:613 android.content.ContextWrapper.startService:613 com.android.coreservice.CoreBroadcastReceiver.onReceive:69 android.app.ActivityThread.handleReceiver:3073 
09-19 12:01:45.003  5388  5737 D EGL_adreno: eglMakeCurrent: 0x9b8e6140: ver 3 1 (tinfo 0x997b2730)
09-19 12:01:45.006  5388  5737 D EGL_adreno: eglMakeCurrent: 0x9b8e6140: ver 3 1 (tinfo 0x997b2730)
09-19 12:01:45.019  5388  5737 D EGL_adreno: eglMakeCurrent: 0x9b8e6140: ver 3 1 (tinfo 0x997b2730)
09-19 12:01:45.022  5388  5737 D EGL_adreno: eglMakeCurrent: 0x9b8e6140: ver 3 1 (tinfo 0x997b2730)
09-19 12:01:45.036  5388  5737 D EGL_adreno: eglMakeCurrent: 0x9b8e6140: ver 3 1 (tinfo 0x997b2730)
09-19 12:01:45.039  5388  5737 D EGL_adreno: eglMakeCurrent: 0x9b8e6140: ver 3 1 (tinfo 0x997b2730)
09-19 12:01:45.053  5388  5737 D EGL_adreno: eglMakeCurrent: 0x9b8e6140: ver 3 1 (tinfo 0x997b2730)
09-19 12:01:45.055  5388  5737 D EGL_adreno: eglMakeCurrent: 0x9b8e6140: ver 3 1 (tinfo 0x997b2730)
09-19 12:01:45.069  5388  5737 D EGL_adreno: eglMakeCurrent: 0x9b8e6140: ver 3 1 (tinfo 0x997b2730)
09-19 12:01:45.072  5388  5737 D EGL_adreno: eglMakeCurrent: 0x9b8e6140: ver 3 1 (tinfo 0x997b2730)
09-19 12:01:45.086  5388  5737 D EGL_adreno: eglMakeCurrent: 0x9b8e6140: ver 3 1 (tinfo 0x997b2730)
09-19 12:01:45.089  5388  5737 D EGL_adreno: eglMakeCurrent: 0x9b8e6140: ver 3 1 (tinfo 0x997b2730)
09-19 12:01:45.102  5388  5737 D EGL_adreno: eglMakeCurrent: 0x9b8e6140: ver 3 1 (tinfo 0x997b2730)
09-19 12:01:45.107  5388  5737 D EGL_adreno: eglMakeCurrent: 0x9b8e6140: ver 3 1 (tinfo 0x997b2730)
09-19 12:01:45.120  5388  5737 D EGL_adreno: eglMakeCurrent: 0x9b8e6140: ver 3 1 (tinfo 0x997b2730)
09-19 12:01:45.123  5388  5737 D EGL_adreno: eglMakeCurrent: 0x9b8e6140: ver 3 1 (tinfo 0x997b2730)
09-19 12:01:45.138  5388  5737 D EGL_adreno: eglMakeCurrent: 0x9b8e6140: ver 3 1 (tinfo 0x997b2730)
09-19 12:01:45.478  1302  3017 I ActivityManager: Setting hasTopUi=true for pid=1394
09-19 12:01:45.478  1394  1394 D PhoneStatusBar: disable: < expand ICONS* alerts SYSTEM_INFO* back home recent clock search quick_settings >
09-19 12:01:45.482  1302  1617 W VibratorService: Tried to stop vibrating but there is no vibrator device.
09-19 12:01:45.488  5388  5737 D EGL_adreno: eglMakeCurrent: 0x9b8e6140: ver 3 1 (tinfo 0x997b2730)
09-19 12:01:45.490  5388  5737 D EGL_adreno: eglMakeCurrent: 0x9b8e6140: ver 3 1 (tinfo 0x997b2730)
09-19 12:01:45.506  1394  1647 D EGL_adreno: eglMakeCurrent: 0xa7012860: ver 3 1 (tinfo 0xa7014600)
09-19 12:01:45.517  5388  5737 D EGL_adreno: eglMakeCurrent: 0x9b8e6140: ver 3 1 (tinfo 0x997b2730)
09-19 12:01:45.524  5388  5737 D EGL_adreno: eglMakeCurrent: 0x9b8e6140: ver 3 1 (tinfo 0x997b2730)
09-19 12:01:45.526  1394  1647 E EGL_adreno: tid 1647: eglSurfaceAttrib(1338): error 0x3009 (EGL_BAD_MATCH)
09-19 12:01:45.526  1394  1647 W OpenGLRenderer: Failed to set EGL_SWAP_BEHAVIOR on surface 0xa45ae940, error=EGL_BAD_MATCH
09-19 12:01:45.527  1394  1647 D EGL_adreno: eglMakeCurrent: 0xa7012860: ver 3 1 (tinfo 0xa7014600)
09-19 12:01:45.544  5388  5737 D EGL_adreno: eglMakeCurrent: 0x9b8e6140: ver 3 1 (tinfo 0x997b2730)
09-19 12:01:45.548  5388  5737 D EGL_adreno: eglMakeCurrent: 0x9b8e6140: ver 3 1 (tinfo 0x997b2730)
09-19 12:01:45.575  5388  5737 D EGL_adreno: eglMakeCurrent: 0x9b8e6140: ver 3 1 (tinfo 0x997b2730)
09-19 12:01:45.594  5388  5737 D EGL_adreno: eglMakeCurrent: 0x9b8e6140: ver 3 1 (tinfo 0x997b2730)
09-19 12:01:45.608  5388  5737 D EGL_adreno: eglMakeCurrent: 0x9b8e6140: ver 3 1 (tinfo 0x997b2730)
09-19 12:01:45.613  5388  5737 D EGL_adreno: eglMakeCurrent: 0x9b8e6140: ver 3 1 (tinfo 0x997b2730)
09-19 12:01:45.640  5388  5737 D EGL_adreno: eglMakeCurrent: 0x9b8e6140: ver 3 1 (tinfo 0x997b2730)
09-19 12:01:45.653  5388  5737 D EGL_adreno: eglMakeCurrent: 0x9b8e6140: ver 3 1 (tinfo 0x997b2730)
09-19 12:01:45.656  5388  5737 D EGL_adreno: eglMakeCurrent: 0x9b8e6140: ver 3 1 (tinfo 0x997b2730)
09-19 12:01:45.670  5388  5737 D EGL_adreno: eglMakeCurrent: 0x9b8e6140: ver 3 1 (tinfo 0x997b2730)
09-19 12:01:45.675  5388  5737 D EGL_adreno: eglMakeCurrent: 0x9b8e6140: ver 3 1 (tinfo 0x997b2730)
09-19 12:01:45.686  5388  5737 D EGL_adreno: eglMakeCurrent: 0x9b8e6140: ver 3 1 (tinfo 0x997b2730)
09-19 12:01:45.692  5388  5737 D EGL_adreno: eglMakeCurrent: 0x9b8e6140: ver 3 1 (tinfo 0x997b2730)
09-19 12:01:45.702  5388  5737 D EGL_adreno: eglMakeCurrent: 0x9b8e6140: ver 3 1 (tinfo 0x997b2730)
09-19 12:01:45.706  5388  5737 D EGL_adreno: eglMakeCurrent: 0x9b8e6140: ver 3 1 (tinfo 0x997b2730)
09-19 12:01:45.719  5388  5737 D EGL_adreno: eglMakeCurrent: 0x9b8e6140: ver 3 1 (tinfo 0x997b2730)
09-19 12:01:45.723  5388  5737 D EGL_adreno: eglMakeCurrent: 0x9b8e6140: ver 3 1 (tinfo 0x997b2730)
09-19 12:01:45.743  5388  5737 D EGL_adreno: eglMakeCurrent: 0x9b8e6140: ver 3 1 (tinfo 0x997b2730)
09-19 12:01:45.757  5388  5737 D EGL_adreno: eglMakeCurrent: 0x9b8e6140: ver 3 1 (tinfo 0x997b2730)
09-19 12:01:45.772  5388  5737 D EGL_adreno: eglMakeCurrent: 0x9b8e6140: ver 3 1 (tinfo 0x997b2730)
09-19 12:01:45.775  5388  5737 D EGL_adreno: eglMakeCurrent: 0x9b8e6140: ver 3 1 (tinfo 0x997b2730)
09-19 12:01:45.793  5388  5737 D EGL_adreno: eglMakeCurrent: 0x9b8e6140: ver 3 1 (tinfo 0x997b2730)
09-19 12:01:45.807  5388  5737 D EGL_adreno: eglMakeCurrent: 0x9b8e6140: ver 3 1 (tinfo 0x997b2730)
09-19 12:01:45.820  5388  5737 D EGL_adreno: eglMakeCurrent: 0x9b8e6140: ver 3 1 (tinfo 0x997b2730)
09-19 12:01:45.823  5388  5737 D EGL_adreno: eglMakeCurrent: 0x9b8e6140: ver 3 1 (tinfo 0x997b2730)
09-19 12:01:45.835  5388  5737 D EGL_adreno: eglMakeCurrent: 0x9b8e6140: ver 3 1 (tinfo 0x997b2730)
09-19 12:01:45.839  5388  5737 D EGL_adreno: eglMakeCurrent: 0x9b8e6140: ver 3 1 (tinfo 0x997b2730)
09-19 12:01:45.853  5388  5737 D EGL_adreno: eglMakeCurrent: 0x9b8e6140: ver 3 1 (tinfo 0x997b2730)
09-19 12:01:45.857  5388  5737 D EGL_adreno: eglMakeCurrent: 0x9b8e6140: ver 3 1 (tinfo 0x997b2730)
09-19 12:01:45.869  5388  5737 D EGL_adreno: eglMakeCurrent: 0x9b8e6140: ver 3 1 (tinfo 0x997b2730)
09-19 12:01:45.873  5388  5737 D EGL_adreno: eglMakeCurrent: 0x9b8e6140: ver 3 1 (tinfo 0x997b2730)
09-19 12:01:45.887  5388  5737 D EGL_adreno: eglMakeCurrent: 0x9b8e6140: ver 3 1 (tinfo 0x997b2730)
09-19 12:01:45.891  5388  5737 D EGL_adreno: eglMakeCurrent: 0x9b8e6140: ver 3 1 (tinfo 0x997b2730)
09-19 12:01:45.902  5388  5737 D EGL_adreno: eglMakeCurrent: 0x9b8e6140: ver 3 1 (tinfo 0x997b2730)
09-19 12:01:45.906  5388  5737 D EGL_adreno: eglMakeCurrent: 0x9b8e6140: ver 3 1 (tinfo 0x997b2730)
09-19 12:01:45.918  5388  5737 D EGL_adreno: eglMakeCurrent: 0x9b8e6140: ver 3 1 (tinfo 0x997b2730)
09-19 12:01:45.923  5388  5737 D EGL_adreno: eglMakeCurrent: 0x9b8e6140: ver 3 1 (tinfo 0x997b2730)
09-19 12:01:45.936  5388  5737 D EGL_adreno: eglMakeCurrent: 0x9b8e6140: ver 3 1 (tinfo 0x997b2730)
09-19 12:01:45.939  5388  5737 D EGL_adreno: eglMakeCurrent: 0x9b8e6140: ver 3 1 (tinfo 0x997b2730)
09-19 12:01:45.952  5388  5737 D EGL_adreno: eglMakeCurrent: 0x9b8e6140: ver 3 1 (tinfo 0x997b2730)
09-19 12:01:45.955  5388  5737 D EGL_adreno: eglMakeCurrent: 0x9b8e6140: ver 3 1 (tinfo 0x997b2730)
09-19 12:01:45.970  5388  5737 D EGL_adreno: eglMakeCurrent: 0x9b8e6140: ver 3 1 (tinfo 0x997b2730)
09-19 12:01:45.974  5388  5737 D EGL_adreno: eglMakeCurrent: 0x9b8e6140: ver 3 1 (tinfo 0x997b2730)
09-19 12:01:45.986  5388  5737 D EGL_adreno: eglMakeCurrent: 0x9b8e6140: ver 3 1 (tinfo 0x997b2730)
09-19 12:01:47.012  1302  1317 D sensor_hal: cb_activate handle=0 enabled=0
09-19 12:01:47.015  1302  1317 D sensor_hal: cb_activate handle=0 enabled=1
09-19 12:01:47.015  1302  1317 D sensor_hal: cb_setDelay handle=0 delay-ns=200000000
09-19 12:01:47.033  5402  5402 I art     : System.exit called, status: 0
09-19 12:01:47.033  5402  5402 I AndroidRuntime: VM exiting with result code 0.
09-19 12:01:50.134  1114  1134 D audio_hw_hal: log_func, out_standby
09-19 12:01:50.135  1114  1134 D audio_hw_hal: raw_close_output_stream, dev=0xc6f0a0c0, stream =0xc6f05140
09-19 12:01:50.135  1114  1134 D audio_hw_hal: raw_close_output_stream, stream=0xc6f05140,  success!
09-19 12:01:52.964  1302  1316 W ActivityManager: Launch timeout has expired, giving up wake lock!
09-19 12:02:01.776  1302  1357 D WifiStateMachine: setScanResults mScanResults.size=1
09-19 12:03:21.318  5388  5512 D ONE SDK : [2022/09/19 12:03:21:318]: log: level: 1, area: 1, NO unread queue, an response for ping?
09-19 12:03:21.318  5388  5512 D ONE SDK : [2022/09/19 12:03:21:318]: native_1sendPing
09-19 12:04:41.770  1302  1357 D WifiStateMachine: setScanResults mScanResults.size=1
09-19 12:04:55.586  1302  3019 W InputMethodManagerService: Window already focused, ignoring focus gain of: com.android.internal.view.IInputMethodClient$Stub$Proxy@c15e8d1 attribute=android.view.inputmethod.EditorInfo@4e9ff36, token = android.os.BinderProxy@e00df99
09-19 12:04:55.587  1302  1545 I ActivityManager: Setting hasTopUi=false for pid=1394
09-19 12:04:55.588  1394  1394 D PhoneStatusBar: disable: < expand icons* alerts system_info* back home recent clock search quick_settings >
09-19 12:04:55.588  1698  1698 W ContextImpl: Calling a method in the system process without a qualified user: android.app.ContextImpl.startService:1358 android.content.ContextWrapper.startService:613 android.content.ContextWrapper.startService:613 com.android.coreservice.CoreBroadcastReceiver.onReceive:69 android.app.ActivityThread.handleReceiver:3073 
09-19 12:04:55.605  5388  5737 D EGL_adreno: eglMakeCurrent: 0x9b8e6140: ver 3 1 (tinfo 0x997b2730)
09-19 12:04:55.619  5388  5737 D EGL_adreno: eglMakeCurrent: 0x9b8e6140: ver 3 1 (tinfo 0x997b2730)
09-19 12:04:55.620  1394  1647 D EGL_adreno: eglMakeCurrent: 0xa7012860: ver 3 1 (tinfo 0xa7014600)
09-19 12:04:55.638  1394  1647 E EGL_adreno: tid 1647: eglSurfaceAttrib(1338): error 0x3009 (EGL_BAD_MATCH)
09-19 12:04:55.638  1394  1647 W OpenGLRenderer: Failed to set EGL_SWAP_BEHAVIOR on surface 0xa45b1c20, error=EGL_BAD_MATCH
09-19 12:04:55.640  1394  1647 D EGL_adreno: eglMakeCurrent: 0xa7012860: ver 3 1 (tinfo 0xa7014600)
09-19 12:04:56.638  5388  5737 D EGL_adreno: eglMakeCurrent: 0x9b8e6140: ver 3 1 (tinfo 0x997b2730)
09-19 12:04:56.640  1114  1134 D audio_hw_hal: raw_start_output_stream, stream=0xc6f05140, sampleRate=48000, channel=2, bps=16, bufSize=4096
09-19 12:04:56.652  5388  5737 D EGL_adreno: eglMakeCurrent: 0x9b8e6140: ver 3 1 (tinfo 0x997b2730)
09-19 12:04:56.655  5388  5737 D EGL_adreno: eglMakeCurrent: 0x9b8e6140: ver 3 1 (tinfo 0x997b2730)
09-19 12:04:56.663  1698  1698 W ContextImpl: Calling a method in the system process without a qualified user: android.app.ContextImpl.startService:1358 android.content.ContextWrapper.startService:613 android.content.ContextWrapper.startService:613 com.android.coreservice.CoreBroadcastReceiver.onReceive:44 android.app.ActivityThread.handleReceiver:3073 
09-19 12:04:56.663  5388  5737 D EGL_adreno: eglMakeCurrent: 0x9b8e6140: ver 3 1 (tinfo 0x997b2730)
09-19 12:04:56.664  5388  5737 D EGL_adreno: eglMakeCurrent: 0x9b8e6140: ver 3 1 (tinfo 0x997b2730)
09-19 12:04:56.666  1698  1698 W ContextImpl: Calling a method in the system process without a qualified user: android.app.ContextImpl.startService:1358 android.content.ContextWrapper.startService:613 android.content.ContextWrapper.startService:613 com.android.coreservice.CoreBroadcastReceiver.onReceive:53 android.app.ActivityThread.handleReceiver:3073 
09-19 12:04:56.669  5388  5737 D EGL_adreno: eglMakeCurrent: 0x9b8e6140: ver 3 1 (tinfo 0x997b2730)
09-19 12:04:56.669  1698  1698 W ContextImpl: Calling a method in the system process without a qualified user: android.app.ContextImpl.startService:1358 android.content.ContextWrapper.startService:613 android.content.ContextWrapper.startService:613 com.android.coreservice.CoreBroadcastReceiver.onReceive:69 android.app.ActivityThread.handleReceiver:3073 
09-19 12:04:56.689  5388  5737 D EGL_adreno: eglMakeCurrent: 0x9b8e6140: ver 3 1 (tinfo 0x997b2730)
09-19 12:04:56.690  5388  5737 D EGL_adreno: eglMakeCurrent: 0x9b8e6140: ver 3 1 (tinfo 0x997b2730)
09-19 12:04:59.738  1114  1134 D audio_hw_hal: log_func, out_standby
09-19 12:04:59.738  1114  1134 D audio_hw_hal: raw_close_output_stream, dev=0xc6f0a0c0, stream =0xc6f05140
09-19 12:04:59.738  1114  1134 D audio_hw_hal: raw_close_output_stream, stream=0xc6f05140,  success!
09-19 12:05:03.431  5809  5809 I appproc : exec app_process! cmdline: /system/bin com.android.commands.wm.Wm size 
09-19 12:05:03.431  5809  5809 D AndroidRuntime: >>>>>> START com.android.internal.os.RuntimeInit uid 0 <<<<<<
09-19 12:05:03.432  5809  5809 D AndroidRuntime: CheckJNI is OFF
09-19 12:05:03.456  5809  5809 D ICU     : No timezone override file found: /data/misc/zoneinfo/current/icu/icu_tzdata.dat
09-19 12:05:03.470  5809  5809 D libnativebridge: PreInitializeNativeBridge name=unknown instruction_set=x86
09-19 12:05:03.476  5809  5809 D libnativebridge: call UnloadNativeBridge! state=1
09-19 12:05:03.484  5809  5809 E memtrack: Couldn't load memtrack module (No such file or directory)
09-19 12:05:03.484  5809  5809 E android.os.Debug: failed to load memtrack module: -2
09-19 12:05:03.486  5809  5809 I Radio-JNI: register_android_hardware_Radio DONE
09-19 12:05:03.495  5809  5809 D AndroidRuntime: Calling main entry com.android.commands.wm.Wm
09-19 12:05:03.496  5809  5809 D AndroidRuntime: Shutting down VM
09-19 12:05:03.764  5825  5825 I appproc : exec app_process! cmdline: /system/bin com.android.commands.am.Am start -n com.litatom.app/com.lit.app.party.PartyChatActivity 
09-19 12:05:03.765  5825  5825 D AndroidRuntime: >>>>>> START com.android.internal.os.RuntimeInit uid 0 <<<<<<
09-19 12:05:03.766  5825  5825 D AndroidRuntime: CheckJNI is OFF
09-19 12:05:03.787  5825  5825 D ICU     : No timezone override file found: /data/misc/zoneinfo/current/icu/icu_tzdata.dat
09-19 12:05:03.793  5825  5825 D libnativebridge: PreInitializeNativeBridge name=unknown instruction_set=x86
09-19 12:05:03.793  5825  5825 D libnativebridge: call UnloadNativeBridge! state=1
09-19 12:05:03.799  5825  5825 E memtrack: Couldn't load memtrack module (No such file or directory)
09-19 12:05:03.799  5825  5825 E android.os.Debug: failed to load memtrack module: -2
09-19 12:05:03.799  5825  5825 I Radio-JNI: register_android_hardware_Radio DONE
09-19 12:05:03.804  5825  5825 D AndroidRuntime: Calling main entry com.android.commands.am.Am
09-19 12:05:03.806  1302  5330 I ActivityManager: START u0 {flg=0x10000000 cmp=com.litatom.app/com.lit.app.party.PartyChatActivity} from uid 0 on display 0
09-19 12:05:03.807  5825  5825 D AndroidRuntime: Shutting down VM
09-19 12:05:03.808  1698  1698 W ContextImpl: Calling a method in the system process without a qualified user: android.app.ContextImpl.startService:1358 android.content.ContextWrapper.startService:613 android.content.ContextWrapper.startService:613 com.android.coreservice.CoreBroadcastReceiver.onReceive:44 android.app.ActivityThread.handleReceiver:3073 
09-19 12:05:03.839  5388  5737 D EGL_adreno: eglMakeCurrent: 0x9b8e6140: ver 3 1 (tinfo 0x997b2730)
09-19 12:05:03.847  5388  5388 E ConstraintLayout: layout_constraintWidth_default="wrap" is deprecated.
09-19 12:05:03.847  5388  5388 E ConstraintLayout: Use layout_width="WRAP_CONTENT" and layout_constrainedWidth="true" instead.
09-19 12:05:03.899  1698  1698 W ContextImpl: Calling a method in the system process without a qualified user: android.app.ContextImpl.startService:1358 android.content.ContextWrapper.startService:613 android.content.ContextWrapper.startService:613 com.android.coreservice.CoreBroadcastReceiver.onReceive:53 android.app.ActivityThread.handleReceiver:3073 
09-19 12:05:03.900  5388  5737 D EGL_adreno: eglMakeCurrent: 0x9b8e6140: ver 3 1 (tinfo 0x997b2730)
