09-19 11:41:31.274  1302  1347 I chatty  : uid=1000(system) InputDispatcher expire 1 line
09-19 11:41:33.361  1302  1314 I chatty  : uid=1000(system) Binder:1302_2 expire 1 line
09-19 11:41:37.724  1302  1545 I chatty  : uid=1000(system) Binder:1302_3 expire 1 line
09-19 11:41:38.492  1698  1698 I chatty  : uid=1000(system) com.android.coreservice expire 16 lines
09-19 11:41:38.889  1302  1316 I chatty  : uid=1000(system) ActivityManager expire 3 lines
09-19 11:41:50.916  1302  1314 I chatty  : uid=1000(system) Binder:1302_2 expire 1 line
09-19 11:42:19.972  1302  1313 I chatty  : uid=1000(system) Binder:1302_1 expire 1 line
09-19 11:43:30.656  1698  1698 I chatty  : uid=1000(system) com.android.coreservice expire 12 lines
09-19 11:44:00.992  1302  3018 I chatty  : uid=1000(system) Binder:1302_A expire 1 line
09-19 11:44:01.271  1302  1644 I chatty  : uid=1000(system) Binder:1302_6 expire 1 line
09-19 11:44:01.776  1302  1347 I chatty  : uid=1000(system) InputDispatcher expire 1 line
09-19 11:44:03.332  1302  3017 I chatty  : uid=1000(system) Binder:1302_9 expire 1 line
09-19 11:44:10.406  1302  3020 I chatty  : uid=1000(system) Binder:1302_C expire 2 lines
09-19 11:44:10.937  1302  3018 I chatty  : uid=1000(system) Binder:1302_A expire 1 line
09-19 11:44:10.938  1302  3019 I chatty  : uid=1000(system) Binder:1302_B expire 1 line
09-19 11:44:13.337  1302  1316 I chatty  : uid=1000(system) ActivityManager expire 1 line
09-19 11:44:33.467  1302  3015 I chatty  : uid=1000(system) Binder:1302_7 expire 1 line
09-19 11:44:37.252  1302  1644 I chatty  : uid=1000(system) Binder:1302_6 expire 1 line
09-19 11:44:37.988  1302  1313 I chatty  : uid=1000(system) Binder:1302_1 expire 1 line
09-19 11:44:37.988  1302  3018 I chatty  : uid=1000(system) Binder:1302_A expire 1 line
09-19 11:44:44.344  1302  1314 I chatty  : uid=1000(system) Binder:1302_2 expire 1 line
09-19 11:46:00.120  1302  1617 I chatty  : uid=1000(system) Binder:1302_4 expire 3 lines
09-19 11:46:00.127  1302  1315 I chatty  : uid=1000(system) android.bg expire 1 line
09-19 11:46:01.447  1698  1698 I chatty  : uid=1000(system) com.android.coreservice expire 16 lines
09-19 11:47:03.892  1302  1313 I chatty  : uid=1000(system) Binder:1302_1 expire 2 lines
09-19 11:47:04.089  1302  1316 I chatty  : uid=1000(system) ActivityManager expire 1 line
09-19 11:47:04.865  1302  3015 I chatty  : uid=1000(system) Binder:1302_7 expire 1 line
09-19 11:47:09.125  1302  1643 I chatty  : uid=1000(system) Binder:1302_5 expire 2 lines
09-19 11:47:09.647  1698  1698 I chatty  : uid=1000(system) com.android.coreservice expire 32 lines
09-19 11:47:14.665  1302  1314 I chatty  : uid=1000(system) Binder:1302_2 expire 1 line
09-19 11:47:27.824  1302  3019 I chatty  : uid=1000(system) Binder:1302_B expire 2 lines
09-19 11:47:34.934  1302  1313 I chatty  : uid=1000(system) Binder:1302_1 expire 2 lines
09-19 11:47:40.233  1302  1617 I chatty  : uid=1000(system) Binder:1302_4 expire 3 lines
09-19 11:47:41.257  1698  1698 I chatty  : uid=1000(system) com.android.coreservice expire 22 lines
09-19 11:47:53.037  1302  3015 I chatty  : uid=1000(system) Binder:1302_7 expire 1 line
09-19 11:47:53.037  1302  1314 I chatty  : uid=1000(system) Binder:1302_2 expire 1 line
09-19 11:47:53.539  1302  3020 I chatty  : uid=1000(system) Binder:1302_C expire 1 line
09-19 11:49:17.928  1302  1313 I chatty  : uid=1000(system) Binder:1302_1 expire 1 line
09-19 11:49:17.975  1302  1643 I chatty  : uid=1000(system) Binder:1302_5 expire 1 line
09-19 11:49:26.624  1302  3015 I chatty  : uid=1000(system) Binder:1302_7 expire 1 line
09-19 11:49:36.628  1302  1316 I chatty  : uid=1000(system) ActivityManager expire 1 line
09-19 11:55:21.823  1302  1644 I chatty  : uid=1000(system) Binder:1302_6 expire 3 lines
09-19 11:55:21.846  1302  5331 I chatty  : uid=1000(system) Binder:1302_F expire 1 line
09-19 11:55:21.846  1302  5329 I chatty  : uid=1000(system) Binder:1302_D expire 1 line
09-19 11:55:21.846  1302  1314 I chatty  : uid=1000(system) Binder:1302_2 expire 1 line
09-19 11:55:21.846  1302  3020 I chatty  : uid=1000(system) Binder:1302_C expire 1 line
09-19 11:55:21.847  1302  3016 I chatty  : uid=1000(system) Binder:1302_8 expire 1 line
09-19 11:55:21.847  1302  3017 I chatty  : uid=1000(system) Binder:1302_9 expire 1 line
09-19 11:55:21.847  1302  3015 I chatty  : uid=1000(system) Binder:1302_7 expire 1 line
09-19 11:55:21.849  1302  1644 I chatty  : uid=1000(system) Binder:1302_6 expire 2 lines
09-19 11:55:21.852  1302  1617 I chatty  : uid=1000(system) Binder:1302_4 expire 1 line
09-19 11:55:21.868  1302  1545 I chatty  : uid=1000(system) Binder:1302_3 expire 1 line
09-19 11:55:21.911  1302  1362 I chatty  : uid=1000(system) ConnectivitySer expire 8 lines
09-19 11:55:22.058  1698  1698 I chatty  : uid=1000(system) com.android.coreservice expire 10 lines
09-19 11:55:22.100  1302  5330 I chatty  : uid=1000(system) Binder:1302_E expire 2 lines
09-19 11:55:53.283  1302  1319 I chatty  : uid=1000(system) batterystats-sy expire 5 lines
09-19 11:56:00.008  1302  1316 I chatty  : uid=1000(system) ActivityManager expire 3 lines
09-19 11:56:00.011  1302  1315 I chatty  : uid=1000(system) android.bg expire 1 line
09-19 12:00:52.028  1302  1617 I chatty  : uid=1000(system) Binder:1302_4 expire 1 line
09-19 12:00:52.066  1302  5330 I chatty  : uid=1000(system) Binder:1302_E expire 1 line
09-19 12:00:52.388  1302  5329 I chatty  : uid=1000(system) Binder:1302_D expire 1 line
09-19 12:00:52.562  5388  5421 E ActivityThread: Failed to find provider info for com.google.android.gms.chimera
09-19 12:00:52.898  1302  5331 I chatty  : uid=1000(system) Binder:1302_F expire 1 line
09-19 12:00:52.997  1302  1316 I chatty  : uid=1000(system) ActivityManager expire 2 lines
09-19 12:00:53.541  1302  1644 I chatty  : uid=1000(system) Binder:1302_6 expire 2 lines
09-19 12:00:53.606  1698  1698 I chatty  : uid=1000(system) com.android.coreservice expire 12 lines
09-19 12:00:53.762  1302  1313 I chatty  : uid=1000(system) Binder:1302_1 expire 1 line
09-19 12:00:53.898  1302  1314 I chatty  : uid=1000(system) Binder:1302_2 expire 1 line
09-19 12:00:56.496  1752  1752 W ViewRootImpl[PopupWindow:684c889]: Dropping event due to root view being removed: MotionEvent { action=ACTION_UP, actionButton=0, id[0]=0, x[0]=504.7561, y[0]=1632.4683, toolType[0]=TOOL_TYPE_UNKNOWN, buttonState=0, metaState=0, flags=0x0, edgeFlags=0x0, pointerCount=1, historySize=0, eventTime=2103209, downTime=2103209, deviceId=0, source=0x1002 }
09-19 12:00:59.014  1302  1643 I chatty  : uid=1000(system) Binder:1302_5 expire 1 line
09-19 12:00:59.539  1302  3020 I chatty  : uid=1000(system) Binder:1302_C expire 1 line
09-19 12:00:59.553  1302  3016 I chatty  : uid=1000(system) Binder:1302_8 expire 1 line
09-19 12:01:00.018  1302  1347 I chatty  : uid=1000(system) InputDispatcher expire 1 line
09-19 12:01:00.535  1302  1545 I chatty  : uid=1000(system) Binder:1302_3 expire 1 line
09-19 12:01:02.551  1302  3017 I chatty  : uid=1000(system) Binder:1302_9 expire 1 line
09-19 12:01:03.056  1752  1752 W ViewRootImpl[Launcher]: Cancelling event due to no window focus: KeyEvent { action=ACTION_UP, keyCode=KEYCODE_DPAD_RIGHT, scanCode=0, metaState=0, flags=0x28, repeatCount=0, eventTime=2109785, downTime=2109785, deviceId=-1, source=0x101 }
09-19 12:01:03.056  1752  1752 W ViewRootImpl[Launcher]: Cancelling event due to no window focus: KeyEvent { action=ACTION_UP, keyCode=KEYCODE_DPAD_RIGHT, scanCode=0, metaState=0, flags=0x28, repeatCount=0, eventTime=2109785, downTime=2109785, deviceId=-1, source=0x101 }
09-19 12:01:03.057  1752  1752 W ViewRootImpl[Launcher]: Cancelling event due to no window focus: KeyEvent { action=ACTION_UP, keyCode=KEYCODE_DPAD_RIGHT, scanCode=0, metaState=0, flags=0x28, repeatCount=0, eventTime=2109785, downTime=2109785, deviceId=-1, source=0x101 }
09-19 12:01:03.057  1302  1313 I chatty  : uid=1000(system) Binder:1302_1 expire 1 line
09-19 12:01:03.071  1302  5329 I chatty  : uid=1000(system) Binder:1302_D expire 1 line
09-19 12:01:04.061  1302  1545 I chatty  : uid=1000(system) Binder:1302_3 expire 1 line
09-19 12:01:04.564  1302  5330 I chatty  : uid=1000(system) Binder:1302_E expire 1 line
09-19 12:01:05.586  1698  1698 I chatty  : uid=1000(system) com.android.coreservice expire 12 lines
09-19 12:01:08.624  1302  5331 I chatty  : uid=1000(system) Binder:1302_F expire 1 line
09-19 12:01:09.636  1302  1313 I chatty  : uid=1000(system) Binder:1302_1 expire 1 line
09-19 12:01:14.213  1752  1752 W ViewRootImpl[PopupWindow:be9beb2]: Dropping event due to root view being removed: MotionEvent { action=ACTION_UP, actionButton=0, id[0]=0, x[0]=-7.8437653, y[0]=1595.731, toolType[0]=TOOL_TYPE_UNKNOWN, buttonState=0, metaState=0, flags=0x0, edgeFlags=0x0, pointerCount=1, historySize=0, eventTime=2120928, downTime=2120927, deviceId=0, source=0x1002 }
09-19 12:01:15.729  1302  3016 I chatty  : uid=1000(system) Binder:1302_8 expire 1 line
09-19 12:01:16.241  1302  3015 I chatty  : uid=1000(system) Binder:1302_7 expire 1 line
09-19 12:01:16.254  1302  5332 I chatty  : uid=1000(system) Binder:1302_10 expire 1 line
09-19 12:01:19.262  1302  3015 I chatty  : uid=1000(system) Binder:1302_7 expire 1 line
09-19 12:01:19.266  1698  1698 I chatty  : uid=1000(system) com.android.coreservice expire 17 lines
09-19 12:01:19.380  1302  3017 I chatty  : uid=1000(system) Binder:1302_9 expire 1 line
09-19 12:01:20.318  1302  3016 I chatty  : uid=1000(system) Binder:1302_8 expire 1 line
09-19 12:01:20.603  5388  5388 W ViewRootImpl[MainActivity]: Dropping event due to no window focus: KeyEvent { action=ACTION_DOWN, keyCode=KEYCODE_DPAD_UP, scanCode=0, metaState=0, flags=0x8, repeatCount=0, eventTime=2126497, downTime=2126497, deviceId=-1, source=0x101 }
09-19 12:01:20.633  5388  5388 W ViewRootImpl[MainActivity]: Cancelling event due to no window focus: KeyEvent { action=ACTION_UP, keyCode=KEYCODE_DPAD_UP, scanCode=0, metaState=0, flags=0x28, repeatCount=0, eventTime=2127268, downTime=2127268, deviceId=-1, source=0x101 }
09-19 12:01:20.633  5388  5388 W ViewRootImpl[MainActivity]: Cancelling event due to no window focus: KeyEvent { action=ACTION_UP, keyCode=KEYCODE_DPAD_UP, scanCode=0, metaState=0, flags=0x28, repeatCount=0, eventTime=2127268, downTime=2127268, deviceId=-1, source=0x101 }
09-19 12:01:20.633  5388  5388 W ViewRootImpl[MainActivity]: Cancelling event due to no window focus: KeyEvent { action=ACTION_UP, keyCode=KEYCODE_DPAD_UP, scanCode=0, metaState=0, flags=0x28, repeatCount=0, eventTime=2127268, downTime=2127268, deviceId=-1, source=0x101 }
09-19 12:01:20.633  5388  5388 W ViewRootImpl[MainActivity]: Cancelling event due to no window focus: KeyEvent { action=ACTION_UP, keyCode=KEYCODE_DPAD_UP, scanCode=0, metaState=0, flags=0x28, repeatCount=0, eventTime=2127268, downTime=2127268, deviceId=-1, source=0x101 }
09-19 12:01:20.634  5388  5388 W ViewRootImpl[MainActivity]: Cancelling event due to no window focus: KeyEvent { action=ACTION_UP, keyCode=KEYCODE_DPAD_UP, scanCode=0, metaState=0, flags=0x28, repeatCount=0, eventTime=2127268, downTime=2127268, deviceId=-1, source=0x101 }
09-19 12:01:20.634  5388  5388 W ViewRootImpl[MainActivity]: Cancelling event due to no window focus: KeyEvent { action=ACTION_UP, keyCode=KEYCODE_DPAD_UP, scanCode=0, metaState=0, flags=0x28, repeatCount=0, eventTime=2127268, downTime=2127268, deviceId=-1, source=0x101 }
09-19 12:01:20.635  5388  5388 W ViewRootImpl[MainActivity]: Cancelling event due to no window focus: KeyEvent { action=ACTION_UP, keyCode=KEYCODE_DPAD_UP, scanCode=0, metaState=0, flags=0x28, repeatCount=0, eventTime=2127268, downTime=2127268, deviceId=-1, source=0x101 }
09-19 12:01:20.635  5388  5388 W ViewRootImpl[MainActivity]: Cancelling event due to no window focus: KeyEvent { action=ACTION_UP, keyCode=KEYCODE_DPAD_UP, scanCode=0, metaState=0, flags=0x28, repeatCount=0, eventTime=2127268, downTime=2127268, deviceId=-1, source=0x101 }
09-19 12:01:20.635  5388  5388 W ViewRootImpl[MainActivity]: Cancelling event due to no window focus: KeyEvent { action=ACTION_UP, keyCode=KEYCODE_DPAD_UP, scanCode=0, metaState=0, flags=0x28, repeatCount=0, eventTime=2127268, downTime=2127268, deviceId=-1, source=0x101 }
09-19 12:01:22.701  1302  1347 I chatty  : uid=1000(system) InputDispatcher expire 1 line
09-19 12:01:23.733  1302  5333 I chatty  : uid=1000(system) Binder:1302_11 expire 1 line
09-19 12:01:25.244  1302  3019 I chatty  : uid=1000(system) Binder:1302_B expire 1 line
09-19 12:01:27.525  1302  1643 I chatty  : uid=1000(system) Binder:1302_5 expire 1 line
09-19 12:01:27.756  5388  5388 W ViewRootImpl[ChatActivity]: Dropping event due to no window focus: KeyEvent { action=ACTION_DOWN, keyCode=KEYCODE_DPAD_DOWN, scanCode=0, metaState=0, flags=0x8, repeatCount=0, eventTime=2134487, downTime=2134487, deviceId=-1, source=0x101 }
09-19 12:01:33.738  1302  1316 I chatty  : uid=1000(system) ActivityManager expire 1 line
09-19 12:01:36.857  1698  1698 I chatty  : uid=1000(system) com.android.coreservice expire 16 lines
09-19 12:01:44.231  1302  5332 I chatty  : uid=1000(system) Binder:1302_10 expire 1 line
09-19 12:01:45.478  1302  3017 I chatty  : uid=1000(system) Binder:1302_9 expire 1 line
09-19 12:01:52.964  1302  1316 I chatty  : uid=1000(system) ActivityManager expire 2 lines
09-19 12:04:55.586  1302  3019 I chatty  : uid=1000(system) Binder:1302_B expire 1 line
09-19 12:04:55.587  1302  1545 I chatty  : uid=1000(system) Binder:1302_3 expire 1 line
09-19 12:04:55.588  1698  1698 I chatty  : uid=1000(system) com.android.coreservice expire 12 lines
09-19 12:05:03.806  1302  5330 I chatty  : uid=1000(system) Binder:1302_E expire 1 line
09-19 12:05:03.905  1302  5332 I chatty  : uid=1000(system) Binder:1302_10 expire 1 line
09-19 12:05:04.110  1302  3019 I chatty  : uid=1000(system) Binder:1302_B expire 1 line
09-19 12:05:06.638  1302  1347 I chatty  : uid=1000(system) InputDispatcher expire 1 line
09-19 12:05:06.640  1302  1316 I chatty  : uid=1000(system) ActivityManager expire 1 line
09-19 12:06:01.446  1302  1315 I chatty  : uid=1000(system) android.bg expire 1 line
09-19 12:25:53.280  1302  1319 I chatty  : uid=1000(system) batterystats-sy expire 9 lines
09-19 12:26:00.023  1302  1316 I chatty  : uid=1000(system) ActivityManager expire 2 lines
09-19 12:55:53.278  1302  1319 I chatty  : uid=1000(system) batterystats-sy expire 11 lines
09-19 13:27:00.008  1302  1316 I chatty  : uid=1000(system) ActivityManager expire 3 lines
09-19 14:01:34.382  1302  5332 I chatty  : uid=1000(system) Binder:1302_10 expire 1 line
09-19 14:01:34.388  1698  1698 I chatty  : uid=1000(system) com.android.coreservice expire 10 lines
09-19 14:01:34.713  1302  1314 I chatty  : uid=1000(system) Binder:1302_2 expire 1 line
09-19 14:01:39.948  1302  1545 I chatty  : uid=1000(system) Binder:1302_3 expire 2 lines
09-19 14:01:44.393  1302  1316 I chatty  : uid=1000(system) ActivityManager expire 1 line
09-19 14:01:50.083  1302  5333 I chatty  : uid=1000(system) Binder:1302_11 expire 1 line
09-19 14:01:52.576  1302  1347 I chatty  : uid=1000(system) InputDispatcher expire 1 line
09-19 14:01:53.083  1302  5332 I chatty  : uid=1000(system) Binder:1302_10 expire 1 line
09-19 14:01:53.821  1302  1617 I chatty  : uid=1000(system) Binder:1302_4 expire 1 line
09-19 14:01:53.822  1302  5330 I chatty  : uid=1000(system) Binder:1302_E expire 1 line
09-19 14:01:54.599  1302  1644 I chatty  : uid=1000(system) Binder:1302_6 expire 1 line
09-19 14:01:55.121  1302  1545 I chatty  : uid=1000(system) Binder:1302_3 expire 1 line
09-19 14:01:55.122  1302  1313 I chatty  : uid=1000(system) Binder:1302_1 expire 1 line
09-19 14:01:56.240  1698  1698 I chatty  : uid=1000(system) com.android.coreservice expire 28 lines
09-19 14:01:59.640  1302  5333 I chatty  : uid=1000(system) Binder:1302_11 expire 1 line
09-19 14:01:59.651  5388  5388 W ViewRootImpl[MainActivity]: Dropping event due to no window focus: MotionEvent { action=ACTION_MOVE, actionButton=0, id[0]=0, x[0]=-4.0, y[0]=-5.0, toolType[0]=TOOL_TYPE_UNKNOWN, buttonState=0, metaState=0, flags=0x0, edgeFlags=0x0, pointerCount=1, historySize=9, eventTime=9366367, downTime=-1, deviceId=0, source=0x10004 }
09-19 14:02:01.418  1302  5331 I chatty  : uid=1000(system) Binder:1302_F expire 1 line
09-19 14:21:34.415  1302  1315 I chatty  : uid=1000(system) android.bg expire 1 line
09-19 14:25:53.285  1302  1319 I chatty  : uid=1000(system) batterystats-sy expire 5 lines
09-19 14:26:00.034  1302  1302 I chatty  : uid=1000 system_server expire 1 line
09-19 14:27:00.021  1302  1316 I chatty  : uid=1000(system) ActivityManager expire 1 line
09-19 14:27:00.049  1302  1315 I chatty  : uid=1000(system) android.bg expire 1 line
09-19 14:33:48.074  1302  3017 I chatty  : uid=1000(system) Binder:1302_9 expire 1 line
09-19 14:33:48.076  1698  1698 I chatty  : uid=1000(system) com.android.coreservice expire 11 lines
09-19 14:33:48.115  1302  5332 I chatty  : uid=1000(system) Binder:1302_10 expire 1 line
09-19 14:38:14.774  1302  5330 I chatty  : uid=1000(system) Binder:1302_E expire 1 line
09-19 14:39:08.934  1302  3018 I chatty  : uid=1000(system) Binder:1302_A expire 1 line
09-19 14:39:08.980  1302  3019 I chatty  : uid=1000(system) Binder:1302_B expire 2 lines
09-19 14:39:39.315  1698  1698 I chatty  : uid=1000(system) com.android.coreservice expire 11 lines
09-19 14:39:39.364  1302  5332 I chatty  : uid=1000(system) Binder:1302_10 expire 1 line
09-19 14:40:30.782  1302  3018 I chatty  : uid=1000(system) Binder:1302_A expire 1 line
09-19 14:40:30.808  1302  1545 I chatty  : uid=1000(system) Binder:1302_3 expire 1 line
09-19 14:40:30.828  1302  3015 I chatty  : uid=1000(system) Binder:1302_7 expire 1 line
09-19 14:40:30.857  1302  3017 I chatty  : uid=1000(system) Binder:1302_9 expire 2 lines
09-19 14:41:49.145  1698  1698 I chatty  : uid=1000(system) com.android.coreservice expire 10 lines
09-19 14:42:22.645  1302  1314 I chatty  : uid=1000(system) Binder:1302_2 expire 5 lines
09-19 14:42:22.676  1302  3017 I chatty  : uid=1000(system) Binder:1302_9 expire 1 line
09-19 14:42:22.677  1302  3016 I chatty  : uid=1000(system) Binder:1302_8 expire 1 line
09-19 14:42:22.677  1302  3019 I chatty  : uid=1000(system) Binder:1302_B expire 1 line
09-19 14:42:22.677  1302  5329 I chatty  : uid=1000(system) Binder:1302_D expire 1 line
09-19 14:42:22.714  1302  1362 I chatty  : uid=1000(system) ConnectivitySer expire 4 lines
09-19 14:42:34.295  1302  5329 I chatty  : uid=1000(system) Binder:1302_D expire 1 line
09-19 14:43:17.639  1302  1644 I chatty  : uid=1000(system) Binder:1302_6 expire 1 line
09-19 14:43:17.668  1302  3015 I chatty  : uid=1000(system) Binder:1302_7 expire 1 line
09-19 14:43:18.118  6989  7010 E ActivityThread: Failed to find provider info for com.google.android.gms.chimera
09-19 14:43:18.394  1302  1316 I chatty  : uid=1000(system) ActivityManager expire 1 line
09-19 14:43:18.930  1698  1698 I chatty  : uid=1000(system) com.android.coreservice expire 12 lines
09-19 14:43:23.947  1302  1617 I chatty  : uid=1000(system) Binder:1302_4 expire 1 line
09-19 14:43:23.947  1302  1314 I chatty  : uid=1000(system) Binder:1302_2 expire 1 line
09-19 14:43:45.208  1302  1643 I chatty  : uid=1000(system) Binder:1302_5 expire 1 line
09-19 14:43:45.213  1698  1698 I chatty  : uid=1000(system) com.android.coreservice expire 15 lines
09-19 14:43:45.272  1302  5330 I chatty  : uid=1000(system) Binder:1302_E expire 1 line
09-19 14:43:46.214  1302  5333 I chatty  : uid=1000(system) Binder:1302_11 expire 1 line
09-19 14:43:50.801  1302  1314 I chatty  : uid=1000(system) Binder:1302_2 expire 1 line
09-19 14:44:00.804  1302  1316 I chatty  : uid=1000(system) ActivityManager expire 1 line
09-19 14:53:48.174  1302  1315 I chatty  : uid=1000(system) android.bg expire 1 line
09-19 14:55:53.292  1302  1319 I chatty  : uid=1000(system) batterystats-sy expire 5 lines
09-19 14:57:25.871  1302  1316 I chatty  : uid=1000(system) ActivityManager expire 2 lines
09-19 14:58:30.297  1698  1698 I chatty  : uid=1000(system) com.android.coreservice expire 13 lines
09-19 14:58:33.890  1302  3015 I chatty  : uid=1000(system) Binder:1302_7 expire 1 line
09-19 14:58:35.892  1302  3016 I chatty  : uid=1000(system) Binder:1302_8 expire 1 line
09-19 15:18:30.380  1302  1315 I chatty  : uid=1000(system) android.bg expire 1 line
09-19 15:25:41.950  1302  5329 I chatty  : uid=1000(system) Binder:1302_D expire 1 line
09-19 15:25:53.285  1302  1319 I chatty  : uid=1000(system) batterystats-sy expire 5 lines
09-19 15:26:05.965  1302  1313 I chatty  : uid=1000(system) Binder:1302_1 expire 1 line
09-19 15:26:25.987  1302  1617 I chatty  : uid=1000(system) Binder:1302_4 expire 1 line
09-19 15:26:25.990  1698  1698 I chatty  : uid=1000(system) com.android.coreservice expire 13 lines
09-19 15:26:35.999  1302  1316 I chatty  : uid=1000(system) ActivityManager expire 2 lines
09-19 15:30:34.340  1302  1302 I chatty  : uid=1000 system_server expire 2 lines
09-19 15:46:26.057  1302  1315 I chatty  : uid=1000(system) android.bg expire 1 line
09-19 15:50:56.423  1302  1319 I chatty  : uid=1000(system) batterystats-sy expire 6 lines
09-19 15:50:56.443  1302  1316 I chatty  : uid=1000(system) ActivityManager expire 4 lines
09-19 15:55:14.428  1302  1643 I chatty  : uid=1000(system) Binder:1302_5 expire 1 line
09-19 15:55:14.571  1302  1695 I chatty  : uid=1000(system) backup expire 1 line
09-19 15:55:15.505  1302  1545 I chatty  : uid=1000(system) Binder:1302_3 expire 1 line
09-19 15:55:22.553  6989  6989 W ViewRootImpl[PartyChatActivity]: Dropping event due to root view being removed: KeyEvent { action=ACTION_MULTIPLE, keyCode=KEYCODE_DPAD_LEFT, scanCode=0, metaState=0, flags=0x400, repeatCount=2, eventTime=16169220, downTime=16169220, deviceId=-1, source=0x101 }
09-19 15:55:22.553  6989  6989 W ViewRootImpl[PartyChatActivity]: Dropping event due to root view being removed: KeyEvent { action=ACTION_DOWN, keyCode=KEYCODE_DPAD_LEFT, scanCode=0, metaState=0, flags=0x400, repeatCount=0, eventTime=16169220, downTime=16169220, deviceId=-1, source=0x101 }
09-19 15:55:22.553  6989  6989 W ViewRootImpl[PartyChatActivity]: Dropping event due to root view being removed: KeyEvent { action=ACTION_UP, keyCode=KEYCODE_DPAD_LEFT, scanCode=0, metaState=0, flags=0x400, repeatCount=0, eventTime=16169220, downTime=16169220, deviceId=-1, source=0x101 }
09-19 15:55:22.553  6989  6989 W ViewRootImpl[PartyChatActivity]: Dropping event due to root view being removed: KeyEvent { action=ACTION_DOWN, keyCode=KEYCODE_DPAD_LEFT, scanCode=0, metaState=0, flags=0x400, repeatCount=0, eventTime=16169220, downTime=16169220, deviceId=-1, source=0x101 }
09-19 15:55:22.553  6989  6989 W ViewRootImpl[PartyChatActivity]: Dropping event due to root view being removed: KeyEvent { action=ACTION_UP, keyCode=KEYCODE_DPAD_LEFT, scanCode=0, metaState=0, flags=0x400, repeatCount=0, eventTime=16169220, downTime=16169220, deviceId=-1, source=0x101 }
09-19 15:55:22.553  6989  6989 W ViewRootImpl[PartyChatActivity]: Dropping event due to root view being removed: KeyEvent { action=ACTION_DOWN, keyCode=KEYCODE_DPAD_LEFT, scanCode=0, metaState=0, flags=0x400, repeatCount=0, eventTime=16169220, downTime=16169220, deviceId=-1, source=0x101 }
09-19 15:55:22.554  6989  6989 W ViewRootImpl[PartyChatActivity]: Dropping event due to root view being removed: KeyEvent { action=ACTION_UP, keyCode=KEYCODE_DPAD_LEFT, scanCode=0, metaState=0, flags=0x400, repeatCount=0, eventTime=16169220, downTime=16169220, deviceId=-1, source=0x101 }
09-19 15:55:22.561  1698  1698 I chatty  : uid=1000(system) com.android.coreservice expire 41 lines
09-19 15:55:25.781  6989  6989 W ViewRootImpl[PartyChatActivity]: Dropping event due to no window focus: KeyEvent { action=ACTION_DOWN, keyCode=KEYCODE_DPAD_DOWN, scanCode=0, metaState=0, flags=0x8, repeatCount=0, eventTime=16172471, downTime=16172471, deviceId=-1, source=0x101 }
09-19 15:55:25.781  6989  6989 W ViewRootImpl[PartyChatActivity]: Cancelling event due to no window focus: KeyEvent { action=ACTION_UP, keyCode=KEYCODE_DPAD_DOWN, scanCode=0, metaState=0, flags=0x28, repeatCount=0, eventTime=16172510, downTime=16172471, deviceId=-1, source=0x101 }
09-19 15:55:25.781  6989  6989 W ViewRootImpl[PartyChatActivity]: Cancelling event due to no window focus: KeyEvent { action=ACTION_UP, keyCode=KEYCODE_DPAD_DOWN, scanCode=0, metaState=0, flags=0x28, repeatCount=0, eventTime=16172510, downTime=16172471, deviceId=-1, source=0x101 }
09-19 15:55:25.782  6989  6989 W ViewRootImpl[PartyChatActivity]: Cancelling event due to no window focus: KeyEvent { action=ACTION_UP, keyCode=KEYCODE_DPAD_DOWN, scanCode=0, metaState=0, flags=0x28, repeatCount=0, eventTime=16172510, downTime=16172471, deviceId=-1, source=0x101 }
09-19 15:55:25.782  6989  6989 W ViewRootImpl[PartyChatActivity]: Cancelling event due to no window focus: KeyEvent { action=ACTION_UP, keyCode=KEYCODE_DPAD_DOWN, scanCode=0, metaState=0, flags=0x28, repeatCount=0, eventTime=16172472, downTime=16172472, deviceId=-1, source=0x101 }
09-19 15:55:25.782  6989  6989 W ViewRootImpl[PartyChatActivity]: Cancelling event due to no window focus: KeyEvent { action=ACTION_UP, keyCode=KEYCODE_DPAD_DOWN, scanCode=0, metaState=0, flags=0x28, repeatCount=0, eventTime=16172472, downTime=16172472, deviceId=-1, source=0x101 }
09-19 15:55:25.782  6989  6989 W ViewRootImpl[PartyChatActivity]: Cancelling event due to no window focus: KeyEvent { action=ACTION_UP, keyCode=KEYCODE_DPAD_DOWN, scanCode=0, metaState=0, flags=0x28, repeatCount=0, eventTime=16172472, downTime=16172472, deviceId=-1, source=0x101 }
09-19 15:55:25.782  6989  6989 W ViewRootImpl[PartyChatActivity]: Cancelling event due to no window focus: KeyEvent { action=ACTION_UP, keyCode=KEYCODE_DPAD_DOWN, scanCode=0, metaState=0, flags=0x28, repeatCount=0, eventTime=16172472, downTime=16172472, deviceId=-1, source=0x101 }
09-19 15:55:25.782  6989  6989 W ViewRootImpl[PartyChatActivity]: Cancelling event due to no window focus: KeyEvent { action=ACTION_UP, keyCode=KEYCODE_DPAD_DOWN, scanCode=0, metaState=0, flags=0x28, repeatCount=0, eventTime=16172472, downTime=16172472, deviceId=-1, source=0x101 }
09-19 15:55:25.782  6989  6989 W ViewRootImpl[PartyChatActivity]: Cancelling event due to no window focus: KeyEvent { action=ACTION_UP, keyCode=KEYCODE_DPAD_DOWN, scanCode=0, metaState=0, flags=0x28, repeatCount=0, eventTime=16172472, downTime=16172472, deviceId=-1, source=0x101 }
09-19 15:55:25.782  6989  6989 W ViewRootImpl[PartyChatActivity]: Cancelling event due to no window focus: KeyEvent { action=ACTION_UP, keyCode=KEYCODE_DPAD_DOWN, scanCode=0, metaState=0, flags=0x28, repeatCount=0, eventTime=16172472, downTime=16172472, deviceId=-1, source=0x101 }
09-19 15:55:25.782  6989  6989 W ViewRootImpl[PartyChatActivity]: Cancelling event due to no window focus: KeyEvent { action=ACTION_UP, keyCode=KEYCODE_DPAD_DOWN, scanCode=0, metaState=0, flags=0x28, repeatCount=0, eventTime=16172472, downTime=16172472, deviceId=-1, source=0x101 }
09-19 15:55:25.782  6989  6989 W ViewRootImpl[PartyChatActivity]: Cancelling event due to no window focus: KeyEvent { action=ACTION_UP, keyCode=KEYCODE_DPAD_DOWN, scanCode=0, metaState=0, flags=0x28, repeatCount=0, eventTime=16172472, downTime=16172472, deviceId=-1, source=0x101 }
09-19 15:55:25.783  6989  6989 W ViewRootImpl[PartyChatActivity]: Cancelling event due to no window focus: KeyEvent { action=ACTION_UP, keyCode=KEYCODE_DPAD_DOWN, scanCode=0, metaState=0, flags=0x28, repeatCount=0, eventTime=16172510, downTime=16172471, deviceId=-1, source=0x101 }
09-19 15:55:25.783  6989  6989 W ViewRootImpl[PartyChatActivity]: Cancelling event due to no window focus: KeyEvent { action=ACTION_UP, keyCode=KEYCODE_DPAD_DOWN, scanCode=0, metaState=0, flags=0x28, repeatCount=0, eventTime=16172510, downTime=16172471, deviceId=-1, source=0x101 }
09-19 15:55:25.783  6989  6989 W ViewRootImpl[PartyChatActivity]: Cancelling event due to no window focus: KeyEvent { action=ACTION_UP, keyCode=KEYCODE_DPAD_DOWN, scanCode=0, metaState=0, flags=0x28, repeatCount=0, eventTime=16172510, downTime=16172471, deviceId=-1, source=0x101 }
09-19 15:55:25.783  6989  6989 W ViewRootImpl[PartyChatActivity]: Cancelling event due to no window focus: KeyEvent { action=ACTION_UP, keyCode=KEYCODE_DPAD_DOWN, scanCode=0, metaState=0, flags=0x28, repeatCount=0, eventTime=16172510, downTime=16172471, deviceId=-1, source=0x101 }
09-19 15:55:25.783  6989  6989 W ViewRootImpl[PartyChatActivity]: Cancelling event due to no window focus: KeyEvent { action=ACTION_UP, keyCode=KEYCODE_DPAD_DOWN, scanCode=0, metaState=0, flags=0x28, repeatCount=0, eventTime=16172510, downTime=16172471, deviceId=-1, source=0x101 }
09-19 15:55:25.783  6989  6989 W ViewRootImpl[PartyChatActivity]: Cancelling event due to no window focus: KeyEvent { action=ACTION_UP, keyCode=KEYCODE_DPAD_DOWN, scanCode=0, metaState=0, flags=0x28, repeatCount=0, eventTime=16172510, downTime=16172471, deviceId=-1, source=0x101 }
09-19 15:55:37.061  1302  5333 I chatty  : uid=1000(system) Binder:1302_11 expire 1 line
09-19 15:55:40.272  1302  1643 I chatty  : uid=1000(system) Binder:1302_5 expire 1 line
09-19 15:55:40.272  1302  3020 I chatty  : uid=1000(system) Binder:1302_C expire 1 line
09-19 15:55:48.304  6989  6989 W ViewRootImpl[PartyChatActivity]: Cancelling event due to no window focus: KeyEvent { action=ACTION_UP, keyCode=KEYCODE_MENU, scanCode=0, metaState=0, flags=0x28, repeatCount=0, eventTime=16195004, downTime=16195004, deviceId=-1, source=0x101 }
09-19 15:55:48.304  6989  6989 W ViewRootImpl[PartyChatActivity]: Cancelling event due to no window focus: KeyEvent { action=ACTION_UP, keyCode=KEYCODE_MENU, scanCode=0, metaState=0, flags=0x28, repeatCount=0, eventTime=16195004, downTime=16195004, deviceId=-1, source=0x101 }
09-19 15:55:48.304  6989  6989 W ViewRootImpl[PartyChatActivity]: Cancelling event due to no window focus: KeyEvent { action=ACTION_UP, keyCode=KEYCODE_MENU, scanCode=0, metaState=0, flags=0x28, repeatCount=0, eventTime=16195004, downTime=16195004, deviceId=-1, source=0x101 }
09-19 15:55:48.308  6989  6989 W ViewRootImpl[PartyChatActivity]: Cancelling event due to no window focus: KeyEvent { action=ACTION_UP, keyCode=KEYCODE_MENU, scanCode=0, metaState=0, flags=0x28, repeatCount=0, eventTime=16195004, downTime=16195004, deviceId=-1, source=0x101 }
09-19 15:55:48.308  6989  6989 W ViewRootImpl[PartyChatActivity]: Cancelling event due to no window focus: KeyEvent { action=ACTION_UP, keyCode=KEYCODE_MENU, scanCode=0, metaState=0, flags=0x28, repeatCount=0, eventTime=16195004, downTime=16195004, deviceId=-1, source=0x101 }
09-19 15:55:48.308  6989  6989 W ViewRootImpl[PartyChatActivity]: Cancelling event due to no window focus: KeyEvent { action=ACTION_UP, keyCode=KEYCODE_MENU, scanCode=0, metaState=0, flags=0x28, repeatCount=0, eventTime=16195004, downTime=16195004, deviceId=-1, source=0x101 }
09-19 15:55:49.869  6989  6989 W ViewRootImpl[PartyChatActivity]: Dropping event due to root view being removed: MotionEvent { action=ACTION_UP, actionButton=0, id[0]=0, x[0]=-50.9769, y[0]=1223.5359, toolType[0]=TOOL_TYPE_UNKNOWN, buttonState=0, metaState=0, flags=0x0, edgeFlags=0x0, pointerCount=1, historySize=0, eventTime=16196548, downTime=16196546, deviceId=0, source=0x1002 }
09-19 15:55:53.291  1302  1319 I chatty  : uid=1000(system) batterystats-sy expire 5 lines
09-19 15:55:56.489  1302  5333 I chatty  : uid=1000(system) Binder:1302_11 expire 1 line
09-19 15:55:58.625  1698  1698 I chatty  : uid=1000(system) com.android.coreservice expire 24 lines
09-19 15:57:12.512  1302  3015 I chatty  : uid=1000(system) Binder:1302_7 expire 1 line
09-19 15:57:13.195  1302  1316 I chatty  : uid=1000(system) ActivityManager expire 1 line
09-19 15:57:13.210  1302  1617 I chatty  : uid=1000(system) Binder:1302_4 expire 1 line
09-19 15:57:17.856  1302  1302 I chatty  : uid=1000 system_server expire 1 line
09-19 15:57:18.345  1698  1698 I chatty  : uid=1000(system) com.android.coreservice expire 50 lines
09-19 15:57:46.347  1302  3019 I chatty  : uid=1000(system) Binder:1302_B expire 1 line
09-19 15:57:47.190  6989  6989 W ViewRootImpl[BasicWebActivity]: Dropping event due to no window focus: KeyEvent { action=ACTION_DOWN, keyCode=KEYCODE_BUTTON_7, scanCode=0, metaState=0, flags=0x8, repeatCount=0, eventTime=16313562, downTime=16313562, deviceId=-1, source=0x101 }
09-19 15:57:47.190  6989  6989 W ViewRootImpl[BasicWebActivity]: Dropping event due to no window focus: KeyEvent { action=ACTION_DOWN, keyCode=KEYCODE_DPAD_CENTER, scanCode=0, metaState=0, flags=0x8, repeatCount=0, eventTime=16313562, downTime=16313562, deviceId=-1, source=0x101 }
09-19 15:57:47.191  6989  6989 W ViewRootImpl[BasicWebActivity]: Cancelling event due to no window focus: KeyEvent { action=ACTION_UP, keyCode=KEYCODE_BUTTON_7, scanCode=0, metaState=0, flags=0x28, repeatCount=0, eventTime=16313835, downTime=16313835, deviceId=-1, source=0x101 }
09-19 15:57:47.191  6989  6989 W ViewRootImpl[BasicWebActivity]: Cancelling event due to no window focus: KeyEvent { action=ACTION_UP, keyCode=KEYCODE_BUTTON_7, scanCode=0, metaState=0, flags=0x28, repeatCount=0, eventTime=16313835, downTime=16313835, deviceId=-1, source=0x101 }
09-19 15:57:47.192  6989  6989 W ViewRootImpl[BasicWebActivity]: Cancelling event due to no window focus: KeyEvent { action=ACTION_UP, keyCode=KEYCODE_BUTTON_7, scanCode=0, metaState=0, flags=0x28, repeatCount=0, eventTime=16313835, downTime=16313835, deviceId=-1, source=0x101 }
09-19 15:57:47.192  6989  6989 W ViewRootImpl[BasicWebActivity]: Cancelling event due to no window focus: KeyEvent { action=ACTION_UP, keyCode=KEYCODE_BUTTON_7, scanCode=0, metaState=0, flags=0x28, repeatCount=0, eventTime=16313835, downTime=16313835, deviceId=-1, source=0x101 }
09-19 15:57:47.192  6989  6989 W ViewRootImpl[BasicWebActivity]: Cancelling event due to no window focus: KeyEvent { action=ACTION_UP, keyCode=KEYCODE_BUTTON_7, scanCode=0, metaState=0, flags=0x28, repeatCount=0, eventTime=16313835, downTime=16313835, deviceId=-1, source=0x101 }
09-19 15:57:47.192  6989  6989 W ViewRootImpl[BasicWebActivity]: Cancelling event due to no window focus: KeyEvent { action=ACTION_UP, keyCode=KEYCODE_BUTTON_7, scanCode=0, metaState=0, flags=0x28, repeatCount=0, eventTime=16313835, downTime=16313835, deviceId=-1, source=0x101 }
09-19 15:57:52.263  1302  1316 I chatty  : uid=1000(system) ActivityManager expire 2 lines
09-19 15:58:00.193  1302  1313 I chatty  : uid=1000(system) Binder:1302_1 expire 1 line
09-19 15:58:00.227  6989  6989 W ViewRootImpl[BasicWebActivity]: Dropping event due to no window focus: KeyEvent { action=ACTION_MULTIPLE, keyCode=KEYCODE_DPAD_LEFT, scanCode=0, metaState=0, flags=0x400, repeatCount=4, eventTime=16326947, downTime=16326947, deviceId=-1, source=0x101 }
09-19 15:58:00.227  6989  6989 W ViewRootImpl[BasicWebActivity]: Dropping event due to no window focus: KeyEvent { action=ACTION_DOWN, keyCode=KEYCODE_DPAD_LEFT, scanCode=0, metaState=0, flags=0x400, repeatCount=0, eventTime=16326947, downTime=16326947, deviceId=-1, source=0x101 }
09-19 15:58:00.227  6989  6989 W ViewRootImpl[BasicWebActivity]: Cancelling event due to no window focus: KeyEvent { action=ACTION_UP, keyCode=KEYCODE_DPAD_LEFT, scanCode=0, metaState=0, flags=0x420, repeatCount=0, eventTime=16326947, downTime=16326947, deviceId=-1, source=0x101 }
09-19 15:58:00.227  6989  6989 W ViewRootImpl[BasicWebActivity]: Cancelling event due to no window focus: KeyEvent { action=ACTION_UP, keyCode=KEYCODE_DPAD_LEFT, scanCode=0, metaState=0, flags=0x420, repeatCount=0, eventTime=16326947, downTime=16326947, deviceId=-1, source=0x101 }
09-19 15:58:00.227  6989  6989 W ViewRootImpl[BasicWebActivity]: Cancelling event due to no window focus: KeyEvent { action=ACTION_UP, keyCode=KEYCODE_DPAD_LEFT, scanCode=0, metaState=0, flags=0x420, repeatCount=0, eventTime=16326947, downTime=16326947, deviceId=-1, source=0x101 }
09-19 15:58:00.227  6989  6989 W ViewRootImpl[BasicWebActivity]: Dropping event due to no window focus: KeyEvent { action=ACTION_DOWN, keyCode=KEYCODE_DPAD_LEFT, scanCode=0, metaState=0, flags=0x400, repeatCount=0, eventTime=16326947, downTime=16326947, deviceId=-1, source=0x101 }
09-19 15:58:00.227  6989  6989 W ViewRootImpl[BasicWebActivity]: Cancelling event due to no window focus: KeyEvent { action=ACTION_UP, keyCode=KEYCODE_DPAD_LEFT, scanCode=0, metaState=0, flags=0x420, repeatCount=0, eventTime=16326947, downTime=16326947, deviceId=-1, source=0x101 }
09-19 15:58:00.227  6989  6989 W ViewRootImpl[BasicWebActivity]: Cancelling event due to no window focus: KeyEvent { action=ACTION_UP, keyCode=KEYCODE_DPAD_LEFT, scanCode=0, metaState=0, flags=0x420, repeatCount=0, eventTime=16326947, downTime=16326947, deviceId=-1, source=0x101 }
09-19 15:58:00.227  6989  6989 W ViewRootImpl[BasicWebActivity]: Cancelling event due to no window focus: KeyEvent { action=ACTION_UP, keyCode=KEYCODE_DPAD_LEFT, scanCode=0, metaState=0, flags=0x420, repeatCount=0, eventTime=16326947, downTime=16326947, deviceId=-1, source=0x101 }
09-19 15:58:00.227  6989  6989 W ViewRootImpl[BasicWebActivity]: Dropping event due to no window focus: KeyEvent { action=ACTION_DOWN, keyCode=KEYCODE_DPAD_LEFT, scanCode=0, metaState=0, flags=0x400, repeatCount=0, eventTime=16326947, downTime=16326947, deviceId=-1, source=0x101 }
09-19 15:58:00.227  6989  6989 W ViewRootImpl[BasicWebActivity]: Cancelling event due to no window focus: KeyEvent { action=ACTION_UP, keyCode=KEYCODE_DPAD_LEFT, scanCode=0, metaState=0, flags=0x420, repeatCount=0, eventTime=16326947, downTime=16326947, deviceId=-1, source=0x101 }
09-19 15:58:00.227  6989  6989 W ViewRootImpl[BasicWebActivity]: Cancelling event due to no window focus: KeyEvent { action=ACTION_UP, keyCode=KEYCODE_DPAD_LEFT, scanCode=0, metaState=0, flags=0x420, repeatCount=0, eventTime=16326947, downTime=16326947, deviceId=-1, source=0x101 }
09-19 15:58:00.227  6989  6989 W ViewRootImpl[BasicWebActivity]: Cancelling event due to no window focus: KeyEvent { action=ACTION_UP, keyCode=KEYCODE_DPAD_LEFT, scanCode=0, metaState=0, flags=0x420, repeatCount=0, eventTime=16326947, downTime=16326947, deviceId=-1, source=0x101 }
09-19 15:58:00.227  6989  6989 W ViewRootImpl[BasicWebActivity]: Dropping event due to no window focus: KeyEvent { action=ACTION_DOWN, keyCode=KEYCODE_DPAD_LEFT, scanCode=0, metaState=0, flags=0x400, repeatCount=0, eventTime=16326948, downTime=16326948, deviceId=-1, source=0x101 }
09-19 15:58:00.227  6989  6989 W ViewRootImpl[BasicWebActivity]: Cancelling event due to no window focus: KeyEvent { action=ACTION_UP, keyCode=KEYCODE_DPAD_LEFT, scanCode=0, metaState=0, flags=0x420, repeatCount=0, eventTime=16326948, downTime=16326948, deviceId=-1, source=0x101 }
09-19 15:58:00.227  6989  6989 W ViewRootImpl[BasicWebActivity]: Cancelling event due to no window focus: KeyEvent { action=ACTION_UP, keyCode=KEYCODE_DPAD_LEFT, scanCode=0, metaState=0, flags=0x420, repeatCount=0, eventTime=16326948, downTime=16326948, deviceId=-1, source=0x101 }
09-19 15:58:00.227  6989  6989 W ViewRootImpl[BasicWebActivity]: Cancelling event due to no window focus: KeyEvent { action=ACTION_UP, keyCode=KEYCODE_DPAD_LEFT, scanCode=0, metaState=0, flags=0x420, repeatCount=0, eventTime=16326948, downTime=16326948, deviceId=-1, source=0x101 }
09-19 15:58:00.227  6989  6989 W ViewRootImpl[BasicWebActivity]: Cancelling event due to no window focus: KeyEvent { action=ACTION_UP, keyCode=KEYCODE_DPAD_UP, scanCode=0, metaState=0, flags=0x420, repeatCount=0, eventTime=16326853, downTime=16326853, deviceId=-1, source=0x101 }
09-19 15:58:00.227  6989  6989 W ViewRootImpl[BasicWebActivity]: Cancelling event due to no window focus: KeyEvent { action=ACTION_UP, keyCode=KEYCODE_DPAD_UP, scanCode=0, metaState=0, flags=0x420, repeatCount=0, eventTime=16326853, downTime=16326853, deviceId=-1, source=0x101 }
09-19 15:58:00.228  6989  6989 W ViewRootImpl[BasicWebActivity]: Cancelling event due to no window focus: KeyEvent { action=ACTION_UP, keyCode=KEYCODE_DPAD_UP, scanCode=0, metaState=0, flags=0x420, repeatCount=0, eventTime=16326853, downTime=16326853, deviceId=-1, source=0x101 }
09-19 15:58:00.243  6989  6989 W ViewRootImpl[BasicWebActivity]: Cancelling event due to no window focus: KeyEvent { action=ACTION_UP, keyCode=KEYCODE_DPAD_LEFT, scanCode=0, metaState=0, flags=0x420, repeatCount=0, eventTime=16326947, downTime=16326947, deviceId=-1, source=0x101 }
09-19 15:58:00.243  6989  6989 W ViewRootImpl[BasicWebActivity]: Cancelling event due to no window focus: KeyEvent { action=ACTION_UP, keyCode=KEYCODE_DPAD_LEFT, scanCode=0, metaState=0, flags=0x420, repeatCount=0, eventTime=16326947, downTime=16326947, deviceId=-1, source=0x101 }
09-19 15:58:00.243  6989  6989 W ViewRootImpl[BasicWebActivity]: Cancelling event due to no window focus: KeyEvent { action=ACTION_UP, keyCode=KEYCODE_DPAD_LEFT, scanCode=0, metaState=0, flags=0x420, repeatCount=0, eventTime=16326947, downTime=16326947, deviceId=-1, source=0x101 }
09-19 15:58:00.244  6989  6989 W ViewRootImpl[BasicWebActivity]: Cancelling event due to no window focus: KeyEvent { action=ACTION_UP, keyCode=KEYCODE_DPAD_LEFT, scanCode=0, metaState=0, flags=0x420, repeatCount=0, eventTime=16326947, downTime=16326947, deviceId=-1, source=0x101 }
09-19 15:58:00.244  6989  6989 W ViewRootImpl[BasicWebActivity]: Cancelling event due to no window focus: KeyEvent { action=ACTION_UP, keyCode=KEYCODE_DPAD_LEFT, scanCode=0, metaState=0, flags=0x420, repeatCount=0, eventTime=16326947, downTime=16326947, deviceId=-1, source=0x101 }
09-19 15:58:00.244  6989  6989 W ViewRootImpl[BasicWebActivity]: Cancelling event due to no window focus: KeyEvent { action=ACTION_UP, keyCode=KEYCODE_DPAD_LEFT, scanCode=0, metaState=0, flags=0x420, repeatCount=0, eventTime=16326947, downTime=16326947, deviceId=-1, source=0x101 }
09-19 15:58:00.244  6989  6989 W ViewRootImpl[BasicWebActivity]: Cancelling event due to no window focus: KeyEvent { action=ACTION_UP, keyCode=KEYCODE_DPAD_LEFT, scanCode=0, metaState=0, flags=0x420, repeatCount=0, eventTime=16326947, downTime=16326947, deviceId=-1, source=0x101 }
09-19 15:58:00.244  6989  6989 W ViewRootImpl[BasicWebActivity]: Cancelling event due to no window focus: KeyEvent { action=ACTION_UP, keyCode=KEYCODE_DPAD_LEFT, scanCode=0, metaState=0, flags=0x420, repeatCount=0, eventTime=16326947, downTime=16326947, deviceId=-1, source=0x101 }
09-19 15:58:00.244  6989  6989 W ViewRootImpl[BasicWebActivity]: Cancelling event due to no window focus: KeyEvent { action=ACTION_UP, keyCode=KEYCODE_DPAD_LEFT, scanCode=0, metaState=0, flags=0x420, repeatCount=0, eventTime=16326947, downTime=16326947, deviceId=-1, source=0x101 }
09-19 15:58:00.244  6989  6989 W ViewRootImpl[BasicWebActivity]: Cancelling event due to no window focus: KeyEvent { action=ACTION_UP, keyCode=KEYCODE_DPAD_LEFT, scanCode=0, metaState=0, flags=0x420, repeatCount=0, eventTime=16326948, downTime=16326948, deviceId=-1, source=0x101 }
09-19 15:58:00.244  6989  6989 W ViewRootImpl[BasicWebActivity]: Cancelling event due to no window focus: KeyEvent { action=ACTION_UP, keyCode=KEYCODE_DPAD_LEFT, scanCode=0, metaState=0, flags=0x420, repeatCount=0, eventTime=16326948, downTime=16326948, deviceId=-1, source=0x101 }
09-19 15:58:00.244  6989  6989 W ViewRootImpl[BasicWebActivity]: Cancelling event due to no window focus: KeyEvent { action=ACTION_UP, keyCode=KEYCODE_DPAD_LEFT, scanCode=0, metaState=0, flags=0x420, repeatCount=0, eventTime=16326948, downTime=16326948, deviceId=-1, source=0x101 }
09-19 15:58:00.754  6989  6989 W ViewRootImpl[PartyChatActivity]: Dropping event due to no window focus: KeyEvent { action=ACTION_DOWN, keyCode=KEYCODE_KATAKANA_HIRAGANA, scanCode=0, metaState=0, flags=0x8, repeatCount=0, eventTime=16327363, downTime=16327363, deviceId=-1, source=0x101 }
09-19 15:58:00.756  6989  6989 W ViewRootImpl[PartyChatActivity]: Cancelling event due to no window focus: KeyEvent { action=ACTION_UP, keyCode=KEYCODE_KATAKANA_HIRAGANA, scanCode=0, metaState=0, flags=0x28, repeatCount=0, eventTime=16327385, downTime=16327385, deviceId=-1, source=0x101 }
09-19 15:58:00.756  6989  6989 W ViewRootImpl[PartyChatActivity]: Cancelling event due to no window focus: KeyEvent { action=ACTION_UP, keyCode=KEYCODE_KATAKANA_HIRAGANA, scanCode=0, metaState=0, flags=0x28, repeatCount=0, eventTime=16327385, downTime=16327385, deviceId=-1, source=0x101 }
09-19 15:58:00.756  6989  6989 W ViewRootImpl[PartyChatActivity]: Cancelling event due to no window focus: KeyEvent { action=ACTION_UP, keyCode=KEYCODE_KATAKANA_HIRAGANA, scanCode=0, metaState=0, flags=0x28, repeatCount=0, eventTime=16327385, downTime=16327385, deviceId=-1, source=0x101 }
09-19 15:58:00.757  6989  6989 W ViewRootImpl[PartyChatActivity]: Cancelling event due to no window focus: KeyEvent { action=ACTION_UP, keyCode=KEYCODE_KATAKANA_HIRAGANA, scanCode=0, metaState=0, flags=0x28, repeatCount=0, eventTime=16327385, downTime=16327385, deviceId=-1, source=0x101 }
09-19 15:58:00.757  6989  6989 W ViewRootImpl[PartyChatActivity]: Cancelling event due to no window focus: KeyEvent { action=ACTION_UP, keyCode=KEYCODE_KATAKANA_HIRAGANA, scanCode=0, metaState=0, flags=0x28, repeatCount=0, eventTime=16327385, downTime=16327385, deviceId=-1, source=0x101 }
09-19 15:58:00.757  6989  6989 W ViewRootImpl[PartyChatActivity]: Cancelling event due to no window focus: KeyEvent { action=ACTION_UP, keyCode=KEYCODE_KATAKANA_HIRAGANA, scanCode=0, metaState=0, flags=0x28, repeatCount=0, eventTime=16327385, downTime=16327385, deviceId=-1, source=0x101 }
09-19 15:58:00.757  6989  6989 W ViewRootImpl[PartyChatActivity]: Cancelling event due to no window focus: KeyEvent { action=ACTION_UP, keyCode=KEYCODE_KATAKANA_HIRAGANA, scanCode=0, metaState=0, flags=0x28, repeatCount=0, eventTime=16327385, downTime=16327385, deviceId=-1, source=0x101 }
09-19 15:58:00.757  6989  6989 W ViewRootImpl[PartyChatActivity]: Cancelling event due to no window focus: KeyEvent { action=ACTION_UP, keyCode=KEYCODE_KATAKANA_HIRAGANA, scanCode=0, metaState=0, flags=0x28, repeatCount=0, eventTime=16327385, downTime=16327385, deviceId=-1, source=0x101 }
09-19 15:58:00.757  6989  6989 W ViewRootImpl[PartyChatActivity]: Cancelling event due to no window focus: KeyEvent { action=ACTION_UP, keyCode=KEYCODE_KATAKANA_HIRAGANA, scanCode=0, metaState=0, flags=0x28, repeatCount=0, eventTime=16327385, downTime=16327385, deviceId=-1, source=0x101 }
09-19 15:58:00.770  6989  6989 W ViewRootImpl[BasicWebActivity]: Cancelling event due to no window focus: KeyEvent { action=ACTION_UP, keyCode=KEYCODE_DPAD_LEFT, scanCode=0, metaState=0, flags=0x420, repeatCount=0, eventTime=16326947, downTime=16326947, deviceId=-1, source=0x101 }
09-19 15:58:00.770  6989  6989 W ViewRootImpl[BasicWebActivity]: Cancelling event due to no window focus: KeyEvent { action=ACTION_UP, keyCode=KEYCODE_DPAD_LEFT, scanCode=0, metaState=0, flags=0x420, repeatCount=0, eventTime=16326947, downTime=16326947, deviceId=-1, source=0x101 }
09-19 15:58:00.770  6989  6989 W ViewRootImpl[BasicWebActivity]: Cancelling event due to no window focus: KeyEvent { action=ACTION_UP, keyCode=KEYCODE_DPAD_LEFT, scanCode=0, metaState=0, flags=0x420, repeatCount=0, eventTime=16326947, downTime=16326947, deviceId=-1, source=0x101 }
09-19 15:58:00.771  6989  6989 W ViewRootImpl[BasicWebActivity]: Cancelling event due to no window focus: KeyEvent { action=ACTION_UP, keyCode=KEYCODE_DPAD_LEFT, scanCode=0, metaState=0, flags=0x420, repeatCount=0, eventTime=16326948, downTime=16326948, deviceId=-1, source=0x101 }
09-19 15:58:05.965  1302  3016 I chatty  : uid=1000(system) Binder:1302_8 expire 1 line
09-19 15:58:07.017  1698  1698 I chatty  : uid=1000(system) com.android.coreservice expire 54 lines
09-19 15:58:10.206  1302  1316 I chatty  : uid=1000(system) ActivityManager expire 1 line
09-19 15:58:13.836  6989  6989 W ViewRootImpl[PartyChatActivity]: Dropping event due to no window focus: KeyEvent { action=ACTION_DOWN, keyCode=KEYCODE_HEADSETHOOK, scanCode=0, metaState=0, flags=0x8, repeatCount=0, eventTime=16340529, downTime=16340529, deviceId=-1, source=0x101 }
09-19 15:58:13.845  6989  6989 W ViewRootImpl[PartyChatActivity]: Cancelling event due to no window focus: KeyEvent { action=ACTION_UP, keyCode=KEYCODE_HEADSETHOOK, scanCode=0, metaState=0, flags=0x28, repeatCount=0, eventTime=16340568, downTime=16340568, deviceId=-1, source=0x101 }
09-19 15:58:13.845  6989  6989 W ViewRootImpl[PartyChatActivity]: Cancelling event due to no window focus: KeyEvent { action=ACTION_UP, keyCode=KEYCODE_HEADSETHOOK, scanCode=0, metaState=0, flags=0x28, repeatCount=0, eventTime=16340568, downTime=16340568, deviceId=-1, source=0x101 }
09-19 15:58:13.845  6989  6989 W ViewRootImpl[PartyChatActivity]: Cancelling event due to no window focus: KeyEvent { action=ACTION_UP, keyCode=KEYCODE_HEADSETHOOK, scanCode=0, metaState=0, flags=0x28, repeatCount=0, eventTime=16340568, downTime=16340568, deviceId=-1, source=0x101 }
09-19 15:58:13.845  6989  6989 W ViewRootImpl[PartyChatActivity]: Cancelling event due to no window focus: KeyEvent { action=ACTION_UP, keyCode=KEYCODE_HEADSETHOOK, scanCode=0, metaState=0, flags=0x28, repeatCount=0, eventTime=16340568, downTime=16340568, deviceId=-1, source=0x101 }
09-19 15:58:13.845  6989  6989 W ViewRootImpl[PartyChatActivity]: Cancelling event due to no window focus: KeyEvent { action=ACTION_UP, keyCode=KEYCODE_HEADSETHOOK, scanCode=0, metaState=0, flags=0x28, repeatCount=0, eventTime=16340568, downTime=16340568, deviceId=-1, source=0x101 }
09-19 15:58:13.845  6989  6989 W ViewRootImpl[PartyChatActivity]: Cancelling event due to no window focus: KeyEvent { action=ACTION_UP, keyCode=KEYCODE_HEADSETHOOK, scanCode=0, metaState=0, flags=0x28, repeatCount=0, eventTime=16340568, downTime=16340568, deviceId=-1, source=0x101 }
