09-19 15:58:13.846  6989  6989 W ViewRootImpl[PartyChatActivity]: Cancelling event due to no window focus: KeyEvent { action=ACTION_UP, keyCode=KEYCODE_HEADSETHOOK, scanCode=0, metaState=0, flags=0x28, repeatCount=0, eventTime=16340568, downTime=16340568, deviceId=-1, source=0x101 }
09-19 15:58:24.953  1302  1347 I chatty  : uid=1000(system) InputDispatcher expire 1 line
09-19 15:58:33.370  1302  1302 I chatty  : uid=1000 system_server expire 1 line
--------- beginning of main
09-19 15:58:38.506  1394  1647 D EGL_adreno: eglMakeCurrent: 0xa7012860: ver 3 1 (tinfo 0xa7014600)
09-19 15:58:38.957  6989  6989 W ViewRootImpl[PartyChatActivity]: Dropping event due to root view being removed: KeyEvent { action=ACTION_DOWN, keyCode=KEYCODE_DPAD_UP, scanCode=0, metaState=0, flags=0x400, repeatCount=0, eventTime=16365621, downTime=16365621, deviceId=-1, source=0x101 }
09-19 15:58:38.957  6989  6989 W ViewRootImpl[PartyChatActivity]: Dropping event due to root view being removed: KeyEvent { action=ACTION_UP, keyCode=KEYCODE_DPAD_UP, scanCode=0, metaState=0, flags=0x400, repeatCount=0, eventTime=16365621, downTime=16365621, deviceId=-1, source=0x101 }
09-19 15:58:38.967  1698  1698 I chatty  : uid=1000(system) com.android.coreservice expire 12 lines
09-19 15:58:38.991  1394  1647 D EGL_adreno: eglMakeCurrent: 0xa7012860: ver 3 1 (tinfo 0xa7014600)
09-19 15:58:39.017  6989  6989 I chatty  : uid=10038(com.litatom.app) expire 2 lines
09-19 15:58:39.413  1394  1647 D EGL_adreno: eglMakeCurrent: 0xa7012860: ver 3 1 (tinfo 0xa7014600)
09-19 15:58:39.429  1394  1394 I vol.Events: writeEvent icon_click STREAM_MUSIC unmute
09-19 15:58:39.435  1394  1629 I vol.Events: writeEvent level_changed STREAM_MUSIC 0
09-19 15:58:39.435  1394  1629 I vol.Events: writeEvent mute_changed STREAM_MUSIC true
09-19 15:58:40.167  6989  7002 I chatty  : uid=10038(com.litatom.app) Binder:6989_2 expire 2 lines
09-19 15:58:40.821  6989  7121 I chatty  : uid=10038(com.litatom.app) RenderThread expire 252 lines
09-19 15:58:40.898  1394  1394 I vol.Events: writeEvent dismiss_dialog timeout
09-19 15:58:40.900  1394  1629 I vol.Events: writeEvent active_stream_changed UNKNOWN_STREAM_-1
09-19 15:58:41.210  1394  1647 D EGL_adreno: eglMakeCurrent: 0xa7012860: ver 3 1 (tinfo 0xa7014600)
09-19 15:58:42.124  6989  7249 I chatty  : uid=10038(com.litatom.app) AgoraLogging expire 1 line
09-19 15:58:43.196  6989  7090 I chatty  : uid=10038(com.litatom.app) LogingTaskQueue expire 2 lines
09-19 15:58:44.100  6989  7121 I chatty  : uid=10038(com.litatom.app) RenderThread expire 243 lines
09-19 15:58:44.130  1394  1629 I vol.Events: writeEvent mute_changed STREAM_MUSIC false
09-19 15:58:44.135  1394  1629 I vol.Events: writeEvent active_stream_changed STREAM_MUSIC
09-19 15:58:44.137  1394  1629 I vol.Events: writeEvent key STREAM_MUSIC 0
09-19 15:58:44.158  1394  1394 I vol.Events: writeEvent show_dialog volume_changed keyguard=false
09-19 15:58:44.238  1394  1647 E EGL_adreno: tid 1647: eglSurfaceAttrib(1338): error 0x3009 (EGL_BAD_MATCH)
09-19 15:58:44.238  1394  1647 W OpenGLRenderer: Failed to set EGL_SWAP_BEHAVIOR on surface 0xa3d4fe80, error=EGL_BAD_MATCH
09-19 15:58:44.242  1394  1647 D EGL_adreno: eglMakeCurrent: 0xa7012860: ver 3 1 (tinfo 0xa7014600)
09-19 15:58:44.376  6989  7002 I chatty  : uid=10038(com.litatom.app) Binder:6989_2 expire 2 lines
09-19 15:58:45.236  6989  6989 I chatty  : uid=10038(com.litatom.app) expire 10 lines
09-19 15:58:45.646  1394  1394 I vol.Events: writeEvent dismiss_dialog timeout
09-19 15:58:45.648  1394  1629 I vol.Events: writeEvent active_stream_changed UNKNOWN_STREAM_-1
09-19 15:58:45.962  1394  1647 D EGL_adreno: eglMakeCurrent: 0xa7012860: ver 3 1 (tinfo 0xa7014600)
09-19 15:58:46.750  1302  3018 D NotificationService: notify pkg=android pid=1302
09-19 15:58:46.755  1302  5331 D NotificationService: notify pkg=android pid=1302
09-19 15:58:46.802  2010  3719 E EGL_adreno: tid 3719: eglSurfaceAttrib(1338): error 0x3009 (EGL_BAD_MATCH)
09-19 15:58:46.802  2010  3719 W OpenGLRenderer: Failed to set EGL_SWAP_BEHAVIOR on surface 0xb8f746c0, error=EGL_BAD_MATCH
09-19 15:58:46.808  1394  1647 D EGL_adreno: eglMakeCurrent: 0xa7012860: ver 3 1 (tinfo 0xa7014600)
09-19 15:58:47.265  1302  1313 I chatty  : uid=1000(system) Binder:1302_1 expire 2 lines
09-19 15:58:47.272  1394  1394 D PhoneStatusBar: disable: < expand ICONS* alerts SYSTEM_INFO* back home recent clock search quick_settings >
09-19 15:58:47.304  1394  1647 D EGL_adreno: eglMakeCurrent: 0xa7012860: ver 3 1 (tinfo 0xa7014600)
09-19 15:58:47.344  1394  1647 E EGL_adreno: tid 1647: eglSurfaceAttrib(1338): error 0x3009 (EGL_BAD_MATCH)
09-19 15:58:47.344  1394  1647 W OpenGLRenderer: Failed to set EGL_SWAP_BEHAVIOR on surface 0xa4e05120, error=EGL_BAD_MATCH
09-19 15:58:47.346  1394  1647 D EGL_adreno: eglMakeCurrent: 0xa7012860: ver 3 1 (tinfo 0xa7014600)
09-19 15:58:47.402  1302  5329 W VibratorService: Tried to stop vibrating but there is no vibrator device.
09-19 15:58:47.861  6989  7121 I chatty  : uid=10038(com.litatom.app) RenderThread expire 252 lines
09-19 15:58:47.898  1394  1394 D PhoneStatusBar: disable: < expand icons* alerts system_info* back home recent clock search quick_settings >
09-19 15:58:47.937  1394  1647 D EGL_adreno: eglMakeCurrent: 0xa7012860: ver 3 1 (tinfo 0xa7014600)
09-19 15:58:47.938  1302  5331 I chatty  : uid=1000(system) Binder:1302_F expire 1 line
09-19 15:58:47.973  1394  1647 E EGL_adreno: tid 1647: eglSurfaceAttrib(1338): error 0x3009 (EGL_BAD_MATCH)
09-19 15:58:47.973  1394  1647 W OpenGLRenderer: Failed to set EGL_SWAP_BEHAVIOR on surface 0xa3d50ea0, error=EGL_BAD_MATCH
09-19 15:58:47.978  1394  1647 D EGL_adreno: eglMakeCurrent: 0xa7012860: ver 3 1 (tinfo 0xa7014600)
09-19 15:58:48.125  6989  7249 I chatty  : uid=10038(com.litatom.app) AgoraLogging expire 1 line
09-19 15:58:48.523  6989  7001 I chatty  : uid=10038(com.litatom.app) Binder:6989_1 expire 2 lines
09-19 15:58:51.375  6989  7121 I chatty  : uid=10038(com.litatom.app) RenderThread expire 250 lines
09-19 15:58:52.015  6989  6989 W ViewRootImpl[PartyChatActivity]: Dropping event due to root view being removed: KeyEvent { action=ACTION_MULTIPLE, keyCode=KEYCODE_DPAD_DOWN, scanCode=0, metaState=0, flags=0x400, repeatCount=2, eventTime=16378658, downTime=16378658, deviceId=-1, source=0x101 }
09-19 15:58:52.015  6989  6989 W ViewRootImpl[PartyChatActivity]: Dropping event due to root view being removed: KeyEvent { action=ACTION_DOWN, keyCode=KEYCODE_DPAD_DOWN, scanCode=0, metaState=0, flags=0x400, repeatCount=0, eventTime=16378658, downTime=16378658, deviceId=-1, source=0x101 }
09-19 15:58:52.015  6989  6989 W ViewRootImpl[PartyChatActivity]: Dropping event due to root view being removed: KeyEvent { action=ACTION_UP, keyCode=KEYCODE_DPAD_DOWN, scanCode=0, metaState=0, flags=0x400, repeatCount=0, eventTime=16378658, downTime=16378658, deviceId=-1, source=0x101 }
09-19 15:58:52.015  6989  6989 W ViewRootImpl[PartyChatActivity]: Dropping event due to root view being removed: KeyEvent { action=ACTION_DOWN, keyCode=KEYCODE_DPAD_DOWN, scanCode=0, metaState=0, flags=0x400, repeatCount=0, eventTime=16378658, downTime=16378658, deviceId=-1, source=0x101 }
09-19 15:58:52.015  6989  6989 W ViewRootImpl[PartyChatActivity]: Dropping event due to root view being removed: KeyEvent { action=ACTION_UP, keyCode=KEYCODE_DPAD_DOWN, scanCode=0, metaState=0, flags=0x400, repeatCount=0, eventTime=16378658, downTime=16378658, deviceId=-1, source=0x101 }
09-19 15:58:52.015  6989  6989 W ViewRootImpl[PartyChatActivity]: Dropping event due to root view being removed: KeyEvent { action=ACTION_DOWN, keyCode=KEYCODE_DPAD_DOWN, scanCode=0, metaState=0, flags=0x400, repeatCount=0, eventTime=16378658, downTime=16378658, deviceId=-1, source=0x101 }
09-19 15:58:52.015  6989  6989 W ViewRootImpl[PartyChatActivity]: Dropping event due to root view being removed: KeyEvent { action=ACTION_UP, keyCode=KEYCODE_DPAD_DOWN, scanCode=0, metaState=0, flags=0x400, repeatCount=0, eventTime=16378658, downTime=16378658, deviceId=-1, source=0x101 }
09-19 15:58:52.023  1698  1698 I chatty  : uid=1000(system) com.android.coreservice expire 25 lines
09-19 15:58:52.103  6989  6989 I chatty  : uid=10038(com.litatom.app) expire 2 lines
09-19 15:58:52.387  6989  6989 W ViewRootImpl[PartyChatActivity]: Dropping event due to no window focus: KeyEvent { action=ACTION_DOWN, keyCode=KEYCODE_COMMA, scanCode=0, metaState=0, flags=0x8, repeatCount=0, eventTime=16379111, downTime=16379111, deviceId=-1, source=0x101 }
09-19 15:58:52.399  6989  6989 W ViewRootImpl[PartyChatActivity]: Cancelling event due to no window focus: KeyEvent { action=ACTION_UP, keyCode=KEYCODE_COMMA, scanCode=0, metaState=0, flags=0x28, repeatCount=0, eventTime=16379119, downTime=16379119, deviceId=-1, source=0x101 }
09-19 15:58:52.399  6989  6989 W ViewRootImpl[PartyChatActivity]: Cancelling event due to no window focus: KeyEvent { action=ACTION_UP, keyCode=KEYCODE_COMMA, scanCode=0, metaState=0, flags=0x28, repeatCount=0, eventTime=16379119, downTime=16379119, deviceId=-1, source=0x101 }
09-19 15:58:52.399  6989  6989 W ViewRootImpl[PartyChatActivity]: Cancelling event due to no window focus: KeyEvent { action=ACTION_UP, keyCode=KEYCODE_COMMA, scanCode=0, metaState=0, flags=0x28, repeatCount=0, eventTime=16379119, downTime=16379119, deviceId=-1, source=0x101 }
09-19 15:58:52.401  6989  6989 W ViewRootImpl[PartyChatActivity]: Cancelling event due to no window focus: KeyEvent { action=ACTION_UP, keyCode=KEYCODE_COMMA, scanCode=0, metaState=0, flags=0x28, repeatCount=0, eventTime=16379119, downTime=16379119, deviceId=-1, source=0x101 }
09-19 15:58:52.401  6989  6989 W ViewRootImpl[PartyChatActivity]: Cancelling event due to no window focus: KeyEvent { action=ACTION_UP, keyCode=KEYCODE_COMMA, scanCode=0, metaState=0, flags=0x28, repeatCount=0, eventTime=16379119, downTime=16379119, deviceId=-1, source=0x101 }
09-19 15:58:52.401  6989  6989 W ViewRootImpl[PartyChatActivity]: Cancelling event due to no window focus: KeyEvent { action=ACTION_UP, keyCode=KEYCODE_COMMA, scanCode=0, metaState=0, flags=0x28, repeatCount=0, eventTime=16379119, downTime=16379119, deviceId=-1, source=0x101 }
09-19 15:58:52.402  6989  6989 W ViewRootImpl[PartyChatActivity]: Cancelling event due to no window focus: KeyEvent { action=ACTION_UP, keyCode=KEYCODE_COMMA, scanCode=0, metaState=0, flags=0x28, repeatCount=0, eventTime=16379119, downTime=16379119, deviceId=-1, source=0x101 }
09-19 15:58:52.403  6989  6989 W ViewRootImpl[PartyChatActivity]: Cancelling event due to no window focus: KeyEvent { action=ACTION_UP, keyCode=KEYCODE_COMMA, scanCode=0, metaState=0, flags=0x28, repeatCount=0, eventTime=16379119, downTime=16379119, deviceId=-1, source=0x101 }
09-19 15:58:52.404  6989  6989 W ViewRootImpl[PartyChatActivity]: Cancelling event due to no window focus: KeyEvent { action=ACTION_UP, keyCode=KEYCODE_COMMA, scanCode=0, metaState=0, flags=0x28, repeatCount=0, eventTime=16379119, downTime=16379119, deviceId=-1, source=0x101 }
09-19 15:58:52.765  6989  7149 I chatty  : uid=10038(com.litatom.app) Binder:6989_3 expire 2 lines
09-19 15:58:54.124  6989  7249 I chatty  : uid=10038(com.litatom.app) AgoraLogging expire 1 line
09-19 15:58:54.890  6989  7121 I chatty  : uid=10038(com.litatom.app) RenderThread expire 253 lines
09-19 15:58:55.679  1394  1629 I vol.Events: writeEvent active_stream_changed STREAM_MUSIC
09-19 15:58:55.682  1394  1629 I vol.Events: writeEvent key STREAM_MUSIC 0
09-19 15:58:55.694  1394  1394 I vol.Events: writeEvent show_dialog volume_changed keyguard=false
09-19 15:58:55.755  1394  1647 E EGL_adreno: tid 1647: eglSurfaceAttrib(1338): error 0x3009 (EGL_BAD_MATCH)
09-19 15:58:55.755  1394  1647 W OpenGLRenderer: Failed to set EGL_SWAP_BEHAVIOR on surface 0xa45ae0a0, error=EGL_BAD_MATCH
09-19 15:58:55.764  1394  1647 D EGL_adreno: eglMakeCurrent: 0xa7012860: ver 3 1 (tinfo 0xa7014600)
09-19 15:58:56.195  1394  1394 I vol.Events: writeEvent expand true
09-19 15:58:56.287  1394  1647 D EGL_adreno: eglMakeCurrent: 0xa7012860: ver 3 1 (tinfo 0xa7014600)
09-19 15:58:56.344  1394  1647 E EGL_adreno: tid 1647: eglSurfaceAttrib(1338): error 0x3009 (EGL_BAD_MATCH)
09-19 15:58:56.344  1394  1647 W OpenGLRenderer: Failed to set EGL_SWAP_BEHAVIOR on surface 0xa3d50d00, error=EGL_BAD_MATCH
09-19 15:58:56.348  1394  1647 D EGL_adreno: eglMakeCurrent: 0xa7012860: ver 3 1 (tinfo 0xa7014600)
09-19 15:58:56.887  1394  1647 D EGL_adreno: eglMakeCurrent: 0xa7012860: ver 3 1 (tinfo 0xa7014600)
09-19 15:58:56.899  1394  1647 D EGL_adreno: eglMakeCurrent: 0xa7012860: ver 3 1 (tinfo 0xa7014600)
09-19 15:58:57.003  6989  7149 I chatty  : uid=10038(com.litatom.app) Binder:6989_3 expire 2 lines
09-19 15:58:57.021  1394  1647 D EGL_adreno: eglMakeCurrent: 0xa7012860: ver 3 1 (tinfo 0xa7014600)
09-19 15:58:57.063  1394  1647 E EGL_adreno: tid 1647: eglSurfaceAttrib(1338): error 0x3009 (EGL_BAD_MATCH)
09-19 15:58:57.063  1394  1647 W OpenGLRenderer: Failed to set EGL_SWAP_BEHAVIOR on surface 0xa3e8c660, error=EGL_BAD_MATCH
09-19 15:58:57.069  1394  1647 D EGL_adreno: eglMakeCurrent: 0xa7012860: ver 3 1 (tinfo 0xa7014600)
09-19 15:58:58.281  1394  1394 I vol.Events: writeEvent dismiss_dialog touch_outside
09-19 15:58:58.289  1394  1629 I vol.Events: writeEvent active_stream_changed UNKNOWN_STREAM_-1
09-19 15:58:58.465  6989  7121 I chatty  : uid=10038(com.litatom.app) RenderThread expire 251 lines
09-19 15:58:58.597  1394  1647 D EGL_adreno: eglMakeCurrent: 0xa7012860: ver 3 1 (tinfo 0xa7014600)
09-19 15:58:59.262  6989  7249 I chatty  : uid=10038(com.litatom.app) AgoraLogging expire 1 line
09-19 15:59:00.041  1394  1647 D EGL_adreno: eglMakeCurrent: 0xa7012860: ver 3 1 (tinfo 0xa7014600)
09-19 15:59:00.051  6989  6989 I chatty  : uid=10038(com.litatom.app) expire 1 line
09-19 15:59:01.104  6989  7002 I chatty  : uid=10038(com.litatom.app) Binder:6989_2 expire 2 lines
09-19 15:59:01.585  6989  7121 I chatty  : uid=10038(com.litatom.app) RenderThread expire 254 lines
09-19 15:59:03.640  6989  6989 I chatty  : uid=10038(com.litatom.app) expire 4 lines
09-19 15:59:04.663  6989  7121 I chatty  : uid=10038(com.litatom.app) RenderThread expire 249 lines
09-19 15:59:04.714  6989  7249 I chatty  : uid=10038(com.litatom.app) AgoraLogging expire 1 line
09-19 15:59:05.259  6989  7002 I chatty  : uid=10038(com.litatom.app) Binder:6989_2 expire 4 lines
09-19 15:59:07.670  6989  7121 I chatty  : uid=10038(com.litatom.app) RenderThread expire 249 lines
09-19 15:59:07.827  1302  3016 D NotificationService: notify pkg=com.litatom.app pid=1302
09-19 15:59:09.311  6989  6989 I chatty  : uid=10038(com.litatom.app) expire 3 lines
09-19 15:59:10.714  6989  7249 I chatty  : uid=10038(com.litatom.app) AgoraLogging expire 2 lines
09-19 15:59:11.894  1394  1629 I vol.Events: writeEvent mute_changed STREAM_MUSIC true
09-19 15:59:11.896  1394  1629 I vol.Events: writeEvent active_stream_changed STREAM_MUSIC
09-19 15:59:11.898  1394  1629 I vol.Events: writeEvent key STREAM_MUSIC 0
09-19 15:59:11.921  1394  1394 I vol.Events: writeEvent show_dialog volume_changed keyguard=false
09-19 15:59:11.975  1394  1647 E EGL_adreno: tid 1647: eglSurfaceAttrib(1338): error 0x3009 (EGL_BAD_MATCH)
09-19 15:59:11.976  1394  1647 W OpenGLRenderer: Failed to set EGL_SWAP_BEHAVIOR on surface 0xa45b2b60, error=EGL_BAD_MATCH
09-19 15:59:11.979  1394  1647 D EGL_adreno: eglMakeCurrent: 0xa7012860: ver 3 1 (tinfo 0xa7014600)
09-19 15:59:12.399  1394  1394 I vol.Events: writeEvent dismiss_dialog touch_outside
09-19 15:59:12.404  1394  1629 I vol.Events: writeEvent active_stream_changed UNKNOWN_STREAM_-1
09-19 15:59:12.710  1394  1647 D EGL_adreno: eglMakeCurrent: 0xa7012860: ver 3 1 (tinfo 0xa7014600)
09-19 15:59:12.971  1302  5333 I chatty  : uid=1000(system) Binder:1302_11 expire 1 line
09-19 15:59:12.971  1394  1394 D PhoneStatusBar: disable: < expand ICONS* alerts SYSTEM_INFO* back home recent clock search quick_settings >
09-19 15:59:13.033  1394  1647 E EGL_adreno: tid 1647: eglSurfaceAttrib(1338): error 0x3009 (EGL_BAD_MATCH)
09-19 15:59:13.033  1394  1647 W OpenGLRenderer: Failed to set EGL_SWAP_BEHAVIOR on surface 0xa3d50ec0, error=EGL_BAD_MATCH
09-19 15:59:13.036  1394  1647 D EGL_adreno: eglMakeCurrent: 0xa7012860: ver 3 1 (tinfo 0xa7014600)
09-19 15:59:13.069  1302  1643 W VibratorService: Tried to stop vibrating but there is no vibrator device.
09-19 15:59:13.359  6989  7121 I chatty  : uid=10038(com.litatom.app) RenderThread expire 248 lines
09-19 15:59:13.417  6989  6989 I chatty  : uid=10038(com.litatom.app) expire 4 lines
09-19 15:59:13.547  6989  7002 I chatty  : uid=10038(com.litatom.app) Binder:6989_2 expire 2 lines
09-19 15:59:13.622  1302  5329 I chatty  : uid=1000(system) Binder:1302_D expire 1 line
09-19 15:59:13.623  1394  1394 D PhoneStatusBar: disable: < expand icons* alerts system_info* back home recent clock search quick_settings >
09-19 15:59:13.665  1302  3018 I chatty  : uid=1000(system) Binder:1302_A expire 1 line
09-19 15:59:13.690  1394  1647 D EGL_adreno: eglMakeCurrent: 0xa7012860: ver 3 1 (tinfo 0xa7014600)
09-19 15:59:13.725  1394  1647 E EGL_adreno: tid 1647: eglSurfaceAttrib(1338): error 0x3009 (EGL_BAD_MATCH)
09-19 15:59:13.725  1394  1647 W OpenGLRenderer: Failed to set EGL_SWAP_BEHAVIOR on surface 0xa3e8daa0, error=EGL_BAD_MATCH
09-19 15:59:13.729  1394  1647 D EGL_adreno: eglMakeCurrent: 0xa7012860: ver 3 1 (tinfo 0xa7014600)
09-19 15:59:15.062  1302  5330 I chatty  : uid=1000(system) Binder:1302_E expire 1 line
09-19 15:59:17.011  6989  7121 I chatty  : uid=10038(com.litatom.app) RenderThread expire 245 lines
09-19 15:59:17.665  6989  6989 I chatty  : uid=10038(com.litatom.app) expire 4 lines
09-19 15:59:17.687  6989  7001 I chatty  : uid=10038(com.litatom.app) Binder:6989_1 expire 4 lines
09-19 15:59:17.840  1302  1316 I chatty  : uid=1000(system) ActivityManager expire 1 line
09-19 15:59:19.371  1394  1629 I vol.Events: writeEvent active_stream_changed STREAM_MUSIC
09-19 15:59:19.373  1394  1629 I vol.Events: writeEvent key STREAM_MUSIC 0
09-19 15:59:19.384  1394  1394 I vol.Events: writeEvent show_dialog volume_changed keyguard=false
09-19 15:59:19.421  1394  1647 E EGL_adreno: tid 1647: eglSurfaceAttrib(1338): error 0x3009 (EGL_BAD_MATCH)
09-19 15:59:19.421  1394  1647 W OpenGLRenderer: Failed to set EGL_SWAP_BEHAVIOR on surface 0xa45a95e0, error=EGL_BAD_MATCH
09-19 15:59:19.440  1394  1647 D EGL_adreno: eglMakeCurrent: 0xa7012860: ver 3 1 (tinfo 0xa7014600)
09-19 15:59:19.880  1394  1394 I vol.Events: writeEvent dismiss_dialog touch_outside
09-19 15:59:19.881  1394  1629 I vol.Events: writeEvent active_stream_changed UNKNOWN_STREAM_-1
09-19 15:59:20.194  1394  1647 D EGL_adreno: eglMakeCurrent: 0xa7012860: ver 3 1 (tinfo 0xa7014600)
09-19 15:59:20.905  1302  1347 I chatty  : uid=1000(system) InputDispatcher expire 1 line
09-19 15:59:22.123  6989  7249 I chatty  : uid=10038(com.litatom.app) AgoraLogging expire 1 line
09-19 15:59:22.496  1698  1698 I chatty  : uid=1000(system) com.android.coreservice expire 25 lines
09-19 15:59:22.520  1394  1647 D EGL_adreno: eglMakeCurrent: 0xa7012860: ver 3 1 (tinfo 0xa7014600)
09-19 15:59:22.642  6989  8153 I chatty  : uid=10038(com.litatom.app) Chrome_InProcGp expire 1 line
09-19 15:59:23.716  6989  7121 I chatty  : uid=10038(com.litatom.app) RenderThread expire 253 lines
09-19 15:59:25.781  6989  7001 I chatty  : uid=10038(com.litatom.app) Binder:6989_1 expire 6 lines
09-19 15:59:26.459  6989  7121 I chatty  : uid=10038(com.litatom.app) RenderThread expire 225 lines
09-19 15:59:27.080  6989  7090 I chatty  : uid=10038(com.litatom.app) LogingTaskQueue expire 2 lines
09-19 15:59:27.125  6989  7249 I chatty  : uid=10038(com.litatom.app) AgoraLogging expire 5 lines
09-19 15:59:29.039  6989  6989 I chatty  : uid=10038(com.litatom.app) expire 17 lines
09-19 15:59:29.589  1302  3015 I chatty  : uid=1000(system) Binder:1302_7 expire 1 line
09-19 15:59:30.063  1302  1323 I ActivityManager: Displayed com.litatom.app/com.lit.app.party.PartyChatActivity: +444ms
09-19 15:59:32.455  1302  1316 I chatty  : uid=1000(system) ActivityManager expire 1 line
09-19 15:59:38.321  6989  7002 I chatty  : uid=10038(com.litatom.app) Binder:6989_2 expire 6 lines
09-19 15:59:39.370  6989  6989 W ViewRootImpl[PartyChatActivity]: Dropping event due to no window focus: KeyEvent { action=ACTION_DOWN, keyCode=KEYCODE_DPAD_CENTER, scanCode=0, metaState=0, flags=0x8, repeatCount=0, eventTime=16426071, downTime=16426071, deviceId=-1, source=0x101 }
09-19 15:59:39.371  6989  6989 W ViewRootImpl[PartyChatActivity]: Cancelling event due to no window focus: KeyEvent { action=ACTION_UP, keyCode=KEYCODE_DPAD_CENTER, scanCode=0, metaState=0, flags=0x28, repeatCount=0, eventTime=16426073, downTime=16426073, deviceId=-1, source=0x101 }
09-19 15:59:39.371  6989  6989 W ViewRootImpl[PartyChatActivity]: Cancelling event due to no window focus: KeyEvent { action=ACTION_UP, keyCode=KEYCODE_DPAD_CENTER, scanCode=0, metaState=0, flags=0x28, repeatCount=0, eventTime=16426073, downTime=16426073, deviceId=-1, source=0x101 }
09-19 15:59:39.371  6989  6989 W ViewRootImpl[PartyChatActivity]: Cancelling event due to no window focus: KeyEvent { action=ACTION_UP, keyCode=KEYCODE_DPAD_CENTER, scanCode=0, metaState=0, flags=0x28, repeatCount=0, eventTime=16426073, downTime=16426073, deviceId=-1, source=0x101 }
09-19 15:59:39.371  6989  6989 W ViewRootImpl[PartyChatActivity]: Cancelling event due to no window focus: KeyEvent { action=ACTION_UP, keyCode=KEYCODE_DPAD_CENTER, scanCode=0, metaState=0, flags=0x28, repeatCount=0, eventTime=16426073, downTime=16426073, deviceId=-1, source=0x101 }
09-19 15:59:39.371  6989  6989 W ViewRootImpl[PartyChatActivity]: Cancelling event due to no window focus: KeyEvent { action=ACTION_UP, keyCode=KEYCODE_DPAD_CENTER, scanCode=0, metaState=0, flags=0x28, repeatCount=0, eventTime=16426073, downTime=16426073, deviceId=-1, source=0x101 }
09-19 15:59:39.371  6989  6989 W ViewRootImpl[PartyChatActivity]: Cancelling event due to no window focus: KeyEvent { action=ACTION_UP, keyCode=KEYCODE_DPAD_CENTER, scanCode=0, metaState=0, flags=0x28, repeatCount=0, eventTime=16426073, downTime=16426073, deviceId=-1, source=0x101 }
09-19 15:59:39.371  6989  6989 W ViewRootImpl[PartyChatActivity]: Cancelling event due to no window focus: KeyEvent { action=ACTION_UP, keyCode=KEYCODE_DPAD_CENTER, scanCode=0, metaState=0, flags=0x28, repeatCount=0, eventTime=16426073, downTime=16426073, deviceId=-1, source=0x101 }
09-19 15:59:39.371  6989  6989 W ViewRootImpl[PartyChatActivity]: Cancelling event due to no window focus: KeyEvent { action=ACTION_UP, keyCode=KEYCODE_DPAD_CENTER, scanCode=0, metaState=0, flags=0x28, repeatCount=0, eventTime=16426073, downTime=16426073, deviceId=-1, source=0x101 }
09-19 15:59:39.371  6989  6989 W ViewRootImpl[PartyChatActivity]: Cancelling event due to no window focus: KeyEvent { action=ACTION_UP, keyCode=KEYCODE_DPAD_CENTER, scanCode=0, metaState=0, flags=0x28, repeatCount=0, eventTime=16426073, downTime=16426073, deviceId=-1, source=0x101 }
09-19 15:59:39.389  1698  1698 I chatty  : uid=1000(system) com.android.coreservice expire 10 lines
09-19 15:59:41.025  6989  7121 I chatty  : uid=10038(com.litatom.app) RenderThread expire 90 lines
09-19 15:59:41.463  6989  6989 I chatty  : uid=10038(com.litatom.app) expire 5 lines
09-19 15:59:41.466  1302  5329 D NotificationService: notify pkg=android pid=1302
09-19 15:59:41.466  1302  1617 D NotificationService: notify pkg=android pid=1302
09-19 15:59:41.496  2010  3719 E EGL_adreno: tid 3719: eglSurfaceAttrib(1338): error 0x3009 (EGL_BAD_MATCH)
09-19 15:59:41.496  2010  3719 W OpenGLRenderer: Failed to set EGL_SWAP_BEHAVIOR on surface 0xb8f746e0, error=EGL_BAD_MATCH
09-19 15:59:42.490  1302  5329 I chatty  : uid=1000(system) Binder:1302_D expire 1 line
09-19 15:59:43.147  6989  7249 I chatty  : uid=10038(com.litatom.app) AgoraLogging expire 2 lines
09-19 15:59:44.015  1302  3017 I chatty  : uid=1000(system) Binder:1302_9 expire 1 line
09-19 15:59:44.523  1302  1347 I chatty  : uid=1000(system) InputDispatcher expire 2 lines
09-19 15:59:45.030  1302  1302 D NotificationService: notify pkg=android pid=1302
09-19 15:59:46.460  6989  7001 I chatty  : uid=10038(com.litatom.app) Binder:6989_1 expire 2 lines
09-19 15:59:48.645  1302  1545 D NotificationService: notify pkg=android pid=1302
09-19 15:59:51.684  1302  5329 I chatty  : uid=1000(system) Binder:1302_D expire 1 line
09-19 15:59:51.685  1394  1394 D PhoneStatusBar: disable: < expand ICONS* alerts SYSTEM_INFO* back home recent clock search quick_settings >
09-19 15:59:51.692  6989  7121 I chatty  : uid=10038(com.litatom.app) RenderThread expire 404 lines
09-19 15:59:51.720  1394  1647 D EGL_adreno: eglMakeCurrent: 0xa7012860: ver 3 1 (tinfo 0xa7014600)
09-19 15:59:51.763  1394  1647 E EGL_adreno: tid 1647: eglSurfaceAttrib(1338): error 0x3009 (EGL_BAD_MATCH)
09-19 15:59:51.763  1394  1647 W OpenGLRenderer: Failed to set EGL_SWAP_BEHAVIOR on surface 0xa701c360, error=EGL_BAD_MATCH
09-19 15:59:51.764  1394  1647 D EGL_adreno: eglMakeCurrent: 0xa7012860: ver 3 1 (tinfo 0xa7014600)
09-19 15:59:51.803  1302  5332 W VibratorService: Tried to stop vibrating but there is no vibrator device.
09-19 15:59:52.266  1302  3018 I chatty  : uid=1000(system) Binder:1302_A expire 1 line
09-19 15:59:52.267  1302  1643 I chatty  : uid=1000(system) Binder:1302_5 expire 2 lines
09-19 15:59:52.267  1394  1394 D PhoneStatusBar: disable: < expand icons* alerts system_info* back home recent clock search quick_settings >
09-19 15:59:52.304  1394  1647 D EGL_adreno: eglMakeCurrent: 0xa7012860: ver 3 1 (tinfo 0xa7014600)
09-19 15:59:52.338  1394  1647 E EGL_adreno: tid 1647: eglSurfaceAttrib(1338): error 0x3009 (EGL_BAD_MATCH)
09-19 15:59:52.338  1394  1647 W OpenGLRenderer: Failed to set EGL_SWAP_BEHAVIOR on surface 0xa3e8e280, error=EGL_BAD_MATCH
09-19 15:59:52.340  1394  1647 D EGL_adreno: eglMakeCurrent: 0xa7012860: ver 3 1 (tinfo 0xa7014600)
09-19 15:59:54.124  6989  7249 I chatty  : uid=10038(com.litatom.app) AgoraLogging expire 1 line
09-19 15:59:54.451  1302  1357 D WifiStateMachine: setScanResults mScanResults.size=1
09-19 15:59:54.665  6989  7002 I chatty  : uid=10038(com.litatom.app) Binder:6989_2 expire 2 lines
09-19 15:59:56.960  6989  7121 I chatty  : uid=10038(com.litatom.app) RenderThread expire 252 lines
09-19 15:59:58.805  6989  7001 I chatty  : uid=10038(com.litatom.app) Binder:6989_1 expire 2 lines
09-19 15:59:59.125  6989  7249 I chatty  : uid=10038(com.litatom.app) AgoraLogging expire 1 line
09-19 16:00:00.074  6989  7121 I chatty  : uid=10038(com.litatom.app) RenderThread expire 253 lines
09-19 16:00:02.876  6989  8831 I chatty  : uid=10038(com.litatom.app) Binder:6989_4 expire 2 lines
09-19 16:00:03.287  6989  7121 I chatty  : uid=10038(com.litatom.app) RenderThread expire 213 lines
09-19 16:00:04.495  1698  1698 I chatty  : uid=1000(system) com.android.coreservice expire 18 lines
09-19 16:00:04.715  6989  7249 I chatty  : uid=10038(com.litatom.app) AgoraLogging expire 4 lines
09-19 16:00:04.915  1302  1314 I chatty  : uid=1000(system) Binder:1302_2 expire 1 line
09-19 16:00:07.105  6989  7001 I chatty  : uid=10038(com.litatom.app) Binder:6989_1 expire 6 lines
09-19 16:00:07.466  1302  1644 D NotificationService: notify pkg=android pid=1302
09-19 16:00:07.469  1302  1313 D NotificationService: notify pkg=android pid=1302
09-19 16:00:07.499  2010  3719 E EGL_adreno: tid 3719: eglSurfaceAttrib(1338): error 0x3009 (EGL_BAD_MATCH)
09-19 16:00:07.499  2010  3719 W OpenGLRenderer: Failed to set EGL_SWAP_BEHAVIOR on surface 0xb8f746c0, error=EGL_BAD_MATCH
09-19 16:00:08.984  1302  1617 I chatty  : uid=1000(system) Binder:1302_4 expire 1 line
09-19 16:00:10.041  2010  2010 W InputService: onEvaluateInputViewShown inputType=0 imeOptions=0
09-19 16:00:10.041  2010  2010 W InputService: onEvaluateInputViewShown inputType=0 imeOptions=0
09-19 16:00:10.042  1302  5333 D NotificationService: notify pkg=android pid=1302
09-19 16:00:10.053  1394  1452 I art     : Do partial code cache collection, code=245KB, data=208KB
09-19 16:00:10.053  1394  1452 I art     : After code cache collection, code=238KB, data=204KB
09-19 16:00:10.053  1394  1452 I art     : Increasing code cache capacity to 1024KB
09-19 16:00:10.067  6989  6989 I chatty  : uid=10038(com.litatom.app) expire 20 lines
09-19 16:00:10.088  1302  1545 D NotificationService: notify pkg=android pid=1302
09-19 16:00:10.093  2010  2010 W InputService: onEvaluateInputViewShown inputType=0 imeOptions=0
09-19 16:00:10.093  2010  2010 W InputService: onEvaluateInputViewShown inputType=0 imeOptions=0
09-19 16:00:10.093  1302  3017 D NotificationService: notify pkg=android pid=1302
09-19 16:00:10.608  1302  1617 D NotificationService: notify pkg=android pid=1302
09-19 16:00:11.595  1302  1314 D NotificationService: notify pkg=android pid=1302
09-19 16:00:14.629  1302  5332 D NotificationService: notify pkg=android pid=1302
09-19 16:00:14.642  6989  7121 I chatty  : uid=10038(com.litatom.app) RenderThread expire 235 lines
09-19 16:00:15.152  1302  1302 I chatty  : uid=1000 system_server expire 2 lines
09-19 16:00:17.754  6989  6989 W ViewRootImpl[PartyChatActivity]: Dropping event due to root view being removed: KeyEvent { action=ACTION_DOWN, keyCode=KEYCODE_DPAD_UP, scanCode=0, metaState=0, flags=0x400, repeatCount=0, eventTime=16464440, downTime=16464440, deviceId=-1, source=0x101 }
09-19 16:00:17.755  6989  6989 W ViewRootImpl[PartyChatActivity]: Dropping event due to root view being removed: KeyEvent { action=ACTION_UP, keyCode=KEYCODE_DPAD_UP, scanCode=0, metaState=0, flags=0x400, repeatCount=0, eventTime=16464440, downTime=16464440, deviceId=-1, source=0x101 }
09-19 16:00:17.765  1698  1698 I chatty  : uid=1000(system) com.android.coreservice expire 87 lines
09-19 16:00:17.813  6989  6989 I chatty  : uid=10038(com.litatom.app) expire 12 lines
09-19 16:00:19.124  6989  7249 I chatty  : uid=10038(com.litatom.app) AgoraLogging expire 3 lines
09-19 16:00:19.347  6989  7002 I chatty  : uid=10038(com.litatom.app) Binder:6989_2 expire 2 lines
09-19 16:00:23.412  6989  7149 I chatty  : uid=10038(com.litatom.app) Binder:6989_3 expire 2 lines
09-19 16:00:27.489  6989  8831 I chatty  : uid=10038(com.litatom.app) Binder:6989_4 expire 2 lines
09-19 16:00:29.445  1302  1643 D NotificationService: notify pkg=android pid=1302
09-19 16:00:29.445  1302  5332 D NotificationService: notify pkg=android pid=1302
09-19 16:00:29.482  2010  3719 E EGL_adreno: tid 3719: eglSurfaceAttrib(1338): error 0x3009 (EGL_BAD_MATCH)
09-19 16:00:29.482  2010  3719 W OpenGLRenderer: Failed to set EGL_SWAP_BEHAVIOR on surface 0xb8f746e0, error=EGL_BAD_MATCH
09-19 16:00:29.491  6989  7121 I chatty  : uid=10038(com.litatom.app) RenderThread expire 214 lines
09-19 16:00:29.954  1302  3020 D NotificationService: notify pkg=android pid=1302
09-19 16:00:31.471  1302  1347 I chatty  : uid=1000(system) InputDispatcher expire 1 line
09-19 16:00:31.502  6989  7002 I chatty  : uid=10038(com.litatom.app) Binder:6989_2 expire 6 lines
09-19 16:00:31.510  2010  2010 W InputService: onEvaluateInputViewShown inputType=0 imeOptions=0
09-19 16:00:31.510  2010  2010 W InputService: onEvaluateInputViewShown inputType=0 imeOptions=0
09-19 16:00:31.511  1302  1643 D NotificationService: notify pkg=android pid=1302
09-19 16:00:31.531  6989  6989 I chatty  : uid=10038(com.litatom.app) expire 19 lines
09-19 16:00:31.547  1302  3018 D NotificationService: notify pkg=android pid=1302
09-19 16:00:32.039  1302  1617 D NotificationService: notify pkg=android pid=1302
09-19 16:00:33.630  1302  3019 D NotificationService: notify pkg=android pid=1302
09-19 16:00:33.679  1302  1314 D NotificationService: notify pkg=android pid=1302
09-19 16:00:34.805  6989  7249 I chatty  : uid=10038(com.litatom.app) AgoraLogging expire 2 lines
09-19 16:00:35.833  1302  1313 I chatty  : uid=1000(system) Binder:1302_1 expire 1 line
09-19 16:00:35.840  1302  1302 D NotificationService: notify pkg=android pid=1302
09-19 16:00:36.221  1302  1643 D NotificationService: notify pkg=android pid=1302
09-19 16:00:37.228  1302  1313 D NotificationService: notify pkg=android pid=1302
09-19 16:00:37.734  1302  1644 D NotificationService: notify pkg=android pid=1302
09-19 16:00:40.331  1302  5331 D NotificationService: notify pkg=android pid=1302
09-19 16:00:40.357  6989  7121 I chatty  : uid=10038(com.litatom.app) RenderThread expire 23 lines
09-19 16:00:40.834  1302  1643 D NotificationService: notify pkg=android pid=1302
09-19 16:00:41.374  1302  5333 D NotificationService: notify pkg=android pid=1302
09-19 16:00:41.377  1302  1313 D NotificationService: notify pkg=android pid=1302
09-19 16:00:41.895  1302  3018 D NotificationService: notify pkg=android pid=1302
09-19 16:00:43.407  2010  2010 W InputService: onEvaluateInputViewShown inputType=0 imeOptions=0
09-19 16:00:43.407  2010  2010 W InputService: onEvaluateInputViewShown inputType=0 imeOptions=0
09-19 16:00:43.408  1302  1314 D NotificationService: notify pkg=android pid=1302
09-19 16:00:43.677  6989  7001 I chatty  : uid=10038(com.litatom.app) Binder:6989_1 expire 2 lines
09-19 16:00:43.940  1302  5330 D NotificationService: notify pkg=android pid=1302
09-19 16:00:44.431  6989  6989 I chatty  : uid=10038(com.litatom.app) expire 7 lines
09-19 16:00:44.437  6989  7121 I chatty  : uid=10038(com.litatom.app) RenderThread expire 179 lines
09-19 16:00:45.909  6989  7249 I chatty  : uid=10038(com.litatom.app) AgoraLogging expire 3 lines
09-19 16:00:46.432  1302  3015 D NotificationService: notify pkg=android pid=1302
09-19 16:00:47.761  6989  7002 I chatty  : uid=10038(com.litatom.app) Binder:6989_2 expire 4 lines
09-19 16:00:48.953  1302  1643 D NotificationService: notify pkg=android pid=1302
09-19 16:00:51.769  6989  7149 I chatty  : uid=10038(com.litatom.app) Binder:6989_3 expire 4 lines
09-19 16:00:57.117  1302  3018 D NotificationService: notify pkg=android pid=1302
09-19 16:00:57.130  6989  7121 I chatty  : uid=10038(com.litatom.app) RenderThread expire 127 lines
09-19 16:00:58.202  1302  1643 D NotificationService: notify pkg=android pid=1302
09-19 16:00:58.210  1302  1313 D NotificationService: notify pkg=android pid=1302
09-19 16:00:58.639  2010  2010 W InputService: onEvaluateInputViewShown inputType=0 imeOptions=0
09-19 16:00:58.639  2010  2010 W InputService: onEvaluateInputViewShown inputType=0 imeOptions=0
09-19 16:00:58.640  1302  3016 D NotificationService: notify pkg=android pid=1302
09-19 16:00:59.688  1302  3020 D NotificationService: notify pkg=android pid=1302
09-19 16:01:00.679  1302  3015 D NotificationService: notify pkg=android pid=1302
09-19 16:01:01.216  1302  3015 D NotificationService: notify pkg=android pid=1302
09-19 16:01:02.154  6989  7249 I chatty  : uid=10038(com.litatom.app) AgoraLogging expire 5 lines
09-19 16:01:02.262  6989  6989 I chatty  : uid=10038(com.litatom.app) expire 11 lines
09-19 16:01:02.266  1302  3018 D NotificationService: notify pkg=android pid=1302
09-19 16:01:02.755  1302  1302 D NotificationService: notify pkg=android pid=1302
09-19 16:01:03.903  6989  8831 I chatty  : uid=10038(com.litatom.app) Binder:6989_4 expire 6 lines
09-19 16:01:05.297  6989  6989 W ViewRootImpl[PartyChatActivity]: Dropping event due to no window focus: KeyEvent { action=ACTION_DOWN, keyCode=KEYCODE_8, scanCode=0, metaState=0, flags=0x8, repeatCount=0, eventTime=16512007, downTime=16512007, deviceId=-1, source=0x101 }
09-19 16:01:05.297  6989  6989 W ViewRootImpl[PartyChatActivity]: Cancelling event due to no window focus: KeyEvent { action=ACTION_UP, keyCode=KEYCODE_8, scanCode=0, metaState=0, flags=0x28, repeatCount=0, eventTime=16512009, downTime=16512009, deviceId=-1, source=0x101 }
09-19 16:01:05.297  6989  6989 W ViewRootImpl[PartyChatActivity]: Cancelling event due to no window focus: KeyEvent { action=ACTION_UP, keyCode=KEYCODE_8, scanCode=0, metaState=0, flags=0x28, repeatCount=0, eventTime=16512009, downTime=16512009, deviceId=-1, source=0x101 }
09-19 16:01:05.297  6989  6989 W ViewRootImpl[PartyChatActivity]: Cancelling event due to no window focus: KeyEvent { action=ACTION_UP, keyCode=KEYCODE_8, scanCode=0, metaState=0, flags=0x28, repeatCount=0, eventTime=16512009, downTime=16512009, deviceId=-1, source=0x101 }
09-19 16:01:05.297  6989  6989 W ViewRootImpl[PartyChatActivity]: Cancelling event due to no window focus: KeyEvent { action=ACTION_UP, keyCode=KEYCODE_8, scanCode=0, metaState=0, flags=0x28, repeatCount=0, eventTime=16512009, downTime=16512009, deviceId=-1, source=0x101 }
09-19 16:01:05.297  6989  6989 W ViewRootImpl[PartyChatActivity]: Cancelling event due to no window focus: KeyEvent { action=ACTION_UP, keyCode=KEYCODE_8, scanCode=0, metaState=0, flags=0x28, repeatCount=0, eventTime=16512009, downTime=16512009, deviceId=-1, source=0x101 }
09-19 16:01:05.297  6989  6989 W ViewRootImpl[PartyChatActivity]: Cancelling event due to no window focus: KeyEvent { action=ACTION_UP, keyCode=KEYCODE_8, scanCode=0, metaState=0, flags=0x28, repeatCount=0, eventTime=16512009, downTime=16512009, deviceId=-1, source=0x101 }
09-19 16:01:05.297  6989  6989 W ViewRootImpl[PartyChatActivity]: Cancelling event due to no window focus: KeyEvent { action=ACTION_UP, keyCode=KEYCODE_8, scanCode=0, metaState=0, flags=0x28, repeatCount=0, eventTime=16512009, downTime=16512009, deviceId=-1, source=0x101 }
09-19 16:01:05.297  6989  6989 W ViewRootImpl[PartyChatActivity]: Cancelling event due to no window focus: KeyEvent { action=ACTION_UP, keyCode=KEYCODE_8, scanCode=0, metaState=0, flags=0x28, repeatCount=0, eventTime=16512009, downTime=16512009, deviceId=-1, source=0x101 }
09-19 16:01:05.297  6989  6989 W ViewRootImpl[PartyChatActivity]: Cancelling event due to no window focus: KeyEvent { action=ACTION_UP, keyCode=KEYCODE_8, scanCode=0, metaState=0, flags=0x28, repeatCount=0, eventTime=16512009, downTime=16512009, deviceId=-1, source=0x101 }
09-19 16:01:05.303  1698  1698 I chatty  : uid=1000(system) com.android.coreservice expire 37 lines
09-19 16:01:11.440  1394  1629 I vol.Events: writeEvent mute_changed STREAM_MUSIC false
09-19 16:01:11.441  1394  1629 I vol.Events: writeEvent active_stream_changed STREAM_MUSIC
09-19 16:01:11.442  1394  1629 I vol.Events: writeEvent key STREAM_MUSIC 0
09-19 16:01:11.458  1394  1394 I vol.Events: writeEvent show_dialog volume_changed keyguard=false
09-19 16:01:11.509  1394  1647 E EGL_adreno: tid 1647: eglSurfaceAttrib(1338): error 0x3009 (EGL_BAD_MATCH)
09-19 16:01:11.509  1394  1647 W OpenGLRenderer: Failed to set EGL_SWAP_BEHAVIOR on surface 0xa45aa720, error=EGL_BAD_MATCH
09-19 16:01:11.522  1394  1647 D EGL_adreno: eglMakeCurrent: 0xa7012860: ver 3 1 (tinfo 0xa7014600)
09-19 16:01:12.055  6989  7002 I chatty  : uid=10038(com.litatom.app) Binder:6989_2 expire 2 lines
09-19 16:01:12.458  1394  1394 I vol.Events: writeEvent dismiss_dialog touch_outside
09-19 16:01:12.463  1394  1629 I vol.Events: writeEvent active_stream_changed UNKNOWN_STREAM_-1
09-19 16:01:12.565  6989  7121 I chatty  : uid=10038(com.litatom.app) RenderThread expire 158 lines
09-19 16:01:12.777  1394  1647 D EGL_adreno: eglMakeCurrent: 0xa7012860: ver 3 1 (tinfo 0xa7014600)
09-19 16:01:14.005  1302  5333 I ActivityManager: START u0 {cmp=com.litatom.app/com.lit.app.ui.BasicWebActivity (has extras)} from uid 10038 on display 0
09-19 16:01:14.138  6989  8153 I chatty  : uid=10038(com.litatom.app) Chrome_InProcGp expire 3 lines
09-19 16:01:14.295  1302  1323 I ActivityManager: Displayed com.litatom.app/com.lit.app.ui.BasicWebActivity: +272ms
09-19 16:01:14.319  1394  1647 D EGL_adreno: eglMakeCurrent: 0xa7012860: ver 3 1 (tinfo 0xa7014600)
09-19 16:01:14.749  6989  8174 I chatty  : uid=10038(com.litatom.app) JavaBridge expire 1 line
09-19 16:01:15.018  1302  1347 I ActivityManager: START u0 {act=android.intent.action.MAIN cat=[android.intent.category.HOME] flg=0x10200000 cmp=com.android.launcher3/.Launcher (has extras)} from uid 1000 on display 0
09-19 16:01:16.903  6989  7121 I chatty  : uid=10038(com.litatom.app) RenderThread expire 238 lines
09-19 16:01:17.504  6989  6989 I chatty  : uid=10038(com.litatom.app) expire 12 lines
09-19 16:01:20.214  1302  3015 D NotificationService: notify pkg=android pid=1302
09-19 16:01:20.218  1302  5332 D NotificationService: notify pkg=android pid=1302
09-19 16:01:20.251  2010  3719 E EGL_adreno: tid 3719: eglSurfaceAttrib(1338): error 0x3009 (EGL_BAD_MATCH)
09-19 16:01:20.251  2010  3719 W OpenGLRenderer: Failed to set EGL_SWAP_BEHAVIOR on surface 0xb8f746c0, error=EGL_BAD_MATCH
09-19 16:01:20.284  6989  7001 I chatty  : uid=10038(com.litatom.app) Binder:6989_1 expire 4 lines
09-19 16:01:20.718  1302  3015 D NotificationService: notify pkg=android pid=1302
09-19 16:01:20.808  6989  7249 I chatty  : uid=10038(com.litatom.app) AgoraLogging expire 3 lines
09-19 16:01:21.258  2010  2010 W InputService: onEvaluateInputViewShown inputType=0 imeOptions=0
09-19 16:01:21.259  2010  2010 W InputService: onEvaluateInputViewShown inputType=0 imeOptions=0
09-19 16:01:21.259  1302  1545 D NotificationService: notify pkg=android pid=1302
09-19 16:01:21.804  1302  5333 D NotificationService: notify pkg=android pid=1302
09-19 16:01:22.289  1302  1643 D NotificationService: notify pkg=android pid=1302
09-19 16:01:22.297  1302  1617 D NotificationService: notify pkg=android pid=1302
09-19 16:01:22.775  1302  5333 D NotificationService: notify pkg=android pid=1302
09-19 16:01:23.327  1302  1545 D NotificationService: notify pkg=android pid=1302
09-19 16:01:24.010  1302  1316 W ActivityManager: Launch timeout has expired, giving up wake lock!
09-19 16:01:24.843  1302  1545 I ActivityManager: Setting hasTopUi=true for pid=1394
09-19 16:01:24.843  1394  1394 D PhoneStatusBar: disable: < expand ICONS* alerts SYSTEM_INFO* back home recent clock search quick_settings >
09-19 16:01:24.899  1302  1312 I art     : Background partial concurrent mark sweep GC freed 28135(1959KB) AllocSpace objects, 74(1480KB) LOS objects, 33% free, 10MB/15MB, paused 11.439ms total 48.314ms
09-19 16:01:24.920  1394  1647 D EGL_adreno: eglMakeCurrent: 0xa7012860: ver 3 1 (tinfo 0xa7014600)
09-19 16:01:24.960  1394  1647 E EGL_adreno: tid 1647: eglSurfaceAttrib(1338): error 0x3009 (EGL_BAD_MATCH)
09-19 16:01:24.960  1394  1647 W OpenGLRenderer: Failed to set EGL_SWAP_BEHAVIOR on surface 0xa3e8e380, error=EGL_BAD_MATCH
09-19 16:01:24.963  1394  1647 D EGL_adreno: eglMakeCurrent: 0xa7012860: ver 3 1 (tinfo 0xa7014600)
09-19 16:01:24.965  1302  1617 I ActivityManager: Setting hasTopUi=false for pid=1394
09-19 16:01:24.966  1394  1394 D PhoneStatusBar: disable: < expand icons* alerts system_info* back home recent clock search quick_settings >
09-19 16:01:25.039  1394  1647 D EGL_adreno: eglMakeCurrent: 0xa7012860: ver 3 1 (tinfo 0xa7014600)
09-19 16:01:25.070  1394  1647 E EGL_adreno: tid 1647: eglSurfaceAttrib(1338): error 0x3009 (EGL_BAD_MATCH)
09-19 16:01:25.070  1394  1647 W OpenGLRenderer: Failed to set EGL_SWAP_BEHAVIOR on surface 0xb6ebb260, error=EGL_BAD_MATCH
09-19 16:01:25.074  1394  1647 D EGL_adreno: eglMakeCurrent: 0xa7012860: ver 3 1 (tinfo 0xa7014600)
09-19 16:01:25.661  6989  7121 I chatty  : uid=10038(com.litatom.app) RenderThread expire 245 lines
09-19 16:01:28.382  6989  7149 I chatty  : uid=10038(com.litatom.app) Binder:6989_3 expire 4 lines
09-19 16:01:29.307  6989  7090 I chatty  : uid=10038(com.litatom.app) LogingTaskQueue expire 2 lines
09-19 16:01:30.955  1698  1698 I chatty  : uid=1000(system) com.android.coreservice expire 23 lines
09-19 16:01:30.957  1302  3015 D NotificationService: notify pkg=android pid=1302
09-19 16:01:31.516  1302  3019 D NotificationService: notify pkg=android pid=1302
09-19 16:01:33.130  6989  6989 I chatty  : uid=10038(com.litatom.app) expire 14 lines
09-19 16:01:33.479  6989  7121 I chatty  : uid=10038(com.litatom.app) RenderThread expire 231 lines
09-19 16:01:36.124  6989  7249 I chatty  : uid=10038(com.litatom.app) AgoraLogging expire 4 lines
09-19 16:01:36.522  6989  7001 I chatty  : uid=10038(com.litatom.app) Binder:6989_1 expire 2 lines
09-19 16:01:39.720  1302  1314 I ActivityManager: Setting hasTopUi=true for pid=1394
09-19 16:01:39.721  1394  1394 D PhoneStatusBar: disable: < expand ICONS* alerts SYSTEM_INFO* back home recent clock search quick_settings >
09-19 16:01:39.770  1394  1647 D EGL_adreno: eglMakeCurrent: 0xa7012860: ver 3 1 (tinfo 0xa7014600)
09-19 16:01:39.790  1394  1394 W View    : requestLayout() improperly called by android.widget.TextClock{586eb5e V.ED..... ......ID 0,0-167,57 #7f12023f app:id/time_view} during layout: running second layout pass
09-19 16:01:39.790  1394  1394 W View    : requestLayout() improperly called by android.widget.TextClock{edd0b3f V.ED..... ......ID 167,0-167,57 #7f120240 app:id/am_pm_view} during layout: running second layout pass
09-19 16:01:39.814  1394  1647 E EGL_adreno: tid 1647: eglSurfaceAttrib(1338): error 0x3009 (EGL_BAD_MATCH)
09-19 16:01:39.814  1394  1647 W OpenGLRenderer: Failed to set EGL_SWAP_BEHAVIOR on surface 0xa4fb6c60, error=EGL_BAD_MATCH
09-19 16:01:39.818  1394  1647 D EGL_adreno: eglMakeCurrent: 0xa7012860: ver 3 1 (tinfo 0xa7014600)
09-19 16:01:39.822  1302  3016 I ActivityManager: Setting hasTopUi=false for pid=1394
09-19 16:01:39.822  1394  1394 D PhoneStatusBar: disable: < expand icons* alerts system_info* back home recent clock search quick_settings >
09-19 16:01:39.825  1302  5332 I ActivityManager: Setting hasTopUi=true for pid=1394
09-19 16:01:39.826  1394  1394 D PhoneStatusBar: disable: < expand ICONS* alerts SYSTEM_INFO* back home recent clock search quick_settings >
09-19 16:01:39.876  1302  5331 I ActivityManager: Setting hasTopUi=false for pid=1394
09-19 16:01:39.877  1394  1394 D PhoneStatusBar: disable: < expand icons* alerts system_info* back home recent clock search quick_settings >
09-19 16:01:39.880  1302  1644 W VibratorService: Tried to stop vibrating but there is no vibrator device.
09-19 16:01:39.882  1302  3020 I ActivityManager: Setting hasTopUi=true for pid=1394
09-19 16:01:39.883  1394  1394 D PhoneStatusBar: disable: < expand ICONS* alerts SYSTEM_INFO* back home recent clock search quick_settings >
09-19 16:01:40.613  6989  8831 I chatty  : uid=10038(com.litatom.app) Binder:6989_4 expire 2 lines
09-19 16:01:40.766  1302  1314 I ActivityManager: Setting hasTopUi=false for pid=1394
09-19 16:01:40.766  1394  1394 D PhoneStatusBar: disable: < expand icons* alerts system_info* back home recent clock search quick_settings >
09-19 16:01:40.806  1394  1647 D EGL_adreno: eglMakeCurrent: 0xa7012860: ver 3 1 (tinfo 0xa7014600)
09-19 16:01:40.845  1394  1647 E EGL_adreno: tid 1647: eglSurfaceAttrib(1338): error 0x3009 (EGL_BAD_MATCH)
09-19 16:01:40.845  1394  1647 W OpenGLRenderer: Failed to set EGL_SWAP_BEHAVIOR on surface 0xa5685760, error=EGL_BAD_MATCH
09-19 16:01:40.848  1394  1647 D EGL_adreno: eglMakeCurrent: 0xa7012860: ver 3 1 (tinfo 0xa7014600)
09-19 16:01:41.242  1394  1629 I vol.Events: writeEvent active_stream_changed STREAM_MUSIC
09-19 16:01:41.244  1394  1629 I vol.Events: writeEvent level_changed STREAM_MUSIC 1
09-19 16:01:41.246  1394  1629 I vol.Events: writeEvent key STREAM_MUSIC 1
09-19 16:01:41.263  1394  1394 I vol.Events: writeEvent show_dialog volume_changed keyguard=false
09-19 16:01:41.306  1394  1647 E EGL_adreno: tid 1647: eglSurfaceAttrib(1338): error 0x3009 (EGL_BAD_MATCH)
09-19 16:01:41.306  1394  1647 W OpenGLRenderer: Failed to set EGL_SWAP_BEHAVIOR on surface 0xa5221580, error=EGL_BAD_MATCH
09-19 16:01:41.309  1394  1647 D EGL_adreno: eglMakeCurrent: 0xa7012860: ver 3 1 (tinfo 0xa7014600)
09-19 16:01:41.759  1394  1394 I vol.Events: writeEvent dismiss_dialog touch_outside
09-19 16:01:41.764  1394  1629 I vol.Events: writeEvent active_stream_changed UNKNOWN_STREAM_-1
09-19 16:01:42.075  1394  1647 D EGL_adreno: eglMakeCurrent: 0xa7012860: ver 3 1 (tinfo 0xa7014600)
09-19 16:01:44.703  6989  7149 I chatty  : uid=10038(com.litatom.app) Binder:6989_3 expire 6 lines
09-19 16:01:52.434  6989  6989 W ViewRootImpl[PartyChatActivity]: Dropping event due to no window focus: KeyEvent { action=ACTION_DOWN, keyCode=KEYCODE_BACK, scanCode=0, metaState=0, flags=0x8, repeatCount=0, eventTime=16559160, downTime=16559160, deviceId=-1, source=0x101 }
09-19 16:01:52.435  6989  6989 W ViewRootImpl[PartyChatActivity]: Cancelling event due to no window focus: KeyEvent { action=ACTION_UP, keyCode=KEYCODE_BACK, scanCode=0, metaState=0, flags=0x28, repeatCount=0, eventTime=16559162, downTime=16559162, deviceId=-1, source=0x101 }
09-19 16:01:52.437  6989  6989 W ViewRootImpl[PartyChatActivity]: Cancelling event due to no window focus: KeyEvent { action=ACTION_UP, keyCode=KEYCODE_BACK, scanCode=0, metaState=0, flags=0x28, repeatCount=0, eventTime=16559162, downTime=16559162, deviceId=-1, source=0x101 }
09-19 16:01:52.437  6989  6989 W ViewRootImpl[PartyChatActivity]: Cancelling event due to no window focus: KeyEvent { action=ACTION_UP, keyCode=KEYCODE_BACK, scanCode=0, metaState=0, flags=0x28, repeatCount=0, eventTime=16559162, downTime=16559162, deviceId=-1, source=0x101 }
09-19 16:01:52.438  6989  6989 W ViewRootImpl[PartyChatActivity]: Cancelling event due to no window focus: KeyEvent { action=ACTION_UP, keyCode=KEYCODE_BACK, scanCode=0, metaState=0, flags=0x28, repeatCount=0, eventTime=16559162, downTime=16559162, deviceId=-1, source=0x101 }
09-19 16:01:52.438  6989  6989 W ViewRootImpl[PartyChatActivity]: Cancelling event due to no window focus: KeyEvent { action=ACTION_UP, keyCode=KEYCODE_BACK, scanCode=0, metaState=0, flags=0x28, repeatCount=0, eventTime=16559162, downTime=16559162, deviceId=-1, source=0x101 }
09-19 16:01:52.438  6989  6989 W ViewRootImpl[PartyChatActivity]: Cancelling event due to no window focus: KeyEvent { action=ACTION_UP, keyCode=KEYCODE_BACK, scanCode=0, metaState=0, flags=0x28, repeatCount=0, eventTime=16559162, downTime=16559162, deviceId=-1, source=0x101 }
