09-19 15:59:39.371  6989  6989 W ViewRootImpl[PartyChatActivity]: Cancelling event due to no window focus: KeyEvent { action=ACTION_UP, keyCode=KEYCODE_DPAD_CENTER, scanCode=0, metaState=0, flags=0x28, repeatCount=0, eventTime=16426073, downTime=16426073, deviceId=-1, source=0x101 }
09-19 15:59:39.371  6989  6989 W ViewRootImpl[PartyChatActivity]: Cancelling event due to no window focus: KeyEvent { action=ACTION_UP, keyCode=KEYCODE_DPAD_CENTER, scanCode=0, metaState=0, flags=0x28, repeatCount=0, eventTime=16426073, downTime=16426073, deviceId=-1, source=0x101 }
09-19 15:59:39.371  6989  6989 W ViewRootImpl[PartyChatActivity]: Cancelling event due to no window focus: KeyEvent { action=ACTION_UP, keyCode=KEYCODE_DPAD_CENTER, scanCode=0, metaState=0, flags=0x28, repeatCount=0, eventTime=16426073, downTime=16426073, deviceId=-1, source=0x101 }
09-19 15:59:39.371  6989  6989 W ViewRootImpl[PartyChatActivity]: Cancelling event due to no window focus: KeyEvent { action=ACTION_UP, keyCode=KEYCODE_DPAD_CENTER, scanCode=0, metaState=0, flags=0x28, repeatCount=0, eventTime=16426073, downTime=16426073, deviceId=-1, source=0x101 }
09-19 15:59:39.371  6989  6989 W ViewRootImpl[PartyChatActivity]: Cancelling event due to no window focus: KeyEvent { action=ACTION_UP, keyCode=KEYCODE_DPAD_CENTER, scanCode=0, metaState=0, flags=0x28, repeatCount=0, eventTime=16426073, downTime=16426073, deviceId=-1, source=0x101 }
09-19 15:59:39.371  6989  6989 W ViewRootImpl[PartyChatActivity]: Cancelling event due to no window focus: KeyEvent { action=ACTION_UP, keyCode=KEYCODE_DPAD_CENTER, scanCode=0, metaState=0, flags=0x28, repeatCount=0, eventTime=16426073, downTime=16426073, deviceId=-1, source=0x101 }
09-19 15:59:39.371  6989  6989 W ViewRootImpl[PartyChatActivity]: Cancelling event due to no window focus: KeyEvent { action=ACTION_UP, keyCode=KEYCODE_DPAD_CENTER, scanCode=0, metaState=0, flags=0x28, repeatCount=0, eventTime=16426073, downTime=16426073, deviceId=-1, source=0x101 }
09-19 15:59:39.371  6989  6989 W ViewRootImpl[PartyChatActivity]: Cancelling event due to no window focus: KeyEvent { action=ACTION_UP, keyCode=KEYCODE_DPAD_CENTER, scanCode=0, metaState=0, flags=0x28, repeatCount=0, eventTime=16426073, downTime=16426073, deviceId=-1, source=0x101 }
09-19 15:59:39.371  6989  6989 W ViewRootImpl[PartyChatActivity]: Cancelling event due to no window focus: KeyEvent { action=ACTION_UP, keyCode=KEYCODE_DPAD_CENTER, scanCode=0, metaState=0, flags=0x28, repeatCount=0, eventTime=16426073, downTime=16426073, deviceId=-1, source=0x101 }
09-19 15:59:39.389  1698  1698 I chatty  : uid=1000(system) com.android.coreservice expire 28 lines
09-19 15:59:44.015  1302  3017 I chatty  : uid=1000(system) Binder:1302_9 expire 3 lines
09-19 15:59:44.523  1302  1347 I chatty  : uid=1000(system) InputDispatcher expire 10 lines
09-19 15:59:52.267  1302  1643 I chatty  : uid=1000(system) Binder:1302_5 expire 5 lines
09-19 16:00:17.754  6989  6989 W ViewRootImpl[PartyChatActivity]: Dropping event due to root view being removed: KeyEvent { action=ACTION_DOWN, keyCode=KEYCODE_DPAD_UP, scanCode=0, metaState=0, flags=0x400, repeatCount=0, eventTime=16464440, downTime=16464440, deviceId=-1, source=0x101 }
09-19 16:00:17.755  6989  6989 W ViewRootImpl[PartyChatActivity]: Dropping event due to root view being removed: KeyEvent { action=ACTION_UP, keyCode=KEYCODE_DPAD_UP, scanCode=0, metaState=0, flags=0x400, repeatCount=0, eventTime=16464440, downTime=16464440, deviceId=-1, source=0x101 }
09-19 16:00:17.765  1698  1698 I chatty  : uid=1000(system) com.android.coreservice expire 87 lines
09-19 16:01:05.297  6989  6989 W ViewRootImpl[PartyChatActivity]: Dropping event due to no window focus: KeyEvent { action=ACTION_DOWN, keyCode=KEYCODE_8, scanCode=0, metaState=0, flags=0x8, repeatCount=0, eventTime=16512007, downTime=16512007, deviceId=-1, source=0x101 }
09-19 16:01:05.297  6989  6989 W ViewRootImpl[PartyChatActivity]: Cancelling event due to no window focus: KeyEvent { action=ACTION_UP, keyCode=KEYCODE_8, scanCode=0, metaState=0, flags=0x28, repeatCount=0, eventTime=16512009, downTime=16512009, deviceId=-1, source=0x101 }
09-19 16:01:05.297  6989  6989 W ViewRootImpl[PartyChatActivity]: Cancelling event due to no window focus: KeyEvent { action=ACTION_UP, keyCode=KEYCODE_8, scanCode=0, metaState=0, flags=0x28, repeatCount=0, eventTime=16512009, downTime=16512009, deviceId=-1, source=0x101 }
09-19 16:01:05.297  6989  6989 W ViewRootImpl[PartyChatActivity]: Cancelling event due to no window focus: KeyEvent { action=ACTION_UP, keyCode=KEYCODE_8, scanCode=0, metaState=0, flags=0x28, repeatCount=0, eventTime=16512009, downTime=16512009, deviceId=-1, source=0x101 }
09-19 16:01:05.297  6989  6989 W ViewRootImpl[PartyChatActivity]: Cancelling event due to no window focus: KeyEvent { action=ACTION_UP, keyCode=KEYCODE_8, scanCode=0, metaState=0, flags=0x28, repeatCount=0, eventTime=16512009, downTime=16512009, deviceId=-1, source=0x101 }
09-19 16:01:05.297  6989  6989 W ViewRootImpl[PartyChatActivity]: Cancelling event due to no window focus: KeyEvent { action=ACTION_UP, keyCode=KEYCODE_8, scanCode=0, metaState=0, flags=0x28, repeatCount=0, eventTime=16512009, downTime=16512009, deviceId=-1, source=0x101 }
09-19 16:01:05.297  6989  6989 W ViewRootImpl[PartyChatActivity]: Cancelling event due to no window focus: KeyEvent { action=ACTION_UP, keyCode=KEYCODE_8, scanCode=0, metaState=0, flags=0x28, repeatCount=0, eventTime=16512009, downTime=16512009, deviceId=-1, source=0x101 }
09-19 16:01:05.297  6989  6989 W ViewRootImpl[PartyChatActivity]: Cancelling event due to no window focus: KeyEvent { action=ACTION_UP, keyCode=KEYCODE_8, scanCode=0, metaState=0, flags=0x28, repeatCount=0, eventTime=16512009, downTime=16512009, deviceId=-1, source=0x101 }
09-19 16:01:05.297  6989  6989 W ViewRootImpl[PartyChatActivity]: Cancelling event due to no window focus: KeyEvent { action=ACTION_UP, keyCode=KEYCODE_8, scanCode=0, metaState=0, flags=0x28, repeatCount=0, eventTime=16512009, downTime=16512009, deviceId=-1, source=0x101 }
09-19 16:01:05.297  6989  6989 W ViewRootImpl[PartyChatActivity]: Cancelling event due to no window focus: KeyEvent { action=ACTION_UP, keyCode=KEYCODE_8, scanCode=0, metaState=0, flags=0x28, repeatCount=0, eventTime=16512009, downTime=16512009, deviceId=-1, source=0x101 }
09-19 16:01:05.303  1698  1698 I chatty  : uid=1000(system) com.android.coreservice expire 60 lines
09-19 16:01:52.434  6989  6989 W ViewRootImpl[PartyChatActivity]: Dropping event due to no window focus: KeyEvent { action=ACTION_DOWN, keyCode=KEYCODE_BACK, scanCode=0, metaState=0, flags=0x8, repeatCount=0, eventTime=16559160, downTime=16559160, deviceId=-1, source=0x101 }
09-19 16:01:52.435  6989  6989 W ViewRootImpl[PartyChatActivity]: Cancelling event due to no window focus: KeyEvent { action=ACTION_UP, keyCode=KEYCODE_BACK, scanCode=0, metaState=0, flags=0x28, repeatCount=0, eventTime=16559162, downTime=16559162, deviceId=-1, source=0x101 }
09-19 16:01:52.437  6989  6989 W ViewRootImpl[PartyChatActivity]: Cancelling event due to no window focus: KeyEvent { action=ACTION_UP, keyCode=KEYCODE_BACK, scanCode=0, metaState=0, flags=0x28, repeatCount=0, eventTime=16559162, downTime=16559162, deviceId=-1, source=0x101 }
09-19 16:01:52.437  6989  6989 W ViewRootImpl[PartyChatActivity]: Cancelling event due to no window focus: KeyEvent { action=ACTION_UP, keyCode=KEYCODE_BACK, scanCode=0, metaState=0, flags=0x28, repeatCount=0, eventTime=16559162, downTime=16559162, deviceId=-1, source=0x101 }
09-19 16:01:52.438  6989  6989 W ViewRootImpl[PartyChatActivity]: Cancelling event due to no window focus: KeyEvent { action=ACTION_UP, keyCode=KEYCODE_BACK, scanCode=0, metaState=0, flags=0x28, repeatCount=0, eventTime=16559162, downTime=16559162, deviceId=-1, source=0x101 }
09-19 16:01:52.438  6989  6989 W ViewRootImpl[PartyChatActivity]: Cancelling event due to no window focus: KeyEvent { action=ACTION_UP, keyCode=KEYCODE_BACK, scanCode=0, metaState=0, flags=0x28, repeatCount=0, eventTime=16559162, downTime=16559162, deviceId=-1, source=0x101 }
09-19 16:01:52.438  6989  6989 W ViewRootImpl[PartyChatActivity]: Cancelling event due to no window focus: KeyEvent { action=ACTION_UP, keyCode=KEYCODE_BACK, scanCode=0, metaState=0, flags=0x28, repeatCount=0, eventTime=16559162, downTime=16559162, deviceId=-1, source=0x101 }
09-19 16:01:52.438  6989  6989 W ViewRootImpl[PartyChatActivity]: Cancelling event due to no window focus: KeyEvent { action=ACTION_UP, keyCode=KEYCODE_BACK, scanCode=0, metaState=0, flags=0x28, repeatCount=0, eventTime=16559162, downTime=16559162, deviceId=-1, source=0x101 }
09-19 16:01:52.438  6989  6989 W ViewRootImpl[PartyChatActivity]: Cancelling event due to no window focus: KeyEvent { action=ACTION_UP, keyCode=KEYCODE_BACK, scanCode=0, metaState=0, flags=0x28, repeatCount=0, eventTime=16559162, downTime=16559162, deviceId=-1, source=0x101 }
09-19 16:01:52.438  6989  6989 W ViewRootImpl[PartyChatActivity]: Cancelling event due to no window focus: KeyEvent { action=ACTION_UP, keyCode=KEYCODE_BACK, scanCode=0, metaState=0, flags=0x28, repeatCount=0, eventTime=16559162, downTime=16559162, deviceId=-1, source=0x101 }
09-19 16:01:52.444  1698  1698 I chatty  : uid=1000(system) com.android.coreservice expire 103 lines
09-19 16:02:51.868  6989  6989 W ViewRootImpl[PartyChatActivity]: Dropping event due to root view being removed: MotionEvent { action=ACTION_UP, actionButton=0, id[0]=0, x[0]=-380.2009, y[0]=-18.954956, toolType[0]=TOOL_TYPE_UNKNOWN, buttonState=0, metaState=0, flags=0x0, edgeFlags=0x0, pointerCount=1, historySize=0, eventTime=16618562, downTime=16618560, deviceId=0, source=0x1002 }
09-19 16:02:56.889  1698  1698 I chatty  : uid=1000(system) com.android.coreservice expire 30 lines
09-19 16:03:00.538  6989  6989 W ViewRootImpl[PartyChatActivity]: Dropping event due to no window focus: KeyEvent { action=ACTION_DOWN, keyCode=KEYCODE_DPAD_LEFT, scanCode=0, metaState=0, flags=0x8, repeatCount=0, eventTime=16627143, downTime=16627143, deviceId=-1, source=0x101 }
09-19 16:03:00.539  6989  6989 W ViewRootImpl[PartyChatActivity]: Cancelling event due to no window focus: KeyEvent { action=ACTION_UP, keyCode=KEYCODE_DPAD_LEFT, scanCode=0, metaState=0, flags=0x28, repeatCount=0, eventTime=16627144, downTime=16627144, deviceId=-1, source=0x101 }
09-19 16:03:00.539  6989  6989 W ViewRootImpl[PartyChatActivity]: Cancelling event due to no window focus: KeyEvent { action=ACTION_UP, keyCode=KEYCODE_DPAD_LEFT, scanCode=0, metaState=0, flags=0x28, repeatCount=0, eventTime=16627144, downTime=16627144, deviceId=-1, source=0x101 }
09-19 16:03:00.539  6989  6989 W ViewRootImpl[PartyChatActivity]: Cancelling event due to no window focus: KeyEvent { action=ACTION_UP, keyCode=KEYCODE_DPAD_LEFT, scanCode=0, metaState=0, flags=0x28, repeatCount=0, eventTime=16627144, downTime=16627144, deviceId=-1, source=0x101 }
09-19 16:03:00.539  6989  6989 W ViewRootImpl[PartyChatActivity]: Cancelling event due to no window focus: KeyEvent { action=ACTION_UP, keyCode=KEYCODE_DPAD_LEFT, scanCode=0, metaState=0, flags=0x28, repeatCount=0, eventTime=16627144, downTime=16627144, deviceId=-1, source=0x101 }
09-19 16:03:00.539  6989  6989 W ViewRootImpl[PartyChatActivity]: Cancelling event due to no window focus: KeyEvent { action=ACTION_UP, keyCode=KEYCODE_DPAD_LEFT, scanCode=0, metaState=0, flags=0x28, repeatCount=0, eventTime=16627144, downTime=16627144, deviceId=-1, source=0x101 }
09-19 16:03:00.539  6989  6989 W ViewRootImpl[PartyChatActivity]: Cancelling event due to no window focus: KeyEvent { action=ACTION_UP, keyCode=KEYCODE_DPAD_LEFT, scanCode=0, metaState=0, flags=0x28, repeatCount=0, eventTime=16627144, downTime=16627144, deviceId=-1, source=0x101 }
09-19 16:03:00.539  6989  6989 W ViewRootImpl[PartyChatActivity]: Cancelling event due to no window focus: KeyEvent { action=ACTION_UP, keyCode=KEYCODE_DPAD_LEFT, scanCode=0, metaState=0, flags=0x28, repeatCount=0, eventTime=16627144, downTime=16627144, deviceId=-1, source=0x101 }
09-19 16:03:00.540  6989  6989 W ViewRootImpl[PartyChatActivity]: Cancelling event due to no window focus: KeyEvent { action=ACTION_UP, keyCode=KEYCODE_DPAD_LEFT, scanCode=0, metaState=0, flags=0x28, repeatCount=0, eventTime=16627144, downTime=16627144, deviceId=-1, source=0x101 }
09-19 16:03:00.540  6989  6989 W ViewRootImpl[PartyChatActivity]: Cancelling event due to no window focus: KeyEvent { action=ACTION_UP, keyCode=KEYCODE_DPAD_LEFT, scanCode=0, metaState=0, flags=0x28, repeatCount=0, eventTime=16627144, downTime=16627144, deviceId=-1, source=0x101 }
09-19 16:03:08.304  6989  6989 W ViewRootImpl[PartyChatActivity]: Dropping event due to root view being removed: KeyEvent { action=ACTION_MULTIPLE, keyCode=KEYCODE_DPAD_LEFT, scanCode=0, metaState=0, flags=0x400, repeatCount=74, eventTime=16634990, downTime=16634990, deviceId=-1, source=0x101 }
09-19 16:03:08.304  6989  6989 W ViewRootImpl[PartyChatActivity]: Dropping event due to root view being removed: KeyEvent { action=ACTION_DOWN, keyCode=KEYCODE_DPAD_LEFT, scanCode=0, metaState=0, flags=0x400, repeatCount=0, eventTime=16634990, downTime=16634990, deviceId=-1, source=0x101 }
09-19 16:03:08.304  6989  6989 W ViewRootImpl[PartyChatActivity]: Dropping event due to root view being removed: KeyEvent { action=ACTION_UP, keyCode=KEYCODE_DPAD_LEFT, scanCode=0, metaState=0, flags=0x400, repeatCount=0, eventTime=16634990, downTime=16634990, deviceId=-1, source=0x101 }
09-19 16:03:08.304  6989  6989 W ViewRootImpl[PartyChatActivity]: Dropping event due to root view being removed: KeyEvent { action=ACTION_DOWN, keyCode=KEYCODE_DPAD_LEFT, scanCode=0, metaState=0, flags=0x400, repeatCount=0, eventTime=16634990, downTime=16634990, deviceId=-1, source=0x101 }
09-19 16:03:08.304  6989  6989 W ViewRootImpl[PartyChatActivity]: Dropping event due to root view being removed: KeyEvent { action=ACTION_UP, keyCode=KEYCODE_DPAD_LEFT, scanCode=0, metaState=0, flags=0x400, repeatCount=0, eventTime=16634990, downTime=16634990, deviceId=-1, source=0x101 }
09-19 16:03:08.304  6989  6989 W ViewRootImpl[PartyChatActivity]: Dropping event due to root view being removed: KeyEvent { action=ACTION_DOWN, keyCode=KEYCODE_DPAD_LEFT, scanCode=0, metaState=0, flags=0x400, repeatCount=0, eventTime=16634990, downTime=16634990, deviceId=-1, source=0x101 }
09-19 16:03:08.304  6989  6989 W ViewRootImpl[PartyChatActivity]: Dropping event due to root view being removed: KeyEvent { action=ACTION_UP, keyCode=KEYCODE_DPAD_LEFT, scanCode=0, metaState=0, flags=0x400, repeatCount=0, eventTime=16634990, downTime=16634990, deviceId=-1, source=0x101 }
09-19 16:03:08.312  1698  1698 I chatty  : uid=1000(system) com.android.coreservice expire 34 lines
09-19 16:03:24.585  6989  6989 W ViewRootImpl[PartyChatActivity]: Dropping event due to root view being removed: MotionEvent { action=ACTION_MOVE, actionButton=0, id[0]=0, x[0]=0.0, y[0]=1.0, toolType[0]=TOOL_TYPE_UNKNOWN, buttonState=0, metaState=0, flags=0x0, edgeFlags=0x0, pointerCount=1, historySize=9, eventTime=16651227, downTime=-1, deviceId=0, source=0x10004 }
09-19 16:03:24.592  1698  1698 I chatty  : uid=1000(system) com.android.coreservice expire 73 lines
09-19 16:03:48.752  1302  5329 I chatty  : uid=1000(system) Binder:1302_D expire 4 lines
09-19 16:03:50.287  6989  6989 W ViewRootImpl[PartyChatActivity]: Dropping event due to no window focus: KeyEvent { action=ACTION_DOWN, keyCode=KEYCODE_MENU, scanCode=0, metaState=0, flags=0x8, repeatCount=0, eventTime=16677003, downTime=16677003, deviceId=-1, source=0x101 }
09-19 16:03:50.290  6989  6989 W ViewRootImpl[PartyChatActivity]: Cancelling event due to no window focus: KeyEvent { action=ACTION_UP, keyCode=KEYCODE_MENU, scanCode=0, metaState=0, flags=0x28, repeatCount=0, eventTime=16677020, downTime=16677020, deviceId=-1, source=0x101 }
09-19 16:03:50.290  6989  6989 W ViewRootImpl[PartyChatActivity]: Cancelling event due to no window focus: KeyEvent { action=ACTION_UP, keyCode=KEYCODE_MENU, scanCode=0, metaState=0, flags=0x28, repeatCount=0, eventTime=16677020, downTime=16677020, deviceId=-1, source=0x101 }
09-19 16:03:50.290  6989  6989 W ViewRootImpl[PartyChatActivity]: Cancelling event due to no window focus: KeyEvent { action=ACTION_UP, keyCode=KEYCODE_MENU, scanCode=0, metaState=0, flags=0x28, repeatCount=0, eventTime=16677020, downTime=16677020, deviceId=-1, source=0x101 }
09-19 16:03:50.323  6989  6989 W ViewRootImpl[PartyChatActivity]: Cancelling event due to no window focus: KeyEvent { action=ACTION_UP, keyCode=KEYCODE_MENU, scanCode=0, metaState=0, flags=0x28, repeatCount=0, eventTime=16677020, downTime=16677020, deviceId=-1, source=0x101 }
09-19 16:03:50.323  6989  6989 W ViewRootImpl[PartyChatActivity]: Cancelling event due to no window focus: KeyEvent { action=ACTION_UP, keyCode=KEYCODE_MENU, scanCode=0, metaState=0, flags=0x28, repeatCount=0, eventTime=16677020, downTime=16677020, deviceId=-1, source=0x101 }
09-19 16:03:50.323  6989  6989 W ViewRootImpl[PartyChatActivity]: Cancelling event due to no window focus: KeyEvent { action=ACTION_UP, keyCode=KEYCODE_MENU, scanCode=0, metaState=0, flags=0x28, repeatCount=0, eventTime=16677020, downTime=16677020, deviceId=-1, source=0x101 }
09-19 16:04:05.161  1698  1698 I chatty  : uid=1000(system) com.android.coreservice expire 11 lines
09-19 16:04:19.426  6989  6989 W ViewRootImpl[PartyChatActivity]: Dropping event due to root view being removed: KeyEvent { action=ACTION_MULTIPLE, keyCode=KEYCODE_DPAD_LEFT, scanCode=0, metaState=0, flags=0x400, repeatCount=22, eventTime=16706119, downTime=16706119, deviceId=-1, source=0x101 }
09-19 16:04:19.426  6989  6989 W ViewRootImpl[PartyChatActivity]: Dropping event due to root view being removed: KeyEvent { action=ACTION_DOWN, keyCode=KEYCODE_DPAD_LEFT, scanCode=0, metaState=0, flags=0x400, repeatCount=0, eventTime=16706119, downTime=16706119, deviceId=-1, source=0x101 }
09-19 16:04:19.426  6989  6989 W ViewRootImpl[PartyChatActivity]: Dropping event due to root view being removed: KeyEvent { action=ACTION_UP, keyCode=KEYCODE_DPAD_LEFT, scanCode=0, metaState=0, flags=0x400, repeatCount=0, eventTime=16706119, downTime=16706119, deviceId=-1, source=0x101 }
09-19 16:04:22.485  6989  6989 W ViewRootImpl[PartyChatActivity]: Dropping event due to root view being removed: KeyEvent { action=ACTION_MULTIPLE, keyCode=KEYCODE_DPAD_RIGHT, scanCode=0, metaState=0, flags=0x400, repeatCount=47, eventTime=16709169, downTime=16709169, deviceId=-1, source=0x101 }
09-19 16:04:22.485  6989  6989 W ViewRootImpl[PartyChatActivity]: Dropping event due to root view being removed: KeyEvent { action=ACTION_DOWN, keyCode=KEYCODE_DPAD_RIGHT, scanCode=0, metaState=0, flags=0x400, repeatCount=0, eventTime=16709169, downTime=16709169, deviceId=-1, source=0x101 }
09-19 16:04:22.485  6989  6989 W ViewRootImpl[PartyChatActivity]: Dropping event due to root view being removed: KeyEvent { action=ACTION_UP, keyCode=KEYCODE_DPAD_RIGHT, scanCode=0, metaState=0, flags=0x400, repeatCount=0, eventTime=16709169, downTime=16709169, deviceId=-1, source=0x101 }
09-19 16:04:22.485  6989  6989 W ViewRootImpl[PartyChatActivity]: Dropping event due to root view being removed: KeyEvent { action=ACTION_DOWN, keyCode=KEYCODE_DPAD_RIGHT, scanCode=0, metaState=0, flags=0x400, repeatCount=0, eventTime=16709169, downTime=16709169, deviceId=-1, source=0x101 }
09-19 16:04:22.485  6989  6989 W ViewRootImpl[PartyChatActivity]: Dropping event due to root view being removed: KeyEvent { action=ACTION_UP, keyCode=KEYCODE_DPAD_RIGHT, scanCode=0, metaState=0, flags=0x400, repeatCount=0, eventTime=16709169, downTime=16709169, deviceId=-1, source=0x101 }
09-19 16:04:22.492  1698  1698 I chatty  : uid=1000(system) com.android.coreservice expire 60 lines
09-19 16:04:49.019  1302  1314 I chatty  : uid=1000(system) Binder:1302_2 expire 1 line
09-19 16:04:54.727  6989  6989 W ViewRootImpl[UserDetailActivity]: Dropping event due to no window focus: KeyEvent { action=ACTION_DOWN, keyCode=KEYCODE_DPAD_RIGHT, scanCode=0, metaState=0, flags=0x400, repeatCount=0, eventTime=16741445, downTime=16741445, deviceId=-1, source=0x101 }
09-19 16:04:54.727  6989  6989 W ViewRootImpl[UserDetailActivity]: Cancelling event due to no window focus: KeyEvent { action=ACTION_UP, keyCode=KEYCODE_DPAD_RIGHT, scanCode=0, metaState=0, flags=0x420, repeatCount=0, eventTime=16741445, downTime=16741445, deviceId=-1, source=0x101 }
09-19 16:04:54.727  6989  6989 W ViewRootImpl[UserDetailActivity]: Cancelling event due to no window focus: KeyEvent { action=ACTION_UP, keyCode=KEYCODE_DPAD_RIGHT, scanCode=0, metaState=0, flags=0x420, repeatCount=0, eventTime=16741445, downTime=16741445, deviceId=-1, source=0x101 }
09-19 16:04:54.727  6989  6989 W ViewRootImpl[UserDetailActivity]: Cancelling event due to no window focus: KeyEvent { action=ACTION_UP, keyCode=KEYCODE_DPAD_RIGHT, scanCode=0, metaState=0, flags=0x420, repeatCount=0, eventTime=16741445, downTime=16741445, deviceId=-1, source=0x101 }
09-19 16:04:54.727  6989  6989 W ViewRootImpl[UserDetailActivity]: Dropping event due to no window focus: KeyEvent { action=ACTION_DOWN, keyCode=KEYCODE_DPAD_RIGHT, scanCode=0, metaState=0, flags=0x400, repeatCount=0, eventTime=16741445, downTime=16741445, deviceId=-1, source=0x101 }
09-19 16:04:54.728  6989  6989 W ViewRootImpl[UserDetailActivity]: Cancelling event due to no window focus: KeyEvent { action=ACTION_UP, keyCode=KEYCODE_DPAD_RIGHT, scanCode=0, metaState=0, flags=0x420, repeatCount=0, eventTime=16741445, downTime=16741445, deviceId=-1, source=0x101 }
09-19 16:04:54.728  6989  6989 W ViewRootImpl[UserDetailActivity]: Cancelling event due to no window focus: KeyEvent { action=ACTION_UP, keyCode=KEYCODE_DPAD_RIGHT, scanCode=0, metaState=0, flags=0x420, repeatCount=0, eventTime=16741445, downTime=16741445, deviceId=-1, source=0x101 }
09-19 16:04:54.728  6989  6989 W ViewRootImpl[UserDetailActivity]: Cancelling event due to no window focus: KeyEvent { action=ACTION_UP, keyCode=KEYCODE_DPAD_RIGHT, scanCode=0, metaState=0, flags=0x420, repeatCount=0, eventTime=16741445, downTime=16741445, deviceId=-1, source=0x101 }
09-19 16:04:54.728  6989  6989 W ViewRootImpl[UserDetailActivity]: Cancelling event due to no window focus: KeyEvent { action=ACTION_UP, keyCode=KEYCODE_DPAD_RIGHT, scanCode=0, metaState=0, flags=0x420, repeatCount=0, eventTime=16741445, downTime=16741445, deviceId=-1, source=0x101 }
09-19 16:04:54.728  6989  6989 W ViewRootImpl[UserDetailActivity]: Cancelling event due to no window focus: KeyEvent { action=ACTION_UP, keyCode=KEYCODE_DPAD_RIGHT, scanCode=0, metaState=0, flags=0x420, repeatCount=0, eventTime=16741445, downTime=16741445, deviceId=-1, source=0x101 }
09-19 16:04:54.728  6989  6989 W ViewRootImpl[UserDetailActivity]: Cancelling event due to no window focus: KeyEvent { action=ACTION_UP, keyCode=KEYCODE_DPAD_RIGHT, scanCode=0, metaState=0, flags=0x420, repeatCount=0, eventTime=16741445, downTime=16741445, deviceId=-1, source=0x101 }
09-19 16:04:54.728  6989  6989 W ViewRootImpl[UserDetailActivity]: Cancelling event due to no window focus: KeyEvent { action=ACTION_UP, keyCode=KEYCODE_DPAD_RIGHT, scanCode=0, metaState=0, flags=0x420, repeatCount=0, eventTime=16741445, downTime=16741445, deviceId=-1, source=0x101 }
09-19 16:04:54.728  6989  6989 W ViewRootImpl[UserDetailActivity]: Cancelling event due to no window focus: KeyEvent { action=ACTION_UP, keyCode=KEYCODE_DPAD_RIGHT, scanCode=0, metaState=0, flags=0x420, repeatCount=0, eventTime=16741445, downTime=16741445, deviceId=-1, source=0x101 }
09-19 16:04:54.728  6989  6989 W ViewRootImpl[UserDetailActivity]: Cancelling event due to no window focus: KeyEvent { action=ACTION_UP, keyCode=KEYCODE_DPAD_RIGHT, scanCode=0, metaState=0, flags=0x420, repeatCount=0, eventTime=16741445, downTime=16741445, deviceId=-1, source=0x101 }
09-19 16:04:54.737  6989  6989 W ViewRootImpl[UserDetailActivity]: Cancelling event due to no window focus: KeyEvent { action=ACTION_UP, keyCode=KEYCODE_DPAD_RIGHT, scanCode=0, metaState=0, flags=0x420, repeatCount=0, eventTime=16741445, downTime=16741445, deviceId=-1, source=0x101 }
09-19 16:04:54.737  6989  6989 W ViewRootImpl[UserDetailActivity]: Cancelling event due to no window focus: KeyEvent { action=ACTION_UP, keyCode=KEYCODE_DPAD_RIGHT, scanCode=0, metaState=0, flags=0x420, repeatCount=0, eventTime=16741445, downTime=16741445, deviceId=-1, source=0x101 }
09-19 16:04:54.737  6989  6989 W ViewRootImpl[UserDetailActivity]: Cancelling event due to no window focus: KeyEvent { action=ACTION_UP, keyCode=KEYCODE_DPAD_RIGHT, scanCode=0, metaState=0, flags=0x420, repeatCount=0, eventTime=16741445, downTime=16741445, deviceId=-1, source=0x101 }
09-19 16:04:54.737  6989  6989 W ViewRootImpl[UserDetailActivity]: Cancelling event due to no window focus: KeyEvent { action=ACTION_UP, keyCode=KEYCODE_DPAD_RIGHT, scanCode=0, metaState=0, flags=0x420, repeatCount=0, eventTime=16741445, downTime=16741445, deviceId=-1, source=0x101 }
09-19 16:04:54.737  6989  6989 W ViewRootImpl[UserDetailActivity]: Cancelling event due to no window focus: KeyEvent { action=ACTION_UP, keyCode=KEYCODE_DPAD_RIGHT, scanCode=0, metaState=0, flags=0x420, repeatCount=0, eventTime=16741445, downTime=16741445, deviceId=-1, source=0x101 }
09-19 16:04:54.738  6989  6989 W ViewRootImpl[UserDetailActivity]: Cancelling event due to no window focus: KeyEvent { action=ACTION_UP, keyCode=KEYCODE_DPAD_RIGHT, scanCode=0, metaState=0, flags=0x420, repeatCount=0, eventTime=16741445, downTime=16741445, deviceId=-1, source=0x101 }
09-19 16:04:55.737  6989  6989 W ViewRootImpl[PartyChatActivity]: Dropping event due to no window focus: KeyEvent { action=ACTION_DOWN, keyCode=KEYCODE_DPAD_CENTER, scanCode=0, metaState=0, flags=0x8, repeatCount=0, eventTime=16742396, downTime=16742396, deviceId=-1, source=0x101 }
09-19 16:04:55.737  6989  6989 W ViewRootImpl[PartyChatActivity]: Cancelling event due to no window focus: KeyEvent { action=ACTION_UP, keyCode=KEYCODE_DPAD_CENTER, scanCode=0, metaState=0, flags=0x28, repeatCount=0, eventTime=16742402, downTime=16742402, deviceId=-1, source=0x101 }
09-19 16:04:55.738  6989  6989 W ViewRootImpl[PartyChatActivity]: Cancelling event due to no window focus: KeyEvent { action=ACTION_UP, keyCode=KEYCODE_DPAD_CENTER, scanCode=0, metaState=0, flags=0x28, repeatCount=0, eventTime=16742402, downTime=16742402, deviceId=-1, source=0x101 }
09-19 16:04:55.738  6989  6989 W ViewRootImpl[PartyChatActivity]: Cancelling event due to no window focus: KeyEvent { action=ACTION_UP, keyCode=KEYCODE_DPAD_CENTER, scanCode=0, metaState=0, flags=0x28, repeatCount=0, eventTime=16742402, downTime=16742402, deviceId=-1, source=0x101 }
09-19 16:04:55.738  6989  6989 W ViewRootImpl[PartyChatActivity]: Cancelling event due to no window focus: KeyEvent { action=ACTION_UP, keyCode=KEYCODE_DPAD_CENTER, scanCode=0, metaState=0, flags=0x28, repeatCount=0, eventTime=16742402, downTime=16742402, deviceId=-1, source=0x101 }
09-19 16:04:55.738  6989  6989 W ViewRootImpl[PartyChatActivity]: Cancelling event due to no window focus: KeyEvent { action=ACTION_UP, keyCode=KEYCODE_DPAD_CENTER, scanCode=0, metaState=0, flags=0x28, repeatCount=0, eventTime=16742402, downTime=16742402, deviceId=-1, source=0x101 }
09-19 16:04:55.738  6989  6989 W ViewRootImpl[PartyChatActivity]: Cancelling event due to no window focus: KeyEvent { action=ACTION_UP, keyCode=KEYCODE_DPAD_CENTER, scanCode=0, metaState=0, flags=0x28, repeatCount=0, eventTime=16742402, downTime=16742402, deviceId=-1, source=0x101 }
09-19 16:04:55.738  6989  6989 W ViewRootImpl[PartyChatActivity]: Cancelling event due to no window focus: KeyEvent { action=ACTION_UP, keyCode=KEYCODE_DPAD_CENTER, scanCode=0, metaState=0, flags=0x28, repeatCount=0, eventTime=16742402, downTime=16742402, deviceId=-1, source=0x101 }
09-19 16:04:55.738  6989  6989 W ViewRootImpl[PartyChatActivity]: Cancelling event due to no window focus: KeyEvent { action=ACTION_UP, keyCode=KEYCODE_DPAD_CENTER, scanCode=0, metaState=0, flags=0x28, repeatCount=0, eventTime=16742402, downTime=16742402, deviceId=-1, source=0x101 }
09-19 16:04:55.738  6989  6989 W ViewRootImpl[PartyChatActivity]: Cancelling event due to no window focus: KeyEvent { action=ACTION_UP, keyCode=KEYCODE_DPAD_CENTER, scanCode=0, metaState=0, flags=0x28, repeatCount=0, eventTime=16742402, downTime=16742402, deviceId=-1, source=0x101 }
09-19 16:05:09.575  1302  5333 I chatty  : uid=1000(system) Binder:1302_11 expire 2 lines
09-19 16:05:23.886  1698  1698 I chatty  : uid=1000(system) com.android.coreservice expire 60 lines
09-19 16:05:37.199  1302  5330 I chatty  : uid=1000(system) Binder:1302_E expire 2 lines
09-19 16:05:59.738  6989  6989 W ViewRootImpl[UserDetailActivity]: Cancelling event due to no window focus: KeyEvent { action=ACTION_UP, keyCode=KEYCODE_DPAD_UP, scanCode=0, metaState=0, flags=0x28, repeatCount=0, eventTime=16806430, downTime=16806430, deviceId=-1, source=0x101 }
09-19 16:05:59.738  6989  6989 W ViewRootImpl[UserDetailActivity]: Cancelling event due to no window focus: KeyEvent { action=ACTION_UP, keyCode=KEYCODE_DPAD_UP, scanCode=0, metaState=0, flags=0x28, repeatCount=0, eventTime=16806430, downTime=16806430, deviceId=-1, source=0x101 }
09-19 16:05:59.738  6989  6989 W ViewRootImpl[UserDetailActivity]: Cancelling event due to no window focus: KeyEvent { action=ACTION_UP, keyCode=KEYCODE_DPAD_UP, scanCode=0, metaState=0, flags=0x28, repeatCount=0, eventTime=16806430, downTime=16806430, deviceId=-1, source=0x101 }
09-19 16:05:59.739  6989  6989 W ViewRootImpl[UserDetailActivity]: Cancelling event due to no window focus: KeyEvent { action=ACTION_UP, keyCode=KEYCODE_DPAD_UP, scanCode=0, metaState=0, flags=0x28, repeatCount=0, eventTime=16806430, downTime=16806430, deviceId=-1, source=0x101 }
09-19 16:05:59.739  6989  6989 W ViewRootImpl[UserDetailActivity]: Cancelling event due to no window focus: KeyEvent { action=ACTION_UP, keyCode=KEYCODE_DPAD_UP, scanCode=0, metaState=0, flags=0x28, repeatCount=0, eventTime=16806430, downTime=16806430, deviceId=-1, source=0x101 }
09-19 16:05:59.739  6989  6989 W ViewRootImpl[UserDetailActivity]: Cancelling event due to no window focus: KeyEvent { action=ACTION_UP, keyCode=KEYCODE_DPAD_UP, scanCode=0, metaState=0, flags=0x28, repeatCount=0, eventTime=16806430, downTime=16806430, deviceId=-1, source=0x101 }
09-19 16:05:59.739  6989  6989 W ViewRootImpl[UserDetailActivity]: Cancelling event due to no window focus: KeyEvent { action=ACTION_UP, keyCode=KEYCODE_DPAD_UP, scanCode=0, metaState=0, flags=0x28, repeatCount=0, eventTime=16806430, downTime=16806430, deviceId=-1, source=0x101 }
09-19 16:05:59.740  6989  6989 W ViewRootImpl[UserDetailActivity]: Cancelling event due to no window focus: KeyEvent { action=ACTION_UP, keyCode=KEYCODE_DPAD_UP, scanCode=0, metaState=0, flags=0x28, repeatCount=0, eventTime=16806430, downTime=16806430, deviceId=-1, source=0x101 }
09-19 16:05:59.740  6989  6989 W ViewRootImpl[UserDetailActivity]: Cancelling event due to no window focus: KeyEvent { action=ACTION_UP, keyCode=KEYCODE_DPAD_UP, scanCode=0, metaState=0, flags=0x28, repeatCount=0, eventTime=16806430, downTime=16806430, deviceId=-1, source=0x101 }
09-19 16:06:07.231  1302  1617 I chatty  : uid=1000(system) Binder:1302_4 expire 3 lines
09-19 16:06:08.505  6989  6989 W ViewRootImpl[PartyChatActivity]: Dropping event due to no window focus: KeyEvent { action=ACTION_DOWN, keyCode=KEYCODE_DPAD_UP, scanCode=0, metaState=0, flags=0x8, repeatCount=0, eventTime=16815200, downTime=16815200, deviceId=-1, source=0x101 }
09-19 16:06:08.506  6989  6989 W ViewRootImpl[PartyChatActivity]: Cancelling event due to no window focus: KeyEvent { action=ACTION_UP, keyCode=KEYCODE_DPAD_UP, scanCode=0, metaState=0, flags=0x28, repeatCount=0, eventTime=16815201, downTime=16815201, deviceId=-1, source=0x101 }
09-19 16:06:08.506  6989  6989 W ViewRootImpl[PartyChatActivity]: Cancelling event due to no window focus: KeyEvent { action=ACTION_UP, keyCode=KEYCODE_DPAD_UP, scanCode=0, metaState=0, flags=0x28, repeatCount=0, eventTime=16815201, downTime=16815201, deviceId=-1, source=0x101 }
09-19 16:06:08.506  6989  6989 W ViewRootImpl[PartyChatActivity]: Cancelling event due to no window focus: KeyEvent { action=ACTION_UP, keyCode=KEYCODE_DPAD_UP, scanCode=0, metaState=0, flags=0x28, repeatCount=0, eventTime=16815201, downTime=16815201, deviceId=-1, source=0x101 }
09-19 16:06:08.506  6989  6989 W ViewRootImpl[PartyChatActivity]: Cancelling event due to no window focus: KeyEvent { action=ACTION_UP, keyCode=KEYCODE_DPAD_UP, scanCode=0, metaState=0, flags=0x28, repeatCount=0, eventTime=16815201, downTime=16815201, deviceId=-1, source=0x101 }
09-19 16:06:08.506  6989  6989 W ViewRootImpl[PartyChatActivity]: Cancelling event due to no window focus: KeyEvent { action=ACTION_UP, keyCode=KEYCODE_DPAD_UP, scanCode=0, metaState=0, flags=0x28, repeatCount=0, eventTime=16815201, downTime=16815201, deviceId=-1, source=0x101 }
09-19 16:06:08.506  6989  6989 W ViewRootImpl[PartyChatActivity]: Cancelling event due to no window focus: KeyEvent { action=ACTION_UP, keyCode=KEYCODE_DPAD_UP, scanCode=0, metaState=0, flags=0x28, repeatCount=0, eventTime=16815201, downTime=16815201, deviceId=-1, source=0x101 }
09-19 16:06:08.506  6989  6989 W ViewRootImpl[PartyChatActivity]: Cancelling event due to no window focus: KeyEvent { action=ACTION_UP, keyCode=KEYCODE_DPAD_UP, scanCode=0, metaState=0, flags=0x28, repeatCount=0, eventTime=16815201, downTime=16815201, deviceId=-1, source=0x101 }
09-19 16:06:08.506  6989  6989 W ViewRootImpl[PartyChatActivity]: Cancelling event due to no window focus: KeyEvent { action=ACTION_UP, keyCode=KEYCODE_DPAD_UP, scanCode=0, metaState=0, flags=0x28, repeatCount=0, eventTime=16815201, downTime=16815201, deviceId=-1, source=0x101 }
09-19 16:06:08.506  6989  6989 W ViewRootImpl[PartyChatActivity]: Cancelling event due to no window focus: KeyEvent { action=ACTION_UP, keyCode=KEYCODE_DPAD_UP, scanCode=0, metaState=0, flags=0x28, repeatCount=0, eventTime=16815201, downTime=16815201, deviceId=-1, source=0x101 }
09-19 16:06:18.018  1302  1316 I chatty  : uid=1000(system) ActivityManager expire 5 lines
09-19 16:06:18.191  1698  1698 I chatty  : uid=1000(system) com.android.coreservice expire 17 lines
09-19 16:06:28.571  6989  6989 W ViewRootImpl[PartyChatActivity]: Dropping event due to no window focus: KeyEvent { action=ACTION_DOWN, keyCode=KEYCODE_MENU, scanCode=0, metaState=0, flags=0x8, repeatCount=0, eventTime=16835204, downTime=16835204, deviceId=-1, source=0x101 }
09-19 16:06:28.572  6989  6989 W ViewRootImpl[PartyChatActivity]: Cancelling event due to no window focus: KeyEvent { action=ACTION_UP, keyCode=KEYCODE_MENU, scanCode=0, metaState=0, flags=0x28, repeatCount=0, eventTime=16835206, downTime=16835206, deviceId=-1, source=0x101 }
09-19 16:06:28.572  6989  6989 W ViewRootImpl[PartyChatActivity]: Cancelling event due to no window focus: KeyEvent { action=ACTION_UP, keyCode=KEYCODE_MENU, scanCode=0, metaState=0, flags=0x28, repeatCount=0, eventTime=16835206, downTime=16835206, deviceId=-1, source=0x101 }
09-19 16:06:28.572  6989  6989 W ViewRootImpl[PartyChatActivity]: Cancelling event due to no window focus: KeyEvent { action=ACTION_UP, keyCode=KEYCODE_MENU, scanCode=0, metaState=0, flags=0x28, repeatCount=0, eventTime=16835206, downTime=16835206, deviceId=-1, source=0x101 }
09-19 16:06:28.572  6989  6989 W ViewRootImpl[PartyChatActivity]: Cancelling event due to no window focus: KeyEvent { action=ACTION_UP, keyCode=KEYCODE_MENU, scanCode=0, metaState=0, flags=0x28, repeatCount=0, eventTime=16835206, downTime=16835206, deviceId=-1, source=0x101 }
09-19 16:06:28.572  6989  6989 W ViewRootImpl[PartyChatActivity]: Cancelling event due to no window focus: KeyEvent { action=ACTION_UP, keyCode=KEYCODE_MENU, scanCode=0, metaState=0, flags=0x28, repeatCount=0, eventTime=16835206, downTime=16835206, deviceId=-1, source=0x101 }
09-19 16:06:28.572  6989  6989 W ViewRootImpl[PartyChatActivity]: Cancelling event due to no window focus: KeyEvent { action=ACTION_UP, keyCode=KEYCODE_MENU, scanCode=0, metaState=0, flags=0x28, repeatCount=0, eventTime=16835206, downTime=16835206, deviceId=-1, source=0x101 }
09-19 16:06:28.577  1698  1698 I chatty  : uid=1000(system) com.android.coreservice expire 88 lines
09-19 16:07:02.397  6989  6989 W ViewRootImpl[DetailsActivity]: Dropping event due to no window focus: KeyEvent { action=ACTION_DOWN, keyCode=KEYCODE_DPAD_DOWN, scanCode=0, metaState=0, flags=0x400, repeatCount=0, eventTime=16869118, downTime=16869118, deviceId=-1, source=0x101 }
09-19 16:07:02.397  6989  6989 W ViewRootImpl[DetailsActivity]: Cancelling event due to no window focus: KeyEvent { action=ACTION_UP, keyCode=KEYCODE_DPAD_DOWN, scanCode=0, metaState=0, flags=0x420, repeatCount=0, eventTime=16869118, downTime=16869118, deviceId=-1, source=0x101 }
09-19 16:07:02.397  6989  6989 W ViewRootImpl[DetailsActivity]: Cancelling event due to no window focus: KeyEvent { action=ACTION_UP, keyCode=KEYCODE_DPAD_DOWN, scanCode=0, metaState=0, flags=0x420, repeatCount=0, eventTime=16869118, downTime=16869118, deviceId=-1, source=0x101 }
09-19 16:07:02.397  6989  6989 W ViewRootImpl[DetailsActivity]: Cancelling event due to no window focus: KeyEvent { action=ACTION_UP, keyCode=KEYCODE_DPAD_DOWN, scanCode=0, metaState=0, flags=0x420, repeatCount=0, eventTime=16869118, downTime=16869118, deviceId=-1, source=0x101 }
09-19 16:07:02.398  6989  6989 W ViewRootImpl[DetailsActivity]: Dropping event due to no window focus: KeyEvent { action=ACTION_DOWN, keyCode=KEYCODE_DPAD_DOWN, scanCode=0, metaState=0, flags=0x400, repeatCount=0, eventTime=16869118, downTime=16869118, deviceId=-1, source=0x101 }
09-19 16:07:02.398  6989  6989 W ViewRootImpl[DetailsActivity]: Cancelling event due to no window focus: KeyEvent { action=ACTION_UP, keyCode=KEYCODE_DPAD_DOWN, scanCode=0, metaState=0, flags=0x420, repeatCount=0, eventTime=16869118, downTime=16869118, deviceId=-1, source=0x101 }
09-19 16:07:02.398  6989  6989 W ViewRootImpl[DetailsActivity]: Cancelling event due to no window focus: KeyEvent { action=ACTION_UP, keyCode=KEYCODE_DPAD_DOWN, scanCode=0, metaState=0, flags=0x420, repeatCount=0, eventTime=16869118, downTime=16869118, deviceId=-1, source=0x101 }
09-19 16:07:02.398  6989  6989 W ViewRootImpl[DetailsActivity]: Cancelling event due to no window focus: KeyEvent { action=ACTION_UP, keyCode=KEYCODE_DPAD_DOWN, scanCode=0, metaState=0, flags=0x420, repeatCount=0, eventTime=16869118, downTime=16869118, deviceId=-1, source=0x101 }
09-19 16:07:02.398  6989  6989 W ViewRootImpl[DetailsActivity]: Cancelling event due to no window focus: KeyEvent { action=ACTION_UP, keyCode=KEYCODE_DPAD_DOWN, scanCode=0, metaState=0, flags=0x420, repeatCount=0, eventTime=16869118, downTime=16869118, deviceId=-1, source=0x101 }
09-19 16:07:02.398  6989  6989 W ViewRootImpl[DetailsActivity]: Cancelling event due to no window focus: KeyEvent { action=ACTION_UP, keyCode=KEYCODE_DPAD_DOWN, scanCode=0, metaState=0, flags=0x420, repeatCount=0, eventTime=16869118, downTime=16869118, deviceId=-1, source=0x101 }
09-19 16:07:02.398  6989  6989 W ViewRootImpl[DetailsActivity]: Cancelling event due to no window focus: KeyEvent { action=ACTION_UP, keyCode=KEYCODE_DPAD_DOWN, scanCode=0, metaState=0, flags=0x420, repeatCount=0, eventTime=16869118, downTime=16869118, deviceId=-1, source=0x101 }
09-19 16:07:02.398  6989  6989 W ViewRootImpl[DetailsActivity]: Cancelling event due to no window focus: KeyEvent { action=ACTION_UP, keyCode=KEYCODE_DPAD_DOWN, scanCode=0, metaState=0, flags=0x420, repeatCount=0, eventTime=16869118, downTime=16869118, deviceId=-1, source=0x101 }
09-19 16:07:02.398  6989  6989 W ViewRootImpl[DetailsActivity]: Cancelling event due to no window focus: KeyEvent { action=ACTION_UP, keyCode=KEYCODE_DPAD_DOWN, scanCode=0, metaState=0, flags=0x420, repeatCount=0, eventTime=16869118, downTime=16869118, deviceId=-1, source=0x101 }
09-19 16:07:02.398  6989  6989 W ViewRootImpl[DetailsActivity]: Cancelling event due to no window focus: KeyEvent { action=ACTION_UP, keyCode=KEYCODE_DPAD_DOWN, scanCode=0, metaState=0, flags=0x420, repeatCount=0, eventTime=16869118, downTime=16869118, deviceId=-1, source=0x101 }
09-19 16:07:02.398  6989  6989 W ViewRootImpl[DetailsActivity]: Cancelling event due to no window focus: KeyEvent { action=ACTION_UP, keyCode=KEYCODE_DPAD_DOWN, scanCode=0, metaState=0, flags=0x420, repeatCount=0, eventTime=16869118, downTime=16869118, deviceId=-1, source=0x101 }
09-19 16:07:02.398  6989  6989 W ViewRootImpl[DetailsActivity]: Cancelling event due to no window focus: KeyEvent { action=ACTION_UP, keyCode=KEYCODE_DPAD_DOWN, scanCode=0, metaState=0, flags=0x420, repeatCount=0, eventTime=16869118, downTime=16869118, deviceId=-1, source=0x101 }
09-19 16:07:02.398  6989  6989 W ViewRootImpl[DetailsActivity]: Cancelling event due to no window focus: KeyEvent { action=ACTION_UP, keyCode=KEYCODE_DPAD_DOWN, scanCode=0, metaState=0, flags=0x420, repeatCount=0, eventTime=16869118, downTime=16869118, deviceId=-1, source=0x101 }
09-19 16:07:02.398  6989  6989 W ViewRootImpl[DetailsActivity]: Cancelling event due to no window focus: KeyEvent { action=ACTION_UP, keyCode=KEYCODE_DPAD_DOWN, scanCode=0, metaState=0, flags=0x420, repeatCount=0, eventTime=16869118, downTime=16869118, deviceId=-1, source=0x101 }
09-19 16:07:02.398  6989  6989 W ViewRootImpl[DetailsActivity]: Cancelling event due to no window focus: KeyEvent { action=ACTION_UP, keyCode=KEYCODE_DPAD_DOWN, scanCode=0, metaState=0, flags=0x420, repeatCount=0, eventTime=16869118, downTime=16869118, deviceId=-1, source=0x101 }
09-19 16:07:02.398  6989  6989 W ViewRootImpl[DetailsActivity]: Cancelling event due to no window focus: KeyEvent { action=ACTION_UP, keyCode=KEYCODE_DPAD_DOWN, scanCode=0, metaState=0, flags=0x420, repeatCount=0, eventTime=16869118, downTime=16869118, deviceId=-1, source=0x101 }
09-19 16:07:03.504  6989  6989 W ViewRootImpl[PartyChatActivity]: Dropping event due to no window focus: KeyEvent { action=ACTION_DOWN, keyCode=KEYCODE_DPAD_DOWN, scanCode=0, metaState=0, flags=0x8, repeatCount=0, eventTime=16870067, downTime=16870067, deviceId=-1, source=0x101 }
09-19 16:07:03.504  6989  6989 W ViewRootImpl[PartyChatActivity]: Cancelling event due to no window focus: KeyEvent { action=ACTION_UP, keyCode=KEYCODE_DPAD_DOWN, scanCode=0, metaState=0, flags=0x28, repeatCount=0, eventTime=16870069, downTime=16870069, deviceId=-1, source=0x101 }
09-19 16:07:03.504  6989  6989 W ViewRootImpl[PartyChatActivity]: Cancelling event due to no window focus: KeyEvent { action=ACTION_UP, keyCode=KEYCODE_DPAD_DOWN, scanCode=0, metaState=0, flags=0x28, repeatCount=0, eventTime=16870069, downTime=16870069, deviceId=-1, source=0x101 }
09-19 16:07:03.504  6989  6989 W ViewRootImpl[PartyChatActivity]: Cancelling event due to no window focus: KeyEvent { action=ACTION_UP, keyCode=KEYCODE_DPAD_DOWN, scanCode=0, metaState=0, flags=0x28, repeatCount=0, eventTime=16870069, downTime=16870069, deviceId=-1, source=0x101 }
09-19 16:07:03.505  6989  6989 W ViewRootImpl[PartyChatActivity]: Cancelling event due to no window focus: KeyEvent { action=ACTION_UP, keyCode=KEYCODE_DPAD_DOWN, scanCode=0, metaState=0, flags=0x28, repeatCount=0, eventTime=16870069, downTime=16870069, deviceId=-1, source=0x101 }
09-19 16:07:03.505  6989  6989 W ViewRootImpl[PartyChatActivity]: Cancelling event due to no window focus: KeyEvent { action=ACTION_UP, keyCode=KEYCODE_DPAD_DOWN, scanCode=0, metaState=0, flags=0x28, repeatCount=0, eventTime=16870069, downTime=16870069, deviceId=-1, source=0x101 }
09-19 16:07:03.505  6989  6989 W ViewRootImpl[PartyChatActivity]: Cancelling event due to no window focus: KeyEvent { action=ACTION_UP, keyCode=KEYCODE_DPAD_DOWN, scanCode=0, metaState=0, flags=0x28, repeatCount=0, eventTime=16870069, downTime=16870069, deviceId=-1, source=0x101 }
09-19 16:07:03.505  6989  6989 W ViewRootImpl[PartyChatActivity]: Cancelling event due to no window focus: KeyEvent { action=ACTION_UP, keyCode=KEYCODE_DPAD_DOWN, scanCode=0, metaState=0, flags=0x28, repeatCount=0, eventTime=16870069, downTime=16870069, deviceId=-1, source=0x101 }
09-19 16:07:03.505  6989  6989 W ViewRootImpl[PartyChatActivity]: Cancelling event due to no window focus: KeyEvent { action=ACTION_UP, keyCode=KEYCODE_DPAD_DOWN, scanCode=0, metaState=0, flags=0x28, repeatCount=0, eventTime=16870069, downTime=16870069, deviceId=-1, source=0x101 }
09-19 16:07:03.505  6989  6989 W ViewRootImpl[PartyChatActivity]: Cancelling event due to no window focus: KeyEvent { action=ACTION_UP, keyCode=KEYCODE_DPAD_DOWN, scanCode=0, metaState=0, flags=0x28, repeatCount=0, eventTime=16870069, downTime=16870069, deviceId=-1, source=0x101 }
09-19 16:07:15.268  1302  1313 I chatty  : uid=1000(system) Binder:1302_1 expire 2 lines
09-19 16:07:16.406  1698  1698 I chatty  : uid=1000(system) com.android.coreservice expire 70 lines
09-19 16:07:21.381  1302  3015 I chatty  : uid=1000(system) Binder:1302_7 expire 2 lines
09-19 16:07:52.153  6989  6989 W ViewRootImpl[PartyChatActivity]: Dropping event due to no window focus: KeyEvent { action=ACTION_DOWN, keyCode=KEYCODE_DPAD_DOWN, scanCode=0, metaState=0, flags=0x8, repeatCount=0, eventTime=16918814, downTime=16918814, deviceId=-1, source=0x101 }
09-19 16:07:52.154  6989  6989 W ViewRootImpl[PartyChatActivity]: Cancelling event due to no window focus: KeyEvent { action=ACTION_UP, keyCode=KEYCODE_DPAD_DOWN, scanCode=0, metaState=0, flags=0x28, repeatCount=0, eventTime=16918817, downTime=16918817, deviceId=-1, source=0x101 }
09-19 16:07:52.154  6989  6989 W ViewRootImpl[PartyChatActivity]: Cancelling event due to no window focus: KeyEvent { action=ACTION_UP, keyCode=KEYCODE_DPAD_DOWN, scanCode=0, metaState=0, flags=0x28, repeatCount=0, eventTime=16918817, downTime=16918817, deviceId=-1, source=0x101 }
09-19 16:07:52.154  6989  6989 W ViewRootImpl[PartyChatActivity]: Cancelling event due to no window focus: KeyEvent { action=ACTION_UP, keyCode=KEYCODE_DPAD_DOWN, scanCode=0, metaState=0, flags=0x28, repeatCount=0, eventTime=16918817, downTime=16918817, deviceId=-1, source=0x101 }
09-19 16:07:52.154  6989  6989 W ViewRootImpl[PartyChatActivity]: Cancelling event due to no window focus: KeyEvent { action=ACTION_UP, keyCode=KEYCODE_DPAD_DOWN, scanCode=0, metaState=0, flags=0x28, repeatCount=0, eventTime=16918817, downTime=16918817, deviceId=-1, source=0x101 }
09-19 16:07:52.154  6989  6989 W ViewRootImpl[PartyChatActivity]: Cancelling event due to no window focus: KeyEvent { action=ACTION_UP, keyCode=KEYCODE_DPAD_DOWN, scanCode=0, metaState=0, flags=0x28, repeatCount=0, eventTime=16918817, downTime=16918817, deviceId=-1, source=0x101 }
09-19 16:07:52.154  6989  6989 W ViewRootImpl[PartyChatActivity]: Cancelling event due to no window focus: KeyEvent { action=ACTION_UP, keyCode=KEYCODE_DPAD_DOWN, scanCode=0, metaState=0, flags=0x28, repeatCount=0, eventTime=16918817, downTime=16918817, deviceId=-1, source=0x101 }
09-19 16:07:52.154  6989  6989 W ViewRootImpl[PartyChatActivity]: Cancelling event due to no window focus: KeyEvent { action=ACTION_UP, keyCode=KEYCODE_DPAD_DOWN, scanCode=0, metaState=0, flags=0x28, repeatCount=0, eventTime=16918817, downTime=16918817, deviceId=-1, source=0x101 }
09-19 16:07:52.154  6989  6989 W ViewRootImpl[PartyChatActivity]: Cancelling event due to no window focus: KeyEvent { action=ACTION_UP, keyCode=KEYCODE_DPAD_DOWN, scanCode=0, metaState=0, flags=0x28, repeatCount=0, eventTime=16918817, downTime=16918817, deviceId=-1, source=0x101 }
09-19 16:07:52.154  6989  6989 W ViewRootImpl[PartyChatActivity]: Cancelling event due to no window focus: KeyEvent { action=ACTION_UP, keyCode=KEYCODE_DPAD_DOWN, scanCode=0, metaState=0, flags=0x28, repeatCount=0, eventTime=16918817, downTime=16918817, deviceId=-1, source=0x101 }
--------- beginning of main
09-19 16:07:55.239  2010  3719 W OpenGLRenderer: Failed to set EGL_SWAP_BEHAVIOR on surface 0xb8f746e0, error=EGL_BAD_MATCH
09-19 16:07:56.204  1302  1617 D NotificationService: notify pkg=android pid=1302
09-19 16:07:56.758  6989  6989 I chatty  : uid=10038(com.litatom.app) expire 17 lines
09-19 16:07:56.762  1302  1545 D NotificationService: notify pkg=android pid=1302
09-19 16:07:56.775  1302  1314 D NotificationService: notify pkg=android pid=1302
09-19 16:07:57.351  6989  7149 I chatty  : uid=10038(com.litatom.app) Binder:6989_3 expire 2 lines
09-19 16:07:58.795  1302  1644 D NotificationService: notify pkg=android pid=1302
09-19 16:08:00.813  1302  1545 D NotificationService: notify pkg=android pid=1302
09-19 16:08:01.389  1302  5331 D NotificationService: notify pkg=android pid=1302
09-19 16:08:01.424  1302  5333 D NotificationService: notify pkg=android pid=1302
09-19 16:08:01.494  6989  7001 I chatty  : uid=10038(com.litatom.app) Binder:6989_1 expire 4 lines
09-19 16:08:02.387  6989  7121 I chatty  : uid=10038(com.litatom.app) RenderThread expire 246 lines
09-19 16:08:04.937  1302  1617 D NotificationService: notify pkg=android pid=1302
09-19 16:08:05.439  1302  3018 D NotificationService: notify pkg=android pid=1302
09-19 16:08:05.608  6989  8831 I chatty  : uid=10038(com.litatom.app) Binder:6989_4 expire 2 lines
09-19 16:08:06.119  6989  6989 I chatty  : uid=10038(com.litatom.app) expire 2 lines
09-19 16:08:06.124  6989  7249 I chatty  : uid=10038(com.litatom.app) AgoraLogging expire 2 lines
09-19 16:08:06.478  6989  6989 W ViewRootImpl[PartyChatActivity]: Dropping event due to no window focus: KeyEvent { action=ACTION_DOWN, keyCode=KEYCODE_MENU, scanCode=0, metaState=0, flags=0x8, repeatCount=0, eventTime=16933172, downTime=16933172, deviceId=-1, source=0x101 }
09-19 16:08:06.482  6989  6989 W ViewRootImpl[PartyChatActivity]: Cancelling event due to no window focus: KeyEvent { action=ACTION_UP, keyCode=KEYCODE_MENU, scanCode=0, metaState=0, flags=0x28, repeatCount=0, eventTime=16933173, downTime=16933173, deviceId=-1, source=0x101 }
